\BOOKMARK [1][-]{section.0.1}{\376\377\000D\000a\000t\000a\000\040\000S\000c\000i\000e\000n\000c\000e\000\040\000D\000e\000s\000i\000g\000n}{}% 1
\BOOKMARK [1][-]{section.0.2}{\376\377\000S\000t\000e\000v\000e\000n\000\040\000S\000.\000\040\000S\000l\000a\000i\000e\000n\000a}{}% 2
\BOOKMARK [1][-]{section.0.3}{\376\377\000T\000h\000e\000\040\000D\000a\000t\000a\000\040\000S\000c\000i\000e\000n\000c\000e\000\040\000D\000e\000s\000i\000g\000n\000\040\000M\000a\000n\000u\000a\000l}{}% 3
\BOOKMARK [0][-]{chapter.1}{\376\377\000P\000r\000e\000f\000a\000c\000e}{}% 4
\BOOKMARK [1][-]{section.1.1}{\376\377\000T\000o\000\040\000t\000h\000e\000\040\000R\000e\000a\000d\000e\000r}{chapter.1}% 5
\BOOKMARK [1][-]{section.1.2}{\376\377\000T\000o\000\040\000t\000h\000e\000\040\000I\000n\000s\000t\000r\000u\000c\000t\000o\000r}{chapter.1}% 6
\BOOKMARK [1][-]{section.1.3}{\376\377\000D\000e\000d\000i\000c\000a\000t\000i\000o\000n}{chapter.1}% 7
\BOOKMARK [1][-]{section.1.4}{\376\377\000A\000c\000k\000n\000o\000w\000l\000e\000d\000g\000m\000e\000n\000t\000s}{chapter.1}% 8
\BOOKMARK [1][-]{section.1.5}{\376\377\000C\000a\000v\000e\000a\000t}{chapter.1}% 9
\BOOKMARK [0][-]{chapter.2}{\376\377\000C\000o\000n\000t\000e\000n\000t\000s}{}% 10
\BOOKMARK [0][-]{chapter.3}{\376\377\000W\000h\000a\000t\000\040\000i\000s\000\040\000D\000a\000t\000a\000\040\000S\000c\000i\000e\000n\000c\000e\000?}{}% 11
\BOOKMARK [1][-]{subsection.3.0.1}{\376\377\000C\000o\000m\000p\000u\000t\000e\000r\000\040\000S\000c\000i\000e\000n\000c\000e\000,\000\040\000D\000a\000t\000a\000\040\000S\000c\000i\000e\000n\000c\000e\000,\000\040\000a\000n\000d\000\040\000R\000e\000a\000l\000\040\000S\000c\000i\000e\000n\000c\000e}{chapter.3}% 12
\BOOKMARK [1][-]{section.3.1}{\376\377\000A\000s\000k\000i\000n\000g\000\040\000I\000n\000t\000e\000r\000e\000s\000t\000i\000n\000g\000\040\000Q\000u\000e\000s\000t\000i\000o\000n\000s\000\040\000f\000r\000o\000m\000\040\000D\000a\000t\000a}{chapter.3}% 13
\BOOKMARK [2][-]{subsection.3.1.1}{\376\377\000T\000h\000e\000\040\000B\000a\000s\000e\000b\000a\000l\000l\000\040\000E\000n\000c\000y\000c\000l\000o\000p\000e\000d\000i\000a}{section.3.1}% 14
\BOOKMARK [2][-]{subsection.3.1.2}{\376\377\000T\000h\000e\000\040\000I\000n\000t\000e\000r\000n\000e\000t\000\040\000M\000o\000v\000i\000e\000\040\000D\000a\000t\000a\000b\000a\000s\000e\000\040\000\050\000I\000M\000D\000b\000\051}{section.3.1}% 15
\BOOKMARK [2][-]{subsection.3.1.3}{\376\377\000G\000o\000o\000g\000l\000e\000\040\000N\000g\000r\000a\000m\000s}{section.3.1}% 16
\BOOKMARK [2][-]{subsection.3.1.4}{\376\377\000N\000e\000w\000\040\000Y\000o\000r\000k\000\040\000T\000a\000x\000i\000\040\000R\000e\000c\000o\000r\000d\000s}{section.3.1}% 17
\BOOKMARK [1][-]{section.3.2}{\376\377\000P\000r\000o\000p\000e\000r\000t\000i\000e\000s\000\040\000o\000f\000\040\000D\000a\000t\000a}{chapter.3}% 18
\BOOKMARK [2][-]{subsection.3.2.1}{\376\377\000S\000t\000r\000u\000c\000t\000u\000r\000e\000d\000\040\000v\000s\000.\000\040\000U\000n\000s\000t\000r\000u\000c\000t\000u\000r\000e\000d\000\040\000D\000a\000t\000a}{section.3.2}% 19
\BOOKMARK [2][-]{subsection.3.2.2}{\376\377\000Q\000u\000a\000n\000t\000i\000t\000a\000t\000i\000v\000e\000\040\000v\000s\000.\000\040\000C\000a\000t\000e\000g\000o\000r\000i\000c\000a\000l\000\040\000D\000a\000t\000a}{section.3.2}% 20
\BOOKMARK [2][-]{subsection.3.2.3}{\376\377\000B\000i\000g\000\040\000D\000a\000t\000a\000\040\000v\000s\000.\000\040\000L\000i\000t\000t\000l\000e\000\040\000D\000a\000t\000a}{section.3.2}% 21
\BOOKMARK [2][-]{subsection.3.2.4}{\376\377\000C\000l\000a\000s\000s\000i\000f\000i\000c\000a\000t\000i\000o\000n\000\040\000a\000n\000d\000\040\000R\000e\000g\000r\000e\000s\000s\000i\000o\000n}{section.3.2}% 22
\BOOKMARK [1][-]{section.3.3}{\376\377\000D\000a\000t\000a\000\040\000S\000c\000i\000e\000n\000c\000e\000\040\000T\000e\000l\000e\000v\000i\000s\000i\000o\000n\000:\000\040\000T\000h\000e\000\040\000Q\000u\000a\000n\000t\000\040\000S\000h\000o\000p}{chapter.3}% 23
\BOOKMARK [2][-]{subsection.3.3.1}{\376\377\000K\000a\000g\000g\000l\000e\000\040\000C\000h\000a\000l\000l\000e\000n\000g\000e\000s}{section.3.3}% 24
\BOOKMARK [1][-]{section.3.4}{\376\377\000A\000b\000o\000u\000t\000\040\000t\000h\000e\000\040\000W\000a\000r\000\040\000S\000t\000o\000r\000i\000e\000s}{chapter.3}% 25
\BOOKMARK [1][-]{section.3.5}{\376\377\000W\000a\000r\000\040\000S\000t\000o\000r\000y\000:\000\040\000A\000n\000s\000w\000e\000r\000i\000n\000g\000\040\000t\000h\000e\000\040\000R\000i\000g\000h\000t\000\040\000Q\000u\000e\000s\000t\000i\000o\000n}{chapter.3}% 26
\BOOKMARK [1][-]{section.3.6}{\376\377\000C\000h\000a\000p\000t\000e\000r\000\040\000N\000o\000t\000e\000s}{chapter.3}% 27
\BOOKMARK [1][-]{section.3.7}{\376\377\000I\000d\000e\000n\000t\000i\000f\000y\000i\000n\000g\000\040\000D\000a\000t\000a\000\040\000S\000e\000t\000s}{chapter.3}% 28
\BOOKMARK [1][-]{section.3.8}{\376\377\000A\000s\000k\000i\000n\000g\000\040\000Q\000u\000e\000s\000t\000i\000o\000n\000s}{chapter.3}% 29
\BOOKMARK [1][-]{section.3.9}{\376\377\000I\000m\000p\000l\000e\000m\000e\000n\000t\000a\000t\000i\000o\000n\000\040\000P\000r\000o\000j\000e\000c\000t\000s}{chapter.3}% 30
\BOOKMARK [1][-]{section.3.10}{\376\377\000I\000n\000t\000e\000r\000v\000i\000e\000w\000\040\000Q\000u\000e\000s\000t\000i\000o\000n\000s}{chapter.3}% 31
\BOOKMARK [0][-]{chapter.4}{\376\377\000M\000a\000t\000h\000e\000m\000a\000t\000i\000c\000a\000l\000\040\000P\000r\000e\000l\000i\000m\000i\000n\000a\000r\000i\000e\000s}{}% 32
\BOOKMARK [1][-]{section.4.1}{\376\377\000P\000r\000o\000b\000a\000b\000i\000l\000i\000t\000y}{chapter.4}% 33
\BOOKMARK [2][-]{subsection.4.1.1}{\376\377\000P\000r\000o\000b\000a\000b\000i\000l\000i\000t\000y\000\040\000v\000s\000.\000\040\000S\000t\000a\000t\000i\000s\000t\000i\000c\000s}{section.4.1}% 34
\BOOKMARK [2][-]{subsection.4.1.2}{\376\377\000C\000o\000m\000p\000o\000u\000n\000d\000\040\000E\000v\000e\000n\000t\000s\000\040\000a\000n\000d\000\040\000I\000n\000d\000e\000p\000e\000n\000d\000e\000n\000c\000e}{section.4.1}% 35
\BOOKMARK [2][-]{subsection.4.1.3}{\376\377\000C\000o\000n\000d\000i\000t\000i\000o\000n\000a\000l\000\040\000P\000r\000o\000b\000a\000b\000i\000l\000i\000t\000y}{section.4.1}% 36
\BOOKMARK [2][-]{subsection.4.1.4}{\376\377\000P\000r\000o\000b\000a\000b\000i\000l\000i\000t\000y\000\040\000D\000i\000s\000t\000r\000i\000b\000u\000t\000i\000o\000n\000s}{section.4.1}% 37
\BOOKMARK [1][-]{section.4.2}{\376\377\000D\000e\000s\000c\000r\000i\000p\000t\000i\000v\000e\000\040\000S\000t\000a\000t\000i\000s\000t\000i\000c\000s}{chapter.4}% 38
\BOOKMARK [2][-]{subsection.4.2.1}{\376\377\000C\000e\000n\000t\000r\000a\000l\000i\000t\000y\000\040\000M\000e\000a\000s\000u\000r\000e\000s}{section.4.2}% 39
\BOOKMARK [2][-]{subsection.4.2.2}{\376\377\000V\000a\000r\000i\000a\000b\000i\000l\000i\000t\000y\000\040\000M\000e\000a\000s\000u\000r\000e\000s}{section.4.2}% 40
\BOOKMARK [2][-]{subsection.4.2.3}{\376\377\000I\000n\000t\000e\000r\000p\000r\000e\000t\000i\000n\000g\000\040\000V\000a\000r\000i\000a\000n\000c\000e}{section.4.2}% 41
\BOOKMARK [2][-]{subsection.4.2.4}{\376\377\000C\000h\000a\000r\000a\000c\000t\000e\000r\000i\000z\000i\000n\000g\000\040\000D\000i\000s\000t\000r\000i\000b\000u\000t\000i\000o\000n\000s}{section.4.2}% 42
\BOOKMARK [1][-]{section.4.3}{\376\377\000C\000o\000r\000r\000e\000l\000a\000t\000i\000o\000n\000\040\000A\000n\000a\000l\000y\000s\000i\000s}{chapter.4}% 43
\BOOKMARK [2][-]{subsection.4.3.1}{\376\377\000C\000o\000r\000r\000e\000l\000a\000t\000i\000o\000n\000\040\000C\000o\000e\000f\000f\000i\000c\000i\000e\000n\000t\000s\000:\000\040\000P\000e\000a\000r\000s\000o\000n\000\040\000a\000n\000d\000\040\000S\000p\000e\000a\000r\000m\000a\000n\000\040\000R\000a\000n\000k}{section.4.3}% 44
\BOOKMARK [1][-]{section.4.4}{\376\377\000T\000h\000e\000\040\000P\000e\000a\000r\000s\000o\000n\000\040\000C\000o\000r\000r\000e\000l\000a\000t\000i\000o\000n\000\040\000C\000o\000e\000f\000f\000i\000c\000i\000e\000n\000t}{chapter.4}% 45
\BOOKMARK [1][-]{section.4.5}{\376\377\000T\000h\000e\000\040\000S\000p\000e\000a\000r\000m\000a\000n\000\040\000R\000a\000n\000k\000\040\000C\000o\000r\000r\000e\000l\000a\000t\000i\000o\000n\000\040\000C\000o\000e\000f\000f\000i\000c\000i\000e\000n\000t}{chapter.4}% 46
\BOOKMARK [2][-]{subsection.4.5.1}{\376\377\000T\000h\000e\000\040\000P\000o\000w\000e\000r\000\040\000a\000n\000d\000\040\000S\000i\000g\000n\000i\000f\000i\000c\000a\000n\000c\000e\000\040\000o\000f\000\040\000C\000o\000r\000r\000e\000l\000a\000t\000i\000o\000n}{section.4.5}% 47
\BOOKMARK [2][-]{subsection.4.5.2}{\376\377\000C\000o\000r\000r\000e\000l\000a\000t\000i\000o\000n\000\040\000D\000o\000e\000s\000\040\000N\000o\000t\000\040\000I\000m\000p\000l\000y\000\040\000C\000a\000u\000s\000a\000t\000i\000o\000n\000!}{section.4.5}% 48
\BOOKMARK [2][-]{subsection.4.5.3}{\376\377\000D\000e\000t\000e\000c\000t\000i\000n\000g\000\040\000P\000e\000r\000i\000o\000d\000i\000c\000i\000t\000i\000e\000s\000\040\000b\000y\000\040\000A\000u\000t\000o\000c\000o\000r\000r\000e\000l\000a\000t\000i\000o\000n}{section.4.5}% 49
\BOOKMARK [1][-]{section.4.6}{\376\377\000L\000o\000g\000a\000r\000i\000t\000h\000m\000s}{chapter.4}% 50
\BOOKMARK [2][-]{subsection.4.6.1}{\376\377\000L\000o\000g\000a\000r\000i\000t\000h\000m\000s\000\040\000a\000n\000d\000\040\000M\000u\000l\000t\000i\000p\000l\000y\000i\000n\000g\000\040\000P\000r\000o\000b\000a\000b\000i\000l\000i\000t\000i\000e\000s}{section.4.6}% 51
\BOOKMARK [2][-]{subsection.4.6.2}{\376\377\000L\000o\000g\000a\000r\000i\000t\000h\000m\000s\000\040\000a\000n\000d\000\040\000R\000a\000t\000i\000o\000s}{section.4.6}% 52
\BOOKMARK [2][-]{subsection.4.6.3}{\376\377\000L\000o\000g\000a\000r\000i\000t\000h\000m\000s\000\040\000a\000n\000d\000\040\000N\000o\000r\000m\000a\000l\000i\000z\000i\000n\000g\000\040\000S\000k\000e\000w\000e\000d\000\040\000D\000i\000s\000t\000r\000i\000b\000u\000t\000i\000o\000n\000s}{section.4.6}% 53
\BOOKMARK [1][-]{section.4.7}{\376\377\000W\000a\000r\000\040\000S\000t\000o\000r\000y\000:\000\040\000F\000i\000t\000t\000i\000n\000g\000\040\000D\000e\000s\000i\000g\000n\000e\000r\000\040\000G\000e\000n\000e\000s}{chapter.4}% 54
\BOOKMARK [1][-]{section.4.8}{\376\377\000C\000h\000a\000p\000t\000e\000r\000\040\000N\000o\000t\000e\000s}{chapter.4}% 55
\BOOKMARK [1][-]{section.4.9}{\376\377\000S\000t\000a\000t\000i\000s\000t\000i\000c\000s}{chapter.4}% 56
\BOOKMARK [1][-]{section.4.10}{\376\377\000I\000m\000p\000l\000e\000m\000e\000n\000t\000a\000t\000i\000o\000n\000\040\000P\000r\000o\000j\000e\000c\000t\000s}{chapter.4}% 57
\BOOKMARK [1][-]{section.4.11}{\376\377\000I\000n\000t\000e\000r\000v\000i\000e\000w\000\040\000Q\000u\000e\000s\000t\000i\000o\000n\000s}{chapter.4}% 58
\BOOKMARK [2][-]{subsection.4.11.1}{\376\377\000K\000a\000g\000g\000l\000e\000\040\000C\000h\000a\000l\000l\000e\000n\000g\000e\000s}{section.4.11}% 59
\BOOKMARK [0][-]{chapter.5}{\376\377\000D\000a\000t\000a\000\040\000M\000u\000n\000g\000i\000n\000g}{}% 60
\BOOKMARK [1][-]{section.5.1}{\376\377\000L\000a\000n\000g\000u\000a\000g\000e\000s\000\040\000f\000o\000r\000\040\000D\000a\000t\000a\000\040\000S\000c\000i\000e\000n\000c\000e}{chapter.5}% 61
\BOOKMARK [2][-]{subsection.5.1.1}{\376\377\000T\000h\000e\000\040\000I\000m\000p\000o\000r\000t\000a\000n\000c\000e\000\040\000o\000f\000\040\000N\000o\000t\000e\000b\000o\000o\000k\000\040\000E\000n\000v\000i\000r\000o\000n\000m\000e\000n\000t\000s}{section.5.1}% 62
\BOOKMARK [2][-]{subsection.5.1.2}{\376\377\000S\000t\000a\000n\000d\000a\000r\000d\000\040\000D\000a\000t\000a\000\040\000F\000o\000r\000m\000a\000t\000s}{section.5.1}% 63
\BOOKMARK [1][-]{section.5.2}{\376\377\000C\000o\000l\000l\000e\000c\000t\000i\000n\000g\000\040\000D\000a\000t\000a}{chapter.5}% 64
\BOOKMARK [2][-]{subsection.5.2.1}{\376\377\000H\000u\000n\000t\000i\000n\000g}{section.5.2}% 65
\BOOKMARK [1][-]{section.5.3}{\376\377\000C\000o\000m\000p\000a\000n\000i\000e\000s\000\040\000a\000n\000d\000\040\000P\000r\000o\000p\000r\000i\000e\000t\000a\000r\000y\000\040\000D\000a\000t\000a\000\040\000S\000o\000u\000r\000c\000e\000s}{chapter.5}% 66
\BOOKMARK [1][-]{section.5.4}{\376\377\000G\000o\000v\000e\000r\000n\000m\000e\000n\000t\000\040\000D\000a\000t\000a\000\040\000S\000o\000u\000r\000c\000e\000s}{chapter.5}% 67
\BOOKMARK [1][-]{section.5.5}{\376\377\000A\000c\000a\000d\000e\000m\000i\000c\000\040\000D\000a\000t\000a\000\040\000S\000e\000t\000s}{chapter.5}% 68
\BOOKMARK [1][-]{section.5.6}{\376\377\000S\000w\000e\000a\000t\000\040\000E\000q\000u\000i\000t\000y}{chapter.5}% 69
\BOOKMARK [2][-]{subsection.5.6.1}{\376\377\000S\000c\000r\000a\000p\000i\000n\000g}{section.5.6}% 70
\BOOKMARK [2][-]{subsection.5.6.2}{\376\377\000L\000o\000g\000g\000i\000n\000g}{section.5.6}% 71
\BOOKMARK [1][-]{section.5.7}{\376\377\000C\000l\000e\000a\000n\000i\000n\000g\000\040\000D\000a\000t\000a}{chapter.5}% 72
\BOOKMARK [2][-]{subsection.5.7.1}{\376\377\000E\000r\000r\000o\000r\000s\000\040\000v\000s\000.\000\040\000A\000r\000t\000i\000f\000a\000c\000t\000s}{section.5.7}% 73
\BOOKMARK [2][-]{subsection.5.7.2}{\376\377\000D\000a\000t\000a\000\040\000C\000o\000m\000p\000a\000t\000i\000b\000i\000l\000i\000t\000y}{section.5.7}% 74
\BOOKMARK [1][-]{section.5.8}{\376\377\000U\000n\000i\000t\000\040\000C\000o\000n\000v\000e\000r\000s\000i\000o\000n\000s}{chapter.5}% 75
\BOOKMARK [1][-]{section.5.9}{\376\377\000N\000u\000m\000e\000r\000i\000c\000a\000l\000\040\000R\000e\000p\000r\000e\000s\000e\000n\000t\000a\000t\000i\000o\000n\000\040\000C\000o\000n\000v\000e\000r\000s\000i\000o\000n\000s}{chapter.5}% 76
\BOOKMARK [1][-]{section.5.10}{\376\377\000N\000a\000m\000e\000\040\000U\000n\000i\000f\000i\000c\000a\000t\000i\000o\000n}{chapter.5}% 77
\BOOKMARK [1][-]{section.5.11}{\376\377\000T\000i\000m\000e\000/\000D\000a\000t\000e\000\040\000U\000n\000i\000f\000i\000c\000a\000t\000i\000o\000n}{chapter.5}% 78
\BOOKMARK [1][-]{section.5.12}{\376\377\000F\000i\000n\000a\000n\000c\000i\000a\000l\000\040\000U\000n\000i\000f\000i\000c\000a\000t\000i\000o\000n}{chapter.5}% 79
\BOOKMARK [2][-]{subsection.5.12.1}{\376\377\000D\000e\000a\000l\000i\000n\000g\000\040\000w\000i\000t\000h\000\040\000M\000i\000s\000s\000i\000n\000g\000\040\000V\000a\000l\000u\000e\000s}{section.5.12}% 80
\BOOKMARK [2][-]{subsection.5.12.2}{\376\377\000O\000u\000t\000l\000i\000e\000r\000\040\000D\000e\000t\000e\000c\000t\000i\000o\000n}{section.5.12}% 81
\BOOKMARK [1][-]{section.5.13}{\376\377\000W\000a\000r\000\040\000S\000t\000o\000r\000y\000:\000\040\000B\000e\000a\000t\000i\000n\000g\000\040\000t\000h\000e\000\040\000M\000a\000r\000k\000e\000t}{chapter.5}% 82
\BOOKMARK [1][-]{section.5.14}{\376\377\000C\000r\000o\000w\000d\000s\000o\000u\000r\000c\000i\000n\000g}{chapter.5}% 83
\BOOKMARK [2][-]{subsection.5.14.1}{\376\377\000T\000h\000e\000\040\000P\000e\000n\000n\000y\000\040\000D\000e\000m\000o}{section.5.14}% 84
\BOOKMARK [2][-]{subsection.5.14.2}{\376\377\000W\000h\000e\000n\000\040\000i\000s\000\040\000t\000h\000e\000\040\000C\000r\000o\000w\000d\000\040\000W\000i\000s\000e\000?}{section.5.14}% 85
\BOOKMARK [2][-]{subsection.5.14.3}{\376\377\000M\000e\000c\000h\000a\000n\000i\000s\000m\000s\000\040\000f\000o\000r\000\040\000A\000g\000g\000r\000e\000g\000a\000t\000i\000o\000n}{section.5.14}% 86
\BOOKMARK [2][-]{subsection.5.14.4}{\376\377\000C\000r\000o\000w\000d\000s\000o\000u\000r\000c\000i\000n\000g\000\040\000S\000e\000r\000v\000i\000c\000e\000s}{section.5.14}% 87
\BOOKMARK [2][-]{subsection.5.14.5}{\376\377\000G\000a\000m\000i\000f\000i\000c\000a\000t\000i\000o\000n}{section.5.14}% 88
\BOOKMARK [1][-]{section.5.15}{\376\377\000C\000h\000a\000p\000t\000e\000r\000\040\000N\000o\000t\000e\000s}{chapter.5}% 89
\BOOKMARK [1][-]{section.5.16}{\376\377\000D\000a\000t\000a\000\040\000S\000o\000u\000r\000c\000e\000s}{chapter.5}% 90
\BOOKMARK [1][-]{section.5.17}{\376\377\000I\000m\000p\000l\000e\000m\000e\000n\000t\000a\000t\000i\000o\000n\000\040\000P\000r\000o\000j\000e\000c\000t\000s}{chapter.5}% 91
\BOOKMARK [1][-]{section.5.18}{\376\377\000I\000n\000t\000e\000r\000v\000i\000e\000w\000\040\000Q\000u\000e\000s\000t\000i\000o\000n\000s}{chapter.5}% 92
\BOOKMARK [2][-]{subsection.5.18.1}{\376\377\000K\000a\000g\000g\000l\000e\000\040\000C\000h\000a\000l\000l\000e\000n\000g\000e\000s}{section.5.18}% 93
\BOOKMARK [0][-]{chapter.6}{\376\377\000S\000c\000o\000r\000e\000s\000\040\000a\000n\000d\000\040\000R\000a\000n\000k\000i\000n\000g\000s}{}% 94
\BOOKMARK [1][-]{section.6.1}{\376\377\000T\000h\000e\000\040\000B\000o\000d\000y\000\040\000M\000a\000s\000s\000\040\000I\000n\000d\000e\000x\000\040\000\050\000B\000M\000I\000\051}{chapter.6}% 95
\BOOKMARK [1][-]{section.6.2}{\376\377\000D\000e\000v\000e\000l\000o\000p\000i\000n\000g\000\040\000S\000c\000o\000r\000i\000n\000g\000\040\000S\000y\000s\000t\000e\000m\000s}{chapter.6}% 96
\BOOKMARK [2][-]{subsection.6.2.1}{\376\377\000G\000o\000l\000d\000\040\000S\000t\000a\000n\000d\000a\000r\000d\000s\000\040\000a\000n\000d\000\040\000P\000r\000o\000x\000i\000e\000s}{section.6.2}% 97
\BOOKMARK [2][-]{subsection.6.2.2}{\376\377\000S\000c\000o\000r\000e\000s\000\040\000v\000s\000.\000\040\000R\000a\000n\000k\000i\000n\000g\000s}{section.6.2}% 98
\BOOKMARK [2][-]{subsection.6.2.3}{\376\377\000R\000e\000c\000o\000g\000n\000i\000z\000i\000n\000g\000\040\000G\000o\000o\000d\000\040\000S\000c\000o\000r\000i\000n\000g\000\040\000F\000u\000n\000c\000t\000i\000o\000n\000s}{section.6.2}% 99
\BOOKMARK [1][-]{section.6.3}{\376\377\000Z\000-\000s\000c\000o\000r\000e\000s\000\040\000a\000n\000d\000\040\000N\000o\000r\000m\000a\000l\000i\000z\000a\000t\000i\000o\000n}{chapter.6}% 100
\BOOKMARK [1][-]{section.6.4}{\376\377\000A\000d\000v\000a\000n\000c\000e\000d\000\040\000R\000a\000n\000k\000i\000n\000g\000\040\000T\000e\000c\000h\000n\000i\000q\000u\000e\000s}{chapter.6}% 101
\BOOKMARK [2][-]{subsection.6.4.1}{\376\377\000E\000l\000o\000\040\000R\000a\000n\000k\000i\000n\000g\000s}{section.6.4}% 102
\BOOKMARK [1][-]{section.6.5}{\376\377\000T\000h\000e\000\040\000L\000o\000g\000i\000t\000\040\000F\000u\000n\000c\000t\000i\000o\000n}{chapter.6}% 103
\BOOKMARK [2][-]{subsection.6.5.1}{\376\377\000M\000e\000r\000g\000i\000n\000g\000\040\000R\000a\000n\000k\000i\000n\000g\000s}{section.6.5}% 104
\BOOKMARK [2][-]{subsection.6.5.2}{\376\377\000D\000i\000g\000r\000a\000p\000h\000-\000b\000a\000s\000e\000d\000\040\000R\000a\000n\000k\000i\000n\000g\000s}{section.6.5}% 105
\BOOKMARK [1][-]{section.6.6}{\376\377\000P\000a\000g\000e\000R\000a\000n\000k}{chapter.6}% 106
\BOOKMARK [1][-]{section.6.7}{\376\377\000W\000a\000r\000\040\000S\000t\000o\000r\000y\000:\000\040\000C\000l\000y\000d\000e\000'\000s\000\040\000R\000e\000v\000e\000n\000g\000e}{chapter.6}% 107
\BOOKMARK [1][-]{section.6.8}{\376\377\000E\000v\000e\000n\000\040\000c\000r\000u\000d\000e\000\040\000m\000a\000t\000h\000e\000m\000a\000t\000i\000c\000a\000l\000\040\000m\000o\000d\000e\000l\000s\000\040\000c\000a\000n\000\040\000h\000a\000v\000e\000\040\000r\000e\000a\000l\000\040\000p\000r\000e\000d\000i\000c\000t\000i\000v\000e\000\040\000p\000o\000w\000e\000r\000.}{chapter.6}% 108
\BOOKMARK [1][-]{section.6.9}{\376\377\004\074\011\276\011\360\000u\000a\000n\000t\000\040\000u\000s\000e\000s\000\040\000c\000o\000m\000p\000u\000t\000e\000r\000s\000\040\000t\000o\000\040\000p\000r\000e\000d\000i\000c\000t\000\040\000f\000o\000o\000t\000b\000a\000l\000l\000\040\000w\000i\000n\000n\000e\000r\000s}{chapter.6}% 109
\BOOKMARK [1][-]{section.6.10}{\376\377\000P\000r\000e\000d\000i\000c\000t\000i\000o\000n\000s\000\040\000p\000u\000b\000l\000i\000s\000h\000e\000d}{chapter.6}% 110
\BOOKMARK [1][-]{section.6.11}{\376\377\000A\000r\000r\000o\000w\000'\000s\000\040\000I\000m\000p\000o\000s\000s\000i\000b\000i\000l\000i\000t\000y\000\040\000T\000h\000e\000o\000r\000e\000m}{chapter.6}% 111
\BOOKMARK [1][-]{section.6.12}{\376\377\000W\000a\000r\000\040\000S\000t\000o\000r\000y\000:\000\040\000W\000h\000o\000'\000s\000\040\000B\000i\000g\000g\000e\000r\000?}{chapter.6}% 112
\BOOKMARK [1][-]{section.6.13}{\376\377\000C\000h\000a\000p\000t\000e\000r\000\040\000N\000o\000t\000e\000s}{chapter.6}% 113
\BOOKMARK [1][-]{section.6.14}{\376\377\000I\000m\000p\000l\000e\000m\000e\000n\000t\000a\000t\000i\000o\000n\000\040\000P\000r\000o\000j\000e\000c\000t\000s}{chapter.6}% 114
\BOOKMARK [1][-]{section.6.15}{\376\377\000I\000n\000t\000e\000r\000v\000i\000e\000w\000\040\000Q\000u\000e\000s\000t\000i\000o\000n\000s}{chapter.6}% 115
\BOOKMARK [2][-]{subsection.6.15.1}{\376\377\000K\000a\000g\000g\000l\000e\000\040\000C\000h\000a\000l\000l\000e\000n\000g\000e\000s}{section.6.15}% 116
\BOOKMARK [0][-]{chapter.7}{\376\377\000S\000t\000a\000t\000i\000s\000t\000i\000c\000a\000l\000\040\000A\000n\000a\000l\000y\000s\000i\000s}{}% 117
\BOOKMARK [1][-]{section.7.1}{\376\377\000S\000t\000a\000t\000i\000s\000t\000i\000c\000a\000l\000\040\000D\000i\000s\000t\000r\000i\000b\000u\000t\000i\000o\000n\000s}{chapter.7}% 118
\BOOKMARK [2][-]{subsection.7.1.1}{\376\377\000T\000h\000e\000\040\000B\000i\000n\000o\000m\000i\000a\000l\000\040\000D\000i\000s\000t\000r\000i\000b\000u\000t\000i\000o\000n}{section.7.1}% 119
\BOOKMARK [2][-]{subsection.7.1.2}{\376\377\000T\000h\000e\000\040\000N\000o\000r\000m\000a\000l\000\040\000D\000i\000s\000t\000r\000i\000b\000u\000t\000i\000o\000n}{section.7.1}% 120
\BOOKMARK [1][-]{section.7.2}{\376\377\000W\000h\000a\000t\000'\000s\000\040\000N\000o\000r\000m\000a\000l\000?}{chapter.7}% 121
\BOOKMARK [2][-]{subsection.7.2.1}{\376\377\000I\000m\000p\000l\000i\000c\000a\000t\000i\000o\000n\000s\000\040\000o\000f\000\040\000t\000h\000e\000\040\000N\000o\000r\000m\000a\000l\000\040\000D\000i\000s\000t\000r\000i\000b\000u\000t\000i\000o\000n}{section.7.2}% 122
\BOOKMARK [2][-]{subsection.7.2.2}{\376\377\000P\000o\000i\000s\000s\000o\000n\000\040\000D\000i\000s\000t\000r\000i\000b\000u\000t\000i\000o\000n}{section.7.2}% 123
\BOOKMARK [2][-]{subsection.7.2.3}{\376\377\000P\000o\000w\000e\000r\000\040\000L\000a\000w\000\040\000D\000i\000s\000t\000r\000i\000b\000u\000t\000i\000o\000n\000s}{section.7.2}% 124
\BOOKMARK [1][-]{section.7.3}{\376\377\000S\000a\000m\000p\000l\000i\000n\000g\000\040\000f\000r\000o\000m\000\040\000D\000i\000s\000t\000r\000i\000b\000u\000t\000i\000o\000n\000s}{chapter.7}% 125
\BOOKMARK [2][-]{subsection.7.3.1}{\376\377\000R\000a\000n\000d\000o\000m\000\040\000S\000a\000m\000p\000l\000i\000n\000g\000\040\000b\000e\000y\000o\000n\000d\000\040\000O\000n\000e\000\040\000D\000i\000m\000e\000n\000s\000i\000o\000n}{section.7.3}% 126
\BOOKMARK [2][-]{subsection.7.3.2}{\376\377\000S\000t\000a\000t\000i\000s\000t\000i\000c\000a\000l\000\040\000S\000i\000g\000n\000i\000f\000i\000c\000a\000n\000c\000e}{section.7.3}% 127
\BOOKMARK [2][-]{subsection.7.3.3}{\376\377\000T\000h\000e\000\040\000S\000i\000g\000n\000i\000f\000i\000c\000a\000n\000c\000e\000\040\000o\000f\000\040\000S\000i\000g\000n\000i\000f\000i\000c\000a\000n\000c\000e}{section.7.3}% 128
\BOOKMARK [2][-]{subsection.7.3.4}{\376\377\000T\000h\000e\000\040\000T\000-\000t\000e\000s\000t\000:\000\040\000C\000o\000m\000p\000a\000r\000i\000n\000g\000\040\000P\000o\000p\000u\000l\000a\000t\000i\000o\000n\000\040\000M\000e\000a\000n\000s}{section.7.3}% 129
\BOOKMARK [1][-]{section.7.4}{\376\377\000W\000h\000y\000\040\000D\000o\000e\000s\000\040\000T\000h\000i\000s\000\040\000W\000o\000r\000k\000?}{chapter.7}% 130
\BOOKMARK [2][-]{subsection.7.4.1}{\376\377\000T\000h\000e\000\040\000K\000o\000l\000m\000o\000g\000o\000r\000o\000v\000-\000S\000m\000i\000r\000n\000o\000v\000\040\000T\000e\000s\000t}{section.7.4}% 131
\BOOKMARK [1][-]{section.7.5}{\376\377\000N\000o\000r\000m\000a\000l\000i\000t\000y\000\040\000T\000e\000s\000t\000i\000n\000g}{chapter.7}% 132
\BOOKMARK [2][-]{subsection.7.5.1}{\376\377\000T\000h\000e\000\040\000B\000o\000n\000f\000e\000r\000r\000o\000n\000i\000\040\000C\000o\000r\000r\000e\000c\000t\000i\000o\000n}{section.7.5}% 133
\BOOKMARK [2][-]{subsection.7.5.2}{\376\377\000F\000a\000l\000s\000e\000\040\000D\000i\000s\000c\000o\000v\000e\000r\000y\000\040\000R\000a\000t\000e}{section.7.5}% 134
\BOOKMARK [1][-]{section.7.6}{\376\377\000W\000a\000r\000\040\000S\000t\000o\000r\000y\000:\000\040\000D\000i\000s\000c\000o\000v\000e\000r\000i\000n\000g\000\040\000t\000h\000e\000\040\000F\000o\000u\000n\000t\000a\000i\000n\000\040\000o\000f\000\040\000Y\000o\000u\000t\000h\000?}{chapter.7}% 135
\BOOKMARK [2][-]{subsection.7.6.1}{\376\377\000P\000e\000r\000m\000u\000t\000a\000t\000i\000o\000n\000\040\000T\000e\000s\000t\000s\000\040\000a\000n\000d\000\040\000P\000-\000v\000a\000l\000u\000e\000s}{section.7.6}% 136
\BOOKMARK [2][-]{subsection.7.6.2}{\376\377\000G\000e\000n\000e\000r\000a\000t\000i\000n\000g\000\040\000R\000a\000n\000d\000o\000m\000\040\000P\000e\000r\000m\000u\000t\000a\000t\000i\000o\000n\000s}{section.7.6}% 137
\BOOKMARK [2][-]{subsection.7.6.3}{\376\377\000D\000i\000M\000a\000g\000g\000i\000o\000'\000s\000\040\000H\000i\000t\000t\000i\000n\000g\000\040\000S\000t\000r\000e\000a\000k}{section.7.6}% 138
\BOOKMARK [1][-]{section.7.7}{\376\377\000B\000a\000y\000e\000s\000i\000a\000n\000\040\000R\000e\000a\000s\000o\000n\000i\000n\000g}{chapter.7}% 139
\BOOKMARK [1][-]{section.7.8}{\376\377\000C\000h\000a\000p\000t\000e\000r\000\040\000N\000o\000t\000e\000s}{chapter.7}% 140
\BOOKMARK [1][-]{section.7.9}{\376\377\000E\000x\000e\000r\000c\000i\000s\000e\000s}{chapter.7}% 141
\BOOKMARK [1][-]{section.7.10}{\376\377\000S\000i\000g\000n\000i\000f\000i\000c\000a\000n\000c\000e\000\040\000T\000e\000s\000t\000i\000n\000g}{chapter.7}% 142
\BOOKMARK [1][-]{section.7.11}{\376\377\000P\000e\000r\000m\000u\000t\000a\000t\000i\000o\000n\000\040\000T\000e\000s\000t\000s\000\040\000a\000n\000d\000\040\000P\000\040\000-\000v\000a\000l\000u\000e\000s}{chapter.7}% 143
\BOOKMARK [1][-]{section.7.12}{\376\377\000I\000m\000p\000l\000e\000m\000e\000n\000t\000a\000t\000i\000o\000n\000\040\000P\000r\000o\000j\000e\000c\000t\000s}{chapter.7}% 144
\BOOKMARK [1][-]{section.7.13}{\376\377\000I\000n\000t\000e\000r\000v\000i\000e\000w\000\040\000Q\000u\000e\000s\000t\000i\000o\000n\000s}{chapter.7}% 145
\BOOKMARK [2][-]{subsection.7.13.1}{\376\377\000K\000a\000g\000g\000l\000e\000\040\000C\000h\000a\000l\000l\000e\000n\000g\000e\000s}{section.7.13}% 146
\BOOKMARK [0][-]{chapter.8}{\376\377\000V\000i\000s\000u\000a\000l\000i\000z\000i\000n\000g\000\040\000D\000a\000t\000a}{}% 147
\BOOKMARK [1][-]{section.8.1}{\376\377\000E\000x\000p\000l\000o\000r\000a\000t\000o\000r\000y\000\040\000D\000a\000t\000a\000\040\000A\000n\000a\000l\000y\000s\000i\000s}{chapter.8}% 148
\BOOKMARK [2][-]{subsection.8.1.1}{\376\377\000C\000o\000n\000f\000r\000o\000n\000t\000i\000n\000g\000\040\000a\000\040\000N\000e\000w\000\040\000D\000a\000t\000a\000\040\000S\000e\000t}{section.8.1}% 149
\BOOKMARK [2][-]{subsection.8.1.2}{\376\377\000S\000u\000m\000m\000a\000r\000y\000\040\000S\000t\000a\000t\000i\000s\000t\000i\000c\000s\000\040\000a\000n\000d\000\040\000A\000n\000s\000c\000o\000m\000b\000e\000'\000s\000\040\000Q\000u\000a\000r\000t\000e\000t}{section.8.1}% 150
\BOOKMARK [2][-]{subsection.8.1.3}{\376\377\000V\000i\000s\000u\000a\000l\000i\000z\000a\000t\000i\000o\000n\000\040\000T\000o\000o\000l\000s}{section.8.1}% 151
\BOOKMARK [1][-]{section.8.2}{\376\377\000D\000e\000v\000e\000l\000o\000p\000i\000n\000g\000\040\000a\000\040\000V\000i\000s\000u\000a\000l\000i\000z\000a\000t\000i\000o\000n\000\040\000A\000e\000s\000t\000h\000e\000t\000i\000c}{chapter.8}% 152
\BOOKMARK [2][-]{subsection.8.2.1}{\376\377\000M\000a\000x\000i\000m\000i\000z\000i\000n\000g\000\040\000D\000a\000t\000a\000-\000I\000n\000k\000\040\000R\000a\000t\000i\000o}{section.8.2}% 153
\BOOKMARK [2][-]{subsection.8.2.2}{\376\377\000M\000i\000n\000i\000m\000i\000z\000i\000n\000g\000\040\000t\000h\000e\000\040\000L\000i\000e\000\040\000F\000a\000c\000t\000o\000r}{section.8.2}% 154
\BOOKMARK [2][-]{subsection.8.2.3}{\376\377\000M\000i\000n\000i\000m\000i\000z\000i\000n\000g\000\040\000C\000h\000a\000r\000t\000j\000u\000n\000k}{section.8.2}% 155
\BOOKMARK [2][-]{subsection.8.2.4}{\376\377\000P\000r\000o\000p\000e\000r\000\040\000S\000c\000a\000l\000i\000n\000g\000\040\000a\000n\000d\000\040\000L\000a\000b\000e\000l\000i\000n\000g}{section.8.2}% 156
\BOOKMARK [2][-]{subsection.8.2.5}{\376\377\000E\000f\000f\000e\000c\000t\000i\000v\000e\000\040\000U\000s\000e\000\040\000o\000f\000\040\000C\000o\000l\000o\000r\000\040\000a\000n\000d\000\040\000S\000h\000a\000d\000i\000n\000g}{section.8.2}% 157
\BOOKMARK [2][-]{subsection.8.2.6}{\376\377\000T\000h\000e\000\040\000P\000o\000w\000e\000r\000\040\000o\000f\000\040\000R\000e\000p\000e\000t\000i\000t\000i\000o\000n}{section.8.2}% 158
\BOOKMARK [1][-]{section.8.3}{\376\377\000C\000h\000a\000r\000t\000\040\000T\000y\000p\000e\000s}{chapter.8}% 159
\BOOKMARK [2][-]{subsection.8.3.1}{\376\377\000T\000a\000b\000u\000l\000a\000r\000\040\000D\000a\000t\000a}{section.8.3}% 160
\BOOKMARK [2][-]{subsection.8.3.2}{\376\377\000D\000o\000t\000\040\000a\000n\000d\000\040\000L\000i\000n\000e\000\040\000P\000l\000o\000t\000s}{section.8.3}% 161
\BOOKMARK [2][-]{subsection.8.3.3}{\376\377\000S\000c\000a\000t\000t\000e\000r\000\040\000P\000l\000o\000t\000s}{section.8.3}% 162
\BOOKMARK [2][-]{subsection.8.3.4}{\376\377\000B\000a\000r\000\040\000P\000l\000o\000t\000s\000\040\000a\000n\000d\000\040\000P\000i\000e\000\040\000C\000h\000a\000r\000t\000s}{section.8.3}% 163
\BOOKMARK [1][-]{section.8.4}{\376\377\000B\000a\000d\000\040\000P\000i\000e\000\040\000C\000h\000a\000r\000t\000s}{chapter.8}% 164
\BOOKMARK [2][-]{subsection.8.4.1}{\376\377\000H\000i\000s\000t\000o\000g\000r\000a\000m\000s}{section.8.4}% 165
\BOOKMARK [2][-]{subsection.8.4.2}{\376\377\000D\000a\000t\000a\000\040\000M\000a\000p\000s}{section.8.4}% 166
\BOOKMARK [1][-]{section.8.5}{\376\377\000G\000r\000e\000a\000t\000\040\000V\000i\000s\000u\000a\000l\000i\000z\000a\000t\000i\000o\000n\000s}{chapter.8}% 167
\BOOKMARK [2][-]{subsection.8.5.1}{\376\377\000M\000a\000r\000e\000y\000'\000s\000\040\000T\000r\000a\000i\000n\000\040\000S\000c\000h\000e\000d\000u\000l\000e}{section.8.5}% 168
\BOOKMARK [2][-]{subsection.8.5.2}{\376\377\000S\000n\000o\000w\000'\000s\000\040\000C\000h\000o\000l\000e\000r\000a\000\040\000M\000a\000p}{section.8.5}% 169
\BOOKMARK [2][-]{subsection.8.5.3}{\376\377\000N\000e\000w\000\040\000Y\000o\000r\000k\000'\000s\000\040\000W\000e\000a\000t\000h\000e\000r\000\040\000Y\000e\000a\000r}{section.8.5}% 170
\BOOKMARK [1][-]{section.8.6}{\376\377\000R\000e\000a\000d\000i\000n\000g\000\040\000G\000r\000a\000p\000h\000s}{chapter.8}% 171
\BOOKMARK [2][-]{subsection.8.6.1}{\376\377\000T\000h\000e\000\040\000O\000b\000s\000c\000u\000r\000e\000d\000\040\000D\000i\000s\000t\000r\000i\000b\000u\000t\000i\000o\000n}{section.8.6}% 172
\BOOKMARK [2][-]{subsection.8.6.2}{\376\377\000O\000v\000e\000r\000i\000n\000t\000e\000r\000p\000r\000e\000t\000i\000n\000g\000\040\000V\000a\000r\000i\000a\000n\000c\000e}{section.8.6}% 173
\BOOKMARK [1][-]{section.8.7}{\376\377\000I\000n\000t\000e\000r\000a\000c\000t\000i\000v\000e\000\040\000V\000i\000s\000u\000a\000l\000i\000z\000a\000t\000i\000o\000n}{chapter.8}% 174
\BOOKMARK [1][-]{section.8.8}{\376\377\000W\000a\000r\000\040\000S\000t\000o\000r\000y\000:\000\040\000T\000e\000x\000t\000M\000a\000p\000p\000i\000n\000g\000\040\000t\000h\000e\000\040\000W\000o\000r\000l\000d}{chapter.8}% 175
\BOOKMARK [1][-]{section.8.9}{\376\377\000C\000h\000a\000p\000t\000e\000r\000\040\000N\000o\000t\000e\000s}{chapter.8}% 176
\BOOKMARK [1][-]{section.8.10}{\376\377\000I\000n\000t\000e\000r\000p\000r\000e\000t\000i\000n\000g\000\040\000V\000i\000s\000u\000a\000l\000i\000z\000a\000t\000i\000o\000n\000s}{chapter.8}% 177
\BOOKMARK [1][-]{section.8.11}{\376\377\000C\000r\000e\000a\000t\000i\000n\000g\000\040\000V\000i\000s\000u\000a\000l\000i\000z\000a\000t\000i\000o\000n\000s}{chapter.8}% 178
\BOOKMARK [1][-]{section.8.12}{\376\377\000I\000m\000p\000l\000e\000m\000e\000n\000t\000a\000t\000i\000o\000n\000\040\000P\000r\000o\000j\000e\000c\000t\000s}{chapter.8}% 179
\BOOKMARK [1][-]{section.8.13}{\376\377\000I\000n\000t\000e\000r\000v\000i\000e\000w\000\040\000Q\000u\000e\000s\000t\000i\000o\000n\000s}{chapter.8}% 180
\BOOKMARK [2][-]{subsection.8.13.1}{\376\377\000K\000a\000g\000g\000l\000e\000\040\000C\000h\000a\000l\000l\000e\000n\000g\000e\000s}{section.8.13}% 181
\BOOKMARK [0][-]{chapter.9}{\376\377\000M\000a\000t\000h\000e\000m\000a\000t\000i\000c\000a\000l\000\040\000M\000o\000d\000e\000l\000s}{}% 182
\BOOKMARK [1][-]{section.9.1}{\376\377\000P\000h\000i\000l\000o\000s\000o\000p\000h\000i\000e\000s\000\040\000o\000f\000\040\000M\000o\000d\000e\000l\000i\000n\000g}{chapter.9}% 183
\BOOKMARK [2][-]{subsection.9.1.1}{\376\377\000O\000c\000c\000a\000m\000'\000s\000\040\000R\000a\000z\000o\000r}{section.9.1}% 184
\BOOKMARK [2][-]{subsection.9.1.2}{\376\377\000B\000i\000a\000s\000-\000V\000a\000r\000i\000a\000n\000c\000e\000\040\000T\000r\000a\000d\000e\000-\000O\000f\000f\000s}{section.9.1}% 185
\BOOKMARK [2][-]{subsection.9.1.3}{\376\377\000W\000h\000a\000t\000\040\000W\000o\000u\000l\000d\000\040\000N\000a\000t\000e\000\040\000S\000i\000l\000v\000e\000r\000\040\000D\000o\000?}{section.9.1}% 186
\BOOKMARK [1][-]{section.9.2}{\376\377\000A\000\040\000T\000a\000x\000o\000n\000o\000m\000y\000\040\000o\000f\000\040\000M\000o\000d\000e\000l\000s}{chapter.9}% 187
\BOOKMARK [2][-]{subsection.9.2.1}{\376\377\000L\000i\000n\000e\000a\000r\000\040\000v\000s\000.\000\040\000N\000o\000n\000-\000L\000i\000n\000e\000a\000r\000\040\000M\000o\000d\000e\000l\000s}{section.9.2}% 188
\BOOKMARK [2][-]{subsection.9.2.2}{\376\377\000B\000l\000a\000c\000k\000b\000o\000x\000\040\000v\000s\000.\000\040\000D\000e\000s\000c\000r\000i\000p\000t\000i\000v\000e\000\040\000M\000o\000d\000e\000l\000s}{section.9.2}% 189
\BOOKMARK [2][-]{subsection.9.2.3}{\376\377\000F\000i\000r\000s\000t\000-\000P\000r\000i\000n\000c\000i\000p\000l\000e\000\040\000v\000s\000.\000\040\000D\000a\000t\000a\000-\000D\000r\000i\000v\000e\000n\000\040\000M\000o\000d\000e\000l\000s}{section.9.2}% 190
\BOOKMARK [2][-]{subsection.9.2.4}{\376\377\000S\000t\000o\000c\000h\000a\000s\000t\000i\000c\000\040\000v\000s\000.\000\040\000D\000e\000t\000e\000r\000m\000i\000n\000i\000s\000t\000i\000c\000\040\000M\000o\000d\000e\000l\000s}{section.9.2}% 191
\BOOKMARK [2][-]{subsection.9.2.5}{\376\377\000F\000l\000a\000t\000\040\000v\000s\000.\000\040\000H\000i\000e\000r\000a\000r\000c\000h\000i\000c\000a\000l\000\040\000M\000o\000d\000e\000l\000s}{section.9.2}% 192
\BOOKMARK [1][-]{section.9.3}{\376\377\000B\000a\000s\000e\000l\000i\000n\000e\000\040\000M\000o\000d\000e\000l\000s}{chapter.9}% 193
\BOOKMARK [2][-]{subsection.9.3.1}{\376\377\000B\000a\000s\000e\000l\000i\000n\000e\000\040\000M\000o\000d\000e\000l\000s\000\040\000f\000o\000r\000\040\000C\000l\000a\000s\000s\000i\000f\000i\000c\000a\000t\000i\000o\000n}{section.9.3}% 194
\BOOKMARK [2][-]{subsection.9.3.2}{\376\377\000B\000a\000s\000e\000l\000i\000n\000e\000\040\000M\000o\000d\000e\000l\000s\000\040\000f\000o\000r\000\040\000V\000a\000l\000u\000e\000\040\000P\000r\000e\000d\000i\000c\000t\000i\000o\000n}{section.9.3}% 195
\BOOKMARK [1][-]{section.9.4}{\376\377\000E\000v\000a\000l\000u\000a\000t\000i\000n\000g\000\040\000M\000o\000d\000e\000l\000s}{chapter.9}% 196
\BOOKMARK [2][-]{subsection.9.4.1}{\376\377\000E\000v\000a\000l\000u\000a\000t\000i\000n\000g\000\040\000C\000l\000a\000s\000s\000i\000f\000i\000e\000r\000s}{section.9.4}% 197
\BOOKMARK [1][-]{section.9.5}{\376\377\000A\000c\000c\000u\000r\000a\000c\000y\000,\000\040\000P\000r\000e\000c\000i\000s\000i\000o\000n\000,\000\040\000R\000e\000c\000a\000l\000l\000,\000\040\000a\000n\000d\000\040\000F\000-\000S\000c\000o\000r\000e}{chapter.9}% 198
\BOOKMARK [2][-]{subsection.9.5.1}{\376\377\000R\000e\000c\000e\000i\000v\000e\000r\000-\000O\000p\000e\000r\000a\000t\000o\000r\000\040\000C\000h\000a\000r\000a\000c\000t\000e\000r\000i\000s\000t\000i\000c\000\040\000\050\000R\000O\000C\000\051\000\040\000C\000u\000r\000v\000e\000s}{section.9.5}% 199
\BOOKMARK [2][-]{subsection.9.5.2}{\376\377\000E\000v\000a\000l\000u\000a\000t\000i\000n\000g\000\040\000M\000u\000l\000t\000i\000c\000l\000a\000s\000s\000\040\000S\000y\000s\000t\000e\000m\000s}{section.9.5}% 200
\BOOKMARK [2][-]{subsection.9.5.3}{\376\377\000E\000v\000a\000l\000u\000a\000t\000i\000n\000g\000\040\000V\000a\000l\000u\000e\000\040\000P\000r\000e\000d\000i\000c\000t\000i\000o\000n\000\040\000M\000o\000d\000e\000l\000s}{section.9.5}% 201
\BOOKMARK [1][-]{section.9.6}{\376\377\000E\000r\000r\000o\000r\000\040\000S\000t\000a\000t\000i\000s\000t\000i\000c\000s}{chapter.9}% 202
\BOOKMARK [1][-]{section.9.7}{\376\377\000E\000v\000a\000l\000u\000a\000t\000i\000o\000n\000\040\000E\000n\000v\000i\000r\000o\000n\000m\000e\000n\000t\000s}{chapter.9}% 203
\BOOKMARK [2][-]{subsection.9.7.1}{\376\377\000D\000a\000t\000a\000\040\000H\000y\000g\000i\000e\000n\000e\000\040\000f\000o\000r\000\040\000E\000v\000a\000l\000u\000a\000t\000i\000o\000n}{section.9.7}% 204
\BOOKMARK [2][-]{subsection.9.7.2}{\376\377\000A\000m\000p\000l\000i\000f\000y\000i\000n\000g\000\040\000S\000m\000a\000l\000l\000\040\000E\000v\000a\000l\000u\000a\000t\000i\000o\000n\000\040\000S\000e\000t\000s}{section.9.7}% 205
\BOOKMARK [2][-]{subsection.9.7.3}{\376\377\000W\000a\000r\000\040\000S\000t\000o\000r\000y\000:\000\040\0001\0000\0000\000\045\000\040\000A\000c\000c\000u\000r\000a\000c\000y}{section.9.7}% 206
\BOOKMARK [1][-]{section.9.8}{\376\377\000S\000i\000m\000u\000l\000a\000t\000i\000o\000n\000\040\000M\000o\000d\000e\000l\000s}{chapter.9}% 207
\BOOKMARK [1][-]{section.9.9}{\376\377\000W\000a\000r\000\040\000S\000t\000o\000r\000y\000:\000\040\000C\000a\000l\000c\000u\000l\000a\000t\000e\000d\000\040\000B\000e\000t\000s}{chapter.9}% 208
\BOOKMARK [1][-]{section.9.10}{\376\377\000C\000h\000a\000p\000t\000e\000r\000\040\000N\000o\000t\000e\000s}{chapter.9}% 209
\BOOKMARK [1][-]{section.9.11}{\376\377\000P\000r\000o\000p\000e\000r\000t\000i\000e\000s\000\040\000o\000f\000\040\000M\000o\000d\000e\000l\000s}{chapter.9}% 210
\BOOKMARK [1][-]{section.9.12}{\376\377\000I\000m\000p\000l\000e\000m\000e\000n\000t\000a\000t\000i\000o\000n\000\040\000P\000r\000o\000j\000e\000c\000t\000s}{chapter.9}% 211
\BOOKMARK [1][-]{section.9.13}{\376\377\000I\000n\000t\000e\000r\000v\000i\000e\000w\000\040\000Q\000u\000e\000s\000t\000i\000o\000n\000s}{chapter.9}% 212
\BOOKMARK [2][-]{subsection.9.13.1}{\376\377\000K\000a\000g\000g\000l\000e\000\040\000C\000h\000a\000l\000l\000e\000n\000g\000e\000s}{section.9.13}% 213
\BOOKMARK [0][-]{chapter.10}{\376\377\000L\000i\000n\000e\000a\000r\000\040\000A\000l\000g\000e\000b\000r\000a}{}% 214
\BOOKMARK [1][-]{section.10.1}{\376\377\000T\000h\000e\000\040\000P\000o\000w\000e\000r\000\040\000o\000f\000\040\000L\000i\000n\000e\000a\000r\000\040\000A\000l\000g\000e\000b\000r\000a}{chapter.10}% 215
\BOOKMARK [2][-]{subsection.10.1.1}{\376\377\000I\000n\000t\000e\000r\000p\000r\000e\000t\000i\000n\000g\000\040\000L\000i\000n\000e\000a\000r\000\040\000A\000l\000g\000e\000b\000r\000a\000i\000c\000\040\000F\000o\000r\000m\000u\000l\000a\000e}{section.10.1}% 216
\BOOKMARK [2][-]{subsection.10.1.2}{\376\377\000G\000e\000o\000m\000e\000t\000r\000y\000\040\000a\000n\000d\000\040\000V\000e\000c\000t\000o\000r\000s}{section.10.1}% 217
\BOOKMARK [1][-]{section.10.2}{\376\377\000V\000i\000s\000u\000a\000l\000i\000z\000i\000n\000g\000\040\000M\000a\000t\000r\000i\000x\000\040\000O\000p\000e\000r\000a\000t\000i\000o\000n\000s}{chapter.10}% 218
\BOOKMARK [2][-]{subsection.10.2.1}{\376\377\000M\000a\000t\000r\000i\000x\000\040\000A\000d\000d\000i\000t\000i\000o\000n}{section.10.2}% 219
\BOOKMARK [2][-]{subsection.10.2.2}{\376\377\000M\000a\000t\000r\000i\000x\000\040\000M\000u\000l\000t\000i\000p\000l\000i\000c\000a\000t\000i\000o\000n}{section.10.2}% 220
\BOOKMARK [2][-]{subsection.10.2.3}{\376\377\000A\000p\000p\000l\000i\000c\000a\000t\000i\000o\000n\000s\000\040\000o\000f\000\040\000M\000a\000t\000r\000i\000x\000\040\000M\000u\000l\000t\000i\000p\000l\000i\000c\000a\000t\000i\000o\000n}{section.10.2}% 221
\BOOKMARK [1][-]{section.10.3}{\376\377\000C\000o\000v\000a\000r\000i\000a\000n\000c\000e\000\040\000M\000a\000t\000r\000i\000c\000e\000s}{chapter.10}% 222
\BOOKMARK [1][-]{section.10.4}{\376\377\000M\000a\000t\000r\000i\000x\000\040\000M\000u\000l\000t\000i\000p\000l\000i\000c\000a\000t\000i\000o\000n\000\040\000a\000n\000d\000\040\000P\000a\000t\000h\000s}{chapter.10}% 223
\BOOKMARK [1][-]{section.10.5}{\376\377\000M\000a\000t\000r\000i\000x\000\040\000M\000u\000l\000t\000i\000p\000l\000i\000c\000a\000t\000i\000o\000n\000\040\000a\000n\000d\000\040\000P\000e\000r\000m\000u\000t\000a\000t\000i\000o\000n\000s}{chapter.10}% 224
\BOOKMARK [1][-]{section.10.6}{\376\377\000R\000o\000t\000a\000t\000i\000n\000g\000\040\000P\000o\000i\000n\000t\000s\000\040\000i\000n\000\040\000S\000p\000a\000c\000e}{chapter.10}% 225
\BOOKMARK [2][-]{subsection.10.6.1}{\376\377\000I\000d\000e\000n\000t\000i\000t\000y\000\040\000M\000a\000t\000r\000i\000c\000e\000s\000\040\000a\000n\000d\000\040\000I\000n\000v\000e\000r\000s\000i\000o\000n}{section.10.6}% 226
\BOOKMARK [2][-]{subsection.10.6.2}{\376\377\000M\000a\000t\000r\000i\000x\000\040\000I\000n\000v\000e\000r\000s\000i\000o\000n\000\040\000a\000n\000d\000\040\000L\000i\000n\000e\000a\000r\000\040\000S\000y\000s\000t\000e\000m\000s}{section.10.6}% 227
\BOOKMARK [2][-]{subsection.10.6.3}{\376\377\000M\000a\000t\000r\000i\000x\000\040\000R\000a\000n\000k}{section.10.6}% 228
\BOOKMARK [1][-]{section.10.7}{\376\377\000F\000a\000c\000t\000o\000r\000i\000n\000g\000\040\000M\000a\000t\000r\000i\000c\000e\000s}{chapter.10}% 229
\BOOKMARK [2][-]{subsection.10.7.1}{\376\377\000W\000h\000y\000\040\000F\000a\000c\000t\000o\000r\000\040\000F\000e\000a\000t\000u\000r\000e\000\040\000M\000a\000t\000r\000i\000c\000e\000s\000?}{section.10.7}% 230
\BOOKMARK [2][-]{subsection.10.7.2}{\376\377\000L\000U\000\040\000D\000e\000c\000o\000m\000p\000o\000s\000i\000t\000i\000o\000n\000\040\000a\000n\000d\000\040\000D\000e\000t\000e\000r\000m\000i\000n\000a\000n\000t\000s}{section.10.7}% 231
\BOOKMARK [1][-]{section.10.8}{\376\377\000E\000i\000g\000e\000n\000v\000a\000l\000u\000e\000s\000\040\000a\000n\000d\000\040\000E\000i\000g\000e\000n\000v\000e\000c\000t\000o\000r\000s}{chapter.10}% 232
\BOOKMARK [2][-]{subsection.10.8.1}{\376\377\000P\000r\000o\000p\000e\000r\000t\000i\000e\000s\000\040\000o\000f\000\040\000E\000i\000g\000e\000n\000v\000a\000l\000u\000e\000s}{section.10.8}% 233
\BOOKMARK [2][-]{subsection.10.8.2}{\376\377\000C\000o\000m\000p\000u\000t\000i\000n\000g\000\040\000E\000i\000g\000e\000n\000v\000a\000l\000u\000e\000s}{section.10.8}% 234
\BOOKMARK [1][-]{section.10.9}{\376\377\000E\000i\000g\000e\000n\000v\000a\000l\000u\000e\000\040\000D\000e\000c\000o\000m\000p\000o\000s\000i\000t\000i\000o\000n}{chapter.10}% 235
\BOOKMARK [2][-]{subsection.10.9.1}{\376\377\000S\000i\000n\000g\000u\000l\000a\000r\000\040\000V\000a\000l\000u\000e\000\040\000D\000e\000c\000o\000m\000p\000o\000s\000i\000t\000i\000o\000n}{section.10.9}% 236
\BOOKMARK [2][-]{subsection.10.9.2}{\376\377\000P\000r\000i\000n\000c\000i\000p\000a\000l\000\040\000C\000o\000m\000p\000o\000n\000e\000n\000t\000s\000\040\000A\000n\000a\000l\000y\000s\000i\000s}{section.10.9}% 237
\BOOKMARK [1][-]{section.10.10}{\376\377\000W\000a\000r\000\040\000S\000t\000o\000r\000y\000:\000\040\000T\000h\000e\000\040\000H\000u\000m\000a\000n\000\040\000F\000a\000c\000t\000o\000r\000s}{chapter.10}% 238
\BOOKMARK [1][-]{section.10.11}{\376\377\000C\000h\000a\000p\000t\000e\000r\000\040\000N\000o\000t\000e\000s}{chapter.10}% 239
\BOOKMARK [1][-]{section.10.12}{\376\377\000B\000a\000s\000i\000c\000\040\000L\000i\000n\000e\000a\000r\000\040\000A\000l\000g\000e\000b\000r\000a}{chapter.10}% 240
\BOOKMARK [1][-]{section.10.13}{\376\377\000I\000m\000p\000l\000e\000m\000e\000n\000t\000a\000t\000i\000o\000n\000\040\000P\000r\000o\000j\000e\000c\000t\000s}{chapter.10}% 241
\BOOKMARK [1][-]{section.10.14}{\376\377\000I\000n\000t\000e\000r\000v\000i\000e\000w\000\040\000Q\000u\000e\000s\000t\000i\000o\000n\000s}{chapter.10}% 242
\BOOKMARK [2][-]{subsection.10.14.1}{\376\377\000K\000a\000g\000g\000l\000e\000\040\000C\000h\000a\000l\000l\000e\000n\000g\000e\000s}{section.10.14}% 243
\BOOKMARK [0][-]{chapter.11}{\376\377\000L\000i\000n\000e\000a\000r\000\040\000a\000n\000d\000\040\000L\000o\000g\000i\000s\000t\000i\000c\000\040\000R\000e\000g\000r\000e\000s\000s\000i\000o\000n}{}% 244
\BOOKMARK [1][-]{section.11.1}{\376\377\000L\000i\000n\000e\000a\000r\000\040\000R\000e\000g\000r\000e\000s\000s\000i\000o\000n}{chapter.11}% 245
\BOOKMARK [2][-]{subsection.11.1.1}{\376\377\000L\000i\000n\000e\000a\000r\000\040\000R\000e\000g\000r\000e\000s\000s\000i\000o\000n\000\040\000a\000n\000d\000\040\000D\000u\000a\000l\000i\000t\000y}{section.11.1}% 246
\BOOKMARK [2][-]{subsection.11.1.2}{\376\377\000E\000r\000r\000o\000r\000\040\000i\000n\000\040\000L\000i\000n\000e\000a\000r\000\040\000R\000e\000g\000r\000e\000s\000s\000i\000o\000n}{section.11.1}% 247
\BOOKMARK [2][-]{subsection.11.1.3}{\376\377\000F\000i\000n\000d\000i\000n\000g\000\040\000t\000h\000e\000\040\000O\000p\000t\000i\000m\000a\000l\000\040\000F\000i\000t}{section.11.1}% 248
\BOOKMARK [1][-]{section.11.2}{\376\377\000B\000e\000t\000t\000e\000r\000\040\000R\000e\000g\000r\000e\000s\000s\000i\000o\000n\000\040\000M\000o\000d\000e\000l\000s}{chapter.11}% 249
\BOOKMARK [2][-]{subsection.11.2.1}{\376\377\000R\000e\000m\000o\000v\000i\000n\000g\000\040\000O\000u\000t\000l\000i\000e\000r\000s}{section.11.2}% 250
\BOOKMARK [2][-]{subsection.11.2.2}{\376\377\000F\000i\000t\000t\000i\000n\000g\000\040\000N\000o\000n\000-\000L\000i\000n\000e\000a\000r\000\040\000F\000u\000n\000c\000t\000i\000o\000n\000s}{section.11.2}% 251
\BOOKMARK [2][-]{subsection.11.2.3}{\376\377\000F\000e\000a\000t\000u\000r\000e\000\040\000a\000n\000d\000\040\000T\000a\000r\000g\000e\000t\000\040\000S\000c\000a\000l\000i\000n\000g}{section.11.2}% 252
\BOOKMARK [1][-]{section.11.3}{\376\377\000F\000e\000a\000t\000u\000r\000e\000\040\000S\000c\000a\000l\000i\000n\000g\000:\000\040\000Z\000-\000S\000c\000o\000r\000e\000s}{chapter.11}% 253
\BOOKMARK [1][-]{section.11.4}{\376\377\000S\000u\000b\000l\000i\000n\000e\000a\000r\000\040\000F\000e\000a\000t\000u\000r\000e\000\040\000S\000c\000a\000l\000i\000n\000g}{chapter.11}% 254
\BOOKMARK [1][-]{section.11.5}{\376\377\000S\000u\000b\000l\000i\000n\000e\000a\000r\000\040\000T\000a\000r\000g\000e\000t\000\040\000S\000c\000a\000l\000i\000n\000g}{chapter.11}% 255
\BOOKMARK [2][-]{subsection.11.5.1}{\376\377\000D\000e\000a\000l\000i\000n\000g\000\040\000w\000i\000t\000h\000\040\000H\000i\000g\000h\000l\000y\000-\000C\000o\000r\000r\000e\000l\000a\000t\000e\000d\000\040\000F\000e\000a\000t\000u\000r\000e\000s}{section.11.5}% 256
\BOOKMARK [1][-]{section.11.6}{\376\377\000W\000a\000r\000\040\000S\000t\000o\000r\000y\000:\000\040\000T\000a\000x\000i\000\040\000D\000e\000r\000i\000v\000e\000r}{chapter.11}% 257
\BOOKMARK [1][-]{section.11.7}{\376\377\000R\000e\000g\000r\000e\000s\000s\000i\000o\000n\000\040\000a\000s\000\040\000P\000a\000r\000a\000m\000e\000t\000e\000r\000\040\000F\000i\000t\000t\000i\000n\000g}{chapter.11}% 258
\BOOKMARK [2][-]{subsection.11.7.1}{\376\377\000C\000o\000n\000v\000e\000x\000\040\000P\000a\000r\000a\000m\000e\000t\000e\000r\000\040\000S\000p\000a\000c\000e\000s}{section.11.7}% 259
\BOOKMARK [2][-]{subsection.11.7.2}{\376\377\000G\000r\000a\000d\000i\000e\000n\000t\000\040\000D\000e\000s\000c\000e\000n\000t\000\040\000S\000e\000a\000r\000c\000h}{section.11.7}% 260
\BOOKMARK [1][-]{section.11.8}{\376\377\000G\000r\000a\000d\000i\000e\000n\000t\000\040\000d\000e\000s\000c\000e\000n\000t\000\040\000s\000e\000a\000r\000c\000h\000\040\000i\000n\000\040\000t\000w\000o\000\040\000d\000i\000m\000e\000n\000s\000i\000o\000n\000s}{chapter.11}% 261
\BOOKMARK [2][-]{subsection.11.8.1}{\376\377\000W\000h\000a\000t\000\040\000i\000s\000\040\000t\000h\000e\000\040\000R\000i\000g\000h\000t\000\040\000L\000e\000a\000r\000n\000i\000n\000g\000\040\000R\000a\000t\000e\000?}{section.11.8}% 262
\BOOKMARK [2][-]{subsection.11.8.2}{\376\377\000S\000t\000o\000c\000h\000a\000s\000t\000i\000c\000\040\000G\000r\000a\000d\000i\000e\000n\000t\000\040\000D\000e\000s\000c\000e\000n\000t}{section.11.8}% 263
\BOOKMARK [1][-]{section.11.9}{\376\377\000S\000i\000m\000p\000l\000i\000f\000y\000i\000n\000g\000\040\000M\000o\000d\000e\000l\000s\000\040\000t\000h\000r\000o\000u\000g\000h\000\040\000R\000e\000g\000u\000l\000a\000r\000i\000z\000a\000t\000i\000o\000n}{chapter.11}% 264
\BOOKMARK [2][-]{subsection.11.9.1}{\376\377\000R\000i\000d\000g\000e\000\040\000R\000e\000g\000r\000e\000s\000s\000i\000o\000n}{section.11.9}% 265
\BOOKMARK [2][-]{subsection.11.9.2}{\376\377\000L\000A\000S\000S\000O\000\040\000R\000e\000g\000r\000e\000s\000s\000i\000o\000n}{section.11.9}% 266
\BOOKMARK [2][-]{subsection.11.9.3}{\376\377\000T\000r\000a\000d\000e\000-\000O\000f\000f\000s\000\040\000b\000e\000t\000w\000e\000e\000n\000\040\000F\000i\000t\000\040\000a\000n\000d\000\040\000C\000o\000m\000p\000l\000e\000x\000i\000t\000y}{section.11.9}% 267
\BOOKMARK [2][-]{subsection.11.9.4}{\376\377\000C\000l\000a\000s\000s\000i\000f\000i\000c\000a\000t\000i\000o\000n\000\040\000a\000n\000d\000\040\000L\000o\000g\000i\000s\000t\000i\000c\000\040\000R\000e\000g\000r\000e\000s\000s\000i\000o\000n}{section.11.9}% 268
\BOOKMARK [2][-]{subsection.11.9.5}{\376\377\000R\000e\000g\000r\000e\000s\000s\000i\000o\000n\000\040\000f\000o\000r\000\040\000C\000l\000a\000s\000s\000i\000f\000i\000c\000a\000t\000i\000o\000n}{section.11.9}% 269
\BOOKMARK [2][-]{subsection.11.9.6}{\376\377\000D\000e\000c\000i\000s\000i\000o\000n\000\040\000B\000o\000u\000n\000d\000a\000r\000i\000e\000s}{section.11.9}% 270
\BOOKMARK [2][-]{subsection.11.9.7}{\376\377\000L\000o\000g\000i\000s\000t\000i\000c\000\040\000R\000e\000g\000r\000e\000s\000s\000i\000o\000n}{section.11.9}% 271
\BOOKMARK [2][-]{subsection.11.9.8}{\376\377\000I\000s\000s\000u\000e\000s\000\040\000i\000n\000\040\000L\000o\000g\000i\000s\000t\000i\000c\000\040\000C\000l\000a\000s\000s\000i\000f\000i\000c\000a\000t\000i\000o\000n}{section.11.9}% 272
\BOOKMARK [2][-]{subsection.11.9.9}{\376\377\000B\000a\000l\000a\000n\000c\000e\000d\000\040\000T\000r\000a\000i\000n\000i\000n\000g\000\040\000C\000l\000a\000s\000s\000e\000s}{section.11.9}% 273
\BOOKMARK [2][-]{subsection.11.9.10}{\376\377\000M\000u\000l\000t\000i\000-\000C\000l\000a\000s\000s\000\040\000C\000l\000a\000s\000s\000i\000f\000i\000c\000a\000t\000i\000o\000n}{section.11.9}% 274
\BOOKMARK [2][-]{subsection.11.9.11}{\376\377\000H\000i\000e\000r\000a\000r\000c\000h\000i\000c\000a\000l\000\040\000C\000l\000a\000s\000s\000i\000f\000i\000c\000a\000t\000i\000o\000n}{section.11.9}% 275
\BOOKMARK [2][-]{subsection.11.9.12}{\376\377\000P\000a\000r\000t\000i\000t\000i\000o\000n\000\040\000F\000u\000n\000c\000t\000i\000o\000n\000s\000\040\000a\000n\000d\000\040\000M\000u\000l\000t\000i\000n\000o\000m\000i\000a\000l\000\040\000R\000e\000g\000r\000e\000s\000s\000i\000o\000n}{section.11.9}% 276
\BOOKMARK [1][-]{section.11.10}{\376\377\000C\000h\000a\000p\000t\000e\000r\000\040\000N\000o\000t\000e\000s}{chapter.11}% 277
\BOOKMARK [1][-]{section.11.11}{\376\377\000E\000x\000p\000e\000r\000i\000m\000e\000n\000t\000s\000\040\000w\000i\000t\000h\000\040\000L\000i\000n\000e\000a\000r\000\040\000R\000e\000g\000r\000e\000s\000s\000i\000o\000n}{chapter.11}% 278
\BOOKMARK [1][-]{section.11.12}{\376\377\000I\000m\000p\000l\000e\000m\000e\000n\000t\000a\000t\000i\000o\000n\000\040\000P\000r\000o\000j\000e\000c\000t\000s}{chapter.11}% 279
\BOOKMARK [1][-]{section.11.13}{\376\377\000I\000n\000t\000e\000r\000v\000i\000e\000w\000\040\000Q\000u\000e\000s\000t\000i\000o\000n\000s}{chapter.11}% 280
\BOOKMARK [2][-]{subsection.11.13.1}{\376\377\000K\000a\000g\000g\000l\000e\000\040\000C\000h\000a\000l\000l\000e\000n\000g\000e\000s}{section.11.13}% 281
\BOOKMARK [0][-]{chapter.12}{\376\377\000D\000i\000s\000t\000a\000n\000c\000e\000\040\000a\000n\000d\000\040\000N\000e\000t\000w\000o\000r\000k\000\040\000M\000e\000t\000h\000o\000d\000s}{}% 282
\BOOKMARK [1][-]{section.12.1}{\376\377\000M\000e\000a\000s\000u\000r\000i\000n\000g\000\040\000D\000i\000s\000t\000a\000n\000c\000e\000s}{chapter.12}% 283
\BOOKMARK [2][-]{subsection.12.1.1}{\376\377\000D\000i\000s\000t\000a\000n\000c\000e\000\040\000M\000e\000t\000r\000i\000c\000s}{section.12.1}% 284
\BOOKMARK [2][-]{subsection.12.1.2}{\376\377\000T\000h\000e\000\040\000L\000_\000k\000\040\000D\000i\000s\000t\000a\000n\000c\000e\000\040\000M\000e\000t\000r\000i\000c}{section.12.1}% 285
\BOOKMARK [2][-]{subsection.12.1.3}{\376\377\000W\000o\000r\000k\000i\000n\000g\000\040\000i\000n\000\040\000H\000i\000g\000h\000e\000r\000\040\000D\000i\000m\000e\000n\000s\000i\000o\000n\000s}{section.12.1}% 286
\BOOKMARK [2][-]{subsection.12.1.4}{\376\377\000D\000i\000m\000e\000n\000s\000i\000o\000n\000a\000l\000\040\000E\000g\000a\000l\000i\000t\000a\000r\000i\000a\000n\000i\000s\000m}{section.12.1}% 287
\BOOKMARK [2][-]{subsection.12.1.5}{\376\377\000P\000o\000i\000n\000t\000s\000\040\000v\000s\000.\000\040\000V\000e\000c\000t\000o\000r\000s}{section.12.1}% 288
\BOOKMARK [2][-]{subsection.12.1.6}{\376\377\000D\000i\000s\000t\000a\000n\000c\000e\000s\000\040\000b\000e\000t\000w\000e\000e\000n\000\040\000P\000r\000o\000b\000a\000b\000i\000l\000i\000t\000y\000\040\000D\000i\000s\000t\000r\000i\000b\000u\000t\000i\000o\000n\000s}{section.12.1}% 289
\BOOKMARK [2][-]{subsection.12.1.7}{\376\377\000N\000e\000a\000r\000e\000s\000t\000\040\000N\000e\000i\000g\000h\000b\000o\000r\000\040\000C\000l\000a\000s\000s\000i\000f\000i\000c\000a\000t\000i\000o\000n}{section.12.1}% 290
\BOOKMARK [2][-]{subsection.12.1.8}{\376\377\000S\000e\000e\000k\000i\000n\000g\000\040\000G\000o\000o\000d\000\040\000A\000n\000a\000l\000o\000g\000i\000e\000s}{section.12.1}% 291
\BOOKMARK [2][-]{subsection.12.1.9}{\376\377\000k\000-\000N\000e\000a\000r\000e\000s\000t\000\040\000N\000e\000i\000g\000h\000b\000o\000r\000s}{section.12.1}% 292
\BOOKMARK [2][-]{subsection.12.1.10}{\376\377\000F\000i\000n\000d\000i\000n\000g\000\040\000N\000e\000a\000r\000e\000s\000t\000\040\000N\000e\000i\000g\000h\000b\000o\000r\000s}{section.12.1}% 293
\BOOKMARK [2][-]{subsection.12.1.11}{\376\377\000L\000o\000c\000a\000l\000i\000t\000y\000\040\000S\000e\000n\000s\000i\000t\000i\000v\000e\000\040\000H\000a\000s\000h\000i\000n\000g}{section.12.1}% 294
\BOOKMARK [1][-]{section.12.2}{\376\377\000G\000r\000a\000p\000h\000s\000,\000\040\000N\000e\000t\000w\000o\000r\000k\000s\000,\000\040\000a\000n\000d\000\040\000D\000i\000s\000t\000a\000n\000c\000e\000s}{chapter.12}% 295
\BOOKMARK [2][-]{subsection.12.2.1}{\376\377\000W\000e\000i\000g\000h\000t\000e\000d\000\040\000G\000r\000a\000p\000h\000s\000\040\000a\000n\000d\000\040\000I\000n\000d\000u\000c\000e\000d\000\040\000N\000e\000t\000w\000o\000r\000k\000s}{section.12.2}% 296
\BOOKMARK [2][-]{subsection.12.2.2}{\376\377\000T\000a\000l\000k\000i\000n\000g\000\040\000A\000b\000o\000u\000t\000\040\000G\000r\000a\000p\000h\000s}{section.12.2}% 297
\BOOKMARK [2][-]{subsection.12.2.3}{\376\377\000G\000r\000a\000p\000h\000\040\000T\000h\000e\000o\000r\000y}{section.12.2}% 298
\BOOKMARK [1][-]{section.12.3}{\376\377\000P\000a\000g\000e\000R\000a\000n\000k}{chapter.12}% 299
\BOOKMARK [1][-]{section.12.4}{\376\377\000C\000l\000u\000s\000t\000e\000r\000i\000n\000g}{chapter.12}% 300
\BOOKMARK [2][-]{subsection.12.4.1}{\376\377\000k\000-\000m\000e\000a\000n\000s\000\040\000C\000l\000u\000s\000t\000e\000r\000i\000n\000g}{section.12.4}% 301
\BOOKMARK [1][-]{section.12.5}{\376\377\000C\000e\000n\000t\000e\000r\000s\000\040\000o\000r\000\040\000C\000e\000n\000t\000r\000o\000i\000d\000s\000?}{chapter.12}% 302
\BOOKMARK [1][-]{section.12.6}{\376\377\000H\000o\000w\000\040\000M\000a\000n\000y\000\040\000C\000l\000u\000s\000t\000e\000r\000s\000?}{chapter.12}% 303
\BOOKMARK [1][-]{section.12.7}{\376\377\000E\000x\000p\000e\000c\000t\000a\000t\000i\000o\000n\000\040\000M\000a\000x\000i\000m\000i\000z\000a\000t\000i\000o\000n}{chapter.12}% 304
\BOOKMARK [2][-]{subsection.12.7.1}{\376\377\000A\000g\000g\000l\000o\000m\000e\000r\000a\000t\000i\000v\000e\000\040\000C\000l\000u\000s\000t\000e\000r\000i\000n\000g}{section.12.7}% 305
\BOOKMARK [1][-]{section.12.8}{\376\377\000U\000s\000i\000n\000g\000\040\000A\000g\000g\000l\000o\000m\000e\000r\000a\000t\000i\000v\000e\000\040\000T\000r\000e\000e\000s}{chapter.12}% 306
\BOOKMARK [1][-]{section.12.9}{\376\377\000B\000u\000i\000l\000d\000i\000n\000g\000\040\000A\000g\000g\000l\000o\000m\000e\000r\000a\000t\000i\000v\000e\000\040\000C\000l\000u\000s\000t\000e\000r\000\040\000T\000r\000e\000e\000s}{chapter.12}% 307
\BOOKMARK [2][-]{subsection.12.9.1}{\376\377\000C\000o\000m\000p\000a\000r\000i\000n\000g\000\040\000C\000l\000u\000s\000t\000e\000r\000i\000n\000g\000s}{section.12.9}% 308
\BOOKMARK [2][-]{subsection.12.9.2}{\376\377\000S\000i\000m\000i\000l\000a\000r\000i\000t\000y\000\040\000G\000r\000a\000p\000h\000s\000\040\000a\000n\000d\000\040\000C\000u\000t\000-\000B\000a\000s\000e\000d\000\040\000C\000l\000u\000s\000t\000e\000r\000i\000n\000g}{section.12.9}% 309
\BOOKMARK [1][-]{section.12.10}{\376\377\000C\000u\000t\000s\000\040\000i\000n\000\040\000G\000r\000a\000p\000h\000s}{chapter.12}% 310
\BOOKMARK [1][-]{section.12.11}{\376\377\000W\000a\000r\000\040\000S\000t\000o\000r\000y\000:\000\040\000C\000l\000u\000s\000t\000e\000r\000\040\000B\000o\000m\000b\000i\000n\000g}{chapter.12}% 311
\BOOKMARK [1][-]{section.12.12}{\376\377\000C\000h\000a\000p\000t\000e\000r\000\040\000N\000o\000t\000e\000s}{chapter.12}% 312
\BOOKMARK [1][-]{section.12.13}{\376\377\000N\000e\000t\000w\000o\000r\000k\000s}{chapter.12}% 313
\BOOKMARK [1][-]{section.12.14}{\376\377\000I\000m\000p\000l\000e\000m\000e\000n\000t\000a\000t\000i\000o\000n\000\040\000P\000r\000o\000j\000e\000c\000t\000s}{chapter.12}% 314
\BOOKMARK [1][-]{section.12.15}{\376\377\000I\000n\000t\000e\000r\000v\000i\000e\000w\000\040\000Q\000u\000e\000s\000t\000i\000o\000n\000s}{chapter.12}% 315
\BOOKMARK [2][-]{subsection.12.15.1}{\376\377\000K\000a\000g\000g\000l\000e\000\040\000C\000h\000a\000l\000l\000e\000n\000g\000e\000s}{section.12.15}% 316
\BOOKMARK [0][-]{chapter.13}{\376\377\000M\000a\000c\000h\000i\000n\000e\000\040\000L\000e\000a\000r\000n\000i\000n\000g}{}% 317
\BOOKMARK [1][-]{section.13.1}{\376\377\000N\000a\000i\000v\000e\000\040\000B\000a\000y\000e\000s}{chapter.13}% 318
\BOOKMARK [2][-]{subsection.13.1.1}{\376\377\000F\000o\000r\000m\000u\000l\000a\000t\000i\000o\000n}{section.13.1}% 319
\BOOKMARK [2][-]{subsection.13.1.2}{\376\377\000D\000e\000a\000l\000i\000n\000g\000\040\000w\000i\000t\000h\000\040\000Z\000e\000r\000o\000\040\000C\000o\000u\000n\000t\000s\000\040\000\050\000D\000i\000s\000c\000o\000u\000n\000t\000i\000n\000g\000\051}{section.13.1}% 320
\BOOKMARK [2][-]{subsection.13.1.3}{\376\377\000D\000e\000c\000i\000s\000i\000o\000n\000\040\000T\000r\000e\000e\000\040\000C\000l\000a\000s\000s\000i\000f\000i\000e\000r\000s}{section.13.1}% 321
\BOOKMARK [2][-]{subsection.13.1.4}{\376\377\000C\000o\000n\000s\000t\000r\000u\000c\000t\000i\000n\000g\000\040\000D\000e\000c\000i\000s\000i\000o\000n\000\040\000T\000r\000e\000e\000s}{section.13.1}% 322
\BOOKMARK [2][-]{subsection.13.1.5}{\376\377\000R\000e\000a\000l\000i\000z\000i\000n\000g\000\040\000E\000x\000c\000l\000u\000s\000i\000v\000e\000\040\000O\000r}{section.13.1}% 323
\BOOKMARK [2][-]{subsection.13.1.6}{\376\377\000E\000n\000s\000e\000m\000b\000l\000e\000s\000\040\000o\000f\000\040\000D\000e\000c\000i\000s\000i\000o\000n\000\040\000T\000r\000e\000e\000s}{section.13.1}% 324
\BOOKMARK [1][-]{section.13.2}{\376\377\000B\000o\000o\000s\000t\000i\000n\000g\000\040\000a\000n\000d\000\040\000E\000n\000s\000e\000m\000b\000l\000e\000\040\000L\000e\000a\000r\000n\000i\000n\000g}{chapter.13}% 325
\BOOKMARK [2][-]{subsection.13.2.1}{\376\377\000V\000o\000t\000i\000n\000g\000\040\000w\000i\000t\000h\000\040\000C\000l\000a\000s\000s\000i\000f\000i\000e\000r\000s}{section.13.2}% 326
\BOOKMARK [2][-]{subsection.13.2.2}{\376\377\000B\000o\000o\000s\000t\000i\000n\000g\000\040\000A\000l\000g\000o\000r\000i\000t\000h\000m\000s}{section.13.2}% 327
\BOOKMARK [1][-]{section.13.3}{\376\377\000A\000d\000a\000B\000o\000o\000s\000t}{chapter.13}% 328
\BOOKMARK [1][-]{section.13.4}{\376\377\000S\000u\000p\000p\000o\000r\000t\000\040\000V\000e\000c\000t\000o\000r\000\040\000M\000a\000c\000h\000i\000n\000e\000s}{chapter.13}% 329
\BOOKMARK [2][-]{subsection.13.4.1}{\376\377\000L\000i\000n\000e\000a\000r\000\040\000S\000V\000M\000s}{section.13.4}% 330
\BOOKMARK [2][-]{subsection.13.4.2}{\376\377\000N\000o\000n\000-\000l\000i\000n\000e\000a\000r\000\040\000S\000V\000M\000s}{section.13.4}% 331
\BOOKMARK [2][-]{subsection.13.4.3}{\376\377\000K\000e\000r\000n\000e\000l\000s}{section.13.4}% 332
\BOOKMARK [1][-]{section.13.5}{\376\377\000D\000e\000g\000r\000e\000e\000s\000\040\000o\000f\000\040\000S\000u\000p\000e\000r\000v\000i\000s\000i\000o\000n}{chapter.13}% 333
\BOOKMARK [2][-]{subsection.13.5.1}{\376\377\000S\000u\000p\000e\000r\000v\000i\000s\000e\000d\000\040\000L\000e\000a\000r\000n\000i\000n\000g}{section.13.5}% 334
\BOOKMARK [2][-]{subsection.13.5.2}{\376\377\000U\000n\000s\000u\000p\000e\000r\000v\000i\000s\000e\000d\000\040\000L\000e\000a\000r\000n\000i\000n\000g}{section.13.5}% 335
\BOOKMARK [1][-]{section.13.6}{\376\377\000T\000o\000p\000i\000c\000\040\000M\000o\000d\000e\000l\000i\000n\000g}{chapter.13}% 336
\BOOKMARK [2][-]{subsection.13.6.1}{\376\377\000S\000e\000m\000i\000-\000s\000u\000p\000e\000r\000v\000i\000s\000e\000d\000\040\000L\000e\000a\000r\000n\000i\000n\000g}{section.13.6}% 337
\BOOKMARK [2][-]{subsection.13.6.2}{\376\377\000F\000e\000a\000t\000u\000r\000e\000\040\000E\000n\000g\000i\000n\000e\000e\000r\000i\000n\000g}{section.13.6}% 338
\BOOKMARK [1][-]{section.13.7}{\376\377\000D\000e\000e\000p\000\040\000L\000e\000a\000r\000n\000i\000n\000g}{chapter.13}% 339
\BOOKMARK [2][-]{subsection.13.7.1}{\376\377\000N\000e\000t\000w\000o\000r\000k\000s\000\040\000a\000n\000d\000\040\000D\000e\000p\000t\000h}{section.13.7}% 340
\BOOKMARK [1][-]{section.13.8}{\376\377\000N\000e\000t\000w\000o\000r\000k\000\040\000D\000e\000p\000t\000h}{chapter.13}% 341
\BOOKMARK [1][-]{section.13.9}{\376\377\000N\000o\000n\000-\000l\000i\000n\000e\000a\000r\000i\000t\000y}{chapter.13}% 342
\BOOKMARK [2][-]{subsection.13.9.1}{\376\377\000B\000a\000c\000k\000p\000r\000o\000p\000a\000g\000a\000t\000i\000o\000n}{section.13.9}% 343
\BOOKMARK [2][-]{subsection.13.9.2}{\376\377\000W\000o\000r\000d\000\040\000a\000n\000d\000\040\000G\000r\000a\000p\000h\000\040\000E\000m\000b\000e\000d\000d\000i\000n\000g\000s}{section.13.9}% 344
\BOOKMARK [1][-]{section.13.10}{\376\377\000G\000r\000a\000p\000h\000\040\000E\000m\000b\000e\000d\000d\000i\000n\000g\000s}{chapter.13}% 345
\BOOKMARK [1][-]{section.13.11}{\376\377\000W\000a\000r\000\040\000S\000t\000o\000r\000y\000:\000\040\000T\000h\000e\000\040\000N\000a\000m\000e\000\040\000G\000a\000m\000e}{chapter.13}% 346
\BOOKMARK [1][-]{section.13.12}{\376\377\000C\000h\000a\000p\000t\000e\000r\000\040\000N\000o\000t\000e\000s}{chapter.13}% 347
\BOOKMARK [1][-]{section.13.13}{\376\377\000C\000l\000a\000s\000s\000i\000f\000i\000c\000a\000t\000i\000o\000n}{chapter.13}% 348
\BOOKMARK [1][-]{section.13.14}{\376\377\000D\000e\000c\000i\000s\000i\000o\000n\000\040\000T\000r\000e\000e\000s}{chapter.13}% 349
\BOOKMARK [1][-]{section.13.15}{\376\377\000N\000e\000u\000r\000a\000l\000\040\000N\000e\000t\000w\000o\000r\000k\000s}{chapter.13}% 350
\BOOKMARK [1][-]{section.13.16}{\376\377\000I\000m\000p\000l\000e\000m\000e\000n\000t\000a\000t\000i\000o\000n\000\040\000P\000r\000o\000j\000e\000c\000t\000s}{chapter.13}% 351
\BOOKMARK [1][-]{section.13.17}{\376\377\000I\000n\000t\000e\000r\000v\000i\000e\000w\000\040\000Q\000u\000e\000s\000t\000i\000o\000n\000s}{chapter.13}% 352
\BOOKMARK [2][-]{subsection.13.17.1}{\376\377\000K\000a\000g\000g\000l\000e\000\040\000C\000h\000a\000l\000l\000e\000n\000g\000e\000s}{section.13.17}% 353
\BOOKMARK [0][-]{chapter.14}{\376\377\000B\000i\000g\000\040\000D\000a\000t\000a\000:\000\040\000A\000c\000h\000i\000e\000v\000i\000n\000g\000\040\000S\000c\000a\000l\000e}{}% 354
\BOOKMARK [1][-]{section.14.1}{\376\377\000W\000h\000a\000t\000\040\000i\000s\000\040\000B\000i\000g\000\040\000D\000a\000t\000a\000?}{chapter.14}% 355
\BOOKMARK [2][-]{subsection.14.1.1}{\376\377\000B\000i\000g\000\040\000D\000a\000t\000a\000\040\000a\000s\000\040\000B\000a\000d\000\040\000D\000a\000t\000a}{section.14.1}% 356
\BOOKMARK [2][-]{subsection.14.1.2}{\376\377\000T\000h\000e\000\040\000T\000h\000r\000e\000e\000\040\000V\000s}{section.14.1}% 357
\BOOKMARK [1][-]{section.14.2}{\376\377\000W\000a\000r\000\040\000S\000t\000o\000r\000y\000:\000\040\000I\000n\000f\000r\000a\000s\000t\000r\000u\000c\000t\000u\000r\000e\000\040\000M\000a\000t\000t\000e\000r\000s}{chapter.14}% 358
\BOOKMARK [1][-]{section.14.3}{\376\377\000A\000l\000g\000o\000r\000i\000t\000h\000m\000i\000c\000s\000\040\000f\000o\000r\000\040\000B\000i\000g\000\040\000D\000a\000t\000a}{chapter.14}% 359
\BOOKMARK [2][-]{subsection.14.3.1}{\376\377\000B\000i\000g\000\040\000O\000h\000\040\000A\000n\000a\000l\000y\000s\000i\000s}{section.14.3}% 360
\BOOKMARK [2][-]{subsection.14.3.2}{\376\377\000H\000a\000s\000h\000i\000n\000g}{section.14.3}% 361
\BOOKMARK [2][-]{subsection.14.3.3}{\376\377\000E\000x\000p\000l\000o\000i\000t\000i\000n\000g\000\040\000t\000h\000e\000\040\000S\000t\000o\000r\000a\000g\000e\000\040\000H\000i\000e\000r\000a\000r\000c\000h\000y}{section.14.3}% 362
\BOOKMARK [2][-]{subsection.14.3.4}{\376\377\000S\000t\000r\000e\000a\000m\000i\000n\000g\000\040\000a\000n\000d\000\040\000S\000i\000n\000g\000l\000e\000-\000P\000a\000s\000s\000\040\000A\000l\000g\000o\000r\000i\000t\000h\000m\000s}{section.14.3}% 363
\BOOKMARK [1][-]{section.14.4}{\376\377\000F\000i\000l\000t\000e\000r\000i\000n\000g\000\040\000a\000n\000d\000\040\000S\000a\000m\000p\000l\000i\000n\000g}{chapter.14}% 364
\BOOKMARK [2][-]{subsection.14.4.1}{\376\377\000D\000e\000t\000e\000r\000m\000i\000n\000i\000s\000t\000i\000c\000\040\000S\000a\000m\000p\000l\000i\000n\000g\000\040\000A\000l\000g\000o\000r\000i\000t\000h\000m\000s}{section.14.4}% 365
\BOOKMARK [2][-]{subsection.14.4.2}{\376\377\000R\000a\000n\000d\000o\000m\000i\000z\000e\000d\000\040\000a\000n\000d\000\040\000S\000t\000r\000e\000a\000m\000\040\000S\000a\000m\000p\000l\000i\000n\000g}{section.14.4}% 366
\BOOKMARK [1][-]{section.14.5}{\376\377\000P\000a\000r\000a\000l\000l\000e\000l\000i\000s\000m}{chapter.14}% 367
\BOOKMARK [2][-]{subsection.14.5.1}{\376\377\000O\000n\000e\000,\000\040\000T\000w\000o\000,\000\040\000M\000a\000n\000y}{section.14.5}% 368
\BOOKMARK [2][-]{subsection.14.5.2}{\376\377\000D\000a\000t\000a\000\040\000P\000a\000r\000a\000l\000l\000e\000l\000i\000s\000m}{section.14.5}% 369
\BOOKMARK [2][-]{subsection.14.5.3}{\376\377\000G\000r\000i\000d\000\040\000S\000e\000a\000r\000c\000h}{section.14.5}% 370
\BOOKMARK [2][-]{subsection.14.5.4}{\376\377\000C\000l\000o\000u\000d\000\040\000C\000o\000m\000p\000u\000t\000i\000n\000g\000\040\000S\000e\000r\000v\000i\000c\000e\000s}{section.14.5}% 371
\BOOKMARK [1][-]{section.14.6}{\376\377\000M\000a\000p\000R\000e\000d\000u\000c\000e}{chapter.14}% 372
\BOOKMARK [2][-]{subsection.14.6.1}{\376\377\000M\000a\000p\000-\000R\000e\000d\000u\000c\000e\000\040\000P\000r\000o\000g\000r\000a\000m\000m\000i\000n\000g}{section.14.6}% 373
\BOOKMARK [2][-]{subsection.14.6.2}{\376\377\000M\000a\000p\000R\000e\000d\000u\000c\000e\000\040\000u\000n\000d\000e\000r\000\040\000t\000h\000e\000\040\000H\000o\000o\000d}{section.14.6}% 374
\BOOKMARK [1][-]{section.14.7}{\376\377\000D\000i\000s\000t\000r\000i\000b\000u\000t\000e\000d\000\040\000F\000i\000l\000e\000\040\000S\000y\000s\000t\000e\000m\000s}{chapter.14}% 375
\BOOKMARK [1][-]{section.14.8}{\376\377\000M\000a\000p\000R\000e\000d\000u\000c\000e\000\040\000R\000u\000n\000t\000i\000m\000e\000\040\000S\000y\000s\000t\000e\000m}{chapter.14}% 376
\BOOKMARK [1][-]{section.14.9}{\376\377\000L\000a\000y\000e\000r\000s\000\040\000u\000p\000o\000n\000\040\000L\000a\000y\000e\000r\000s}{chapter.14}% 377
\BOOKMARK [1][-]{section.14.10}{\376\377\000S\000o\000c\000i\000e\000t\000a\000l\000\040\000a\000n\000d\000\040\000E\000t\000h\000i\000c\000a\000l\000\040\000I\000m\000p\000l\000i\000c\000a\000t\000i\000o\000n\000s}{chapter.14}% 378
\BOOKMARK [1][-]{section.14.11}{\376\377\000C\000h\000a\000p\000t\000e\000r\000\040\000N\000o\000t\000e\000s}{chapter.14}% 379
\BOOKMARK [1][-]{section.14.12}{\376\377\000P\000a\000r\000a\000l\000l\000e\000l\000\040\000a\000n\000d\000\040\000D\000i\000s\000t\000r\000i\000b\000u\000t\000e\000d\000\040\000P\000r\000o\000c\000e\000s\000s\000i\000n\000g}{chapter.14}% 380
\BOOKMARK [1][-]{section.14.13}{\376\377\000E\000t\000h\000i\000c\000s}{chapter.14}% 381
\BOOKMARK [1][-]{section.14.14}{\376\377\000I\000m\000p\000l\000e\000m\000e\000n\000t\000a\000t\000i\000o\000n\000\040\000P\000r\000o\000j\000e\000c\000t\000s}{chapter.14}% 382
\BOOKMARK [1][-]{section.14.15}{\376\377\000I\000n\000t\000e\000r\000v\000i\000e\000w\000\040\000Q\000u\000e\000s\000t\000i\000o\000n\000s}{chapter.14}% 383
\BOOKMARK [2][-]{subsection.14.15.1}{\376\377\000K\000a\000g\000g\000l\000e\000\040\000C\000h\000a\000l\000l\000e\000n\000g\000e\000s}{section.14.15}% 384
\BOOKMARK [0][-]{chapter.15}{\376\377\000C\000o\000d\000a}{}% 385
\BOOKMARK [1][-]{section.15.1}{\376\377\000G\000e\000t\000\040\000a\000\040\000J\000o\000b\000!}{chapter.15}% 386
\BOOKMARK [1][-]{section.15.2}{\376\377\000G\000o\000\040\000t\000o\000\040\000G\000r\000a\000d\000u\000a\000t\000e\000\040\000S\000c\000h\000o\000o\000l\000!}{chapter.15}% 387
\BOOKMARK [1][-]{section.15.3}{\376\377\000P\000r\000o\000f\000e\000s\000s\000i\000o\000n\000a\000l\000\040\000C\000o\000n\000s\000u\000l\000t\000i\000n\000g\000\040\000S\000e\000r\000v\000i\000c\000e\000s}{chapter.15}% 388
\BOOKMARK [0][-]{chapter.16}{\376\377\000B\000i\000b\000l\000i\000o\000g\000r\000a\000p\000h\000y}{}% 389
\BOOKMARK [0][-]{chapter.17}{\376\377\000I\000n\000d\000e\000x}{}% 390
