\BOOKMARK [1][-]{section.0.1}{\376\377\000t\000o\000\040\000A\000s\000s\000e\000m\000b\000l\000y}{}% 1
\BOOKMARK [1][-]{section.0.2}{\376\377\000A\000\040\000C\000o\000n\000c\000i\000s\000e\000\040\000I\000n\000t\000r\000o\000d\000u\000c\000t\000i\000o\000n}{}% 2
\BOOKMARK [1][-]{section.0.3}{\376\377\000A\000d\000v\000i\000s\000o\000r\000y\000\040\000E\000d\000i\000t\000o\000r\000s}{}% 3
\BOOKMARK [1][-]{section.0.4}{\376\377\000G\000u\000i\000d\000e\000\040\000t\000o\000\040\000A\000s\000s\000e\000m\000b\000l\000y\000\040\000L\000a\000n\000g\000u\000a\000g\000e\000\040}{}% 4
\BOOKMARK [1][-]{section.0.5}{\376\377\000P\000u\000r\000p\000o\000s\000e}{}% 5
\BOOKMARK [1][-]{section.0.6}{\376\377\000N\000e\000e\000d}{}% 6
\BOOKMARK [1][-]{section.0.7}{\376\377\000I\000m\000p\000o\000r\000t\000a\000n\000c\000e\000\040\000o\000f\000\040\000A\000s\000s\000e\000m\000b\000l\000y\000\040\000L\000a\000n\000g\000u\000a\000g\000e}{}% 7
\BOOKMARK [1][-]{section.0.8}{\376\377\000C\000o\000m\000p\000a\000r\000i\000s\000o\000n\000\040\000t\000o\000\040\000C\000o\000m\000p\000u\000t\000e\000r\000\040\000O\000r\000g\000a\000n\000i\000z\000a\000t\000i\000o\000n\000\040\000a\000n\000d\000\040\000O\000t\000h\000e\000r\000\040\000A\000s\000s\000e\000m\000b\000l\000y\000\040\000L\000a\000n\000g\000u\000a\000g\000e\000\040\000T\000e\000x\000t\000b\000o\000o\000k\000s}{}% 8
\BOOKMARK [1][-]{section.0.9}{\376\377\000F\000e\000a\000t\000u\000r\000e\000s\000\040\000o\000f\000\040\000T\000h\000i\000s\000\040\000T\000e\000x\000t}{}% 9
\BOOKMARK [1][-]{section.0.10}{\376\377\000F\000e\000a\000t\000u\000r\000e\000s\000\040\000N\000e\000w\000\040\000t\000o\000\040\000t\000h\000e\000\040\000S\000e\000c\000o\000n\000d\000\040\000E\000d\000i\000t\000i\000o\000n}{}% 10
\BOOKMARK [1][-]{section.0.11}{\376\377\000B\000r\000i\000e\000f\000\040\000O\000v\000e\000r\000v\000i\000e\000w\000\040\000o\000f\000\040\000t\000h\000e\000\040\000C\000h\000a\000p\000t\000e\000r\000s\000\040\000a\000n\000d\000\040\000A\000p\000p\000e\000n\000d\000i\000c\000e\000s}{}% 11
\BOOKMARK [1][-]{section.0.12}{\376\377\000S\000c\000o\000p\000e}{}% 12
\BOOKMARK [1][-]{section.0.13}{\376\377\000A\000u\000d\000i\000e\000n\000c\000e}{}% 13
\BOOKMARK [1][-]{section.0.14}{\376\377\000A\000c\000k\000n\000o\000w\000l\000e\000d\000g\000e\000m\000e\000n\000t\000s}{}% 14
\BOOKMARK [1][-]{section.0.15}{\376\377\000F\000e\000e\000d\000b\000a\000c\000k}{}% 15
\BOOKMARK [0][-]{chapter.1}{\376\377\000C\000o\000n\000t\000e\000n\000t\000s}{}% 16
\BOOKMARK [1][-]{section.1.1}{\376\377\000I\000n\000t\000r\000o\000d\000u\000c\000t\000i\000o\000n}{chapter.1}% 17
\BOOKMARK [1][-]{section.1.2}{\376\377\000T\000h\000e\000\040\000F\000i\000r\000s\000t\000\040\000P\000r\000o\000g\000r\000a\000m}{chapter.1}% 18
\BOOKMARK [1][-]{section.1.3}{\376\377\000V\000a\000r\000i\000a\000b\000l\000e\000\040\000D\000e\000c\000l\000a\000r\000a\000t\000i\000o\000n}{chapter.1}% 19
\BOOKMARK [1][-]{section.1.4}{\376\377\000I\000m\000m\000e\000d\000i\000a\000t\000e\000\040\000D\000a\000t\000a}{chapter.1}% 20
\BOOKMARK [1][-]{section.1.5}{\376\377\000R\000e\000g\000i\000s\000t\000e\000r\000s}{chapter.1}% 21
\BOOKMARK [1][-]{section.1.6}{\376\377\000D\000a\000t\000a\000\040\000M\000o\000v\000e\000m\000e\000n\000t}{chapter.1}% 22
\BOOKMARK [1][-]{section.1.7}{\376\377\000C\000h\000a\000r\000a\000c\000t\000e\000r\000\040\000D\000a\000t\000a}{chapter.1}% 23
\BOOKMARK [1][-]{section.1.8}{\376\377\000E\000r\000r\000o\000r\000s}{chapter.1}% 24
\BOOKMARK [1][-]{section.1.9}{\376\377\000C\000o\000m\000p\000l\000e\000t\000e\000\040\000P\000r\000o\000g\000r\000a\000m\000:\000\040\000I\000m\000p\000l\000e\000m\000e\000n\000t\000i\000n\000g\000\040\000I\000n\000l\000i\000n\000e\000\040\000A\000s\000s\000e\000m\000b\000l\000y\000\040\000i\000n\000\040\000C}{chapter.1}% 25
\BOOKMARK [1][-]{section.1.10}{\376\377\000S\000u\000m\000m\000a\000r\000y}{chapter.1}% 26
\BOOKMARK [1][-]{section.1.11}{\376\377\000E\000x\000e\000r\000c\000i\000s\000e\000s\000\040\000\050\000I\000t\000e\000m\000s\000\040\000M\000a\000r\000k\000e\000d\000\040\000w\000i\000t\000h\000\040\000a\000n\000\040\000*\000\040\000H\000a\000v\000e\000\040\000S\000o\000l\000u\000t\000i\000o\000n\000s\000\040\000i\000n\000\040\000A\000p\000p\000e\000n\000d\000i\000x\000\040\000D\000\051}{chapter.1}% 27
\BOOKMARK [1][-]{section.1.12}{\376\377\000I\000n\000t\000r\000o\000d\000u\000c\000t\000i\000o\000n}{chapter.1}% 28
\BOOKMARK [1][-]{section.1.13}{\376\377\000H\000e\000l\000l\000o\000\040\000W\000o\000r\000l\000d}{chapter.1}% 29
\BOOKMARK [1][-]{section.1.14}{\376\377\000I\000n\000t\000e\000g\000e\000r\000\040\000O\000u\000t\000p\000u\000t}{chapter.1}% 30
\BOOKMARK [1][-]{section.1.15}{\376\377\000I\000n\000t\000e\000g\000e\000r\000\040\000I\000n\000p\000u\000t}{chapter.1}% 31
\BOOKMARK [1][-]{section.1.16}{\376\377\000C\000o\000m\000p\000l\000e\000t\000e\000\040\000P\000r\000o\000g\000r\000a\000m\000:\000\040\000U\000s\000i\000n\000g\000\040\000I\000n\000p\000u\000t\000,\000\040\000D\000a\000t\000a\000\040\000T\000r\000a\000n\000s\000f\000e\000r\000,\000\040\000a\000n\000d\000\040\000O\000u\000t\000p\000u\000t}{chapter.1}% 32
\BOOKMARK [1][-]{section.1.17}{\376\377\000S\000u\000m\000m\000a\000r\000y}{chapter.1}% 33
\BOOKMARK [1][-]{section.1.18}{\376\377\000E\000x\000e\000r\000c\000i\000s\000e\000s\000\040\000\050\000I\000t\000e\000m\000s\000\040\000M\000a\000r\000k\000e\000d\000\040\000w\000i\000t\000h\000\040\000a\000n\000\040\000*\000\040\000H\000a\000v\000e\000\040\000S\000o\000l\000u\000t\000i\000o\000n\000s\000\040\000i\000n\000\040\000A\000p\000p\000e\000n\000d\000i\000x\000\040\000D\000\051}{chapter.1}% 34
\BOOKMARK [1][-]{section.1.19}{\376\377\000I\000n\000p\000u\000t\000\040\000a\000n\000d\000\040\000O\000u\000t\000p\000u\000t}{chapter.1}% 35
\BOOKMARK [1][-]{section.1.20}{\376\377\000A\000d\000d\000i\000t\000i\000o\000n\000\040\000a\000n\000d\000\040\000S\000u\000b\000t\000r\000a\000c\000t\000i\000o\000n}{chapter.1}% 36
\BOOKMARK [1][-]{section.1.21}{\376\377\000M\000u\000l\000t\000i\000p\000l\000i\000c\000a\000t\000i\000o\000n\000\040\000a\000n\000d\000\040\000D\000i\000v\000i\000s\000i\000o\000n}{chapter.1}% 37
\BOOKMARK [1][-]{section.1.22}{\376\377\000I\000m\000p\000l\000e\000m\000e\000n\000t\000i\000n\000g\000\040\000U\000n\000a\000r\000y\000\040\000O\000p\000e\000r\000a\000t\000o\000r\000s\000:\000\040\000I\000n\000c\000r\000e\000m\000e\000n\000t\000,\000\040\000D\000e\000c\000r\000e\000m\000e\000n\000t\000,\000\040\000a\000n\000d\000\040\000N\000e\000g\000a\000t\000i\000o\000n}{chapter.1}% 38
\BOOKMARK [1][-]{section.1.23}{\376\377\000O\000r\000d\000e\000r\000\040\000o\000f\000\040\000O\000p\000e\000r\000a\000t\000i\000o\000n\000s\000\040\000w\000i\000t\000h\000\040\000B\000i\000n\000a\000r\000y\000\040\000a\000n\000d\000\040\000U\000n\000a\000r\000y\000\040\000O\000p\000e\000r\000a\000t\000o\000r\000s}{chapter.1}% 39
\BOOKMARK [1][-]{section.1.24}{\376\377\000C\000o\000m\000p\000l\000e\000t\000e\000\040\000P\000r\000o\000g\000r\000a\000m\000:\000\040\000I\000m\000p\000l\000e\000m\000e\000n\000t\000i\000n\000g\000\040\000I\000/\000O\000\040\000a\000n\000d\000\040\000A\000r\000i\000t\000h\000m\000e\000t\000i\000c}{chapter.1}% 40
\BOOKMARK [1][-]{section.1.25}{\376\377\000S\000u\000m\000m\000a\000r\000y}{chapter.1}% 41
\BOOKMARK [1][-]{section.1.26}{\376\377\000E\000x\000e\000r\000c\000i\000s\000e\000s\000\040\000\050\000I\000t\000e\000m\000s\000\040\000M\000a\000r\000k\000e\000d\000\040\000w\000i\000t\000h\000\040\000a\000n\000\040\000*\000\040\000H\000a\000v\000e\000\040\000S\000o\000l\000u\000t\000i\000o\000n\000s\000\040\000i\000n\000\040\000A\000p\000p\000e\000n\000d\000i\000x\000\040\000D\000\051}{chapter.1}% 42
\BOOKMARK [1][-]{section.1.27}{\376\377\000I\000n\000p\000u\000t\000\040\000a\000n\000d\000\040\000O\000u\000t\000p\000u\000t}{chapter.1}% 43
\BOOKMARK [1][-]{section.1.28}{\376\377\000I\000n\000t\000r\000o\000d\000u\000c\000t\000i\000o\000n}{chapter.1}% 44
\BOOKMARK [1][-]{section.1.29}{\376\377\000I\000f\000-\000T\000h\000e\000n\000\040\000S\000t\000r\000u\000c\000t\000u\000r\000e}{chapter.1}% 45
\BOOKMARK [1][-]{section.1.30}{\376\377\000I\000f\000-\000T\000h\000e\000n\000-\000E\000l\000s\000e\000\040\000S\000t\000r\000u\000c\000t\000u\000r\000e}{chapter.1}% 46
\BOOKMARK [1][-]{section.1.31}{\376\377\000N\000e\000s\000t\000e\000d\000\040\000I\000f\000\040\000S\000t\000r\000u\000c\000t\000u\000r\000e\000s}{chapter.1}% 47
\BOOKMARK [1][-]{section.1.32}{\376\377\000C\000a\000s\000e\000\040\000S\000t\000r\000u\000c\000t\000u\000r\000e}{chapter.1}% 48
\BOOKMARK [1][-]{section.1.33}{\376\377\000C\000h\000a\000r\000a\000c\000t\000e\000r\000s\000\040\000a\000n\000d\000\040\000L\000o\000g\000i\000c\000a\000l\000\040\000O\000p\000e\000r\000a\000t\000i\000o\000n\000s}{chapter.1}% 49
\BOOKMARK [1][-]{section.1.34}{\376\377\000A\000r\000i\000t\000h\000m\000e\000t\000i\000c\000\040\000E\000x\000p\000r\000e\000s\000s\000i\000o\000n\000s\000\040\000i\000n\000\040\000H\000i\000g\000h\000-\000L\000e\000v\000e\000l\000\040\000D\000i\000r\000e\000c\000t\000i\000v\000e\000s}{chapter.1}% 50
\BOOKMARK [1][-]{section.1.35}{\376\377\000C\000o\000m\000p\000l\000e\000t\000e\000\040\000P\000r\000o\000g\000r\000a\000m\000:\000\040\000U\000s\000i\000n\000g\000\040\000S\000e\000l\000e\000c\000t\000i\000o\000n\000\040\000S\000t\000r\000u\000c\000t\000u\000r\000e\000s\000\040\000a\000n\000d\000\040\000I\000/\000O}{chapter.1}% 51
\BOOKMARK [1][-]{section.1.36}{\376\377\000S\000u\000m\000m\000a\000r\000y}{chapter.1}% 52
\BOOKMARK [1][-]{section.1.37}{\376\377\000E\000x\000e\000r\000c\000i\000s\000e\000s\000\040\000\050\000I\000t\000e\000m\000s\000\040\000M\000a\000r\000k\000e\000d\000\040\000w\000i\000t\000h\000\040\000a\000n\000\040\000*\000\040\000H\000a\000v\000e\000\040\000S\000o\000l\000u\000t\000i\000o\000n\000s\000\040\000i\000n\000\040\000A\000p\000p\000e\000n\000d\000i\000x\000\040\000D\000\051}{chapter.1}% 53
\BOOKMARK [0][-]{chapter.2}{\376\377\000I\000t\000e\000r\000a\000t\000i\000o\000n\000\040\000S\000t\000r\000u\000c\000t\000u\000r\000e\000s}{}% 54
\BOOKMARK [1][-]{section.2.1}{\376\377\000P\000r\000e\000-\000t\000e\000s\000t\000\040\000L\000o\000o\000p\000\040\000S\000t\000r\000u\000c\000t\000u\000r\000e}{chapter.2}% 55
\BOOKMARK [1][-]{section.2.2}{\376\377\000P\000o\000s\000t\000-\000t\000e\000s\000t\000\040\000L\000o\000o\000p\000\040\000S\000t\000r\000u\000c\000t\000u\000r\000e\000s}{chapter.2}% 56
\BOOKMARK [1][-]{section.2.3}{\376\377\000F\000i\000x\000e\000d\000-\000I\000t\000e\000r\000a\000t\000i\000o\000n\000\040\000L\000o\000o\000p\000\040\000S\000t\000r\000u\000c\000t\000u\000r\000e\000s}{chapter.2}% 57
\BOOKMARK [1][-]{section.2.4}{\376\377\000L\000o\000o\000p\000s\000\040\000a\000n\000d\000\040\000I\000n\000p\000u\000t\000/\000O\000u\000t\000p\000u\000t}{chapter.2}% 58
\BOOKMARK [1][-]{section.2.5}{\376\377\000N\000e\000s\000t\000e\000d\000\040\000L\000o\000o\000p\000s}{chapter.2}% 59
\BOOKMARK [1][-]{section.2.6}{\376\377\000C\000o\000m\000p\000l\000e\000t\000e\000\040\000P\000r\000o\000g\000r\000a\000m\000:\000\040\000I\000m\000p\000l\000e\000m\000e\000n\000t\000i\000n\000g\000\040\000t\000h\000e\000\040\000P\000o\000w\000e\000r\000\040\000F\000u\000n\000c\000t\000i\000o\000n}{chapter.2}% 60
\BOOKMARK [1][-]{section.2.7}{\376\377\000S\000u\000m\000m\000a\000r\000y}{chapter.2}% 61
\BOOKMARK [1][-]{section.2.8}{\376\377\000E\000x\000e\000r\000c\000i\000s\000e\000s\000\040\000\050\000I\000t\000e\000m\000s\000\040\000M\000a\000r\000k\000e\000d\000\040\000w\000i\000t\000h\000\040\000a\000n\000\040\000*\000\040\000H\000a\000v\000e\000\040\000S\000o\000l\000u\000t\000i\000o\000n\000s\000\040\000i\000n\000\040\000A\000p\000p\000e\000n\000d\000i\000x\000\040\000D\000\051}{chapter.2}% 62
\BOOKMARK [1][-]{section.2.9}{\376\377\000I\000n\000t\000r\000o\000d\000u\000c\000t\000i\000o\000n}{chapter.2}% 63
\BOOKMARK [1][-]{section.2.10}{\376\377\000L\000o\000g\000i\000c\000\040\000I\000n\000s\000t\000r\000u\000c\000t\000i\000o\000n\000s}{chapter.2}% 64
\BOOKMARK [1][-]{section.2.11}{\376\377\000L\000o\000g\000i\000c\000a\000l\000\040\000S\000h\000i\000f\000t\000\040\000I\000n\000s\000t\000r\000u\000c\000t\000i\000o\000n\000s}{chapter.2}% 65
\BOOKMARK [1][-]{section.2.12}{\376\377\000A\000r\000i\000t\000h\000m\000e\000t\000i\000c\000\040\000S\000h\000i\000f\000t\000\040\000I\000n\000s\000t\000r\000u\000c\000t\000i\000o\000n\000s}{chapter.2}% 66
\BOOKMARK [1][-]{section.2.13}{\376\377\000R\000o\000t\000a\000t\000e\000\040\000I\000n\000s\000t\000r\000u\000c\000t\000i\000o\000n\000s}{chapter.2}% 67
\BOOKMARK [1][-]{section.2.14}{\376\377\000S\000t\000a\000c\000k\000\040\000O\000p\000e\000r\000a\000t\000i\000o\000n\000s}{chapter.2}% 68
\BOOKMARK [1][-]{section.2.15}{\376\377\000S\000w\000a\000p\000p\000i\000n\000g\000\040\000U\000s\000i\000n\000g\000\040\000R\000e\000g\000i\000s\000t\000e\000r\000s\000,\000\040\000t\000h\000e\000\040\000S\000t\000a\000c\000k\000,\000\040\000a\000n\000d\000\040\000t\000h\000e\000\040\000x\000c\000h\000g\000\040\000I\000n\000s\000t\000r\000u\000c\000t\000i\000o\000n}{chapter.2}% 69
\BOOKMARK [1][-]{section.2.16}{\376\377\000C\000o\000m\000p\000l\000e\000t\000e\000\040\000P\000r\000o\000g\000r\000a\000m\000:\000\040\000S\000i\000m\000u\000l\000a\000t\000i\000n\000g\000\040\000a\000n\000\040\000O\000C\000R\000\040\000M\000a\000c\000h\000i\000n\000e}{chapter.2}% 70
\BOOKMARK [1][-]{section.2.17}{\376\377\000S\000a\000m\000p\000l\000e\000\040\000I\000n\000p\000u\000t\000/\000O\000u\000t\000p\000u\000t}{chapter.2}% 71
\BOOKMARK [1][-]{section.2.18}{\376\377\000S\000u\000m\000m\000a\000r\000y}{chapter.2}% 72
\BOOKMARK [1][-]{section.2.19}{\376\377\000E\000x\000e\000r\000c\000i\000s\000e\000s\000\040\000\050\000I\000t\000e\000m\000s\000\040\000M\000a\000r\000k\000e\000d\000\040\000w\000i\000t\000h\000\040\000a\000n\000\040\000*\000\040\000H\000a\000v\000e\000\040\000S\000o\000l\000u\000t\000i\000o\000n\000s\000\040\000i\000n\000\040\000A\000p\000p\000e\000n\000d\000i\000x\000\040\000D\000\051}{chapter.2}% 73
\BOOKMARK [1][-]{section.2.20}{\376\377\000B\000i\000t\000\040\000M\000e\000s\000s\000a\000g\000e}{chapter.2}% 74
\BOOKMARK [1][-]{section.2.21}{\376\377\000P\000r\000o\000c\000e\000d\000u\000r\000e\000s\000\040\000a\000n\000d\000\040\000M\000a\000c\000r\000o\000s}{chapter.2}% 75
\BOOKMARK [1][-]{section.2.22}{\376\377\000P\000r\000o\000c\000e\000d\000u\000r\000e\000s}{chapter.2}% 76
\BOOKMARK [1][-]{section.2.23}{\376\377\000c\000a\000l\000l\000\040\000p\000n\000a\000m\000e}{chapter.2}% 77
\BOOKMARK [1][-]{section.2.24}{\376\377\000C\000o\000m\000p\000l\000e\000t\000e\000\040\000P\000r\000o\000g\000r\000a\000m\000:\000\040\000I\000m\000p\000l\000e\000m\000e\000n\000t\000i\000n\000g\000\040\000t\000h\000e\000\040\000P\000o\000w\000e\000r\000\040\000F\000u\000n\000c\000t\000i\000o\000n\000\040\000i\000n\000\040\000a\000\040\000P\000r\000o\000c\000e\000d\000u\000r\000e}{chapter.2}% 78
\BOOKMARK [1][-]{section.2.25}{\376\377\000S\000a\000v\000i\000n\000g\000\040\000a\000n\000d\000\040\000R\000e\000s\000t\000o\000r\000i\000n\000g\000\040\000R\000e\000g\000i\000s\000t\000e\000r\000s}{chapter.2}% 79
\BOOKMARK [1][-]{section.2.26}{\376\377\000M\000a\000c\000r\000o\000s}{chapter.2}% 80
\BOOKMARK [1][-]{section.2.27}{\376\377\000C\000o\000n\000d\000i\000t\000i\000o\000n\000a\000l\000\040\000A\000s\000s\000e\000m\000b\000l\000y}{chapter.2}% 81
\BOOKMARK [1][-]{section.2.28}{\376\377\000S\000w\000a\000p\000\040\000M\000a\000c\000r\000o\000\040\000R\000e\000v\000i\000s\000i\000t\000e\000d\000\040\000U\000s\000i\000n\000g\000\040\000C\000o\000n\000d\000i\000t\000i\000o\000n\000a\000l\000\040\000A\000s\000s\000e\000m\000b\000l\000y}{chapter.2}% 82
\BOOKMARK [1][-]{section.2.29}{\376\377\000P\000o\000w\000e\000r\000\040\000F\000u\000n\000c\000t\000i\000o\000n\000\040\000M\000a\000c\000r\000o\000\040\000U\000s\000i\000n\000g\000\040\000C\000o\000n\000d\000i\000t\000i\000o\000n\000a\000l\000\040\000A\000s\000s\000e\000m\000b\000l\000y}{chapter.2}% 83
\BOOKMARK [1][-]{section.2.30}{\376\377\000C\000o\000m\000p\000l\000e\000t\000e\000\040\000P\000r\000o\000g\000r\000a\000m\000:\000\040\000I\000m\000p\000l\000e\000m\000e\000n\000t\000i\000n\000g\000\040\000a\000\040\000M\000a\000c\000r\000o\000\040\000C\000a\000l\000c\000u\000l\000a\000t\000o\000r}{chapter.2}% 84
\BOOKMARK [1][-]{section.2.31}{\376\377\000S\000u\000m\000m\000a\000r\000y}{chapter.2}% 85
\BOOKMARK [1][-]{section.2.32}{\376\377\000E\000x\000e\000r\000c\000i\000s\000e\000s\000\040\000\050\000I\000t\000e\000m\000s\000\040\000M\000a\000r\000k\000e\000d\000\040\000w\000i\000t\000h\000\040\000a\000n\000\040\000*\000\040\000H\000a\000v\000e\000\040\000S\000o\000l\000u\000t\000i\000o\000n\000s\000\040\000i\000n\000\040\000A\000p\000p\000e\000n\000d\000i\000x\000\040\000D\000\051}{chapter.2}% 86
\BOOKMARK [1][-]{section.2.33}{\376\377\000A\000r\000r\000a\000y\000s}{chapter.2}% 87
\BOOKMARK [1][-]{section.2.34}{\376\377\000A\000r\000r\000a\000y\000\040\000D\000e\000c\000l\000a\000r\000a\000t\000i\000o\000n\000\040\000a\000n\000d\000\040\000A\000d\000d\000r\000e\000s\000s\000i\000n\000g}{chapter.2}% 88
\BOOKMARK [1][-]{section.2.35}{\376\377\000I\000n\000d\000e\000x\000i\000n\000g\000\040\000U\000s\000i\000n\000g\000\040\000t\000h\000e\000\040\000B\000a\000s\000e\000\040\000R\000e\000g\000i\000s\000t\000e\000r}{chapter.2}% 89
\BOOKMARK [1][-]{section.2.36}{\376\377\000S\000e\000a\000r\000c\000h\000i\000n\000g}{chapter.2}% 90
\BOOKMARK [1][-]{section.2.37}{\376\377\000I\000n\000d\000e\000x\000i\000n\000g\000\040\000U\000s\000i\000n\000g\000\040\000t\000h\000e\000\040\000e\000s\000i\000\040\000a\000n\000d\000\040\000e\000d\000i\000\040\000R\000e\000g\000i\000s\000t\000e\000r\000s}{chapter.2}% 91
\BOOKMARK [1][-]{section.2.38}{\376\377\000L\000e\000n\000g\000t\000h\000o\000f\000\040\000a\000n\000d\000\040\000S\000i\000z\000e\000o\000f\000\040\000O\000p\000e\000r\000a\000t\000o\000r\000s}{chapter.2}% 92
\BOOKMARK [1][-]{section.2.39}{\376\377\000C\000o\000m\000p\000l\000e\000t\000e\000\040\000P\000r\000o\000g\000r\000a\000m\000:\000\040\000I\000m\000p\000l\000e\000m\000e\000n\000t\000i\000n\000g\000\040\000a\000\040\000Q\000u\000e\000u\000e}{chapter.2}% 93
\BOOKMARK [1][-]{section.2.40}{\376\377\000C\000o\000m\000p\000l\000e\000t\000e\000\040\000P\000r\000o\000g\000r\000a\000m\000:\000\040\000I\000m\000p\000l\000e\000m\000e\000n\000t\000i\000n\000g\000\040\000t\000h\000e\000\040\000S\000e\000l\000e\000c\000t\000i\000o\000n\000\040\000S\000o\000r\000t}{chapter.2}% 94
\BOOKMARK [1][-]{section.2.41}{\376\377\000S\000u\000m\000m\000a\000r\000y}{chapter.2}% 95
\BOOKMARK [1][-]{section.2.42}{\376\377\000E\000x\000e\000r\000c\000i\000s\000e\000s\000\040\000\050\000I\000t\000e\000m\000s\000\040\000M\000a\000r\000k\000e\000d\000\040\000w\000i\000t\000h\000\040\000a\000n\000\040\000*\000\040\000H\000a\000v\000e\000\040\000S\000o\000l\000u\000t\000i\000o\000n\000s\000\040\000i\000n\000\040\000A\000p\000p\000e\000n\000d\000i\000x\000\040\000D\000\051}{chapter.2}% 96
\BOOKMARK [1][-]{section.2.43}{\376\377\000I\000n\000t\000r\000o\000d\000u\000c\000t\000i\000o\000n}{chapter.2}% 97
\BOOKMARK [1][-]{section.2.44}{\376\377\000S\000t\000r\000i\000n\000g\000\040\000I\000n\000s\000t\000r\000u\000c\000t\000i\000o\000n\000s\000:\000\040\000M\000o\000v\000i\000n\000g\000\040\000S\000t\000r\000i\000n\000g\000s\000\040\000\050\000m\000o\000v\000s\000b\000\051}{chapter.2}% 98
\BOOKMARK [1][-]{section.2.45}{\376\377\000S\000t\000r\000i\000n\000g\000\040\000I\000n\000s\000t\000r\000u\000c\000t\000i\000o\000n\000s\000:\000\040\000S\000c\000a\000n\000n\000i\000n\000g\000\040\000\050\000s\000c\000a\000s\000b\000\051\000,\000\040\000S\000t\000o\000r\000i\000n\000g\000\040\000\050\000s\000t\000o\000s\000b\000\051\000,\000\040\000a\000n\000d\000\040\000L\000o\000a\000d\000i\000n\000g\000\040\000\050\000l\000o\000d\000s\000b\000\051}{chapter.2}% 99
\BOOKMARK [1][-]{section.2.46}{\376\377\000A\000r\000r\000a\000y\000\040\000o\000f\000\040\000S\000t\000r\000i\000n\000g\000s}{chapter.2}% 100
\BOOKMARK [1][-]{section.2.47}{\376\377\000n\000a\000m\000e\000s\0001}{chapter.2}% 101
\BOOKMARK [1][-]{section.2.48}{\376\377\000S\000t\000r\000i\000n\000g\000\040\000I\000n\000s\000t\000r\000u\000c\000t\000i\000o\000n\000s\000:\000\040\000C\000o\000m\000p\000a\000r\000i\000n\000g\000\040\000S\000t\000r\000i\000n\000g\000s\000\040\000\050\000c\000m\000p\000s\000b\000\051}{chapter.2}% 102
\BOOKMARK [1][-]{section.2.49}{\376\377\000C\000o\000m\000p\000l\000e\000t\000e\000\040\000P\000r\000o\000g\000r\000a\000m\000:\000\040\000S\000e\000a\000r\000c\000h\000i\000n\000g\000\040\000a\000n\000\040\000A\000r\000r\000a\000y\000\040\000o\000f\000\040\000S\000t\000r\000i\000n\000g\000s}{chapter.2}% 103
\BOOKMARK [1][-]{section.2.50}{\376\377\000S\000u\000m\000m\000a\000r\000y}{chapter.2}% 104
\BOOKMARK [1][-]{section.2.51}{\376\377\000E\000x\000e\000r\000c\000i\000s\000e\000s\000\040\000\050\000I\000t\000e\000m\000s\000\040\000M\000a\000r\000k\000e\000d\000\040\000w\000i\000t\000h\000\040\000a\000n\000\040\000*\000\040\000H\000a\000v\000e\000\040\000S\000o\000l\000u\000t\000i\000o\000n\000s\000\040\000i\000n\000\040\000A\000p\000p\000e\000n\000d\000i\000x\000\040\000D\000\051}{chapter.2}% 105
\BOOKMARK [2][-]{subsection.2.51.1}{\376\377\000F\000l\000o\000a\000t\000i\000n\000g\000-\000P\000o\000i\000n\000t\000\040\000I\000n\000s\000t\000r\000u\000c\000t\000i\000o\000n\000s}{section.2.51}% 106
\BOOKMARK [1][-]{section.2.52}{\376\377\000M\000e\000m\000o\000r\000y\000\040\000S\000t\000o\000r\000a\000g\000e}{chapter.2}% 107
\BOOKMARK [1][-]{section.2.53}{\376\377\000F\000l\000o\000a\000t\000i\000n\000g\000-\000P\000o\000i\000n\000t\000\040\000R\000e\000g\000i\000s\000t\000e\000r\000\040\000S\000t\000a\000c\000k}{chapter.2}% 108
\BOOKMARK [1][-]{section.2.54}{\376\377\000P\000u\000s\000h\000i\000n\000g\000\040\000a\000n\000d\000\040\000P\000o\000p\000p\000i\000n\000g}{chapter.2}% 109
\BOOKMARK [1][-]{section.2.55}{\376\377\000S\000i\000m\000p\000l\000e\000\040\000A\000r\000i\000t\000h\000m\000e\000t\000i\000c\000\040\000E\000x\000p\000r\000e\000s\000s\000i\000o\000n\000s}{chapter.2}% 110
\BOOKMARK [1][-]{section.2.56}{\376\377\000C\000o\000m\000p\000l\000e\000x\000\040\000A\000r\000i\000t\000h\000m\000e\000t\000i\000c\000\040\000E\000x\000p\000r\000e\000s\000s\000i\000o\000n\000s}{chapter.2}% 111
\BOOKMARK [1][-]{section.2.57}{\376\377\000M\000i\000x\000i\000n\000g\000\040\000F\000l\000o\000a\000t\000i\000n\000g\000-\000P\000o\000i\000n\000t\000\040\000a\000n\000d\000\040\000I\000n\000t\000e\000g\000e\000r\000s}{chapter.2}% 112
\BOOKMARK [1][-]{section.2.58}{\376\377\000I\000n\000p\000u\000t\000/\000O\000u\000t\000p\000u\000t}{chapter.2}% 113
\BOOKMARK [2][-]{subsection.2.58.1}{\376\377\000f\000l\000o\000a\000t\000\040\000a\000n\000d\000\040\000r\000e\000a\000l\0004}{section.2.58}% 114
\BOOKMARK [2][-]{subsection.2.58.2}{\376\377\000d\000o\000u\000b\000l\000e\000\040\000a\000n\000d\000\040\000r\000e\000a\000l\0008}{section.2.58}% 115
\BOOKMARK [2][-]{subsection.2.58.3}{\376\377\000l\000o\000n\000g\000\040\000d\000o\000u\000b\000l\000e\000\040\000a\000n\000d\000\040\000r\000e\000a\000l\0001\0000}{section.2.58}% 116
\BOOKMARK [2][-]{subsection.2.58.4}{\376\377\000I\000n\000l\000i\000n\000e\000\040\000A\000s\000s\000e\000m\000b\000l\000y}{section.2.58}% 117
\BOOKMARK [1][-]{section.2.59}{\376\377\000C\000o\000m\000p\000a\000r\000i\000s\000o\000n\000s\000\040\000a\000n\000d\000\040\000S\000e\000l\000e\000c\000t\000i\000o\000n\000\040\000S\000t\000r\000u\000c\000t\000u\000r\000e\000s}{chapter.2}% 118
\BOOKMARK [1][-]{section.2.60}{\376\377\000C\000o\000m\000p\000l\000e\000t\000e\000\040\000P\000r\000o\000g\000r\000a\000m\000:\000\040\000I\000m\000p\000l\000e\000m\000e\000n\000t\000i\000n\000g\000\040\000a\000n\000\040\000I\000t\000e\000r\000a\000t\000i\000o\000n\000\040\000S\000t\000r\000u\000c\000t\000u\000r\000e}{chapter.2}% 119
\BOOKMARK [1][-]{section.2.61}{\376\377\000C\000o\000m\000p\000l\000e\000t\000e\000\040\000P\000r\000o\000g\000r\000a\000m\000:\000\040\000I\000m\000p\000l\000e\000m\000e\000n\000t\000i\000n\000g\000\040\000a\000n\000\040\000A\000r\000r\000a\000y}{chapter.2}% 120
\BOOKMARK [1][-]{section.2.62}{\376\377\000S\000u\000m\000m\000a\000r\000y}{chapter.2}% 121
\BOOKMARK [1][-]{section.2.63}{\376\377\000E\000x\000e\000r\000c\000i\000s\000e\000s\000\040\000\050\000I\000t\000e\000m\000s\000\040\000M\000a\000r\000k\000e\000d\000\040\000w\000i\000t\000h\000\040\000a\000n\000\040\000*\000\040\000H\000a\000v\000e\000\040\000S\000o\000l\000u\000t\000i\000o\000n\000s\000\040\000i\000n\000\040\000A\000p\000p\000e\000n\000d\000i\000x\000\040\000D\000\051}{chapter.2}% 122
\BOOKMARK [1][-]{section.2.64}{\376\377\000-\000B\000i\000t\000\040\000P\000r\000o\000c\000e\000s\000s\000i\000n\000g}{chapter.2}% 123
\BOOKMARK [1][-]{section.2.65}{\376\377\000F\000o\000u\000r\000\040\000G\000e\000n\000e\000r\000a\000l\000\040\000P\000u\000r\000p\000o\000s\000e\000\040\000R\000e\000g\000i\000s\000t\000e\000r\000s}{chapter.2}% 124
\BOOKMARK [1][-]{section.2.66}{\376\377\000O\000t\000h\000e\000r\000\040\0006\0004\000-\000B\000i\000t\000\040\000R\000e\000g\000i\000s\000t\000e\000r\000s}{chapter.2}% 125
\BOOKMARK [1][-]{section.2.67}{\376\377\0006\0004\000-\000B\000i\000t\000\040\000I\000n\000t\000e\000g\000e\000r\000\040\000O\000u\000t\000p\000u\000t}{chapter.2}% 126
\BOOKMARK [1][-]{section.2.68}{\376\377\0006\0004\000-\000B\000i\000t\000\040\000I\000n\000t\000e\000g\000e\000r\000\040\000I\000n\000p\000u\000t}{chapter.2}% 127
\BOOKMARK [1][-]{section.2.69}{\376\377\000L\000o\000g\000i\000c\000\040\000a\000n\000d\000\040\000A\000r\000i\000t\000h\000m\000e\000t\000i\000c\000\040\000A\000p\000p\000l\000i\000c\000a\000t\000i\000o\000n\000s}{chapter.2}% 128
\BOOKMARK [2][-]{subsection.2.69.1}{\376\377\000S\000h\000i\000f\000t\000\040\000a\000n\000d\000\040\000R\000o\000t\000a\000t\000e}{section.2.69}% 129
\BOOKMARK [2][-]{subsection.2.69.2}{\376\377\000L\000o\000g\000i\000c}{section.2.69}% 130
\BOOKMARK [2][-]{subsection.2.69.3}{\376\377\000A\000r\000i\000t\000h\000m\000e\000t\000i\000c}{section.2.69}% 131
\BOOKMARK [1][-]{section.2.70}{\376\377\000C\000o\000n\000t\000r\000o\000l\000\040\000S\000t\000r\000u\000c\000t\000u\000r\000e\000s}{chapter.2}% 132
\BOOKMARK [1][-]{section.2.71}{\376\377\000A\000r\000r\000a\000y\000s}{chapter.2}% 133
\BOOKMARK [1][-]{section.2.72}{\376\377\000P\000r\000o\000c\000e\000d\000u\000r\000e\000s\000\040\000a\000n\000d\000\040\000M\000a\000c\000r\000o\000s}{chapter.2}% 134
\BOOKMARK [2][-]{subsection.2.72.1}{\376\377\000C\000a\000l\000l\000i\000n\000g\000\040\0006\0004\000-\000B\000i\000t\000\040\000P\000r\000o\000c\000e\000d\000u\000r\000e\000s}{section.2.72}% 135
\BOOKMARK [2][-]{subsection.2.72.2}{\376\377\000U\000s\000i\000n\000g\000\040\000a\000\040\000M\000a\000c\000r\000o\000\040\000t\000o\000\040\000C\000a\000l\000l\000\040\000p\000r\000i\000n\000t\000f}{section.2.72}% 136
\BOOKMARK [1][-]{section.2.73}{\376\377\000C\000o\000m\000p\000l\000e\000t\000e\000\040\000P\000r\000o\000g\000r\000a\000m\000:\000\040\000R\000e\000v\000e\000r\000s\000i\000n\000g\000\040\000a\000n\000\040\000A\000r\000r\000a\000y}{chapter.2}% 137
\BOOKMARK [1][-]{section.2.74}{\376\377\000S\000u\000m\000m\000a\000r\000y}{chapter.2}% 138
\BOOKMARK [1][-]{section.2.75}{\376\377\000E\000x\000e\000r\000c\000i\000s\000e\000s\000\040\000\050\000I\000t\000e\000m\000s\000\040\000M\000a\000r\000k\000e\000d\000\040\000w\000i\000t\000h\000\040\000a\000n\000\040\000*\000\040\000H\000a\000v\000e\000\040\000S\000o\000l\000u\000t\000i\000o\000n\000s\000\040\000i\000n\000\040\000A\000p\000p\000e\000n\000d\000i\000x\000\040\000D\000\051}{chapter.2}% 139
\BOOKMARK [1][-]{section.2.76}{\376\377\000I\000n\000t\000r\000o\000d\000u\000c\000t\000i\000o\000n}{chapter.2}% 140
\BOOKMARK [1][-]{section.2.77}{\376\377\000i\000n\000c\000\040\000a\000n\000d\000\040\000d\000e\000c\000\040\000I\000n\000s\000t\000r\000u\000c\000t\000i\000o\000n\000s}{chapter.2}% 141
\BOOKMARK [1][-]{section.2.78}{\376\377\000m\000o\000v\000\040\000I\000n\000s\000t\000r\000u\000c\000t\000i\000o\000n}{chapter.2}% 142
\BOOKMARK [1][-]{section.2.79}{\376\377\000a\000d\000d\000\040\000a\000n\000d\000\040\000s\000u\000b\000\040\000I\000n\000s\000t\000r\000u\000c\000t\000i\000o\000n\000s}{chapter.2}% 143
\BOOKMARK [1][-]{section.2.80}{\376\377\000m\000o\000v\000\040\000o\000f\000f\000s\000e\000t\000\040\000a\000n\000d\000\040\000l\000e\000a\000\040\000I\000n\000s\000t\000r\000u\000c\000t\000i\000o\000n\000s}{chapter.2}% 144
\BOOKMARK [1][-]{section.2.81}{\376\377\000j\000m\000p\000\040\000I\000n\000s\000t\000r\000u\000c\000t\000i\000o\000n\000s}{chapter.2}% 145
\BOOKMARK [1][-]{section.2.82}{\376\377\000I\000n\000s\000t\000r\000u\000c\000t\000i\000o\000n\000\040\000T\000i\000m\000i\000n\000g\000s}{chapter.2}% 146
\BOOKMARK [1][-]{section.2.83}{\376\377\000F\000l\000o\000a\000t\000i\000n\000g\000-\000P\000o\000i\000n\000t\000\040\000a\000n\000d\000\040\0006\0004\000-\000B\000i\000t\000\040\000I\000n\000s\000t\000r\000u\000c\000t\000i\000o\000n\000s}{chapter.2}% 147
\BOOKMARK [2][-]{subsection.2.83.1}{\376\377\000F\000l\000o\000a\000t\000i\000n\000g\000-\000P\000o\000i\000n\000t\000\040\000I\000n\000s\000t\000r\000u\000c\000t\000i\000o\000n\000s}{section.2.83}% 148
\BOOKMARK [2][-]{subsection.2.83.2}{\376\377\0006\0004\000-\000B\000i\000t\000\040\000I\000n\000s\000t\000r\000u\000c\000t\000i\000o\000n\000s}{section.2.83}% 149
\BOOKMARK [2][-]{subsection.2.83.3}{\376\377\000M\000e\000m\000o\000r\000y\000\040\000A\000d\000d\000r\000e\000s\000s\000i\000n\000g}{section.2.83}% 150
\BOOKMARK [1][-]{section.2.84}{\376\377\000C\000o\000m\000p\000l\000e\000t\000e\000\040\000P\000r\000o\000g\000r\000a\000m\000:\000\040\0003\0002\000-\000B\000i\000t\000\040\000A\000s\000s\000e\000m\000b\000l\000y\000\040\000L\000i\000s\000t\000i\000n\000g}{chapter.2}% 151
\BOOKMARK [1][-]{section.2.85}{\376\377\000C\000o\000m\000p\000l\000e\000t\000e\000\040\000P\000r\000o\000g\000r\000a\000m\000:\000\040\000F\000l\000o\000a\000t\000i\000n\000g\000-\000P\000o\000i\000n\000t\000\040\000a\000n\000d\000\040\0006\0004\000-\000B\000i\000t\000\040\000A\000s\000s\000e\000m\000b\000l\000y\000\040\000L\000i\000s\000t\000i\000n\000g}{chapter.2}% 152
\BOOKMARK [1][-]{section.2.86}{\376\377\000S\000u\000m\000m\000a\000r\000y}{chapter.2}% 153
\BOOKMARK [1][-]{section.2.87}{\376\377\000E\000x\000e\000r\000c\000i\000s\000e\000s\000\040\000\050\000I\000t\000e\000m\000s\000\040\000M\000a\000r\000k\000e\000d\000\040\000w\000i\000t\000h\000\040\000a\000n\000\040\000*\000\040\000H\000a\000v\000e\000\040\000S\000o\000l\000u\000t\000i\000o\000n\000s\000\040\000i\000n\000\040\000A\000p\000p\000e\000n\000d\000i\000x\000\040\000D\000\051}{chapter.2}% 154
\BOOKMARK [1][-]{section.2.88}{\376\377\000A\000p\000p\000e\000n\000d\000i\000x\000\040\000A\000:\000\040\000D\000i\000r\000e\000c\000t\000i\000o\000n\000s\000\040\000f\000o\000r\000\040\000M\000A\000S\000M\000\040\000i\000n\000\040\000V\000i\000s\000u\000a\000l\000\040\000S\000t\000u\000d\000i\000o\000\040\0002\0000\0001\0009\000\040\000C\000o\000m\000m\000u\000n\000i\000t\000y\000\040\000E\000d\000i\000t\000i\000o\000n}{chapter.2}% 155
\BOOKMARK [1][-]{section.2.89}{\376\377\000A\000.\000\040\0001\000\040\000C\000\040\000P\000r\000o\000g\000r\000a\000m\000s\000\040\000w\000i\000t\000h\000\040\000I\000n\000l\000i\000n\000e\000\040\000A\000s\000s\000e\000m\000b\000l\000y}{chapter.2}% 156
\BOOKMARK [1][-]{section.2.90}{\376\377\000A\000.\000\040\0002\000\040\0003\0002\000-\000B\000i\000t\000\040\000I\000n\000t\000e\000g\000e\000r\000\040\000a\000n\000d\000\040\000F\000l\000o\000a\000t\000i\000n\000g\000-\000P\000o\000i\000n\000t\000\040\000M\000A\000S\000M\000\040\000P\000r\000o\000g\000r\000a\000m\000s}{chapter.2}% 157
\BOOKMARK [1][-]{section.2.91}{\376\377\000A\000.\000\040\0003\000\040\0006\0004\000-\000B\000i\000t\000\040\000I\000n\000t\000e\000g\000e\000r\000\040\000M\000A\000S\000M\000\040\000P\000r\000o\000g\000r\000a\000m\000s}{chapter.2}% 158
\BOOKMARK [1][-]{section.2.92}{\376\377\000A\000.\000\040\0004\000\040\000M\000A\000S\000M\000\040\000A\000s\000s\000e\000m\000b\000l\000y\000\040\000L\000i\000s\000t\000i\000n\000g\000s\000\040\000\050\000.\0001\000s\000t\000\040\000F\000i\000l\000e\000\051}{chapter.2}% 159
\BOOKMARK [1][-]{section.2.93}{\376\377\000A\000p\000p\000e\000n\000d\000i\000x\000\040\000B\000:\000\040\000B\000i\000n\000a\000r\000y\000,\000\040\000H\000e\000x\000a\000d\000e\000c\000i\000m\000a\000l\000,\000\040\000L\000o\000g\000i\000c\000,\000\040\000A\000r\000i\000t\000h\000m\000e\000t\000i\000c\000,\000\040\000a\000n\000d\000\040\000D\000a\000t\000a\000\040\000R\000e\000p\000r\000e\000s\000e\000n\000t\000a\000t\000i\000o\000n}{chapter.2}% 160
\BOOKMARK [1][-]{section.2.94}{\376\377\000B\000.\000\040\0001\000\040\000D\000e\000c\000i\000m\000a\000l\000\040\000a\000n\000d\000\040\000B\000i\000n\000a\000r\000y\000\040\000N\000u\000m\000b\000e\000r\000s}{chapter.2}% 161
\BOOKMARK [1][-]{section.2.95}{\376\377\000B\000.\000\040\0002\000\040\000H\000e\000x\000a\000d\000e\000c\000i\000m\000a\000l\000\040\000N\000u\000m\000b\000e\000r\000s}{chapter.2}% 162
\BOOKMARK [1][-]{section.2.96}{\376\377\000B\000.\000\040\0003\000\040\000O\000v\000e\000r\000v\000i\000e\000w\000\040\000o\000f\000\040\000L\000o\000g\000i\000c}{chapter.2}% 163
\BOOKMARK [1][-]{section.2.97}{\376\377\000B\000.\000\040\0004\000\040\000U\000n\000s\000i\000g\000n\000e\000d\000\040\000N\000u\000m\000b\000e\000r\000s\000\040\000a\000n\000d\000\040\000A\000d\000d\000i\000t\000i\000o\000n}{chapter.2}% 164
\BOOKMARK [1][-]{section.2.98}{\376\377\000B\000.\000\040\0005\000\040\000S\000i\000g\000n\000e\000d\000\040\000N\000u\000m\000b\000e\000r\000s}{chapter.2}% 165
\BOOKMARK [1][-]{section.2.99}{\376\377\000B\000.\000\040\0006\000\040\000A\000d\000d\000i\000t\000i\000o\000n\000\040\000a\000n\000d\000\040\000S\000u\000b\000t\000r\000a\000c\000t\000i\000o\000n\000\040\000o\000f\000\040\000S\000i\000g\000n\000e\000d\000\040\000N\000u\000m\000b\000e\000r\000s}{chapter.2}% 166
\BOOKMARK [1][-]{section.2.100}{}{chapter.2}% 167
\BOOKMARK [1][-]{section.2.101}{\376\377\000B\000.\000\040\0007\000\040\000F\000l\000o\000a\000t\000i\000n\000g\000-\000P\000o\000i\000n\000t\000\040\000N\000u\000m\000b\000e\000r\000s}{chapter.2}% 168
\BOOKMARK [1][-]{section.2.102}{}{chapter.2}% 169
\BOOKMARK [1][-]{section.2.103}{}{chapter.2}% 170
\BOOKMARK [1][-]{section.2.104}{\376\377\000B\000.\000\040\0008\000\040\000C\000h\000a\000r\000a\000c\000t\000e\000r\000s}{chapter.2}% 171
\BOOKMARK [1][-]{section.2.105}{\376\377\000B\000.\000\040\0009\000\040\000H\000e\000x\000/\000A\000S\000C\000I\000I\000\040\000T\000a\000b\000l\000e}{chapter.2}% 172
\BOOKMARK [1][-]{section.2.106}{\376\377\000B\000.\000\040\0001\0000\000\040\000S\000u\000m\000m\000a\000r\000y}{chapter.2}% 173
\BOOKMARK [1][-]{section.2.107}{\376\377\000B\000.\000\040\0001\0001\000\040\000E\000x\000e\000r\000c\000i\000s\000e\000s\000\040\000\050\000I\000t\000e\000m\000s\000\040\000M\000a\000r\000k\000e\000d\000\040\000w\000i\000t\000h\000\040\000a\000n\000\040\000*\000\040\000H\000a\000v\000e\000\040\000S\000o\000l\000u\000t\000i\000o\000n\000s\000\040\000i\000n\000\040\000A\000p\000p\000e\000n\000d\000i\000x\000\040\000D\000\051}{chapter.2}% 174
\BOOKMARK [1][-]{section.2.108}{\376\377\000A\000p\000p\000e\000n\000d\000i\000x\000\040\000C\000:\000\040\000S\000e\000l\000e\000c\000t\000e\000d\000\040\000A\000s\000s\000e\000m\000b\000l\000y\000\040\000L\000a\000n\000g\000u\000a\000g\000e\000\040\000I\000n\000s\000t\000r\000u\000c\000t\000i\000o\000n\000s}{chapter.2}% 175
\BOOKMARK [1][-]{section.2.109}{\376\377\000I\000n\000s\000t\000r\000u\000c\000t\000i\000o\000n\000\040\000O\000p\000e\000r\000a\000n\000d\000s\000\040\000S\000t\000a\000t\000u\000s\000\040\000f\000l\000a\000g\000s\000\040\000a\000f\000f\000e\000c\000t\000e\000d\000\040\000i\000n\000\040\000e\000f\000l\000a\000g\000s\000\040\000r\000e\000g\000i\000s\000t\000e\000r}{chapter.2}% 176
\BOOKMARK [1][-]{section.2.110}{\376\377\000c\000m\000p\000s\000b\000\040\000n\000o\000n\000e\000\040\000C\000,\000O\000,\000Z\000,\000S\000\040\000a\000r\000e\000\040\000m\000o\000d\000i\000f\000i\000e\000d}{chapter.2}% 177
\BOOKMARK [1][-]{section.2.111}{\376\377\000i\000n\000c}{chapter.2}% 178
\BOOKMARK [1][-]{section.2.112}{\376\377\000I\000n\000s\000t\000r\000u\000c\000t\000i\000o\000n\000:\000\040\000D\000e\000s\000c\000r\000i\000p\000t\000i\000o\000n\000:}{chapter.2}% 179
\BOOKMARK [1][-]{section.2.113}{\376\377\000t\000e\000s\000t}{chapter.2}% 180
\BOOKMARK [1][-]{section.2.114}{\376\377\000.\000A\000.\000\040\000C\000o\000r\000r\000e\000c\000t}{chapter.2}% 181
\BOOKMARK [1][-]{section.2.115}{\376\377\000C\000h\000a\000p\000t\000e\000r\000\040\0002}{chapter.2}% 182
\BOOKMARK [1][-]{section.2.116}{\376\377\000C\000h\000a\000p\000t\000e\000r\000\040\0003}{chapter.2}% 183
\BOOKMARK [1][-]{section.2.117}{\376\377\000C\000h\000a\000p\000t\000e\000r\000\040\0004}{chapter.2}% 184
\BOOKMARK [1][-]{section.2.118}{\376\377\000C\000h\000a\000p\000t\000e\000r\000\040\0005}{chapter.2}% 185
\BOOKMARK [1][-]{section.2.119}{\376\377\000C\000h\000a\000p\000t\000e\000r\000\040\0006}{chapter.2}% 186
\BOOKMARK [1][-]{section.2.120}{\376\377\000C\000h\000a\000p\000t\000e\000r\000\040\0007}{chapter.2}% 187
\BOOKMARK [1][-]{section.2.121}{\376\377\000C\000h\000a\000p\000t\000e\000r\000\040\0008}{chapter.2}% 188
\BOOKMARK [1][-]{section.2.122}{\376\377\000C\000h\000a\000p\000t\000e\000r\000\040\0009}{chapter.2}% 189
\BOOKMARK [1][-]{section.2.123}{\376\377\000C\000h\000a\000p\000t\000e\000r\0001\0000}{chapter.2}% 190
\BOOKMARK [1][-]{section.2.124}{\376\377\000C\000h\000a\000p\000t\000e\000r\0001\0001}{chapter.2}% 191
\BOOKMARK [1][-]{section.2.125}{\376\377\000C\000h\000a\000p\000t\000e\000r\0001\0002}{chapter.2}% 192
\BOOKMARK [1][-]{section.2.126}{\376\377\000A\000p\000p\000e\000n\000d\000i\000x\000\040\000B}{chapter.2}% 193
\BOOKMARK [1][-]{section.2.127}{\376\377\000G\000l\000o\000s\000s\000a\000r\000y}{chapter.2}% 194
\BOOKMARK [0][-]{chapter.3}{\376\377\000R\000e\000f\000e\000r\000e\000n\000c\000e\000s}{}% 195
\BOOKMARK [1][-]{section.3.1}{\376\377\000A}{chapter.3}% 196
\BOOKMARK [1][-]{section.3.2}{\376\377\000B}{chapter.3}% 197
\BOOKMARK [1][-]{section.3.3}{\376\377\000C}{chapter.3}% 198
\BOOKMARK [1][-]{section.3.4}{\376\377\000D}{chapter.3}% 199
\BOOKMARK [1][-]{section.3.5}{\376\377\000E}{chapter.3}% 200
\BOOKMARK [1][-]{section.3.6}{\376\377\000F}{chapter.3}% 201
\BOOKMARK [1][-]{section.3.7}{\376\377\000H}{chapter.3}% 202
\BOOKMARK [1][-]{section.3.8}{\376\377\000I}{chapter.3}% 203
\BOOKMARK [1][-]{section.3.9}{\376\377\000J}{chapter.3}% 204
\BOOKMARK [1][-]{section.3.10}{\376\377\000L}{chapter.3}% 205
\BOOKMARK [1][-]{section.3.11}{\376\377\000M}{chapter.3}% 206
\BOOKMARK [1][-]{section.3.12}{\376\377\000N}{chapter.3}% 207
\BOOKMARK [1][-]{section.3.13}{}{chapter.3}% 208
\BOOKMARK [1][-]{section.3.14}{\376\377\000P}{chapter.3}% 209
\BOOKMARK [1][-]{section.3.15}{\376\377\000Q}{chapter.3}% 210
\BOOKMARK [1][-]{section.3.16}{\376\377\000R}{chapter.3}% 211
\BOOKMARK [1][-]{section.3.17}{\376\377\000S}{chapter.3}% 212
\BOOKMARK [1][-]{section.3.18}{\376\377\000T}{chapter.3}% 213
\BOOKMARK [1][-]{section.3.19}{\376\377\000U}{chapter.3}% 214
\BOOKMARK [1][-]{section.3.20}{\376\377\000V}{chapter.3}% 215
\BOOKMARK [1][-]{section.3.21}{\376\377\000W}{chapter.3}% 216
\BOOKMARK [1][-]{section.3.22}{\376\377\000X}{chapter.3}% 217
\BOOKMARK [1][-]{section.3.23}{\376\377\000Z}{chapter.3}% 218
