\BOOKMARK [0][-]{chapter.1}{\376\377\000P\000r\000e\000f\000a\000c\000e}{}% 1
\BOOKMARK [0][-]{chapter.2}{\376\377\000A\000c\000k\000n\000o\000w\000l\000e\000d\000g\000m\000e\000n\000t\000s}{}% 2
\BOOKMARK [0][-]{chapter.3}{\376\377\000C\000o\000n\000t\000e\000n\000t\000s}{}% 3
\BOOKMARK [0][-]{chapter.4}{\376\377\000I\000n\000t\000r\000o\000d\000u\000c\000t\000i\000o\000n\000:\000\040\000W\000h\000y\000\040\000C\000y\000b\000e\000r\000s\000e\000c\000u\000r\000i\000t\000y\000?}{}% 4
\BOOKMARK [1][-]{section.4.1}{\376\377\000I\000n\000f\000o\000r\000m\000a\000t\000i\000o\000n\000\040\000S\000e\000c\000u\000r\000i\000t\000y\000\040\000a\000n\000d\000\040\000C\000y\000b\000e\000r\000s\000e\000c\000u\000r\000i\000t\000y}{chapter.4}% 5
\BOOKMARK [2][-]{subsection.4.1.1}{\376\377\000T\000h\000e\000\040\000D\000e\000v\000e\000l\000o\000p\000m\000e\000n\000t\000\040\000o\000f\000\040\000t\000h\000e\000\040\000I\000n\000t\000e\000r\000n\000e\000t}{section.4.1}% 6
\BOOKMARK [1][-]{section.4.2}{\376\377\000H\000o\000w\000\040\000D\000o\000\040\000C\000o\000m\000p\000u\000t\000e\000r\000s\000\040\000W\000o\000r\000k\000\040\000T\000o\000g\000e\000t\000h\000e\000r\000?}{chapter.4}% 7
\BOOKMARK [2][-]{subsection.4.2.1}{\376\377\000S\000y\000s\000t\000e\000m\000s\000\040\000o\000f\000\040\000S\000y\000s\000t\000e\000m\000s}{section.4.2}% 8
\BOOKMARK [1][-]{section.4.3}{\376\377\000C\000y\000b\000e\000r\000a\000t\000t\000a\000c\000k\000s\000\040\000T\000o\000d\000a\000y}{chapter.4}% 9
\BOOKMARK [1][-]{section.4.4}{\376\377\000S\000e\000c\000u\000r\000i\000t\000y\000\040\000T\000a\000r\000g\000e\000t\000s}{chapter.4}% 10
\BOOKMARK [2][-]{subsection.4.4.1}{\376\377\000C\000I\000A\000\040\000T\000a\000r\000g\000e\000t\000s}{section.4.4}% 11
\BOOKMARK [2][-]{subsection.4.4.2}{\376\377\000S\000e\000c\000u\000r\000i\000t\000y\000\040\000P\000o\000l\000i\000c\000i\000e\000s}{section.4.4}% 12
\BOOKMARK [2][-]{subsection.4.4.3}{\376\377\000A\000\040\000S\000h\000o\000r\000t\000\040\000N\000o\000t\000e\000\040\000o\000n\000\040\000N\000o\000t\000a\000t\000i\000o\000n}{section.4.4}% 13
\BOOKMARK [0][-]{chapter.5}{\376\377\000T\000e\000c\000h\000n\000i\000q\000u\000e\000\040\000a\000n\000d\000\040\000H\000u\000m\000a\000n\000\040\000B\000e\000i\000n\000g\000s}{}% 14
\BOOKMARK [1][-]{section.5.1}{\376\377\000P\000s\000y\000c\000h\000o\000l\000o\000g\000i\000c\000a\000l\000\040\000A\000t\000t\000a\000c\000k\000s}{chapter.5}% 15
\BOOKMARK [2][-]{subsection.5.1.1}{\376\377\000C\000u\000r\000i\000o\000s\000i\000t\000y}{section.5.1}% 16
\BOOKMARK [2][-]{subsection.5.1.2}{\376\377\000H\000e\000l\000p\000f\000u\000l\000n\000e\000s\000s}{section.5.1}% 17
\BOOKMARK [2][-]{subsection.5.1.3}{\376\377\000S\000y\000m\000p\000a\000t\000h\000y\000\040\000a\000n\000d\000\040\000H\000a\000t\000e}{section.5.1}% 18
\BOOKMARK [2][-]{subsection.5.1.4}{\376\377\000B\000e\000l\000i\000e\000f\000\040\000i\000n\000\040\000A\000u\000t\000h\000o\000r\000i\000t\000y}{section.5.1}% 19
\BOOKMARK [2][-]{subsection.5.1.5}{\376\377\000U\000n\000c\000e\000r\000t\000a\000i\000n\000t\000y\000\040\000i\000n\000\040\000D\000e\000c\000i\000s\000i\000o\000n\000\040\000M\000a\000k\000i\000n\000g}{section.5.1}% 20
\BOOKMARK [1][-]{section.5.2}{\376\377\000P\000h\000i\000s\000h\000i\000n\000g}{chapter.5}% 21
\BOOKMARK [1][-]{section.5.3}{\376\377\000H\000u\000m\000a\000n\000s\000\040\000v\000s\000.\000\040\000M\000a\000c\000h\000i\000n\000e\000s}{chapter.5}% 22
\BOOKMARK [1][-]{section.5.4}{\376\377\000C\000a\000n\000\040\000P\000s\000y\000c\000h\000o\000l\000o\000g\000i\000c\000a\000l\000\040\000A\000t\000t\000a\000c\000k\000s\000\040\000B\000e\000\040\000P\000r\000e\000v\000e\000n\000t\000e\000d\000?}{chapter.5}% 23
\BOOKMARK [2][-]{subsection.5.4.1}{\376\377\000M\000o\000t\000i\000v\000a\000t\000i\000o\000n}{section.5.4}% 24
\BOOKMARK [2][-]{subsection.5.4.2}{\376\377\000T\000r\000a\000i\000n\000i\000n\000g}{section.5.4}% 25
\BOOKMARK [0][-]{chapter.6}{\376\377\000R\000i\000s\000k}{}% 26
\BOOKMARK [1][-]{section.6.1}{\376\377\000W\000h\000a\000t\000\040\000I\000s\000\040\000R\000i\000s\000k\000?}{chapter.6}% 27
\BOOKMARK [1][-]{section.6.2}{\376\377\000T\000h\000r\000e\000a\000t\000s\000\040\000i\000n\000\040\000I\000T\000\040\000S\000y\000s\000t\000e\000m\000s}{chapter.6}% 28
\BOOKMARK [1][-]{section.6.3}{\376\377\000R\000i\000s\000k\000\040\000M\000a\000n\000a\000g\000e\000m\000e\000n\000t}{chapter.6}% 29
\BOOKMARK [1][-]{section.6.4}{\376\377\000S\000y\000s\000t\000e\000m\000a\000t\000i\000c\000\040\000S\000e\000c\000u\000r\000i\000t\000y\000\040\000A\000n\000a\000l\000y\000s\000i\000s}{chapter.6}% 30
\BOOKMARK [2][-]{subsection.6.4.1}{\376\377\000I\000S\000O\000/\000I\000E\000C\000\040\0002\0007\0000\0000\0002}{section.6.4}% 31
\BOOKMARK [2][-]{subsection.6.4.2}{\376\377\000O\000C\000T\000A\000V\000E\000\256}{section.6.4}% 32
\BOOKMARK [1][-]{section.6.5}{\376\377\000R\000i\000s\000k\000\040\000M\000a\000n\000a\000g\000e\000m\000e\000n\000t\000\040\000a\000s\000\040\000a\000\040\000P\000D\000C\000A\000\040\000P\000r\000o\000c\000e\000s\000s}{chapter.6}% 33
\BOOKMARK [0][-]{chapter.7}{\376\377\000C\000r\000y\000p\000t\000o\000g\000r\000a\000p\000h\000y}{}% 34
\BOOKMARK [1][-]{section.7.1}{\376\377\000S\000o\000m\000e\000\040\000C\000e\000n\000t\000r\000a\000l\000\040\000C\000o\000n\000c\000e\000p\000t\000s}{chapter.7}% 35
\BOOKMARK [2][-]{subsection.7.1.1}{\376\377\000C\000r\000y\000p\000t\000o\000s\000y\000s\000t\000e\000m\000s}{section.7.1}% 36
\BOOKMARK [2][-]{subsection.7.1.2}{\376\377\000C\000r\000y\000p\000t\000a\000n\000a\000l\000y\000s\000i\000s}{section.7.1}% 37
\BOOKMARK [1][-]{section.7.2}{\376\377\000S\000y\000m\000m\000e\000t\000r\000i\000c\000\040\000E\000n\000c\000r\000y\000p\000t\000i\000o\000n}{chapter.7}% 38
\BOOKMARK [2][-]{subsection.7.2.1}{\376\377\000S\000u\000b\000s\000t\000i\000t\000u\000t\000i\000o\000n\000\040\000C\000i\000p\000h\000e\000r\000s}{section.7.2}% 39
\BOOKMARK [2][-]{subsection.7.2.2}{\376\377\000R\000a\000n\000d\000o\000m\000\040\000P\000e\000r\000m\000u\000t\000a\000t\000i\000o\000n}{section.7.2}% 40
\BOOKMARK [2][-]{subsection.7.2.3}{\376\377\000P\000o\000l\000y\000a\000l\000p\000h\000a\000b\000e\000t\000i\000c\000\040\000C\000i\000p\000h\000e\000r\000s}{section.7.2}% 41
\BOOKMARK [2][-]{subsection.7.2.4}{\376\377\000V\000i\000g\000e\000n\000\350\000r\000e\000\040\000C\000i\000p\000h\000e\000r\000s}{section.7.2}% 42
\BOOKMARK [2][-]{subsection.7.2.5}{\376\377\000T\000r\000a\000n\000s\000p\000o\000s\000i\000t\000i\000o\000n\000\040\000C\000i\000p\000h\000e\000r\000s}{section.7.2}% 43
\BOOKMARK [1][-]{section.7.3}{\376\377\000M\000o\000d\000e\000r\000n\000\040\000I\000d\000e\000a\000s}{chapter.7}% 44
\BOOKMARK [2][-]{subsection.7.3.1}{\376\377\000C\000o\000n\000f\000u\000s\000i\000o\000n\000\040\000a\000n\000d\000\040\000D\000i\000f\000f\000u\000s\000i\000o\000n}{section.7.3}% 45
\BOOKMARK [2][-]{subsection.7.3.2}{\376\377\000D\000E\000S}{section.7.3}% 46
\BOOKMARK [2][-]{subsection.7.3.3}{\376\377\000A\000E\000S}{section.7.3}% 47
\BOOKMARK [2][-]{subsection.7.3.4}{\376\377\000S\000y\000m\000m\000e\000t\000r\000i\000c\000\040\000S\000t\000r\000e\000a\000m\000\040\000C\000i\000p\000h\000e\000r\000s}{section.7.3}% 48
\BOOKMARK [1][-]{section.7.4}{\376\377\000A\000s\000y\000m\000m\000e\000t\000r\000i\000c\000\040\000C\000r\000y\000p\000t\000o\000s\000y\000s\000t\000e\000m\000s}{chapter.7}% 49
\BOOKMARK [2][-]{subsection.7.4.1}{\376\377\000T\000r\000a\000p\000d\000o\000o\000r\000\040\000F\000u\000n\000c\000t\000i\000o\000n\000s}{section.7.4}% 50
\BOOKMARK [2][-]{subsection.7.4.2}{\376\377\000M\000o\000d\000u\000l\000a\000r\000\040\000A\000r\000i\000t\000h\000m\000e\000t\000i\000c}{section.7.4}% 51
\BOOKMARK [2][-]{subsection.7.4.3}{\376\377\000T\000h\000e\000\040\000R\000S\000A\000\040\000C\000r\000y\000p\000t\000o\000s\000y\000s\000t\000e\000m}{section.7.4}% 52
\BOOKMARK [1][-]{section.7.5}{\376\377\000A\000\040\000C\000o\000m\000p\000a\000r\000i\000s\000o\000n\000\040\000o\000f\000\040\000P\000K\000C\000S\000\040\000a\000n\000d\000\040\000S\000K\000C\000S}{chapter.7}% 53
\BOOKMARK [0][-]{chapter.8}{\376\377\000A\000p\000p\000l\000i\000e\000d\000\040\000C\000r\000y\000p\000t\000o\000g\000r\000a\000p\000h\000y}{}% 54
\BOOKMARK [1][-]{section.8.1}{\376\377\000I\000n\000t\000e\000g\000r\000i\000t\000y}{chapter.8}% 55
\BOOKMARK [2][-]{subsection.8.1.1}{\376\377\000C\000r\000y\000p\000t\000o\000g\000r\000a\000p\000h\000i\000c\000\040\000H\000a\000s\000h\000\040\000F\000u\000n\000c\000t\000i\000o\000n\000s}{section.8.1}% 56
\BOOKMARK [2][-]{subsection.8.1.2}{\376\377\000M\000A\000C}{section.8.1}% 57
\BOOKMARK [1][-]{section.8.2}{\376\377\000E\000l\000e\000c\000t\000r\000o\000n\000i\000c\000\040\000S\000i\000g\000n\000a\000t\000u\000r\000e\000s}{chapter.8}% 58
\BOOKMARK [2][-]{subsection.8.2.1}{\376\377\000V\000e\000r\000i\000f\000i\000c\000a\000t\000i\000o\000n\000\040\000o\000f\000\040\000E\000l\000e\000c\000t\000r\000o\000n\000i\000c\000\040\000S\000i\000g\000n\000a\000t\000u\000r\000e\000s}{section.8.2}% 59
\BOOKMARK [2][-]{subsection.8.2.2}{\376\377\000E\000l\000e\000c\000t\000r\000o\000n\000i\000c\000\040\000S\000i\000g\000n\000a\000t\000u\000r\000e\000s\000\040\000w\000i\000t\000h\000\040\000a\000\040\000P\000K\000C\000S}{section.8.2}% 60
\BOOKMARK [2][-]{subsection.8.2.3}{\376\377\000D\000i\000g\000i\000t\000a\000l\000\040\000S\000i\000g\000n\000a\000t\000u\000r\000e\000\040\000S\000t\000a\000n\000d\000a\000r\000d\000\040\000\050\000D\000S\000S\000\051}{section.8.2}% 61
\BOOKMARK [2][-]{subsection.8.2.4}{\376\377\000P\000l\000a\000n\000n\000i\000n\000g\000\040\000f\000o\000r\000\040\000t\000h\000e\000\040\000F\000u\000t\000u\000r\000e}{section.8.2}% 62
\BOOKMARK [1][-]{section.8.3}{\376\377\000A\000u\000t\000h\000e\000n\000t\000i\000c\000a\000t\000i\000o\000n}{chapter.8}% 63
\BOOKMARK [2][-]{subsection.8.3.1}{\376\377\000T\000y\000p\000e\000s\000\040\000o\000f\000\040\000E\000v\000i\000d\000e\000n\000c\000e}{section.8.3}% 64
\BOOKMARK [2][-]{subsection.8.3.2}{\376\377\000A\000u\000t\000h\000e\000n\000t\000i\000c\000a\000t\000i\000o\000n\000\040\000w\000i\000t\000h\000\040\000a\000n\000\040\000S\000K\000C\000S}{section.8.3}% 65
\BOOKMARK [2][-]{subsection.8.3.3}{\376\377\000A\000u\000t\000h\000e\000n\000t\000i\000c\000a\000t\000i\000o\000n\000\040\000w\000i\000t\000h\000\040\000a\000\040\000P\000K\000C\000S}{section.8.3}% 66
\BOOKMARK [1][-]{section.8.4}{\376\377\000K\000e\000y\000\040\000D\000i\000s\000t\000r\000i\000b\000u\000t\000i\000o\000n}{chapter.8}% 67
\BOOKMARK [2][-]{subsection.8.4.1}{\376\377\000D\000i\000f\000f\000i\000e\000-\000H\000e\000l\000l\000m\000a\000n\000\040\000K\000e\000y\000\040\000A\000g\000r\000e\000e\000m\000e\000n\000t}{section.8.4}% 68
\BOOKMARK [2][-]{subsection.8.4.2}{\376\377\000M\000o\000r\000e\000\040\000S\000e\000c\000u\000r\000e\000\040\000K\000e\000y\000\040\000A\000g\000r\000e\000e\000m\000e\000n\000t\000s}{section.8.4}% 69
\BOOKMARK [1][-]{section.8.5}{\376\377\000C\000e\000r\000t\000i\000f\000i\000c\000a\000t\000e\000s}{chapter.8}% 70
\BOOKMARK [2][-]{subsection.8.5.1}{\376\377\000H\000o\000w\000\040\000A\000r\000e\000\040\000C\000e\000r\000t\000i\000f\000i\000c\000a\000t\000e\000s\000\040\000I\000s\000s\000u\000e\000d\000\040\000i\000n\000\040\000a\000\040\000P\000K\000I\000?}{section.8.5}% 71
\BOOKMARK [2][-]{subsection.8.5.2}{\376\377\000A\000c\000c\000e\000s\000s\000\040\000t\000o\000\040\000C\000e\000r\000t\000i\000f\000i\000c\000a\000t\000e\000s}{section.8.5}% 72
\BOOKMARK [1][-]{section.8.6}{\376\377\000T\000r\000u\000s\000t\000\040\000M\000o\000d\000e\000l\000s}{chapter.8}% 73
\BOOKMARK [2][-]{subsection.8.6.1}{\376\377\000T\000h\000e\000\040\000H\000i\000e\000r\000a\000r\000c\000h\000i\000c\000a\000l\000\040\000T\000r\000u\000s\000t\000\040\000M\000o\000d\000e\000l}{section.8.6}% 74
\BOOKMARK [2][-]{subsection.8.6.2}{\376\377\000T\000h\000e\000\040\000R\000e\000p\000u\000t\000a\000t\000i\000o\000n\000-\000b\000a\000s\000e\000d\000\040\000T\000r\000u\000s\000t\000\040\000M\000o\000d\000e\000l}{section.8.6}% 75
\BOOKMARK [1][-]{section.8.7}{\376\377\000E\000s\000t\000a\000b\000l\000i\000s\000h\000i\000n\000g\000\040\000a\000n\000\040\000I\000d\000e\000n\000t\000i\000t\000y}{chapter.8}% 76
\BOOKMARK [0][-]{chapter.9}{\376\377\000C\000o\000m\000m\000u\000n\000i\000c\000a\000t\000i\000o\000n\000\040\000N\000e\000t\000w\000o\000r\000k\000s}{}% 77
\BOOKMARK [1][-]{section.9.1}{\376\377\000B\000a\000s\000i\000c\000\040\000N\000e\000t\000w\000o\000r\000k\000\040\000C\000o\000n\000c\000e\000p\000t\000s}{chapter.9}% 78
\BOOKMARK [2][-]{subsection.9.1.1}{\376\377\000L\000a\000y\000e\000r\000e\000d\000\040\000A\000r\000c\000h\000i\000t\000e\000c\000t\000u\000r\000e\000s}{section.9.1}% 79
\BOOKMARK [2][-]{subsection.9.1.2}{\376\377\000S\000e\000r\000v\000i\000c\000e\000s}{section.9.1}% 80
\BOOKMARK [2][-]{subsection.9.1.3}{\376\377\000P\000r\000o\000t\000o\000c\000o\000l\000s}{section.9.1}% 81
\BOOKMARK [1][-]{section.9.2}{\376\377\000C\000o\000m\000m\000u\000n\000i\000c\000a\000t\000i\000o\000n\000\040\000i\000n\000\040\000t\000h\000e\000\040\000I\000n\000t\000e\000r\000n\000e\000t}{chapter.9}% 82
\BOOKMARK [2][-]{subsection.9.2.1}{\376\377\000D\000a\000t\000a\000\040\000T\000r\000a\000n\000s\000f\000e\000r\000\040\000B\000e\000t\000w\000e\000e\000n\000\040\000L\000a\000y\000e\000r\000s}{section.9.2}% 83
\BOOKMARK [2][-]{subsection.9.2.2}{\376\377\000A\000d\000d\000r\000e\000s\000s\000i\000n\000g}{section.9.2}% 84
\BOOKMARK [2][-]{subsection.9.2.3}{\376\377\000T\000C\000P\000\040\000a\000n\000d\000\040\000U\000D\000P\000\040\000P\000o\000r\000t\000s}{section.9.2}% 85
\BOOKMARK [2][-]{subsection.9.2.4}{\376\377\000F\000u\000n\000c\000t\000i\000o\000n\000s\000\040\000i\000n\000\040\000T\000C\000P\000\040\000a\000n\000d\000\040\000I\000P}{section.9.2}% 86
\BOOKMARK [2][-]{subsection.9.2.5}{\376\377\000D\000N\000S}{section.9.2}% 87
\BOOKMARK [2][-]{subsection.9.2.6}{\376\377\000H\000o\000w\000\040\000D\000o\000\040\000t\000h\000e\000\040\000L\000a\000y\000e\000r\000s\000\040\000W\000o\000r\000k\000\040\000T\000o\000g\000e\000t\000h\000e\000r\000?}{section.9.2}% 88
\BOOKMARK [1][-]{section.9.3}{\376\377\000T\000e\000c\000h\000n\000o\000l\000o\000g\000y}{chapter.9}% 89
\BOOKMARK [2][-]{subsection.9.3.1}{\376\377\000S\000h\000a\000r\000e\000d\000\040\000C\000a\000b\000l\000e\000-\000b\000a\000s\000e\000d\000\040\000M\000e\000d\000i\000a}{section.9.3}% 90
\BOOKMARK [2][-]{subsection.9.3.2}{\376\377\000W\000i\000r\000e\000l\000e\000s\000s\000\040\000N\000e\000t\000w\000o\000r\000k\000s}{section.9.3}% 91
\BOOKMARK [2][-]{subsection.9.3.3}{\376\377\000M\000o\000b\000i\000l\000e\000\040\000T\000e\000l\000e\000p\000h\000o\000n\000e\000s\000\040\000o\000n\000\040\000t\000h\000e\000\040\000N\000e\000t}{section.9.3}% 92
\BOOKMARK [0][-]{chapter.10}{\376\377\000N\000e\000t\000w\000o\000r\000k\000\040\000A\000p\000p\000l\000i\000c\000a\000t\000i\000o\000n\000s}{}% 93
\BOOKMARK [1][-]{section.10.1}{\376\377\000M\000a\000i\000l\000\040\000T\000r\000a\000n\000s\000f\000e\000r}{chapter.10}% 94
\BOOKMARK [2][-]{subsection.10.1.1}{\376\377\000M\000a\000i\000l\000\040\000R\000e\000l\000a\000y\000s}{section.10.1}% 95
\BOOKMARK [2][-]{subsection.10.1.2}{\376\377\000T\000h\000e\000\040\000S\000t\000r\000u\000c\000t\000u\000r\000e\000\040\000o\000f\000\040\000a\000\040\000M\000a\000i\000l}{section.10.1}% 96
\BOOKMARK [1][-]{section.10.2}{\376\377\000T\000r\000a\000n\000s\000f\000e\000r\000\040\000o\000f\000\040\000W\000e\000b\000\040\000P\000a\000g\000e\000s}{chapter.10}% 97
\BOOKMARK [0][-]{chapter.11}{\376\377\000N\000e\000t\000w\000o\000r\000k\000\040\000S\000e\000c\000u\000r\000i\000t\000y}{}% 98
\BOOKMARK [1][-]{section.11.1}{\376\377\000P\000r\000o\000t\000e\000c\000t\000i\000o\000n\000\040\000B\000a\000s\000e\000d\000\040\000o\000n\000\040\000C\000r\000y\000p\000t\000o\000g\000r\000a\000p\000h\000i\000c\000\040\000M\000e\000t\000h\000o\000d\000s}{chapter.11}% 99
\BOOKMARK [2][-]{subsection.11.1.1}{\376\377\000T\000h\000e\000\040\000A\000p\000p\000l\000i\000c\000a\000t\000i\000o\000n\000\040\000L\000a\000y\000e\000r}{section.11.1}% 100
\BOOKMARK [2][-]{subsection.11.1.2}{\376\377\000T\000h\000e\000\040\000T\000r\000a\000n\000s\000p\000o\000r\000t\000\040\000L\000a\000y\000e\000r}{section.11.1}% 101
\BOOKMARK [2][-]{subsection.11.1.3}{\376\377\000T\000h\000e\000\040\000I\000n\000t\000e\000r\000n\000e\000t\000\040\000L\000a\000y\000e\000r}{section.11.1}% 102
\BOOKMARK [2][-]{subsection.11.1.4}{\376\377\000T\000h\000e\000\040\000L\000i\000n\000k\000\040\000L\000a\000y\000e\000r}{section.11.1}% 103
\BOOKMARK [2][-]{subsection.11.1.5}{\376\377\000T\000h\000e\000\040\000P\000h\000y\000s\000i\000c\000a\000l\000\040\000L\000a\000y\000e\000r}{section.11.1}% 104
\BOOKMARK [1][-]{section.11.2}{\376\377\000E\000n\000c\000r\000y\000p\000t\000i\000o\000n\000\040\000i\000n\000\040\000t\000h\000e\000\040\000A\000p\000p\000l\000i\000c\000a\000t\000i\000o\000n\000\040\000L\000a\000y\000e\000r}{chapter.11}% 105
\BOOKMARK [1][-]{section.11.3}{\376\377\000V\000i\000r\000t\000u\000a\000l\000\040\000P\000r\000i\000v\000a\000t\000e\000\040\000N\000e\000t\000w\000o\000r\000k\000s}{chapter.11}% 106
\BOOKMARK [2][-]{subsection.11.3.1}{\376\377\000T\000u\000n\000n\000e\000l\000i\000n\000g}{section.11.3}% 107
\BOOKMARK [1][-]{section.11.4}{\376\377\000S\000e\000c\000u\000r\000e\000\040\000S\000o\000c\000k\000e\000t\000\040\000L\000a\000y\000e\000r}{chapter.11}% 108
\BOOKMARK [2][-]{subsection.11.4.1}{\376\377\000S\000S\000L\000\040\000P\000r\000o\000t\000o\000c\000o\000l\000\040\000A\000r\000c\000h\000i\000t\000e\000c\000t\000u\000r\000e}{section.11.4}% 109
\BOOKMARK [2][-]{subsection.11.4.2}{\376\377\000S\000S\000L\000/\000T\000L\000S\000\040\000S\000e\000c\000u\000r\000i\000t\000y\000\040\000P\000a\000r\000a\000m\000e\000t\000e\000r\000\040\000S\000e\000t\000s}{section.11.4}% 110
\BOOKMARK [2][-]{subsection.11.4.3}{\376\377\000P\000r\000o\000t\000o\000c\000o\000l\000s\000\040\000S\000e\000c\000u\000r\000e\000d\000\040\000w\000i\000t\000h\000\040\000S\000S\000L\000/\000T\000L\000S}{section.11.4}% 111
\BOOKMARK [1][-]{section.11.5}{\376\377\000R\000i\000s\000k\000s\000\040\000i\000n\000\040\000U\000s\000i\000n\000g\000\040\000C\000e\000r\000t\000i\000f\000i\000c\000a\000t\000e\000s}{chapter.11}% 112
\BOOKMARK [1][-]{section.11.6}{\376\377\000F\000i\000r\000e\000w\000a\000l\000l\000s}{chapter.11}% 113
\BOOKMARK [2][-]{subsection.11.6.1}{\376\377\000T\000y\000p\000e\000s\000\040\000o\000f\000\040\000F\000i\000r\000e\000w\000a\000l\000l}{section.11.6}% 114
\BOOKMARK [2][-]{subsection.11.6.2}{\376\377\000P\000l\000a\000c\000e\000m\000e\000n\000t\000\040\000o\000f\000\040\000F\000i\000r\000e\000w\000a\000l\000l\000s}{section.11.6}% 115
\BOOKMARK [2][-]{subsection.11.6.3}{\376\377\000R\000e\000s\000i\000d\000u\000a\000l\000\040\000R\000i\000s\000k\000s\000\040\000C\000o\000n\000n\000e\000c\000t\000e\000d\000\040\000w\000i\000t\000h\000\040\000F\000i\000r\000e\000w\000a\000l\000l\000s}{section.11.6}% 116
\BOOKMARK [2][-]{subsection.11.6.4}{\376\377\000P\000e\000r\000s\000o\000n\000a\000l\000\040\000F\000i\000r\000e\000w\000a\000l\000l\000s}{section.11.6}% 117
\BOOKMARK [1][-]{section.11.7}{\376\377\000I\000n\000t\000r\000u\000s\000i\000o\000n\000\040\000D\000e\000t\000e\000c\000t\000i\000o\000n\000\040\000S\000y\000s\000t\000e\000m\000s\000\040\000\050\000I\000D\000S\000\051}{chapter.11}% 118
\BOOKMARK [2][-]{subsection.11.7.1}{\376\377\000P\000r\000i\000n\000c\000i\000p\000l\000e\000s\000\040\000o\000f\000\040\000O\000p\000e\000r\000a\000t\000i\000o\000n}{section.11.7}% 119
\BOOKMARK [2][-]{subsection.11.7.2}{\376\377\000N\000e\000t\000w\000o\000r\000k\000\040\000I\000D\000S\000s\000\040\000\050\000N\000I\000D\000S\000\051}{section.11.7}% 120
\BOOKMARK [2][-]{subsection.11.7.3}{\376\377\000H\000o\000s\000t\000\040\000I\000D\000S\000s\000\040\000\050\000H\000I\000D\000S\000\051}{section.11.7}% 121
\BOOKMARK [2][-]{subsection.11.7.4}{\376\377\000D\000e\000v\000e\000l\000o\000p\000m\000e\000n\000t\000\040\000o\000f\000\040\000S\000e\000c\000u\000r\000i\000t\000y\000\040\000i\000n\000\040\000I\000E\000E\000E\000\040\0008\0000\0002\000.\0001\0001}{section.11.7}% 122
\BOOKMARK [2][-]{subsection.11.7.5}{\376\377\000S\000e\000c\000u\000r\000i\000t\000y\000\040\000i\000n\000\040\000B\000l\000u\000e\000t\000o\000o\000t\000h}{section.11.7}% 123
\BOOKMARK [1][-]{section.11.8}{\376\377\000S\000e\000c\000u\000r\000i\000t\000y\000\040\000i\000n\000\040\000t\000h\000e\000\040\000M\000o\000b\000i\000l\000e\000\040\000T\000e\000l\000e\000p\000h\000o\000n\000e\000\040\000N\000e\000t\000w\000o\000r\000k}{chapter.11}% 124
\BOOKMARK [2][-]{subsection.11.8.1}{\376\377\000S\000e\000c\000u\000r\000i\000t\000y\000\040\000i\000n\000\040\000G\000S\000M}{section.11.8}% 125
\BOOKMARK [2][-]{subsection.11.8.2}{\376\377\000C\000a\000n\000\040\000t\000h\000e\000\040\000A\0005\000\040\000F\000u\000n\000c\000t\000i\000o\000n\000s\000\040\000B\000e\000\040\000B\000r\000o\000k\000e\000n\000\040\000i\000n\000\040\000P\000r\000a\000c\000t\000i\000c\000e\000?}{section.11.8}% 126
\BOOKMARK [2][-]{subsection.11.8.3}{\376\377\000S\000e\000c\000u\000r\000i\000t\000y\000\040\000i\000n\000\040\000U\000M\000T\000S}{section.11.8}% 127
\BOOKMARK [2][-]{subsection.11.8.4}{\376\377\000F\000a\000l\000s\000e\000\040\000B\000T\000S\000s\000\040\000a\000n\000d\000\040\000S\000u\000r\000v\000e\000i\000l\000l\000a\000n\000c\000e}{section.11.8}% 128
\BOOKMARK [2][-]{subsection.11.8.5}{\376\377\000I\000s\000\040\000Y\000o\000u\000r\000\040\000M\000o\000b\000i\000l\000e\000\040\000D\000e\000v\000i\000c\000e\000\040\000S\000e\000c\000u\000r\000e\000?}{section.11.8}% 129
\BOOKMARK [1][-]{section.11.9}{\376\377\000D\000e\000n\000i\000a\000l\000\040\000o\000f\000\040\000S\000e\000r\000v\000i\000c\000e\000\040\000\050\000D\000o\000S\000\051\000\040\000A\000t\000t\000a\000c\000k\000s}{chapter.11}% 130
\BOOKMARK [2][-]{subsection.11.9.1}{\376\377\000D\000o\000S\000\040\000A\000t\000t\000a\000c\000k\000s\000\040\000i\000n\000\040\000t\000h\000e\000\040\000A\000p\000p\000l\000i\000c\000a\000t\000i\000o\000n\000\040\000L\000a\000y\000e\000r}{section.11.9}% 131
\BOOKMARK [2][-]{subsection.11.9.2}{\376\377\000D\000o\000S\000\040\000A\000t\000t\000a\000c\000k\000s\000\040\000i\000n\000\040\000t\000h\000e\000\040\000T\000r\000a\000n\000s\000p\000o\000r\000t\000\040\000L\000a\000y\000e\000r}{section.11.9}% 132
\BOOKMARK [2][-]{subsection.11.9.3}{\376\377\000D\000o\000S\000\040\000A\000t\000t\000a\000c\000k\000s\000\040\000i\000n\000\040\000t\000h\000e\000\040\000I\000n\000t\000e\000r\000n\000e\000t\000\040\000L\000a\000y\000e\000r}{section.11.9}% 133
\BOOKMARK [2][-]{subsection.11.9.4}{\376\377\000D\000o\000S\000\040\000A\000t\000t\000a\000c\000k\000s\000\040\000i\000n\000\040\000t\000h\000e\000\040\000L\000i\000n\000k\000\040\000a\000n\000d\000\040\000P\000h\000y\000s\000i\000c\000a\000l\000\040\000L\000a\000y\000e\000r\000s}{section.11.9}% 134
\BOOKMARK [2][-]{subsection.11.9.5}{\376\377\000D\000i\000s\000t\000r\000i\000b\000u\000t\000e\000d\000\040\000D\000o\000S\000\040\000A\000t\000t\000a\000c\000k\000s}{section.11.9}% 135
\BOOKMARK [2][-]{subsection.11.9.6}{\376\377\000P\000e\000r\000m\000a\000n\000e\000n\000t\000\040\000D\000o\000S\000\040\000A\000t\000t\000a\000c\000k\000s}{section.11.9}% 136
\BOOKMARK [2][-]{subsection.11.9.7}{\376\377\000R\000i\000s\000k\000s\000\040\000a\000n\000d\000\040\000C\000o\000u\000n\000t\000e\000r\000m\000e\000a\000s\000u\000r\000e\000s\000\040\000f\000o\000r\000\040\000D\000O\000S\000\040\000A\000t\000t\000a\000c\000k\000s}{section.11.9}% 137
\BOOKMARK [1][-]{section.11.10}{\376\377\000S\000e\000c\000u\000r\000i\000t\000y\000\040\000i\000n\000\040\000D\000N\000S}{chapter.11}% 138
\BOOKMARK [2][-]{subsection.11.10.1}{\376\377\000C\000o\000u\000n\000t\000e\000r\000m\000e\000a\000s\000u\000r\000e\000s\000\040\000f\000o\000r\000\040\000U\000s\000e\000\040\000i\000n\000\040\000D\000N\000S}{section.11.10}% 139
\BOOKMARK [1][-]{section.11.11}{\376\377\000S\000e\000c\000u\000r\000i\000t\000y\000\040\000i\000n\000\040\000S\000M\000T\000P}{chapter.11}% 140
\BOOKMARK [2][-]{subsection.11.11.1}{\376\377\000S\000P\000F}{section.11.11}% 141
\BOOKMARK [2][-]{subsection.11.11.2}{\376\377\000D\000K\000I\000M}{section.11.11}% 142
\BOOKMARK [1][-]{section.11.12}{\376\377\000S\000e\000c\000u\000r\000i\000t\000y\000\040\000i\000n\000\040\000S\000N\000M\000P}{chapter.11}% 143
\BOOKMARK [2][-]{subsection.11.12.1}{\376\377\000R\000i\000s\000k\000s\000\040\000a\000n\000d\000\040\000C\000o\000u\000n\000t\000e\000r\000m\000e\000a\000s\000u\000r\000e\000s\000\040\000i\000n\000\040\000U\000s\000i\000n\000g\000\040\000S\000N\000M\000P}{section.11.12}% 144
\BOOKMARK [1][-]{section.11.13}{\376\377\000E\000v\000a\000l\000u\000a\000t\000i\000o\000n\000\040\000o\000f\000\040\000N\000e\000t\000w\000o\000r\000k\000\040\000S\000e\000c\000u\000r\000i\000t\000y}{chapter.11}% 145
\BOOKMARK [0][-]{chapter.12}{\376\377\000S\000e\000c\000u\000r\000i\000t\000y\000\040\000i\000n\000\040\000O\000p\000e\000r\000a\000t\000i\000n\000g\000\040\000S\000y\000s\000t\000e\000m\000s}{}% 146
\BOOKMARK [1][-]{section.12.1}{\376\377\000U\000s\000e\000r\000\040\000A\000u\000t\000h\000e\000n\000t\000i\000c\000a\000t\000i\000o\000n}{chapter.12}% 147
\BOOKMARK [2][-]{subsection.12.1.1}{\376\377\000B\000i\000o\000m\000e\000t\000r\000i\000c\000\040\000A\000u\000t\000h\000e\000n\000t\000i\000c\000a\000t\000i\000o\000n}{section.12.1}% 148
\BOOKMARK [2][-]{subsection.12.1.2}{\376\377\000P\000a\000s\000s\000w\000o\000r\000d\000s}{section.12.1}% 149
\BOOKMARK [2][-]{subsection.12.1.3}{\376\377\000P\000a\000t\000t\000e\000r\000n\000\040\000L\000o\000c\000k\000s}{section.12.1}% 150
\BOOKMARK [2][-]{subsection.12.1.4}{\376\377\000T\000r\000e\000n\000d\000s\000\040\000i\000n\000\040\000U\000s\000e\000r\000\040\000A\000u\000t\000h\000e\000n\000t\000i\000c\000a\000t\000i\000o\000n}{section.12.1}% 151
\BOOKMARK [2][-]{subsection.12.1.5}{\376\377\000A\000u\000t\000h\000e\000n\000t\000i\000c\000a\000t\000i\000o\000n\000\040\000T\000h\000r\000o\000u\000g\000h\000\040\000t\000h\000e\000\040\000N\000e\000t}{section.12.1}% 152
\BOOKMARK [2][-]{subsection.12.1.6}{\376\377\000W\000h\000o\000\040\000D\000e\000c\000i\000d\000e\000s\000?}{section.12.1}% 153
\BOOKMARK [2][-]{subsection.12.1.7}{\376\377\000A\000c\000c\000e\000s\000s\000\040\000C\000o\000n\000t\000r\000o\000l\000\040\000M\000a\000t\000r\000i\000c\000e\000s}{section.12.1}% 154
\BOOKMARK [2][-]{subsection.12.1.8}{\376\377\000A\000c\000c\000e\000s\000s\000\040\000C\000o\000n\000t\000r\000o\000l\000\040\000L\000i\000s\000t\000s}{section.12.1}% 155
\BOOKMARK [2][-]{subsection.12.1.9}{\376\377\000D\000i\000r\000e\000c\000t\000o\000r\000i\000e\000s}{section.12.1}% 156
\BOOKMARK [2][-]{subsection.12.1.10}{\376\377\000C\000a\000p\000a\000b\000i\000l\000i\000t\000i\000e\000s}{section.12.1}% 157
\BOOKMARK [1][-]{section.12.2}{\376\377\000A\000c\000c\000e\000s\000s\000\040\000C\000o\000n\000t\000r\000o\000l\000\040\000i\000n\000\040\000F\000i\000l\000e\000\040\000S\000y\000s\000t\000e\000m\000s}{chapter.12}% 158
\BOOKMARK [2][-]{subsection.12.2.1}{\376\377\000U\000n\000i\000x\000-\000s\000t\000y\000l\000e\000\040\000F\000i\000l\000e\000\040\000P\000r\000o\000t\000e\000c\000t\000i\000o\000n}{section.12.2}% 159
\BOOKMARK [2][-]{subsection.12.2.2}{\376\377\000s\000e\000t\000u\000i\000d\000\040\000a\000n\000d\000\040\000s\000e\000t\000g\000i\000d}{section.12.2}% 160
\BOOKMARK [2][-]{subsection.12.2.3}{\376\377\000W\000i\000n\000d\000o\000w\000s\000\040\000N\000T\000\040\000A\000C\000L\000s}{section.12.2}% 161
\BOOKMARK [1][-]{section.12.3}{\376\377\000A\000c\000c\000e\000s\000s\000\040\000C\000o\000n\000t\000r\000o\000l\000\040\000f\000o\000r\000\040\000O\000t\000h\000e\000r\000\040\000S\000y\000s\000t\000e\000m\000\040\000C\000o\000m\000p\000o\000n\000e\000n\000t\000s}{chapter.12}% 162
\BOOKMARK [2][-]{subsection.12.3.1}{\376\377\000A\000c\000c\000e\000s\000s\000\040\000C\000o\000n\000t\000r\000o\000l\000\040\000i\000n\000\040\000t\000h\000e\000\040\000M\000e\000m\000o\000r\000y}{section.12.3}% 163
\BOOKMARK [2][-]{subsection.12.3.2}{\376\377\000A\000c\000c\000e\000s\000s\000\040\000C\000o\000n\000t\000r\000o\000l\000\040\000f\000o\000r\000\040\000H\000a\000r\000d\000w\000a\000r\000e\000\040\000U\000n\000i\000t\000s}{section.12.3}% 164
\BOOKMARK [2][-]{subsection.12.3.3}{\376\377\000A\000c\000c\000e\000s\000s\000\040\000C\000o\000n\000t\000r\000o\000l\000\040\000f\000o\000r\000\040\000t\000h\000e\000\040\000C\000P\000U}{section.12.3}% 165
\BOOKMARK [2][-]{subsection.12.3.4}{\376\377\000A\000c\000c\000e\000s\000s\000\040\000C\000o\000n\000t\000r\000o\000l\000\040\000i\000n\000\040\000A\000n\000d\000r\000o\000i\000d}{section.12.3}% 166
\BOOKMARK [2][-]{subsection.12.3.5}{\376\377\000B\000y\000p\000a\000s\000s\000i\000n\000g\000\040\000A\000c\000c\000e\000s\000s\000\040\000C\000o\000n\000t\000r\000o\000l\000:\000\040\000R\000o\000o\000t\000k\000i\000t\000s}{section.12.3}% 167
\BOOKMARK [1][-]{section.12.4}{\376\377\000E\000n\000c\000r\000y\000p\000t\000i\000o\000n\000\040\000i\000n\000\040\000t\000h\000e\000\040\000O\000p\000e\000r\000a\000t\000i\000n\000g\000\040\000S\000y\000s\000t\000e\000m}{chapter.12}% 168
\BOOKMARK [1][-]{section.12.5}{\376\377\000J\000o\000b\000\040\000S\000c\000h\000e\000d\000u\000l\000i\000n\000g}{chapter.12}% 169
\BOOKMARK [1][-]{section.12.6}{\376\377\000U\000p\000d\000a\000t\000i\000n\000g\000\040\000t\000h\000e\000\040\000O\000p\000e\000r\000a\000t\000i\000n\000g\000\040\000S\000y\000s\000t\000e\000m}{chapter.12}% 170
\BOOKMARK [1][-]{section.12.7}{\376\377\000I\000s\000\040\000Y\000o\000u\000r\000\040\000O\000S\000\040\000G\000e\000n\000u\000i\000n\000e\000?}{chapter.12}% 171
\BOOKMARK [1][-]{section.12.8}{\376\377\000W\000h\000a\000t\000\040\000t\000h\000e\000\040\000O\000S\000\040\000C\000a\000n\000n\000o\000t\000\040\000D\000o}{chapter.12}% 172
\BOOKMARK [0][-]{chapter.13}{\376\377\000S\000o\000f\000t\000w\000a\000r\000e\000\040\000s\000e\000c\000u\000r\000i\000t\000y}{}% 173
\BOOKMARK [1][-]{section.13.1}{\376\377\000C\000l\000a\000s\000s\000e\000s\000\040\000o\000f\000\040\000S\000e\000c\000u\000r\000i\000t\000y\000\040\000F\000a\000i\000l\000u\000r\000e\000\040\000i\000n\000\040\000S\000o\000f\000t\000w\000a\000r\000e}{chapter.13}% 174
\BOOKMARK [2][-]{subsection.13.1.1}{\376\377\000B\000u\000f\000f\000e\000r\000\040\000O\000v\000e\000r\000f\000l\000o\000w}{section.13.1}% 175
\BOOKMARK [2][-]{subsection.13.1.2}{\376\377\000B\000u\000f\000f\000e\000r\000\040\000O\000v\000e\000r\000f\000l\000o\000w\000\040\000V\000u\000l\000n\000e\000r\000a\000b\000i\000l\000i\000t\000i\000e\000s}{section.13.1}% 176
\BOOKMARK [2][-]{subsection.13.1.3}{\376\377\000I\000n\000c\000o\000m\000p\000l\000e\000t\000e\000\040\000M\000e\000d\000i\000a\000t\000i\000o\000n}{section.13.1}% 177
\BOOKMARK [2][-]{subsection.13.1.4}{\376\377\000T\000i\000m\000e\000-\000o\000f\000-\000c\000h\000e\000c\000k\000\040\000t\000o\000\040\000T\000i\000m\000e\000-\000o\000f\000-\000u\000s\000e\000\040\000\050\000T\000O\000C\000T\000T\000O\000U\000\051}{section.13.1}% 178
\BOOKMARK [2][-]{subsection.13.1.5}{\376\377\000D\000e\000t\000e\000c\000t\000i\000o\000n\000\040\000o\000f\000\040\000P\000r\000o\000g\000r\000a\000m\000m\000i\000n\000g\000\040\000E\000r\000r\000o\000r\000s}{section.13.1}% 179
\BOOKMARK [1][-]{section.13.2}{\376\377\000M\000a\000l\000i\000c\000i\000o\000u\000s\000\040\000C\000o\000d\000e}{chapter.13}% 180
\BOOKMARK [2][-]{subsection.13.2.1}{\376\377\000V\000i\000r\000u\000s\000\040\000A\000t\000t\000a\000c\000k\000s}{section.13.2}% 181
\BOOKMARK [2][-]{subsection.13.2.2}{\376\377\000W\000o\000r\000m\000\040\000a\000t\000t\000a\000c\000k\000s}{section.13.2}% 182
\BOOKMARK [2][-]{subsection.13.2.3}{\376\377\000A\000n\000t\000i\000v\000i\000r\000u\000s\000\040\000S\000y\000s\000t\000e\000m\000s}{section.13.2}% 183
\BOOKMARK [1][-]{section.13.3}{\376\377\000S\000Q\000L\000\040\000I\000n\000j\000e\000c\000t\000i\000o\000n}{chapter.13}% 184
\BOOKMARK [1][-]{section.13.4}{\376\377\000C\000o\000u\000n\000t\000e\000r\000m\000e\000a\000s\000u\000r\000e\000s}{chapter.13}% 185
\BOOKMARK [2][-]{subsection.13.4.1}{\376\377\000L\000D\000A\000P\000\040\000S\000e\000a\000r\000c\000h\000e\000s}{section.13.4}% 186
\BOOKMARK [1][-]{section.13.5}{\376\377\000H\000T\000T\000P\000-\000b\000a\000s\000e\000d\000\040\000A\000p\000p\000l\000i\000c\000a\000t\000i\000o\000n\000s}{chapter.13}% 187
\BOOKMARK [2][-]{subsection.13.5.1}{\376\377\000H\000T\000T\000P\000\040\000A\000u\000t\000h\000e\000n\000t\000i\000c\000a\000t\000i\000o\000n}{section.13.5}% 188
\BOOKMARK [2][-]{subsection.13.5.2}{\376\377\000H\000T\000T\000P\000\040\000C\000o\000o\000k\000i\000e\000s}{section.13.5}% 189
\BOOKMARK [2][-]{subsection.13.5.3}{\376\377\000W\000e\000b\000f\000o\000r\000m\000s}{section.13.5}% 190
\BOOKMARK [2][-]{subsection.13.5.4}{\376\377\000M\000o\000b\000i\000l\000e\000\040\000c\000o\000d\000e}{section.13.5}% 191
\BOOKMARK [2][-]{subsection.13.5.5}{\376\377\000W\000e\000b\000\040\000S\000e\000r\000v\000e\000r\000\040\000V\000u\000l\000n\000e\000r\000a\000b\000i\000l\000i\000t\000i\000e\000s}{section.13.5}% 192
