\BOOKMARK [0][-]{chapter.1}{\376\377\000P\000r\000e\000f\000a\000c\000e}{}% 1
\BOOKMARK [0][-]{chapter.2}{\376\377\000C\000o\000n\000t\000e\000n\000t\000s}{}% 2
\BOOKMARK [1][-]{section.2.1}{\376\377\000A\000s\000k\000i\000n\000g\000\040\000I\000n\000t\000e\000r\000e\000s\000t\000i\000n\000g\000\040\000Q\000u\000e\000s\000t\000i\000o\000n\000s\000\040\000f\000r\000o\000m\000\040\000D\000a\000t\000a}{chapter.2}% 3
\BOOKMARK [2][-]{subsection.2.1.1}{\376\377\000T\000h\000e\000\040\000B\000a\000s\000e\000b\000a\000l\000l\000\040\000E\000n\000c\000y\000c\000l\000o\000p\000e\000d\000i\000a}{section.2.1}% 4
\BOOKMARK [2][-]{subsection.2.1.2}{\376\377\000T\000h\000e\000\040\000I\000n\000t\000e\000r\000n\000e\000t\000\040\000M\000o\000v\000i\000e\000\040\000D\000a\000t\000a\000b\000a\000s\000e\000\040\000\050\000I\000M\000D\000b\000\051}{section.2.1}% 5
\BOOKMARK [2][-]{subsection.2.1.3}{\376\377\000G\000o\000o\000g\000l\000e\000\040\000N\000g\000r\000a\000m\000s}{section.2.1}% 6
\BOOKMARK [2][-]{subsection.2.1.4}{\376\377\000N\000e\000w\000\040\000Y\000o\000r\000k\000\040\000T\000a\000x\000i\000\040\000R\000e\000c\000o\000r\000d\000s}{section.2.1}% 7
\BOOKMARK [1][-]{section.2.2}{\376\377\000P\000r\000o\000p\000e\000r\000t\000i\000e\000s\000\040\000o\000f\000\040\000D\000a\000t\000a}{chapter.2}% 8
\BOOKMARK [2][-]{subsection.2.2.1}{\376\377\000S\000t\000r\000u\000c\000t\000u\000r\000e\000d\000\040\000v\000s\000.\000\040\000U\000n\000s\000t\000r\000u\000c\000t\000u\000r\000e\000d\000\040\000D\000a\000t\000a}{section.2.2}% 9
\BOOKMARK [2][-]{subsection.2.2.2}{\376\377\000Q\000u\000a\000n\000t\000i\000t\000a\000t\000i\000v\000e\000\040\000v\000s\000.\000\040\000C\000a\000t\000e\000g\000o\000r\000i\000c\000a\000l\000\040\000D\000a\000t\000a}{section.2.2}% 10
\BOOKMARK [2][-]{subsection.2.2.3}{\376\377\000B\000i\000g\000\040\000D\000a\000t\000a\000\040\000v\000s\000.\000\040\000L\000i\000t\000t\000l\000e\000\040\000D\000a\000t\000a}{section.2.2}% 11
\BOOKMARK [2][-]{subsection.2.2.4}{\376\377\000K\000a\000g\000g\000l\000e\000\040\000C\000h\000a\000l\000l\000e\000n\000g\000e\000s}{section.2.2}% 12
\BOOKMARK [1][-]{section.2.3}{\376\377\000A\000b\000o\000u\000t\000\040\000t\000h\000e\000\040\000W\000a\000r\000\040\000S\000t\000o\000r\000i\000e\000s}{chapter.2}% 13
\BOOKMARK [1][-]{section.2.4}{\376\377\000W\000a\000r\000\040\000S\000t\000o\000r\000y\000:\000\040\000A\000n\000s\000w\000e\000r\000i\000n\000g\000\040\000t\000h\000e\000\040\000R\000i\000g\000h\000t\000\040\000Q\000u\000e\000s\000t\000i\000o\000n}{chapter.2}% 14
\BOOKMARK [1][-]{section.2.5}{\376\377\000E\000x\000e\000r\000c\000i\000s\000e\000s}{chapter.2}% 15
\BOOKMARK [0][-]{chapter.3}{\376\377\000M\000a\000t\000h\000e\000m\000a\000t\000i\000c\000a\000l\000\040\000P\000r\000e\000l\000i\000m\000i\000n\000a\000r\000i\000e\000s}{}% 16
\BOOKMARK [1][-]{section.3.1}{\376\377\000P\000r\000o\000b\000a\000b\000i\000l\000i\000t\000y}{chapter.3}% 17
\BOOKMARK [2][-]{subsection.3.1.1}{\376\377\000C\000o\000m\000p\000o\000u\000n\000d\000\040\000E\000v\000e\000n\000t\000s\000\040\000a\000n\000d\000\040\000I\000n\000d\000e\000p\000e\000n\000d\000e\000n\000c\000e}{section.3.1}% 18
\BOOKMARK [2][-]{subsection.3.1.2}{\376\377\000C\000o\000n\000d\000i\000t\000i\000o\000n\000a\000l\000\040\000P\000r\000o\000b\000a\000b\000i\000l\000i\000t\000y}{section.3.1}% 19
\BOOKMARK [2][-]{subsection.3.1.3}{\376\377\000P\000r\000o\000b\000a\000b\000i\000l\000i\000t\000y\000\040\000D\000i\000s\000t\000r\000i\000b\000u\000t\000i\000o\000n\000s}{section.3.1}% 20
\BOOKMARK [1][-]{section.3.2}{\376\377\000D\000e\000s\000c\000r\000i\000p\000t\000i\000v\000e\000\040\000S\000t\000a\000t\000i\000s\000t\000i\000c\000s}{chapter.3}% 21
\BOOKMARK [2][-]{subsection.3.2.1}{\376\377\000C\000e\000n\000t\000r\000a\000l\000i\000t\000y\000\040\000M\000e\000a\000s\000u\000r\000e\000s}{section.3.2}% 22
\BOOKMARK [2][-]{subsection.3.2.2}{\376\377\000V\000a\000r\000i\000a\000b\000i\000l\000i\000t\000y\000\040\000M\000e\000a\000s\000u\000r\000e\000s}{section.3.2}% 23
\BOOKMARK [2][-]{subsection.3.2.3}{\376\377\000I\000n\000t\000e\000r\000p\000r\000e\000t\000i\000n\000g\000\040\000V\000a\000r\000i\000a\000n\000c\000e}{section.3.2}% 24
\BOOKMARK [2][-]{subsection.3.2.4}{\376\377\000C\000h\000a\000r\000a\000c\000t\000e\000r\000i\000z\000i\000n\000g\000\040\000D\000i\000s\000t\000r\000i\000b\000u\000t\000i\000o\000n\000s}{section.3.2}% 25
\BOOKMARK [1][-]{section.3.3}{\376\377\000C\000o\000r\000r\000e\000l\000a\000t\000i\000o\000n\000\040\000A\000n\000a\000l\000y\000s\000i\000s}{chapter.3}% 26
\BOOKMARK [2][-]{subsection.3.3.1}{\376\377\000C\000o\000r\000r\000e\000l\000a\000t\000i\000o\000n\000\040\000D\000o\000e\000s\000\040\000N\000o\000t\000\040\000I\000m\000p\000l\000y\000\040\000C\000a\000u\000s\000a\000t\000i\000o\000n\000!}{section.3.3}% 27
\BOOKMARK [2][-]{subsection.3.3.2}{\376\377\000D\000e\000t\000e\000c\000t\000i\000n\000g\000\040\000P\000e\000r\000i\000o\000d\000i\000c\000i\000t\000i\000e\000s\000\040\000b\000y\000\040\000A\000u\000t\000o\000c\000o\000r\000r\000e\000l\000a\000t\000i\000o\000n}{section.3.3}% 28
\BOOKMARK [1][-]{section.3.4}{\376\377\000L\000o\000g\000a\000r\000i\000t\000h\000m\000s}{chapter.3}% 29
\BOOKMARK [2][-]{subsection.3.4.1}{\376\377\000L\000o\000g\000a\000r\000i\000t\000h\000m\000s\000\040\000a\000n\000d\000\040\000M\000u\000l\000t\000i\000p\000l\000y\000i\000n\000g\000\040\000P\000r\000o\000b\000a\000b\000i\000l\000i\000t\000i\000e\000s}{section.3.4}% 30
\BOOKMARK [2][-]{subsection.3.4.2}{\376\377\000L\000o\000g\000a\000r\000i\000t\000h\000m\000s\000\040\000a\000n\000d\000\040\000N\000o\000r\000m\000a\000l\000i\000z\000i\000n\000g\000\040\000S\000k\000e\000w\000e\000d\000\040\000D\000i\000s\000t\000r\000i\000b\000u\000t\000i\000o\000n\000s}{section.3.4}% 31
\BOOKMARK [1][-]{section.3.5}{\376\377\000E\000x\000e\000r\000c\000i\000s\000e\000s}{chapter.3}% 32
\BOOKMARK [0][-]{chapter.4}{\376\377\000D\000a\000t\000a\000\040\000M\000u\000n\000g\000i\000n\000g}{}% 33
\BOOKMARK [1][-]{section.4.1}{\376\377\000L\000a\000n\000g\000u\000a\000g\000e\000s\000\040\000f\000o\000r\000\040\000D\000a\000t\000a\000\040\000S\000c\000i\000e\000n\000c\000e}{chapter.4}% 34
\BOOKMARK [2][-]{subsection.4.1.1}{\376\377\000T\000h\000e\000\040\000I\000m\000p\000o\000r\000t\000a\000n\000c\000e\000\040\000o\000f\000\040\000N\000o\000t\000e\000b\000o\000o\000k\000\040\000E\000n\000v\000i\000r\000o\000n\000m\000e\000n\000t\000s}{section.4.1}% 35
\BOOKMARK [2][-]{subsection.4.1.2}{\376\377\000S\000t\000a\000n\000d\000a\000r\000d\000\040\000D\000a\000t\000a\000\040\000F\000o\000r\000m\000a\000t\000s}{section.4.1}% 36
\BOOKMARK [1][-]{section.4.2}{\376\377\000C\000o\000l\000l\000e\000c\000t\000i\000n\000g\000\040\000D\000a\000t\000a}{chapter.4}% 37
\BOOKMARK [2][-]{subsection.4.2.1}{\376\377\000H\000u\000n\000t\000i\000n\000g}{section.4.2}% 38
\BOOKMARK [2][-]{subsection.4.2.2}{\376\377\000L\000o\000g\000g\000i\000n\000g}{section.4.2}% 39
\BOOKMARK [1][-]{section.4.3}{\376\377\000C\000l\000e\000a\000n\000i\000n\000g\000\040\000D\000a\000t\000a}{chapter.4}% 40
\BOOKMARK [2][-]{subsection.4.3.1}{\376\377\000E\000r\000r\000o\000r\000s\000\040\000v\000s\000.\000\040\000A\000r\000t\000i\000f\000a\000c\000t\000s}{section.4.3}% 41
\BOOKMARK [2][-]{subsection.4.3.2}{\376\377\000D\000a\000t\000a\000\040\000C\000o\000m\000p\000a\000t\000i\000b\000i\000l\000i\000t\000y}{section.4.3}% 42
\BOOKMARK [2][-]{subsection.4.3.3}{\376\377\000D\000e\000a\000l\000i\000n\000g\000\040\000w\000i\000t\000h\000\040\000M\000i\000s\000s\000i\000n\000g\000\040\000V\000a\000l\000u\000e\000s}{section.4.3}% 43
\BOOKMARK [2][-]{subsection.4.3.4}{\376\377\000O\000u\000t\000l\000i\000e\000r\000\040\000D\000e\000t\000e\000c\000t\000i\000o\000n}{section.4.3}% 44
\BOOKMARK [1][-]{section.4.4}{\376\377\000W\000a\000r\000\040\000S\000t\000o\000r\000y\000:\000\040\000B\000e\000a\000t\000i\000n\000g\000\040\000t\000h\000e\000\040\000M\000a\000r\000k\000e\000t}{chapter.4}% 45
\BOOKMARK [2][-]{subsection.4.4.1}{\376\377\000T\000h\000e\000\040\000P\000e\000n\000n\000y\000\040\000D\000e\000m\000o}{section.4.4}% 46
\BOOKMARK [2][-]{subsection.4.4.2}{\376\377\000W\000h\000e\000n\000\040\000i\000s\000\040\000t\000h\000e\000\040\000C\000r\000o\000w\000d\000\040\000W\000i\000s\000e\000?}{section.4.4}% 47
\BOOKMARK [2][-]{subsection.4.4.3}{\376\377\000M\000e\000c\000h\000a\000n\000i\000s\000m\000s\000\040\000f\000o\000r\000\040\000A\000g\000g\000r\000e\000g\000a\000t\000i\000o\000n}{section.4.4}% 48
\BOOKMARK [2][-]{subsection.4.4.4}{\376\377\000C\000r\000o\000w\000d\000s\000o\000u\000r\000c\000i\000n\000g\000\040\000S\000e\000r\000v\000i\000c\000e\000s}{section.4.4}% 49
\BOOKMARK [1][-]{section.4.5}{\376\377\000E\000x\000e\000r\000c\000i\000s\000e\000s}{chapter.4}% 50
\BOOKMARK [1][-]{section.4.6}{\376\377\000C\000r\000o\000w\000d\000s\000o\000u\000r\000c\000i\000n\000g}{chapter.4}% 51
\BOOKMARK [0][-]{chapter.5}{\376\377\000S\000c\000o\000r\000e\000s\000\040\000a\000n\000d\000\040\000R\000a\000n\000k\000i\000n\000g\000s}{}% 52
\BOOKMARK [1][-]{section.5.1}{\376\377\000T\000h\000e\000\040\000B\000o\000d\000y\000\040\000M\000a\000s\000s\000\040\000I\000n\000d\000e\000x\000\040\000\050\000B\000M\000I\000\051}{chapter.5}% 53
\BOOKMARK [1][-]{section.5.2}{\376\377\000D\000e\000v\000e\000l\000o\000p\000i\000n\000g\000\040\000S\000c\000o\000r\000i\000n\000g\000\040\000S\000y\000s\000t\000e\000m\000s}{chapter.5}% 54
\BOOKMARK [2][-]{subsection.5.2.1}{\376\377\000R\000e\000c\000o\000g\000n\000i\000z\000i\000n\000g\000\040\000G\000o\000o\000d\000\040\000S\000c\000o\000r\000i\000n\000g\000\040\000F\000u\000n\000c\000t\000i\000o\000n\000s}{section.5.2}% 55
\BOOKMARK [1][-]{section.5.3}{\376\377\000Z\000-\000s\000c\000o\000r\000e\000s\000\040\000a\000n\000d\000\040\000N\000o\000r\000m\000a\000l\000i\000z\000a\000t\000i\000o\000n}{chapter.5}% 56
\BOOKMARK [1][-]{section.5.4}{\376\377\000A\000d\000v\000a\000n\000c\000e\000d\000\040\000R\000a\000n\000k\000i\000n\000g\000\040\000T\000e\000c\000h\000n\000i\000q\000u\000e\000s}{chapter.5}% 57
\BOOKMARK [2][-]{subsection.5.4.1}{\376\377\000E\000l\000o\000\040\000R\000a\000n\000k\000i\000n\000g\000s}{section.5.4}% 58
\BOOKMARK [2][-]{subsection.5.4.2}{\376\377\000M\000e\000r\000g\000i\000n\000g\000\040\000R\000a\000n\000k\000i\000n\000g\000s}{section.5.4}% 59
\BOOKMARK [2][-]{subsection.5.4.3}{\376\377\000D\000i\000g\000r\000a\000p\000h\000-\000b\000a\000s\000e\000d\000\040\000R\000a\000n\000k\000i\000n\000g\000s}{section.5.4}% 60
\BOOKMARK [2][-]{subsection.5.4.4}{\376\377\000P\000a\000g\000e\000R\000a\000n\000k}{section.5.4}% 61
\BOOKMARK [1][-]{section.5.5}{\376\377\000W\000a\000r\000\040\000S\000t\000o\000r\000y\000:\000\040\000W\000h\000o\000'\000s\000\040\000B\000i\000g\000g\000e\000r\000?}{chapter.5}% 62
\BOOKMARK [1][-]{section.5.6}{\376\377\000E\000x\000e\000r\000c\000i\000s\000e\000s}{chapter.5}% 63
\BOOKMARK [0][-]{chapter.6}{\376\377\000S\000t\000a\000t\000i\000s\000t\000i\000c\000a\000l\000\040\000A\000n\000a\000l\000y\000s\000i\000s}{}% 64
\BOOKMARK [1][-]{section.6.1}{\376\377\000S\000t\000a\000t\000i\000s\000t\000i\000c\000a\000l\000\040\000D\000i\000s\000t\000r\000i\000b\000u\000t\000i\000o\000n\000s}{chapter.6}% 65
\BOOKMARK [2][-]{subsection.6.1.1}{\376\377\000T\000h\000e\000\040\000B\000i\000n\000o\000m\000i\000a\000l\000\040\000D\000i\000s\000t\000r\000i\000b\000u\000t\000i\000o\000n}{section.6.1}% 66
\BOOKMARK [2][-]{subsection.6.1.2}{\376\377\000T\000h\000e\000\040\000N\000o\000r\000m\000a\000l\000\040\000D\000i\000s\000t\000r\000i\000b\000u\000t\000i\000o\000n}{section.6.1}% 67
\BOOKMARK [2][-]{subsection.6.1.3}{\376\377\000I\000m\000p\000l\000i\000c\000a\000t\000i\000o\000n\000s\000\040\000o\000f\000\040\000t\000h\000e\000\040\000N\000o\000r\000m\000a\000l\000\040\000D\000i\000s\000t\000r\000i\000b\000u\000t\000i\000o\000n}{section.6.1}% 68
\BOOKMARK [2][-]{subsection.6.1.4}{\376\377\000P\000o\000i\000s\000s\000o\000n\000\040\000D\000i\000s\000t\000r\000i\000b\000u\000t\000i\000o\000n}{section.6.1}% 69
\BOOKMARK [2][-]{subsection.6.1.5}{\376\377\000P\000o\000w\000e\000r\000\040\000L\000a\000w\000\040\000D\000i\000s\000t\000r\000i\000b\000u\000t\000i\000o\000n\000s}{section.6.1}% 70
\BOOKMARK [1][-]{section.6.2}{\376\377\000S\000a\000m\000p\000l\000i\000n\000g\000\040\000f\000r\000o\000m\000\040\000D\000i\000s\000t\000r\000i\000b\000u\000t\000i\000o\000n\000s}{chapter.6}% 71
\BOOKMARK [2][-]{subsection.6.2.1}{\376\377\000R\000a\000n\000d\000o\000m\000\040\000S\000a\000m\000p\000l\000i\000n\000g\000\040\000b\000e\000y\000o\000n\000d\000\040\000O\000n\000e\000\040\000D\000i\000m\000e\000n\000s\000i\000o\000n}{section.6.2}% 72
\BOOKMARK [2][-]{subsection.6.2.2}{\376\377\000T\000h\000e\000\040\000T\000-\000t\000e\000s\000t\000:\000\040\000C\000o\000m\000p\000a\000r\000i\000n\000g\000\040\000P\000o\000p\000u\000l\000a\000t\000i\000o\000n\000\040\000M\000e\000a\000n\000s}{section.6.2}% 73
\BOOKMARK [2][-]{subsection.6.2.3}{\376\377\000T\000h\000e\000\040\000B\000o\000n\000f\000e\000r\000r\000o\000n\000i\000\040\000C\000o\000r\000r\000e\000c\000t\000i\000o\000n}{section.6.2}% 74
\BOOKMARK [2][-]{subsection.6.2.4}{\376\377\000F\000a\000l\000s\000e\000\040\000D\000i\000s\000c\000o\000v\000e\000r\000y\000\040\000R\000a\000t\000e}{section.6.2}% 75
\BOOKMARK [1][-]{section.6.3}{\376\377\000W\000a\000r\000\040\000S\000t\000o\000r\000y\000:\000\040\000D\000i\000s\000c\000o\000v\000e\000r\000i\000n\000g\000\040\000t\000h\000e\000\040\000F\000o\000u\000n\000t\000a\000i\000n\000\040\000o\000f\000\040\000Y\000o\000u\000t\000h\000?}{chapter.6}% 76
\BOOKMARK [2][-]{subsection.6.3.1}{\376\377\000D\000i\000M\000a\000g\000g\000i\000o\000'\000s\000\040\000H\000i\000t\000t\000i\000n\000g\000\040\000S\000t\000r\000e\000a\000k}{section.6.3}% 77
\BOOKMARK [1][-]{section.6.4}{\376\377\000B\000a\000y\000e\000s\000i\000a\000n\000\040\000R\000e\000a\000s\000o\000n\000i\000n\000g}{chapter.6}% 78
\BOOKMARK [1][-]{section.6.5}{\376\377\000E\000x\000e\000r\000c\000i\000s\000e\000s}{chapter.6}% 79
\BOOKMARK [0][-]{chapter.7}{\376\377\000V\000i\000s\000u\000a\000l\000i\000z\000i\000n\000g\000\040\000D\000a\000t\000a}{}% 80
\BOOKMARK [1][-]{section.7.1}{\376\377\000E\000x\000p\000l\000o\000r\000a\000t\000o\000r\000y\000\040\000D\000a\000t\000a\000\040\000A\000n\000a\000l\000y\000s\000i\000s}{chapter.7}% 81
\BOOKMARK [2][-]{subsection.7.1.1}{\376\377\000C\000o\000n\000f\000r\000o\000n\000t\000i\000n\000g\000\040\000a\000\040\000N\000e\000w\000\040\000D\000a\000t\000a\000\040\000S\000e\000t}{section.7.1}% 82
\BOOKMARK [2][-]{subsection.7.1.2}{\376\377\000S\000u\000m\000m\000a\000r\000y\000\040\000S\000t\000a\000t\000i\000s\000t\000i\000c\000s\000\040\000a\000n\000d\000\040\000A\000n\000s\000c\000o\000m\000b\000e\000'\000s\000\040\000Q\000u\000a\000r\000t\000e\000t}{section.7.1}% 83
\BOOKMARK [2][-]{subsection.7.1.3}{\376\377\000V\000i\000s\000u\000a\000l\000i\000z\000a\000t\000i\000o\000n\000\040\000T\000o\000o\000l\000s}{section.7.1}% 84
\BOOKMARK [1][-]{section.7.2}{\376\377\000D\000e\000v\000e\000l\000o\000p\000i\000n\000g\000\040\000a\000\040\000V\000i\000s\000u\000a\000l\000i\000z\000a\000t\000i\000o\000n\000\040\000A\000e\000s\000t\000h\000e\000t\000i\000c}{chapter.7}% 85
\BOOKMARK [2][-]{subsection.7.2.1}{\376\377\000M\000a\000x\000i\000m\000i\000z\000i\000n\000g\000\040\000D\000a\000t\000a\000-\000I\000n\000k\000\040\000R\000a\000t\000i\000o}{section.7.2}% 86
\BOOKMARK [2][-]{subsection.7.2.2}{\376\377\000M\000i\000n\000i\000m\000i\000z\000i\000n\000g\000\040\000t\000h\000e\000\040\000L\000i\000e\000\040\000F\000a\000c\000t\000o\000r}{section.7.2}% 87
\BOOKMARK [2][-]{subsection.7.2.3}{\376\377\000M\000i\000n\000i\000m\000i\000z\000i\000n\000g\000\040\000C\000h\000a\000r\000t\000j\000u\000n\000k}{section.7.2}% 88
\BOOKMARK [2][-]{subsection.7.2.4}{\376\377\000P\000r\000o\000p\000e\000r\000\040\000S\000c\000a\000l\000i\000n\000g\000\040\000a\000n\000d\000\040\000L\000a\000b\000e\000l\000i\000n\000g}{section.7.2}% 89
\BOOKMARK [2][-]{subsection.7.2.5}{\376\377\000T\000h\000e\000\040\000P\000o\000w\000e\000r\000\040\000o\000f\000\040\000R\000e\000p\000e\000t\000i\000t\000i\000o\000n}{section.7.2}% 90
\BOOKMARK [1][-]{section.7.3}{\376\377\000C\000h\000a\000r\000t\000\040\000T\000y\000p\000e\000s}{chapter.7}% 91
\BOOKMARK [2][-]{subsection.7.3.1}{\376\377\000T\000a\000b\000u\000l\000a\000r\000\040\000D\000a\000t\000a}{section.7.3}% 92
\BOOKMARK [2][-]{subsection.7.3.2}{\376\377\000D\000o\000t\000\040\000a\000n\000d\000\040\000L\000i\000n\000e\000\040\000P\000l\000o\000t\000s}{section.7.3}% 93
\BOOKMARK [2][-]{subsection.7.3.3}{\376\377\000S\000c\000a\000t\000t\000e\000r\000\040\000P\000l\000o\000t\000s}{section.7.3}% 94
\BOOKMARK [2][-]{subsection.7.3.4}{\376\377\000B\000a\000r\000\040\000P\000l\000o\000t\000s\000\040\000a\000n\000d\000\040\000P\000i\000e\000\040\000C\000h\000a\000r\000t\000s}{section.7.3}% 95
\BOOKMARK [2][-]{subsection.7.3.5}{\376\377\000H\000i\000s\000t\000o\000g\000r\000a\000m\000s}{section.7.3}% 96
\BOOKMARK [2][-]{subsection.7.3.6}{\376\377\000D\000a\000t\000a\000\040\000M\000a\000p\000s}{section.7.3}% 97
\BOOKMARK [1][-]{section.7.4}{\376\377\000G\000r\000e\000a\000t\000\040\000V\000i\000s\000u\000a\000l\000i\000z\000a\000t\000i\000o\000n\000s}{chapter.7}% 98
\BOOKMARK [2][-]{subsection.7.4.1}{\376\377\000M\000a\000r\000e\000y\000'\000s\000\040\000T\000r\000a\000i\000n\000\040\000S\000c\000h\000e\000d\000u\000l\000e}{section.7.4}% 99
\BOOKMARK [2][-]{subsection.7.4.2}{\376\377\000S\000n\000o\000w\000'\000s\000\040\000C\000h\000o\000l\000e\000r\000a\000\040\000M\000a\000p}{section.7.4}% 100
\BOOKMARK [2][-]{subsection.7.4.3}{\376\377\000N\000e\000w\000\040\000Y\000o\000r\000k\000'\000s\000\040\000W\000e\000a\000t\000h\000e\000r\000\040\000Y\000e\000a\000r}{section.7.4}% 101
\BOOKMARK [1][-]{section.7.5}{\376\377\000R\000e\000a\000d\000i\000n\000g\000\040\000G\000r\000a\000p\000h\000s}{chapter.7}% 102
\BOOKMARK [2][-]{subsection.7.5.1}{\376\377\000T\000h\000e\000\040\000O\000b\000s\000c\000u\000r\000e\000d\000\040\000D\000i\000s\000t\000r\000i\000b\000u\000t\000i\000o\000n}{section.7.5}% 103
\BOOKMARK [2][-]{subsection.7.5.2}{\376\377\000O\000v\000e\000r\000i\000n\000t\000e\000r\000p\000r\000e\000t\000i\000n\000g\000\040\000V\000a\000r\000i\000a\000n\000c\000e}{section.7.5}% 104
\BOOKMARK [1][-]{section.7.6}{\376\377\000I\000n\000t\000e\000r\000a\000c\000t\000i\000v\000e\000\040\000V\000i\000s\000u\000a\000l\000i\000z\000a\000t\000i\000o\000n}{chapter.7}% 105
\BOOKMARK [1][-]{section.7.7}{\376\377\000W\000a\000r\000\040\000S\000t\000o\000r\000y\000:\000\040\000T\000e\000x\000t\000M\000a\000p\000p\000i\000n\000g\000\040\000t\000h\000e\000\040\000W\000o\000r\000l\000d}{chapter.7}% 106
\BOOKMARK [1][-]{section.7.8}{\376\377\000E\000x\000e\000r\000c\000i\000s\000e\000s}{chapter.7}% 107
\BOOKMARK [0][-]{chapter.8}{\376\377\000M\000a\000t\000h\000e\000m\000a\000t\000i\000c\000a\000l\000\040\000M\000o\000d\000e\000l\000s}{}% 108
\BOOKMARK [1][-]{section.8.1}{\376\377\000P\000h\000i\000l\000o\000s\000o\000p\000h\000i\000e\000s\000\040\000o\000f\000\040\000M\000o\000d\000e\000l\000i\000n\000g}{chapter.8}% 109
\BOOKMARK [2][-]{subsection.8.1.1}{\376\377\000O\000c\000c\000a\000m\000'\000s\000\040\000R\000a\000z\000o\000r}{section.8.1}% 110
\BOOKMARK [2][-]{subsection.8.1.2}{\376\377\000W\000h\000a\000t\000\040\000W\000o\000u\000l\000d\000\040\000N\000a\000t\000e\000\040\000S\000i\000l\000v\000e\000r\000\040\000D\000o\000?}{section.8.1}% 111
\BOOKMARK [1][-]{section.8.2}{\376\377\000A\000\040\000T\000a\000x\000o\000n\000o\000m\000y\000\040\000o\000f\000\040\000M\000o\000d\000e\000l\000s}{chapter.8}% 112
\BOOKMARK [2][-]{subsection.8.2.1}{\376\377\000L\000i\000n\000e\000a\000r\000\040\000v\000s\000.\000\040\000N\000o\000n\000-\000L\000i\000n\000e\000a\000r\000\040\000M\000o\000d\000e\000l\000s}{section.8.2}% 113
\BOOKMARK [2][-]{subsection.8.2.2}{\376\377\000B\000l\000a\000c\000k\000b\000o\000x\000\040\000v\000s\000.\000\040\000D\000e\000s\000c\000r\000i\000p\000t\000i\000v\000e\000\040\000M\000o\000d\000e\000l\000s}{section.8.2}% 114
\BOOKMARK [2][-]{subsection.8.2.3}{\376\377\000F\000i\000r\000s\000t\000-\000P\000r\000i\000n\000c\000i\000p\000l\000e\000\040\000v\000s\000.\000\040\000D\000a\000t\000a\000-\000D\000r\000i\000v\000e\000n\000\040\000M\000o\000d\000e\000l\000s}{section.8.2}% 115
\BOOKMARK [2][-]{subsection.8.2.4}{\376\377\000F\000l\000a\000t\000\040\000v\000s\000.\000\040\000H\000i\000e\000r\000a\000r\000c\000h\000i\000c\000a\000l\000\040\000M\000o\000d\000e\000l\000s}{section.8.2}% 116
\BOOKMARK [1][-]{section.8.3}{\376\377\000B\000a\000s\000e\000l\000i\000n\000e\000\040\000M\000o\000d\000e\000l\000s}{chapter.8}% 117
\BOOKMARK [2][-]{subsection.8.3.1}{\376\377\000B\000a\000s\000e\000l\000i\000n\000e\000\040\000M\000o\000d\000e\000l\000s\000\040\000f\000o\000r\000\040\000V\000a\000l\000u\000e\000\040\000P\000r\000e\000d\000i\000c\000t\000i\000o\000n}{section.8.3}% 118
\BOOKMARK [1][-]{section.8.4}{\376\377\000E\000v\000a\000l\000u\000a\000t\000i\000n\000g\000\040\000M\000o\000d\000e\000l\000s}{chapter.8}% 119
\BOOKMARK [2][-]{subsection.8.4.1}{\376\377\000R\000e\000c\000e\000i\000v\000e\000r\000-\000O\000p\000e\000r\000a\000t\000o\000r\000\040\000C\000h\000a\000r\000a\000c\000t\000e\000r\000i\000s\000t\000i\000c\000\040\000\050\000R\000O\000C\000\051\000\040\000C\000u\000r\000v\000e\000s}{section.8.4}% 120
\BOOKMARK [2][-]{subsection.8.4.2}{\376\377\000E\000v\000a\000l\000u\000a\000t\000i\000n\000g\000\040\000M\000u\000l\000t\000i\000c\000l\000a\000s\000s\000\040\000S\000y\000s\000t\000e\000m\000s}{section.8.4}% 121
\BOOKMARK [2][-]{subsection.8.4.3}{\376\377\000E\000v\000a\000l\000u\000a\000t\000i\000n\000g\000\040\000V\000a\000l\000u\000e\000\040\000P\000r\000e\000d\000i\000c\000t\000i\000o\000n\000\040\000M\000o\000d\000e\000l\000s}{section.8.4}% 122
\BOOKMARK [1][-]{section.8.5}{\376\377\000E\000v\000a\000l\000u\000a\000t\000i\000o\000n\000\040\000E\000n\000v\000i\000r\000o\000n\000m\000e\000n\000t\000s}{chapter.8}% 123
\BOOKMARK [2][-]{subsection.8.5.1}{\376\377\000D\000a\000t\000a\000\040\000H\000y\000g\000i\000e\000n\000e\000\040\000f\000o\000r\000\040\000E\000v\000a\000l\000u\000a\000t\000i\000o\000n}{section.8.5}% 124
\BOOKMARK [2][-]{subsection.8.5.2}{\376\377\000A\000m\000p\000l\000i\000f\000y\000i\000n\000g\000\040\000S\000m\000a\000l\000l\000\040\000E\000v\000a\000l\000u\000a\000t\000i\000o\000n\000\040\000S\000e\000t\000s}{section.8.5}% 125
\BOOKMARK [1][-]{section.8.6}{\376\377\000S\000i\000m\000u\000l\000a\000t\000i\000o\000n\000\040\000M\000o\000d\000e\000l\000s}{chapter.8}% 126
\BOOKMARK [1][-]{section.8.7}{\376\377\000W\000a\000r\000\040\000S\000t\000o\000r\000y\000:\000\040\000C\000a\000l\000c\000u\000l\000a\000t\000e\000d\000\040\000B\000e\000t\000s}{chapter.8}% 127
\BOOKMARK [1][-]{section.8.8}{\376\377\000E\000x\000e\000r\000c\000i\000s\000e\000s}{chapter.8}% 128
\BOOKMARK [0][-]{chapter.9}{\376\377\000L\000i\000n\000e\000a\000r\000\040\000A\000l\000g\000e\000b\000r\000a}{}% 129
\BOOKMARK [1][-]{section.9.1}{\376\377\000T\000h\000e\000\040\000P\000o\000w\000e\000r\000\040\000o\000f\000\040\000L\000i\000n\000e\000a\000r\000\040\000A\000l\000g\000e\000b\000r\000a}{chapter.9}% 130
\BOOKMARK [2][-]{subsection.9.1.1}{\376\377\000I\000n\000t\000e\000r\000p\000r\000e\000t\000i\000n\000g\000\040\000L\000i\000n\000e\000a\000r\000\040\000A\000l\000g\000e\000b\000r\000a\000i\000c\000\040\000F\000o\000r\000m\000u\000l\000a\000e}{section.9.1}% 131
\BOOKMARK [2][-]{subsection.9.1.2}{\376\377\000G\000e\000o\000m\000e\000t\000r\000y\000\040\000a\000n\000d\000\040\000V\000e\000c\000t\000o\000r\000s}{section.9.1}% 132
\BOOKMARK [1][-]{section.9.2}{\376\377\000V\000i\000s\000u\000a\000l\000i\000z\000i\000n\000g\000\040\000M\000a\000t\000r\000i\000x\000\040\000O\000p\000e\000r\000a\000t\000i\000o\000n\000s}{chapter.9}% 133
\BOOKMARK [2][-]{subsection.9.2.1}{\376\377\000M\000a\000t\000r\000i\000x\000\040\000A\000d\000d\000i\000t\000i\000o\000n}{section.9.2}% 134
\BOOKMARK [2][-]{subsection.9.2.2}{\376\377\000M\000a\000t\000r\000i\000x\000\040\000M\000u\000l\000t\000i\000p\000l\000i\000c\000a\000t\000i\000o\000n}{section.9.2}% 135
\BOOKMARK [2][-]{subsection.9.2.3}{\376\377\000A\000p\000p\000l\000i\000c\000a\000t\000i\000o\000n\000s\000\040\000o\000f\000\040\000M\000a\000t\000r\000i\000x\000\040\000M\000u\000l\000t\000i\000p\000l\000i\000c\000a\000t\000i\000o\000n}{section.9.2}% 136
\BOOKMARK [2][-]{subsection.9.2.4}{\376\377\000I\000d\000e\000n\000t\000i\000t\000y\000\040\000M\000a\000t\000r\000i\000c\000e\000s\000\040\000a\000n\000d\000\040\000I\000n\000v\000e\000r\000s\000i\000o\000n}{section.9.2}% 137
\BOOKMARK [2][-]{subsection.9.2.5}{\376\377\000M\000a\000t\000r\000i\000x\000\040\000I\000n\000v\000e\000r\000s\000i\000o\000n\000\040\000a\000n\000d\000\040\000L\000i\000n\000e\000a\000r\000\040\000S\000y\000s\000t\000e\000m\000s}{section.9.2}% 138
\BOOKMARK [2][-]{subsection.9.2.6}{\376\377\000M\000a\000t\000r\000i\000x\000\040\000R\000a\000n\000k}{section.9.2}% 139
\BOOKMARK [2][-]{subsection.9.2.7}{\376\377\000W\000h\000y\000\040\000F\000a\000c\000t\000o\000r\000\040\000F\000e\000a\000t\000u\000r\000e\000\040\000M\000a\000t\000r\000i\000c\000e\000s\000?}{section.9.2}% 140
\BOOKMARK [2][-]{subsection.9.2.8}{\376\377\000L\000U\000\040\000D\000e\000c\000o\000m\000p\000o\000s\000i\000t\000i\000o\000n\000\040\000a\000n\000d\000\040\000D\000e\000t\000e\000r\000m\000i\000n\000a\000n\000t\000s}{section.9.2}% 141
\BOOKMARK [1][-]{section.9.3}{\376\377\000E\000i\000g\000e\000n\000v\000a\000l\000u\000e\000s\000\040\000a\000n\000d\000\040\000E\000i\000g\000e\000n\000v\000e\000c\000t\000o\000r\000s}{chapter.9}% 142
\BOOKMARK [2][-]{subsection.9.3.1}{\376\377\000P\000r\000o\000p\000e\000r\000t\000i\000e\000s\000\040\000o\000f\000\040\000E\000i\000g\000e\000n\000v\000a\000l\000u\000e\000s}{section.9.3}% 143
\BOOKMARK [2][-]{subsection.9.3.2}{\376\377\000C\000o\000m\000p\000u\000t\000i\000n\000g\000\040\000E\000i\000g\000e\000n\000v\000a\000l\000u\000e\000s}{section.9.3}% 144
\BOOKMARK [1][-]{section.9.4}{\376\377\000E\000i\000g\000e\000n\000v\000a\000l\000u\000e\000\040\000D\000e\000c\000o\000m\000p\000o\000s\000i\000t\000i\000o\000n}{chapter.9}% 145
\BOOKMARK [2][-]{subsection.9.4.1}{\376\377\000S\000i\000n\000g\000u\000l\000a\000r\000\040\000V\000a\000l\000u\000e\000\040\000D\000e\000c\000o\000m\000p\000o\000s\000i\000t\000i\000o\000n}{section.9.4}% 146
\BOOKMARK [2][-]{subsection.9.4.2}{\376\377\000P\000r\000i\000n\000c\000i\000p\000a\000l\000\040\000C\000o\000m\000p\000o\000n\000e\000n\000t\000s\000\040\000A\000n\000a\000l\000y\000s\000i\000s}{section.9.4}% 147
\BOOKMARK [1][-]{section.9.5}{\376\377\000W\000a\000r\000\040\000S\000t\000o\000r\000y\000:\000\040\000T\000h\000e\000\040\000H\000u\000m\000a\000n\000\040\000F\000a\000c\000t\000o\000r\000s}{chapter.9}% 148
