\BOOKMARK [1][-]{section.0.1}{\376\377\000W\000o\000l\000f\000g\000a\000n\000g\000\040\000E\000r\000t\000e\000l}{}% 1
\BOOKMARK [2][-]{subsection.0.1.1}{\376\377\000W\000h\000a\000t\000\040\000I\000s\000\040\000A\000r\000t\000i\000f\000i\000c\000i\000a\000l\000\040\000I\000n\000t\000e\000l\000l\000i\000g\000e\000n\000c\000e\000?}{section.0.1}% 2
\BOOKMARK [2][-]{subsection.0.1.2}{\376\377\000B\000r\000a\000i\000n\000\040\000S\000c\000i\000e\000n\000c\000e\000\040\000a\000n\000d\000\040\000P\000r\000o\000b\000l\000e\000m\000\040\000S\000o\000l\000v\000i\000n\000g}{section.0.1}% 3
\BOOKMARK [2][-]{subsection.0.1.3}{\376\377\000T\000h\000e\000\040\000T\000u\000r\000i\000n\000g\000\040\000T\000e\000s\000t\000\040\000a\000n\000d\000\040\000C\000h\000a\000t\000t\000e\000r\000b\000o\000t\000s}{section.0.1}% 4
\BOOKMARK [2][-]{subsection.0.1.4}{\376\377\000T\000h\000e\000\040\000H\000i\000s\000t\000o\000r\000y\000\040\000o\000f\000\040\000A\000I}{section.0.1}% 5
\BOOKMARK [2][-]{subsection.0.1.5}{\376\377\000T\000h\000e\000\040\000F\000i\000r\000s\000t\000\040\000B\000e\000g\000i\000n\000n\000i\000n\000g\000s}{section.0.1}% 6
\BOOKMARK [2][-]{subsection.0.1.6}{\376\377\000L\000o\000g\000i\000c\000\040\000S\000o\000l\000v\000e\000s\000\040\000\050\000A\000l\000m\000o\000s\000t\000\051\000\040\000A\000l\000l\000\040\000P\000r\000o\000b\000l\000e\000m\000s}{section.0.1}% 7
\BOOKMARK [2][-]{subsection.0.1.7}{\376\377\000T\000h\000e\000\040\000N\000e\000w\000\040\000C\000o\000n\000n\000e\000c\000t\000i\000o\000n\000i\000s\000m}{section.0.1}% 8
\BOOKMARK [2][-]{subsection.0.1.8}{\376\377\000R\000e\000a\000s\000o\000n\000i\000n\000g\000\040\000U\000n\000d\000e\000r\000\040\000U\000n\000c\000e\000r\000t\000a\000i\000n\000t\000y}{section.0.1}% 9
\BOOKMARK [2][-]{subsection.0.1.9}{\376\377\000D\000i\000s\000t\000r\000i\000b\000u\000t\000e\000d\000,\000\040\000A\000u\000t\000o\000n\000o\000m\000o\000u\000s\000\040\000a\000n\000d\000\040\000L\000e\000a\000r\000n\000i\000n\000g\000\040\000A\000g\000e\000n\000t\000s}{section.0.1}% 10
\BOOKMARK [2][-]{subsection.0.1.10}{\376\377\000A\000l\000\040\000G\000r\000o\000w\000s\000\040\000U\000p}{section.0.1}% 11
\BOOKMARK [2][-]{subsection.0.1.11}{\376\377\000T\000h\000e\000\040\000A\000l\000\040\000R\000e\000v\000o\000l\000u\000t\000i\000o\000n}{section.0.1}% 12
\BOOKMARK [2][-]{subsection.0.1.12}{\376\377\000A\000I\000\040\000a\000n\000d\000\040\000S\000o\000c\000i\000e\000t\000y}{section.0.1}% 13
\BOOKMARK [2][-]{subsection.0.1.13}{\376\377\000D\000o\000e\000s\000\040\000A\000l\000\040\000D\000e\000s\000t\000r\000o\000y\000\040\000J\000o\000b\000s\000?}{section.0.1}% 14
\BOOKMARK [2][-]{subsection.0.1.14}{\376\377\000A\000I\000\040\000a\000n\000d\000\040\000T\000r\000a\000n\000s\000p\000o\000r\000t\000a\000t\000i\000o\000n}{section.0.1}% 15
\BOOKMARK [2][-]{subsection.0.1.15}{\376\377\000S\000e\000r\000v\000i\000c\000e\000\040\000R\000o\000b\000o\000t\000i\000c\000s}{section.0.1}% 16
\BOOKMARK [2][-]{subsection.0.1.16}{\376\377\000A\000g\000e\000n\000t\000s}{section.0.1}% 17
\BOOKMARK [2][-]{subsection.0.1.17}{\376\377\000K\000n\000o\000w\000l\000e\000d\000g\000e\000-\000B\000a\000s\000e\000d\000\040\000S\000y\000s\000t\000e\000m\000s}{section.0.1}% 18
\BOOKMARK [2][-]{subsection.0.1.18}{\376\377\000E\000x\000e\000r\000c\000i\000s\000e\000s}{section.0.1}% 19
\BOOKMARK [1][-]{section.0.2}{\376\377\000E\000x\000e\000r\000c\000i\000s\000e\000\040\0001\000.\0004}{}% 20
\BOOKMARK [1][-]{section.0.3}{\376\377\000E\000x\000e\000r\000c\000i\000s\000e\000\040\0001\000.\0005}{}% 21
\BOOKMARK [1][-]{section.0.4}{\376\377\000E\000x\000e\000r\000c\000i\000s\000e\000\040\0001\000.\0006}{}% 22
\BOOKMARK [1][-]{section.0.5}{\376\377\000E\000x\000e\000r\000c\000i\000s\000e\000\040\0001\000.\0007}{}% 23
\BOOKMARK [1][-]{section.0.6}{\376\377\000P\000r\000o\000p\000o\000s\000i\000t\000i\000o\000n\000a\000l\000\040\000L\000o\000g\000i\000c}{}% 24
\BOOKMARK [2][-]{subsection.0.6.1}{\376\377\000S\000y\000n\000t\000a\000x}{section.0.6}% 25
\BOOKMARK [2][-]{subsection.0.6.2}{\376\377\000S\000e\000m\000a\000n\000t\000i\000c\000s}{section.0.6}% 26
\BOOKMARK [2][-]{subsection.0.6.3}{\376\377\000P\000r\000o\000o\000f\000\040\000S\000y\000s\000t\000e\000m\000s}{section.0.6}% 27
\BOOKMARK [2][-]{subsection.0.6.4}{\376\377\000R\000e\000s\000o\000l\000u\000t\000i\000o\000n}{section.0.6}% 28
\BOOKMARK [2][-]{subsection.0.6.5}{\376\377\000H\000o\000r\000n\000\040\000C\000l\000a\000u\000s\000e\000s}{section.0.6}% 29
\BOOKMARK [2][-]{subsection.0.6.6}{\376\377\000C\000o\000m\000p\000u\000t\000a\000b\000i\000l\000i\000t\000y\000\040\000a\000n\000d\000\040\000C\000o\000m\000p\000l\000e\000x\000i\000t\000y}{section.0.6}% 30
\BOOKMARK [2][-]{subsection.0.6.7}{\376\377\000A\000p\000p\000l\000i\000c\000a\000t\000i\000o\000n\000s\000\040\000a\000n\000d\000\040\000L\000i\000m\000i\000t\000a\000t\000i\000o\000n\000s}{section.0.6}% 31
\BOOKMARK [2][-]{subsection.0.6.8}{\376\377\000E\000x\000e\000r\000c\000i\000s\000e\000s}{section.0.6}% 32
\BOOKMARK [2][-]{subsection.0.6.9}{\376\377\000F\000i\000r\000s\000t\000-\000o\000r\000d\000e\000r\000\040\000P\000r\000e\000d\000i\000c\000a\000t\000e\000\040\000L\000o\000g\000i\000c}{section.0.6}% 33
\BOOKMARK [2][-]{subsection.0.6.10}{\376\377\000S\000y\000n\000t\000a\000x}{section.0.6}% 34
\BOOKMARK [2][-]{subsection.0.6.11}{\376\377\000S\000e\000m\000a\000n\000t\000i\000c\000s}{section.0.6}% 35
\BOOKMARK [1][-]{section.0.7}{\376\377\000D\000e\000f\000i\000n\000i\000t\000i\000o\000n}{}% 36
\BOOKMARK [2][-]{subsection.0.7.1}{\376\377\000E\000q\000u\000a\000l\000i\000t\000y}{section.0.7}% 37
\BOOKMARK [2][-]{subsection.0.7.2}{\376\377\000Q\000u\000a\000n\000t\000i\000f\000i\000e\000r\000s\000\040\000a\000n\000d\000\040\000N\000o\000r\000m\000a\000l\000\040\000F\000o\000r\000m\000s}{section.0.7}% 38
\BOOKMARK [2][-]{subsection.0.7.3}{\376\377\000P\000r\000o\000o\000f\000\040\000C\000a\000l\000c\000u\000l\000i}{section.0.7}% 39
\BOOKMARK [2][-]{subsection.0.7.4}{\376\377\000R\000e\000s\000o\000l\000u\000t\000i\000o\000n}{section.0.7}% 40
\BOOKMARK [2][-]{subsection.0.7.5}{\376\377\000R\000e\000s\000o\000l\000u\000t\000i\000o\000n\000\040\000S\000t\000r\000a\000t\000e\000g\000i\000e\000s}{section.0.7}% 41
\BOOKMARK [2][-]{subsection.0.7.6}{\376\377\000E\000q\000u\000a\000l\000i\000t\000y}{section.0.7}% 42
\BOOKMARK [2][-]{subsection.0.7.7}{\376\377\000A\000u\000t\000o\000m\000a\000t\000e\000d\000\040\000T\000h\000e\000o\000r\000e\000m\000\040\000P\000r\000o\000v\000e\000r\000s}{section.0.7}% 43
\BOOKMARK [2][-]{subsection.0.7.8}{\376\377\000M\000a\000t\000h\000e\000m\000a\000t\000i\000c\000a\000l\000\040\000E\000x\000a\000m\000p\000l\000e\000s}{section.0.7}% 44
\BOOKMARK [2][-]{subsection.0.7.9}{\376\377\000A\000p\000p\000l\000i\000c\000a\000t\000i\000o\000n\000s}{section.0.7}% 45
\BOOKMARK [2][-]{subsection.0.7.10}{\376\377\000S\000u\000m\000m\000a\000r\000y}{section.0.7}% 46
\BOOKMARK [2][-]{subsection.0.7.11}{\376\377\000E\000x\000e\000r\000c\000i\000s\000e\000s}{section.0.7}% 47
\BOOKMARK [1][-]{section.0.8}{\376\377\000E\000x\000e\000r\000c\000i\000s\000e\000\040\0003\000.\0006}{}% 48
\BOOKMARK [1][-]{section.0.9}{\376\377\000E\000x\000e\000r\000c\000i\000s\000e\000\040\0003\000.\0007}{}% 49
\BOOKMARK [2][-]{subsection.0.9.1}{\376\377\000T\000h\000e\000\040\000S\000e\000a\000r\000c\000h\000\040\000S\000p\000a\000c\000e\000\040\000P\000r\000o\000b\000l\000e\000m}{section.0.9}% 50
\BOOKMARK [2][-]{subsection.0.9.2}{\376\377\000D\000e\000c\000i\000d\000a\000b\000i\000l\000i\000t\000y\000\040\000a\000n\000d\000\040\000I\000n\000c\000o\000m\000p\000l\000e\000t\000e\000n\000e\000s\000s}{section.0.9}% 51
\BOOKMARK [2][-]{subsection.0.9.3}{\376\377\000T\000h\000e\000\040\000F\000l\000y\000i\000n\000g\000\040\000P\000e\000n\000g\000u\000i\000n}{section.0.9}% 52
\BOOKMARK [2][-]{subsection.0.9.4}{\376\377\000M\000o\000d\000e\000l\000i\000n\000g\000\040\000U\000n\000c\000e\000r\000t\000a\000i\000n\000t\000y}{section.0.9}% 53
\BOOKMARK [1][-]{section.0.10}{\376\377\000E\000x\000e\000r\000c\000i\000s\000e}{}% 54
\BOOKMARK [1][-]{section.0.11}{\376\377\000E\000x\000e\000r\000c\000i\000s\000e}{}% 55
\BOOKMARK [1][-]{section.0.12}{\376\377\000E\000x\000e\000r\000c\000i\000s\000e}{}% 56
\BOOKMARK [2][-]{subsection.0.12.1}{\376\377\000L\000o\000g\000i\000c\000\040\000P\000r\000o\000g\000r\000a\000m\000m\000i\000n\000g\000\040\000w\000i\000t\000h\000\040\000P\000R\000O\000L\000O\000G}{section.0.12}% 57
\BOOKMARK [2][-]{subsection.0.12.2}{\376\377\000P\000R\000O\000L\000O\000G\000\040\000S\000y\000s\000t\000e\000m\000s\000\040\000a\000n\000d\000\040\000I\000m\000p\000l\000e\000m\000e\000n\000t\000a\000t\000i\000o\000n\000s}{section.0.12}% 58
\BOOKMARK [2][-]{subsection.0.12.3}{\376\377\000S\000i\000m\000p\000l\000e\000\040\000E\000x\000a\000m\000p\000l\000e\000s}{section.0.12}% 59
\BOOKMARK [2][-]{subsection.0.12.4}{\376\377\000E\000x\000e\000c\000u\000t\000i\000o\000n\000\040\000C\000o\000n\000t\000r\000o\000l\000\040\000a\000n\000d\000\040\000P\000r\000o\000c\000e\000d\000u\000r\000a\000l\000\040\000E\000l\000e\000m\000e\000n\000t\000s}{section.0.12}% 60
\BOOKMARK [2][-]{subsection.0.12.5}{\376\377\000L\000i\000s\000t\000s}{section.0.12}% 61
\BOOKMARK [2][-]{subsection.0.12.6}{\376\377\000S\000e\000l\000f\000-\000m\000o\000d\000i\000f\000y\000i\000n\000g\000\040\000P\000r\000o\000g\000r\000a\000m\000s}{section.0.12}% 62
\BOOKMARK [2][-]{subsection.0.12.7}{\376\377\000A\000\040\000P\000l\000a\000n\000n\000i\000n\000g\000\040\000E\000x\000a\000m\000p\000l\000e}{section.0.12}% 63
\BOOKMARK [2][-]{subsection.0.12.8}{\376\377\000C\000o\000n\000s\000t\000r\000a\000i\000n\000t\000\040\000L\000o\000g\000i\000c\000\040\000P\000r\000o\000g\000r\000a\000m\000m\000i\000n\000g}{section.0.12}% 64
\BOOKMARK [2][-]{subsection.0.12.9}{\376\377\000S\000u\000m\000m\000a\000r\000y}{section.0.12}% 65
\BOOKMARK [2][-]{subsection.0.12.10}{\376\377\000E\000x\000e\000r\000c\000i\000s\000e\000s}{section.0.12}% 66
\BOOKMARK [1][-]{section.0.13}{\376\377\000E\000x\000e\000r\000c\000i\000s\000e\000\040\0005\000.\0002}{}% 67
\BOOKMARK [1][-]{section.0.14}{\376\377\000E\000x\000e\000r\000c\000i\000s\000e\000\040\0005\000.\0003}{}% 68
\BOOKMARK [1][-]{section.0.15}{\376\377\000E\000x\000e\000r\000c\000i\000s\000e\000\040\0005\000.\0004}{}% 69
\BOOKMARK [2][-]{subsection.0.15.1}{\376\377\000I\000n\000t\000r\000o\000d\000u\000c\000t\000i\000o\000n}{section.0.15}% 70
\BOOKMARK [1][-]{section.0.16}{\376\377\000D\000e\000f\000i\000n\000i\000t\000i\000o\000n}{}% 71
\BOOKMARK [2][-]{subsection.0.16.1}{\376\377\000B\000r\000e\000a\000d\000t\000h\000-\000F\000i\000r\000s\000t\000\040\000S\000e\000a\000r\000c\000h}{section.0.16}% 72
\BOOKMARK [2][-]{subsection.0.16.2}{\376\377\000D\000e\000p\000t\000h\000-\000F\000i\000r\000s\000t\000\040\000S\000e\000a\000r\000c\000h}{section.0.16}% 73
\BOOKMARK [2][-]{subsection.0.16.3}{\376\377\000I\000t\000e\000r\000a\000t\000i\000v\000e\000\040\000D\000e\000e\000p\000e\000n\000i\000n\000g}{section.0.16}% 74
\BOOKMARK [2][-]{subsection.0.16.4}{\376\377\000C\000o\000m\000p\000a\000r\000i\000s\000o\000n}{section.0.16}% 75
\BOOKMARK [2][-]{subsection.0.16.5}{\376\377\000C\000y\000c\000l\000e\000\040\000C\000h\000e\000c\000k}{section.0.16}% 76
\BOOKMARK [2][-]{subsection.0.16.6}{\376\377\000H\000e\000u\000r\000i\000s\000t\000i\000c\000\040\000S\000e\000a\000r\000c\000h}{section.0.16}% 77
\BOOKMARK [2][-]{subsection.0.16.7}{\376\377\000G\000r\000e\000e\000d\000y\000\040\000S\000e\000a\000r\000c\000h}{section.0.16}% 78
\BOOKMARK [2][-]{subsection.0.16.8}{\376\377\000A\000\040\000-\000S\000e\000a\000r\000c\000h}{section.0.16}% 79
\BOOKMARK [2][-]{subsection.0.16.9}{\376\377\000R\000o\000u\000t\000e\000\040\000P\000l\000a\000n\000n\000i\000n\000g\000\040\000w\000i\000t\000h\000\040\000t\000h\000e\000\040\000A\000\040\000S\000e\000a\000r\000c\000h\000\040\000A\000l\000g\000o\000r\000i\000t\000h\000m}{section.0.16}% 80
\BOOKMARK [2][-]{subsection.0.16.10}{\376\377\000I\000D\000A\000\040\000-\000S\000e\000a\000r\000c\000h}{section.0.16}% 81
\BOOKMARK [2][-]{subsection.0.16.11}{\376\377\000E\000m\000p\000i\000r\000i\000c\000a\000l\000\040\000C\000o\000m\000p\000a\000r\000i\000s\000o\000n\000\040\000o\000f\000\040\000t\000h\000e\000\040\000S\000e\000a\000r\000c\000h\000\040\000A\000l\000g\000o\000r\000i\000t\000h\000m\000s}{section.0.16}% 82
\BOOKMARK [2][-]{subsection.0.16.12}{\376\377\000S\000u\000m\000m\000a\000r\000y}{section.0.16}% 83
\BOOKMARK [2][-]{subsection.0.16.13}{\376\377\000G\000a\000m\000e\000s\000\040\000w\000i\000t\000h\000\040\000O\000p\000p\000o\000n\000e\000n\000t\000s}{section.0.16}% 84
\BOOKMARK [2][-]{subsection.0.16.14}{\376\377\000M\000i\000n\000i\000m\000a\000x\000\040\000S\000e\000a\000r\000c\000h}{section.0.16}% 85
\BOOKMARK [2][-]{subsection.0.16.15}{\376\377\000A\000l\000p\000h\000a\000-\000B\000e\000t\000a\000-\000P\000r\000u\000n\000i\000n\000g}{section.0.16}% 86
\BOOKMARK [2][-]{subsection.0.16.16}{\376\377\000N\000o\000n\000-\000d\000e\000t\000e\000r\000m\000i\000n\000i\000s\000t\000i\000c\000\040\000G\000a\000m\000e\000s}{section.0.16}% 87
\BOOKMARK [2][-]{subsection.0.16.17}{\376\377\000H\000e\000u\000r\000i\000s\000t\000i\000c\000\040\000E\000v\000a\000l\000u\000a\000t\000i\000o\000n\000\040\000F\000u\000n\000c\000t\000i\000o\000n\000s}{section.0.16}% 88
\BOOKMARK [2][-]{subsection.0.16.18}{\376\377\000L\000e\000a\000r\000n\000i\000n\000g\000\040\000o\000f\000\040\000H\000e\000u\000r\000i\000s\000t\000i\000c\000s}{section.0.16}% 89
\BOOKMARK [2][-]{subsection.0.16.19}{\376\377\000S\000t\000a\000t\000e\000\040\000o\000f\000\040\000t\000h\000e\000\040\000A\000r\000t}{section.0.16}% 90
\BOOKMARK [2][-]{subsection.0.16.20}{\376\377\000C\000h\000e\000s\000s}{section.0.16}% 91
\BOOKMARK [2][-]{subsection.0.16.21}{\376\377\000G\000o}{section.0.16}% 92
\BOOKMARK [1][-]{section.0.17}{\376\377\000E\000x\000e\000r\000c\000i\000s\000e}{}% 93
\BOOKMARK [1][-]{section.0.18}{\376\377\000E\000x\000e\000r\000c\000i\000s\000e}{}% 94
\BOOKMARK [1][-]{section.0.19}{\376\377\000E\000x\000e\000r\000c\000i\000s\000e}{}% 95
\BOOKMARK [1][-]{section.0.20}{\376\377\000E\000x\000e\000r\000c\000i\000s\000e}{}% 96
\BOOKMARK [1][-]{section.0.21}{\376\377\000E\000x\000e\000r\000c\000i\000s\000e}{}% 97
\BOOKMARK [1][-]{section.0.22}{\376\377\000E\000x\000e\000r\000c\000i\000s\000e}{}% 98
\BOOKMARK [1][-]{section.0.23}{\376\377\000E\000x\000e\000r\000c\000i\000s\000e}{}% 99
\BOOKMARK [1][-]{section.0.24}{\376\377\000E\000x\000e\000r\000c\000i\000s\000e}{}% 100
\BOOKMARK [1][-]{section.0.25}{\376\377\000R\000e\000a\000s\000o\000n\000i\000n\000g\000\040\000w\000i\000t\000h\000\040\000U\000n\000c\000e\000r\000t\000a\000i\000n\000t\000y}{}% 101
\BOOKMARK [2][-]{subsection.0.25.1}{\376\377\000C\000o\000m\000p\000u\000t\000i\000n\000g\000\040\000w\000i\000t\000h\000\040\000P\000r\000o\000b\000a\000b\000i\000l\000i\000t\000i\000e\000s}{section.0.25}% 102
\BOOKMARK [2][-]{subsection.0.25.2}{\376\377\000C\000o\000n\000d\000i\000t\000i\000o\000n\000a\000l\000\040\000P\000r\000o\000b\000a\000b\000i\000l\000i\000t\000y}{section.0.25}% 103
\BOOKMARK [1][-]{section.0.26}{\376\377\000C\000h\000a\000i\000n\000\040\000R\000u\000l\000e}{}% 104
\BOOKMARK [1][-]{section.0.27}{\376\377\000M\000a\000r\000g\000i\000n\000a\000l\000i\000z\000a\000t\000i\000o\000n}{}% 105
\BOOKMARK [1][-]{section.0.28}{\376\377\000B\000a\000y\000e\000s\000'\000\040\000T\000h\000e\000o\000r\000e\000m}{}% 106
\BOOKMARK [2][-]{subsection.0.28.1}{\376\377\000T\000h\000e\000\040\000P\000r\000i\000n\000c\000i\000p\000l\000e\000\040\000o\000f\000\040\000M\000a\000x\000i\000m\000u\000m\000\040\000E\000n\000t\000r\000o\000p\000y}{section.0.28}% 107
\BOOKMARK [2][-]{subsection.0.28.2}{\376\377\000A\000n\000\040\000I\000n\000f\000e\000r\000e\000n\000c\000e\000\040\000R\000u\000l\000e\000\040\000f\000o\000r\000\040\000P\000r\000o\000b\000a\000b\000i\000l\000i\000t\000i\000e\000s}{section.0.28}% 108
\BOOKMARK [2][-]{subsection.0.28.3}{\376\377\000M\000a\000x\000i\000m\000u\000m\000\040\000E\000n\000t\000r\000o\000p\000y\000\040\000W\000i\000t\000h\000o\000u\000t\000\040\000E\000x\000p\000l\000i\000c\000i\000t\000\040\000C\000o\000n\000s\000t\000r\000a\000i\000n\000t\000s}{section.0.28}% 109
\BOOKMARK [2][-]{subsection.0.28.4}{\376\377\000C\000o\000n\000d\000i\000t\000i\000o\000n\000a\000l\000\040\000P\000r\000o\000b\000a\000b\000i\000l\000i\000t\000y\000\040\000V\000e\000r\000s\000u\000s\000\040\000M\000a\000t\000e\000r\000i\000a\000l\000\040\000I\000m\000p\000l\000i\000c\000a\000t\000i\000o\000n}{section.0.28}% 110
\BOOKMARK [2][-]{subsection.0.28.5}{\376\377\000M\000a\000x\000E\000n\000t\000-\000S\000y\000s\000t\000e\000m\000s}{section.0.28}% 111
\BOOKMARK [2][-]{subsection.0.28.6}{\376\377\000T\000h\000e\000\040\000T\000w\000e\000e\000t\000y\000\040\000E\000x\000a\000m\000p\000l\000e}{section.0.28}% 112
\BOOKMARK [2][-]{subsection.0.28.7}{\376\377\000L\000e\000x\000m\000e\000d\000,\000\040\000a\000n\000\040\000E\000x\000p\000e\000r\000t\000\040\000S\000y\000s\000t\000e\000m\000\040\000f\000o\000r\000\040\000D\000i\000a\000g\000n\000o\000s\000i\000n\000g\000\040\000A\000p\000p\000e\000n\000d\000i\000c\000i\000t\000i\000s}{section.0.28}% 113
\BOOKMARK [2][-]{subsection.0.28.8}{\376\377\000A\000p\000p\000e\000n\000d\000i\000c\000i\000t\000i\000s\000\040\000D\000i\000a\000g\000n\000o\000s\000i\000s\000\040\000w\000i\000t\000h\000\040\000F\000o\000r\000m\000a\000l\000\040\000M\000e\000t\000h\000o\000d\000s}{section.0.28}% 114
\BOOKMARK [2][-]{subsection.0.28.9}{\376\377\000H\000y\000b\000r\000i\000d\000\040\000P\000r\000o\000b\000a\000b\000i\000l\000i\000s\000t\000i\000c\000\040\000K\000n\000o\000w\000l\000e\000d\000g\000e\000\040\000B\000a\000s\000e}{section.0.28}% 115
\BOOKMARK [2][-]{subsection.0.28.10}{\376\377\000A\000p\000p\000l\000i\000c\000a\000t\000i\000o\000n\000\040\000o\000f\000\040\000L\000e\000x\000m\000e\000d}{section.0.28}% 116
\BOOKMARK [2][-]{subsection.0.28.11}{\376\377\000F\000u\000n\000c\000t\000i\000o\000n\000\040\000o\000f\000\040\000L\000e\000x\000m\000e\000d}{section.0.28}% 117
\BOOKMARK [1][-]{section.0.29}{\376\377\000L\000e\000a\000r\000n\000i\000n\000g\000\040\000o\000f\000\040\000R\000u\000l\000e\000s\000\040\000b\000y\000\040\000S\000t\000a\000t\000i\000s\000t\000i\000c\000a\000l\000\040\000I\000n\000d\000u\000c\000t\000i\000o\000n}{}% 118
\BOOKMARK [1][-]{section.0.30}{\376\377\000E\000x\000p\000e\000r\000t\000\040\000R\000u\000l\000e\000s}{}% 119
\BOOKMARK [1][-]{section.0.31}{\376\377\000D\000i\000a\000g\000n\000o\000s\000i\000s\000\040\000Q\000u\000e\000r\000i\000e\000s}{}% 120
\BOOKMARK [2][-]{subsection.0.31.1}{\376\377\000R\000i\000s\000k\000\040\000M\000a\000n\000a\000g\000e\000m\000e\000n\000t\000\040\000U\000s\000i\000n\000g\000\040\000t\000h\000e\000\040\000C\000o\000s\000t\000\040\000M\000a\000t\000r\000i\000x}{section.0.31}% 121
\BOOKMARK [1][-]{section.0.32}{\376\377\000C\000o\000s\000t\000\040\000M\000a\000t\000r\000i\000x\000\040\000i\000n\000\040\000t\000h\000e\000\040\000B\000i\000n\000a\000r\000y\000\040\000C\000a\000s\000e}{}% 122
\BOOKMARK [2][-]{subsection.0.32.1}{\376\377\000P\000e\000r\000f\000o\000r\000m\000a\000n\000c\000e}{section.0.32}% 123
\BOOKMARK [2][-]{subsection.0.32.2}{\376\377\000A\000p\000p\000l\000i\000c\000a\000t\000i\000o\000n\000\040\000A\000r\000e\000a\000s\000\040\000a\000n\000d\000\040\000E\000x\000p\000e\000r\000i\000e\000n\000c\000e\000s}{section.0.32}% 124
\BOOKMARK [2][-]{subsection.0.32.3}{\376\377\000R\000e\000a\000s\000o\000n\000i\000n\000g\000\040\000w\000i\000t\000h\000\040\000B\000a\000y\000e\000s\000i\000a\000n\000\040\000N\000e\000t\000w\000o\000r\000k\000s}{section.0.32}% 125
\BOOKMARK [2][-]{subsection.0.32.4}{\376\377\000I\000n\000d\000e\000p\000e\000n\000d\000e\000n\000t\000\040\000V\000a\000r\000i\000a\000b\000l\000e\000s}{section.0.32}% 126
\BOOKMARK [2][-]{subsection.0.32.5}{\376\377\000G\000r\000a\000p\000h\000i\000c\000a\000l\000\040\000R\000e\000p\000r\000e\000s\000e\000n\000t\000a\000t\000i\000o\000n\000\040\000o\000f\000\040\000K\000n\000o\000w\000l\000e\000d\000g\000e\000\040\000a\000s\000\040\000a\000\040\000B\000a\000y\000e\000s\000i\000a\000n\000\040\000N\000e\000t\000w\000o\000r\000k}{section.0.32}% 127
\BOOKMARK [2][-]{subsection.0.32.6}{\376\377\000C\000o\000n\000d\000i\000t\000i\000o\000n\000a\000l\000\040\000I\000n\000d\000e\000p\000e\000n\000d\000e\000n\000c\000e}{section.0.32}% 128
\BOOKMARK [2][-]{subsection.0.32.7}{\376\377\000P\000r\000a\00