\BOOKMARK [0][-]{chapter.1}{\376\377\000P\000r\000e\000f\000a\000c\000e}{}% 1
\BOOKMARK [1][-]{section.1.1}{\376\377\000P\000u\000r\000p\000o\000s\000e}{chapter.1}% 2
\BOOKMARK [1][-]{section.1.2}{\376\377\000N\000e\000e\000d}{chapter.1}% 3
\BOOKMARK [1][-]{section.1.3}{\376\377\000I\000m\000p\000o\000r\000t\000a\000n\000c\000e\000\040\000o\000f\000\040\000A\000s\000s\000e\000m\000b\000l\000y\000\040\000L\000a\000n\000g\000u\000a\000g\000e}{chapter.1}% 4
\BOOKMARK [1][-]{section.1.4}{\376\377\000C\000o\000m\000p\000a\000r\000i\000s\000o\000n\000\040\000t\000o\000\040\000C\000o\000m\000p\000u\000t\000e\000r\000\040\000O\000r\000g\000a\000n\000i\000z\000a\000t\000i\000o\000n\000\040\000a\000n\000d\000\040\000O\000t\000h\000e\000r\000\040\000A\000s\000s\000e\000m\000b\000l\000y\000\040\000L\000a\000n\000g\000u\000a\000g\000e\000\040\000T\000e\000x\000t\000b\000o\000o\000k\000s}{chapter.1}% 5
\BOOKMARK [1][-]{section.1.5}{\376\377\000F\000e\000a\000t\000u\000r\000e\000s\000\040\000o\000f\000\040\000T\000h\000i\000s\000\040\000T\000e\000x\000t}{chapter.1}% 6
\BOOKMARK [1][-]{section.1.6}{\376\377\000F\000e\000a\000t\000u\000r\000e\000s\000\040\000N\000e\000w\000\040\000t\000o\000\040\000t\000h\000e\000\040\000S\000e\000c\000o\000n\000d\000\040\000E\000d\000i\000t\000i\000o\000n}{chapter.1}% 7
\BOOKMARK [1][-]{section.1.7}{\376\377\000B\000r\000i\000e\000f\000\040\000O\000v\000e\000r\000v\000i\000e\000w\000\040\000o\000f\000\040\000t\000h\000e\000\040\000C\000h\000a\000p\000t\000e\000r\000s\000\040\000a\000n\000d\000\040\000A\000p\000p\000e\000n\000d\000i\000c\000e\000s}{chapter.1}% 8
\BOOKMARK [1][-]{section.1.8}{\376\377\000S\000c\000o\000p\000e}{chapter.1}% 9
\BOOKMARK [1][-]{section.1.9}{\376\377\000A\000u\000d\000i\000e\000n\000c\000e}{chapter.1}% 10
\BOOKMARK [1][-]{section.1.10}{\376\377\000A\000c\000k\000n\000o\000w\000l\000e\000d\000g\000e\000m\000e\000n\000t\000s}{chapter.1}% 11
\BOOKMARK [1][-]{section.1.11}{\376\377\000F\000e\000e\000d\000b\000a\000c\000k}{chapter.1}% 12
\BOOKMARK [0][-]{chapter.2}{\376\377\000C\000o\000n\000t\000e\000n\000t\000s}{}% 13
\BOOKMARK [0][-]{chapter.3}{\376\377\000V\000a\000r\000i\000a\000b\000l\000e\000s\000,\000\040\000R\000e\000g\000i\000s\000t\000e\000r\000s\000,\000\040\000a\000n\000d\000\040\000D\000a\000t\000a\000\040\000M\000o\000v\000e\000m\000e\000n\000t}{}% 14
\BOOKMARK [1][-]{section.3.1}{\376\377\000I\000n\000t\000r\000o\000d\000u\000c\000t\000i\000o\000n}{chapter.3}% 15
\BOOKMARK [1][-]{section.3.2}{\376\377\000T\000h\000e\000\040\000F\000i\000r\000s\000t\000\040\000P\000r\000o\000g\000r\000a\000m}{chapter.3}% 16
\BOOKMARK [1][-]{section.3.3}{\376\377\000V\000a\000r\000i\000a\000b\000l\000e\000\040\000D\000e\000c\000l\000a\000r\000a\000t\000i\000o\000n}{chapter.3}% 17
\BOOKMARK [1][-]{section.3.4}{\376\377\000I\000m\000m\000e\000d\000i\000a\000t\000e\000\040\000D\000a\000t\000a}{chapter.3}% 18
\BOOKMARK [1][-]{section.3.5}{\376\377\000R\000e\000g\000i\000s\000t\000e\000r\000s}{chapter.3}% 19
\BOOKMARK [1][-]{section.3.6}{\376\377\000D\000a\000t\000a\000\040\000M\000o\000v\000e\000m\000e\000n\000t}{chapter.3}% 20
\BOOKMARK [1][-]{section.3.7}{\376\377\000C\000h\000a\000r\000a\000c\000t\000e\000r\000\040\000D\000a\000t\000a}{chapter.3}% 21
\BOOKMARK [1][-]{section.3.8}{\376\377\000E\000r\000r\000o\000r\000s}{chapter.3}% 22
\BOOKMARK [1][-]{section.3.9}{\376\377\000C\000o\000m\000p\000l\000e\000t\000e\000\040\000P\000r\000o\000g\000r\000a\000m\000:\000\040\000I\000m\000p\000l\000e\000m\000e\000n\000t\000i\000n\000g\000\040\000I\000n\000l\000i\000n\000e\000\040\000A\000s\000s\000e\000m\000b\000l\000y\000\040\000i\000n\000\040\000C}{chapter.3}% 23
\BOOKMARK [1][-]{section.3.10}{\376\377\000S\000u\000m\000m\000a\000r\000y}{chapter.3}% 24
\BOOKMARK [1][-]{section.3.11}{\376\377\000E\000x\000e\000r\000c\000i\000s\000e\000s\000\040\000\050\000I\000t\000e\000m\000s\000\040\000M\000a\000r\000k\000e\000d\000\040\000w\000i\000t\000h\000\040\000a\000n\000\040\000*\000\040\000H\000a\000v\000e\000\040\000S\000o\000l\000u\000t\000i\000o\000n\000s\000\040\000i\000n\000\040\000A\000p\000p\000e\000n\000d\000i\000x\000\040\000D\000\051}{chapter.3}% 25
\BOOKMARK [0][-]{chapter.4}{\376\377\000I\000n\000p\000u\000t\000/\000O\000u\000t\000p\000u\000t}{}% 26
\BOOKMARK [1][-]{section.4.1}{\376\377\000I\000n\000t\000r\000o\000d\000u\000c\000t\000i\000o\000n}{chapter.4}% 27
\BOOKMARK [1][-]{section.4.2}{\376\377\000H\000e\000l\000l\000o\000\040\000W\000o\000r\000l\000d}{chapter.4}% 28
\BOOKMARK [1][-]{section.4.3}{\376\377\000I\000n\000t\000e\000g\000e\000r\000\040\000O\000u\000t\000p\000u\000t}{chapter.4}% 29
\BOOKMARK [1][-]{section.4.4}{\376\377\000I\000n\000t\000e\000g\000e\000r\000\040\000I\000n\000p\000u\000t}{chapter.4}% 30
\BOOKMARK [1][-]{section.4.5}{\376\377\000C\000o\000m\000p\000l\000e\000t\000e\000\040\000P\000r\000o\000g\000r\000a\000m\000:\000\040\000U\000s\000i\000n\000g\000\040\000I\000n\000p\000u\000t\000,\000\040\000D\000a\000t\000a\000\040\000T\000r\000a\000n\000s\000f\000e\000r\000,\000\040\000a\000n\000d\000\040\000O\000u\000t\000p\000u\000t}{chapter.4}% 31
\BOOKMARK [1][-]{section.4.6}{\376\377\000S\000u\000m\000m\000a\000r\000y}{chapter.4}% 32
\BOOKMARK [1][-]{section.4.7}{\376\377\000E\000x\000e\000r\000c\000i\000s\000e\000s\000\040\000\050\000I\000t\000e\000m\000s\000\040\000M\000a\000r\000k\000e\000d\000\040\000w\000i\000t\000h\000\040\000a\000n\000\040\000*\000\040\000H\000a\000v\000e\000\040\000S\000o\000l\000u\000t\000i\000o\000n\000s\000\040\000i\000n\000\040\000A\000p\000p\000e\000n\000d\000i\000x\000\040\000D\000\051}{chapter.4}% 33
\BOOKMARK [0][-]{chapter.5}{\376\377\000A\000r\000i\000t\000h\000m\000e\000t\000i\000c\000\040\000I\000n\000s\000t\000r\000u\000c\000t\000i\000o\000n\000s}{}% 34
\BOOKMARK [1][-]{section.5.1}{\376\377\000A\000d\000d\000i\000t\000i\000o\000n\000\040\000a\000n\000d\000\040\000S\000u\000b\000t\000r\000a\000c\000t\000i\000o\000n}{chapter.5}% 35
\BOOKMARK [1][-]{section.5.2}{\376\377\000M\000u\000l\000t\000i\000p\000l\000i\000c\000a\000t\000i\000o\000n\000\040\000a\000n\000d\000\040\000D\000i\000v\000i\000s\000i\000o\000n}{chapter.5}% 36
\BOOKMARK [1][-]{section.5.3}{\376\377\000I\000m\000p\000l\000e\000m\000e\000n\000t\000i\000n\000g\000\040\000U\000n\000a\000r\000y\000\040\000O\000p\000e\000r\000a\000t\000o\000r\000s\000:\000\040\000I\000n\000c\000r\000e\000m\000e\000n\000t\000,\000\040\000D\000e\000c\000r\000e\000m\000e\000n\000t\000,\000\040\000a\000n\000d\000\040\000N\000e\000g\000a\000t\000i\000o\000n}{chapter.5}% 37
\BOOKMARK [1][-]{section.5.4}{\376\377\000O\000r\000d\000e\000r\000\040\000o\000f\000\040\000O\000p\000e\000r\000a\000t\000i\000o\000n\000s\000\040\000w\000i\000t\000h\000\040\000B\000i\000n\000a\000r\000y\000\040\000a\000n\000d\000\040\000U\000n\000a\000r\000y\000\040\000O\000p\000e\000r\000a\000t\000o\000r\000s}{chapter.5}% 38
\BOOKMARK [1][-]{section.5.5}{\376\377\000C\000o\000m\000p\000l\000e\000t\000e\000\040\000P\000r\000o\000g\000r\000a\000m\000:\000\040\000I\000m\000p\000l\000e\000m\000e\000n\000t\000i\000n\000g\000\040\000I\000/\000O\000\040\000a\000n\000d\000\040\000A\000r\000i\000t\000h\000m\000e\000t\000i\000c}{chapter.5}% 39
\BOOKMARK [1][-]{section.5.6}{\376\377\000S\000u\000m\000m\000a\000r\000y}{chapter.5}% 40
\BOOKMARK [0][-]{chapter.6}{\376\377\000S\000e\000l\000e\000c\000t\000i\000o\000n\000\040\000S\000t\000r\000u\000c\000t\000u\000r\000e\000s}{}% 41
\BOOKMARK [1][-]{section.6.1}{\376\377\000I\000n\000t\000r\000o\000d\000u\000c\000t\000i\000o\000n}{chapter.6}% 42
\BOOKMARK [1][-]{section.6.2}{\376\377\000I\000f\000-\000T\000h\000e\000n\000\040\000S\000t\000r\000u\000c\000t\000u\000r\000e}{chapter.6}% 43
\BOOKMARK [1][-]{section.6.3}{\376\377\000I\000f\000-\000T\000h\000e\000n\000-\000E\000l\000s\000e\000\040\000S\000t\000r\000u\000c\000t\000u\000r\000e}{chapter.6}% 44
\BOOKMARK [1][-]{section.6.4}{\376\377\000N\000e\000s\000t\000e\000d\000\040\000I\000f\000\040\000S\000t\000r\000u\000c\000t\000u\000r\000e\000s}{chapter.6}% 45
\BOOKMARK [1][-]{section.6.5}{\376\377\000C\000a\000s\000e\000\040\000S\000t\000r\000u\000c\000t\000u\000r\000e}{chapter.6}% 46
\BOOKMARK [1][-]{section.6.6}{\376\377\000C\000h\000a\000r\000a\000c\000t\000e\000r\000s\000\040\000a\000n\000d\000\040\000L\000o\000g\000i\000c\000a\000l\000\040\000O\000p\000e\000r\000a\000t\000i\000o\000n\000s}{chapter.6}% 47
\BOOKMARK [1][-]{section.6.7}{\376\377\000A\000r\000i\000t\000h\000m\000e\000t\000i\000c\000\040\000E\000x\000p\000r\000e\000s\000s\000i\000o\000n\000s\000\040\000i\000n\000\040\000H\000i\000g\000h\000-\000L\000e\000v\000e\000l\000\040\000D\000i\000r\000e\000c\000t\000i\000v\000e\000s}{chapter.6}% 48
\BOOKMARK [1][-]{section.6.8}{\376\377\000C\000o\000m\000p\000l\000e\000t\000e\000\040\000P\000r\000o\000g\000r\000a\000m\000:\000\040\000U\000s\000i\000n\000g\000\040\000S\000e\000l\000e\000c\000t\000i\000o\000n\000\040\000S\000t\000r\000u\000c\000t\000u\000r\000e\000s\000\040\000a\000n\000d\000\040\000I\000/\000O}{chapter.6}% 49
\BOOKMARK [1][-]{section.6.9}{\376\377\000S\000u\000m\000m\000a\000r\000y}{chapter.6}% 50
\BOOKMARK [0][-]{chapter.7}{\376\377\000I\000t\000e\000r\000a\000t\000i\000o\000n\000\040\000S\000t\000r\000u\000c\000t\000u\000r\000e\000s}{}% 51
\BOOKMARK [1][-]{section.7.1}{\376\377\000P\000r\000e\000-\000t\000e\000s\000t\000\040\000L\000o\000o\000p\000\040\000S\000t\000r\000u\000c\000t\000u\000r\000e}{chapter.7}% 52
\BOOKMARK [1][-]{section.7.2}{\376\377\000P\000o\000s\000t\000-\000t\000e\000s\000t\000\040\000L\000o\000o\000p\000\040\000S\000t\000r\000u\000c\000t\000u\000r\000e\000s}{chapter.7}% 53
\BOOKMARK [1][-]{section.7.3}{\376\377\000F\000i\000x\000e\000d\000-\000I\000t\000e\000r\000a\000t\000i\000o\000n\000\040\000L\000o\000o\000p\000\040\000S\000t\000r\000u\000c\000t\000u\000r\000e\000s}{chapter.7}% 54
\BOOKMARK [1][-]{section.7.4}{\376\377\000L\000o\000o\000p\000s\000\040\000a\000n\000d\000\040\000I\000n\000p\000u\000t\000/\000O\000u\000t\000p\000u\000t}{chapter.7}% 55
\BOOKMARK [1][-]{section.7.5}{\376\377\000N\000e\000s\000t\000e\000d\000\040\000L\000o\000o\000p\000s}{chapter.7}% 56
\BOOKMARK [1][-]{section.7.6}{\376\377\000C\000o\000m\000p\000l\000e\000t\000e\000\040\000P\000r\000o\000g\000r\000a\000m\000:\000\040\000I\000m\000p\000l\000e\000m\000e\000n\000t\000i\000n\000g\000\040\000t\000h\000e\000\040\000P\000o\000w\000e\000r\000\040\000F\000u\000n\000c\000t\000i\000o\000n}{chapter.7}% 57
\BOOKMARK [1][-]{section.7.7}{\376\377\000S\000u\000m\000m\000a\000r\000y}{chapter.7}% 58
\BOOKMARK [0][-]{chapter.8}{\376\377\000L\000o\000g\000i\000c\000,\000\040\000S\000h\000i\000f\000t\000i\000n\000g\000,\000\040\000R\000o\000t\000a\000t\000i\000n\000g\000,\000\040\000a\000n\000d\000\040\000S\000t\000a\000c\000k\000s}{}% 59
\BOOKMARK [1][-]{section.8.1}{\376\377\000I\000n\000t\000r\000o\000d\000u\000c\000t\000i\000o\000n}{chapter.8}% 60
\BOOKMARK [1][-]{section.8.2}{\376\377\000L\000o\000g\000i\000c\000\040\000I\000n\000s\000t\000r\000u\000c\000t\000i\000o\000n\000s}{chapter.8}% 61
\BOOKMARK [1][-]{section.8.3}{\376\377\000L\000o\000g\000i\000c\000a\000l\000\040\000S\000h\000i\000f\000t\000\040\000I\000n\000s\000t\000r\000u\000c\000t\000i\000o\000n\000s}{chapter.8}% 62
\BOOKMARK [1][-]{section.8.4}{\376\377\000A\000r\000i\000t\000h\000m\000e\000t\000i\000c\000\040\000S\000h\000i\000f\000t\000\040\000I\000n\000s\000t\000r\000u\000c\000t\000i\000o\000n\000s}{chapter.8}% 63
\BOOKMARK [1][-]{section.8.5}{\376\377\000R\000o\000t\000a\000t\000e\000\040\000I\000n\000s\000t\000r\000u\000c\000t\000i\000o\000n\000s}{chapter.8}% 64
\BOOKMARK [1][-]{section.8.6}{\376\377\000S\000t\000a\000c\000k\000\040\000O\000p\000e\000r\000a\000t\000i\000o\000n\000s}{chapter.8}% 65
\BOOKMARK [1][-]{section.8.7}{\376\377\000S\000w\000a\000p\000p\000i\000n\000g\000\040\000U\000s\000i\000n\000g\000\040\000R\000e\000g\000i\000s\000t\000e\000r\000s\000,\000\040\000t\000h\000e\000\040\000S\000t\000a\000c\000k\000,\000\040\000a\000n\000d\000\040\000t\000h\000e\000\040\000x\000c\000h\000g\000\040\000I\000n\000s\000t\000r\000u\000c\000t\000i\000o\000n}{chapter.8}% 66
\BOOKMARK [1][-]{section.8.8}{\376\377\000C\000o\000m\000p\000l\000e\000t\000e\000\040\000P\000r\000o\000g\000r\000a\000m\000:\000\040\000S\000i\000m\000u\000l\000a\000t\000i\000n\000g\000\040\000a\000n\000\040\000O\000C\000R\000\040\000M\000a\000c\000h\000i\000n\000e}{chapter.8}% 67
\BOOKMARK [1][-]{section.8.9}{\376\377\000S\000u\000m\000m\000a\000r\000y}{chapter.8}% 68
\BOOKMARK [0][-]{chapter.9}{\376\377\000P\000r\000o\000c\000e\000d\000u\000r\000e\000s\000\040\000a\000n\000d\000\040\000M\000a\000c\000r\000o\000s}{}% 69
\BOOKMARK [1][-]{section.9.1}{\376\377\000P\000r\000o\000c\000e\000d\000u\000r\000e\000s}{chapter.9}% 70
\BOOKMARK [1][-]{section.9.2}{\376\377\000C\000o\000m\000p\000l\000e\000t\000e\000\040\000P\000r\000o\000g\000r\000a\000m\000:\000\040\000I\000m\000p\000l\000e\000m\000e\000n\000t\000i\000n\000g\000\040\000t\000h\000e\000\040\000P\000o\000w\000e\000r\000\040\000F\000u\000n\000c\000t\000i\000o\000n\000\040\000i\000n\000\040\000a\000\040\000P\000r\000o\000c\000e\000d\000u\000r\000e}{chapter.9}% 71
\BOOKMARK [1][-]{section.9.3}{\376\377\000S\000a\000v\000i\000n\000g\000\040\000a\000n\000d\000\040\000R\000e\000s\000t\000o\000r\000i\000n\000g\000\040\000R\000e\000g\000i\000s\000t\000e\000r\000s}{chapter.9}% 72
\BOOKMARK [1][-]{section.9.4}{\376\377\000M\000a\000c\000r\000o\000s}{chapter.9}% 73
\BOOKMARK [1][-]{section.9.5}{\376\377\000C\000o\000n\000d\000i\000t\000i\000o\000n\000a\000l\000\040\000A\000s\000s\000e\000m\000b\000l\000y}{chapter.9}% 74
\BOOKMARK [1][-]{section.9.6}{\376\377\000S\000w\000a\000p\000\040\000M\000a\000c\000r\000o\000\040\000R\000e\000v\000i\000s\000i\000t\000e\000d\000\040\000U\000s\000i\000n\000g\000\040\000C\000o\000n\000d\000i\000t\000i\000o\000n\000a\000l\000\040\000A\000s\000s\000e\000m\000b\000l\000y}{chapter.9}% 75
\BOOKMARK [1][-]{section.9.7}{\376\377\000P\000o\000w\000e\000r\000\040\000F\000u\000n\000c\000t\000i\000o\000n\000\040\000M\000a\000c\000r\000o\000\040\000U\000s\000i\000n\000g\000\040\000C\000o\000n\000d\000i\000t\000i\000o\000n\000a\000l\000\040\000A\000s\000s\000e\000m\000b\000l\000y}{chapter.9}% 76
\BOOKMARK [1][-]{section.9.8}{\376\377\000C\000o\000m\000p\000l\000e\000t\000e\000\040\000P\000r\000o\000g\000r\000a\000m\000:\000\040\000I\000m\000p\000l\000e\000m\000e\000n\000t\000i\000n\000g\000\040\000a\000\040\000M\000a\000c\000r\000o\000\040\000C\000a\000l\000c\000u\000l\000a\000t\000o\000r}{chapter.9}% 77
\BOOKMARK [1][-]{section.9.9}{\376\377\000S\000u\000m\000m\000a\000r\000y}{chapter.9}% 78
\BOOKMARK [0][-]{chapter.10}{\376\377\000A\000r\000r\000a\000y\000s}{}% 79
\BOOKMARK [1][-]{section.10.1}{\376\377\000A\000r\000r\000a\000y\000\040\000D\000e\000c\000l\000a\000r\000a\000t\000i\000o\000n\000\040\000a\000n\000d\000\040\000A\000d\000d\000r\000e\000s\000s\000i\000n\000g}{chapter.10}% 80
\BOOKMARK [1][-]{section.10.2}{\376\377\000I\000n\000d\000e\000x\000i\000n\000g\000\040\000U\000s\000i\000n\000g\000\040\000t\000h\000e\000\040\000B\000a\000s\000e\000\040\000R\000e\000g\000i\000s\000t\000e\000r}{chapter.10}% 81
\BOOKMARK [1][-]{section.10.3}{\376\377\000S\000e\000a\000r\000c\000h\000i\000n\000g}{chapter.10}% 82
\BOOKMARK [1][-]{section.10.4}{\376\377\000I\000n\000d\000e\000x\000i\000n\000g\000\040\000U\000s\000i\000n\000g\000\040\000t\000h\000e\000\040\000e\000s\000i\000\040\000a\000n\000d\000\040\000e\000d\000i\000\040\000R\000e\000g\000i\000s\000t\000e\000r\000s}{chapter.10}% 83
\BOOKMARK [1][-]{section.10.5}{\376\377\000L\000e\000n\000g\000t\000h\000o\000f\000\040\000a\000n\000d\000\040\000S\000i\000z\000e\000o\000f\000\040\000O\000p\000e\000r\000a\000t\000o\000r\000s}{chapter.10}% 84
\BOOKMARK [1][-]{section.10.6}{\376\377\000C\000o\000m\000p\000l\000e\000t\000e\000\040\000P\000r\000o\000g\000r\000a\000m\000:\000\040\000I\000m\000p\000l\000e\000m\000e\000n\000t\000i\000n\000g\000\040\000a\000\040\000Q\000u\000e\000u\000e}{chapter.10}% 85
\BOOKMARK [1][-]{section.10.7}{\376\377\000C\000o\000m\000p\000l\000e\000t\000e\000\040\000P\000r\000o\000g\000r\000a\000m\000:\000\040\000I\000m\000p\000l\000e\000m\000e\000n\000t\000i\000n\000g\000\040\000t\000h\000e\000\040\000S\000e\000l\000e\000c\000t\000i\000o\000n\000\040\000S\000o\000r\000t}{chapter.10}% 86
\BOOKMARK [1][-]{section.10.8}{\376\377\000S\000u\000m\000m\000a\000r\000y}{chapter.10}% 87
\BOOKMARK [0][-]{chapter.11}{\376\377\000S\000t\000r\000i\000n\000g\000s}{}% 88
\BOOKMARK [1][-]{section.11.1}{\376\377\000I\000n\000t\000r\000o\000d\000u\000c\000t\000i\000o\000n}{chapter.11}% 89
\BOOKMARK [1][-]{section.11.2}{\376\377\000S\000t\000r\000i\000n\000g\000\040\000I\000n\000s\000t\000r\000u\000c\000t\000i\000o\000n\000s\000:\000\040\000M\000o\000v\000i\000n\000g\000\040\000S\000t\000r\000i\000n\000g\000s\000\040\000\050\000m\000o\000v\000s\000b\000\051}{chapter.11}% 90
\BOOKMARK [1][-]{section.11.3}{\376\377\000S\000t\000r\000i\000n\000g\000\040\000I\000n\000s\000t\000r\000u\000c\000t\000i\000o\000n\000s\000:\000\040\000S\000c\000a\000n\000n\000i\000n\000g\000\040\000\050\000s\000c\000a\000s\000b\000\051\000,\000\040\000S\000t\000o\000r\000i\000n\000g\000\040\000\050\000s\000t\000o\000s\000b\000\051\000,\000\040\000a\000n\000d\000\040\000L\000o\000a\000d\000i\000n\000g\000\040\000\050\000l\000o\000d\000s\000b\000\051}{chapter.11}% 91
\BOOKMARK [1][-]{section.11.4}{\376\377\000A\000r\000r\000a\000y\000\040\000o\000f\000\040\000S\000t\000r\000i\000n\000g\000s}{chapter.11}% 92
\BOOKMARK [1][-]{section.11.5}{\376\377\000S\000t\000r\000i\000n\000g\000\040\000I\000n\000s\000t\000r\000u\000c\000t\000i\000o\000n\000s\000:\000\040\000C\000o\000m\000p\000a\000r\000i\000n\000g\000\040\000S\000t\000r\000i\000n\000g\000s\000\040\000\050\000c\000m\000p\000s\000b\000\051}{chapter.11}% 93
\BOOKMARK [1][-]{section.11.6}{\376\377\000C\000o\000m\000p\000l\000e\000t\000e\000\040\000P\000r\000o\000g\000r\000a\000m\000:\000\040\000S\000e\000a\000r\000c\000h\000i\000n\000g\000\040\000a\000n\000\040\000A\000r\000r\000a\000y\000\040\000o\000f\000\040\000S\000t\000r\000i\000n\000g\000s}{chapter.11}% 94
\BOOKMARK [1][-]{section.11.7}{\376\377\000S\000u\000m\000m\000a\000r\000y}{chapter.11}% 95
\BOOKMARK [0][-]{chapter.12}{\376\377\000F\000l\000o\000a\000t\000i\000n\000g\000-\000P\000o\000i\000n\000t\000\040\000I\000n\000s\000t\000r\000u\000c\000t\000i\000o\000n\000s}{}% 96
\BOOKMARK [1][-]{section.12.1}{\376\377\000M\000e\000m\000o\000r\000y\000\040\000S\000t\000o\000r\000a\000g\000e}{chapter.12}% 97
\BOOKMARK [1][-]{section.12.2}{\376\377\000F\000l\000o\000a\000t\000i\000n\000g\000-\000P\000o\000i\000n\000t\000\040\000R\000e\000g\000i\000s\000t\000e\000r\000\040\000S\000t\000a\000c\000k}{chapter.12}% 98
\BOOKMARK [1][-]{section.12.3}{\376\377\000P\000u\000s\000h\000i\000n\000g\000\040\000a\000n\000d\000\040\000P\000o\000p\000p\000i\000n\000g}{chapter.12}% 99
\BOOKMARK [1][-]{section.12.4}{\376\377\000S\000i\000m\000p\000l\000e\000\040\000A\000r\000i\000t\000h\000m\000e\000t\000i\000c\000\040\000E\000x\000p\000r\000e\000s\000s\000i\000o\000n\000s}{chapter.12}% 100
\BOOKMARK [1][-]{section.12.5}{\376\377\000C\000o\000m\000p\000l\000e\000x\000\040\000A\000r\000i\000t\000h\000m\000e\000t\000i\000c\000\040\000E\000x\000p\000r\000e\000s\000s\000i\000o\000n\000s}{chapter.12}% 101
\BOOKMARK [1][-]{section.12.6}{\376\377\000M\000i\000x\000i\000n\000g\000\040\000F\000l\000o\000a\000t\000i\000n\000g\000-\000P\000o\000i\000n\000t\000\040\000a\000n\000d\000\040\000I\000n\000t\000e\000g\000e\000r\000s}{chapter.12}% 102
\BOOKMARK [1][-]{section.12.7}{\376\377\000I\000n\000p\000u\000t\000/\000O\000u\000t\000p\000u\000t}{chapter.12}% 103
\BOOKMARK [2][-]{subsection.12.7.1}{\376\377\000f\000l\000o\000a\000t\000\040\000a\000n\000d\000\040\000r\000e\000a\000l\0004}{section.12.7}% 104
\BOOKMARK [2][-]{subsection.12.7.2}{\376\377\000d\000o\000u\000b\000l\000e\000\040\000a\000n\000d\000\040\000r\000e\000a\000l\0008}{section.12.7}% 105
\BOOKMARK [2][-]{subsection.12.7.3}{\376\377\000l\000o\000n\000g\000\040\000d\000o\000u\000b\000l\000e\000\040\000a\000n\000d\000\040\000r\000e\000a\000l\0001\0000}{section.12.7}% 106
\BOOKMARK [2][-]{subsection.12.7.4}{\376\377\000I\000n\000l\000i\000n\000e\000\040\000A\000s\000s\000e\000m\000b\000l\000y}{section.12.7}% 107
\BOOKMARK [1][-]{section.12.8}{\376\377\000C\000o\000m\000p\000a\000r\000i\000s\000o\000n\000s\000\040\000a\000n\000d\000\040\000S\000e\000l\000e\000c\000t\000i\000o\000n\000\040\000S\000t\000r\000u\000c\000t\000u\000r\000e\000s}{chapter.12}% 108
\BOOKMARK [1][-]{section.12.9}{\376\377\000C\000o\000m\000p\000l\000e\000t\000e\000\040\000P\000r\000o\000g\000r\000a\000m\000:\000\040\000I\000m\000p\000l\000e\000m\000e\000n\000t\000i\000n\000g\000\040\000a\000n\000\040\000I\000t\000e\000r\000a\000t\000i\000o\000n\000\040\000S\000t\000r\000u\000c\000t\000u\000r\000e}{chapter.12}% 109
\BOOKMARK [1][-]{section.12.10}{\376\377\000C\000o\000m\000p\000l\000e\000t\000e\000\040\000P\000r\000o\000g\000r\000a\000m\000:\000\040\000I\000m\000p\000l\000e\000m\000e\000n\000t\000i\000n\000g\000\040\000a\000n\000\040\000A\000r\000r\000a\000y}{chapter.12}% 110
\BOOKMARK [1][-]{section.12.11}{\376\377\000S\000u\000m\000m\000a\000r\000y}{chapter.12}% 111
\BOOKMARK [1][-]{section.12.12}{\376\377\000F\000o\000u\000r\000\040\000G\000e\000n\000e\000r\000a\000l\000\040\000P\000u\000r\000p\000o\000s\000e\000\040\000R\000e\000g\000i\000s\000t\000e\000r\000s}{chapter.12}% 112
\BOOKMARK [1][-]{section.12.13}{\376\377\000O\000t\000h\000e\000r\000\040\0006\0004\000-\000B\000i\000t\000\040\000R\000e\000g\000i\000s\000t\000e\000r\000s}{chapter.12}% 113
\BOOKMARK [1][-]{section.12.14}{\376\377\0006\0004\000-\000B\000i\000t\000\040\000I\000n\000t\000e\000g\000e\000r\000\040\000O\000u\000t\000p\000u\000t}{chapter.12}% 114
\BOOKMARK [1][-]{section.12.15}{\376\377\0006\0004\000-\000B\000i\000t\000\040\000I\000n\000t\000e\000g\000e\000r\000\040\000I\000n\000p\000u\000t}{chapter.12}% 115
\BOOKMARK [1][-]{section.12.16}{\376\377\000L\000o\000g\000i\000c\000\040\000a\000n\000d\000\040\000A\000r\000i\000t\000h\000m\000e\000t\000i\000c\000\040\000A\000p\000p\000l\000i\000c\000a\000t\000i\000o\000n\000s}{chapter.12}% 116
\BOOKMARK [2][-]{subsection.12.16.1}{\376\377\000S\000h\000i\000f\000t\000\040\000a\000n\000d\000\040\000R\000o\000t\000a\000t\000e}{section.12.16}% 117
\BOOKMARK [2][-]{subsection.12.16.2}{\376\377\000L\000o\000g\000i\000c}{section.12.16}% 118
\BOOKMARK [2][-]{subsection.12.16.3}{\376\377\000A\000r\000i\000t\000h\000m\000e\000t\000i\000c}{section.12.16}% 119
\BOOKMARK [1][-]{section.12.17}{\376\377\000C\000o\000n\000t\000r\000o\000l\000\040\000S\000t\000r\000u\000c\000t\000u\000r\000e\000s}{chapter.12}% 120
\BOOKMARK [1][-]{section.12.18}{\376\377\000A\000r\000r\000a\000y\000s}{chapter.12}% 121
\BOOKMARK [1][-]{section.12.19}{\376\377\000P\000r\000o\000c\000e\000d\000u\000r\000e\000s\000\040\000a\000n\000d\000\040\000M\000a\000c\000r\000o\000s}{chapter.12}% 122
\BOOKMARK [2][-]{subsection.12.19.1}{\376\377\000C\000a\000l\000l\000i\000n\000g\000\040\0006\0004\000-\000B\000i\000t\000\040\000P\000r\000o\000c\000e\000d\000u\000r\000e\000s}{section.12.19}% 123
\BOOKMARK [2][-]{subsection.12.19.2}{\376\377\000U\000s\000i\000n\000g\000\040\000a\000\040\000M\000a\000c\000r\000o\000\040\000t\000o\000\040\000C\000a\000l\000l\000\040\000p\000r\000i\000n\000t\000f}{section.12.19}% 124
\BOOKMARK [1][-]{section.12.20}{\376\377\000C\000o\000m\000p\000l\000e\000t\000e\000\040\000P\000r\000o\000g\000r\000a\000m\000:\000\040\000R\000e\000v\000e\000r\000s\000i\000n\000g\000\040\000a\000n\000\040\000A\000r\000r\000a\000y}{chapter.12}% 125
\BOOKMARK [1][-]{section.12.21}{\376\377\000S\000u\000m\000m\000a\000r\000y}{chapter.12}% 126
\BOOKMARK [0][-]{chapter.13}{\376\377\000S\000e\000l\000e\000c\000t\000e\000d\000\040\000M\000a\000c\000h\000i\000n\000e\000\040\000L\000a\000n\000g\000u\000a\000g\000e\000\040\000I\000n\000s\000t\000r\000u\000c\000t\000i\000o\000n\000s}{}% 127
\BOOKMARK [1][-]{section.13.1}{\376\377\000I\000n\000t\000r\000o\000d\000u\000c\000t\000i\000o\000n}{chapter.13}% 128
\BOOKMARK [1][-]{section.13.2}{\376\377\000i\000n\000c\000\040\000a\000n\000d\000\040\000d\000e\000c\000\040\000I\000n\000s\000t\000r\000u\000c\000t\000i\000o\000n\000s}{chapter.13}% 129
\BOOKMARK [1][-]{section.13.3}{\376\377\000m\000o\000v\000\040\000I\000n\000s\000t\000r\000u\000c\000t\000i\000o\000n}{chapter.13}% 130
\BOOKMARK [1][-]{section.13.4}{\376\377\000a\000d\000d\000\040\000a\000n\000d\000\040\000s\000u\000b\000\040\000I\000n\000s\000t\000r\000u\000c\000t\000i\000o\000n\000s}{chapter.13}% 131
\BOOKMARK [1][-]{section.13.5}{\376\377\000m\000o\000v\000\040\000o\000f\000f\000s\000e\000t\000\040\000a\000n\000d\000\040\000l\000e\000a\000\040\000I\000n\000s\000t\000r\000u\000c\000t\000i\000o\000n\000s}{chapter.13}% 132
\BOOKMARK [1][-]{section.13.6}{\376\377\000j\000m\000p\000\040\000I\000n\000s\000t\000r\000u\000c\000t\000i\000o\000n\000s}{chapter.13}% 133
\BOOKMARK [1][-]{section.13.7}{\376\377\000I\000n\000s\000t\000r\000u\000c\000t\000i\000o\000n\000\040\000T\000i\000m\000i\000n\000g\000s}{chapter.13}% 134
\BOOKMARK [1][-]{section.13.8}{\376\377\000F\000l\000o\000a\000t\000i\000n\000g\000-\000P\000o\000i\000n\000t\000\040\000a\000n\000d\000\040\0006\0004\000-\000B\000i\000t\000\040\000I\000n\000s\000t\000r\000u\000c\000t\000i\000o\000n\000s}{chapter.13}% 135
\BOOKMARK [2][-]{subsection.13.8.1}{\376\377\000F\000l\000o\000a\000t\000i\000n\000g\000-\000P\000o\000i\000n\000t\000\040\000I\000n\000s\000t\000r\000u\000c\000t\000i\000o\000n\000s}{section.13.8}% 136
\BOOKMARK [2][-]{subsection.13.8.2}{\376\377\0006\0004\000-\000B\000i\000t\000\040\000I\000n\000s\000t\000r\000u\000c\000t\000i\000o\000n\000s}{section.13.8}% 137
\BOOKMARK [2][-]{subsection.13.8.3}{\376\377\000M\000e\000m\000o\000r\000y\000\040\000A\000d\000d\000r\000e\000s\000s\000i\000n\000g}{section.13.8}% 138
\BOOKMARK [1][-]{section.13.9}{\376\377\000C\000o\000m\000p\000l\000e\000t\000e\000\040\000P\000r\000o\000g\000r\000a\000m\000:\000\040\0003\0002\000-\000B\000i\000t\000\040\000A\000s\000s\000e\000m\000b\000l\000y\000\040\000L\000i\000s\000t\000i\000n\000g}{chapter.13}% 139
\BOOKMARK [1][-]{section.13.10}{\376\377\000C\000o\000m\000p\000l\000e\000t\000e\000\040\000P\000r\000o\000g\000r\000a\000m\000:\000\040\000F\000l\000o\000a\000t\000i\000n\000g\000-\000P\000o\000i\000n\000t\000\040\000a\000n\000d\000\040\0006\0004\000-\000B\000i\000t\000\040\000A\000s\000s\000e\000m\000b\000l\000y\000\040\000L\000i\000s\000t\000i\000n\000g}{chapter.13}% 140
\BOOKMARK [1][-]{section.13.11}{\376\377\000S\000u\000m\000m\000a\000r\000y}{chapter.13}% 141
\BOOKMARK [0][-]{chapter.14}{\376\377\000R\000e\000f\000e\000r\000e\000n\000c\000e\000s}{}% 142
\BOOKMARK [0][-]{chapter.15}{\376\377\000I\000n\000d\000e\000x}{}% 143
