\BOOKMARK [1][-]{section.0.1}{\376\377\000T\000E\000X\000T\000S\000\040\000I\000N\000\040\000C\000O\000M\000P\000U\000T\000E\000R\000\040\000S\000C\000I\000E\000N\000C\000E}{}% 1
\BOOKMARK [1][-]{section.0.2}{\376\377\000T\000H\000E}{}% 2
\BOOKMARK [1][-]{section.0.3}{\376\377\000D\000a\000t\000a\000\040\000S\000c\000i\000e\000n\000c\000e\000\040\000D\000e\000s\000i\000g\000n}{}% 3
\BOOKMARK [1][-]{section.0.4}{\376\377\000S\000t\000e\000v\000e\000n\000\040\000S\000.\000\040\000S\000l\000a\000i\000e\000n\000a}{}% 4
\BOOKMARK [1][-]{section.0.5}{\376\377\000T\000h\000e\000\040\000D\000a\000t\000a\000\040\000S\000c\000i\000e\000n\000c\000e\000\040\000D\000e\000s\000i\000g\000n\000\040\000M\000a\000n\000u\000a\000l}{}% 5
\BOOKMARK [0][-]{chapter.1}{\376\377\000P\000r\000e\000f\000a\000c\000e}{}% 6
\BOOKMARK [1][-]{section.1.1}{\376\377\000T\000o\000\040\000t\000h\000e\000\040\000R\000e\000a\000d\000e\000r}{chapter.1}% 7
\BOOKMARK [1][-]{section.1.2}{\376\377\000T\000o\000\040\000t\000h\000e\000\040\000I\000n\000s\000t\000r\000u\000c\000t\000o\000r}{chapter.1}% 8
\BOOKMARK [1][-]{section.1.3}{\376\377\000D\000e\000d\000i\000c\000a\000t\000i\000o\000n}{chapter.1}% 9
\BOOKMARK [1][-]{section.1.4}{\376\377\000A\000c\000k\000n\000o\000w\000l\000e\000d\000g\000m\000e\000n\000t\000s}{chapter.1}% 10
\BOOKMARK [1][-]{section.1.5}{\376\377\000C\000a\000v\000e\000a\000t}{chapter.1}% 11
\BOOKMARK [0][-]{chapter.2}{\376\377\000W\000h\000a\000t\000\040\000i\000s\000\040\000D\000a\000t\000a\000\040\000S\000c\000i\000e\000n\000c\000e\000?}{}% 12
\BOOKMARK [1][-]{subsection.2.0.1}{\376\377\000C\000o\000m\000p\000u\000t\000e\000r\000\040\000S\000c\000i\000e\000n\000c\000e\000,\000\040\000D\000a\000t\000a\000\040\000S\000c\000i\000e\000n\000c\000e\000,\000\040\000a\000n\000d\000\040\000R\000e\000a\000l\000\040\000S\000c\000i\000e\000n\000c\000e}{chapter.2}% 13
\BOOKMARK [1][-]{section.2.1}{\376\377\000A\000s\000k\000i\000n\000g\000\040\000I\000n\000t\000e\000r\000e\000s\000t\000i\000n\000g\000\040\000Q\000u\000e\000s\000t\000i\000o\000n\000s\000\040\000f\000r\000o\000m\000\040\000D\000a\000t\000a}{chapter.2}% 14
\BOOKMARK [2][-]{subsection.2.1.1}{\376\377\000T\000h\000e\000\040\000B\000a\000s\000e\000b\000a\000l\000l\000\040\000E\000n\000c\000y\000c\000l\000o\000p\000e\000d\000i\000a}{section.2.1}% 15
\BOOKMARK [2][-]{subsection.2.1.2}{\376\377\000T\000h\000e\000\040\000I\000n\000t\000e\000r\000n\000e\000t\000\040\000M\000o\000v\000i\000e\000\040\000D\000a\000t\000a\000b\000a\000s\000e\000\040\000\050\000I\000M\000D\000b\000\051}{section.2.1}% 16
\BOOKMARK [2][-]{subsection.2.1.3}{\376\377\000G\000o\000o\000g\000l\000e\000\040\000N\000g\000r\000a\000m\000s}{section.2.1}% 17
\BOOKMARK [2][-]{subsection.2.1.4}{\376\377\000N\000e\000w\000\040\000Y\000o\000r\000k\000\040\000T\000a\000x\000i\000\040\000R\000e\000c\000o\000r\000d\000s}{section.2.1}% 18
\BOOKMARK [1][-]{section.2.2}{\376\377\000P\000r\000o\000p\000e\000r\000t\000i\000e\000s\000\040\000o\000f\000\040\000D\000a\000t\000a}{chapter.2}% 19
\BOOKMARK [2][-]{subsection.2.2.1}{\376\377\000S\000t\000r\000u\000c\000t\000u\000r\000e\000d\000\040\000v\000s\000.\000\040\000U\000n\000s\000t\000r\000u\000c\000t\000u\000r\000e\000d\000\040\000D\000a\000t\000a}{section.2.2}% 20
\BOOKMARK [2][-]{subsection.2.2.2}{\376\377\000Q\000u\000a\000n\000t\000i\000t\000a\000t\000i\000v\000e\000\040\000v\000s\000.\000\040\000C\000a\000t\000e\000g\000o\000r\000i\000c\000a\000l\000\040\000D\000a\000t\000a}{section.2.2}% 21
\BOOKMARK [2][-]{subsection.2.2.3}{\376\377\000B\000i\000g\000\040\000D\000a\000t\000a\000\040\000v\000s\000.\000\040\000L\000i\000t\000t\000l\000e\000\040\000D\000a\000t\000a}{section.2.2}% 22
\BOOKMARK [2][-]{subsection.2.2.4}{\376\377\000C\000l\000a\000s\000s\000i\000f\000i\000c\000a\000t\000i\000o\000n\000\040\000a\000n\000d\000\040\000R\000e\000g\000r\000e\000s\000s\000i\000o\000n}{section.2.2}% 23
\BOOKMARK [1][-]{section.2.3}{\376\377\000D\000a\000t\000a\000\040\000S\000c\000i\000e\000n\000c\000e\000\040\000T\000e\000l\000e\000v\000i\000s\000i\000o\000n\000:\000\040\000T\000h\000e\000\040\000Q\000u\000a\000n\000t\000\040\000S\000h\000o\000p}{chapter.2}% 24
\BOOKMARK [2][-]{subsection.2.3.1}{\376\377\000K\000a\000g\000g\000l\000e\000\040\000C\000h\000a\000l\000l\000e\000n\000g\000e\000s}{section.2.3}% 25
\BOOKMARK [1][-]{section.2.4}{\376\377\000A\000b\000o\000u\000t\000\040\000t\000h\000e\000\040\000W\000a\000r\000\040\000S\000t\000o\000r\000i\000e\000s}{chapter.2}% 26
\BOOKMARK [1][-]{section.2.5}{\376\377\000W\000a\000r\000\040\000S\000t\000o\000r\000y\000:\000\040\000A\000n\000s\000w\000e\000r\000i\000n\000g\000\040\000t\000h\000e\000\040\000R\000i\000g\000h\000t\000\040\000Q\000u\000e\000s\000t\000i\000o\000n}{chapter.2}% 27
\BOOKMARK [1][-]{section.2.6}{\376\377\000C\000h\000a\000p\000t\000e\000r\000\040\000N\000o\000t\000e\000s}{chapter.2}% 28
\BOOKMARK [1][-]{section.2.7}{\376\377\000I\000d\000e\000n\000t\000i\000f\000y\000i\000n\000g\000\040\000D\000a\000t\000a\000\040\000S\000e\000t\000s}{chapter.2}% 29
\BOOKMARK [1][-]{section.2.8}{\376\377\000A\000s\000k\000i\000n\000g\000\040\000Q\000u\000e\000s\000t\000i\000o\000n\000s}{chapter.2}% 30
\BOOKMARK [1][-]{section.2.9}{\376\377\000I\000m\000p\000l\000e\000m\000e\000n\000t\000a\000t\000i\000o\000n\000\040\000P\000r\000o\000j\000e\000c\000t\000s}{chapter.2}% 31
\BOOKMARK [1][-]{section.2.10}{\376\377\000I\000n\000t\000e\000r\000v\000i\000e\000w\000\040\000Q\000u\000e\000s\000t\000i\000o\000n\000s}{chapter.2}% 32
\BOOKMARK [0][-]{chapter.3}{\376\377\000M\000a\000t\000h\000e\000m\000a\000t\000i\000c\000a\000l\000\040\000P\000r\000e\000l\000i\000m\000i\000n\000a\000r\000i\000e\000s}{}% 33
\BOOKMARK [1][-]{section.3.1}{\376\377\000P\000r\000o\000b\000a\000b\000i\000l\000i\000t\000y}{chapter.3}% 34
\BOOKMARK [2][-]{subsection.3.1.1}{\376\377\000P\000r\000o\000b\000a\000b\000i\000l\000i\000t\000y\000\040\000v\000s\000.\000\040\000S\000t\000a\000t\000i\000s\000t\000i\000c\000s}{section.3.1}% 35
\BOOKMARK [2][-]{subsection.3.1.2}{\376\377\000C\000o\000m\000p\000o\000u\000n\000d\000\040\000E\000v\000e\000n\000t\000s\000\040\000a\000n\000d\000\040\000I\000n\000d\000e\000p\000e\000n\000d\000e\000n\000c\000e}{section.3.1}% 36
\BOOKMARK [2][-]{subsection.3.1.3}{\376\377\000C\000o\000n\000d\000i\000t\000i\000o\000n\000a\000l\000\040\000P\000r\000o\000b\000a\000b\000i\000l\000i\000t\000y}{section.3.1}% 37
\BOOKMARK [2][-]{subsection.3.1.4}{\376\377\000P\000r\000o\000b\000a\000b\000i\000l\000i\000t\000y\000\040\000D\000i\000s\000t\000r\000i\000b\000u\000t\000i\000o\000n\000s}{section.3.1}% 38
\BOOKMARK [1][-]{section.3.2}{\376\377\000D\000e\000s\000c\000r\000i\000p\000t\000i\000v\000e\000\040\000S\000t\000a\000t\000i\000s\000t\000i\000c\000s}{chapter.3}% 39
\BOOKMARK [2][-]{subsection.3.2.1}{\376\377\000C\000e\000n\000t\000r\000a\000l\000i\000t\000y\000\040\000M\000e\000a\000s\000u\000r\000e\000s}{section.3.2}% 40
\BOOKMARK [2][-]{subsection.3.2.2}{\376\377\000V\000a\000r\000i\000a\000b\000i\000l\000i\000t\000y\000\040\000M\000e\000a\000s\000u\000r\000e\000s}{section.3.2}% 41
\BOOKMARK [2][-]{subsection.3.2.3}{\376\377\000I\000n\000t\000e\000r\000p\000r\000e\000t\000i\000n\000g\000\040\000V\000a\000r\000i\000a\000n\000c\000e}{section.3.2}% 42
\BOOKMARK [2][-]{subsection.3.2.4}{\376\377\000C\000h\000a\000r\000a\000c\000t\000e\000r\000i\000z\000i\000n\000g\000\040\000D\000i\000s\000t\000r\000i\000b\000u\000t\000i\000o\000n\000s}{section.3.2}% 43
\BOOKMARK [1][-]{section.3.3}{\376\377\000C\000o\000r\000r\000e\000l\000a\000t\000i\000o\000n\000\040\000A\000n\000a\000l\000y\000s\000i\000s}{chapter.3}% 44
\BOOKMARK [2][-]{subsection.3.3.1}{\376\377\000C\000o\000r\000r\000e\000l\000a\000t\000i\000o\000n\000\040\000C\000o\000e\000f\000f\000i\000c\000i\000e\000n\000t\000s\000:\000\040\000P\000e\000a\000r\000s\000o\000n\000\040\000a\000n\000d\000\040\000S\000p\000e\000a\000r\000m\000a\000n\000\040\000R\000a\000n\000k}{section.3.3}% 45
\BOOKMARK [1][-]{section.3.4}{\376\377\000T\000h\000e\000\040\000P\000e\000a\000r\000s\000o\000n\000\040\000C\000o\000r\000r\000e\000l\000a\000t\000i\000o\000n\000\040\000C\000o\000e\000f\000f\000i\000c\000i\000e\000n\000t}{chapter.3}% 46
\BOOKMARK [1][-]{section.3.5}{\376\377\000T\000h\000e\000\040\000S\000p\000e\000a\000r\000m\000a\000n\000\040\000R\000a\000n\000k\000\040\000C\000o\000r\000r\000e\000l\000a\000t\000i\000o\000n\000\040\000C\000o\000e\000f\000f\000i\000c\000i\000e\000n\000t}{chapter.3}% 47
\BOOKMARK [2][-]{subsection.3.5.1}{\376\377\000T\000h\000e\000\040\000P\000o\000w\000e\000r\000\040\000a\000n\000d\000\040\000S\000i\000g\000n\000i\000f\000i\000c\000a\000n\000c\000e\000\040\000o\000f\000\040\000C\000o\000r\000r\000e\000l\000a\000t\000i\000o\000n}{section.3.5}% 48
\BOOKMARK [2][-]{subsection.3.5.2}{\376\377\000C\000o\000r\000r\000e\000l\000a\000t\000i\000o\000n\000\040\000D\000o\000e\000s\000\040\000N\000o\000t\000\040\000I\000m\000p\000l\000y\000\040\000C\000a\000u\000s\000a\000t\000i\000o\000n\000!}{section.3.5}% 49
\BOOKMARK [2][-]{subsection.3.5.3}{\376\377\000D\000e\000t\000e\000c\000t\000i\000n\000g\000\040\000P\000e\000r\000i\000o\000d\000i\000c\000i\000t\000i\000e\000s\000\040\000b\000y\000\040\000A\000u\000t\000o\000c\000o\000r\000r\000e\000l\000a\000t\000i\000o\000n}{section.3.5}% 50
\BOOKMARK [1][-]{section.3.6}{\376\377\000L\000o\000g\000a\000r\000i\000t\000h\000m\000s}{chapter.3}% 51
\BOOKMARK [2][-]{subsection.3.6.1}{\376\377\000L\000o\000g\000a\000r\000i\000t\000h\000m\000s\000\040\000a\000n\000d\000\040\000M\000u\000l\000t\000i\000p\000l\000y\000i\000n\000g\000\040\000P\000r\000o\000b\000a\000b\000i\000l\000i\000t\000i\000e\000s}{section.3.6}% 52
\BOOKMARK [2][-]{subsection.3.6.2}{\376\377\000L\000o\000g\000a\000r\000i\000t\000h\000m\000s\000\040\000a\000n\000d\000\040\000R\000a\000t\000i\000o\000s}{section.3.6}% 53
\BOOKMARK [2][-]{subsection.3.6.3}{\376\377\000L\000o\000g\000a\000r\000i\000t\000h\000m\000s\000\040\000a\000n\000d\000\040\000N\000o\000r\000m\000a\000l\000i\000z\000i\000n\000g\000\040\000S\000k\000e\000w\000e\000d\000\040\000D\000i\000s\000t\000r\000i\000b\000u\000t\000i\000o\000n\000s}{section.3.6}% 54
\BOOKMARK [1][-]{section.3.7}{\376\377\000W\000a\000r\000\040\000S\000t\000o\000r\000y\000:\000\040\000F\000i\000t\000t\000i\000n\000g\000\040\000D\000e\000s\000i\000g\000n\000e\000r\000\040\000G\000e\000n\000e\000s}{chapter.3}% 55
\BOOKMARK [1][-]{section.3.8}{\376\377\000C\000h\000a\000p\000t\000e\000r\000\040\000N\000o\000t\000e\000s}{chapter.3}% 56
\BOOKMARK [1][-]{section.3.9}{\376\377\000S\000t\000a\000t\000i\000s\000t\000i\000c\000s}{chapter.3}% 57
\BOOKMARK [1][-]{section.3.10}{\376\377\000I\000m\000p\000l\000e\000m\000e\000n\000t\000a\000t\000i\000o\000n\000\040\000P\000r\000o\000j\000e\000c\000t\000s}{chapter.3}% 58
\BOOKMARK [1][-]{section.3.11}{\376\377\000I\000n\000t\000e\000r\000v\000i\000e\000w\000\040\000Q\000u\000e\000s\000t\000i\000o\000n\000s}{chapter.3}% 59
\BOOKMARK [2][-]{subsection.3.11.1}{\376\377\000K\000a\000g\000g\000l\000e\000\040\000C\000h\000a\000l\000l\000e\000n\000g\000e\000s}{section.3.11}% 60
\BOOKMARK [0][-]{chapter.4}{\376\377\000D\000a\000t\000a\000\040\000M\000u\000n\000g\000i\000n\000g}{}% 61
\BOOKMARK [1][-]{section.4.1}{\376\377\000L\000a\000n\000g\000u\000a\000g\000e\000s\000\040\000f\000o\000r\000\040\000D\000a\000t\000a\000\040\000S\000c\000i\000e\000n\000c\000e}{chapter.4}% 62
\BOOKMARK [2][-]{subsection.4.1.1}{\376\377\000T\000h\000e\000\040\000I\000m\000p\000o\000r\000t\000a\000n\000c\000e\000\040\000o\000f\000\040\000N\000o\000t\000e\000b\000o\000o\000k\000\040\000E\000n\000v\000i\000r\000o\000n\000m\000e\000n\000t\000s}{section.4.1}% 63
\BOOKMARK [2][-]{subsection.4.1.2}{\376\377\000S\000t\000a\000n\000d\000a\000r\000d\000\040\000D\000a\000t\000a\000\040\000F\000o\000r\000m\000a\000t\000s}{section.4.1}% 64
\BOOKMARK [1][-]{section.4.2}{\376\377\000C\000o\000l\000l\000e\000c\000t\000i\000n\000g\000\040\000D\000a\000t\000a}{chapter.4}% 65
\BOOKMARK [2][-]{subsection.4.2.1}{\376\377\000H\000u\000n\000t\000i\000n\000g}{section.4.2}% 66
\BOOKMARK [1][-]{section.4.3}{\376\377\000C\000o\000m\000p\000a\000n\000i\000e\000s\000\040\000a\000n\000d\000\040\000P\000r\000o\000p\000r\000i\000e\000t\000a\000r\000y\000\040\000D\000a\000t\000a\000\040\000S\000o\000u\000r\000c\000e\000s}{chapter.4}% 67
\BOOKMARK [1][-]{section.4.4}{\376\377\000G\000o\000v\000e\000r\000n\000m\000e\000n\000t\000\040\000D\000a\000t\000a\000\040\000S\000o\000u\000r\000c\000e\000s}{chapter.4}% 68
\BOOKMARK [1][-]{section.4.5}{\376\377\000A\000c\000a\000d\000e\000m\000i\000c\000\040\000D\000a\000t\000a\000\040\000S\000e\000t\000s}{chapter.4}% 69
\BOOKMARK [1][-]{section.4.6}{\376\377\000S\000w\000e\000a\000t\000\040\000E\000q\000u\000i\000t\000y}{chapter.4}% 70
\BOOKMARK [2][-]{subsection.4.6.1}{\376\377\000S\000c\000r\000a\000p\000i\000n\000g}{section.4.6}% 71
\BOOKMARK [2][-]{subsection.4.6.2}{\376\377\000L\000o\000g\000g\000i\000n\000g}{section.4.6}% 72
\BOOKMARK [1][-]{section.4.7}{\376\377\000C\000l\000e\000a\000n\000i\000n\000g\000\040\000D\000a\000t\000a}{chapter.4}% 73
\BOOKMARK [2][-]{subsection.4.7.1}{\376\377\000E\000r\000r\000o\000r\000s\000\040\000v\000s\000.\000\040\000A\000r\000t\000i\000f\000a\000c\000t\000s}{section.4.7}% 74
\BOOKMARK [2][-]{subsection.4.7.2}{\376\377\000D\000a\000t\000a\000\040\000C\000o\000m\000p\000a\000t\000i\000b\000i\000l\000i\000t\000y}{section.4.7}% 75
\BOOKMARK [1][-]{section.4.8}{\376\377\000U\000n\000i\000t\000\040\000C\000o\000n\000v\000e\000r\000s\000i\000o\000n\000s}{chapter.4}% 76
\BOOKMARK [1][-]{section.4.9}{\376\377\000N\000u\000m\000e\000r\000i\000c\000a\000l\000\040\000R\000e\000p\000r\000e\000s\000e\000n\000t\000a\000t\000i\000o\000n\000\040\000C\000o\000n\000v\000e\000r\000s\000i\000o\000n\000s}{chapter.4}% 77
\BOOKMARK [1][-]{section.4.10}{\376\377\000N\000a\000m\000e\000\040\000U\000n\000i\000f\000i\000c\000a\000t\000i\000o\000n}{chapter.4}% 78
\BOOKMARK [1][-]{section.4.11}{\376\377\000T\000i\000m\000e\000/\000D\000a\000t\000e\000\040\000U\000n\000i\000f\000i\000c\000a\000t\000i\000o\000n}{chapter.4}% 79
\BOOKMARK [1][-]{section.4.12}{\376\377\000F\000i\000n\000a\000n\000c\000i\000a\000l\000\040\000U\000n\000i\000f\000i\000c\000a\000t\000i\000o\000n}{chapter.4}% 80
\BOOKMARK [2][-]{subsection.4.12.1}{\376\377\000D\000e\000a\000l\000i\000n\000g\000\040\000w\000i\000t\000h\000\040\000M\000i\000s\000s\000i\000n\000g\000\040\000V\000a\000l\000u\000e\000s}{section.4.12}% 81
\BOOKMARK [2][-]{subsection.4.12.2}{\376\377\000O\000u\000t\000l\000i\000e\000r\000\040\000D\000e\000t\000e\000c\000t\000i\000o\000n}{section.4.12}% 82
\BOOKMARK [1][-]{section.4.13}{\376\377\000W\000a\000r\000\040\000S\000t\000o\000r\000y\000:\000\040\000B\000e\000a\000t\000i\000n\000g\000\040\000t\000h\000e\000\040\000M\000a\000r\000k\000e\000t}{chapter.4}% 83
\BOOKMARK [1][-]{section.4.14}{\376\377\000C\000r\000o\000w\000d\000s\000o\000u\000r\000c\000i\000n\000g}{chapter.4}% 84
\BOOKMARK [2][-]{subsection.4.14.1}{\376\377\000T\000h\000e\000\040\000P\000e\000n\000n\000y\000\040\000D\000e\000m\000o}{section.4.14}% 85
\BOOKMARK [2][-]{subsection.4.14.2}{\376\377\000W\000h\000e\000n\000\040\000i\000s\000\040\000t\000h\000e\000\040\000C\000r\000o\000w\000d\000\040\000W\000i\000s\000e\000?}{section.4.14}% 86
\BOOKMARK [2][-]{subsection.4.14.3}{\376\377\000M\000e\000c\000h\000a\000n\000i\000s\000m\000s\000\040\000f\000o\000r\000\040\000A\000g\000g\000r\000e\000g\000a\000t\000i\000o\000n}{section.4.14}% 87
\BOOKMARK [2][-]{subsection.4.14.4}{\376\377\000C\000r\000o\000w\000d\000s\000o\000u\000r\000c\000i\000n\000g\000\040\000S\000e\000r\000v\000i\000c\000e\000s}{section.4.14}% 88
\BOOKMARK [2][-]{subsection.4.14.5}{\376\377\000G\000a\000m\000i\000f\000i\000c\000a\000t\000i\000o\000n}{section.4.14}% 89
\BOOKMARK [1][-]{section.4.15}{\376\377\000C\000h\000a\000p\000t\000e\000r\000\040\000N\000o\000t\000e\000s}{chapter.4}% 90
\BOOKMARK [1][-]{section.4.16}{\376\377\000D\000a\000t\000a\000\040\000S\000o\000u\000r\000c\000e\000s}{chapter.4}% 91
\BOOKMARK [1][-]{section.4.17}{\376\377\000I\000m\000p\000l\000e\000m\000e\000n\000t\000a\000t\000i\000o\000n\000\040\000P\000r\000o\000j\000e\000c\000t\000s}{chapter.4}% 92
\BOOKMARK [1][-]{section.4.18}{\376\377\000I\000n\000t\000e\000r\000v\000i\000e\000w\000\040\000Q\000u\000e\000s\000t\000i\000o\000n\000s}{chapter.4}% 93
\BOOKMARK [2][-]{subsection.4.18.1}{\376\