\BOOKMARK [1][-]{section.0.1}{\376\377\000t\000o\000\040\000A\000s\000s\000e\000m\000b\000l\000y}{}% 1
\BOOKMARK [1][-]{section.0.2}{\376\377\000A\000\040\000C\000o\000n\000c\000i\000s\000e\000\040\000I\000n\000t\000r\000o\000d\000u\000c\000t\000i\000o\000n}{}% 2
\BOOKMARK [1][-]{section.0.3}{\376\377\000A\000d\000v\000i\000s\000o\000r\000y\000\040\000E\000d\000i\000t\000o\000r\000s}{}% 3
\BOOKMARK [1][-]{section.0.4}{\376\377\000G\000u\000i\000d\000e\000\040\000t\000o\000\040\000A\000s\000s\000e\000m\000b\000l\000y\000\040\000L\000a\000n\000g\000u\000a\000g\000e\000\040}{}% 4
\BOOKMARK [1][-]{section.0.5}{\376\377\000P\000u\000r\000p\000o\000s\000e}{}% 5
\BOOKMARK [1][-]{section.0.6}{\376\377\000N\000e\000e\000d}{}% 6
\BOOKMARK [1][-]{section.0.7}{\376\377\000I\000m\000p\000o\000r\000t\000a\000n\000c\000e\000\040\000o\000f\000\040\000A\000s\000s\000e\000m\000b\000l\000y\000\040\000L\000a\000n\000g\000u\000a\000g\000e}{}% 7
\BOOKMARK [1][-]{section.0.8}{\376\377\000C\000o\000m\000p\000a\000r\000i\000s\000o\000n\000\040\000t\000o\000\040\000C\000o\000m\000p\000u\000t\000e\000r\000\040\000O\000r\000g\000a\000n\000i\000z\000a\000t\000i\000o\000n\000\040\000a\000n\000d\000\040\000O\000t\000h\000e\000r\000\040\000A\000s\000s\000e\000m\000b\000l\000y\000\040\000L\000a\000n\000g\000u\000a\000g\000e\000\040\000T\000e\000x\000t\000b\000o\000o\000k\000s}{}% 8
\BOOKMARK [1][-]{section.0.9}{\376\377\000F\000e\000a\000t\000u\000r\000e\000s\000\040\000o\000f\000\040\000T\000h\000i\000s\000\040\000T\000e\000x\000t}{}% 9
\BOOKMARK [1][-]{section.0.10}{\376\377\000F\000e\000a\000t\000u\000r\000e\000s\000\040\000N\000e\000w\000\040\000t\000o\000\040\000t\000h\000e\000\040\000S\000e\000c\000o\000n\000d\000\040\000E\000d\000i\000t\000i\000o\000n}{}% 10
\BOOKMARK [1][-]{section.0.11}{\376\377\000B\000r\000i\000e\000f\000\040\000O\000v\000e\000r\000v\000i\000e\000w\000\040\000o\000f\000\040\000t\000h\000e\000\040\000C\000h\000a\000p\000t\000e\000r\000s\000\040\000a\000n\000d\000\040\000A\000p\000p\000e\000n\000d\000i\000c\000e\000s}{}% 11
\BOOKMARK [1][-]{section.0.12}{\376\377\000S\000c\000o\000p\000e}{}% 12
\BOOKMARK [1][-]{section.0.13}{\376\377\000A\000u\000d\000i\000e\000n\000c\000e}{}% 13
\BOOKMARK [1][-]{section.0.14}{\376\377\000A\000c\000k\000n\000o\000w\000l\000e\000d\000g\000e\000m\000e\000n\000t\000s}{}% 14
\BOOKMARK [1][-]{section.0.15}{\376\377\000F\000e\000e\000d\000b\000a\000c\000k}{}% 15
\BOOKMARK [1][-]{section.0.16}{\376\377\000C\000o\000n\000t\000e\000n\000t\000s}{}% 16
\BOOKMARK [2][-]{subsection.0.16.1}{\376\377\000I\000n\000t\000r\000o\000d\000u\000c\000t\000i\000o\000n}{section.0.16}% 17
\BOOKMARK [2][-]{subsection.0.16.2}{\376\377\000T\000h\000e\000\040\000F\000i\000r\000s\000t\000\040\000P\000r\000o\000g\000r\000a\000m}{section.0.16}% 18
\BOOKMARK [2][-]{subsection.0.16.3}{\376\377\000V\000a\000r\000i\000a\000b\000l\000e\000\040\000D\000e\000c\000l\000a\000r\000a\000t\000i\000o\000n}{section.0.16}% 19
\BOOKMARK [2][-]{subsection.0.16.4}{\376\377\000I\000m\000m\000e\000d\000i\000a\000t\000e\000\040\000D\000a\000t\000a}{section.0.16}% 20
\BOOKMARK [2][-]{subsection.0.16.5}{\376\377\000R\000e\000g\000i\000s\000t\000e\000r\000s}{section.0.16}% 21
\BOOKMARK [2][-]{subsection.0.16.6}{\376\377\000D\000a\000t\000a\000\040\000M\000o\000v\000e\000m\000e\000n\000t}{section.0.16}% 22
\BOOKMARK [2][-]{subsection.0.16.7}{\376\377\000C\000h\000a\000r\000a\000c\000t\000e\000r\000\040\000D\000a\000t\000a}{section.0.16}% 23
\BOOKMARK [2][-]{subsection.0.16.8}{\376\377\000E\000r\000r\000o\000r\000s}{section.0.16}% 24
\BOOKMARK [2][-]{subsection.0.16.9}{\376\377\000C\000o\000m\000p\000l\000e\000t\000e\000\040\000P\000r\000o\000g\000r\000a\000m\000:\000\040\000I\000m\000p\000l\000e\000m\000e\000n\000t\000i\000n\000g\000\040\000I\000n\000l\000i\000n\000e\000\040\000A\000s\000s\000e\000m\000b\000l\000y\000\040\000i\000n\000\040\000C}{section.0.16}% 25
\BOOKMARK [2][-]{subsection.0.16.10}{\376\377\000S\000u\000m\000m\000a\000r\000y}{section.0.16}% 26
\BOOKMARK [2][-]{subsection.0.16.11}{\376\377\000E\000x\000e\000r\000c\000i\000s\000e\000s\000\040\000\050\000I\000t\000e\000m\000s\000\040\000M\000a\000r\000k\000e\000d\000\040\000w\000i\000t\000h\000\040\000a\000n\000\040\000*\000\040\000H\000a\000v\000e\000\040\000S\000o\000l\000u\000t\000i\000o\000n\000s\000\040\000i\000n\000\040\000A\000p\000p\000e\000n\000d\000i\000x\000\040\000D\000\051}{section.0.16}% 27
\BOOKMARK [2][-]{subsection.0.16.12}{\376\377\000I\000n\000t\000r\000o\000d\000u\000c\000t\000i\000o\000n}{section.0.16}% 28
\BOOKMARK [2][-]{subsection.0.16.13}{\376\377\000H\000e\000l\000l\000o\000\040\000W\000o\000r\000l\000d}{section.0.16}% 29
\BOOKMARK [2][-]{subsection.0.16.14}{\376\377\000I\000n\000t\000e\000g\000e\000r\000\040\000O\000u\000t\000p\000u\000t}{section.0.16}% 30
\BOOKMARK [2][-]{subsection.0.16.15}{\376\377\000I\000n\000t\000e\000g\000e\000r\000\040\000I\000n\000p\000u\000t}{section.0.16}% 31
\BOOKMARK [2][-]{subsection.0.16.16}{\376\377\000C\000o\000m\000p\000l\000e\000t\000e\000\040\000P\000r\000o\000g\000r\000a\000m\000:\000\040\000U\000s\000i\000n\000g\000\040\000I\000n\000p\000u\000t\000,\000\040\000D\000a\000t\000a\000\040\000T\000r\000a\000n\000s\000f\000e\000r\000,\000\040\000a\000n\000d\000\040\000O\000u\000t\000p\000u\000t}{section.0.16}% 32
\BOOKMARK [2][-]{subsection.0.16.17}{\376\377\000S\000u\000m\000m\000a\000r\000y}{section.0.16}% 33
\BOOKMARK [2][-]{subsection.0.16.18}{\376\377\000E\000x\000e\000r\000c\000i\000s\000e\000s\000\040\000\050\000I\000t\000e\000m\000s\000\040\000M\000a\000r\000k\000e\000d\000\040\000w\000i\000t\000h\000\040\000a\000n\000\040\000*\000\040\000H\000a\000v\000e\000\040\000S\000o\000l\000u\000t\000i\000o\000n\000s\000\040\000i\000n\000\040\000A\000p\000p\000e\000n\000d\000i\000x\000\040\000D\000\051}{section.0.16}% 34
\BOOKMARK [1][-]{section.0.17}{\376\377\000I\000n\000p\000u\000t\000\040\000a\000n\000d\000\040\000O\000u\000t\000p\000u\000t}{}% 35
\BOOKMARK [2][-]{subsection.0.17.1}{\376\377\000A\000d\000d\000i\000t\000i\000o\000n\000\040\000a\000n\000d\000\040\000S\000u\000b\000t\000r\000a\000c\000t\000i\000o\000n}{section.0.17}% 36
\BOOKMARK [2][-]{subsection.0.17.2}{\376\377\000M\000u\000l\000t\000i\000p\000l\000i\000c\000a\000t\000i\000o\000n\000\040\000a\000n\000d\000\040\000D\000i\000v\000i\000s\000i\000o\000n}{section.0.17}% 37
\BOOKMARK [2][-]{subsection.0.17.3}{\376\377\000I\000m\000p\000l\000e\000m\000e\000n\000t\000i\000n\000g\000\040\000U\000n\000a\000r\000y\000\040\000O\000p\000e\000r\000a\000t\000o\000r\000s\000:\000\040\000I\000n\000c\000r\000e\000m\000e\000n\000t\000,\000\040\000D\000e\000c\000r\000e\000m\000e\000n\000t\000,\000\040\000a\000n\000d\000\040\000N\000e\000g\000a\000t\000i\000o\000n}{section.0.17}% 38
\BOOKMARK [2][-]{subsection.0.17.4}{\376\377\000O\000r\000d\000e\000r\000\040\000o\000f\000\040\000O\000p\000e\000r\000a\000t\000i\000o\000n\000s\000\040\000w\000i\000t\000h\000\040\000B\000i\000n\000a\000r\000y\000\040\000a\000n\000d\000\040\000U\000n\000a\000r\000y\000\040\000O\000p\000e\000r\000a\000t\000o\000r\000s}{section.0.17}% 39
\BOOKMARK [2][-]{subsection.0.17.5}{\376\377\000C\000o\000m\000p\000l\000e\000t\000e\000\040\000P\000r\000o\000g\000r\000a\000m\000:\000\040\000I\000m\000p\000l\000e\000m\000e\000n\000t\000i\000n\000g\000\040\000I\000/\000O\000\040\000a\000n\000d\000\040\000A\000r\000i\000t\000h\000m\000e\000t\000i\000c}{section.0.17}% 40
\BOOKMARK [2][-]{subsection.0.17.6}{\376\377\000S\000u\000m\000m\000a\000r\000y}{section.0.17}% 41
\BOOKMARK [2][-]{subsection.0.17.7}{\376\377\000E\000x\000e\000r\000c\000i\000s\000e\000s\000\040\000\050\000I\000t\000e\000m\000s\000\040\000M\000a\000r\000k\000e\000d\000\040\000w\000i\000t\000h\000\040\000a\000n\000\040\000*\000\040\000H\000a\000v\000e\000\040\000S\000o\000l\000u\000t\000i\000o\000n\000s\000\040\000i\000n\000\040\000A\000p\000p\000e\000n\000d\000i\000x\000\040\000D\000\051}{section.0.17}% 42
\BOOKMARK [1][-]{section.0.18}{\376\377\000I\000n\000p\000u\000t\000\040\000a\000n\000d\000\040\000O\000u\000t\000p\000u\000t}{}% 43
\BOOKMARK [2][-]{subsection.0.18.1}{\376\377\000I\000n\000t\000r\000o\000d\000u\000c\000t\000i\000o\000n}{section.0.18}% 44
\BOOKMARK [2][-]{subsection.0.18.2}{\376\377\000I\000f\000-\000T\000h\000e\000n\000\040\000S\000t\000r\000u\000c\000t\000u\000r\000e}{section.0.18}% 45
\BOOKMARK [2][-]{subsection.0.18.3}{\376\377\000I\000f\000-\000T\000h\000e\000n\000-\000E\000l\000s\000e\000\040\000S\000t\000r\000u\000c\000t\000u\000r\000e}{section.0.18}% 46
\BOOKMARK [2][-]{subsection.0.18.4}{\376\377\000N\000e\000s\000t\000e\000d\000\040\000I\000f\000\040\000S\000t\000r\000u\000c\000t\000u\000r\000e\000s}{section.0.18}% 47
\BOOKMARK [2][-]{subsection.0.18.5}{\376\377\000C\000a\000s\000e\000\040\000S\000t\000r\000u\000c\000t\000u\000r\000e}{section.0.18}% 48
\BOOKMARK [2][-]{subsection.0.18.6}{\376\377\000C\000h\000a\000r\000a\000c\000t\000e\000r\000s\000\040\000a\000n\000d\000\040\000L\000o\000g\000i\000c\000a\000l\000\040\000O\000p\000e\000r\000a\000t\000i\000o\000n\000s}{section.0.18}% 49
\BOOKMARK [2][-]{subsection.0.18.7}{\376\377\000A\000r\000i\000t\000h\000m\000e\000t\000i\000c\000\040\000E\000x\000p\000r\000e\000s\000s\000i\000o\000n\000s\000\040\000i\000n\000\040\000H\000i\000g\000h\000-\000L\000e\000v\000e\000l\000\040\000D\000i\000r\000e\000c\000t\000i\000v\000e\000s}{section.0.18}% 50
\BOOKMARK [2][-]{subsection.0.18.8}{\376\377\000C\000o\000m\000p\000l\000e\000t\000e\000\040\000P\000r\000o\000g\000r\000a\000m\000:\000\040\000U\000s\000i\000n\000g\000\040\000S\000e\000l\000e\000c\000t\000i\000o\000n\000\040\000S\000t\000r\000u\000c\000t\000u\000r\000e\000s\000\040\000a\000n\000d\000\040\000I\000/\000O}{section.0.18}% 51
\BOOKMARK [2][-]{subsection.0.18.9}{\376\377\000S\000u\000m\000m\000a\000r\000y}{section.0.18}% 52
\BOOKMARK [2][-]{subsection.0.18.10}{\376\377\000E\000x\000e\000r\000c\000i\000s\000e\000s\000\040\000\050\000I\000t\000e\000m\000s\000\040\000M\000a\000r\000k\000e\000d\000\040\000w\000i\000t\000h\000\040\000a\000n\000\040\000*\000\040\000H\000a\000v\000e\000\040\000S\000o\000l\000u\000t\000i\000o\000n\000s\000\040\000i\000n\000\040\000A\000p\000p\000e\000n\000d\000i\000x\000\040\000D\000\051}{section.0.18}% 53
\BOOKMARK [1][-]{section.0.19}{\376\377\000I\000t\000e\000r\000a\000t\000i\000o\000n\000\040\000S\000t\000r\000u\000c\000t\000u\000r\000e\000s}{}% 54
\BOOKMARK [2][-]{subsection.0.19.1}{\376\377\000P\000r\000e\000-\000t\000e\000s\000t\000\040\000L\000o\000o\000p\000\040\000S\000t\000r\000u\000c\000t\000u\000r\000e}{section.0.19}% 55
\BOOKMARK [2][-]{subsection.0.19.2}{\376\377\000P\000o\000s\000t\000-\000t\000e\000s\000t\000\040\000L\000o\000o\000p\000\040\000S\000t\000r\000u\000c\000t\000u\000r\000e\000s}{section.0.19}% 56
\BOOKMARK [2][-]{subsection.0.19.3}{\376\377\000F\000i\000x\000e\000d\000-\000I\000t\000e\000r\000a\000t\000i\000o\000n\000\040\000L\000o\000o\000p\000\040\000S\000t\000r\000u\000c\000t\000u\000r\000e\000s}{section.0.19}% 57
\BOOKMARK [2][-]{subsection.0.19.4}{\376\377\000L\000o\000o\000p\000s\000\040\000a\000n\000d\000\040\000I\000n\000p\000u\000t\000/\000O\000u\000t\000p\000u\000t}{section.0.19}% 58
\BOOKMARK [2][-]{subsection.0.19.5}{\376\377\000N\000e\000s\000t\000e\000d\000\040\000L\000o\000o\000p\000s}{section.0.19}% 59
\BOOKMARK [2][-]{subsection.0.19.6}{\376\377\000C\000o\000m\000p\000l\000e\000t\000e\000\040\000P\000r\000o\000g\000r\000a\000m\000:\000\040\000I\000m\000p\000l\000e\000m\000e\000n\000t\000i\000n\000g\000\040\000t\000h\000e\000\040\000P\000o\000w\000e\000r\000\040\000F\000u\000n\000c\000t\000i\000o\000n}{section.0.19}% 60
\BOOKMARK [2][-]{subsection.0.19.7}{\376\377\000S\000u\000m\000m\000a\000r\000y}{section.0.19}% 61
\BOOKMARK [2][-]{subsection.0.19.8}{\376\377\000E\000x\000e\000r\000c\000i\000s\000e\000s\000\040\000\050\000I\000t\000e\000m\000s\000\040\000M\000a\000r\000k\000e\000d\000\040\000w\000i\000t\000h\000\040\000a\000n\000\040\000*\000\040\000H\000a\000v\000e\000\040\000S\000o\000l\000u\000t\000i\000o\000n\000s\000\040\000i\000n\000\040\000A\000p\000p\000e\000n\000d\000i\000x\000\040\000D\000\051}{section.0.19}% 62
\BOOKMARK [2][-]{subsection.0.19.9}{\376\377\000I\000n\000t\000r\000o\000d\000u\000c\000t\000i\000o\000n}{section.0.19}% 63
\BOOKMARK [2][-]{subsection.0.19.10}{\376\377\000L\000o\000g\000i\000c\000\040\000I\000n\000s\000t\000r\000u\000c\000t\000i\000o\000n\000s}{section.0.19}% 64
\BOOKMARK [2][-]{subsection.0.19.11}{\376\377\000L\000o\000g\000i\000c\000a\000l\000\040\000S\000h\000i\000f\000t\000\040\000I\000n\000s\000t\000r\000u\000c\000t\000i\000o\000n\000s}{section.0.19}% 65
\BOOKMARK [2][-]{subsection.0.19.12}{\376\377\000A\000r\000i\000t\000h\000m\000e\000t\000i\000c\000\040\000S\000h\000i\000f\000t\000\040\000I\000n\000s\000t\000r\000u\000c\000t\000i\000o\000n\000s}{section.0.19}% 66
\BOOKMARK [2][-]{subsection.0.19.13}{\376\377\000R\000o\000t\000a\000t\000e\000\040\000I\000n\000s\000t\000r\000u\000c\000t\000i\000o\000n\000s}{section.0.19}% 67
\BOOKMARK [2][-]{subsection.0.19.14}{\376\377\000S\000t\000a\000c\000k\000\040\000O\000p\000e\000r\000a\000t\000i\000o\000n\000s}{section.0.19}% 68
\BOOKMARK [2][-]{subsection.0.19.15}{\376\377\000S\000w\000a\000p\000p\000i\000n\000g\000\040\000U\000s\000i\000n\000g\000\040\000R\000e\000g\000i\000s\000t\000e\000r\000s\000,\000\040\000t\000h\000e\000\040\000S\000t\000a\000c\000k\000,\000\040\000a\000n\000d\000\040\000t\000h\000e\000\040\000x\000c\000h\000g\000\040\000I\000n\000s\000t\000r\000u\000c\000t\000i\000o\000n}{section.0.19}% 69
\BOOKMARK [2][-]{subsection.0.19.16}{\376\377\000C\000o\000m\000p\000l\000e\000t\000e\000\040\000P\000r\000o\000g\000r\000a\000m\000:\000\040\000S\000i\000m\000u\000l\000a\000t\000i\000n\000g\000\040\000a\000n\000\040\000O\000C\000R\000\040\000M\000a\000c\000h\000i\000n\000e}{section.0.19}% 70
\BOOKMARK [1][-]{section.0.20}{\376\377\000S\000a\000m\000p\000l\000e\000\040\000I\000n\000p\000u\000t\000/\000O\000u\000t\000p\000u\000t}{}% 71
\BOOKMARK [2][-]{subsection.0.20.1}{\376\377\000S\000u\000m\000m\000a\000r\000y}{section.0.20}% 72
\BOOKMARK [2][-]{subsection.0.20.2}{\376\377\000E\000x\000e\000r\000c\000i\000s\000e\000s\000\040\000\050\000I\000t\000e\000m\000s\000\040\000M\000a\000r\000k\000e\000d\000\040\000w\000i\000t\000h\000\040\000a\000n\000\040\000*\000\040\000H\000a\000v\000e\000\040\000S\000o\000l\000u\000t\000i\000o\000n\000s\000\040\000i\000n\000\040\000A\000p\000p\000e\000n\000d\000i\000x\000\040\000D\000\051}{section.0.20}% 73
\BOOKMARK [1][-]{section.0.21}{\376\377\000B\000i\000t\000\040\000M\000e\000s\000s\000a\000g\000e}{}% 74
\BOOKMARK [1][-]{section.0.22}{\376\377\000P\000r\000o\000c\000e\000d\000u\000r\000e\000s\000\040\000a\000n\000d\000\040\000M\000a\000c\000r\000o\000s}{}% 75
\BOOKMARK [2][-]{subsection.0.22.1}{\376\377\000P\000r\000o\000c\000e\000d\000u\000r\000e\000s}{section.0.22}% 76
\BOOKMARK [1][-]{section.0.23}{\376\377\000c\000a\000l\000l\000\040\000p\000n\000a\000m\000e}{}% 77
\BOOKMARK [2][-]{subsection.0.23.1}{\376\377\000C\000o\000m\000p\000l\000e\000t\000e\000\040\000P\000r\000o\000g\000r\000a\000m\000:\000\040\000I\000m\000p\000l\000e\000m\000e\000n\000t\000i\000n\000g\000\040\000t\000h\000e\000\040\000P\000o\000w\000e\000r\000\040\000F\000u\000n\000c\000t\000i\000o\000n\000\040\000i\000n\000\040\000a\000\040\000P\000r\000o\000c\000e\000d\000u\000r\000e}{section.0.23}% 78
\BOOKMARK [2][-]{subsection.0.23.2}{\376\377\000S\000a\000v\000i\000n\000g\000\040\000a\000n\000d\000\040\000R\000e\000s\000t\000o\000r\000i\000n\000g\000\040\000R\000e\000g\000i\000s\000t\000e\000r\000s}{section.0.23}% 79
\BOOKMARK [2][-]{subsection.0.23.3}{\376\377\000M\000a\000c\000r\000o\000s}{section.0.23}% 80
\BOOKMARK [2][-]{subsection.0.23.4}{\376\377\000C\000o\000n\000d\000i\000t\000i\000o\000n\000a\000l\000\040\000A\000s\000s\000e\000m\000b\000l\000y}{section.0.23}% 81
\BOOKMARK [2][-]{subsection.0.23.5}{\376\377\000S\000w\000a\000p\000\040\000M\000a\000c\000r\000o\000\040\000R\000e\000v\000i\000s\000i\000t\000e\000d\000\040\000U\000s\000i\000n\000g\000\040\000C\000o\000n\000d\000i\000t\000i\000o\000n\000a\000l\000\040\000A\000s\000s\000e\000m\000b\000l\000y}{section.0.23}% 82
\BOOKMARK [2][-]{subsection.0.23.6}{\376\377\000P\000o\000w\000e\000r\000\040\000F\000u\000n\000c\000t\000i\000o\000n\000\040\000M\000a\000c\000r\000o\000\040\000U\000s\000i\000n\000g\000\040\000C\000o\000n\000d\000i\000t\000i\000o\000n\000a\000l\000\040\000A\000s\000s\000e\000m\000b\000l\000y}{section.0.23}% 83
\BOOKMARK [2][-]{subsection.0.23.7}{\376\377\000C\000o\000m\000p\000l\000e\000t\000e\000\040\000P\000r\000o\000g\000r\000a\000m\000:\000\040\000I\000m\000p\000l\000e\000m\000e\000n\000t\000i\000n\000g\000\040\000a\000\040\000M\000a\000c\000r\000o\000\040\000C\000a\000l\000c\000u\000l\000a\000t\000o\000r}{section.0.23}% 84
\BOOKMARK [2][-]{subsection.0.23.8}{\376\377\000S\000u\000m\000m\000a\000r\000y}{section.0.23}% 85
\BOOKMARK [2][-]{subsection.0.23.9}{\376\377\000E\000x\000e\000r\000c\000i\000s\000e\000s\000\040\000\050\000I\000t\000e\000m\000s\000\040\000M\000a\000r\000k\000e\000d\000\040\000w\000i\000t\000h\000\040\000a\000n\000\040\000*\000\040\000H\000a\000v\000e\000\040\000S\000o\000l\000u\000t\000i\000o\000n\000s\000\040\000i\000n\000\040\000A\000p\000p\000e\000n\000d\000i\000x\000\040\000D\000\051}{section.0.23}% 86
\BOOKMARK [1][-]{section.0.24}{\376\377\000A\000r\000r\000a\000y\000s}{}% 87
\BOOKMARK [2][-]{subsection.0.24.1}{\376\377\000A\000r\000r\000a\000y\000\040\000D\000e\000c\000l\000a\000r\000a\000t\000i\000o\000n\000\040\000a\000n\000d\000\040\000A\000d\000d\000r\000e\000s\000s\000i\000n\000g}{section.0.24}% 88
\BOOKMARK [2][-]{subsection.0.24.2}{\376\377\000I\000n\000d\000e\000x\000i\000n\000g\000\040\000U\000s\000i\000n\000g\000\040\000t\000h\000e\000\040\000B\000a\000s\000e\000\040\000R\000e\000g\000i\000s\000t\000e\000r}{section.0.24}% 89
\BOOKMARK [2][-]{subsection.0.24.3}{\376\377\000S\000e\000a\000r\000c\000h\000i\000n\000g}{section.0.24}% 90
\BOOKMARK [2][-]{subsection.0.24.4}{\376\377\000I\000n\000d\000e\000x\000i\000n\000g\000\040\000U\000s\000i\000n\000g\000\040\000t\000h\000e\000\040\000e\000s\000i\000\040\000a\000n\000d\000\040\000e\000d\000i\000\040\000R\000e\000g\000i\000s\000t\000e\000r\000s}{section.0.24}% 91
\BOOKMARK [2][-]{subsection.0.24.5}{\376\377\000L\000e\000n\000g\000t\000h\000o\000f\000\040\000a\000n\000d\000\040\000S\000i\000z\000e\000o\000f\000\040\000O\000p\000e\000r\000a\000t\000o\000r\000s}{section.0.24}% 92
\BOOKMARK [2][-]{subsection.0.24.6}{\376\377\000C\000o\000m\000p\000l\000e\000t\000e\000\040\000P\000r\000o\000g\000r\000a\000m\000:\000\040\000I\000m\000p\000l\000e\000m\000e\000n\000t\000i\000n\000g\000\040\000a\000\040\000Q\000u\000e\000u\000e}{section.0.24}% 93
\BOOKMARK [2][-]{subsection.0.24.7}{\376\377\000C\000o\000m\000p\000l\000e\000t\000e\000\040\000P\000r\000o\000g\000r\000a\000m\000:\000\040\000I\000m\000p\000l\000e\000m\000e\000n\000t\000i\000n\000g\000\040\000t\000h\000e\000\040\000S\000e\000l\000e\000c\000t\000i\000o\000n\000\040\000S\000o\000r\000t}{section.0.24}% 94
\BOOKMARK [2][-]{subsection.0.24.8}{\376\377\000S\000u\000m\000m\000a\000r\000y}{section.0.24}% 95
\BOOKMARK [2][-]{subsection.0.24.9}{\376\377\000E\000x\000e\000r\000c\000i\000s\000e\000s\000\040\000\050\000I\000t\000e\000m\000s\000\040\000M\000a\000r\000k\000e\000d\000\040\000w\000i\000t\000h\000\040\000a\000n\000\040\000*\000\040\000H\000a\000v\000e\000\040\000S\000o\000l\000u\000t\000i\000o\000n\000s\000\040\000i\000n\000\040\000A\000p\000p\000e\000n\000d\000i\000x\000\040\000D\000\051}{section.0.24}% 96
\BOOKMARK [2][-]{subsection.0.24.10}{\376\377\000I\000n\000t\000r\000o\000d\000u\000c\000t\000i\000o\000n}{section.0.24}% 97
\BOOKMARK [2][-]{subsection.0.24.11}{\376\377\000S\000t\000r\000i\000n\000g\000\040\000I\000n\000s\000t\000r\000u\000c\000t\000i\000o\000n\000s\000:\000\040\000M\000o\000v\000i\000n\000g\000\040\000S\000t\000r\000i\000n\000g\000s\000\040\000\050\000m\000o\000v\000s\000b\000\051}{section.0.24}% 98
\BOOKMARK [2][-]{subsection.0.24.12}{\376\377\000S\000t\000r\000i\000n\000g\000\040\000I\000n\000s\000t\000r\000u\000c\000t\000i\000o\000n\000s\000:\000\040\000S\000c\000a\000n\000n\000i\000n\000g\000\040\000\050\000s\000c\000a\000s\000b\000\051\000,\000\040\000S\000t\000o\000r\000i\000n\000g\000\040\000\050\000s\000t\000o\000s\000b\000\051\000,\000\040\000a\000n\000d\000\040\000L\000o\000a\000d\000i\000n\000g\000\040\000\050\000l\000o\000d\000s\000b\000\051}{section.0.24}% 99
\BOOKMARK [2][-]{subsection.0.24.13}{\376\377\000A\000r\000r\000a\000y\000\040\000o\000f\000\040\000S\000t\000r\000i\000n\000g\000s}{section.0.24}% 100
\BOOKMARK [1][-]{section.0.25}{\376\377\000n\000a\000m\000e\000s\0001}{}% 101
\BOOKMARK [2][-]{subsection.0.25.1}{\376\377\000S\000t\000r\000i\000n\000g\000\040\000I\000n\000s\000t\000r\000u\000c\000t\000i\000o\000n\000s\000:\000\040\000C\000o\000m\000p\000a\000r\000i\000n\000g\000\040\000S\000t\000r\000i\000n\000g\000s\000\040\000\050\000c\000m\000p\000s\000b\000\051}{section.0.25}% 102
\BOOKMARK [2][-]{subsection.0.25.2}{\376\377\000C\000o\000m\000p\000l\000e\000t\000e\000\040\000P\000r\000o\000g\000r\000a\000m\000:\000\040\000S\000e\000a\000r\000c\000h\000i\000n\000g\000\040\000a\000n\000\040\000A\000r\000r\000a\000y\000\040\000o\000f\000\040\000S\000t\000r\000i\000n\000g\000s}{section.0.25}% 103
\BOOKMARK [2][-]{subsection.0.25.3}{\376\377\000S\000u\000m\000m\000a\000r\000y}{section.0.25}% 104
\BOOKMARK [2][-]{subsection.0.25.4}{\376\377\000E\000x\000e\000r\000c\000i\000s\000e\000s\000\040\000\050\000I\000t\000e\000m\000s\000\040\000M\000a\000r\000k\000e\000d\000\040\000w\000i\000t\000h\000\040\000a\000n\000\040\000*\000\040\000H\000a\000v\000e\000\040\000S\000o\000l\000u\000t\000i\000o\000n\000s\000\040\000i\000n\000\040\000A\000p\000p\000e\000n\000d\000i\000x\000\040\000D\000\051}{section.0.25}% 105
\BOOKMARK [1][-]{section.0.26}{\376\377\000F\000l\000o\000a\000t\000i\000n\000g\000-\000P\000o\000i\000n\000t\000\040\000I\000n\000s\000t\000r\000u\000c\000t\000i\000o\000n\000s}{}% 106
\BOOKMARK [2][-]{subsection.0.26.1}{\376\377\000M\000e\000m\000o\000r\000y\000\040\000S\000t\000o\000r\000a\000g\000e}{section.0.26}% 107
\BOOKMARK [2][-]{subsection.0.26.2}{\376\377\000F\000l\000o\000a\000t\000i\000n\000g\000-\000P\000o\000i\000n\000t\000\040\000R\000e\000g\000i\000s\000t\000e\000r\000\040\000S\000t\000a\000c\000k}{section.0.26}% 108
\BOOKMARK [2][-]{subsection.0.26.3}{\376\377\000P\000u\000s\000h\000i\000n\000g\000\040\000a\000n\000d\000\040\000P\000o\000p\000p\000i\000n\000g}{section.0.26}% 109
\BOOKMARK [2][-]{subsection.0.26.4}{\376\377\000S\000i\000m\000p\000l\000e\000\040\000A\000r\000i\000t\000h\000m\000e\000t\000i\000c\000\040\000E\000x\000p\000r\000e\000s\000s\000i\000o\000n\000s}{section.0.26}% 110
\BOOKMARK [2][-]{subsection.0.26.5}{\376\377\000C\000o\000m\000p\000l\000e\000x\000\040\000A\000r\000i\000t\000h\000m\000e\000t\000i\000c\000\040\000E\000x\000p\000r\000e\000s\000s\000i\000o\000n\000s}{section.0.26}% 111
\BOOKMARK [2][-]{subsection.0.26.6}{\376\377\000M\000i\000x\000i\000n\000g\000\040\000F\000l\000o\000a\000t\000i\000n\000g\000-\000P\000o\000i\000n\000t\000\040\000a\000n\000d\000\040\000I\000n\000t\000e\000g\000e\000r\000s}{section.0.26}% 112
\BOOKMARK [2][-]{subsection.0.26.7}{\376\377\000I\000n\000p\000u\000t\000/\000O\000u\000t\000p\000u\000t}{section.0.26}% 113
\BOOKMARK [2][-]{subsection.0.26.8}{\376\377\000f\000l\000o\000a\000t\000\040\000a\000n\000d\000\040\000r\000e\000a\000l\0004}{section.0.26}% 114
\BOOKMARK [2][-]{subsection.0.26.9}{\376\377\000d\000o\000u\000b\000l\000e\000\040\000a\000n\000d\000\040\000r\000e\000a\000l\0008}{section.0.26}% 115
\BOOKMARK [2][-]{subsection.0.26.10}{\376\377\000l\000o\000n\000g\000\040\000d\000o\000u\000b\000l\000e\000\040\000a\000n\000d\000\040\000r\000e\000a\000l\0001\0000}{section.0.26}% 116
\BOOKMARK [2][-]{subsection.0.26.11}{\376\377\000I\000n\000l\000i\000n\000e\000\040\000A\000s\000s\000e\000m\000b\000l\000y}{section.0.26}% 117
\BOOKMARK [2][-]{subsection.0.26.12}{\376\377\000C\000o\000m\000p\000a\000r\000i\000s\000o\000n\000s\000\040\000a\000n\000d\000\040\000S\000e\000l\000e\000c\000t\000i\000o\000n\000\040\000S\000t\000r\000u\000c\000t\000u\000r\000e\000s}{section.0.26}% 118
\BOOKMARK [2][-]{subsection.0.26.13}{\376\377\000C\000o\000m\000p\000l\000e\000t\000e\000\040\000P\000r\000o\000g\000r\000a\000m\000:\000\040\000I\000m\000p\000l\000e\000m\000e\000n\000t\000i\000n\000g\000\040\000a\000n\000\040\000I\000t\000e\000r\000a\000t\000i\000o\000n\000\040\000S\000t\000r\000u\000c\000t\000u\000r\000e}{section.0.26}% 119
\BOOKMARK [2][-]{subsection.0.26.14}{\376\377\000C\000o\000m\000p\000l\000e\000t\000e\000\040\000P\000r\000o\000g\000r\000a\000m\000:\000\040\000I\000m\000p\000l\000e\000m\000e\000n\000t\000i\000n\000g\000\040\000a\000n\000\040\000A\000r\000r\000a\000y}{section.0.26}% 120
\BOOKMARK [2][-]{subsection.0.26.15}{\376\377\000S\000u\000m\000m\000a\000r\000y}{section.0.26}% 121
\BOOKMARK [2][-]{subsection.0.26.16}{\376\377\000E\000x\000e\000r\000c\000i\000s\000e\000s\000\040\000\050\000I\000t\000e\000m\000s\000\040\000M\000a\000r\000k\000e\000d\000\040\000w\000i\000t\000h\000\040\000a\000n\000\040\000*\000\040\000H\000a\000v\000e\000\040\000S\000o\000l\000u\000t\000i\000o\000n\000s\000\040\000i\000n\000\040\000A\000p\000p\000e\000n\000d\000i\000x\000\040\000D\000\051}{section.0.26}% 122
\BOOKMARK [1][-]{section.0.27}{\376\377\000-\000B\000i\000t\000\040\000P\000r\000o\000c\000e\000s\000s\000i\000n\000g}{}% 123
\BOOKMARK [2][-]{subsection.0.27.1}{\376\377\000F\000o\000u\000r\000\040\000G\000e\000n\000e\000r\000a\000l\000\040\000P\000u\000r\000p\000o\000s\000e\000\040\000R\000e\000g\000i\000s\000t\000e\000r\000s}{section.0.27}% 124
\BOOKMARK [2][-]{subsection.0.27.2}{\376\377\000O\000t\000h\000e\000r\000\040\0006\0004\000-\000B\000i\000t\000\040\000R\000e\000g\000i\000s\000t\000e\000r\000s}{section.0.27}% 125
\BOOKMARK [2][-]{subsection.0.27.3}{\376\377\0006\0004\000-\000B\000i\000t\000\040\000I\000n\000t\000e\000g\000e\000r\000\040\000O\000u\000t\000p\000u\000t}{section.0.27}% 126
\BOOKMARK [2][-]{subsection.0.27.4}{\376\377\0006\0004\000-\000B\000i\000t\000\040\000I\000n\000t\000e\000g\000e\000r\000\040\000I\000n\000p\000u\000t}{section.0.27}% 127
\BOOKMARK [2][-]{subsection.0.27.5}{\376\377\000L\000o\000g\000i\000c\000\040\000a\000n\000d\000\040\000A\000r\000i\000t\000h\000m\000e\000t\000i\000c\000\040\000A\000p\000p\000l\000i\000c\000a\000t\000i\000o\000n\000s}{section.0.27}% 128
\BOOKMARK [2][-]{subsection.0.27.6}{\376\377\000S\000h\000i\000f\000t\000\040\000a\000n\000d\000\040\000R\000o\000t\000a\000t\000e}{section.0.27}% 129
\BOOKMARK [2][-]{subsection.0.27.7}{\376\377\000L\000o\000g\000i\000c}{section.0.27}% 130
\BOOKMARK [2][-]{subsection.0.27.8}{\376\377\000A\000r\000i\000t\000h\000m\000e\000t\000i\000c}{section.0.27}% 131
\BOOKMARK [2][-]{subsection.0.27.9}{\376\377\000C\000o\000n\000t\000r\000o\000l\000\040\000S\000t\000r\000u\000c\000t\000u\000r\000e\000s}{section.0.27}% 132
\BOOKMARK [2][-]{subsection.0.27.10}{\376\377\000A\000r\000r\000a\000y\000s}{section.0.27}% 133
\BOOKMARK [2][-]{subsection.0.27.11}{\376\377\000P\000r\000o\000c\000e\000d\000u\000r\000e\000s\000\040\000a\000n\000d\000\040\000M\000a\000c\000r\000o\000s}{section.0.27}% 134
\BOOKMARK [2][-]{subsection.0.27.12}{\376\377\000C\000a\000l\000l\000i\000n\000g\000\040\0006\0004\000-\000B\000i\000t\000\040\000P\000r\000o\000c\000e\000d\000u\000r\000e\000s}{section.0.27}% 135
\BOOKMARK [2][-]{subsection.0.27.13}{\376\377\000U\000s\000i\000n\000g\000\040\000a\000\040\000M\000a\000c\000r\000o\000\040\000t\000o\000\040\000C\000a\000l\000l\000\040\000p\000r\000i\000n\000t\000f}{section.0.27}% 136
\BOOKMARK [2][-]{subsection.0.27.14}{\376\377\000C\000o\000m\000p\000l\000e\000t\000e\000\040\000P\000r\000o\000g\000r\000a\000m\000:\000\040\000R\000e\000v\000e\000r\000s\000i\000n\000g\000\040\000a\000n\000\040\000A\000r\000r\000a\000y}{section.0.27}% 137
\BOOKMARK [2][-]{subsection.0.27.15}{\376\377\000S\000u\000m\000m\000a\000r\000y}{section.0.27}% 138
\BOOKMARK [2][-]{subsection.0.27.16}{\376\377\000E\000x\000e\000r\000c\000i\000s\000e\000s\000\040\000\050\000I\000t\000e\000m\000s\000\040\000M\000a\000r\000k\000e\000d\000\040\000w\000i\000t\000h\000\040\000a\000n\000\040\000*\000\040\000H\000a\000v\000e\000\040\000S\000o\000l\000u\000t\000i\000o\000n\000s\000\040\000i\000n\000\040\000A\000p\000p\000e\000n\000d\000i\000x\000\040\000D\000\051}{section.0.27}% 139
\BOOKMARK [2][-]{subsection.0.27.17}{\376\377\000I\000n\000t\000r\000o\000d\000u\000c\000t\000i\000o\000n}{section.0.27}% 140
\BOOKMARK [1][-]{section.0.28}{\376\377\000i\000n\000c\000\040\000a\000n\000d\000\040\000d\000e\000c\000\040\000I\000n\000s\000t\000r\000u\000c\000t\000i\000o\000n\000s}{}% 141
\BOOKMARK [1][-]{section.0.29}{\376\377\000m\000o\000v\000\040\000I\000n\000s\000t\000r\000u\000c\000t\000i\000o\000n}{}% 142
\BOOKMARK [1][-]{section.0.30}{\376\377\000a\000d\000d\000\040\000a\000n\000d\000\040\000s\000u\000b\000\040\000I\000n\000s\000t\000r\000u\000c\000t\000i\000o\000n\000s}{}% 143
\BOOKMARK [1][-]{section.0.31}{\376\377\000m\000o\000v\000\040\000o\000f\000f\000s\000e\000t\000\040\000a\000n\000d\000\040\000l\000e\000a\000\040\000I\000n\000s\000t\000r\000u\000c\000t\000i\000o\000n\000s}{}% 144
\BOOKMARK [1][-]{section.0.32}{\376\377\000j\000m\000p\000\040\000I\000n\000s\000t\000r\000u\000c\000t\000i\000o\000n\000s}{}% 145
\BOOKMARK [2][-]{subsection.0.32.1}{\376\377\000I\000n\000s\000t\000r\000u\000c\000t\000i\000o\000n\000\040\000T\000i\000m\000i\000n\000g\000s}{section.0.32}% 146
\BOOKMARK [2][-]{subsection.0.32.2}{\376\377\000F\000l\000o\000a\000t\000i\000n\000g\000-\000P\000o\000i\000n\000t\000\040\000a\000n\000d\000\040\0006\0004\000-\000B\000i\000t\000\040\000I\000n\000s\000t\000r\000u\000c\000t\000i\000o\000n\000s}{section.0.32}% 147
\BOOKMARK [2][-]{subsection.0.32.3}{\376\377\000F\000l\000o\000a\000t\000i\000n\000g\000-\000P\000o\000i\000n\000t\000\040\000I\000n\000s\000t\000r\000u\000c\000t\000i\000o\000n\000s}{section.0.32}% 148
\BOOKMARK [2][-]{subsection.0.32.4}{\376\377\0006\0004\000-\000B\000i\000t\000\040\000I\000n\000s\000t\000r\000u\000c\000t\000i\000o\000n\000s}{section.0.32}% 149
\BOOKMARK [2][-]{subsection.0.32.5}{\376\377\000M\000e\000m\000o\000r\000y\000\040\000A\000d\000d\000r\000e\000s\000s\000i\000n\000g}{section.0.32}% 150
\BOOKMARK [2][-]{subsection.0.32.6}{\376\377\000C\000o\000m\000p\000l\000e\000t\000e\000\040\000P\000r\000o\000g\000r\000a\000m\000:\000\040\0003\0002\000-\000B\000i\000t\000\040\000A\000s\000s\000e\000m\000b\000l\000y\000\040\000L\000i\000s\000t\000i\000n\000g}{section.0.32}% 151
\BOOKMARK [2][-]{subsection.0.32.7}{\376\377\000C\000o\000m\000p\000l\000e\000t\000e\000\040\000P\000r\000o\000g\000r\000a\000m\000:\000\040\000F\000l\000o\000a\000t\000i\000n\000g\000-\000P\000o\000i\000n\000t\000\040\000a\000n\000d\000\040\0006\0004\000-\000B\000i\000t\000\040\000A\000s\000s\000e\000m\000b\000l\000y\000\040\000L\000i\000s\000t\000i\000n\000g}{section.0.32}% 152
\BOOKMARK [2][-]{subsection.0.32.8}{\376\377\000S\000u\000m\000m\000a\000r\000y}{section.0.32}% 153
\BOOKMARK [2][-]{subsection.0.32.9}{\376\377\000E\000x\000e\000r\000c\000i\000s\000e\000s\000\040\000\050\000I\000t\000e\000m\000s\000\040\000M\000a\000r\000k\000e\000d\000\040\000w\000i\000t\000h\000\040\000a\000n\000\040\000*\000\040\000H\000a\000v\000e\000\040\000S\000o\000l\000u\000t\000i\000o\000n\000s\000\040\000i\000n\000\040\000A\000p\000p\000e\000n\000d\000i\000x\000\040\000D\000\051}{section.0.32}% 154
\BOOKMARK [1][-]{section.0.33}{\376\377\000A\000p\000p\000e\000n\000d\000i\000x\000\040\000A\000:\000\040\000D\000i\000r\000e\000c\000t\000i\000o\000n\000s\000\040\000f\000o\000r\000\040\000M\000A\000S\000M\000\040\000i\000n\000\040\000V\000i\000s\000u\000a\000l\000\040\000S\000t\000u\000d\000i\000o\000\040\0002\0000\0001\0009\000\040\000C\000o\000m\000m\000u\000n\000i\000t\000y\000\040\000E\000d\000i\000t\000i\000o\000n}{}% 155
\BOOKMARK [1][-]{section.0.34}{\376\377\000A\000.\000\040\0001\000\040\000C\000\040\000P\000r\000o\000g\000r\000a\000m\000s\000\040\000w\000i\000t\000h\000\040\000I\000n\000l\000i\000n\000e\000\040\000A\000s\000s\000e\000m\000b\000l\000y}{}% 156
\BOOKMARK [1][-]{section.0.35}{\376\377\000A\000.\000\040\0002\000\040\0003\0002\000-\000B\000i\000t\000\040\000I\000n\000t\000e\000g\000e\000r\000\040\000a\000n\000d\000\040\000F\000l\000o\000a\000t\000i\000n\000g\000-\000P\000o\000i\000n\000t\000\040\000M\000A\000S\000M\000\040\000P\000r\000o\000g\000r\000a\000m\000s}{}% 157
\BOOKMARK [1][-]{section.0.36}{\376\377\000A\000.\000\040\0003\000\040\0006\0004\000-\000B\000i\000t\000\040\000I\000n\000t\000e\000g\000e\000r\000\040\000M\000A\000S\000M\000\040\000P\000r\000o\000g\000r\000a\000m\000s}{}% 158
\BOOKMARK [1][-]{section.0.37}{\376\377\000A\000.\000\040\0004\000\040\000M\000A\000S\000M\000\040\000A\000s\000s\000e\000m\000b\000l\000y\000\040\000L\000i\000s\000t\000i\000n\000g\000s\000\040\000\050\000.\0001\000s\000t\000\040\000F\000i\000l\000e\000\051}{}% 159
\BOOKMARK [1][-]{section.0.38}{\376\377\000A\000p\000p\000e\000n\000d\000i\000x\000\040\000B\000:\000\040\000B\000i\000n\000a\000r\000y\000,\000\040\000H\000e\000x\000a\000d\000e\000c\000i\000m\000a\000l\000,\000\040\000L\000o\000g\000i\000c\000,\000\040\000A\000r\000i\000t\000h\000m\000e\000t\000i\000c\000,\000\040\000a\000n\000d\000\040\000D\000a\000t\000a\000\040\000R\000e\000p\000r\000e\000s\000e\000n\000t\000a\000t\000i\000o\000n}{}% 160
\BOOKMARK [1][-]{section.0.39}{\376\377\000B\000.\000\040\0001\000\040\000D\000e\000c\000i\000m\000a\000l\000\040\000a\000n\000d\000\040\000B\000i\000n\000a\000r\000y\000\040\000N\000u\000m\000b\000e\000r\000s}{}% 161
\BOOKMARK [1][-]{section.0.40}{\376\377\000B\000.\000\040\0002\000\040\000H\000e\000x\000a\000d\000e\000c\000i\000m\000a\000l\000\040\000N\000u\000m\000b\000e\000r\000s}{}% 162
\BOOKMARK [1][-]{section.0.41}{\376\377\000B\000.\000\040\0003\000\040\000O\000v\000e\000r\000v\000i\000e\000w\000\040\000o\000f\000\040\000L\000o\000g\000i\000c}{}% 163
\BOOKMARK [1][-]{section.0.42}{\376\377\000B\000.\000\040\0004\000\040\000U\000n\000s\000i\000g\000n\000e\000d\000\040\000N\000u\000m\000b\000e\000r\000s\000\040\000a\000n\000d\000\040\000A\000d\000d\000i\000t\000i\000o\000n}{}% 164
\BOOKMARK [1][-]{section.0.43}{\376\377\000B\000.\000\040\0005\000\040\000S\000i\000g\000n\000e\000d\000\040\000N\000u\000m\000b\000e\000r\000s}{}% 165
\BOOKMARK [1][-]{section.0.44}{\376\377\000B\000.\000\040\0006\000\040\000A\000d\000d\000i\000t\000i\000o\000n\000\040\000a\000n\000d\000\040\000S\000u\000b\000t\000r\000a\000c\000t\000i\000o\000n\000\040\000o\000f\000\040\000S\000i\000g\000n\000e\000d\000\040\000N\000u\000m\000b\000e\000r\000s}{}% 166
\BOOKMARK [1][-]{section.0.45}{}{}% 167
\BOOKMARK [1][-]{section.0.46}{\376\377\000B\000.\000\040\0007\000\040\000F\000l\000o\000a\000t\000i\000n\000g\000-\000P\000o\000i\000n\000t\000\040\000N\000u\000m\000b\000e\000r\000s}{}% 168
\BOOKMARK [1][-]{section.0.47}{}{}% 169
\BOOKMARK [1][-]{section.0.48}{}{}% 170
\BOOKMARK [1][-]{section.0.49}{\376\377\000B\000.\000\040\0008\000\040\000C\000h\000a\000r\000a\000c\000t\000e\000r\000s}{}% 171
\BOOKMARK [1][-]{section.0.50}{\376\377\000B\000.\000\040\0009\000\040\000H\000e\000x\000/\000A\000S\000C\000I\000I\000\040\000T\000a\000b\000l\000e}{}% 172
\BOOKMARK [1][-]{section.0.51}{\376\377\000B\000.\000\040\0001\0000\000\040\000S\000u\000m\000m\000a\000r\000y}{}% 173
\BOOKMARK [1][-]{section.0.52}{\376\377\000B\000.\000\040\0001\0001\000\040\000E\000x\000e\000r\000c\000i\000s\000e\000s\000\040\000\050\000I\000t\000e\000m\000s\000\040\000M\000a\000r\000k\000e\000d\000\040\000w\000i\000t\000h\000\040\000a\000n\000\040\000*\000\040\000H\000a\000v\000e\000\040\000S\000o\000l\000u\000t\000i\000o\000n\000s\000\040\000i\000n\000\040\000A\000p\000p\000e\000n\000d\000i\000x\000\040\000D\000\051}{}% 174
\BOOKMARK [1][-]{section.0.53}{\376\377\000A\000p\000p\000e\000n\000d\000i\000x\000\040\000C\000:\000\040\000S\000e\000l\000e\000c\000t\000e\000d\000\040\000A\000s\000s\000e\000m\000b\000l\000y\000\040\000L\000a\000n\000g\000u\000a\000g\000e\000\040\000I\000n\000s\000t\000r\000u\000c\000t\000i\000o\000n\000s}{}% 175
\BOOKMARK [1][-]{section.0.54}{\376\377\000I\000n\000s\000t\000r\000u\000c\000t\000i\000o\000n\000\040\000O\000p\000e\000r\000a\000n\000d\000s\000\040\000S\000t\000a\000t\000u\000s\000\040\000f\000l\000a\000g\000s\000\040\000a\000f\000f\000e\000c\000t\000e\000d\000\040\000i\000n\000\040\000e\000f\000l\000a\000g\000s\000\040\000r\000e\000g\000i\000s\000t\000e\000r}{}% 176
\BOOKMARK [1][-]{section.0.55}{\376\377\000c\000m\000p\000s\000b\000\040\000n\000o\000n\000e\000\040\000C\000,\000O\000,\000Z\000,\000S\000\040\000a\000r\000e\000\040\000m\000o\000d\000i\000f\000i\000e\000d}{}% 177
\BOOKMARK [1][-]{section.0.56}{\376\377\000i\000n\000c}{}% 178
\BOOKMARK [1][-]{section.0.57}{\376\377\000I\000n\000s\000t\000r\000u\000c\000t\000i\000o\000n\000:\000\040\000D\000e\000s\000c\000r\000i\000p\000t\000i\000o\000n\000:}{}% 179
\BOOKMARK [1][-]{section.0.58}{\376\377\000t\000e\000s\000t}{}% 180
\BOOKMARK [1][-]{section.0.59}{\376\377\000.\000A\000.\000\040\000C\000o\000r\000r\000e\000c\000t}{}% 181
\BOOKMARK [1][-]{section.0.60}{\376\377\000C\000h\000a\000p\000t\000e\000r\000\040\0002}{}% 182
\BOOKMARK [1][-]{section.0.61}{\376\377\000C\000h\000a\000p\000t\000e\000r\000\040\0003}{}% 183
\BOOKMARK [1][-]{section.0.62}{\376\377\000C\000h\000a\000p\000t\000e\000r\000\040\0004}{}% 184
\BOOKMARK [1][-]{section.0.63}{\376\377\000C\000h\000a\000p\000t\000e\000r\000\040\0005}{}% 185
\BOOKMARK [1][-]{section.0.64}{\376\377\000C\000h\000a\000p\000t\000e\000r\000\040\0006}{}% 186
\BOOKMARK [1][-]{section.0.65}{\376\377\000C\000h\000a\000p\000t\000e\000r\000\040\0007}{}% 187
\BOOKMARK [1][-]{section.0.66}{\376\377\000C\000h\000a\000p\000t\000e\000r\000\040\0008}{}% 188
\BOOKMARK [1][-]{section.0.67}{\376\377\000C\000h\000a\000p\000t\000e\000r\000\040\0009}{}% 189
\BOOKMARK [1][-]{section.0.68}{\376\377\000C\000h\000a\000p\000t\000e\000r\0001\0000}{}% 190
\BOOKMARK [1][-]{section.0.69}{\376\377\000C\000h\000a\000p\000t\000e\000r\0001\0001}{}% 191
\BOOKMARK [1][-]{section.0.70}{\376\377\000C\000h\000a\000p\000t\000e\000r\0001\0002}{}% 192
\BOOKMARK [1][-]{section.0.71}{\376\377\000A\000p\000p\000e\000n\000d\000i\000x\000\040\000B}{}% 193
\BOOKMARK [1][-]{section.0.72}{\376\377\000G\000l\000o\000s\000s\000a\000r\000y}{}% 194
\BOOKMARK [1][-]{section.0.73}{\376\377\000R\000e\000f\000e\000r\000e\000n\000c\000e\000s}{}% 195
\BOOKMARK [1][-]{section.0.74}{\376\377\000A}{}% 196
\BOOKMARK [1][-]{section.0.75}{\376\377\000B}{}% 197
\BOOKMARK [1][-]{section.0.76}{\376\377\000C}{}% 198
\BOOKMARK [1][-]{section.0.77}{\376\377\000D}{}% 199
\BOOKMARK [1][-]{section.0.78}{\376\377\000E}{}% 200
\BOOKMARK [1][-]{section.0.79}{\376\377\000F}{}% 201
\BOOKMARK [1][-]{section.0.80}{\376\377\000H}{}% 202
\BOOKMARK [1][-]{section.0.81}{\376\377\000I}{}% 203
\BOOKMARK [1][-]{section.0.82}{\376\377\000J}{}% 204
\BOOKMARK [1][-]{section.0.83}{\376\377\000L}{}% 205
\BOOKMARK [1][-]{section.0.84}{\376\377\000M}{}% 206
\BOOKMARK [1][-]{section.0.85}{\376\377\000N}{}% 207
\BOOKMARK [1][-]{section.0.86}{}{}% 208
\BOOKMARK [1][-]{section.0.87}{\376\377\000P}{}% 209
\BOOKMARK [1][-]{section.0.88}{\376\377\000Q}{}% 210
\BOOKMARK [1][-]{section.0.89}{\376\377\000R}{}% 211
\BOOKMARK [1][-]{section.0.90}{\376\377\000S}{}% 212
\BOOKMARK [1][-]{section.0.91}{\376\377\000T}{}% 213
\BOOKMARK [1][-]{section.0.92}{\376\377\000U}{}% 214
\BOOKMARK [1][-]{section.0.93}{\376\377\000V}{}% 215
\BOOKMARK [1][-]{section.0.94}{\376\377\000W}{}% 216
\BOOKMARK [1][-]{section.0.95}{\376\377\000X}{}% 217
\BOOKMARK [1][-]{section.0.96}{\376\377\000Z}{}% 218
