\BOOKMARK [1][-]{section.0.1}{\376\377\000P\000r\000e\000f\000a\000c\000e}{}% 1
\BOOKMARK [0][-]{chapter.1}{\376\377\000T\000o\000\040\000t\000h\000e\000\040\000I\000n\000s\000t\000r\000u\000c\000t\000o\000r}{}% 2
\BOOKMARK [0][-]{chapter.2}{\376\377\000A\000c\000k\000n\000o\000w\000l\000e\000d\000g\000m\000e\000n\000t\000s}{}% 3
\BOOKMARK [0][-]{chapter.3}{\376\377\000C\000a\000v\000e\000a\000t}{}% 4
\BOOKMARK [1][-]{section.3.1}{\376\377\000C\000o\000n\000t\000e\000n\000t\000s}{chapter.3}% 5
\BOOKMARK [0][-]{chapter.4}{\376\377\000I\000n\000t\000r\000o\000d\000u\000c\000t\000i\000o\000n\000\040\000t\000o\000\040\000A\000l\000g\000o\000r\000i\000t\000h\000m\000\040\000D\000e\000s\000i\000g\000n}{}% 6
\BOOKMARK [1][-]{section.4.1}{\376\377\000R\000o\000b\000o\000t\000\040\000T\000o\000u\000r\000\040\000O\000p\000t\000i\000m\000i\000z\000a\000t\000i\000o\000n}{chapter.4}% 7
\BOOKMARK [1][-]{section.4.2}{\376\377\000S\000e\000l\000e\000c\000t\000i\000n\000g\000\040\000t\000h\000e\000\040\000R\000i\000g\000h\000t\000\040\000J\000o\000b\000s}{chapter.4}% 8
\BOOKMARK [1][-]{section.4.3}{\376\377\000R\000e\000a\000s\000o\000n\000i\000n\000g\000\040\000a\000b\000o\000u\000t\000\040\000C\000o\000r\000r\000e\000c\000t\000n\000e\000s\000s}{chapter.4}% 9
\BOOKMARK [2][-]{subsection.4.3.1}{\376\377\000P\000r\000o\000b\000l\000e\000m\000s\000\040\000a\000n\000d\000\040\000P\000r\000o\000p\000e\000r\000t\000i\000e\000s}{section.4.3}% 10
\BOOKMARK [2][-]{subsection.4.3.2}{\376\377\000E\000x\000p\000r\000e\000s\000s\000i\000n\000g\000\040\000A\000l\000g\000o\000r\000i\000t\000h\000m\000s}{section.4.3}% 11
\BOOKMARK [2][-]{subsection.4.3.3}{\376\377\000D\000e\000m\000o\000n\000s\000t\000r\000a\000t\000i\000n\000g\000\040\000I\000n\000c\000o\000r\000r\000e\000c\000t\000n\000e\000s\000s}{section.4.3}% 12
\BOOKMARK [1][-]{section.4.4}{\376\377\000I\000n\000d\000u\000c\000t\000i\000o\000n\000\040\000a\000n\000d\000\040\000R\000e\000c\000u\000r\000s\000i\000o\000n}{chapter.4}% 13
\BOOKMARK [2][-]{subsection.4.4.1}{\376\377\000C\000o\000m\000b\000i\000n\000a\000t\000o\000r\000i\000a\000l\000\040\000O\000b\000j\000e\000c\000t\000s}{section.4.4}% 14
\BOOKMARK [2][-]{subsection.4.4.2}{\376\377\000R\000e\000c\000u\000r\000s\000i\000v\000e\000\040\000O\000b\000j\000e\000c\000t\000s}{section.4.4}% 15
\BOOKMARK [1][-]{section.4.5}{\376\377\000P\000r\000o\000o\000f\000\040\000b\000y\000\040\000C\000o\000n\000t\000r\000a\000d\000i\000c\000t\000i\000o\000n}{chapter.4}% 16
\BOOKMARK [1][-]{section.4.6}{\376\377\000A\000b\000o\000u\000t\000\040\000t\000h\000e\000\040\000W\000a\000r\000\040\000S\000t\000o\000r\000i\000e\000s}{chapter.4}% 17
\BOOKMARK [1][-]{section.4.7}{\376\377\000W\000a\000r\000\040\000S\000t\000o\000r\000y\000:\000\040\000P\000s\000y\000c\000h\000i\000c\000\040\000M\000o\000d\000e\000l\000i\000n\000g}{chapter.4}% 18
\BOOKMARK [1][-]{section.4.8}{\376\377\000E\000s\000t\000i\000m\000a\000t\000i\000o\000n}{chapter.4}% 19
\BOOKMARK [1][-]{section.4.9}{\376\377\000E\000x\000e\000r\000c\000i\000s\000e\000s}{chapter.4}% 20
\BOOKMARK [0][-]{chapter.5}{\376\377\000A\000l\000g\000o\000r\000i\000t\000h\000m\000\040\000A\000n\000a\000l\000y\000s\000i\000s}{}% 21
\BOOKMARK [1][-]{section.5.1}{\376\377\000T\000h\000e\000\040\000R\000A\000M\000\040\000M\000o\000d\000e\000l\000\040\000o\000f\000\040\000C\000o\000m\000p\000u\000t\000a\000t\000i\000o\000n}{chapter.5}% 22
\BOOKMARK [2][-]{subsection.5.1.1}{\376\377\000B\000e\000s\000t\000-\000C\000a\000s\000e\000,\000\040\000W\000o\000r\000s\000t\000-\000C\000a\000s\000e\000,\000\040\000a\000n\000d\000\040\000A\000v\000e\000r\000a\000g\000e\000-\000C\000a\000s\000e\000\040\000C\000o\000m\000p\000l\000e\000x\000i\000t\000y}{section.5.1}% 23
\BOOKMARK [1][-]{section.5.2}{\376\377\000T\000h\000e\000\040\000B\000i\000g\000\040\000O\000h\000\040\000N\000o\000t\000a\000t\000i\000o\000n}{chapter.5}% 24
\BOOKMARK [1][-]{section.5.3}{\376\377\000G\000r\000o\000w\000t\000h\000\040\000R\000a\000t\000e\000s\000\040\000a\000n\000d\000\040\000D\000o\000m\000i\000n\000a\000n\000c\000e\000\040\000R\000e\000l\000a\000t\000i\000o\000n\000s}{chapter.5}% 25
\BOOKMARK [2][-]{subsection.5.3.1}{\376\377\000D\000o\000m\000i\000n\000a\000n\000c\000e\000\040\000R\000e\000l\000a\000t\000i\000o\000n\000s}{section.5.3}% 26
\BOOKMARK [1][-]{section.5.4}{\376\377\000W\000o\000r\000k\000i\000n\000g\000\040\000w\000i\000t\000h\000\040\000t\000h\000e\000\040\000B\000i\000g\000\040\000O\000h}{chapter.5}% 27
\BOOKMARK [2][-]{subsection.5.4.1}{\376\377\000A\000d\000d\000i\000n\000g\000\040\000F\000u\000n\000c\000t\000i\000o\000n\000s}{section.5.4}% 28
\BOOKMARK [2][-]{subsection.5.4.2}{\376\377\000M\000u\000l\000t\000i\000p\000l\000y\000i\000n\000g\000\040\000F\000u\000n\000c\000t\000i\000o\000n\000s}{section.5.4}% 29
\BOOKMARK [2][-]{subsection.5.4.3}{\376\377\000S\000e\000l\000e\000c\000t\000i\000o\000n\000\040\000S\000o\000r\000t}{section.5.4}% 30
\BOOKMARK [2][-]{subsection.5.4.4}{\376\377\000I\000n\000s\000e\000r\000t\000i\000o\000n\000\040\000S\000o\000r\000t}{section.5.4}% 31
\BOOKMARK [2][-]{subsection.5.4.5}{\376\377\000S\000t\000r\000i\000n\000g\000\040\000P\000a\000t\000t\000e\000r\000n\000\040\000M\000a\000t\000c\000h\000i\000n\000g}{section.5.4}% 32
\BOOKMARK [2][-]{subsection.5.4.6}{\376\377\000M\000a\000t\000r\000i\000x\000\040\000M\000u\000l\000t\000i\000p\000l\000i\000c\000a\000t\000i\000o\000n}{section.5.4}% 33
\BOOKMARK [1][-]{section.5.5}{\376\377\000S\000u\000m\000m\000a\000t\000i\000o\000n\000s}{chapter.5}% 34
\BOOKMARK [1][-]{section.5.6}{\376\377\000L\000o\000g\000a\000r\000i\000t\000h\000m\000s\000\040\000a\000n\000d\000\040\000T\000h\000e\000i\000r\000\040\000A\000p\000p\000l\000i\000c\000a\000t\000i\000o\000n\000s}{chapter.5}% 35
\BOOKMARK [2][-]{subsection.5.6.1}{\376\377\000L\000o\000g\000a\000r\000i\000t\000h\000m\000s\000\040\000a\000n\000d\000\040\000B\000i\000n\000a\000r\000y\000\040\000S\000e\000a\000r\000c\000h}{section.5.6}% 36
\BOOKMARK [2][-]{subsection.5.6.2}{\376\377\000L\000o\000g\000a\000r\000i\000t\000h\000m\000s\000\040\000a\000n\000d\000\040\000T\000r\000e\000e\000s}{section.5.6}% 37
\BOOKMARK [2][-]{subsection.5.6.3}{\376\377\000L\000o\000g\000a\000r\000i\000t\000h\000m\000s\000\040\000a\000n\000d\000\040\000B\000i\000t\000s}{section.5.6}% 38
\BOOKMARK [2][-]{subsection.5.6.4}{\376\377\000L\000o\000g\000a\000r\000i\000t\000h\000m\000s\000\040\000a\000n\000d\000\040\000M\000u\000l\000t\000i\000p\000l\000i\000c\000a\000t\000i\000o\000n}{section.5.6}% 39
\BOOKMARK [2][-]{subsection.5.6.5}{\376\377\000F\000a\000s\000t\000\040\000E\000x\000p\000o\000n\000e\000n\000t\000i\000a\000t\000i\000o\000n}{section.5.6}% 40
\BOOKMARK [2][-]{subsection.5.6.6}{\376\377\000L\000o\000g\000a\000r\000i\000t\000h\000m\000s\000\040\000a\000n\000d\000\040\000S\000u\000m\000m\000a\000t\000i\000o\000n\000s}{section.5.6}% 41
\BOOKMARK [2][-]{subsection.5.6.7}{\376\377\000L\000o\000g\000a\000r\000i\000t\000h\000m\000s\000\040\000a\000n\000d\000\040\000C\000r\000i\000m\000i\000n\000a\000l\000\040\000J\000u\000s\000t\000i\000c\000e}{section.5.6}% 42
\BOOKMARK [1][-]{section.5.7}{\376\377\000P\000r\000o\000p\000e\000r\000t\000i\000e\000s\000\040\000o\000f\000\040\000L\000o\000g\000a\000r\000i\000t\000h\000m\000s}{chapter.5}% 43
\BOOKMARK [1][-]{section.5.8}{\376\377\000W\000a\000r\000\040\000S\000t\000o\000r\000y\000:\000\040\000M\000y\000s\000t\000e\000r\000y\000\040\000o\000f\000\040\000t\000h\000e\000\040\000P\000y\000r\000a\000m\000i\000d\000s}{chapter.5}% 44
\BOOKMARK [1][-]{section.5.9}{\376\377\000A\000d\000v\000a\000n\000c\000e\000d\000\040\000A\000n\000a\000l\000y\000s\000i\000s\000\040\000\050\000*\000\051}{chapter.5}% 45
\BOOKMARK [2][-]{subsection.5.9.1}{\376\377\000E\000s\000o\000t\000e\000r\000i\000c\000\040\000F\000u\000n\000c\000t\000i\000o\000n\000s}{section.5.9}% 46
\BOOKMARK [2][-]{subsection.5.9.2}{\376\377\000L\000i\000m\000i\000t\000s\000\040\000a\000n\000d\000\040\000D\000o\000m\000i\000n\000a\000n\000c\000e\000\040\000R\000e\000l\000a\000t\000i\000o\000n\000s}{section.5.9}% 47
\BOOKMARK [1][-]{section.5.10}{\376\377\000E\000x\000e\000r\000c\000i\000s\000e\000s}{chapter.5}% 48
\BOOKMARK [0][-]{chapter.6}{\376\377\000D\000a\000t\000a\000\040\000S\000t\000r\000u\000c\000t\000u\000r\000e\000s}{}% 49
\BOOKMARK [1][-]{section.6.1}{\376\377\000C\000o\000n\000t\000i\000g\000u\000o\000u\000s\000\040\000v\000s\000.\000\040\000L\000i\000n\000k\000e\000d\000\040\000D\000a\000t\000a\000\040\000S\000t\000r\000u\000c\000t\000u\000r\000e\000s}{chapter.6}% 50
\BOOKMARK [2][-]{subsection.6.1.1}{\376\377\000A\000r\000r\000a\000y\000s}{section.6.1}% 51
\BOOKMARK [2][-]{subsection.6.1.2}{\376\377\000C\000o\000m\000p\000a\000r\000i\000s\000o\000n}{section.6.1}% 52
\BOOKMARK [1][-]{section.6.2}{\376\377\000D\000i\000c\000t\000i\000o\000n\000a\000r\000i\000e\000s}{chapter.6}% 53
\BOOKMARK [1][-]{section.6.3}{\376\377\000B\000i\000n\000a\000r\000y\000\040\000S\000e\000a\000r\000c\000h\000\040\000T\000r\000e\000e\000s}{chapter.6}% 54
\BOOKMARK [2][-]{subsection.6.3.1}{\376\377\000I\000m\000p\000l\000e\000m\000e\000n\000t\000i\000n\000g\000\040\000B\000i\000n\000a\000r\000y\000\040\000S\000e\000a\000r\000c\000h\000\040\000T\000r\000e\000e\000s}{section.6.3}% 55
\BOOKMARK [2][-]{subsection.6.3.2}{\376\377\000H\000o\000w\000\040\000G\000o\000o\000d\000\040\000a\000r\000e\000\040\000B\000i\000n\000a\000r\000y\000\040\000S\000e\000a\000r\000c\000h\000\040\000T\000r\000e\000e\000s\000?}{section.6.3}% 56
\BOOKMARK [2][-]{subsection.6.3.3}{\376\377\000B\000a\000l\000a\000n\000c\000e\000d\000\040\000S\000e\000a\000r\000c\000h\000\040\000T\000r\000e\000e\000s}{section.6.3}% 57
\BOOKMARK [1][-]{section.6.4}{\376\377\000P\000r\000i\000o\000r\000i\000t\000y\000\040\000Q\000u\000e\000u\000e\000s}{chapter.6}% 58
\BOOKMARK [1][-]{section.6.5}{\376\377\000W\000a\000r\000\040\000S\000t\000o\000r\000y\000:\000\040\000S\000t\000r\000i\000p\000p\000i\000n\000g\000\040\000T\000r\000i\000a\000n\000g\000u\000l\000a\000t\000i\000o\000n\000s}{chapter.6}% 59
\BOOKMARK [1][-]{section.6.6}{\376\377\000H\000a\000s\000h\000i\000n\000g}{chapter.6}% 60
\BOOKMARK [2][-]{subsection.6.6.1}{\376\377\000C\000o\000l\000l\000i\000s\000i\000o\000n\000\040\000R\000e\000s\000o\000l\000u\000t\000i\000o\000n}{section.6.6}% 61
\BOOKMARK [2][-]{subsection.6.6.2}{\376\377\000D\000u\000p\000l\000i\000c\000a\000t\000e\000\040\000D\000e\000t\000e\000c\000t\000i\000o\000n\000\040\000v\000i\000a\000\040\000H\000a\000s\000h\000i\000n\000g}{section.6.6}% 62
\BOOKMARK [2][-]{subsection.6.6.3}{\376\377\000O\000t\000h\000e\000r\000\040\000H\000a\000s\000h\000i\000n\000g\000\040\000T\000r\000i\000c\000k\000s}{section.6.6}% 63
\BOOKMARK [2][-]{subsection.6.6.4}{\376\377\000C\000a\000n\000o\000n\000i\000c\000a\000l\000i\000z\000a\000t\000i\000o\000n}{section.6.6}% 64
\BOOKMARK [2][-]{subsection.6.6.5}{\376\377\000C\000o\000m\000p\000a\000c\000t\000i\000o\000n}{section.6.6}% 65
\BOOKMARK [1][-]{section.6.7}{\376\377\000S\000p\000e\000c\000i\000a\000l\000i\000z\000e\000d\000\040\000D\000a\000t\000a\000\040\000S\000t\000r\000u\000c\000t\000u\000r\000e\000s}{chapter.6}% 66
\BOOKMARK [1][-]{section.6.8}{\376\377\000W\000a\000r\000\040\000S\000t\000o\000r\000y\000:\000\040\000S\000t\000r\000i\000n\000g\000\040\000'\000e\000m\000\040\000U\000p}{chapter.6}% 67
\BOOKMARK [1][-]{section.6.9}{\376\377\000E\000x\000e\000r\000c\000i\000s\000e\000s}{chapter.6}% 68
\BOOKMARK [0][-]{chapter.7}{\376\377\000S\000o\000r\000t\000i\000n\000g}{}% 69
\BOOKMARK [1][-]{section.7.1}{\376\377\000A\000p\000p\000l\000i\000c\000a\000t\000i\000o\000n\000s\000\040\000o\000f\000\040\000S\000o\000r\000t\000i\000n\000g}{chapter.7}% 70
\BOOKMARK [1][-]{section.7.2}{\376\377\000P\000r\000a\000g\000m\000a\000t\000i\000c\000s\000\040\000o\000f\000\040\000S\000o\000r\000t\000i\000n\000g}{chapter.7}% 71
\BOOKMARK [2][-]{subsection.7.2.1}{\376\377\000H\000e\000a\000p\000s}{section.7.2}% 72
\BOOKMARK [2][-]{subsection.7.2.2}{\376\377\000C\000o\000n\000s\000t\000r\000u\000c\000t\000i\000n\000g\000\040\000H\000e\000a\000p\000s}{section.7.2}% 73
\BOOKMARK [2][-]{subsection.7.2.3}{\376\377\000E\000x\000t\000r\000a\000c\000t\000i\000n\000g\000\040\000t\000h\000e\000\040\000M\000i\000n\000i\000m\000u\000m}{section.7.2}% 74
\BOOKMARK [2][-]{subsection.7.2.4}{\376\377\000F\000a\000s\000t\000e\000r\000\040\000H\000e\000a\000p\000\040\000C\000o\000n\000s\000t\000r\000u\000c\000t\000i\000o\000n\000\040\000\050\000*\000\051}{section.7.2}% 75
\BOOKMARK [2][-]{subsection.7.2.5}{\376\377\000S\000o\000r\000t\000i\000n\000g\000\040\000b\000y\000\040\000I\000n\000c\000r\000e\000m\000e\000n\000t\000a\000l\000\040\000I\000n\000s\000e\000r\000t\000i\000o\000n}{section.7.2}% 76
\BOOKMARK [1][-]{section.7.3}{\376\377\000W\000a\000r\000\040\000S\000t\000o\000r\000y\000:\000\040\000G\000i\000v\000e\000\040\000m\000e\000\040\000a\000\040\000T\000i\000c\000k\000e\000t\000\040\000o\000n\000\040\000a\000n\000\040\000A\000i\000r\000p\000l\000a\000n\000e}{chapter.7}% 77
\BOOKMARK [1][-]{section.7.4}{\376\377\000M\000e\000r\000g\000e\000s\000o\000r\000t\000:\000\040\000S\000o\000r\000t\000i\000n\000g\000\040\000b\000y\000\040\000D\000i\000v\000i\000d\000e\000\040\000a\000n\000d\000\040\000C\000o\000n\000q\000u\000e\000r}{chapter.7}% 78
\BOOKMARK [2][-]{subsection.7.4.1}{\376\377\000I\000n\000t\000u\000i\000t\000i\000o\000n\000:\000\040\000T\000h\000e\000\040\000E\000x\000p\000e\000c\000t\000e\000d\000\040\000C\000a\000s\000e\000\040\000f\000o\000r\000\040\000Q\000u\000i\000c\000k\000s\000o\000r\000t}{section.7.4}% 79
\BOOKMARK [2][-]{subsection.7.4.2}{\376\377\000R\000a\000n\000d\000o\000m\000i\000z\000e\000d\000\040\000A\000l\000g\000o\000r\000i\000t\000h\000m\000s}{section.7.4}% 80
\BOOKMARK [2][-]{subsection.7.4.3}{\376\377\000I\000s\000\040\000Q\000u\000i\000c\000k\000s\000o\000r\000t\000\040\000R\000e\000a\000l\000l\000y\000\040\000Q\000u\000i\000c\000k\000?}{section.7.4}% 81
\BOOKMARK [1][-]{section.7.5}{\376\377\000D\000i\000s\000t\000r\000i\000b\000u\000t\000i\000o\000n\000\040\000S\000o\000r\000t\000:\000\040\000S\000o\000r\000t\000i\000n\000g\000\040\000v\000i\000a\000\040\000B\000u\000c\000k\000e\000t\000i\000n\000g}{chapter.7}% 82
\BOOKMARK [2][-]{subsection.7.5.1}{\376\377\000L\000o\000w\000e\000r\000\040\000B\000o\000u\000n\000d\000s\000\040\000f\000o\000r\000\040\000S\000o\000r\000t\000i\000n\000g}{section.7.5}% 83
\BOOKMARK [1][-]{section.7.6}{\376\377\000W\000a\000r\000\040\000S\000t\000o\000r\000y\000:\000\040\000S\000k\000i\000e\000n\000a\000\040\000f\000o\000r\000\040\000t\000h\000e\000\040\000D\000e\000f\000e\000n\000s\000e}{chapter.7}% 84
\BOOKMARK [1][-]{section.7.7}{\376\377\000E\000x\000e\000r\000c\000i\000s\000e\000s}{chapter.7}% 85
\BOOKMARK [1][-]{section.7.8}{\376\377\000S\000e\000a\000r\000c\000h\000i\000n\000g}{chapter.7}% 86
\BOOKMARK [0][-]{chapter.8}{\376\377\000D\000i\000v\000i\000d\000e\000\040\000a\000n\000d\000\040\000C\000o\000n\000q\000u\000e\000r}{}% 87
\BOOKMARK [1][-]{section.8.1}{\376\377\000B\000i\000n\000a\000r\000y\000\040\000S\000e\000a\000r\000c\000h\000\040\000a\000n\000d\000\040\000R\000e\000l\000a\000t\000e\000d\000\040\000A\000l\000g\000o\000r\000i\000t\000h\000m\000s}{chapter.8}% 88
\BOOKMARK [2][-]{subsection.8.1.1}{\376\377\000C\000o\000u\000n\000t\000i\000n\000g\000\040\000O\000c\000c\000u\000r\000r\000e\000n\000c\000e\000s}{section.8.1}% 89
\BOOKMARK [2][-]{subsection.8.1.2}{\376\377\000O\000n\000e\000-\000S\000i\000d\000e\000d\000\040\000B\000i\000n\000a\000r\000y\000\040\000S\000e\000a\000r\000c\000h}{section.8.1}% 90
\BOOKMARK [2][-]{subsection.8.1.3}{\376\377\000S\000q\000u\000a\000r\000e\000\040\000a\000n\000d\000\040\000O\000t\000h\000e\000r\000\040\000R\000o\000o\000t\000s}{section.8.1}% 91
\BOOKMARK [1][-]{section.8.2}{\376\377\000W\000a\000r\000\040\000S\000t\000o\000r\000y\000:\000\040\000F\000i\000n\000d\000i\000n\000g\000\040\000t\000h\000e\000\040\000B\000u\000g\000\040\000i\000n\000\040\000t\000h\000e\000\040\000B\000u\000g}{chapter.8}% 92
\BOOKMARK [1][-]{section.8.3}{\376\377\000R\000e\000c\000u\000r\000r\000e\000n\000c\000e\000\040\000R\000e\000l\000a\000t\000i\000o\000n\000s}{chapter.8}% 93
\BOOKMARK [2][-]{subsection.8.3.1}{\376\377\000D\000i\000v\000i\000d\000e\000-\000a\000n\000d\000-\000C\000o\000n\000q\000u\000e\000r\000\040\000R\000e\000c\000u\000r\000r\000e\000n\000c\000e\000s}{section.8.3}% 94
\BOOKMARK [1][-]{section.8.4}{\376\377\000S\000o\000l\000v\000i\000n\000g\000\040\000D\000i\000v\000i\000d\000e\000-\000a\000n\000d\000-\000C\000o\000n\000q\000u\000e\000r\000\040\000R\000e\000c\000u\000r\000r\000e\000n\000c\000e\000s}{chapter.8}% 95
\BOOKMARK [1][-]{section.8.5}{\376\377\000F\000a\000s\000t\000\040\000M\000u\000l\000t\000i\000p\000l\000i\000c\000a\000t\000i\000o\000n}{chapter.8}% 96
\BOOKMARK [1][-]{section.8.6}{\376\377\000L\000a\000r\000g\000e\000s\000t\000\040\000S\000u\000b\000r\000a\000n\000g\000e\000\040\000a\000n\000d\000\040\000C\000l\000o\000s\000e\000s\000t\000\040\000P\000a\000i\000r}{chapter.8}% 97
\BOOKMARK [1][-]{section.8.7}{\376\377\000P\000a\000r\000a\000l\000l\000e\000l\000\040\000A\000l\000g\000o\000r\000i\000t\000h\000m\000s}{chapter.8}% 98
\BOOKMARK [2][-]{subsection.8.7.1}{\376\377\000D\000a\000t\000a\000\040\000P\000a\000r\000a\000l\000l\000e\000l\000i\000s\000m}{section.8.7}% 99
\BOOKMARK [2][-]{subsection.8.7.2}{\376\377\000P\000i\000t\000f\000a\000l\000l\000s\000\040\000o\000f\000\040\000P\000a\000r\000a\000l\000l\000e\000l\000i\000s\000m}{section.8.7}% 100
\BOOKMARK [1][-]{section.8.8}{\376\377\000W\000a\000r\000\040\000S\000t\000o\000r\000y\000:\000\040\000G\000o\000i\000n\000g\000\040\000N\000o\000w\000h\000e\000r\000e\000\040\000F\000a\000s\000t}{chapter.8}% 101
\BOOKMARK [1][-]{section.8.9}{\376\377\000C\000o\000n\000v\000o\000l\000u\000t\000i\000o\000n\000\040\000\050\000*\000\051}{chapter.8}% 102
\BOOKMARK [2][-]{subsection.8.9.1}{\376\377\000A\000p\000p\000l\000i\000c\000a\000t\000i\000o\000n\000s\000\040\000o\000f\000\040\000C\000o\000n\000v\000o\000l\000u\000t\000i\000o\000n}{section.8.9}% 103
\BOOKMARK [2][-]{subsection.8.9.2}{\376\377\000F\000a\000s\000t\000\040\000P\000o\000l\000y\000n\000o\000m\000i\000a\000l\000\040\000M\000u\000l\000t\000i\000p\000l\000i\000c\000a\000t\000i\000o\000n\000\040\000\050\000*\000*\000\051}{section.8.9}% 104
\BOOKMARK [1][-]{section.8.10}{\376\377\000E\000x\000e\000r\000c\000i\000s\000e\000s}{chapter.8}% 105
\BOOKMARK [0][-]{chapter.9}{\376\377\000H\000a\000s\000h\000i\000n\000g\000\040\000a\000n\000d\000\040\000R\000a\000n\000d\000o\000m\000i\000z\000e\000d\000\040\000A\000l\000g\000o\000r\000i\000t\000h\000m\000s}{}% 106
\BOOKMARK [1][-]{section.9.1}{\376\377\000P\000r\000o\000b\000a\000b\000i\000l\000i\000t\000y\000\040\000R\000e\000v\000i\000e\000w}{chapter.9}% 107
\BOOKMARK [2][-]{subsection.9.1.1}{\376\377\000P\000r\000o\000b\000a\000b\000i\000l\000i\000t\000y}{section.9.1}% 108
\BOOKMARK [2][-]{subsection.9.1.2}{\376\377\000C\000o\000m\000p\000o\000u\000n\000d\000\040\000E\000v\000e\000n\000t\000s\000\040\000a\000n\000d\000\040\000I\000n\000d\000e\000p\000e\000n\000d\000e\000n\000c\000e}{section.9.1}% 109
\BOOKMARK [2][-]{subsection.9.1.3}{\376\377\000C\000o\000n\000d\000i\000t\000i\000o\000n\000a\000l\000\040\000P\000r\000o\000b\000a\000b\000i\000l\000i\000t\000y}{section.9.1}% 110
\BOOKMARK [2][-]{subsection.9.1.4}{\376\377\000P\000r\000o\000b\000a\000b\000i\000l\000i\000t\000y\000\040\000D\000i\000s\000t\000r\000i\000b\000u\000t\000i\000o\000n\000s}{section.9.1}% 111
\BOOKMARK [2][-]{subsection.9.1.5}{\376\377\000T\000o\000s\000s\000i\000n\000g\000\040\000C\000o\000i\000n\000s}{section.9.1}% 112
\BOOKMARK [1][-]{section.9.2}{\376\377\000U\000n\000d\000e\000r\000s\000t\000a\000n\000d\000i\000n\000g\000\040\000B\000a\000l\000l\000s\000\040\000a\000n\000d\000\040\000B\000i\000n\000s}{chapter.9}% 113
\BOOKMARK [2][-]{subsection.9.2.1}{\376\377\000T\000h\000e\000\040\000C\000o\000u\000p\000o\000n\000\040\000C\000o\000l\000l\000e\000c\000t\000o\000r\000'\000s\000\040\000P\000r\000o\000b\000l\000e\000m}{section.9.2}% 114
\BOOKMARK [1][-]{section.9.3}{\376\377\000W\000h\000y\000\040\000i\000s\000\040\000H\000a\000s\000h\000i\000n\000g\000\040\000a\000\040\000R\000a\000n\000d\000o\000m\000i\000z\000e\000d\000\040\000A\000l\000g\000o\000r\000i\000t\000h\000m\000?}{chapter.9}% 115
\BOOKMARK [1][-]{section.9.4}{\376\377\000B\000l\000o\000o\000m\000\040\000F\000i\000l\000t\000e\000r\000s}{chapter.9}% 116
\BOOKMARK [1][-]{section.9.5}{\376\377\000M\000i\000n\000w\000i\000s\000e\000\040\000H\000a\000s\000h\000i\000n\000g}{chapter.9}% 117
\BOOKMARK [1][-]{section.9.6}{\376\377\000E\000f\000f\000i\000c\000i\000e\000n\000t\000\040\000S\000t\000r\000i\000n\000g\000\040\000M\000a\000t\000c\000h\000i\000n\000g}{chapter.9}% 118
\BOOKMARK [1][-]{section.9.7}{\376\377\000P\000r\000i\000m\000a\000l\000i\000t\000y\000\040\000T\000e\000s\000t\000i\000n\000g}{chapter.9}% 119
\BOOKMARK [1][-]{section.9.8}{\376\377\000W\000a\000r\000\040\000S\000t\000o\000r\000y\000:\000\040\000G\000i\000v\000i\000n\000g\000\040\000K\000n\000u\000t\000h\000\040\000t\000h\000e\000\040\000M\000i\000d\000d\000l\000e\000\040\000I\000n\000i\000t\000i\000a\000l}{chapter.9}% 120
\BOOKMARK [1][-]{section.9.9}{\376\377\000W\000h\000e\000r\000e\000\040\000d\000o\000\040\000R\000a\000n\000d\000o\000m\000\040\000N\000u\000m\000b\000e\000r\000s\000\040\000C\000o\000m\000e\000\040\000F\000r\000o\000m\000?}{chapter.9}% 121
\BOOKMARK [1][-]{section.9.10}{\376\377\000E\000x\000e\000r\000c\000i\000s\000e\000s}{chapter.9}% 122
\BOOKMARK [0][-]{chapter.10}{\376\377\000G\000r\000a\000p\000h\000\040\000T\000r\000a\000v\000e\000r\000s\000a\000l}{}% 123
\BOOKMARK [1][-]{section.10.1}{\376\377\000F\000l\000a\000v\000o\000r\000s\000\040\000o\000f\000\040\000G\000r\000a\000p\000h\000s}{chapter.10}% 124
\BOOKMARK [2][-]{subsection.10.1.1}{\376\377\000T\000h\000e\000\040\000F\000r\000i\000e\000n\000d\000s\000h\000i\000p\000\040\000G\000r\000a\000p\000h}{section.10.1}% 125
\BOOKMARK [1][-]{section.10.2}{\376\377\000D\000a\000t\000a\000\040\000S\000t\000r\000u\000c\000t\000u\000r\000e\000s\000\040\000f\000o\000r\000\040\000G\000r\000a\000p\000h\000s}{chapter.10}% 126
\BOOKMARK [1][-]{section.10.3}{\376\377\000W\000a\000r\000\040\000S\000t\000o\000r\000y\000:\000\040\000I\000\040\000w\000a\000s\000\040\000a\000\040\000V\000i\000c\000t\000i\000m\000\040\000o\000f\000\040\000M\000o\000o\000r\000e\000'\000s\000\040\000L\000a\000w}{chapter.10}% 127
\BOOKMARK [1][-]{section.10.4}{\376\377\000W\000a\000r\000\040\000S\000t\000o\000r\000y\000:\000\040\000G\000e\000t\000t\000i\000n\000g\000\040\000t\000h\000e\000\040\000G\000r\000a\000p\000h}{chapter.10}% 128
\BOOKMARK [1][-]{section.10.5}{\376\377\000T\000r\000a\000v\000e\000r\000s\000i\000n\000g\000\040\000a\000\040\000G\000r\000a\000p\000h}{chapter.10}% 129
\BOOKMARK [1][-]{section.10.6}{\376\377\000B\000r\000e\000a\000d\000t\000h\000-\000F\000i\000r\000s\000t\000\040\000S\000e\000a\000r\000c\000h}{chapter.10}% 130
\BOOKMARK [2][-]{subsection.10.6.1}{\376\377\000E\000x\000p\000l\000o\000i\000t\000i\000n\000g\000\040\000T\000r\000a\000v\000e\000r\000s\000a\000l}{section.10.6}% 131
\BOOKMARK [2][-]{subsection.10.6.2}{\376\377\000F\000i\000n\000d\000i\000n\000g\000\040\000P\000a\000t\000h\000s}{section.10.6}% 132
\BOOKMARK [1][-]{section.10.7}{\376\377\000A\000p\000p\000l\000i\000c\000a\000t\000i\000o\000n\000s\000\040\000o\000f\000\040\000B\000r\000e\000a\000d\000t\000h\000-\000F\000i\000r\000s\000t\000\040\000S\000e\000a\000r\000c\000h}{chapter.10}% 133
\BOOKMARK [2][-]{subsection.10.7.1}{\376\377\000C\000o\000n\000n\000e\000c\000t\000e\000d\000\040\000C\000o\000m\000p\000o\000n\000e\000n\000t\000s}{section.10.7}% 134
\BOOKMARK [2][-]{subsection.10.7.2}{\376\377\000T\000w\000o\000-\000C\000o\000l\000o\000r\000i\000n\000g\000\040\000G\000r\000a\000p\000h\000s}{section.10.7}% 135
\BOOKMARK [1][-]{section.10.8}{\376\377\000D\000e\000p\000t\000h\000-\000F\000i\000r\000s\000t\000\040\000S\000e\000a\000r\000c\000h}{chapter.10}% 136
\BOOKMARK [1][-]{section.10.9}{\376\377\000A\000p\000p\000l\000i\000c\000a\000t\000i\000o\000n\000s\000\040\000o\000f\000\040\000D\000e\000p\000t\000h\000-\000F\000i\000r\000s\000t\000\040\000S\000e\000a\000r\000c\000h}{chapter.10}% 137
\BOOKMARK [2][-]{subsection.10.9.1}{\376\377\000F\000i\000n\000d\000i\000n\000g\000\040\000C\000y\000c\000l\000e\000s}{section.10.9}% 138
\BOOKMARK [2][-]{subsection.10.9.2}{\376\377\000A\000r\000t\000i\000c\000u\000l\000a\000t\000i\000o\000n\000\040\000V\000e\000r\000t\000i\000c\000e\000s}{section.10.9}% 139
\BOOKMARK [1][-]{section.10.10}{\376\377\000D\000e\000p\000t\000h\000-\000F\000i\000r\000s\000t\000\040\000S\000e\000a\000r\000c\000h\000\040\000o\000n\000\040\000D\000i\000r\000e\000c\000t\000e\000d\000\040\000G\000r\000a\000p\000h\000s}{chapter.10}% 140
\BOOKMARK [2][-]{subsection.10.10.1}{\376\377\000T\000o\000p\000o\000l\000o\000g\000i\000c\000a\000l\000\040\000S\000o\000r\000t\000i\000n\000g}{section.10.10}% 141
\BOOKMARK [2][-]{subsection.10.10.2}{\376\377\000S\000t\000r\000o\000n\000g\000l\000y\000\040\000C\000o\000n\000n\000e\000c\000t\000e\000d\000\040\000C\000o\000m\000p\000o\000n\000e\000n\000t\000s}{section.10.10}% 142
\BOOKMARK [1][-]{section.10.11}{\376\377\000E\000x\000e\000r\000c\000i\000s\000e\000s}{chapter.10}% 143
\BOOKMARK [0][-]{chapter.11}{\376\377\000W\000e\000i\000g\000h\000t\000e\000d\000\040\000G\000r\000a\000p\000h\000\040\000A\000l\000g\000o\000r\000i\000t\000h\000m\000s}{}% 144
\BOOKMARK [1][-]{section.11.1}{\376\377\000M\000i\000n\000i\000m\000u\000m\000\040\000S\000p\000a\000n\000n\000i\000n\000g\000\040\000T\000r\000e\000e\000s}{chapter.11}% 145
\BOOKMARK [2][-]{subsection.11.1.1}{\376\377\000P\000r\000i\000m\000'\000s\000\040\000A\000l\000g\000o\000r\000i\000t\000h\000m}{section.11.1}% 146
\BOOKMARK [2][-]{subsection.11.1.2}{\376\377\000K\000r\000u\000s\000k\000a\000l\000'\000s\000\040\000A\000l\000g\000o\000r\000i\000t\000h\000m}{section.11.1}% 147
\BOOKMARK [2][-]{subsection.11.1.3}{\376\377\000V\000a\000r\000i\000a\000t\000i\000o\000n\000s\000\040\000o\000n\000\040\000M\000i\000n\000i\000m\000u\000m\000\040\000S\000p\000a\000n\000n\000i\000n\000g\000\040\000T\000r\000e\000e\000s}{section.11.1}% 148
\BOOKMARK [1][-]{section.11.2}{\376\377\000W\000a\000r\000\040\000S\000t\000o\000r\000y\000:\000\040\000N\000o\000t\000h\000i\000n\000g\000\040\000b\000u\000t\000\040\000N\000e\000t\000s}{chapter.11}% 149
\BOOKMARK [1][-]{section.11.3}{\376\377\000S\000h\000o\000r\000t\000e\000s\000t\000\040\000P\000a\000t\000h\000s}{chapter.11}% 150
\BOOKMARK [2][-]{subsection.11.3.1}{\376\377\000D\000i\000j\000k\000s\000t\000r\000a\000'\000s\000\040\000A\000l\000g\000o\000r\000i\000t\000h\000m}{section.11.3}% 151
\BOOKMARK [2][-]{subsection.11.3.2}{\376\377\000A\000l\000l\000-\000P\000a\000i\000r\000s\000\040\000S\000h\000o\000r\000t\000e\000s\000t\000\040\000P\000a\000t\000h}{section.11.3}% 152
\BOOKMARK [1][-]{section.11.4}{\376\377\000W\000a\000r\000\040\000S\000t\000o\000r\000y\000:\000\040\000D\000i\000a\000l\000i\000n\000g\000\040\000f\000o\000r\000\040\000D\000o\000c\000u\000m\000e\000n\000t\000s}{chapter.11}% 153
\BOOKMARK [1][-]{section.11.5}{\376\377\000N\000e\000t\000w\000o\000r\000k\000\040\000F\000l\000o\000w\000s\000\040\000a\000n\000d\000\040\000B\000i\000p\000a\000r\000t\000i\000t\000e\000\040\000M\000a\000t\000c\000h\000i\000n\000g}{chapter.11}% 154
\BOOKMARK [2][-]{subsection.11.5.1}{\376\377\000B\000i\000p\000a\000r\000t\000i\000t\000e\000\040\000M\000a\000t\000c\000h\000i\000n\000g}{section.11.5}% 155
\BOOKMARK [2][-]{subsection.11.5.2}{\376\377\000C\000o\000m\000p\000u\000t\000i\000n\000g\000\040\000N\000e\000t\000w\000o\000r\000k\000\040\000F\000l\000o\000w\000s}{section.11.5}% 156
\BOOKMARK [1][-]{section.11.6}{\376\377\000R\000a\000n\000d\000o\000m\000i\000z\000e\000d\000\040\000M\000i\000n\000-\000C\000u\000t}{chapter.11}% 157
\BOOKMARK [1][-]{section.11.7}{\376\377\000D\000e\000s\000i\000g\000n\000\040\000G\000r\000a\000p\000h\000s\000,\000\040\000N\000o\000t\000\040\000A\000l\000g\000o\000r\000i\000t\000h\000m\000s}{chapter.11}% 158
\BOOKMARK [1][-]{section.11.8}{\376\377\000E\000x\000e\000r\000c\000i\000s\000e\000s}{chapter.11}% 159
\BOOKMARK [0][-]{chapter.12}{\376\377\000C\000o\000m\000b\000i\000n\000a\000t\000o\000r\000i\000a\000l\000\040\000S\000e\000a\000r\000c\000h}{}% 160
\BOOKMARK [1][-]{section.12.1}{\376\377\000B\000a\000c\000k\000t\000r\000a\000c\000k\000i\000n\000g}{chapter.12}% 161
\BOOKMARK [1][-]{section.12.2}{\376\377\000E\000x\000a\000m\000p\000l\000e\000s\000\040\000o\000f\000\040\000B\000a\000c\000k\000t\000r\000a\000c\000k\000i\000n\000g}{chapter.12}% 162
\BOOKMARK [2][-]{subsection.12.2.1}{\376\377\000C\000o\000n\000s\000t\000r\000u\000c\000t\000i\000n\000g\000\040\000A\000l\000l\000\040\000S\000u\000b\000s\000e\000t\000s}{section.12.2}% 163
\BOOKMARK [2][-]{subsection.12.2.2}{\376\377\000C\000o\000n\000s\000t\000r\000u\000c\000t\000i\000n\000g\000\040\000A\000l\000l\000\040\000P\000e\000r\000m\000u\000t\000a\000t\000i\000o\000n\000s}{section.12.2}% 164
\BOOKMARK [2][-]{subsection.12.2.3}{\376\377\000C\000o\000n\000s\000t\000r\000u\000c\000t\000i\000n\000g\000\040\000A\000l\000l\000\040\000P\000a\000t\000h\000s\000\040\000i\000n\000\040\000a\000\040\000G\000r\000a\000p\000h}{section.12.2}% 165
\BOOKMARK [1][-]{section.12.3}{\376\377\000S\000u\000d\000o\000k\000u}{chapter.12}% 166
\BOOKMARK [1][-]{section.12.4}{\376\377\000W\000a\000r\000\040\000S\000t\000o\000r\000y\000:\000\040\000C\000o\000v\000e\000r\000i\000n\000g\000\040\000C\000h\000e\000s\000s\000b\000o\000a\000r\000d\000s}{chapter.12}% 167
\BOOKMARK [1][-]{section.12.5}{\376\377\000B\000e\000s\000t\000-\000F\000i\000r\000s\000t\000\040\000S\000e\000a\000r\000c\000h}{chapter.12}% 168
\BOOKMARK [1][-]{section.12.6}{\376\377\000T\000h\000e\000\040\000A\000*\000\040\000H\000e\000u\000r\000i\000s\000t\000i\000c}{chapter.12}% 169
\BOOKMARK [1][-]{section.12.7}{\376\377\000E\000x\000e\000r\000c\000i\000s\000e\000s}{chapter.12}% 170
\BOOKMARK [0][-]{chapter.13}{\376\377\000D\000y\000n\000a\000m\000i\000c\000\040\000P\000r\000o\000g\000r\000a\000m\000m\000i\000n\000g}{}% 171
\BOOKMARK [1][-]{section.13.1}{\376\377\000C\000a\000c\000h\000i\000n\000g\000\040\000v\000s\000.\000\040\000C\000o\000m\000p\000u\000t\000a\000t\000i\000o\000n}{chapter.13}% 172
\BOOKMARK [2][-]{subsection.13.1.1}{\376\377\000F\000i\000b\000o\000n\000a\000c\000c\000i\000\040\000N\000u\000m\000b\000e\000r\000s\000\040\000b\000y\000\040\000R\000e\000c\000u\000r\000s\000i\000o\000n}{section.13.1}% 173
\BOOKMARK [2][-]{subsection.13.1.2}{\376\377\000F\000i\000b\000o\000n\000a\000c\000c\000i\000\040\000N\000u\000m\000b\000e\000r\000s\000\040\000b\000y\000\040\000C\000a\000c\000h\000i\000n\000g}{section.13.1}% 174
\BOOKMARK [2][-]{subsection.13.1.3}{\376\377\000F\000i\000b\000o\000n\000a\000c\000c\000i\000\040\000N\000u\000m\000b\000e\000r\000s\000\040\000b\000y\000\040\000D\000y\000n\000a\000m\000i\000c\000\040\000P\000r\000o\000g\000r\000a\000m\000m\000i\000n\000g}{section.13.1}% 175
\BOOKMARK [2][-]{subsection.13.1.4}{\376\377\000B\000i\000n\000o\000m\000i\000a\000l\000\040\000C\000o\000e\000f\000f\000i\000c\000i\000e\000n\000t\000s}{section.13.1}% 176
\BOOKMARK [1][-]{section.13.2}{\376\377\000A\000p\000p\000r\000o\000x\000i\000m\000a\000t\000e\000\040\000S\000t\000r\000i\000n\000g\000\040\000M\000a\000t\000c\000h\000i\000n\000g}{chapter.13}% 177
\BOOKMARK [2][-]{subsection.13.2.1}{\376\377\000E\000d\000i\000t\000\040\000D\000i\000s\000t\000a\000n\000c\000e\000\040\000b\000y\000\040\000R\000e\000c\000u\000r\000s\000i\000o\000n}{section.13.2}% 178
\BOOKMARK [2][-]{subsection.13.2.2}{\376\377\000E\000d\000i\000t\000\040\000D\000i\000s\000t\000a\000n\000c\000e\000\040\000b\000y\000\040\000D\000y\000n\000a\000m\000i\000c\000\040\000P\000r\000o\000g\000r\000a\000m\000m\000i\000n\000g}{section.13.2}% 179
\BOOKMARK [2][-]{subsection.13.2.3}{\376\377\000R\000e\000c\000o\000n\000s\000t\000r\000u\000c\000t\000i\000n\000g\000\040\000t\000h\000e\000\040\000P\000a\000t\000h}{section.13.2}% 180
\BOOKMARK [2][-]{subsection.13.2.4}{\376\377\000V\000a\000r\000i\000e\000t\000i\000e\000s\000\040\000o\000f\000\040\000E\000d\000i\000t\000\040\000D\000i\000s\000t\000a\000n\000c\000e}{section.13.2}% 181
\BOOKMARK [1][-]{section.13.3}{\376\377\000L\000o\000n\000g\000e\000s\000t\000\040\000I\000n\000c\000r\000e\000a\000s\000i\000n\000g\000\040\000S\000u\000b\000s\000e\000q\000u\000e\000n\000c\000e}{chapter.13}% 182
\BOOKMARK [1][-]{section.13.4}{\376\377\000W\000a\000r\000\040\000S\000t\000o\000r\000y\000:\000\040\000T\000e\000x\000t\000\040\000C\000o\000m\000p\000r\000e\000s\000s\000i\000o\000n\000\040\000f\000o\000r\000\040\000B\000a\000r\000\040\000C\000o\000d\000e\000s}{chapter.13}% 183
\BOOKMARK [1][-]{section.13.5}{\376\377\000U\000n\000o\000r\000d\000e\000r\000e\000d\000\040\000P\000a\000r\000t\000i\000t\000i\000o\000n\000\040\000o\000r\000\040\000S\000u\000b\000s\000e\000t\000\040\000S\000u\000m}{chapter.13}% 184
\BOOKMARK [1][-]{section.13.6}{\376\377\000W\000a\000r\000\040\000S\000t\000o\000r\000y\000:\000\040\000T\000h\000e\000\040\000B\000a\000l\000a\000n\000c\000e\000\040\000o\000f\000\040\000P\000o\000w\000e\000r}{chapter.13}% 185
\BOOKMARK [1][-]{section.13.7}{\376\377\000T\000h\000e\000\040\000O\000r\000d\000e\000r\000e\000d\000\040\000P\000a\000r\000t\000i\000t\000i\000o\000n\000\040\000P\000r\000o\000b\000l\000e\000m}{chapter.13}% 186
\BOOKMARK [1][-]{section.13.8}{\376\377\000L\000i\000m\000i\000t\000a\000t\000i\000o\000n\000s\000\040\000o\000f\000\040\000D\000y\000n\000a\000m\000i\000c\000\040\000P\000r\000o\000g\000r\000a\000m\000m\000i\000n\000g\000:\000\040\000T\000S\000P}{chapter.13}% 187
\BOOKMARK [2][-]{subsection.13.8.1}{\376\377\000W\000h\000e\000n\000\040\000i\000s\000\040\000D\000y\000n\000a\000m\000i\000c\000\040\000P\000r\000o\000g\000r\000a\000m\000m\000i\000n\000g\000\040\000C\000o\000r\000r\000e\000c\000t\000?}{section.13.8}% 188
\BOOKMARK [2][-]{subsection.13.8.2}{\376\377\000W\000h\000e\000n\000\040\000i\000s\000\040\000D\000y\000n\000a\000m\000i\000c\000\040\000P\000r\000o\000g\000r\000a\000m\000m\000i\000n\000g\000\040\000E\000f\000f\000i\000c\000i\000e\000n\000t\000?}{section.13.8}% 189
\BOOKMARK [1][-]{section.13.9}{\376\377\000W\000a\000r\000\040\000S\000t\000o\000r\000y\000:\000\040\000W\000h\000a\000t\000'\000s\000\040\000P\000a\000s\000t\000\040\000i\000s\000\040\000P\000r\000o\000l\000o\000g}{chapter.13}% 190
\BOOKMARK [1][-]{section.13.10}{\376\377\000E\000x\000e\000r\000c\000i\000s\000e\000s}{chapter.13}% 191
\BOOKMARK [0][-]{chapter.14}{\376\377\000N\000P\000-\000C\000o\000m\000p\000l\000e\000t\000e\000n\000e\000s\000s}{}% 192
\BOOKMARK [1][-]{section.14.1}{\376\377\000P\000r\000o\000b\000l\000e\000m\000s\000\040\000a\000n\000d\000\040\000R\000e\000d\000u\000c\000t\000i\000o\000n\000s}{chapter.14}% 193
\BOOKMARK [2][-]{subsection.14.1.1}{\376\377\000T\000h\000e\000\040\000K\000e\000y\000\040\000I\000d\000e\000a}{section.14.1}% 194
\BOOKMARK [2][-]{subsection.14.1.2}{\376\377\000D\000e\000c\000i\000s\000i\000o\000n\000\040\000P\000r\000o\000b\000l\000e\000m\000s}{section.14.1}% 195
\BOOKMARK [1][-]{section.14.2}{\376\377\000R\000e\000d\000u\000c\000t\000i\000o\000n\000s\000\040\000f\000o\000r\000\040\000A\000l\000g\000o\000r\000i\000t\000h\000m\000s}{chapter.14}% 196
\BOOKMARK [2][-]{subsection.14.2.1}{\376\377\000C\000l\000o\000s\000e\000s\000t\000\040\000P\000a\000i\000r}{section.14.2}% 197
\BOOKMARK [2][-]{subsection.14.2.2}{\376\377\000L\000o\000n\000g\000e\000s\000t\000\040\000I\000n\000c\000r\000e\000a\000s\000i\000n\000g\000\040\000S\000u\000b\000s\000e\000q\000u\000e\000n\000c\000e}{section.14.2}% 198
\BOOKMARK [2][-]{subsection.14.2.3}{\376\377\000L\000e\000a\000s\000t\000\040\000C\000o\000m\000m\000o\000n\000\040\000M\000u\000l\000t\000i\000p\000l\000e}{section.14.2}% 199
\BOOKMARK [2][-]{subsection.14.2.4}{\376\377\000C\000o\000n\000v\000e\000x\000\040\000H\000u\000l\000l\000\040\000\050\000*\000\051}{section.14.2}% 200
\BOOKMARK [1][-]{section.14.3}{\376\377\000E\000l\000e\000m\000e\000n\000t\000a\000r\000y\000\040\000H\000a\000r\000d\000n\000e\000s\000s\000\040\000R\000e\000d\000u\000c\000t\000i\000o\000n\000s}{chapter.14}% 201
\BOOKMARK [2][-]{subsection.14.3.1}{\376\377\000H\000a\000m\000i\000l\000t\000o\000n\000i\000a\000n\000\040\000C\000y\000c\000l\000e}{section.14.3}% 202
\BOOKMARK [2][-]{subsection.14.3.2}{\376\377\000I\000n\000d\000e\000p\000e\000n\000d\000e\000n\000t\000\040\000S\000e\000t\000\040\000a\000n\000d\000\040\000V\000e\000r\000t\000e\000x\000\040\000C\000o\000v\000e\000r}{section.14.3}% 203
\BOOKMARK [2][-]{subsection.14.3.3}{\376\377\000C\000l\000i\000q\000u\000e}{section.14.3}% 204
\BOOKMARK [1][-]{section.14.4}{\376\377\000S\000a\000t\000i\000s\000f\000i\000a\000b\000i\000l\000i\000t\000y}{chapter.14}% 205
\BOOKMARK [1][-]{section.14.5}{\376\377\000C\000r\000e\000a\000t\000i\000v\000e\000\040\000R\000e\000d\000u\000c\000t\000i\000o\000n\000s\000\040\000f\000r\000o\000m\000\040\000S\000A\000T}{chapter.14}% 206
\BOOKMARK [2][-]{subsection.14.5.1}{\376\377\000V\000e\000r\000t\000e\000x\000\040\000C\000o\000v\000e\000r}{section.14.5}% 207
\BOOKMARK [2][-]{subsection.14.5.2}{\376\377\000I\000n\000t\000e\000g\000e\000r\000\040\000P\000r\000o\000g\000r\000a\000m\000m\000i\000n\000g}{section.14.5}% 208
\BOOKMARK [1][-]{section.14.6}{\376\377\000T\000h\000e\000\040\000A\000r\000t\000\040\000o\000f\000\040\000P\000r\000o\000v\000i\000n\000g\000\040\000H\000a\000r\000d\000n\000e\000s\000s}{chapter.14}% 209
\BOOKMARK [1][-]{section.14.7}{\376\377\000W\000a\000r\000\040\000S\000t\000o\000r\000y\000:\000\040\000H\000a\000r\000d\000\040\000A\000g\000a\000i\000n\000s\000t\000\040\000t\000h\000e\000\040\000C\000l\000o\000c\000k}{chapter.14}% 210
\BOOKMARK [1][-]{section.14.8}{\376\377\000W\000a\000r\000\040\000S\000t\000o\000r\000y\000:\000\040\000A\000n\000d\000\040\000T\000h\000e\000n\000\040\000I\000\040\000F\000a\000i\000l\000e\000d}{chapter.14}% 211
\BOOKMARK [1][-]{section.14.9}{\376\377\000P\000\040\000v\000s\000.\000\040\000N\000P}{chapter.14}% 212
\BOOKMARK [2][-]{subsection.14.9.1}{\376\377\000V\000e\000r\000i\000f\000i\000c\000a\000t\000i\000o\000n\000\040\000v\000s\000.\000\040\000D\000i\000s\000c\000o\000v\000e\000r\000y}{section.14.9}% 213
\BOOKMARK [2][-]{subsection.14.9.2}{\376\377\000T\000h\000e\000\040\000C\000l\000a\000s\000s\000e\000s\000\040\000P\000\040\000a\000n\000d\000\040\000N\000P}{section.14.9}% 214
\BOOKMARK [2][-]{subsection.14.9.3}{\376\377\000W\000h\000y\000\040\000S\000a\000t\000i\000s\000f\000i\000a\000b\000i\000l\000i\000t\000y\000\040\000i\000s\000\040\000H\000a\000r\000d}{section.14.9}% 215
\BOOKMARK [1][-]{section.14.10}{\376\377\000E\000x\000e\000r\000c\000i\000s\000e\000s}{chapter.14}% 216
\BOOKMARK [0][-]{chapter.15}{\376\377\000D\000e\000a\000l\000i\000n\000g\000\040\000w\000i\000t\000h\000\040\000H\000a\000r\000d\000\040\000P\000r\000o\000b\000l\000e\000m\000s}{}% 217
\BOOKMARK [1][-]{section.15.1}{\376\377\000A\000p\000p\000r\000o\000x\000i\000m\000a\000t\000i\000o\000n\000\040\000A\000l\000g\000o\000r\000i\000t\000h\000m\000s}{chapter.15}% 218
\BOOKMARK [1][-]{section.15.2}{\376\377\000A\000p\000p\000r\000o\000x\000i\000m\000a\000t\000i\000n\000g\000\040\000V\000e\000r\000t\000e\000x\000\040\000C\000o\000v\000e\000r}{chapter.15}% 219
\BOOKMARK [2][-]{subsection.15.2.1}{\376\377\000A\000\040\000R\000a\000n\000d\000o\000m\000i\000z\000e\000d\000\040\000V\000e\000r\000t\000e\000x\000\040\000C\000o\000v\000e\000r\000\040\000H\000e\000u\000r\000i\000s\000t\000i\000c}{section.15.2}% 220
\BOOKMARK [1][-]{section.15.3}{\376\377\000E\000u\000c\000l\000i\000d\000e\000a\000n\000\040\000T\000S\000P}{chapter.15}% 221
\BOOKMARK [2][-]{subsection.15.3.1}{\376\377\000T\000h\000e\000\040\000C\000h\000r\000i\000s\000t\000o\000f\000i\000d\000e\000s\000\040\000H\000e\000u\000r\000i\000s\000t\000i\000c}{section.15.3}% 222
\BOOKMARK [1][-]{section.15.4}{\376\377\000W\000h\000e\000n\000\040\000A\000v\000e\000r\000a\000g\000e\000\040\000i\000s\000\040\000G\000o\000o\000d\000\040\000E\000n\000o\000u\000g\000h}{chapter.15}% 223
\BOOKMARK [2][-]{subsection.15.4.1}{\376\377\000M\000a\000x\000i\000m\000u\000m\000\040\000A\000c\000y\000c\000l\000i\000c\000\040\000S\000u\000b\000g\000r\000a\000p\000h}{section.15.4}% 224
\BOOKMARK [1][-]{section.15.5}{\376\377\000S\000e\000t\000\040\000C\000o\000v\000e\000r}{chapter.15}% 225
\BOOKMARK [1][-]{section.15.6}{\376\377\000H\000e\000u\000r\000i\000s\000t\000i\000c\000\040\000S\000e\000a\000r\000c\000h\000\040\000M\000e\000t\000h\000o\000d\000s}{chapter.15}% 226
\BOOKMARK [2][-]{subsection.15.6.1}{\376\377\000R\000a\000n\000d\000o\000m\000\040\000S\000a\000m\000p\000l\000i\000n\000g}{section.15.6}% 227
\BOOKMARK [2][-]{subsection.15.6.2}{\376\377\000L\000o\000c\000a\000l\000\040\000S\000e\000a\000r\000c\000h}{section.15.6}% 228
\BOOKMARK [2][-]{subsection.15.6.3}{\376\377\000S\000i\000m\000u\000l\000a\000t\000e\000d\000\040\000A\000n\000n\000e\000a\000l\000i\000n\000g}{section.15.6}% 229
\BOOKMARK [2][-]{subsection.15.6.4}{\376\377\000A\000p\000p\000l\000i\000c\000a\000t\000i\000o\000n\000s\000\040\000o\000f\000\040\000S\000i\000m\000u\000l\000a\000t\000e\000d\000\040\000A\000n\000n\000e\000a\000l\000i\000n\000g}{section.15.6}% 230
\BOOKMARK [1][-]{section.15.7}{\376\377\000W\000a\000r\000\040\000S\000t\000o\000r\000y\000:\000\040\000O\000n\000l\000y\000\040\000i\000t\000\040\000i\000s\000\040\000N\000o\000t\000\040\000a\000\040\000R\000a\000d\000i\000o}{chapter.15}% 231
\BOOKMARK [1][-]{section.15.8}{\376\377\000W\000a\000r\000\040\000S\000t\000o\000r\000y\000:\000\040\000A\000n\000n\000e\000a\000l\000i\000n\000g\000\040\000A\000r\000r\000a\000y\000s}{chapter.15}% 232
\BOOKMARK [2][-]{subsection.15.8.1}{\376\377\000P\000r\000o\000p\000e\000r\000t\000i\000e\000s\000\040\000o\000f\000\040\000"\000Q\000u\000a\000n\000t\000u\000m\000"\000\040\000C\000o\000m\000p\000u\000t\000e\000r\000s}{section.15.8}% 233
\BOOKMARK [2][-]{subsection.15.8.2}{\376\377\000G\000r\000o\000v\000e\000r\000'\000s\000\040\000A\000l\000g\000o\000r\000i\000t\000h\000m\000\040\000f\000o\000r\000\040\000D\000a\000t\000a\000b\000a\000s\000e\000\040\000S\000e\000a\000r\000c\000h}{section.15.8}% 234
\BOOKMARK [2][-]{subsection.15.8.3}{\376\377\000T\000h\000e\000\040\000F\000a\000s\000t\000e\000r\000\040\000"\000F\000o\000u\000r\000i\000e\000r\000\040\000T\000r\000a\000n\000s\000f\000o\000r\000m\000"}{section.15.8}% 235
\BOOKMARK [2][-]{subsection.15.8.4}{\376\377\000S\000h\000o\000r\000'\000s\000\040\000A\000l\000g\000o\000r\000i\000t\000h\000m\000\040\000f\000o\000r\000\040\000I\000n\000t\000e\000g\000e\000r\000\040\000F\000a\000c\000t\000o\000r\000i\000z\000a\000t\000i\000o\000n}{section.15.8}% 236
\BOOKMARK [2][-]{subsection.15.8.5}{\376\377\000P\000r\000o\000s\000p\000e\000c\000t\000s\000\040\000f\000o\000r\000\040\000Q\000u\000a\000n\000t\000u\000m\000\040\000C\000o\000m\000p\000u\000t\000i\000n\000g}{section.15.8}% 237
\BOOKMARK [1][-]{section.15.9}{\376\377\000E\000x\000e\000r\000c\000i\000s\000e\000s}{chapter.15}% 238
\BOOKMARK [0][-]{chapter.16}{\376\377\000H\000o\000w\000\040\000t\000o\000\040\000D\000e\000s\000i\000g\000n\000\040\000A\000l\000g\000o\000r\000i\000t\000h\000m\000s}{}% 239
\BOOKMARK [1][-]{section.16.1}{\376\377\000P\000r\000e\000p\000a\000r\000i\000n\000g\000\040\000f\000o\000r\000\040\000T\000e\000c\000h\000\040\000C\000o\000m\000p\000a\000n\000y\000\040\000I\000n\000t\000e\000r\000v\000i\000e\000w\000s}{chapter.16}% 240
\BOOKMARK [0][-]{chapter.17}{\376\377\000A\000\040\000C\000a\000t\000a\000l\000o\000g\000\040\000o\000f\000\040\000A\000l\000g\000o\000r\000i\000t\000h\000m\000i\000c\000\040\000P\000r\000o\000b\000l\000e\000m\000s}{}% 241
\BOOKMARK [0][-]{chapter.18}{\376\377\000D\000a\000t\000a\000\040\000S\000t\000r\000u\000c\000t\000u\000r\000e\000s}{}% 242
\BOOKMARK [1][-]{section.18.1}{\376\377\000I\000n\000p\000u\000t\000\040\042\356}{chapter.18}% 243
\BOOKMARK [1][-]{section.18.2}{\376\377\000D\000i\000c\000t\000i\000o\000n\000a\000r\000i\000e\000s}{chapter.18}% 244
\BOOKMARK [1][-]{section.18.3}{\376\377\000P\000r\000i\000o\000r\000i\000t\000y\000\040\000Q\000u\000e\000u\000e\000s}{chapter.18}% 245
\BOOKMARK [1][-]{section.18.4}{\376\377\000S\000u\000f\000f\000i\000x\000\040\000T\000r\000e\000e\000s\000\040\000a\000n\000d\000\040\000A\000r\000r\000a\000y\000s}{chapter.18}% 246
\BOOKMARK [1][-]{section.18.5}{\376\377\000G\000r\000a\000p\000h\000\040\000D\000a\000t\000a\000\040\000S\000t\000r\000u\000c\000t\000u\000r\000e\000s}{chapter.18}% 247
\BOOKMARK [1][-]{section.18.6}{\376\377\000S\000e\000t\000\040\000D\000a\000t\000a\000\040\000S\000t\000r\000u\000c\000t\000u\000r\000e\000s}{chapter.18}% 248
\BOOKMARK [1][-]{section.18.7}{\376\377\000K\000d\000-\000T\000r\000e\000e\000s}{chapter.18}% 249
\BOOKMARK [0][-]{chapter.19}{\376\377\000N\000u\000m\000e\000r\000i\000c\000a\000l\000\040\000P\000r\000o\000b\000l\000e\000m\000s}{}% 250
\BOOKMARK [1][-]{section.19.1}{\376\377\000S\000o\000l\000v\000i\000n\000g\000\040\000L\000i\000n\000e\000a\000r\000\040\000E\000q\000u\000a\000t\000i\000o\000n\000s}{chapter.19}% 251
\BOOKMARK [1][-]{section.19.2}{\376\377\000B\000a\000n\000d\000w\000i\000d\000t\000h\000\040\000R\000e\000d\000u\000c\000t\000i\000o\000n}{chapter.19}% 252
\BOOKMARK [1][-]{section.19.3}{\376\377\000M\000a\000t\000r\000i\000x\000\040\000M\000u\000l\000t\000i\000p\000l\000i\000c\000a\000t\000i\000o\000n}{chapter.19}% 253
\BOOKMARK [1][-]{section.19.4}{\376\377\000D\000e\000t\000e\000r\000m\000i\000n\000a\000n\000t\000s\000\040\000a\000n\000d\000\040\000P\000e\000r\000m\000a\000n\000e\000n\000t\000s}{chapter.19}% 254
\BOOKMARK [1][-]{section.19.5}{\376\377\000C\000o\000n\000s\000t\000r\000a\000i\000n\000e\000d\000/\000U\000n\000c\000o\000n\000s\000t\000r\000a\000i\000n\000e\000d\000\040\000O\000p\000t\000i\000m\000i\000z\000a\000t\000i\000o\000n}{chapter.19}% 255
\BOOKMARK [1][-]{section.19.6}{\376\377\000L\000i\000n\000e\000a\000r\000\040\000P\000r\000o\000g\000r\000a\000m\000m\000i\000n\000g}{chapter.19}% 256
\BOOKMARK [1][-]{section.19.7}{\376\377\000R\000a\000n\000d\000o\000m\000\040\000N\000u\000m\000b\000e\000r\000\040\000G\000e\000n\000e\000r\000a\000t\000i\000o\000n}{chapter.19}% 257
\BOOKMARK [1][-]{section.19.8}{\376\377\000F\000a\000c\000t\000o\000r\000i\000n\000g\000\040\000a\000n\000d\000\040\000P\000r\000i\000m\000a\000l\000i\000t\000y\000\040\000T\000e\000s\000t\000i\000n\000g}{chapter.19}% 258
\BOOKMARK [1][-]{section.19.9}{\376\377\000A\000r\000b\000i\000t\000r\000a\000r\000y\000-\000P\000r\000e\000c\000i\000s\000i\000o\000n\000\040\000A\000r\000i\000t\000h\000m\000e\000t\000i\000c}{chapter.19}% 259
\BOOKMARK [1][-]{section.19.10}{\376\377\000K\000n\000a\000p\000s\000a\000c\000k\000\040\000P\000r\000o\000b\000l\000e\000m}{chapter.19}% 260
\BOOKMARK [1][-]{section.19.11}{\376\377\000D\000i\000s\000c\000r\000e\000t\000e\000\040\000F\000o\000u\000r\000i\000e\000r\000\040\000T\000r\000a\000n\000s\000f\000o\000r\000m}{chapter.19}% 261
\BOOKMARK [0][-]{chapter.20}{\376\377\000C\000o\000m\000b\000i\000n\000a\000t\000o\000r\000i\000a\000l\000\040\000P\000r\000o\000b\000l\000e\000m\000s}{}% 262
\BOOKMARK [1][-]{section.20.1}{\376\377\000S\000o\000r\000t\000i\000n\000g}{chapter.20}% 263
\BOOKMARK [1][-]{section.20.2}{\376\377\000M\000e\000d\000i\000a\000n\000\040\000a\000n\000d\000\040\000S\000e\000l\000e\000c\000t\000i\000o\000n}{chapter.20}% 264
\BOOKMARK [1][-]{section.20.3}{\376\377\000G\000e\000n\000e\000r\000a\000t\000i\000n\000g\000\040\000P\000e\000r\000m\000u\000t\000a\000t\000i\000o\000n\000s}{chapter.20}% 265
\BOOKMARK [1][-]{section.20.4}{\376\377\000G\000e\000n\000e\000r\000a\000t\000i\000n\000g\000\040\000S\000u\000b\000s\000e\000t\000s}{chapter.20}% 266
\BOOKMARK [1][-]{section.20.5}{\376\377\000G\000e\000n\000e\000r\000a\000t\000i\000n\000g\000\040\000P\000a\000r\000t\000i\000t\000i\000o\000n\000s}{chapter.20}% 267
\BOOKMARK [1][-]{section.20.6}{\376\377\000G\000e\000n\000e\000r\000a\000t\000i\000n\000g\000\040\000G\000r\000a\000p\000h\000s}{chapter.20}% 268
\BOOKMARK [1][-]{section.20.7}{\376\377\000J\000o\000b\000\040\000S\000c\000h\000e\000d\000u\000l\000i\000n\000g}{chapter.20}% 269
\BOOKMARK [1][-]{section.20.8}{\376\377\000S\000a\000t\000i\000s\000f\000i\000a\000b\000i\000l\000i\000t\000y}{chapter.20}% 270
\BOOKMARK [0][-]{chapter.21}{\376\377\000G\000r\000a\000p\000h\000\040\000P\000r\000o\000b\000l\000e\000m\000s\000:\000\040\000P\000o\000l\000y\000n\000o\000m\000i\000a\000l\000\040\000T\000i\000m\000e}{}% 271
\BOOKMARK [1][-]{section.21.1}{\376\377\000C\000o\000n\000n\000e\000c\000t\000e\000d\000\040\000C\000o\000m\000p\000o\000n\000e\000n\000t\000s}{chapter.21}% 272
\BOOKMARK [1][-]{section.21.2}{\376\377\000T\000o\000p\000o\000l\000o\000g\000i\000c\000a\000l\000\040\000S\000o\000r\000t\000i\000n\000g}{chapter.21}% 273
\BOOKMARK [1][-]{section.21.3}{\376\377\000M\000i\000n\000i\000m\000u\000m\000\040\000S\000p\000a\000n\000n\000i\000n\000g\000\040\000T\000r\000e\000e}{chapter.21}% 274
\BOOKMARK [1][-]{section.21.4}{\376\377\000S\000h\000o\000r\000t\000e\000s\000t\000\040\000P\000a\000t\000h}{chapter.21}% 275
\BOOKMARK [1][-]{section.21.5}{\376\377\000T\000r\000a\000n\000s\000i\000t\000i\000v\000e\000\040\000C\000l\000o\000s\000u\000r\000e\000\040\000a\000n\000d\000\040\000R\000e\000d\000u\000c\000t\000i\000o\000n}{chapter.21}% 276
\BOOKMARK [1][-]{section.21.6}{\376\377\000M\000a\000t\000c\000h\000i\000n\000g}{chapter.21}% 277
\BOOKMARK [1][-]{section.21.7}{\376\377\000E\000d\000g\000e\000\040\000a\000n\000d\000\040\000V\000e\000r\000t\000e\000x\000\040\000C\000o\000n\000n\000e\000c\000t\000i\000v\000i\000t\000y}{chapter.21}% 278
\BOOKMARK [1][-]{section.21.8}{\376\377\000N\000e\000t\000w\000o\000r\000k\000\040\000F\000l\000o\000w}{chapter.21}% 279
\BOOKMARK [1][-]{section.21.9}{\376\377\000D\000r\000a\000w\000i\000n\000g\000\040\000G\000r\000a\000p\000h\000s\000\040\000N\000i\000c\000e\000l\000y}{chapter.21}% 280
\BOOKMARK [1][-]{section.21.10}{\376\377\000D\000r\000a\000w\000i\000n\000g\000\040\000T\000r\000e\000e\000s}{chapter.21}% 281
\BOOKMARK [1][-]{section.21.11}{\376\377\000P\000l\000a\000n\000a\000r\000i\000t\000y\000\040\000D\000e\000t\000e\000c\000t\000i\000o\000n\000\040\000a\000n\000d\000\040\000E\000m\000b\000e\000d\000d\000i\000n\000g}{chapter.21}% 282
\BOOKMARK [0][-]{chapter.22}{\376\377\000G\000r\000a\000p\000h\000\040\000P\000r\000o\000b\000l\000e\000m\000s\000:\000\040\000N\000P\000-\000H\000a\000r\000d}{}% 283
\BOOKMARK [1][-]{section.22.1}{\376\377\000C\000l\000i\000q\000u\000e}{chapter.22}% 284
\BOOKMARK [1][-]{section.22.2}{\376\377\000I\000n\000d\000e\000p\000e\000n\000d\000e\000n\000t\000\040\000S\000e\000t}{chapter.22}% 285
\BOOKMARK [1][-]{section.22.3}{\376\377\000V\000e\000r\000t\000e\000x\000\040\000C\000o\000v\000e\000r}{chapter.22}% 286
\BOOKMARK [1][-]{section.22.4}{\376\377\000T\000r\000a\000v\000e\000l\000i\000n\000g\000\040\000S\000a\000l\000e\000s\000m\000a\000n\000\040\000P\000r\000o\000b\000l\000e\000m}{chapter.22}% 287
\BOOKMARK [1][-]{section.22.5}{\376\377\000H\000a\000m\000i\000l\000t\000o\000n\000i\000a\000n\000\040\000C\000y\000c\000l\000e}{chapter.22}% 288
\BOOKMARK [1][-]{section.22.6}{\376\377\000G\000r\000a\000p\000h\000\040\000P\000a\000r\000t\000i\000t\000i\000o\000n}{chapter.22}% 289
\BOOKMARK [1][-]{section.22.7}{\376\377\000V\000e\000r\000t\000e\000x\000\040\000C\000o\000l\000o\000r\000i\000n\000g}{chapter.22}% 290
\BOOKMARK [1][-]{section.22.8}{\376\377\000E\000d\000g\000e\000\040\000C\000o\000l\000o\000r\000i\000n\000g}{chapter.22}% 291
\BOOKMARK [1][-]{section.22.9}{\376\377\000G\000r\000a\000p\000h\000\040\000I\000s\000o\000m\000o\000r\000p\000h\000i\000s\000m}{chapter.22}% 292
\BOOKMARK [1][-]{section.22.10}{\376\377\000S\000t\000e\000i\000n\000e\000r\000\040\000T\000r\000e\000e}{chapter.22}% 293
\BOOKMARK [1][-]{section.22.11}{\376\377\000F\000e\000e\000d\000b\000a\000c\000k\000\040\000E\000d\000g\000e\000/\000V\000e\000r\000t\000e\000x\000\040\000S\000e\000t}{chapter.22}% 294
\BOOKMARK [0][-]{chapter.23}{\376\377\000C\000o\000m\000p\000u\000t\000a\000t\000i\000o\000n\000a\000l\000\040\000G\000e\000o\000m\000e\000t\000r\000y}{}% 295
\BOOKMARK [1][-]{section.23.1}{\376\377\000R\000o\000b\000u\000s\000t\000\040\000G\000e\000o\000m\000e\000t\000r\000i\000c\000\040\000P\000r\000i\000m\000i\000t\000i\000v\000e\000s}{chapter.23}% 296
\BOOKMARK [1][-]{section.23.2}{\376\377\000C\000o\000n\000v\000e\000x\000\040\000H\000u\000l\000l}{chapter.23}% 297
\BOOKMARK [1][-]{section.23.3}{\376\377\000T\000r\000i\000a\000n\000g\000u\000l\000a\000t\000i\000o\000n}{chapter.23}% 298
\BOOKMARK [1][-]{section.23.4}{\376\377\000V\000o\000r\000o\000n\000o\000i\000\040\000D\000i\000a\000g\000r\000a\000m\000s}{chapter.23}% 299
\BOOKMARK [1][-]{section.23.5}{\376\377\000N\000e\000a\000r\000e\000s\000t\000-\000N\000e\000i\000g\000h\000b\000o\000r\000\040\000S\000e\000a\000r\000c\000h}{chapter.23}% 300
\BOOKMARK [1][-]{section.23.6}{\376\377\000R\000a\000n\000g\000e\000\040\000S\000e\000a\000r\000c\000h}{chapter.23}% 301
\BOOKMARK [1][-]{section.23.7}{\376\377\000P\000o\000i\000n\000t\000\040\000L\000o\000c\000a\000t\000i\000o\000n}{chapter.23}% 302
\BOOKMARK [1][-]{section.23.8}{\376\377\000I\000n\000t\000e\000r\000s\000e\000c\000t\000i\000o\000n\000\040\000D\000e\000t\000e\000c\000t\000i\000o\000n}{chapter.23}% 303
\BOOKMARK [1][-]{section.23.9}{\376\377\000B\000i\000n\000\040\000P\000a\000c\000k\000i\000n\000g}{chapter.23}% 304
\BOOKMARK [1][-]{section.23.10}{\376\377\000M\000e\000d\000i\000a\000l\000-\000A\000x\000i\000s\000\040\000T\000r\000a\000n\000s\000f\000o\000r\000m}{chapter.23}% 305
\BOOKMARK [1][-]{section.23.11}{\376\377\000S\000i\000m\000p\000l\000i\000f\000y\000i\000n\000g\000\040\000P\000o\000l\000y\000g\000o\000n\000s}{chapter.23}% 306
\BOOKMARK [1][-]{section.23.12}{\376\377\000S\000h\000a\000p\000e\000\040\000S\000i\000m\000i\000l\000a\000r\000i\000t\000y}{chapter.23}% 307
\BOOKMARK [1][-]{section.23.13}{\376\377\000M\000o\000t\000i\000o\000n\000\040\000P\000l\000a\000n\000n\000i\000n\000g}{chapter.23}% 308
\BOOKMARK [1][-]{section.23.14}{\376\377\000M\000a\000i\000n\000t\000a\000i\000n\000i\000n\000g\000\040\000L\000i\000n\000e\000\040\000A\000r\000r\000a\000n\000g\000e\000m\000e\000n\000t\000s}{chapter.23}% 309
\BOOKMARK [1][-]{section.23.15}{\376\377\000M\000i\000n\000k\000o\000w\000s\000k\000i\000\040\000S\000u\000m}{chapter.23}% 310
\BOOKMARK [0][-]{chapter.24}{\376\377\000S\000e\000t\000\040\000a\000n\000d\000\040\000S\000t\000r\000i\000n\000g\000\040\000P\000r\000o\000b\000l\000e\000m\000s}{}% 311
\BOOKMARK [1][-]{section.24.1}{\376\377\000S\000e\000t\000\040\000C\000o\000v\000e\000r}{chapter.24}% 312
\BOOKMARK [1][-]{section.24.2}{\376\377\000S\000e\000t\000\040\000P\000a\000c\000k\000i\000n\000g}{chapter.24}% 313
\BOOKMARK [1][-]{section.24.3}{\376\377\000S\000t\000r\000i\000n\000g\000\040\000M\000a\000t\000c\000h\000i\000n\000g}{chapter.24}% 314
\BOOKMARK [1][-]{section.24.4}{\376\377\000A\000p\000p\000r\000o\000x\000i\000m\000a\000t\000e\000\040\000S\000t\000r\000i\000n\000g\000\040\000M\000a\000t\000c\000h\000i\000n\000g}{chapter.24}% 315
\BOOKMARK [1][-]{section.24.5}{\376\377\000T\000e\000x\000t\000\040\000C\000o\000m\000p\000r\000e\000s\000s\000i\000o\000n}{chapter.24}% 316
\BOOKMARK [1][-]{section.24.6}{\376\377\000C\000r\000y\000p\000t\000o\000g\000r\000a\000p\000h\000y}{chapter.24}% 317
\BOOKMARK [1][-]{section.24.7}{\376\377\000F\000i\000n\000i\000t\000e\000\040\000S\000t\000a\000t\000e\000\040\000M\000a\000c\000h\000i\000n\000e\000\040\000M\000i\000n\000i\000m\000i\000z\000a\000t\000i\000o\000n}{chapter.24}% 318
\BOOKMARK [1][-]{section.24.8}{\376\377\000L\000o\000n\000g\000e\000s\000t\000\040\000C\000o\000m\000m\000o\000n\000\040\000S\000u\000b\000s\000t\000r\000i\000n\000g\000/\000S\000u\000b\000s\000e\000q\000u\000e\000n\000c\000e}{chapter.24}% 319
\BOOKMARK [1][-]{section.24.9}{\376\377\000I\000n\000p\000u\000t\000\040\000\040\000O\000u\000t\000p\000u\000t}{chapter.24}% 320
\BOOKMARK [1][-]{section.24.10}{\376\377\000S\000h\000o\000r\000t\000e\000s\000t\000\040\000C\000o\000m\000m\000o\000n\000\040\000S\000u\000p\000e\000r\000s\000t\000r\000i\000n\000g}{chapter.24}% 321
\BOOKMARK [0][-]{chapter.25}{\376\377\000A\000l\000g\000o\000r\000i\000t\000h\000m\000i\000c\000\040\000R\000e\000s\000o\000u\000r\000c\000e\000s}{}% 322
\BOOKMARK [1][-]{section.25.1}{\376\377\000A\000l\000g\000o\000r\000i\000t\000h\000m\000\040\000L\000i\000b\000r\000a\000r\000i\000e\000s}{chapter.25}% 323
\BOOKMARK [2][-]{subsection.25.1.1}{\376\377\000L\000E\000D\000A}{section.25.1}% 324
\BOOKMARK [2][-]{subsection.25.1.2}{\376\377\000T\000h\000e\000\040\000S\000t\000a\000n\000f\000o\000r\000d\000\040\000G\000r\000a\000p\000h\000B\000a\000s\000e}{section.25.1}% 325
\BOOKMARK [2][-]{subsection.25.1.3}{\376\377\000P\000r\000o\000g\000r\000a\000m\000s\000\040\000f\000r\000o\000m\000\040\000B\000o\000o\000k\000s}{section.25.1}% 326
\BOOKMARK [1][-]{section.25.2}{\376\377\000D\000a\000t\000a\000\040\000S\000o\000u\000r\000c\000e\000s}{chapter.25}% 327
\BOOKMARK [1][-]{section.25.3}{\376\377\000O\000n\000l\000i\000n\000e\000\040\000B\000i\000b\000l\000i\000o\000g\000r\000a\000p\000h\000i\000c\000\040\000R\000e\000s\000o\000u\000r\000c\000e\000s}{chapter.25}% 328
\BOOKMARK [1][-]{section.25.4}{\376\377\000P\000r\000o\000f\000e\000s\000s\000i\000o\000n\000a\000l\000\040\000C\000o\000n\000s\000u\000l\000t\000i\000n\000g\000\040\000S\000e\000r\000v\000i\000c\000e\000s}{chapter.25}% 329
