This is XeTeX, Version 3.141592653-2.6-0.999997 (TeX Live 2025) (preloaded format=xelatex 2025.3.8)  13 OCT 2025 14:00
entering extended mode
 restricted \write18 enabled.
 file:line:error style messages enabled.
 %&-line parsing enabled.
**/Users/jrathi/Projects/pdf-2-latex/files/ai/balance-checker/ai_final.tex
(/Users/jrathi/Projects/pdf-2-latex/files/ai/balance-checker/ai_final.tex
LaTeX2e <2024-11-01> patch level 2
L3 programming layer <2025-01-18>
(/usr/local/texlive/2025basic/texmf-dist/tex/latex/base/book.cls
Document Class: book 2024/06/29 v1.4n Standard LaTeX document class
(/usr/local/texlive/2025basic/texmf-dist/tex/latex/base/bk10.clo
File: bk10.clo 2024/06/29 v1.4n Standard LaTeX file (size option)
)
\c@part=\count192
\c@chapter=\count193
\c@section=\count194
\c@subsection=\count195
\c@subsubsection=\count196
\c@paragraph=\count197
\c@subparagraph=\count198
\c@figure=\count199
\c@table=\count266
\abovecaptionskip=\skip49
\belowcaptionskip=\skip50
\bibindent=\dimen141
)
(/usr/local/texlive/2025basic/texmf-dist/tex/latex/amsmath/amsmath.sty
Package: amsmath 2024/11/05 v2.17t AMS math features
\@mathmargin=\skip51

For additional information on amsmath, use the `?' option.
(/usr/local/texlive/2025basic/texmf-dist/tex/latex/amsmath/amstext.sty
Package: amstext 2021/08/26 v2.01 AMS text

(/usr/local/texlive/2025basic/texmf-dist/tex/latex/amsmath/amsgen.sty
File: amsgen.sty 1999/11/30 v2.0 generic functions
\@emptytoks=\toks17
\ex@=\dimen142
))
(/usr/local/texlive/2025basic/texmf-dist/tex/latex/amsmath/amsbsy.sty
Package: amsbsy 1999/11/29 v1.2d Bold Symbols
\pmbraise@=\dimen143
)
(/usr/local/texlive/2025basic/texmf-dist/tex/latex/amsmath/amsopn.sty
Package: amsopn 2022/04/08 v2.04 operator names
)
\inf@bad=\count267
LaTeX Info: Redefining \frac on input line 233.
\uproot@=\count268
\leftroot@=\count269
LaTeX Info: Redefining \overline on input line 398.
LaTeX Info: Redefining \colon on input line 409.
\classnum@=\count270
\DOTSCASE@=\count271
LaTeX Info: Redefining \ldots on input line 495.
LaTeX Info: Redefining \dots on input line 498.
LaTeX Info: Redefining \cdots on input line 619.
\Mathstrutbox@=\box52
\strutbox@=\box53
LaTeX Info: Redefining \big on input line 721.
LaTeX Info: Redefining \Big on input line 722.
LaTeX Info: Redefining \bigg on input line 723.
LaTeX Info: Redefining \Bigg on input line 724.
\big@size=\dimen144
LaTeX Font Info:    Redeclaring font encoding OML on input line 742.
LaTeX Font Info:    Redeclaring font encoding OMS on input line 743.
\macc@depth=\count272
LaTeX Info: Redefining \bmod on input line 904.
LaTeX Info: Redefining \pmod on input line 909.
LaTeX Info: Redefining \smash on input line 939.
LaTeX Info: Redefining \relbar on input line 969.
LaTeX Info: Redefining \Relbar on input line 970.
\c@MaxMatrixCols=\count273
\dotsspace@=\muskip17
\c@parentequation=\count274
\dspbrk@lvl=\count275
\tag@help=\toks18
\row@=\count276
\column@=\count277
\maxfields@=\count278
\andhelp@=\toks19
\eqnshift@=\dimen145
\alignsep@=\dimen146
\tagshift@=\dimen147
\tagwidth@=\dimen148
\totwidth@=\dimen149
\lineht@=\dimen150
\@envbody=\toks20
\multlinegap=\skip52
\multlinetaggap=\skip53
\mathdisplay@stack=\toks21
LaTeX Info: Redefining \[ on input line 2953.
LaTeX Info: Redefining \] on input line 2954.
)
(/usr/local/texlive/2025basic/texmf-dist/tex/latex/amsfonts/amsfonts.sty
Package: amsfonts 2013/01/14 v3.01 Basic AMSFonts support
\symAMSa=\mathgroup4
\symAMSb=\mathgroup5
LaTeX Font Info:    Redeclaring math symbol \hbar on input line 98.
LaTeX Font Info:    Overwriting math alphabet `\mathfrak' in version `bold'
(Font)                  U/euf/m/n --> U/euf/b/n on input line 106.
)
(/usr/local/texlive/2025basic/texmf-dist/tex/latex/amsfonts/amssymb.sty
Package: amssymb 2013/01/14 v3.01 AMS font symbols
)
(/usr/local/texlive/2025basic/texmf-dist/tex/latex/mhchem/mhchem.sty
Package: mhchem 2024/01/29 v4.10 for typesetting chemical formulae

(/usr/local/texlive/2025basic/texmf-dist/tex/latex/l3kernel/expl3.sty
Package: expl3 2025-01-18 L3 programming layer (loader) 

(/usr/local/texlive/2025basic/texmf-dist/tex/latex/l3backend/l3backend-xetex.de
f
File: l3backend-xetex.def 2024-05-08 L3 backend support: XeTeX
\g__graphics_track_int=\count279
\l__pdf_internal_box=\box54
\g__pdf_backend_annotation_int=\count280
\g__pdf_backend_link_int=\count281
))
(/usr/local/texlive/2025basic/texmf-dist/tex/latex/l3packages/l3keys2e/l3keys2e
.sty
Package: l3keys2e 2024-08-16 LaTeX2e option processing using LaTeX3 keys
) (/usr/local/texlive/2025basic/texmf-dist/tex/latex/tools/calc.sty
Package: calc 2023/07/08 v4.3 Infix arithmetic (KKT,FJ)
\calc@Acount=\count282
\calc@Bcount=\count283
\calc@Adimen=\dimen151
\calc@Bdimen=\dimen152
\calc@Askip=\skip54
\calc@Bskip=\skip55
LaTeX Info: Redefining \setlength on input line 80.
LaTeX Info: Redefining \addtolength on input line 81.
\calc@Ccount=\count284
\calc@Cskip=\skip56
)
(/usr/local/texlive/2025basic/texmf-dist/tex/latex/chemgreek/chemgreek.sty
(/usr/local/texlive/2025basic/texmf-dist/tex/latex/l3packages/xparse/xparse.sty
Package: xparse 2024-08-16 L3 Experimental document command parser
)
Package: chemgreek 2020/01/16 v1.1a interface for upright Greek letters for use
 in chemistry (CN)
\l__chemgreek_tmpa_int=\count285
\g__chemgreek_tmpa_int=\count286
) (/usr/local/texlive/2025basic/texmf-dist/tex/latex/graphics/graphics.sty
Package: graphics 2024/08/06 v1.4g Standard LaTeX Graphics (DPC,SPQR)

(/usr/local/texlive/2025basic/texmf-dist/tex/latex/graphics/trig.sty
Package: trig 2023/12/02 v1.11 sin cos tan (DPC)
)
(/usr/local/texlive/2025basic/texmf-dist/tex/latex/graphics-cfg/graphics.cfg
File: graphics.cfg 2016/06/04 v1.11 sample graphics configuration
)
Package graphics Info: Driver file: xetex.def on input line 106.

(/usr/local/texlive/2025basic/texmf-dist/tex/latex/graphics-def/xetex.def
File: xetex.def 2022/09/22 v5.0n Graphics/color driver for xetex
))
\l__mhchem_ce_distanceFromLastComma_int=\count287
\__mhchem_arrow_extPgfLength_skip=\skip57
\mhchem@minispace@tmp=\skip58
\mhchem@minibackspace@tmp=\skip59
\mhchem@bondwidth=\skip60
\mhchem@bondheight=\skip61
\mhchem@smallbondwidth@tmpA=\skip62
\mhchem@smallbondwidth@tmpB=\skip63
\mhchem@smallbondwidth=\skip64
\mhchem@bondtmp@minussidebearingleft=\skip65
\mhchem@bondtmp@minussidebearingright=\skip66
\l__mhchem_option_version_int=\count288
\mhchem@option@minusmathsidebearingleft=\dimen153
\mhchem@option@minusmathsidebearingright=\dimen154
\mhchem@option@minustextsidebearingleft=\dimen155
\mhchem@option@minustextsidebearingright=\dimen156
)
(/usr/local/texlive/2025basic/texmf-dist/tex/latex/stmaryrd/stmaryrd.sty
Package: stmaryrd 1994/03/03 St Mary's Road symbol package
\symstmry=\mathgroup6
LaTeX Font Info:    Overwriting symbol font `stmry' in version `bold'
(Font)                  U/stmry/m/n --> U/stmry/b/n on input line 89.
)
(/usr/local/texlive/2025basic/texmf-dist/tex/latex/graphics/graphicx.sty
Package: graphicx 2021/09/16 v1.2d Enhanced LaTeX Graphics (DPC,SPQR)

(/usr/local/texlive/2025basic/texmf-dist/tex/latex/graphics/keyval.sty
Package: keyval 2022/05/29 v1.15 key=value parser (DPC)
\KV@toks@=\toks22
)
\Gin@req@height=\dimen157
\Gin@req@width=\dimen158
)
(/usr/local/texlive/2025basic/texmf-dist/tex/latex/adjustbox/adjustbox.sty
Package: adjustbox 2025/02/26 v1.3c Adjusting TeX boxes (trim, clip, ...)

(/usr/local/texlive/2025basic/texmf-dist/tex/latex/xkeyval/xkeyval.sty
Package: xkeyval 2022/06/16 v2.9 package option processing (HA)

(/usr/local/texlive/2025basic/texmf-dist/tex/generic/xkeyval/xkeyval.tex
(/usr/local/texlive/2025basic/texmf-dist/tex/generic/xkeyval/xkvutils.tex
\XKV@toks=\toks23
\XKV@tempa@toks=\toks24
)
\XKV@depth=\count289
File: xkeyval.tex 2014/12/03 v2.7a key=value parser (HA)
))
(/usr/local/texlive/2025basic/texmf-dist/tex/latex/adjustbox/adjcalc.sty
Package: adjcalc 2012/05/16 v1.1 Provides advanced setlength with multiple back
-ends (calc, etex, pgfmath)
)
(/usr/local/texlive/2025basic/texmf-dist/tex/latex/adjustbox/trimclip.sty
Package: trimclip 2025/02/21 v1.2a Trim and clip general TeX material

(/usr/local/texlive/2025basic/texmf-dist/tex/latex/collectbox/collectbox.sty
Package: collectbox 2022/10/17 v0.4c Collect macro arguments as boxes
\collectedbox=\box55
)
\tc@llx=\dimen159
\tc@lly=\dimen160
\tc@urx=\dimen161
\tc@ury=\dimen162
Package trimclip Info: Using driver 'tc-xetex.def'.

(/usr/local/texlive/2025basic/texmf-dist/tex/latex/adjustbox/tc-xetex.def
File: tc-xetex.def 2019/01/04 v2.2 Clipping driver for xetex
))
\adjbox@Width=\dimen163
\adjbox@Height=\dimen164
\adjbox@Depth=\dimen165
\adjbox@Totalheight=\dimen166
\adjbox@pwidth=\dimen167
\adjbox@pheight=\dimen168
\adjbox@pdepth=\dimen169
\adjbox@ptotalheight=\dimen170

(/usr/local/texlive/2025basic/texmf-dist/tex/latex/ifoddpage/ifoddpage.sty
Package: ifoddpage 2022/10/18 v1.2 Conditionals for odd/even page detection
\c@checkoddpage=\count290
)
(/usr/local/texlive/2025basic/texmf-dist/tex/latex/varwidth/varwidth.sty
Package: varwidth 2009/03/30 ver 0.92;  Variable-width minipages
\@vwid@box=\box56
\sift@deathcycles=\count291
\@vwid@loff=\dimen171
\@vwid@roff=\dimen172
))
(/usr/local/texlive/2025basic/texmf-dist/tex/latex/fvextra/fvextra.sty
Package: fvextra 2025/05/29 v1.13.2 fvextra - extensions and patches for fancyv
rb

(/usr/local/texlive/2025basic/texmf-dist/tex/latex/etoolbox/etoolbox.sty
Package: etoolbox 2025/02/11 v2.5l e-TeX tools for LaTeX (JAW)
\etb@tempcnta=\count292
)
(/usr/local/texlive/2025basic/texmf-dist/tex/latex/fancyvrb/fancyvrb.sty
Package: fancyvrb 2024/01/20 4.5c verbatim text (tvz,hv)
\FV@CodeLineNo=\count293
\FV@InFile=\read2
\FV@TabBox=\box57
\c@FancyVerbLine=\count294
\FV@StepNumber=\count295
\FV@OutFile=\write3
)
(/usr/local/texlive/2025basic/texmf-dist/tex/generic/pdftexcmds/pdftexcmds.sty
Package: pdftexcmds 2020-06-27 v0.33 Utility functions of pdfTeX for LuaTeX (HO
)

(/usr/local/texlive/2025basic/texmf-dist/tex/generic/infwarerr/infwarerr.sty
Package: infwarerr 2019/12/03 v1.5 Providing info/warning/error messages (HO)
)
(/usr/local/texlive/2025basic/texmf-dist/tex/generic/iftex/iftex.sty
Package: iftex 2024/12/12 v1.0g TeX engine tests
)
(/usr/local/texlive/2025basic/texmf-dist/tex/generic/ltxcmds/ltxcmds.sty
Package: ltxcmds 2023-12-04 v1.26 LaTeX kernel commands for general use (HO)
)
Package pdftexcmds Info: \pdf@primitive is available.
Package pdftexcmds Info: \pdf@ifprimitive is available.
Package pdftexcmds Info: \pdfdraftmode not found.
)
(/usr/local/texlive/2025basic/texmf-dist/tex/latex/upquote/upquote.sty
Package: upquote 2012/04/19 v1.3 upright-quote and grave-accent glyphs in verba
tim

(/usr/local/texlive/2025basic/texmf-dist/tex/latex/base/textcomp.sty
Package: textcomp 2024/04/24 v2.1b Standard LaTeX package
))
(/usr/local/texlive/2025basic/texmf-dist/tex/latex/lineno/lineno.sty
Package: lineno 2025/01/29 line numbers on paragraphs v5.4

(/usr/local/texlive/2025basic/texmf-dist/tex/latex/kvoptions/kvoptions.sty
Package: kvoptions 2022-06-15 v3.15 Key value format for package options (HO)

(/usr/local/texlive/2025basic/texmf-dist/tex/latex/kvsetkeys/kvsetkeys.sty
Package: kvsetkeys 2022-10-05 v1.19 Key value parser (HO)
))
\linenopenalty=\count296
\output=\toks25
\linenoprevgraf=\count297
\linenumbersep=\dimen173
\linenumberwidth=\dimen174
\c@linenumber=\count298
\c@pagewiselinenumber=\count299
\c@LN@truepage=\count300
\c@internallinenumber=\count301
\c@internallinenumbers=\count302
\quotelinenumbersep=\dimen175
\bframerule=\dimen176
\bframesep=\dimen177
\bframebox=\box58
\@LN@amsmath@ams@eqpen=\count303
LaTeX Info: Redefining \\ on input line 3187.
)
\c@FancyVerbWriteLine=\count304
\c@FancyVerbBufferLine=\count305
\c@FV@TrueTabGroupLevel=\count306
\c@FV@TrueTabCounter=\count307
\FV@TabBox@Group=\box59
\FV@bgcolorstructbox=\box60
\FV@TmpLength=\skip67
\c@FV@HighlightLinesStart=\count308
\c@FV@HighlightLinesStop=\count309
\FV@LoopCount=\count310
\FV@NCharsBox=\box61
\FV@BreakIndent=\dimen178
\FV@BreakIndentNChars=\count311
\FV@BreakSymbolSepLeft=\dimen179
\FV@BreakSymbolSepLeftNChars=\count312
\FV@BreakSymbolSepRight=\dimen180
\FV@BreakSymbolSepRightNChars=\count313
\FV@BreakSymbolIndentLeft=\dimen181
\FV@BreakSymbolIndentLeftNChars=\count314
\FV@BreakSymbolIndentRight=\dimen182
\FV@BreakSymbolIndentRightNChars=\count315
\c@FancyVerbLineBreakLast=\count316
\FV@LineBox=\box62
\FV@LineIndentBox=\box63
\c@FV@BreakBufferDepth=\count317
\FV@LineWidth=\dimen183
)
(/usr/local/texlive/2025basic/texmf-dist/tex/latex/csquotes/csquotes.sty
Package: csquotes 2024-04-04 v5.2o context-sensitive quotations (JAW)
\csq@reset=\count318
\csq@gtype=\count319
\csq@glevel=\count320
\csq@qlevel=\count321
\csq@maxlvl=\count322
\csq@tshold=\count323
\csq@ltx@everypar=\toks26

(/usr/local/texlive/2025basic/texmf-dist/tex/latex/csquotes/csquotes.def
File: csquotes.def 2024-04-04 v5.2o csquotes generic definitions (JAW)
)
Package csquotes Info: Trying to load configuration file 'csquotes.cfg'...
Package csquotes Info: ... configuration file loaded successfully.

(/usr/local/texlive/2025basic/texmf-dist/tex/latex/csquotes/csquotes.cfg
File: csquotes.cfg 
))
(/usr/local/texlive/2025basic/texmf-dist/tex/latex/multirow/multirow.sty
Package: multirow 2024/11/12 v2.9 Span multiple rows of a table
\multirow@colwidth=\skip68
\multirow@cntb=\count324
\multirow@dima=\skip69
\bigstrutjot=\dimen184
)
(/usr/local/texlive/2025basic/texmf-dist/tex/latex/hyperref/hyperref.sty
Package: hyperref 2024-11-05 v7.01l Hypertext links for LaTeX

(/usr/local/texlive/2025basic/texmf-dist/tex/generic/kvdefinekeys/kvdefinekeys.
sty
Package: kvdefinekeys 2019-12-19 v1.6 Define keys (HO)
)
(/usr/local/texlive/2025basic/texmf-dist/tex/generic/pdfescape/pdfescape.sty
Package: pdfescape 2019/12/09 v1.15 Implements pdfTeX's escape features (HO)
)
(/usr/local/texlive/2025basic/texmf-dist/tex/latex/hycolor/hycolor.sty
Package: hycolor 2020-01-27 v1.10 Color options for hyperref/bookmark (HO)
)
(/usr/local/texlive/2025basic/texmf-dist/tex/latex/hyperref/nameref.sty
Package: nameref 2023-11-26 v2.56 Cross-referencing by name of section

(/usr/local/texlive/2025basic/texmf-dist/tex/latex/refcount/refcount.sty
Package: refcount 2019/12/15 v3.6 Data extraction from label references (HO)
)
(/usr/local/texlive/2025basic/texmf-dist/tex/generic/gettitlestring/gettitlestr
ing.sty
Package: gettitlestring 2019/12/15 v1.6 Cleanup title references (HO)
)
\c@section@level=\count325
)
(/usr/local/texlive/2025basic/texmf-dist/tex/generic/stringenc/stringenc.sty
Package: stringenc 2019/11/29 v1.12 Convert strings between diff. encodings (HO
)
)
\@linkdim=\dimen185
\Hy@linkcounter=\count326
\Hy@pagecounter=\count327

(/usr/local/texlive/2025basic/texmf-dist/tex/latex/hyperref/pd1enc.def
File: pd1enc.def 2024-11-05 v7.01l Hyperref: PDFDocEncoding definition (HO)
)
(/usr/local/texlive/2025basic/texmf-dist/tex/generic/intcalc/intcalc.sty
Package: intcalc 2019/12/15 v1.3 Expandable calculations with integers (HO)
)
\Hy@SavedSpaceFactor=\count328

(/usr/local/texlive/2025basic/texmf-dist/tex/latex/hyperref/puenc.def
File: puenc.def 2024-11-05 v7.01l Hyperref: PDF Unicode definition (HO)
)
Package hyperref Info: Hyper figures OFF on input line 4157.
Package hyperref Info: Link nesting OFF on input line 4162.
Package hyperref Info: Hyper index ON on input line 4165.
Package hyperref Info: Plain pages OFF on input line 4172.
Package hyperref Info: Backreferencing OFF on input line 4177.
Package hyperref Info: Implicit mode ON; LaTeX internals redefined.
Package hyperref Info: Bookmarks ON on input line 4424.
\c@Hy@tempcnt=\count329

(/usr/local/texlive/2025basic/texmf-dist/tex/latex/url/url.sty
\Urlmuskip=\muskip18
Package: url 2013/09/16  ver 3.4  Verb mode for urls, etc.
)
LaTeX Info: Redefining \url on input line 4763.
\XeTeXLinkMargin=\dimen186

(/usr/local/texlive/2025basic/texmf-dist/tex/generic/bitset/bitset.sty
Package: bitset 2019/12/09 v1.3 Handle bit-vector datatype (HO)

(/usr/local/texlive/2025basic/texmf-dist/tex/generic/bigintcalc/bigintcalc.sty
Package: bigintcalc 2019/12/15 v1.5 Expandable calculations on big integers (HO
)
))
\Fld@menulength=\count330
\Field@Width=\dimen187
\Fld@charsize=\dimen188
Package hyperref Info: Hyper figures OFF on input line 6042.
Package hyperref Info: Link nesting OFF on input line 6047.
Package hyperref Info: Hyper index ON on input line 6050.
Package hyperref Info: backreferencing OFF on input line 6057.
Package hyperref Info: Link coloring OFF on input line 6062.
Package hyperref Info: Link coloring with OCG OFF on input line 6067.
Package hyperref Info: PDF/A mode OFF on input line 6072.
 (/usr/local/texlive/2025basic/texmf-dist/tex/latex/base/atbegshi-ltx.sty
Package: atbegshi-ltx 2021/01/10 v1.0c Emulation of the original atbegshi
package with kernel methods
)
\Hy@abspage=\count331
\c@Item=\count332
\c@Hfootnote=\count333
)
Package hyperref Info: Driver (autodetected): hxetex.

(/usr/local/texlive/2025basic/texmf-dist/tex/latex/hyperref/hxetex.def
File: hxetex.def 2024-11-05 v7.01l Hyperref driver for XeTeX
\pdfm@box=\box64
\c@Hy@AnnotLevel=\count334
\HyField@AnnotCount=\count335
\Fld@listcount=\count336
\c@bookmark@seq@number=\count337

(/usr/local/texlive/2025basic/texmf-dist/tex/latex/rerunfilecheck/rerunfilechec
k.sty
Package: rerunfilecheck 2022-07-10 v1.10 Rerun checks for auxiliary files (HO)
 (/usr/local/texlive/2025basic/texmf-dist/tex/latex/base/atveryend-ltx.sty
Package: atveryend-ltx 2020/08/19 v1.0a Emulation of the original atveryend pac
kage
with kernel methods
)
(/usr/local/texlive/2025basic/texmf-dist/tex/generic/uniquecounter/uniquecounte
r.sty
Package: uniquecounter 2019/12/15 v1.4 Provide unlimited unique counter (HO)
)
Package uniquecounter Info: New unique counter `rerunfilecheck' on input line 2
85.
)
\Hy@SectionHShift=\skip70
)
Package hyperref Info: Option `colorlinks' set `true' on input line 13.

(/usr/local/texlive/2025basic/texmf-dist/tex/latex/underscore/underscore.sty
Package: underscore 2006/09/13
LaTeX Info: Redefining \_ on input line 42.
)
(/usr/local/texlive/2025basic/texmf-dist/tex/latex/firstaid/underscore-ltx.sty
Package: underscore-ltx 2023/09/20 LaTeX firstaid to make underscore protected 

) (/usr/local/texlive/2025basic/texmf-dist/tex/latex/bbold/bbold.sty
Package: bbold 1994/04/06 Bbold symbol package
LaTeX Font Info:    Redeclaring math alphabet \mathbb on input line 42.
)
(/usr/local/texlive/2025basic/texmf-dist/tex/xelatex/xecjk/xeCJK.sty
Package: xeCJK 2022/08/05 v3.9.1 Typesetting CJK scripts with XeLaTeX

(/usr/local/texlive/2025basic/texmf-dist/tex/latex/ctex/ctexhook.sty
Package: ctexhook 2022/07/14 v2.5.10 Document and package hooks (CTEX)
)
(/usr/local/texlive/2025basic/texmf-dist/tex/latex/l3packages/xtemplate/xtempla
te.sty
Package: xtemplate 2024-08-16 L3 Experimental prototype document functions
)
\l__xeCJK_tmp_int=\count338
\l__xeCJK_tmp_box=\box65
\l__xeCJK_tmp_dim=\dimen189
\l__xeCJK_tmp_skip=\skip71
\g__xeCJK_space_factor_int=\count339
\l__xeCJK_begin_int=\count340
\l__xeCJK_end_int=\count341
\c__xeCJK_CJK_class_int=\XeTeXcharclass1
\c__xeCJK_FullLeft_class_int=\XeTeXcharclass2
\c__xeCJK_FullRight_class_int=\XeTeXcharclass3
\c__xeCJK_HalfLeft_class_int=\XeTeXcharclass4
\c__xeCJK_HalfRight_class_int=\XeTeXcharclass5
\c__xeCJK_NormalSpace_class_int=\XeTeXcharclass6
\c__xeCJK_CM_class_int=\XeTeXcharclass7
\c__xeCJK_HangulJamo_class_int=\XeTeXcharclass8
\l__xeCJK_last_skip=\skip72
\c__xeCJK_none_node=\count342
\g__xeCJK_node_int=\count343
\c__xeCJK_CJK_node_dim=\dimen190
\c__xeCJK_CJK-space_node_dim=\dimen191
\c__xeCJK_default_node_dim=\dimen192
\c__xeCJK_CJK-widow_node_dim=\dimen193
\c__xeCJK_normalspace_node_dim=\dimen194
\c__xeCJK_default-space_node_skip=\skip73
\l__xeCJK_ccglue_skip=\skip74
\l__xeCJK_ecglue_skip=\skip75
\l__xeCJK_punct_kern_skip=\skip76
\l__xeCJK_indent_box=\box66
\l__xeCJK_last_penalty_int=\count344
\l__xeCJK_last_bound_dim=\dimen195
\l__xeCJK_last_kern_dim=\dimen196
\l__xeCJK_widow_penalty_int=\count345

LaTeX template Info: Declaring template type 'xeCJK/punctuation' taking 0
(template)           argument(s) on line 2396.

\l__xeCJK_fixed_punct_width_dim=\dimen197
\l__xeCJK_mixed_punct_width_dim=\dimen198
\l__xeCJK_middle_punct_width_dim=\dimen199
\l__xeCJK_fixed_margin_width_dim=\dimen256
\l__xeCJK_mixed_margin_width_dim=\dimen257
\l__xeCJK_middle_margin_width_dim=\dimen258
\l__xeCJK_bound_punct_width_dim=\dimen259
\l__xeCJK_bound_margin_width_dim=\dimen260
\l__xeCJK_margin_minimum_dim=\dimen261
\l__xeCJK_kerning_total_width_dim=\dimen262
\l__xeCJK_same_align_margin_dim=\dimen263
\l__xeCJK_different_align_margin_dim=\dimen264
\l__xeCJK_kerning_margin_width_dim=\dimen265
\l__xeCJK_kerning_margin_minimum_dim=\dimen266
\l__xeCJK_bound_dim=\dimen267
\l__xeCJK_reverse_bound_dim=\dimen268
\l__xeCJK_margin_dim=\dimen269
\l__xeCJK_minimum_bound_dim=\dimen270
\l__xeCJK_kerning_margin_dim=\dimen271
\g__xeCJK_family_int=\count346
\l__xeCJK_fam_int=\count347
\g__xeCJK_fam_allocation_int=\count348
\l__xeCJK_verb_case_int=\count349
\l__xeCJK_verb_exspace_skip=\skip77

(/usr/local/texlive/2025basic/texmf-dist/tex/latex/fontspec/fontspec.sty
Package: fontspec 2024/05/11 v2.9e Font selection for XeLaTeX and LuaLaTeX

(/usr/local/texlive/2025basic/texmf-dist/tex/latex/fontspec/fontspec-xetex.sty
Package: fontspec-xetex 2024/05/11 v2.9e Font selection for XeLaTeX and LuaLaTe
X
\l__fontspec_script_int=\count350
\l__fontspec_language_int=\count351
\l__fontspec_strnum_int=\count352
\l__fontspec_tmp_int=\count353
\l__fontspec_tmpa_int=\count354
\l__fontspec_tmpb_int=\count355
\l__fontspec_tmpc_int=\count356
\l__fontspec_em_int=\count357
\l__fontspec_emdef_int=\count358
\l__fontspec_strong_int=\count359
\l__fontspec_strongdef_int=\count360
\l__fontspec_tmpa_dim=\dimen272
\l__fontspec_tmpb_dim=\dimen273
\l__fontspec_tmpc_dim=\dimen274

(/usr/local/texlive/2025basic/texmf-dist/tex/latex/base/fontenc.sty
Package: fontenc 2021/04/29 v2.0v Standard LaTeX package
)
(/usr/local/texlive/2025basic/texmf-dist/tex/latex/fontspec/fontspec.cfg)))
(/usr/local/texlive/2025basic/texmf-dist/tex/xelatex/xecjk/xeCJK.cfg
File: xeCJK.cfg 2022/08/05 v3.9.1 Configuration file for xeCJK package
))
(/usr/local/texlive/2025basic/texmf-dist/tex/latex/polyglossia/polyglossia.sty
Package: polyglossia 2025/01/31 v2.4 Modern multilingual typesetting with XeLaT
eX and LuaLaTeX
\l_xpg_alias_keyvals_int=\count361

(/usr/local/texlive/2025basic/texmf-dist/tex/latex/polyglossia/gloss-latex.ldf
File: gloss-latex.ldf polyglossia: module for default language
))

Package fontspec Info: 
(fontspec)             Script 'CJK' not explicitly supported within font
(fontspec)             'STSong'. Check the typeset output, and if it is okay
(fontspec)             then ignore this warning. Otherwise a different font
(fontspec)             should be chosen.


Package fontspec Info: 
(fontspec)             Could not resolve font "STSong/BI" (it probably doesn't
(fontspec)             exist).


Package fontspec Info: 
(fontspec)             Could not resolve font "STSong/B" (it probably doesn't
(fontspec)             exist).


Package fontspec Info: 
(fontspec)             Could not resolve font "STSong/I" (it probably doesn't
(fontspec)             exist).


Package fontspec Info: 
(fontspec)             Font family 'STSong(0)' created for font 'STSong' with
(fontspec)             options [Script={CJK}].
(fontspec)              
(fontspec)              This font family consists of the following NFSS
(fontspec)             series/shapes:
(fontspec)              
(fontspec)             - 'normal' (m/n) with NFSS spec.:
(fontspec)             <->"STSong/OT:script=hani;language=dflt;"


(/usr/local/texlive/2025basic/texmf-dist/tex/latex/polyglossia/gloss-english.ld
f
File: gloss-english.ldf polyglossia: module for English
)

Package polyglossia Info: Default language is english


Package fontspec Info: 
(fontspec)             Font family 'Georgia(0)' created for font 'Georgia'
(fontspec)             with options [Ligatures=TeX].
(fontspec)              
(fontspec)              This font family consists of the following NFSS
(fontspec)             series/shapes:
(fontspec)              
(fontspec)             - 'normal' (m/n) with NFSS spec.:
(fontspec)             <->"Georgia/OT:script=latn;language=dflt;mapping=tex-tex
t;"
(fontspec)             - 'bold' (b/n) with NFSS spec.:
(fontspec)             <->"Georgia/B/OT:script=latn;language=dflt;mapping=tex-t
ext;"
(fontspec)             - 'italic' (m/it) with NFSS spec.:
(fontspec)             <->"Georgia/I/OT:script=latn;language=dflt;mapping=tex-t
ext;"
(fontspec)             - 'bold italic' (b/it) with NFSS spec.:
(fontspec)             <->"Georgia/BI/OT:script=latn;language=dflt;mapping=tex-
text;"

 (/usr/local/texlive/2025basic/texmf-dist/tex/latex/base/makeidx.sty
Package: makeidx 2021/10/04 v1.0m Standard LaTeX package
)
\@indexfile=\write4
\openout4 = `ai_final.idx'.


Writing index file ai_final.idx
Package csquotes Info: Checking for multilingual support...
Package csquotes Info: ... found 'polyglossia' package.
Package csquotes Info: Adjusting default style.
Package csquotes Info: Redefining alias 'default' -> 'american'.
(/Users/jrathi/Projects/pdf-2-latex/files/ai/balance-checker/ai_final.aux)
\openout1 = `ai_final.aux'.

LaTeX Font Info:    Checking defaults for OML/cmm/m/it on input line 59.
LaTeX Font Info:    ... okay on input line 59.
LaTeX Font Info:    Checking defaults for OMS/cmsy/m/n on input line 59.
LaTeX Font Info:    ... okay on input line 59.
LaTeX Font Info:    Checking defaults for OT1/cmr/m/n on input line 59.
LaTeX Font Info:    ... okay on input line 59.
LaTeX Font Info:    Checking defaults for T1/cmr/m/n on input line 59.
LaTeX Font Info:    ... okay on input line 59.
LaTeX Font Info:    Checking defaults for TS1/cmr/m/n on input line 59.
LaTeX Font Info:    ... okay on input line 59.
LaTeX Font Info:    Checking defaults for TU/lmr/m/n on input line 59.
LaTeX Font Info:    ... okay on input line 59.
LaTeX Font Info:    Checking defaults for OMX/cmex/m/n on input line 59.
LaTeX Font Info:    ... okay on input line 59.
LaTeX Font Info:    Checking defaults for U/cmr/m/n on input line 59.
LaTeX Font Info:    ... okay on input line 59.
LaTeX Font Info:    Checking defaults for PD1/pdf/m/n on input line 59.
LaTeX Font Info:    ... okay on input line 59.
LaTeX Font Info:    Checking defaults for PU/pdf/m/n on input line 59.
LaTeX Font Info:    ... okay on input line 59.

Package chemgreek Info: Activating mapping `fontspec' on line 59.


(/usr/local/texlive/2025basic/texmf-dist/tex/latex/graphics/color.sty
Package: color 2024/06/23 v1.3e Standard LaTeX Color (DPC)

(/usr/local/texlive/2025basic/texmf-dist/tex/latex/graphics-cfg/color.cfg
File: color.cfg 2016/01/02 v1.6 sample color configuration
)
Package color Info: Driver file: xetex.def on input line 149.

(/usr/local/texlive/2025basic/texmf-dist/tex/latex/graphics/mathcolor.ltx))
Package hyperref Info: Link coloring ON on input line 59.

(/Users/jrathi/Projects/pdf-2-latex/files/ai/balance-checker/ai_final.out)
(/Users/jrathi/Projects/pdf-2-latex/files/ai/balance-checker/ai_final.out)
\@outlinefile=\write5
\openout5 = `ai_final.out'.



Package hyperref Warning: Rerun to get /PageLabels entry.


Package fontspec Info: 
(fontspec)             Adjusting the maths setup (use [no-math] to avoid
(fontspec)             this).

\symlegacymaths=\mathgroup7
LaTeX Font Info:    Overwriting symbol font `legacymaths' in version `bold'
(Font)                  OT1/cmr/m/n --> OT1/cmr/bx/n on input line 59.
LaTeX Font Info:    Redeclaring math accent \acute on input line 59.
LaTeX Font Info:    Redeclaring math accent \grave on input line 59.
LaTeX Font Info:    Redeclaring math accent \ddot on input line 59.
LaTeX Font Info:    Redeclaring math accent \tilde on input line 59.
LaTeX Font Info:    Redeclaring math accent \bar on input line 59.
LaTeX Font Info:    Redeclaring math accent \breve on input line 59.
LaTeX Font Info:    Redeclaring math accent \check on input line 59.
LaTeX Font Info:    Redeclaring math accent \hat on input line 59.
LaTeX Font Info:    Redeclaring math accent \dot on input line 59.
LaTeX Font Info:    Redeclaring math accent \mathring on input line 59.
LaTeX Font Info:    Redeclaring math symbol \Gamma on input line 59.
LaTeX Font Info:    Redeclaring math symbol \Delta on input line 59.
LaTeX Font Info:    Redeclaring math symbol \Theta on input line 59.
LaTeX Font Info:    Redeclaring math symbol \Lambda on input line 59.
LaTeX Font Info:    Redeclaring math symbol \Xi on input line 59.
LaTeX Font Info:    Redeclaring math symbol \Pi on input line 59.
LaTeX Font Info:    Redeclaring math symbol \Sigma on input line 59.
LaTeX Font Info:    Redeclaring math symbol \Upsilon on input line 59.
LaTeX Font Info:    Redeclaring math symbol \Phi on input line 59.
LaTeX Font Info:    Redeclaring math symbol \Psi on input line 59.
LaTeX Font Info:    Redeclaring math symbol \Omega on input line 59.
LaTeX Font Info:    Redeclaring math symbol \mathdollar on input line 59.
LaTeX Font Info:    Redeclaring symbol font `operators' on input line 59.
LaTeX Font Info:    Encoding `OT1' has changed to `TU' for symbol font
(Font)              `operators' in the math version `normal' on input line 59.
LaTeX Font Info:    Overwriting symbol font `operators' in version `normal'
(Font)                  OT1/cmr/m/n --> TU/Georgia(0)/m/n on input line 59.
LaTeX Font Info:    Encoding `OT1' has changed to `TU' for symbol font
(Font)              `operators' in the math version `bold' on input line 59.
LaTeX Font Info:    Overwriting symbol font `operators' in version `bold'
(Font)                  OT1/cmr/bx/n --> TU/Georgia(0)/m/n on input line 59.
LaTeX Font Info:    Overwriting symbol font `operators' in version `normal'
(Font)                  TU/Georgia(0)/m/n --> TU/Georgia(0)/m/n on input line 5
9.
LaTeX Font Info:    Overwriting math alphabet `\mathit' in version `normal'
(Font)                  OT1/cmr/m/it --> TU/Georgia(0)/m/it on input line 59.
LaTeX Font Info:    Overwriting math alphabet `\mathbf' in version `normal'
(Font)                  OT1/cmr/bx/n --> TU/Georgia(0)/b/n on input line 59.
LaTeX Font Info:    Overwriting math alphabet `\mathsf' in version `normal'
(Font)                  OT1/cmss/m/n --> TU/lmss/m/n on input line 59.
LaTeX Font Info:    Overwriting math alphabet `\mathtt' in version `normal'
(Font)                  OT1/cmtt/m/n --> TU/lmtt/m/n on input line 59.
LaTeX Font Info:    Overwriting symbol font `operators' in version `bold'
(Font)                  TU/Georgia(0)/m/n --> TU/Georgia(0)/b/n on input line 5
9.
LaTeX Font Info:    Overwriting math alphabet `\mathit' in version `bold'
(Font)                  OT1/cmr/bx/it --> TU/Georgia(0)/b/it on input line 59.
LaTeX Font Info:    Overwriting math alphabet `\mathsf' in version `bold'
(Font)                  OT1/cmss/bx/n --> TU/lmss/b/n on input line 59.
LaTeX Font Info:    Overwriting math alphabet `\mathtt' in version `bold'
(Font)                  OT1/cmtt/m/n --> TU/lmtt/b/n on input line 59.
(/Users/jrathi/Projects/pdf-2-latex/files/ai/balance-checker/ai_final.toc)
\tf@toc=\write6
\openout6 = `ai_final.toc'.

LaTeX Font Info:    Trying to load font information for U+msa on input line 104
.

(/usr/local/texlive/2025basic/texmf-dist/tex/latex/amsfonts/umsa.fd
File: umsa.fd 2013/01/14 v3.01 AMS symbols A
)
LaTeX Font Info:    Trying to load font information for U+msb on input line 104
.

(/usr/local/texlive/2025basic/texmf-dist/tex/latex/amsfonts/umsb.fd
File: umsb.fd 2013/01/14 v3.01 AMS symbols B
)
LaTeX Font Info:    Trying to load font information for U+stmry on input line 1
04.

(/usr/local/texlive/2025basic/texmf-dist/tex/latex/stmaryrd/Ustmry.fd)
Overfull \hbox (9.43217pt too wide) in paragraph at lines 72--282
[] \TU/Georgia(0)/m/n/10 11.4 Lim-
 []



[1


]
Underfull \vbox (badness 10000) has occurred while \output is active []



LaTeX Font Info:    Font shape `TU/Georgia(0)/m/sl' in size <10> not available
(Font)              Font shape `TU/Georgia(0)/m/it' tried instead on input line
 282.
[2]
Overfull \vbox (1449.0pt too high) has occurred while \output is active []



[3]
/Users/jrathi/Projects/pdf-2-latex/files/ai/balance-checker/ai_final.tex:297: U
nable to load picture or PDF file './images/2025_05_12_af19cd5e0d1b8a465ffeg-00
9.jpg'.
<to be read again> 
                   }
l.297 ...th]{2025_05_12_af19cd5e0d1b8a465ffeg-009}
                                                  
The requested image couldn't be read because
it was not a recognized image format.


/Users/jrathi/Projects/pdf-2-latex/files/ai/balance-checker/ai_final.tex:297: P
ackage graphics Error: Division by 0.

See the graphics package documentation for explanation.
Type  H <return>  for immediate help.
 ...                                              
                                                  
l.297 ...th]{2025_05_12_af19cd5e0d1b8a465ffeg-009}
                                                  
Your command was ignored.
Type  I <command> <return>  to replace it with another command,
or  <return>  to continue without it.

File: ./images/2025_05_12_af19cd5e0d1b8a465ffeg-009.jpg Graphic file (type bmp)

<./images/2025_05_12_af19cd5e0d1b8a465ffeg-009.jpg>

LaTeX Warning: Citation `braitenberg1984vehicles' on page 4 undefined on input 
line 300.



[4]

LaTeX Warning: Citation `britannica1991encyclopedia' on page 5 undefined on inp
ut line 302.


LaTeX Warning: Citation `rich1983ai' on page 5 undefined on input line 308.


Overfull \hbox (4.60292pt too wide) in paragraph at lines 311--312
[]\TU/Georgia(0)/m/n/10 Artificial Intelligence is the study of how to make com
puters do things
 []



[5]
/Users/jrathi/Projects/pdf-2-latex/files/ai/balance-checker/ai_final.tex:335: U
nable to load picture or PDF file './images/2025_05_12_af19cd5e0d1b8a465ffeg-01
1.jpg'.
<to be read again> 
                   }
l.335 ...th]{2025_05_12_af19cd5e0d1b8a465ffeg-011}
                                                  
The requested image couldn't be read because
it was not a recognized image format.


/Users/jrathi/Projects/pdf-2-latex/files/ai/balance-checker/ai_final.tex:335: P
ackage graphics Error: Division by 0.

See the graphics package documentation for explanation.
Type  H <return>  for immediate help.
 ...                                              
                                                  
l.335 ...th]{2025_05_12_af19cd5e0d1b8a465ffeg-011}
                                                  
Your command was ignored.
Type  I <command> <return>  to replace it with another command,
or  <return>  to continue without it.

File: ./images/2025_05_12_af19cd5e0d1b8a465ffeg-011.jpg Graphic file (type bmp)

<./images/2025_05_12_af19cd5e0d1b8a465ffeg-011.jpg>

LaTeX Warning: Citation `scientificamerican1998exploring' on page 6 undefined o
n input line 339.


LaTeX Warning: Citation `scientificamerican1997mysteries' on page 6 undefined o
n input line 339.


Overfull \hbox (1.24678pt too wide) in paragraph at lines 332--341
[]\TU/Georgia(0)/m/n/10 There are many interesting philosophical questions surr
ounding intelligence
 []



[6]

LaTeX Warning: Citation `turing1950computing' on page 7 undefined on input line
 342.


LaTeX Warning: Citation `weizenbaum1966eliza' on page 7 undefined on input line
 346.


LaTeX Warning: Citation `godel1931diskussion' on page 7 undefined on input line
 357.


LaTeX Warning: Citation `godel1931unentscheidbare' on page 7 undefined on input
 line 357.


LaTeX Warning: Citation `turing1937computable' on page 7 undefined on input lin
e 359.


LaTeX Warning: Citation `samuel1959checkers1' on page 7 undefined on input line
 367.


LaTeX Warning: Citation `newell1983logicmachine' on page 7 undefined on input l
ine 371.


LaTeX Warning: Citation `newell1961gps' on page 7 undefined on input line 377.


LaTeX Warning: Citation `robinson1965resolution' on page 7 undefined on input l
ine 381.


LaTeX Warning: Citation `minsky1969perceptrons' on page 7 undefined on input li
ne 385.


LaTeX Warning: Citation `dedombal1972cad' on page 7 undefined on input line 389
.


LaTeX Warning: Citation `mcdermott1982r1' on page 7 undefined on input line 395
.


LaTeX Warning: Citation `rumelhart1986pdp' on page 7 undefined on input line 39
7.


LaTeX Warning: Citation `sejnowski1986nettalk' on page 7 undefined on input lin
e 397.


LaTeX Warning: Citation `pearl1988probabilistic' on page 7 undefined on input l
ine 399.


LaTeX Warning: Citation `cheeseman1985defense' on page 7 undefined on input lin
e 399.


Overfull \hbox (1023.7038pt too wide) in paragraph at lines 355--402
 [][] 
 []


LaTeX Warning: Citation `robocupsite' on page 7 undefined on input line 411.


LaTeX Warning: Citation `silver2016go' on page 7 undefined on input line 437.


Overfull \hbox (1067.50426pt too wide) in paragraph at lines 407--440
 [][] 
 []



[7]

[8]
/Users/jrathi/Projects/pdf-2-latex/files/ai/balance-checker/ai_final.tex:452: U
nable to load picture or PDF file './images/2025_05_12_af19cd5e0d1b8a465ffeg-01
5.jpg'.
<to be read again> 
                   }
l.452 ...th]{2025_05_12_af19cd5e0d1b8a465ffeg-015}
                                                  
The requested image couldn't be read because
it was not a recognized image format.


/Users/jrathi/Projects/pdf-2-latex/files/ai/balance-checker/ai_final.tex:452: P
ackage graphics Error: Division by 0.

See the graphics package documentation for explanation.
Type  H <return>  for immediate help.
 ...                                              
                                                  
l.452 ...th]{2025_05_12_af19cd5e0d1b8a465ffeg-015}
                                                  
Your command was ignored.
Type  I <command> <return>  to replace it with another command,
or  <return>  to continue without it.

File: ./images/2025_05_12_af19cd5e0d1b8a465ffeg-015.jpg Graphic file (type bmp)

<./images/2025_05_12_af19cd5e0d1b8a465ffeg-015.jpg>

Overfull \hbox (0.73477pt too wide) in paragraph at lines 458--459
[]\TU/Georgia(0)/m/n/10 In the 1940s, based on results from neuroscience, McCul
loch, Pitts and Hebb
 []



[9]
Overfull \hbox (4.70839pt too wide) in paragraph at lines 461--462
\TU/Georgia(0)/m/n/10 Newell and Simon introduced Logic Theorist, the first aut
omatic theorem prover,
 []


LaTeX Warning: Citation `russell2010aima' on page 10 undefined on input line 46
9.



[10]
Overfull \hbox (8.77057pt too wide) in paragraph at lines 481--485
\TU/Georgia(0)/m/n/10 hensibility, the clean semantics of conditional probabili
ty, and from the centuries-
 []


Overfull \hbox (5.15782pt too wide) in paragraph at lines 481--485
\TU/Georgia(0)/m/n/10 old, mathematically grounded probability theory. The weak
nesses of logic, which
 []


LaTeX Warning: Citation `suttner1990heuristics' on page 11 undefined on input l
ine 486.


Overfull \hbox (0.31581pt too wide) in paragraph at lines 490--491
\TU/Georgia(0)/m/n/10 area of statistical data analysis for extraction of knowl
edge from large databases.
 []



[11]
Underfull \vbox (badness 1824) has occurred while \output is active []



[12]

LaTeX Warning: Citation `schwab2016futurejobs' on page 13 undefined on input li
ne 512.



[13]

LaTeX Warning: Citation `meadows1972limits' on page 14 undefined on input line 
521.


LaTeX Warning: Citation `randers2012forecast' on page 14 undefined on input lin
e 521.


LaTeX Warning: Citation `paech2016befreiung' on page 14 undefined on input line
 521.


LaTeX Warning: Citation `piketty2014kapital' on page 14 undefined on input line
 525.



[14]

LaTeX Warning: Citation `gesell1958natural' on page 15 undefined on input line 
535.


LaTeX Warning: Citation `felber2014gemeinwohl' on page 15 undefined on input li
ne 535.


LaTeX Warning: Citation `grahl2009loch' on page 15 undefined on input line 535.



LaTeX Warning: Citation `kummel2011secondlaw' on page 15 undefined on input lin
e 535.



[15]

LaTeX Warning: Citation `gao2014auto' on page 16 undefined on input line 562.


LaTeX Warning: Citation `greenblatt2015taxis' on page 16 undefined on input lin
e 562.


Overfull \hbox (5.15501pt too wide) in paragraph at lines 560--563
\TU/Georgia(0)/m/n/10 sponsibilities and expenses, such as refueling, technical
 service, cleaning, search-
 []



[16]
/Users/jrathi/Projects/pdf-2-latex/files/ai/balance-checker/ai_final.tex:577: U
nable to load picture or PDF file './images/2025_05_12_af19cd5e0d1b8a465ffeg-02
3.jpg'.
<to be read again> 
                   }
l.577 ...er]{2025_05_12_af19cd5e0d1b8a465ffeg-023}
                                                  
The requested image couldn't be read because
it was not a recognized image format.

File: ./images/2025_05_12_af19cd5e0d1b8a465ffeg-023.jpg Graphic file (type bmp)

<./images/2025_05_12_af19cd5e0d1b8a465ffeg-023.jpg>

LaTeX Warning: Citation `staehle2016marvin' on page 17 undefined on input line 
581.



[17]
/Users/jrathi/Projects/pdf-2-latex/files/ai/balance-checker/ai_final.tex:606: U
nable to load picture or PDF file './images/2025_05_12_af19cd5e0d1b8a465ffeg-02
4.jpg'.
<to be read again> 
                   }
l.606 ...er]{2025_05_12_af19cd5e0d1b8a465ffeg-024}
                                                  
The requested image couldn't be read because
it was not a recognized image format.

File: ./images/2025_05_12_af19cd5e0d1b8a465ffeg-024.jpg Graphic file (type bmp)

<./images/2025_05_12_af19cd5e0d1b8a465ffeg-024.jpg>


[18]
Overfull \hbox (94.31067pt too wide) in paragraph at lines 615--628
 [] 
 []



[19]
/Users/jrathi/Projects/pdf-2-latex/files/ai/balance-checker/ai_final.tex:653: U
nable to load picture or PDF file './images/2025_05_12_af19cd5e0d1b8a465ffeg-02
6.jpg'.
<to be read again> 
                   }
l.653 ...th]{2025_05_12_af19cd5e0d1b8a465ffeg-026}
                                                  
The requested image couldn't be read because
it was not a recognized image format.


/Users/jrathi/Projects/pdf-2-latex/files/ai/balance-checker/ai_final.tex:653: P
ackage graphics Error: Division by 0.

See the graphics package documentation for explanation.
Type  H <return>  for immediate help.
 ...                                              
                                                  
l.653 ...th]{2025_05_12_af19cd5e0d1b8a465ffeg-026}
                                                  
Your command was ignored.
Type  I <command> <return>  to replace it with another command,
or  <return>  to continue without it.

File: ./images/2025_05_12_af19cd5e0d1b8a465ffeg-026.jpg Graphic file (type bmp)

<./images/2025_05_12_af19cd5e0d1b8a465ffeg-026.jpg>

LaTeX Warning: Citation `ferrucci2009openqa' on page 20 undefined on input line
 659.


LaTeX Warning: Citation `deepqa2011project' on page 20 undefined on input line 
659.


Overfull \hbox (4.28325pt too wide) in paragraph at lines 662--663
\TU/Georgia(0)/m/n/10 chine Learning, Knowledge Representation and Reasoning, a
nd mas-
 []



[20]
Underfull \hbox (badness 10000) in paragraph at lines 674--676

 []


Overfull \hbox (1.65521pt too wide) in paragraph at lines 677--678
\TU/Georgia(0)/m/n/10 Many well-known inference processes, learning processes, 
etc. are NP-complete
 []


Underfull \hbox (badness 10000) in paragraph at lines 680--682

 []



[21]

[22]
Overfull \hbox (2.3858pt too wide) in paragraph at lines 732--733
[]\TU/Georgia(0)/m/n/10 Because every proposition variable can take on two trut
h values, every propo-
 []



[23]

[24]

[25]

[26]
/Users/jrathi/Projects/pdf-2-latex/files/ai/balance-checker/ai_final.tex:887: U
nable to load picture or PDF file './images/2025_05_12_af19cd5e0d1b8a465ffeg-03
5.jpg'.
<to be read again> 
                   }
l.887 ...er]{2025_05_12_af19cd5e0d1b8a465ffeg-035}
                                                  
The requested image couldn't be read because
it was not a recognized image format.

File: ./images/2025_05_12_af19cd5e0d1b8a465ffeg-035.jpg Graphic file (type bmp)

<./images/2025_05_12_af19cd5e0d1b8a465ffeg-035.jpg>


[27]

[28]

LaTeX Warning: Citation `berrondo1989fallgruben' on page 29 undefined on input 
line 973.


Overfull \hbox (0.81029pt too wide) in paragraph at lines 977--978
[]\TU/Georgia(0)/m/n/10 To solve this kind of problem we proceed in three steps
: formalization, trans-
 []



[29]

[30]

[31]

[32]
Overfull \hbox (11.75533pt too wide) in paragraph at lines 1144--1145
[]\TU/Georgia(0)/m/n/10 Before application of the inference rule, $\OML/cmm/m/i
t/10 B[]; B[]; [] ; B[]$\TU/Georgia(0)/m/n/10 —the current subgoals—
 []



[33]
Overfull \hbox (2.7979pt too wide) in paragraph at lines 1171--1175
[]\TU/Georgia(0)/m/n/10 Exercise 2.3 Transform the following formulas into conj
unctive normal form: 
 []



[34]
Overfull \hbox (5.14784pt too wide) in paragraph at lines 1205--1209
[]\TU/Georgia(0)/m/n/10 Exercise 2.12 Prove the following equivalences, which a
re important for work-
 []


Package xeCJK Warning: Unknown CJK family `\CJKttdefault' is being ignored.
(xeCJK)                
(xeCJK)                Try to use `\setCJKmonofont[<...>]{<...>}' to define
(xeCJK)                it.



[35]
Overfull \hbox (27.75pt too wide) in paragraph at lines 1247--1247
[]    \TU/lmtt/m/n/10 $\wedge$ Robot_12_is_situated_at_xy_position_(10, 93) $\v
ee \ldots$[] 
 []


Overfull \hbox (537.0pt too wide) in paragraph at lines 1256--1256
[]    \TU/lmtt/m/n/10 $\exists x_{u} \exists y_{u} \exists x_{v} \exists y_{v}$
 position $\left(u, x_{u}, y_{u}\right) \wedge$ position $\left(v, x_{v}, y_{v}
\right) \wedge x_{u}>x_{v}$,[] 
 []



[36]
Overfull \hbox (119.55313pt too wide) in paragraph at lines 1285--1320
 [] 
 []

LaTeX Font Info:    Trying to load font information for U+bbold on input line 1
332.
(/usr/local/texlive/2025basic/texmf-dist/tex/latex/bbold/Ubbold.fd)

[37]

[38]
Underfull \hbox (badness 10000) in paragraph at lines 1380--1381

 []

/Users/jrathi/Projects/pdf-2-latex/files/ai/balance-checker/ai_final.tex:1384: 
Unable to load picture or PDF file './images/2025_05_12_af19cd5e0d1b8a465ffeg-0
49.jpg'.
<to be read again> 
                   }
l.1384 ...r]{2025_05_12_af19cd5e0d1b8a465ffeg-049}
                                                  
The requested image couldn't be read because
it was not a recognized image format.

File: ./images/2025_05_12_af19cd5e0d1b8a465ffeg-049.jpg Graphic file (type bmp)

<./images/2025_05_12_af19cd5e0d1b8a465ffeg-049.jpg>

/Users/jrathi/Projects/pdf-2-latex/files/ai/balance-checker/ai_final.tex:1393: 
LaTeX Error: Not allowed in LR mode.

See the LaTeX manual or LaTeX Companion for explanation.
Type  H <return>  for immediate help.
 ...                                              
                                                  
l.1393 \begin{center}
                     
You've lost some text.  Try typing  <return>  to proceed.
If that doesn't work, type  X <return>  to quit.


/Users/jrathi/Projects/pdf-2-latex/files/ai/balance-checker/ai_final.tex:1393: 
LaTeX Error: Not allowed in LR mode.

See the LaTeX manual or LaTeX Companion for explanation.
Type  H <return>  for immediate help.
 ...                                              
                                                  
l.1393 \begin{center}
                     
You've lost some text.  Try typing  <return>  to proceed.
If that doesn't work, type  X <return>  to quit.

/Users/jrathi/Projects/pdf-2-latex/files/ai/balance-checker/ai_final.tex:1393: 
Missing \endgroup inserted.
<inserted text> 
                \endgroup 
l.1393 \begin{center}
                     
I've inserted something that you may have forgotten.
(See the <inserted text> above.)
With luck, this will get me unwedged. But if you
really didn't forget anything, try typing `2' now; then
my insertion and my current dilemma will both disappear.

/Users/jrathi/Projects/pdf-2-latex/files/ai/balance-checker/ai_final.tex:1393: 
Missing } inserted.
<inserted text> 
                }
l.1393 \begin{center}
                     
I've inserted something that you may have forgotten.
(See the <inserted text> above.)
With luck, this will get me unwedged. But if you
really didn't forget anything, try typing `2' now; then
my insertion and my current dilemma will both disappear.

/Users/jrathi/Projects/pdf-2-latex/files/ai/balance-checker/ai_final.tex:1393: 
Missing } inserted.
<inserted text> 
                }
l.1393 \begin{center}
                     
I've inserted something that you may have forgotten.
(See the <inserted text> above.)
With luck, this will get me unwedged. But if you
really didn't forget anything, try typing `2' now; then
my insertion and my current dilemma will both disappear.

/Users/jrathi/Projects/pdf-2-latex/files/ai/balance-checker/ai_final.tex:1393: 
Missing \cr inserted.
<inserted text> 
                \cr 
l.1393 \begin{center}
                     
I'm guessing that you meant to end an alignment here.

/Users/jrathi/Projects/pdf-2-latex/files/ai/balance-checker/ai_final.tex:1393: 
Missing { inserted.
<inserted text> 
                {
l.1393 \begin{center}
                     
I've put in what seems t