\BOOKMARK [1][-]{section.0.1}{\376\377\000U\000n\000d\000e\000r\000g\000r\000a\000d\000u\000a\000t\000e\000\040\000T\000o\000p\000i\000c\000s\000\040\000i\000n\000\040\000C\000o\000m\000p\000u\000t\000e\000r\000\040\000S\000c\000i\000e\000n\000c\000e}{}% 1
\BOOKMARK [1][-]{section.0.2}{\376\377\000U\000n\000d\000e\000r\000g\000r\000a\000d\000u\000a\000t\000e\000\040\000T\000o\000p\000i\000c\000s\000\040\000i\000n\000\040\000C\000o\000m\000p\000u\000t\000e\000r\000\040\000S\000c\000i\000e\000n\000c\000e}{}% 2
\BOOKMARK [1][-]{section.0.3}{\376\377\000I\000n\000t\000r\000o\000d\000u\000c\000t\000i\000o\000n\000\040\000t\000o\000\040\000C\000y\000b\000e\000r\000s\000e\000c\000u\000r\000i\000t\000y}{}% 3
\BOOKMARK [0][-]{chapter.1}{\376\377\000P\000r\000e\000f\000a\000c\000e}{}% 4
\BOOKMARK [0][-]{chapter.2}{\376\377\000A\000c\000k\000n\000o\000w\000l\000e\000d\000g\000m\000e\000n\000t\000s}{}% 5
\BOOKMARK [0][-]{chapter.3}{\376\377\000T\000e\000c\000h\000n\000i\000q\000u\000e\000\040\000a\000n\000d\000\040\000H\000u\000m\000a\000n\000\040\000B\000e\000i\000n\000g\000s}{}% 6
\BOOKMARK [1][-]{section.3.1}{\376\377\000P\000s\000y\000c\000h\000o\000l\000o\000g\000i\000c\000a\000l\000\040\000A\000t\000t\000a\000c\000k\000s}{chapter.3}% 7
\BOOKMARK [2][-]{subsection.3.1.1}{\376\377\000C\000u\000r\000i\000o\000s\000i\000t\000y}{section.3.1}% 8
\BOOKMARK [2][-]{subsection.3.1.2}{\376\377\000H\000e\000l\000p\000f\000u\000l\000n\000e\000s\000s}{section.3.1}% 9
\BOOKMARK [2][-]{subsection.3.1.3}{\376\377\000S\000y\000m\000p\000a\000t\000h\000y\000\040\000a\000n\000d\000\040\000H\000a\000t\000e}{section.3.1}% 10
\BOOKMARK [2][-]{subsection.3.1.4}{\376\377\000B\000e\000l\000i\000e\000f\000\040\000i\000n\000\040\000A\000u\000t\000h\000o\000r\000i\000t\000y}{section.3.1}% 11
\BOOKMARK [2][-]{subsection.3.1.5}{\376\377\000T\000h\000e\000\040\000B\000r\000a\000i\000n\000'\000s\000\040\000T\000w\000o\000\040\000M\000o\000d\000e\000s\000\040\000o\000f\000\040\000O\000p\000e\000r\000a\000t\000i\000o\000n}{section.3.1}% 12
\BOOKMARK [1][-]{section.3.2}{\376\377\000P\000r\000o\000b\000l\000e\000m}{chapter.3}% 13
\BOOKMARK [2][-]{subsection.3.2.1}{\376\377\000U\000n\000c\000e\000r\000t\000a\000i\000n\000t\000y\000\040\000i\000n\000\040\000D\000e\000c\000i\000s\000i\000o\000n\000\040\000M\000a\000k\000i\000n\000g}{section.3.2}% 14
\BOOKMARK [1][-]{section.3.3}{\376\377\000A\000n\000c\000h\000o\000r\000i\000n\000g}{chapter.3}% 15
\BOOKMARK [1][-]{section.3.4}{\376\377\000A\000t\000t\000r\000i\000b\000u\000t\000i\000o\000n}{chapter.3}% 16
\BOOKMARK [1][-]{section.3.5}{\376\377\000F\000r\000a\000m\000i\000n\000g}{chapter.3}% 17
\BOOKMARK [1][-]{section.3.6}{\376\377\000A\000f\000f\000e\000c\000t}{chapter.3}% 18
\BOOKMARK [1][-]{section.3.7}{\376\377\000P\000h\000i\000s\000h\000i\000n\000g}{chapter.3}% 19
\BOOKMARK [1][-]{section.3.8}{\376\377\000H\000u\000m\000a\000n\000s\000\040\000v\000s\000.\000\040\000M\000a\000c\000h\000i\000n\000e\000s}{chapter.3}% 20
\BOOKMARK [1][-]{section.3.9}{\376\377\000C\000a\000n\000\040\000P\000s\000y\000c\000h\000o\000l\000o\000g\000i\000c\000a\000l\000\040\000A\000t\000t\000a\000c\000k\000s\000\040\000B\000e\000\040\000P\000r\000e\000v\000e\000n\000t\000e\000d\000?}{chapter.3}% 21
\BOOKMARK [2][-]{subsection.3.9.1}{\376\377\000M\000o\000t\000i\000v\000a\000t\000i\000o\000n}{section.3.9}% 22
\BOOKMARK [2][-]{subsection.3.9.2}{\376\377\000T\000r\000a\000i\000n\000i\000n\000g}{section.3.9}% 23
\BOOKMARK [1][-]{section.3.10}{\376\377\000U\000s\000e\000f\000u\000l\000\040\000c\000o\000n\000c\000e\000p\000t\000s\000\040\000w\000h\000i\000c\000h\000\040\000y\000o\000u\000\040\000s\000h\000o\000u\000l\000d\000\040\000n\000o\000w\000\040\000k\000n\000o\000w\000\040\000a\000b\000o\000u\000t}{chapter.3}% 24
\BOOKMARK [1][-]{section.3.11}{\376\377\000F\000u\000r\000t\000h\000e\000r\000\040\000R\000e\000a\000d\000i\000n\000g}{chapter.3}% 25
\BOOKMARK [2][-]{subsection.3.11.1}{\376\377\000C\000y\000b\000e\000r\000s\000s\000e\000c\000u\000r\000i\000t\000y\000\040\000i\000n\000\040\000U\000l\000t\000i\000m\000a\000\040\000T\000h\000u\000l\000e\000\040\000H\000o\000s\000p\000i\000t\000a\000l}{section.3.11}% 26
\BOOKMARK [2][-]{subsection.3.11.2}{\376\377\000P\000h\000i\000s\000h\000i\000n\000g\000\040\000\050\0001\000\051}{section.3.11}% 27
\BOOKMARK [2][-]{subsection.3.11.3}{\376\377\000P\000h\000i\000s\000h\000i\000n\000g\000\040\000\050\0002\000\051}{section.3.11}% 28
\BOOKMARK [2][-]{subsection.3.11.4}{\376\377\000S\000o\000c\000i\000a\000l\000\040\000e\000n\000g\000i\000n\000e\000e\000r\000i\000n\000g}{section.3.11}% 29
\BOOKMARK [2][-]{subsection.3.11.5}{\376\377\000C\000h\000a\000n\000g\000i\000n\000g\000\040\000p\000a\000s\000s\000w\000o\000r\000d\000s}{section.3.11}% 30
\BOOKMARK [2][-]{subsection.3.11.6}{\376\377\000A\000n\000\040\000e\000-\000m\000a\000i\000l\000\040\000f\000r\000o\000m\000\040\000t\000h\000e\000\040\000b\000a\000n\000k}{section.3.11}% 31
\BOOKMARK [2][-]{subsection.3.11.7}{\376\377\000C\000E\000O\000\040\000f\000r\000a\000u\000d}{section.3.11}% 32
\BOOKMARK [0][-]{chapter.4}{\376\377\000R\000i\000s\000k}{}% 33
\BOOKMARK [1][-]{section.4.1}{\376\377\000W\000h\000a\000t\000\040\000I\000s\000\040\000R\000i\000s\000k\000?}{chapter.4}% 34
\BOOKMARK [1][-]{section.4.2}{\376\377\000T\000h\000r\000e\000a\000t\000s\000\040\000i\000n\000\040\000I\000T\000\040\000S\000y\000s\000t\000e\000m\000s}{chapter.4}% 35
\BOOKMARK [1][-]{section.4.3}{\376\377\000H\000a\000r\000d\000w\000a\000r\000e\000\040\000r\000e\000l\000a\000t\000e\000d\000\040\000t\000h\000r\000e\000a\000t\000s}{chapter.4}% 36
\BOOKMARK [1][-]{section.4.4}{\376\377\000S\000o\000f\000t\000w\000a\000r\000e\000\040\000r\000e\000l\000a\000t\000e\000d\000\040\000t\000h\000r\000e\000a\000t\000s}{chapter.4}% 37
\BOOKMARK [1][-]{section.4.5}{\376\377\000D\000a\000t\000a\000\040\000r\000e\000l\000a\000t\000e\000d\000\040\000t\000h\000r\000e\000a\000t\000s\000:}{chapter.4}% 38
\BOOKMARK [1][-]{section.4.6}{\376\377\000L\000i\000v\000e\000w\000a\000r\000e\000\040\000r\000e\000l\000a\000t\000e\000d\000\040\000t\000h\000r\000e\000a\000t\000s\000:}{chapter.4}% 39
\BOOKMARK [2][-]{subsection.4.6.1}{\376\377\000C\000o\000u\000n\000t\000e\000r\000m\000e\000a\000s\000u\000r\000e\000s}{section.4.6}% 40
\BOOKMARK [1][-]{section.4.7}{\376\377\000R\000i\000s\000k\000\040\000M\000a\000n\000a\000g\000e\000m\000e\000n\000t}{chapter.4}% 41
\BOOKMARK [1][-]{section.4.8}{\376\377\000D\000e\000f\000i\000n\000i\000t\000i\000o\000n\000\040\000\050\000R\000i\000s\000k\000\040\000m\000i\000t\000i\000g\000a\000t\000i\000o\000n\000\040\000s\000t\000a\000t\000e\000g\000i\000e\000s\000\051}{chapter.4}% 42
\BOOKMARK [1][-]{section.4.9}{\376\377\000S\000y\000s\000t\000e\000m\000a\000t\000i\000c\000\040\000S\000e\000c\000u\000r\000i\000t\000y\000\040\000A\000n\000a\000l\000y\000s\000i\000s}{chapter.4}% 43
\BOOKMARK [2][-]{subsection.4.9.1}{\376\377\000I\000S\000O\000/\000I\000E\000C\000\040\0002\0007\0000\0000\0002}{section.4.9}% 44
\BOOKMARK [2][-]{subsection.4.9.2}{\376\377\000O\000C\000T\000A\000V\000E\000\256}{section.4.9}% 45
\BOOKMARK [2][-]{subsection.4.9.3}{\376\377\000O\000C\000T\000A\000V\000E\000\040\000P\000h\000a\000s\000e\000\040\0001}{section.4.9}% 46
\BOOKMARK [2][-]{subsection.4.9.4}{\376\377\000O\000C\000T\000A\000V\000E\000\040\000T\000h\000r\000e\000a\000t\000\040\000P\000r\000o\000f\000i\000l\000e\000s}{section.4.9}% 47
\BOOKMARK [2][-]{subsection.4.9.5}{\376\377\000O\000C\000T\000A\000V\000E\000\040\000T\000h\000r\000e\000a\000t\000\040\000C\000l\000a\000s\000s\000e\000s}{section.4.9}% 48
\BOOKMARK [2][-]{subsection.4.9.6}{\376\377\000T\000h\000r\000e\000a\000t\000\040\000A\000n\000a\000l\000y\000s\000i\000s}{section.4.9}% 49
\BOOKMARK [1][-]{section.4.10}{\376\377\000T\000h\000r\000e\000a\000t\000\040\0001\000:}{chapter.4}% 50
\BOOKMARK [1][-]{section.4.11}{\376\377\000T\000h\000r\000e\000a\000t\000\040\0002\000:}{chapter.4}% 51
\BOOKMARK [1][-]{section.4.12}{\376\377\000T\000h\000r\000e\000a\000t\000\040\0003\000:}{chapter.4}% 52
\BOOKMARK [1][-]{section.4.13}{\376\377\000R\000i\000s\000k\000\040\000M\000a\000n\000a\000g\000e\000m\000e\000n\000t\000\040\000a\000s\000\040\000a\000\040\000P\000D\000C\000A\000\040\000P\000r\000o\000c\000e\000s\000s}{chapter.4}% 53
\BOOKMARK [1][-]{section.4.14}{\376\377\000U\000s\000e\000f\000u\000l\000\040\000c\000o\000n\000c\000e\000p\000t\000s\000\040\000w\000h\000i\000c\000h\000\040\000y\000o\000u\000\040\000s\000h\000o\000u\000l\000d\000\040\000n\000o\000w\000\040\000k\000n\000o\000w\000\040\000a\000b\000o\000u\000t}{chapter.4}% 54
\BOOKMARK [1][-]{section.4.15}{\376\377\000F\000u\000r\000t\000h\000e\000r\000\040\000R\000e\000a\000d\000i\000n\000g}{chapter.4}% 55
\BOOKMARK [2][-]{subsection.4.15.1}{\376\377\000T\000h\000e\000\040\000p\000a\000t\000i\000e\000n\000t\000\040\000r\000e\000c\000o\000r\000d\000\040\000s\000y\000s\000t\000e\000m}{section.4.15}% 56
\BOOKMARK [2][-]{subsection.4.15.2}{\376\377\000I\000n\000t\000e\000r\000n\000a\000l\000\040\000a\000n\000d\000\040\000e\000k\000s\000t\000e\000r\000n\000a\000l\000\040\000a\000t\000t\000a\000c\000k\000e\000r\000s}{section.4.15}% 57
\BOOKMARK [2][-]{subsection.4.15.3}{\376\377\000C\000y\000b\000e\000r\000e\000s\000p\000i\000o\000n\000a\000g\000e}{section.4.15}% 58
\BOOKMARK [2][-]{subsection.4.15.4}{\376\377\000O\000b\000j\000e\000c\000t\000i\000v\000e\000\040\000a\000n\000d\000\040\000s\000u\000b\000j\000e\000c\000t\000i\000v\000e\000\040\000r\000i\000s\000k}{section.4.15}% 59
\BOOKMARK [2][-]{subsection.4.15.5}{\376\377\000R\000i\000s\000k\000\040\000A\000n\000a\000l\000y\000s\000i\000s\000\040\000f\000o\000r\000\040\000a\000\040\000s\000m\000a\000r\000t\000p\000h\000o\000n\000e}{section.4.15}% 60
\BOOKMARK [1][-]{section.4.16}{\376\377\000C\000r\000y\000p\000t\000o\000g\000r\000a\000p\000h\000y}{chapter.4}% 61
\BOOKMARK [1][-]{section.4.17}{\376\377\000S\000o\000m\000e\000\040\000C\000e\000n\000t\000r\000a\000l\000\040\000C\000o\000n\000c\000e\000p\000t\000s}{chapter.4}% 62
\BOOKMARK [1][-]{section.4.18}{\376\377\000D\000e\000f\000i\000n\000i\000t\000i\000o\000n\000\040\0004\000.\0001\000\040\000\050\000B\000a\000s\000i\000c\000\040\000c\000r\000y\000p\000t\000o\000g\000r\000a\000p\000h\000i\000c\000\040\000o\000p\000e\000r\000a\000t\000i\000o\000n\000s\000\051}{chapter.4}% 63
\BOOKMARK [2][-]{subsection.4.18.1}{\376\377\000C\000r\000y\000p\000t\000o\000s\000y\000s\000t\000e\000m\000s}{section.4.18}% 64
\BOOKMARK [2][-]{subsection.4.18.2}{\376\377\000C\000r\000y\000p\000t\000a\000n\000a\000l\000y\000s\000i\000s}{section.4.18}% 65
\BOOKMARK [1][-]{section.4.19}{\376\377\000D\000e\000f\000i\000n\000i\000t\000i\000o\000n\000\040\000\050\000A\000t\000t\000a\000c\000k\000\040\000c\000l\000a\000s\000s\000e\000s\000\051}{chapter.4}% 66
\BOOKMARK [1][-]{section.4.20}{\376\377\000S\000y\000m\000m\000e\000t\000r\000i\000c\000\040\000E\000n\000c\000r\000y\000p\000t\000i\000o\000n}{chapter.4}% 67
\BOOKMARK [2][-]{subsection.4.20.1}{\376\377\000S\000u\000b\000s\000t\000i\000t\000u\000t\000i\000o\000n\000\040\000C\000i\000p\000h\000e\000r\000s}{section.4.20}% 68
\BOOKMARK [2][-]{subsection.4.20.2}{\376\377\000R\000a\000n\000d\000o\000m\000\040\000P\000e\000r\000m\000u\000t\000a\000t\000i\000o\000n}{section.4.20}% 69
\BOOKMARK [2][-]{subsection.4.20.3}{\376\377\000P\000o\000l\000y\000a\000l\000p\000h\000a\000b\000e\000t\000i\000c\000\040\000C\000i\000p\000h\000e\000r\000s}{section.4.20}% 70
\BOOKMARK [2][-]{subsection.4.20.4}{\376\377\000V\000i\000g\000e\000n\000\350\000r\000e\000\040\000C\000i\000p\000h\000e\000r\000s}{section.4.20}% 71
\BOOKMARK [2][-]{subsection.4.20.5}{\376\377\000T\000r\000a\000n\000s\000p\000o\000s\000i\000t\000i\000o\000n\000\040\000C\000i\000p\000h\000e\000r\000s}{section.4.20}% 72
\BOOKMARK [1][-]{section.4.21}{\376\377\000M\000o\000d\000e\000r\000n\000\040\000I\000d\000e\000a\000s}{chapter.4}% 73
\BOOKMARK [2][-]{subsection.4.21.1}{\376\377\000O\000n\000e\000-\000T\000i\000m\000e\000\040\000P\000a\000d\000s}{section.4.21}% 74
\BOOKMARK [2][-]{subsection.4.21.2}{\376\377\000C\000o\000n\000f\000u\000s\000i\000o\000n\000\040\000a\000n\000d\000\040\000D\000i\000f\000f\000u\000s\000i\000o\000n}{section.4.21}% 75
\BOOKMARK [2][-]{subsection.4.21.3}{\376\377\000D\000E\000S}{section.4.21}% 76
\BOOKMARK [2][-]{subsection.4.21.4}{\376\377\000M\000o\000d\000e\000s\000\040\000o\000f\000\040\000O\000p\000e\000r\000a\000t\000i\000o\000n}{section.4.21}% 77
\BOOKMARK [1][-]{section.4.22}{\376\377\000D\000e\000f\000i\000n\000i\000t\000i\000o\000n\000\040\000\050\000N\000o\000n\000c\000e\000\051}{chapter.4}% 78
\BOOKMARK [2][-]{subsection.4.22.1}{\376\377\000A\000E\000S}{section.4.22}% 79
\BOOKMARK [2][-]{subsection.4.22.2}{\376\377\000S\000y\000m\000m\000e\000t\000r\000i\000c\000\040\000S\000t\000r\000e\000a\000m\000\040\000C\000i\000p\000h\000e\000r\000s}{section.4.22}% 80
\BOOKMARK [2][-]{subsection.4.22.3}{\376\377\000S\000h\000i\000f\000t\000\040\000R\000e\000g\000i\000s\000t\000e\000r\000\040\000B\000a\000s\000e\000d\000\040\000B\000i\000t\000\040\000G\000e\000n\000e\000r\000a\000t\000o\000r\000s}{section.4.22}% 81
\BOOKMARK [2][-]{subsection.4.22.4}{\376\377\000A\000n\000\040\000A\000l\000t\000e\000r\000n\000a\000t\000i\000v\000e\000\040\000A\000p\000p\000r\000o\000a\000c\000h\000:\000\040\000R\000C\0004}{section.4.22}% 82
\BOOKMARK [2][-]{subsection.4.22.5}{\376\377\000e\000S\000t\000r\000e\000a\000m\000\040\000S\000t\000r\000e\000a\000m\000\040\000C\000i\000p\000h\000e\000r\000s}{section.4.22}% 83
\BOOKMARK [1][-]{section.4.23}{\376\377\000A\000s\000y\000m\000m\000e\000t\000r\000i\000c\000\040\000C\000r\000y\000p\000t\000o\000s\000y\000s\000t\000e\000m\000s}{chapter.4}% 84
\BOOKMARK [1][-]{section.4.24}{\376\377\000!\000\040\000W\000A\000R\000N\000I\000N\000G\000:\000\040\000M\000a\000t\000h\000e\000m\000a\000t\000i\000c\000s\000\040\000a\000h\000e\000a\000d\000!}{chapter.4}% 85
\BOOKMARK [2][-]{subsection.4.24.1}{\376\377\000T\000r\000a\000p\000d\000o\000o\000r\000\040\000F\000u\000n\000c\000t\000i\000o\000n\000s}{section.4.24}% 86
\BOOKMARK [2][-]{subsection.4.24.2}{\376\377\000M\000o\000d\000u\000l\000a\000r\000\040\000A\000r\000i\000t\000h\000m\000e\000t\000i\000c}{section.4.24}% 87
\BOOKMARK [2][-]{subsection.4.24.3}{\376\377\000T\000h\000e\000\040\000R\000S\000A\000\040\000C\000r\000y\000p\000t\000o\000s\000y\000s\000t\000e\000m}{section.4.24}% 88
\BOOKMARK [1][-]{section.4.25}{\376\377\000R\000S\000A\000'\000s\000\040\000m\000a\000t\000h\000e\000m\000a\000t\000i\000c\000a\000l\000\040\000b\000a\000s\000i\000s\000:}{chapter.4}% 89
\BOOKMARK [1][-]{section.4.26}{\376\377\000E\000v\000a\000l\000u\000a\000t\000i\000n\000g\000\040\000t\000h\000e\000\040\000s\000e\000t\000\040\000o\000f\000\040\000k\000e\000y\000s\000:}{chapter.4}% 90
\BOOKMARK [1][-]{section.4.27}{\376\377\000E\000n\000c\000r\000y\000p\000t\000i\000o\000n\000\040\000a\000n\000d\000\040\000d\000e\000c\000r\000y\000p\000t\000i\000o\000n\000:}{chapter.4}% 91
\BOOKMARK [2][-]{subsection.4.27.1}{\376\377\000C\000a\000l\000c\000u\000l\000a\000t\000i\000o\000n\000\040\000E\000f\000f\000i\000c\000i\000e\000n\000c\000y}{section.4.27}% 92
\BOOKMARK [2][-]{subsection.4.27.2}{\376\377\000T\000h\000e\000\040\000S\000e\000c\000u\000r\000i\000t\000y\000\040\000o\000f\000\040\000R\000S\000A}{section.4.27}% 93
\BOOKMARK [1][-]{section.4.28}{\376\377\000A\000\040\000C\000o\000m\000p\000a\000r\000i\000s\000o\000n\000\040\000o\000f\000\040\000P\000K\000C\000S\000\040\000a\000n\000d\000\040\000S\000K\000C\000S}{chapter.4}% 94
\BOOKMARK [2][-]{subsection.4.28.1}{\376\377\000C\000r\000y\000p\000t\000a\000n\000a\000l\000y\000s\000i\000s\000\040\0001}{section.4.28}% 95
\BOOKMARK [2][-]{subsection.4.28.2}{\376\377\000C\000r\000y\000p\000t\000a\000n\000a\000l\000y\000s\000i\000s\000\040\0002}{section.4.28}% 96
\BOOKMARK [2][-]{subsection.4.28.3}{\376\377\000A\000E\000S\0001\0002\0008\000\040\000i\000n\000\040\000E\000C\000B\000\040\000m\000o\000d\000e}{section.4.28}% 97
\BOOKMARK [2][-]{subsection.4.28.4}{\376\377\000A\000E\000S\0001\0002\0008\000\040\000i\000n\000\040\000C\000B\000C\000\040\000m\000o\000d\000e}{section.4.28}% 98
\BOOKMARK [2][-]{subsection.4.28.5}{\376\377\000A\000E\000S\000\040\000w\000i\000t\000h\000\040\000t\000w\000o\000\040\000r\000e\000l\000a\000t\000e\000d\000\040\000k\000e\000y\000s}{section.4.28}% 99
\BOOKMARK [2][-]{subsection.4.28.6}{\376\377\000R\000C\0004}{section.4.28}% 100
\BOOKMARK [2][-]{subsection.4.28.7}{\376\377\000T\000h\000e\000\040\000t\000e\000a\000m\000\040\000m\000a\000r\000c\000h\000e\000s\000\040\000i\000n}{section.4.28}% 101
\BOOKMARK [2][-]{subsection.4.28.8}{\376\377\000R\000S\000A\000\040\000d\000e\000c\000r\000y\000p\000t\000i\000o\000n}{section.4.28}% 102
\BOOKMARK [2][-]{subsection.4.28.9}{\376\377\000C\000h\000o\000o\000s\000i\000n\000g\000\040\000a\000n\000\040\000R\000S\000A\000\040\000m\000o\000d\000u\000l\000u\000s}{section.4.28}% 103
\BOOKMARK [0][-]{chapter.5}{\376\377\000A\000p\000p\000l\000i\000e\000d\000\040\000C\000r\000y\000p\000t\000o\000g\000r\000a\000p\000h\000y}{}% 104
\BOOKMARK [1][-]{section.5.1}{\376\377\000I\000n\000t\000e\000g\000r\000i\000t\000y}{chapter.5}% 105
\BOOKMARK [2][-]{subsection.5.1.1}{\376\377\000C\000r\000y\000p\000t\000o\000g\000r\000a\000p\000h\000i\000c\000\040\000H\000a\000s\000h\000\040\000F\000u\000n\000c\000t\000i\000o\000n\000s}{section.5.1}% 106
\BOOKMARK [2][-]{subsection.5.1.2}{\376\377\000M\000A\000C}{section.5.1}% 107
\BOOKMARK [1][-]{section.5.2}{\376\377\000E\000l\000e\000c\000t\000r\000o\000n\000i\000c\000\040\000S\000i\000g\000n\000a\000t\000u\000r\000e\000s}{chapter.5}% 108
\BOOKMARK [1][-]{section.5.3}{\376\377\000R\000e\000q\000u\000i\000r\000e\000m\000e\000n\000t\000s\000\040\000\050\000P\000r\000o\000p\000e\000r\000t\000i\000e\000s\000\040\000o\000f\000\040\000a\000\040\000e\000l\000e\000c\000t\000r\000o\000n\000i\000c\000\040\000s\000i\000g\000n\000a\000t\000u\000r\000e\000\051}{chapter.5}% 109
\BOOKMARK [2][-]{subsection.5.3.1}{\376\377\000V\000e\000r\000i\000f\000i\000c\000a\000t\000i\000o\000n\000\040\000o\000f\000\040\000E\000l\000e\000c\000t\000r\000o\000n\000i\000c\000\040\000S\000i\000g\000n\000a\000t\000u\000r\000e\000s}{section.5.3}% 110
\BOOKMARK [2][-]{subsection.5.3.2}{\376\377\000E\000l\000e\000c\000t\000r\000o\000n\000i\000c\000\040\000S\000i\000g\000n\000a\000t\000u\000r\000e\000s\000\040\000w\000i\000t\000h\000\040\000a\000\040\000P\000K\000C\000S}{section.5.3}% 111
\BOOKMARK [2][-]{subsection.5.3.3}{\376\377\000D\000i\000g\000i\000t\000a\000l\000\040\000S\000i\000g\000n\000a\000t\000u\000r\000e\000\040\000S\000t\000a\000n\000d\000a\000r\000d\000\040\000\050\000D\000S\000S\000\051}{section.5.3}% 112
\BOOKMARK [1][-]{section.5.4}{\376\377\000F\000o\000r\000m\000a\000t\000i\000o\000n\000\040\000o\000f\000\040\000a\000\040\000s\000i\000g\000n\000a\000t\000u\000r\000e}{chapter.5}% 113
\BOOKMARK [1][-]{section.5.5}{\376\377\000V\000e\000r\000i\000f\000i\000c\000a\000t\000i\000o\000n\000\040\000o\000f\000\040\000a\000\040\000s\000i\000g\000n\000a\000t\000u\000r\000e}{chapter.5}% 114
\BOOKMARK [1][-]{section.5.6}{\376\377\000E\000f\000f\000i\000c\000i\000e\000n\000c\000y}{chapter.5}% 115
\BOOKMARK [1][-]{section.5.7}{\376\377\000S\000e\000c\000u\000r\000i\000t\000y\000\040\000i\000n\000\040\000D\000S\000A}{chapter.5}% 116
\BOOKMARK [2][-]{subsection.5.7.1}{\376\377\000P\000l\000a\000n\000n\000i\000n\000g\000\040\000f\000o\000r\000\040\000t\000h\000e\000\040\000F\000u\000t\000u\000r\000e}{section.5.7}% 117
\BOOKMARK [1][-]{section.5.8}{\376\377\000A\000u\000t\000h\000e\000n\000t\000i\000c\000a\000t\000i\000o\000n}{chapter.5}% 118
\BOOKMARK [1][-]{section.5.9}{\376\377\000R\000e\000q\000u\000i\000r\000e\000m\000e\000n\000t\000s\000\040\000\050\000P\000r\000o\000p\000e\000r\000t\000i\000e\000s\000\040\000o\000f\000\040\000a\000n\000\040\000a\000u\000t\000h\000e\000n\000t\000i\000c\000a\000t\000i\000o\000n\000\040\000p\000r\000o\000t\000o\000c\000o\000l\000\051}{chapter.5}% 119
\BOOKMARK [2][-]{subsection.5.9.1}{\376\377\000T\000y\000p\000e\000s\000\040\000o\000f\000\040\000E\000v\000i\000d\000e\000n\000c\000e}{section.5.9}% 120
\BOOKMARK [2][-]{subsection.5.9.2}{\376\377\000A\000u\000t\000h\000e\000n\000t\000i\000c\000a\000t\000i\000o\000n\000\040\000w\000i\000t\000h\000\040\000a\000n\000\040\000S\000K\000C\000S}{section.5.9}% 121
\BOOKMARK [2][-]{subsection.5.9.3}{\376\377\000A\000u\000t\000h\000e\000n\000t\000i\000c\000a\000t\000i\000o\000n\000\040\000w\000i\000t\000h\000\040\000a\000\040\000P\000K\000C\000S}{section.5.9}% 122
\BOOKMARK [1][-]{section.5.10}{\376\377\000K\000e\000y\000\040\000D\000i\000s\000t\000r\000i\000b\000u\000t\000i\000o\000n}{chapter.5}% 123
\BOOKMARK [2][-]{subsection.5.10.1}{\376\377\000D\000i\000f\000f\000i\000e\000-\000H\000e\000l\000l\000m\000a\000n\000\040\000K\000e\000y\000\040\000A\000g\000r\000e\000e\000m\000e\000n\000t}{section.5.10}% 124
\BOOKMARK [2][-]{subsection.5.10.2}{\376\377\000M\000o\000r\000e\000\040\000S\000e\000c\000u\000r\000e\000\040\000K\000e\000y\000\040\000A\000g\000r\000e\000e\000m\000e\000n\000t\000s}{section.5.10}% 125
\BOOKMARK [1][-]{section.5.11}{\376\377\000C\000e\000r\000t\000i\000f\000i\000c\000a\000t\000e\000s}{chapter.5}% 126
\BOOKMARK [2][-]{subsection.5.11.1}{\376\377\000H\000o\000w\000\040\000A\000r\000e\000\040\000C\000e\000r\000t\000i\000f\000i\000c\000a\000t\000e\000s\000\040\000I\000s\000s\000u\000e\000d\000\040\000i\000n\000\040\000a\000\040\000P\000K\000I\000?}{section.5.11}% 127
\BOOKMARK [2][-]{subsection.5.11.2}{\376\377\000A\000c\000c\000e\000s\000s\000\040\000t\000o\000\040\000C\000e\000r\000t\000i\000f\000i\000c\000a\000t\000e\000s}{section.5.11}% 128
\BOOKMARK [1][-]{section.5.12}{\376\377\000T\000r\000u\000s\000t\000\040\000M\000o\000d\000e\000l\000s}{chapter.5}% 129
\BOOKMARK [2][-]{subsection.5.12.1}{\376\377\000T\000h\000e\000\040\000H\000i\000e\000r\000a\000r\000c\000h\000i\000c\000a\000l\000\040\000T\000r\000u\000s\000t\000\040\000M\000o\000d\000e\000l}{section.5.12}% 130
\BOOKMARK [2][-]{subsection.5.12.2}{\376\377\000T\000h\000e\000\040\000W\000e\000b\000-\000o\000f\000-\000t\000r\000u\000s\000t\000\040\000M\000o\000d\000e\000l}{section.5.12}% 131
\BOOKMARK [2][-]{subsection.5.12.3}{\376\377\000T\000h\000e\000\040\000R\000e\000p\000u\000t\000a\000t\000i\000o\000n\000-\000b\000a\000s\000e\000d\000\040\000T\000r\000u\000s\000t\000\040\000M\000o\000d\000e\000l}{section.5.12}% 132
\BOOKMARK [1][-]{section.5.13}{\376\377\000E\000s\000t\000a\000b\000l\000i\000s\000h\000i\000n\000g\000\040\000a\000n\000\040\000I\000d\000e\000n\000t\000i\000t\000y}{chapter.5}% 133
\BOOKMARK [1][-]{section.5.14}{\376\377\000U\000s\000e\000f\000u\000l\000\040\000c\000o\000n\000c\000e\000p\000t\000s\000\040\000w\000h\000i\000c\000h\000\040\000y\000o\000u\000\040\000s\000h\000o\000u\000l\000d\000\040\000n\000o\000w\000\040\000k\000n\000o\000w\000\040\000a\000b\000o\000u\000t}{chapter.5}% 134
\BOOKMARK [1][-]{section.5.15}{\376\377\000F\000u\000r\000t\000h\000e\000r\000\040\000R\000e\000a\000d\000i\000n\000g}{chapter.5}% 135
\BOOKMARK [2][-]{subsection.5.15.1}{\376\377\000H\000a\000s\000h\000\040\000f\000u\000n\000c\000t\000i\000o\000n\000s}{section.5.15}% 136
\BOOKMARK [2][-]{subsection.5.15.2}{\376\377\000I\000n\000t\000e\000g\000r\000i\000t\000y\000\040\000w\000i\000t\000h\000\040\000e\000n\000c\000r\000y\000p\000t\000i\000o\000n}{section.5.15}% 137
\BOOKMARK [2][-]{subsection.5.15.3}{\376\377\000D\000o\000u\000b\000l\000e\000\040\000e\000n\000c\000r\000y\000p\000t\000i\000o\000n}{section.5.15}% 138
\BOOKMARK [2][-]{subsection.5.15.4}{\376\377\000N\000e\000e\000d\000h\000a\000m\000\040\000a\000n\000d\000\040\000S\000c\000h\000r\000o\000e\000d\000e\000r\000s\000\040\000o\000r\000i\000g\000i\000n\000a\000l\000\040\000S\000K\000C\000S\000\040\000p\000r\000o\000t\000o\000c\000o\000l}{section.5.15}% 139
\BOOKMARK [2][-]{subsection.5.15.5}{\376\377\000M\000a\000l\000l\000e\000a\000b\000i\000l\000i\000t\000y}{section.5.15}% 140
\BOOKMARK [0][-]{chapter.6}{\376\377\000C\000o\000m\000m\000u\000n\000i\000c\000a\000t\000i\000o\000n\000\040\000N\000e\000t\000w\000o\000r\000k\000s}{}% 141
\BOOKMARK [1][-]{section.6.1}{\376\377\000B\000a\000s\000i\000c\000\040\000N\000e\000t\000w\000o\000r\000k\000\040\000C\000o\000n\000c\000e\000p\000t\000s}{chapter.6}% 142
\BOOKMARK [2][-]{subsection.6.1.1}{\376\377\000L\000a\000y\000e\000r\000e\000d\000\040\000A\000r\000c\000h\000i\000t\000e\000c\000t\000u\000r\000e\000s}{section.6.1}% 143
\BOOKMARK [2][-]{subsection.6.1.2}{\376\377\000S\000e\000r\000v\000i\000c\000e\000s}{section.6.1}% 144
\BOOKMARK [2][-]{subsection.6.1.3}{\376\377\000P\000r\000o\000t\000o\000c\000o\000l\000s}{section.6.1}% 145
\BOOKMARK [1][-]{section.6.2}{\376\377\000C\000o\000m\000m\000u\000n\000i\000c\000a\000t\000i\000o\000n\000\040\000i\000n\000\040\000t\000h\000e\000\040\000I\000n\000t\000e\000r\000n\000e\000t}{chapter.6}% 146
\BOOKMARK [2][-]{subsection.6.2.1}{\376\377\000D\000a\000t\000a\000\040\000T\000r\000a\000n\000s\000f\000e\000r\000\040\000B\000e\000t\000w\000e\000e\000n\000\040\000L\000a\000y\000e\000r\000s}{section.6.2}% 147
\BOOKMARK [2][-]{subsection.6.2.2}{\376\377\000A\000d\000d\000r\000e\000s\000s\000i\000n\000g}{section.6.2}% 148
\BOOKMARK [2][-]{subsection.6.2.3}{\376\377\000I\000n\000t\000e\000r\000n\000e\000t\000\040\000N\000a\000m\000e\000s}{section.6.2}% 149
\BOOKMARK [2][-]{subsection.6.2.4}{\376\377\000I\000P\000\040\000A\000d\000d\000r\000e\000s\000s\000e\000s}{section.6.2}% 150
\BOOKMARK [2][-]{subsection.6.2.5}{\376\377\000T\000C\000P\000\040\000a\000n\000d\000\040\000U\000D\000P\000\040\000P\000o\000r\000t\000s}{section.6.2}% 151
\BOOKMARK [2][-]{subsection.6.2.6}{\376\377\000F\000u\000n\000c\000t\000i\000o\000n\000s\000\040\000i\000n\000\040\000T\000C\000P\000\040\000a\000n\000d\000\040\000I\000P}{section.6.2}% 152
\BOOKMARK [2][-]{subsection.6.2.7}{\376\377\000D\000N\000S}{section.6.2}% 153
\BOOKMARK [2][-]{subsection.6.2.8}{\376\377\000H\000o\000w\000\040\000D\000o\000\040\000t\000h\000e\000\040\000L\000a\000y\000e\000r\000s\000\040\000W\000o\000r\000k\000\040\000T\000o\000g\000e\000t\000h\000e\000r\000?}{section.6.2}% 154
\BOOKMARK [1][-]{section.6.3}{\376\377\000T\000e\000c\000h\000n\000o\000l\000o\000g\000y}{chapter.6}% 155
\BOOKMARK [2][-]{subsection.6.3.1}{\376\377\000S\000h\000a\000r\000e\000d\000\040\000C\000a\000b\000l\000e\000-\000b\000a\000s\000e\000d\000\040\000M\000e\000d\000i\000a}{section.6.3}% 156
\BOOKMARK [2][-]{subsection.6.3.2}{\376\377\000W\000i\000r\000e\000l\000e\000s\000s\000\040\000N\000e\000t\000w\000o\000r\000k\000s}{section.6.3}% 157
\BOOKMARK [2][-]{subsection.6.3.3}{\376\377\000I\000E\000E\000E\000\040\0008\0000\0002\000.\0001\0001\000\040\000M\000o\000d\000e\000s\000\040\000o\000f\000\040\000O\000p\000e\000r\000a\000t\000i\000o\000n}{section.6.3}% 158
\BOOKMARK [2][-]{subsection.6.3.4}{\376\377\000M\000o\000b\000i\000l\000e\000\040\000T\000e\000l\000e\000p\000h\000o\000n\000e\000s\000\040\000o\000n\000\040\000t\000h\000e\000\040\000N\000e\000t}{section.6.3}% 159
\BOOKMARK [1][-]{section.6.4}{\376\377\000U\000s\000e\000f\000u\000l\000\040\000c\000o\000n\000c\000e\000p\000t\000s\000\040\000w\000h\000i\000c\000h\000\040\000y\000o\000u\000\040\000s\000h\000o\000u\000l\000d\000\040\000n\000o\000w\000\040\000k\000n\000o\000w\000\040\000a\000b\000o\000u\000t}{chapter.6}% 160
\BOOKMARK [1][-]{section.6.5}{\376\377\000F\000u\000r\000t\000h\000e\000r\000\040\000R\000e\000a\000d\000i\000n\000g}{chapter.6}% 161
\BOOKMARK [2][-]{subsection.6.5.1}{\376\377\000T\000C\000P\000\040\000p\000o\000r\000t\000s}{section.6.5}% 162
\BOOKMARK [2][-]{subsection.6.5.2}{\376\377\000R\000e\000g\000i\000s\000t\000r\000a\000t\000i\000o\000n\000\040\000d\000a\000t\000a\000b\000a\000s\000e\000s}{section.6.5}% 163
\BOOKMARK [2][-]{subsection.6.5.3}{\376\377\000G\000e\000o\000l\000o\000c\000a\000t\000i\000o\000n}{section.6.5}% 164
\BOOKMARK [2][-]{subsection.6.5.4}{\376\377\000I\000d\000e\000n\000t\000i\000t\000i\000e\000s\000\040\000i\000n\000\040\000t\000h\000e\000\040\000m\000o\000b\000i\000l\000e\000\040\000n\000e\000t\000w\000o\000r\000k}{section.6.5}% 165
\BOOKMARK [1][-]{section.6.6}{\376\377\000N\000e\000t\000w\000o\000r\000k\000\040\000A\000p\000p\000l\000i\000c\000a\000t\000i\000o\000n\000s}{chapter.6}% 166
\BOOKMARK [1][-]{section.6.7}{\376\377\000M\000a\000i\000l\000\040\000T\000r\000a\000n\000s\000f\000e\000r}{chapter.6}% 167
\BOOKMARK [2][-]{subsection.6.7.1}{\376\377\000M\000a\000i\000l\000\040\000R\000e\000l\000a\000y\000s}{section.6.7}% 168
\BOOKMARK [2][-]{subsection.6.7.2}{\376\377\000T\000h\000e\000\040\000S\000t\000r\000u\000c\000t\000u\000r\000e\000\040\000o\000f\000\040\000a\000\040\000M\000a\000i\000l}{section.6.7}% 169
\BOOKMARK [2][-]{subsection.6.7.3}{\376\377\000M\000I\000M\000E}{section.6.7}% 170
\BOOKMARK [1][-]{section.6.8}{\376\377\000T\000r\000a\000n\000s\000f\000e\000r\000\040\000o\000f\000\040\000W\000e\000b\000\040\000P\000a\000g\000e\000s}{chapter.6}% 171
\BOOKMARK [1][-]{section.6.9}{\376\377\000C\000l\000a\000s\000s\000i\000c\000\040\000D\000a\000n\000i\000s\000h\000\040\000R\000e\000c\000i\000p\000e\000s}{chapter.6}% 172
\BOOKMARK [2][-]{subsection.6.9.1}{\376\377\000T\000r\000a\000c\000i\000n\000g\000\040\000e\000-\000m\000a\000i\000l}{section.6.9}% 173
\BOOKMARK [2][-]{subsection.6.9.2}{\376\377\000C\000h\000a\000r\000a\000c\000t\000e\000r\000\040\000e\000n\000c\000o\000d\000i\000n\000g\000\040\000i\000n\000\040\000e\000-\000m\000a\000i\000l}{section.6.9}% 174
\BOOKMARK [2][-]{subsection.6.9.3}{\376\377\000H\000e\000a\000d\000e\000r\000\040\000f\000i\000e\000l\000d\000s\000\040\000i\000n\000\040\000H\000T\000T\000P}{section.6.9}% 175
\BOOKMARK [1][-]{section.6.10}{\376\377\000!\000\040\000W\000a\000t\000c\000h\000\040\000o\000u\000t\000!}{chapter.6}% 176
\BOOKMARK [0][-]{chapter.7}{\376\377\000N\000e\000t\000w\000o\000r\000k\000\040\000S\000e\000c\000u\000r\000i\000t\000y}{}% 177
\BOOKMARK [1][-]{section.7.1}{\376\377\000P\000r\000o\000t\000e\000c\000t\000i\000o\000n\000\040\000B\000a\000s\000e\000d\000\040\000o\000n\000\040\000C\000r\000y\000p\000t\000o\000g\000r\000a\000p\000h\000i\000c\000\040\000M\000e\000t\000h\000o\000d\000s}{chapter.7}% 178
\BOOKMARK [2][-]{subsection.7.1.1}{\376\377\000T\000h\000e\000\040\000A\000p\000p\000l\000i\000c\000a\000t\000i\000o\000n\000\040\000L\000a\000y\000e\000r}{section.7.1}% 179
\BOOKMARK [2][-]{subsection.7.1.2}{\376\377\000T\000h\000e\000\040\000T\000r\000a\000n\000s\000p\000o\000r\000t\000\040\000L\000a\000y\000e\000r}{section.7.1}% 180
\BOOKMARK [2][-]{subsection.7.1.3}{\376\377\000T\000h\000e\000\040\000I\000n\000t\000e\000r\000n\000e\000t\000\040\000L\000a\000y\000e\000r}{section.7.1}% 181
\BOOKMARK [2][-]{subsection.7.1.4}{\376\377\000T\000h\000e\000\040\000L\000i\000n\000k\000\040\000L\000a\000y\000e\000r}{section.7.1}% 182
\BOOKMARK [2][-]{subsection.7.1.5}{\376\377\000T\000h\000e\000\040\000P\000h\000y\000s\000i\000c\000a\000l\000\040\000L\000a\000y\000e\000r}{section.7.1}% 183
\BOOKMARK [1][-]{section.7.2}{\376\377\000E\000n\000c\000r\000y\000p\000t\000i\000o\000n\000\040\000i\000n\000\040\000t\000h\000e\000\040\000A\000p\000p\000l\000i\000c\000a\000t\000i\000o\000n\000\040\000L\000a\000y\000e\000r}{chapter.7}% 184
\BOOKMARK [1][-]{section.7.3}{\376\377\000V\000i\000r\000t\000u\000a\000l\000\040\000P\000r\000i\000v\000a\000t\000e\000\040\000N\000e\000t\000w\000o\000r\000k\000s}{chapter.7}% 185
\BOOKMARK [2][-]{subsection.7.3.1}{\376\377\000T\000u\000n\000n\000e\000l\000i\000n\000g}{section.7.3}% 186
\BOOKMARK [2][-]{subsection.7.3.2}{\376\377\000"\000S\000i\000t\000e\000-\000t\000o\000-\000s\000i\000t\000e\000"\000\040\000T\000u\000n\000n\000e\000l\000i\000n\000g}{section.7.3}% 187
\BOOKMARK [2][-]{subsection.7.3.3}{\376\377\000S\000e\000c\000u\000r\000e\000\040\000S\000i\000t\000e\000-\000t\000o\000-\000s\000i\000t\000e\000\040\000T\000u\000n\000n\000e\000l\000i\000n\000g\000\040\000i\000n\000\040\000a\000\040\000V\000P\000N}{section.7.3}% 188
\BOOKMARK [2][-]{subsection.7.3.4}{\376\377\000S\000e\000c\000u\000r\000e\000\040\000H\000o\000s\000t\000-\000t\000o\000-\000s\000i\000t\000e\000\040\000T\000u\000n\000n\000e\000l\000i\000n\000g\000\040\000i\000n\000\040\000a\000\040\000V\000P\000N}{section.7.3}% 189
\BOOKMARK [2][-]{subsection.7.3.5}{\376\377\000W\000h\000i\000c\000h\000\040\000L\000a\000y\000e\000r\000s\000\040\000A\000r\000e\000\040\000U\000s\000e\000d\000\040\000f\000o\000r\000\040\000V\000P\000N\000s\000?}{section.7.3}% 190
\BOOKMARK [2][-]{subsection.7.3.6}{\376\377\000A\000n\000o\000n\000y\000m\000o\000u\000s\000\040\000C\000o\000m\000m\000u\000n\000i\000c\000a\000t\000i\000o\000n\000\040\000i\000n\000\040\000t\000h\000e\000\040\000I\000n\000t\000e\000r\000n\000e\000t}{section.7.3}% 191
\BOOKMARK [1][-]{section.7.4}{\376\377\000S\000e\000c\000u\000r\000e\000\040\000S\000o\000c\000k\000e\000t\000\040\000L\000a\000y\000e\000r}{chapter.7}% 192
\BOOKMARK [2][-]{subsection.7.4.1}{\376\377\000S\000S\000L\000\040\000P\000r\000o\000t\000o\000c\000o\000l\000\040\000A\000r\000c\000h\000i\000t\000e\000c\000t\000u\000r\000e}{section.7.4}% 193
\BOOKMARK [2][-]{subsection.7.4.2}{\376\377\000S\000S\000L\000/\000T\000L\000S\000\040\000S\000e\000c\000u\000r\000i\000t\000y\000\040\000P\000a\000r\000a\000m\000e\000t\000e\000r\000\040\000S\000e\000t\000s}{section.7.4}% 194
\BOOKMARK [2][-]{subsection.7.4.3}{\376\377\000P\000r\000o\000t\000o\000c\000o\000l\000s\000\040\000S\000e\000c\000u\000r\000e\000d\000\040\000w\000i\000t\000h\000\040\000S\000S\000L\000/\000T\000L\000S}{section.7.4}% 195
\BOOKMARK [1][-]{section.7.5}{\376\377\000R\000i\000s\000k\000s\000\040\000i\000n\000\040\000U\000s\000i\000n\000g\000\040\000C\000e\000r\000t\000i\000f\000i\000c\000a\000t\000e\000s}{chapter.7}% 196
\BOOKMARK [1][-]{section.7.6}{\376\377\000F\000i\000r\000e\000w\000a\000l\000l\000s}{chapter.7}% 197
\BOOKMARK [1][-]{section.7.7}{\376\377\000R\000e\000q\000u\000i\000r\000e\000m\000e\000n\000t\000s\000\040\000\050\000O\000p\000e\000r\000a\000t\000i\000o\000n\000\040\000o\000f\000\040\000a\000\040\000f\000i\000r\000e\000w\000a\000l\000l\000\051}{chapter.7}% 198
\BOOKMARK [2][-]{subsection.7.7.1}{\376\377\000T\000y\000p\000e\000s\000\040\000o\000f\000\040\000F\000i\000r\000e\000w\000a\000l\000l}{section.7.7}% 199
\BOOKMARK [2][-]{subsection.7.7.2}{\376\377\000P\000l\000a\000c\000e\000m\000e\000n\000t\000\040\000o\000f\000\040\000F\000i\000r\000e\000w\000a\000l\000l\000s}{section.7.7}% 200
\BOOKMARK [2][-]{subsection.7.7.3}{\376\377\000R\000e\000s\000i\000d\000u\000a\000l\000\040\000R\000i\000s\000k\000s\000\040\000C\000o\000n\000n\000e\000c\000t\000e\000d\000\040\000w\000i\000t\000h\000\040\000F\000i\000r\000e\000w\000a\000l\000l\000s}{section.7.7}% 201
\BOOKMARK [2][-]{subsection.7.7.4}{\376\377\000P\000e\000r\000s\000o\000n\000a\000l\000\040\000F\000i\000r\000e\000w\000a\000l\000l\000s}{section.7.7}% 202
\BOOKMARK [1][-]{section.7.8}{\376\377\000I\000n\000t\000r\000u\000s\000i\000o\000n\000\040\000D\000e\000t\000e\000c\000t\000i\000o\000n\000\040\000S\000y\000s\000t\000e\000m\000s\000\040\000\050\000I\000D\000S\000\051}{chapter.7}% 203
\BOOKMARK [2][-]{subsection.7.8.1}{\376\377\000P\000r\000i\000n\000c\000i\000p\000l\000e\000s\000\040\000o\000f\000\040\000O\000p\000e\000r\000a\000t\000i\000o\000n}{section.7.8}% 204
\BOOKMARK [2][-]{subsection.7.8.2}{\376\377\000N\000e\000t\000w\000o\000r\000k\000\040\000I\000D\000S\000s\000\040\000\050\000N\000I\000D\000S\000\051}{section.7.8}% 205
\BOOKMARK [2][-]{subsection.7.8.3}{\376\377\000H\000o\000s\000t\000\040\000I\000D\000S\000s\000\040\000\050\000H\000I\000D\000S\000\051}{section.7.8}% 206
\BOOKMARK [2][-]{subsection.7.8.4}{\376\377\000S\000e\000c\000u\000r\000i\000t\000y\000\040\000i\000n\000\040\000W\000i\000r\000e\000l\000e\000s\000s\000\040\000N\000e\000t\000w\000o\000r\000k\000s}{section.7.8}% 207
\BOOKMARK [2][-]{subsection.7.8.5}{\376\377\000O\000r\000i\000g\000i\000n\000a\000l\000\040\000W\000i\000F\000i\000\040\000S\000e\000c\000u\000r\000i\000t\000y\000\040\000\050\000W\000E\000P\000\051}{section.7.8}% 208
\BOOKMARK [2][-]{subsection.7.8.6}{\376\377\000D\000e\000v\000e\000l\000o\000p\000m\000e\000n\000t\000\040\000o\000f\000\040\000S\000e\000c\000u\000r\000i\000t\000y\000\040\000i\000n\000\040\000I\000E\000E\000E\000\040\0008\0000\0002\000.\0001\0001}{section.7.8}% 209
\BOOKMARK [2][-]{subsection.7.8.7}{\376\377\000S\000e\000c\000u\000r\000i\000t\000y\000\040\000i\000n\000\040\000B\000l\000u\000e\000t\000o\000o\000t\000h}{section.7.8}% 210
\BOOKMARK [1][-]{section.7.9}{\376\377\000S\000e\000c\000u\000r\000i\000t\000y\000\040\000i\000n\000\040\000t\000h\000e\000\040\000M\000o\000b\000i\000l\000e\000\040\000T\000e\000l\000e\000p\000h\000o\000n\000e\000\040\000N\000e\000t\000w\000o\000r\000k}{chapter.7}% 211
\BOOKMARK [2][-]{subsection.7.9.1}{\376\377\000S\000e\000c\000u\000r\000i\000t\000y\000\040\000i\000n\000\040\000G\000S\000M}{section.7.9}% 212
\BOOKMARK [2][-]{subsection.7.9.2}{\376\377\000C\000a\000n\000\040\000t\000h\000e\000\040\000A\0005\000\040\000F\000u\000n\000c\000t\000i\000o\000n\000s\000\040\000B\000e\000\040\000B\000r\000o\000k\000e\000n\000\040\000i\000n\000\040\000P\000r\000a\000c\000t\000i\000c\000e\000?}{section.7.9}% 213
\BOOKMARK [2][-]{subsection.7.9.3}{\376\377\000S\000e\000c\000u\000r\000i\000t\000y\000\040\000i\000n\000\040\000U\000M\000T\000S}{section.7.9}% 214
\BOOKMARK [2][-]{subsection.7.9.4}{\376\377\000F\000a\000l\000s\000e\000\040\000B\000T\000S\000s\000\040\000a\000n\000d\000\040\000S\000u\000r\000v\000e\000i\000l\000l\000a\000n\000c\000e}{section.7.9}% 215
\BOOKMARK [2][-]{subsection.7.9.5}{\376\377\000I\000s\000\040\000Y\000o\000u\000r\000\040\000M\000o\000b\000i\000l\000e\000\040\000D\000e\000v\000i\000c\000e\000\040\000S\000e\000c\000u\000r\000e\000?}{section.7.9}% 216
\BOOKMARK [1][-]{section.7.10}{\376\377\000D\000e\000n\000i\000a\000l\000\040\000o\000f\000\040\000S\000e\000r\000v\000i\000c\000e\000\040\000\050\000D\000o\000S\000\051\000\040\000A\000t\000t\000a\000c\000k\000s}{chapter.7}% 217
\BOOKMARK [2][-]{subsection.7.10.1}{\376\377\000D\000o\000S\000\040\000A\000t\000t\000a\000c\000k\000s\000\040\000i\000n\000\040\000t\000h\000e\000\040\000A\000p\000p\000l\000i\000c\000a\000t\000i\000o\000n\000\040\000L\000a\000y\000e\000r}{section.7.10}% 218
\BOOKMARK [2][-]{subsection.7.10.2}{\376\377\000D\000o\000S\000\040\000A\000t\000t\000a\000c\000k\000s\000\040\000i\000n\000\040\000t\000h\000e\000\040\000T\000r\000a\000n\000s\000p\000o\000r\000t\000\040\000L\000a\000y\000e\000r}{section.7.10}% 219
\BOOKMARK [2][-]{subsection.7.10.3}{\376\377\000D\000o\000S\000\040\000A\000t\000t\000a\000c\000k\000s\000\040\000i\000n\000\040\000t\000h\000e\000\040\000I\000n\000t\000e\000r\000n\000e\000t\000\040\000L\000a\000y\000e\000r}{section.7.10}% 220
\BOOKMARK [2][-]{subsection.7.10.4}{\376\377\000D\000o\000S\000\040\000A\000t\000t\000a\000c\000k\000s\000\040\000i\000n\000\040\000t\000h\000e\000\040\000L\000i\000n\000k\000\040\000a\000n\000d\000\040\000P\000h\000y\000s\000i\000c\000a\000l\000\040\000L\000a\000y\000e\000r\000s}{section.7.10}% 221
\BOOKMARK [2][-]{subsection.7.10.5}{\376\377\000D\000i\000s\000t\000r\000i\000b\000u\000t\000e\000d\000\040\000D\000o\000S\000\040\000A\000t\000t\000a\000c\000k\000s}{section.7.10}% 222
\BOOKMARK [2][-]{subsection.7.10.6}{\376\377\000P\000e\000r\000m\000a\000n\000e\000n\000t\000\040\000D\000o\000S\000\040\000A\000t\000t\000a\000c\000k\000s}{section.7.10}% 223
\BOOKMARK [2][-]{subsection.7.10.7}{\376\377\000R\000i\000s\000k\000s\000\040\000a\000n\000d\000\040\000C\000o\000u\000n\000t\000e\000r\000m\000e\000a\000s\000u\000r\000e\000s\000\040\000f\000o\000r\000\040\000D\000O\000S\000\040\000A\000t\000t\000a\000c\000k\000s}{section.7.10}% 224
\BOOKMARK [1][-]{section.7.11}{\376\377\000S\000e\000c\000u\000r\000i\000t\000y\000\040\000i\000n\000\040\000D\000N\000S}{chapter.7}% 225
\BOOKMARK [2][-]{subsection.7.11.1}{\376\377\000C\000o\000u\000n\000t\000e\000r\000m\000e\000a\000s\000u\000r\000e\000s\000\040\000f\000o\000r\000\040\000U\000s\000e\000\040\000i\000n\000\040\000D\000N\000S}{section.7.11}% 226
\BOOKMARK [1][-]{section.7.12}{\376\377\000S\000e\000c\000u\000r\000i\000t\000y\000\040\000i\000n\000\040\000S\000M\000T\000P}{chapter.7}% 227
\BOOKMARK [2][-]{subsection.7.12.1}{\376\377\000S\000P\000F}{section.7.12}% 228
\BOOKMARK [2][-]{subsection.7.12.2}{\376\377\000D\000K\000I\000M}{section.7.12}% 229
\BOOKMARK [1][-]{section.7.13}{\376\377\000S\000e\000c\000u\000r\000i\000t\000y\000\040\000i\000n\000\040\000S\000N\000M\000P}{chapter.7}% 230
\BOOKMARK [2][-]{subsection.7.13.1}{\376\377\000R\000i\000s\000k\000s\000\040\000a\000n\000d\000\040\000C\000o\000u\000n\000t\000e\000r\000m\000e\000a\000s\000u\000r\000e\000s\000\040\000i\000n\000\040\000U\000s\000i\000n\000g\000\040\000S\000N\000M\000P}{section.7.13}% 231
\BOOKMARK [1][-]{section.7.14}{\376\377\000C\000r\000i\000t\000i\000c\000a\000l\000\040\000I\000n\000f\000r\000a\000s\000t\000r\000u\000c\000t\000u\000r\000e\000\040\000P\000r\000o\000t\000e\000c\000t\000i\000o\000n}{chapter.7}% 232
\BOOKMARK [1][-]{section.7.15}{\376\377\000E\000v\000a\000l\000u\000a\000t\000i\000o\000n\000\040\000o\000f\000\040\000N\000e\000t\000w\000o\000r\000k\000\040\000S\000e\000c\000u\000r\000i\000t\000y}{chapter.7}% 233
\BOOKMARK [1][-]{section.7.16}{\376\377\000U\000s\000e\000f\000u\000l\000\040\000c\000o\000n\000c\000e\000p\000t\000s\000\040\000w\000h\000i\000c\000h\000\040\000y\000o\000u\000\040\000s\000h\000o\000u\000l\000d\000\040\000n\000o\000w\000\040\000k\000n\000o\000w\000\040\000a\000b\000o\000u\000t}{chapter.7}% 234
\BOOKMARK [1][-]{section.7.17}{\376\377\000F\000u\000r\000t\000h\000e\000r\000\040\000R\000e\000a\000d\000i\000n\000g}{chapter.7}% 235
\BOOKMARK [2][-]{subsection.7.17.1}{\376\377\000C\000y\000b\000e\000r\000s\000q\000u\000a\000t\000t\000i\000n\000g}{section.7.17}% 236
\BOOKMARK [2][-]{subsection.7.17.2}{\376\377\000M\000o\000n\000i\000t\000o\000r\000i\000n\000g\000\040\000w\000i\000r\000e\000l\000e\000s\000s\000\040\000p\000e\000r\000s\000o\000n\000a\000l\000\040\000n\000e\000t\000w\000o\000r\000k\000s}{section.7.17}% 237
\BOOKMARK [2][-]{subsection.7.17.3}{\376\377\000U\000s\000i\000n\000g\000\040\000u\000n\000e\000n\000c\000r\000y\000p\000t\000e\000d\000\040\000w\000i\000r\000e\000l\000e\000s\000s\000\040\000n\000e\000t\000w\000o\000r\000k\000s}{section.7.17}% 238
\BOOKMARK [2][-]{subsection.7.17.4}{\376\377\000T\000h\000e\000\040\000f\000a\000l\000s\000e\000\040\000A\000P}{section.7.17}% 239
\BOOKMARK [2][-]{subsection.7.17.5}{\376\377\000B\000l\000a\000c\000k\000l\000i\000s\000t\000i\000n\000g}{section.7.17}% 240
\BOOKMARK [2][-]{subsection.7.17.6}{\376\377\000D\000i\000s\000p\000o\000s\000a\000b\000l\000e\000\040\000a\000l\000i\000a\000s\000\040\000n\000a\000m\000e\000s}{section.7.17}% 241
\BOOKMARK [2][-]{subsection.7.17.7}{\376\377\000S\000e\000r\000v\000e\000r\000\040\000c\000e\000r\000t\000i\000f\000i\000c\000a\000t\000e\000s}{section.7.17}% 242
\BOOKMARK [2][-]{subsection.7.17.8}{\376\377\000S\000p\000a\000m\000\040\000a\000n\000d\000\040\000m\000a\000l\000w\000a\000r\000e\000\040\000f\000i\000l\000t\000e\000r\000i\000n\000g}{section.7.17}% 243
\BOOKMARK [2][-]{subsection.7.17.9}{\376\377\000D\000M\000Z\000\040\000n\000e\000t\000w\000o\000r\000k\000s}{section.7.17}% 244
\BOOKMARK [2][-]{subsection.7.17.10}{\376\377\000C\000y\000b\000e\000r\000s\000e\000c\000u\000r\000i\000t\000y\000\040\000i\000n\000\040\000m\000e\000d\000i\000c\000a\000l\000\040\000e\000q\000u\000i\000p\000m\000e\000n\000t}{section.7.17}% 245
\BOOKMARK [2][-]{subsection.7.17.11}{\376\377\000A\000\040\000c\000o\000m\000p\000a\000n\000y\000'\000s\000\040\000w\000e\000b\000\040\000s\000e\000r\000v\000e\000r\000s}{section.7.17}% 246
\BOOKMARK [1][-]{section.7.18}{\376\377\000S\000e\000c\000u\000r\000i\000t\000y\000\040\000i\000n\000\040\000O\000p\000e\000r\000a\000t\000i\000n\000g\000\040\000S\000y\000s\000t\000e\000m\000s}{chapter.7}% 247
\BOOKMARK [1][-]{section.7.19}{\376\377\000R\000e\000q\000u\000i\000r\000e\000m\000e\000n\000t\000s\000\040\000\050\000P\000r\000o\000p\000e\000r\000t\000i\000e\000s\000\040\000o\000f\000\040\000a\000\040\000s\000y\000s\000t\000e\000m\000\040\000f\000o\000r\000\040\000p\000e\000r\000m\000i\000s\000s\000i\000o\000n\000\040\000c\000o\000n\000t\000r\000o\000l\000\051}{chapter.7}% 248
\BOOKMARK [1][-]{section.7.20}{\376\377\000U\000s\000e\000r\000\040\000A\000u\000t\000h\000e\000n\000t\000i\000c\000a\000t\000i\000o\000n}{chapter.7}% 249
\BOOKMARK [2][-]{subsection.7.20.1}{\376\377\000B\000i\000o\000m\000e\000t\000r\000i\000c\000\040\000A\000u\000t\000h\000e\000n\000t\000i\000c\000a\000t\000i\000o\000n}{section.7.20}% 250
\BOOKMARK [2][-]{subsection.7.20.2}{\376\377\000P\000a\000s\000s\000w\000o\000r\000d\000s}{section.7.20}% 251
\BOOKMARK [2][-]{subsection.7.20.3}{\376\377\000P\000a\000s\000s\000w\000o\000r\000d\000\040\000S\000t\000r\000e\000n\000g\000t\000h}{section.7.20}% 252
\BOOKMARK [2][-]{subsection.7.20.4}{\376\377\000P\000r\000o\000t\000e\000c\000t\000i\000o\000n\000\040\000o\000f\000\040\000P\000a\000s\000s\000w\000o\000r\000d\000s}{section.7.20}% 253
\BOOKMARK [2][-]{subsection.7.20.5}{\376\377\000C\000h\000o\000o\000s\000i\000n\000g\000\040\000P\000a\000s\000s\000w\000o\000r\000d\000s}{section.7.20}% 254
\BOOKMARK [2][-]{subsection.7.20.6}{\376\377\000O\000n\000e\000-\000t\000i\000m\000e\000\040\000P\000a\000s\000s\000w\000o\000r\000d\000s}{section.7.20}% 255
\BOOKMARK [2][-]{subsection.7.20.7}{\376\377\000P\000a\000t\000t\000e\000r\000n\000\040\000L\000o\000c\000k\000s}{section.7.20}% 256
\BOOKMARK [2][-]{subsection.7.20.8}{\376\377\000T\000r\000e\000n\000d\000s\000\040\000i\000n\000\040\000U\000s\000e\000r\000\040\000A\000u\000t\000h\000e\000n\000t\000i\000c\000a\000t\000i\000o\000n}{section.7.20}% 257
\BOOKMARK [2][-]{subsection.7.20.9}{\376\377\000A\000u\000t\000h\000e\000n\000t\000i\000c\000a\000t\000i\000o\000n\000\040\000T\000h\000r\000o\000u\000g\000h\000\040\000t\000h\000e\000\040\000N\000e\000t}{section.7.20}% 258
\BOOKMARK [2][-]{subsection.7.20.10}{\376\377\000A\000u\000t\000h\000o\000r\000i\000s\000a\000t\000i\000o\000n\000,\000\040\000P\000r\000o\000t\000e\000c\000t\000i\000o\000n\000\040\000\046\000\040\000R\000i\000g\000h\000t\000s}{section.7.20}% 259
\BOOKMARK [2][-]{subsection.7.20.11}{\376\377\000W\000h\000o\000\040\000D\000e\000c\000i\000d\000e\000s\000?}{section.7.20}% 260
\BOOKMARK [2][-]{subsection.7.20.12}{\376\377\000A\000c\000c\000e\000s\000s\000\040\000C\000o\000n\000t\000r\000o\000l\000\040\000M\000a\000t\000r\000i\000c\000e\000s}{section.7.20}% 261
\BOOKMARK [2][-]{subsection.7.20.13}{\376\377\000A\000c\000c\000e\000s\000s\000\040\000C\000o\000n\000t\000r\000o\000l\000\040\000L\000i\000s\000t\000s}{section.7.20}% 262
\BOOKMARK [2][-]{subsection.7.20.14}{\376\377\000D\000i\000r\000e\000c\000t\000o\000r\000i\000e\000s}{section.7.20}% 263
\BOOKMARK [2][-]{subsection.7.20.15}{\376\377\000C\000a\000p\000a\000b\000i\000l\000i\000t\000i\000e\000s}{section.7.20}% 264
\BOOKMARK [1][-]{section.7.21}{\376\377\000A\000c\000c\000e\000s\000s\000\040\000C\000o\000n\000t\000r\000o\000l\000\040\000i\000n\000\040\000F\000i\000l\000e\000\040\000S\000y\000s\000t\000e\000m\000s}{chapter.7}% 265
\BOOKMARK [2][-]{subsection.7.21.1}{\376\377\000U\000n\000i\000x\000-\000s\000t\000y\000l\000e\000\040\000F\000i\000l\000e\000\040\000P\000r\000o\000t\000e\000c\000t\000i\000o\000n}{section.7.21}% 266
\BOOKMARK [1][-]{section.7.22}{\376\377\000P\000r\000o\000b\000l\000e\000m\000s\000\040\000w\000i\000t\000h\000\040\000U\000n\000i\000x\000-\000s\000t\000y\000l\000e\000\040\000F\000i\000l\000e\000\040\000P\000r\000o\000t\000e\000c\000t\000i\000o\000n\000:}{chapter.7}% 267
\BOOKMARK [2][-]{subsection.7.22.1}{\376\377\000s\000e\000t\000u\000i\000d\000\040\000a\000n\000d\000\040\000s\000e\000t\000g\000i\000d}{section.7.22}% 268
\BOOKMARK [2][-]{subsection.7.22.2}{\376\377\000W\000i\000n\000d\000o\000w\000s\000\040\000N\000T\000\040\000A\000C\000L\000s}{section.7.22}% 269
\BOOKMARK [1][-]{section.7.23}{\376\377\000A\000c\000c\000e\000s\000s\000\040\000C\000o\000n\000t\000r\000o\000l\000\040\000f\000o\000r\000\040\000O\000t\000h\000e\000r\000\040\000S\000y\000s\000t\000e\000m\000\040\000C\000o\000m\000p\000o\000n\000e\000n\000t\000s}{chapter.7}% 270
\BOOKMARK [2][-]{subsection.7.23.1}{\376\377\000A\000c\000c\000e\000s\000s\000\040\000C\000o\000n\000t\000r\000o\000l\000\040\000i\000n\000\040\000t\000h\000e\000\040\000M\000e\000m\000o\000r\000y}{section.7.23}% 271
\BOOKMARK [2][-]{subsection.7.23.2}{\376\377\000A\000c\000c\000e\000s\000s\000\040\000C\000o\000n\000t\000r\000o\000l\000\040\000f\000o\000r\000\040\000H\000a\000r\000d\000w\000a\000r\000e\000\040\000U\000n\000i\000t\000s}{section.7.23}% 272
\BOOKMARK [2][-]{subsection.7.23.3}{\376\377\000A\000c\000c\000e\000s\000s\000\040\000C\000o\000n\000t\000r\000o\000l\000\040\000f\000o\000r\000\040\000t\000h\000e\000\040\000C\000P\000U}{section.7.23}% 273
\BOOKMARK [2][-]{subsection.7.23.4}{\376\377\000A\000c\000c\000e\000s\000s\000\040\000C\000o\000n\000t\000r\000o\000l\000\040\000i\000n\000\040\000A\000n\000d\000r\000o\000i\000d}{section.7.23}% 274
\BOOKMARK [2][-]{subsection.7.23.5}{\376\377\000B\000y\000p\000a\000s\000s\000i\000n\000g\000\040\000A\000c\000c\000e\000s\000s\000\040\000C\000o\000n\000t\000r\000o\000l\000:\000\040\000R\000o\000o\000t\000k\000i\000t\000s}{section.7.23}% 275
\BOOKMARK [2][-]{subsection.7.23.6}{\376\377\000T\000h\000e\000\040\000R\000e\000f\000e\000r\000e\000n\000c\000e\000\040\000M\000o\000n\000i\000t\000o\000r\000\040\000r\000e\000v\000i\000s\000i\000t\000e\000d}{section.7.23}% 276
\BOOKMARK [1][-]{section.7.24}{\376\377\000E\000n\000c\000r\000y\000p\000t\000i\000o\000n\000\040\000i\000n\000\040\000t\000h\000e\000\040\000O\000p\000e\000r\000a\000t\000i\000n\000g\000\040\000S\000y\000s\000t\000e\000m}{chapter.7}% 277
\BOOKMARK [1][-]{section.7.25}{\376\377\000J\000o\000b\000\040\000S\000c\000h\000e\000d\000u\000l\000i\000n\000g}{chapter.7}% 278
\BOOKMARK [1][-]{section.7.26}{\376\377\000U\000p\000d\000a\000t\000i\000n\000g\000\040\000t\000h\000e\000\040\000O\000p\000e\000r\000a\000t\000i\000n\000g\000\040\000S\000y\000s\000t\000e\000m}{chapter.7}% 279
\BOOKMARK [1][-]{section.7.27}{\376\377\000I\000s\000\040\000Y\000o\000u\000r\000\040\000O\000S\000\040\000G\000e\000n\000u\000i\000n\000e\000?}{chapter.7}% 280
\BOOKMARK [1][-]{section.7.28}{\376\377\000W\000h\000a\000t\000\040\000t\000h\000e\000\040\000O\000S\000\040\000C\000a\000n\000n\000o\000t\000\040\000D\000o}{chapter.7}% 281
\BOOKMARK [2][-]{subsection.7.28.1}{\376\377\000A\000\040\000p\000o\000l\000i\000c\000y\000\040\000f\000o\000r\000\040\000c\000h\000o\000o\000s\000i\000n\000g\000\040\000p\000a\000s\000s\000w\000o\000r\000d\000s}{section.7.28}% 282
\BOOKMARK [2][-]{subsection.7.28.2}{\376\377\000M\000u\000l\000t\000i\000-\000f\000a\000c\000t\000o\000r\000\040\000a\000u\000t\000h\000e\000n\000t\000i\000c\000a\000t\000i\000o\000n}{section.7.28}% 283
\BOOKMARK [2][-]{subsection.7.28.3}{\376\377\000W\000i\000n\000d\000o\000w\000s\000\040\000R\000e\000g\000i\000s\000t\000r\000y\000\040\000a\000n\000d\000\040\000U\000n\000i\000x\000\040\000/\000p\000r\000o\000c}{section.7.28}% 284
\BOOKMARK [2][-]{subsection.7.28.4}{\376\377\000D\000a\000t\000a\000\040\000e\000n\000c\000r\000y\000p\000t\000i\000o\000n\000\040\000i\000n\000\040\000t\000h\000e\000\040\000c\000l\000o\000u\000d}{section.7.28}% 285
\BOOKMARK [2][-]{subsection.7.28.5}{\376\377\000C\000a\000p\000a\000b\000i\000l\000i\000t\000i\000e\000s\000\040\000a\000n\000d\000\040\000p\000r\000o\000t\000e\000c\000t\000i\000o\000n\000\040\000r\000i\000n\000g\000s}{section.7.28}% 286
\BOOKMARK [2][-]{subsection.7.28.6}{\376\377\000T\000h\000r\000e\000a\000t\000s\000\040\000t\000o\000\040\000K\000e\000r\000b\000e\000r\000o\000s}{section.7.28}% 287
\BOOKMARK [2][-]{subsection.7.28.7}{\376\377\000T\000h\000e\000\040\000p\000r\000i\000n\000c\000i\000p\000l\000e\000\040\000o\000f\000\040\000l\000e\000a\000s\000t\000\040\000p\000r\000i\000v\000i\000l\000e\000g\000e}{section.7.28}% 288
\BOOKMARK [2][-]{subsection.7.28.8}{\376\377\000P\000a\000s\000s\000w\000o\000r\000d\000\040\000s\000e\000c\000r\000e\000c\000y}{section.7.28}% 289
\BOOKMARK [1][-]{section.7.29}{\376\377\000S\000o\000f\000t\000w\000a\000r\000e\000\040\000s\000e\000c\000u\000r\000i\000t\000y}{chapter.7}% 290
\BOOKMARK [1][-]{section.7.30}{\376\377\000C\000l\000a\000s\000s\000e\000s\000\040\000o\000f\000\040\000S\000e\000c\000u\000r\000i\000t\000y\000\040\000F\000a\000i\000l\000u\000r\000e\000\040\000i\000n\000\040\000S\000o\000f\000t\000w\000a\000r\000e}{chapter.7}% 291
\BOOKMARK [2][-]{subsection.7.30.1}{\376\377\000B\000u\000f\000f\000e\000r\000\040\000O\000v\000e\000r\000f\000l\000o\000w}{section.7.30}% 292
\BOOKMARK [2][-]{subsection.7.30.2}{\376\377\000B\000u\000f\000f\000e\000r\000\040\000O\000v\000e\000r\000f\000l\000o\000w\000\040\000V\000u\000l\000n\000e\000r\000a\000b\000i\000l\000i\000t\000i\000e\000s}{section.7.30}% 293
\BOOKMARK [2][-]{subsection.7.30.3}{\376\377\000B\000u\000f\000f\000e\000r\000\040\000O\000v\000e\000r\000r\000e\000a\000d}{section.7.30}% 294
\BOOKMARK [2][-]{subsection.7.30.4}{\376\377\000I\000n\000c\000o\000m\000p\000l\000e\000t\000e\000\040\000M\000e\000d\000i\000a\000t\000i\000o\000n}{section.7.30}% 295
\BOOKMARK [2][-]{subsection.7.30.5}{\376\377\000T\000i\000m\000e\000-\000o\000f\000-\000c\000h\000e\000c\000k\000\040\000t\000o\000\040\000T\000i\000m\000e\000-\000o\000f\000-\000u\000s\000e\000\040\000\050\000T\000O\000C\000T\000T\000O\000U\000\051}{section.7.30}% 296
\BOOKMARK [2][-]{subsection.7.30.6}{\376\377\000D\000e\000t\000e\000c\000t\000i\000o\000n\000\040\000o\000f\000\040\000P\000r\000o\000g\000r\000a\000m\000m\000i\000n\000g\000\040\000E\000r\000r\000o\000r\000s}{section.7.30}% 297
\BOOKMARK [1][-]{section.7.31}{\376\377\000M\000a\000l\000i\000c\000i\000o\000u\000s\000\040\000C\000o\000d\000e}{chapter.7}% 298
\BOOKMARK [2][-]{subsection.7.31.1}{\376\377\000V\000i\000r\000u\000s\000\040\000A\000t\000t\000a\000c\000k\000s}{section.7.31}% 299
\BOOKMARK [2][-]{subsection.7.31.2}{\376\377\000W\000o\000r\000m\000\040\000a\000t\000t\000a\000c\000k\000s}{section.7.31}% 300
\BOOKMARK [2][-]{subsection.7.31.3}{\376\377\000A\000n\000t\000i\000v\000i\000r\000u\000s\000\040\000S\000y\000s\000t\000e\000m\000s}{section.7.31}% 301
\BOOKMARK [2][-]{subsection.7.31.4}{\376\377\000E\000x\000p\000l\000o\000i\000t\000a\000t\000i\000o\000n\000\040\000o\000f\000\040\000U\000n\000p\000u\000b\000l\000i\000s\000h\000e\000d\000\040\000V\000u\000l\000n\000e\000r\000a\000b\000i\000l\000i\000t\000i\000e\000s}{section.7.31}% 302
\BOOKMARK [1][-]{section.7.32}{\376\377\000S\000Q\000L\000\040\000I\000n\000j\000e\000c\000t\000i\000o\000n}{chapter.7}% 303
\BOOKMARK [2][-]{subsection.7.32.1}{\376\377\000C\000o\000u\000n\000t\000e\000r\000m\000e\000a\000s\000u\000r\000e\000s}{section.7.32}% 304
\BOOKMARK [1][-]{section.7.33}{\376\377\000L\000D\000A\000P\000\040\000I\000n\000j\000e\000c\000t\000i\000o\000n}{chapter.7}% 305
\BOOKMARK [2][-]{subsection.7.33.1}{\376\377\000L\000D\000A\000P\000\040\000S\000e\000a\000r\000c\000h\000e\000s}{section.7.33}% 306
\BOOKMARK [1][-]{section.7.34}{\376\377\000H\000T\000T\000P\000-\000b\000a\000s\000e\000d\000\040\000A\000p\000p\000l\000i\000c\000a\000t\000i\000o\000n\000s}{chapter.7}% 307
\BOOKMARK [2][-]{subsection.7.34.1}{\376\377\000H\000T\000T\000P\000\040\000A\000u\000t\000h\000e\000n\000t\000i\000c\000a\000t\000i\000o\000n}{section.7.34}% 308
\BOOKMARK [2][-]{subsection.7.34.2}{\376\377\000H\000T\000T\000P\000\040\000B\000a\000s\000i\000c\000\040\000A\000u\000t\000h\000e\000n\000t\000i\000c\000a\000t\000i\000o\000n}{section.7.34}% 309
\BOOKMARK [1][-]{section.7.35}{\376\377\000A\000\040\000S\000h\000o\000r\000t\000\040\000I\000n\000t\000e\000r\000l\000u\000d\000e\000:\000\040\000B\000a\000s\000e\0006\0004\000\040\000E\000n\000c\000o\000d\000i\000n\000g}{chapter.7}% 310
\BOOKMARK [2][-]{subsection.7.35.1}{\376\377\000H\000T\000T\000P\000\040\000D\000i\000g\000e\000s\000t\000\040\000A\000u\000t\000h\000e\000n\000t\000i\000c\000a\000t\000i\000o\000n}{section.7.35}% 311
\BOOKMARK [2][-]{subsection.7.35.2}{\376\377\000V\000u\000l\000n\000e\000r\000a\000b\000i\000l\000i\000t\000i\000e\000s\000\040\000i\000n\000\040\000H\000T\000T\000P\000\040\000A\000u\000t\000h\000e\000n\000t\000i\000c\000a\000t\000i\000o\000n}{section.7.35}% 312
\BOOKMARK [2][-]{subsection.7.35.3}{\376\377\000H\000T\000T\000P\000\040\000C\000o\000o\000k\000i\000e\000s}{section.7.35}% 313
\BOOKMARK [2][-]{subsection.7.35.4}{\376\377\000S\000e\000s\000s\000i\000o\000n\000I\000D\000s}{section.7.35}% 314
\BOOKMARK [2][-]{subsection.7.35.5}{\376\377\000W\000e\000b\000f\000o\000r\000m\000s}{section.7.35}% 315
\BOOKMARK [2][-]{subsection.7.35.6}{\376\377\000M\000o\000b\000i\000l\000e\000\040\000c\000o\000d\000e}{section.7.35}% 316
\BOOKMARK [2][-]{subsection.7.35.7}{\376\377\000S\000e\000c\000u\000r\000i\000t\000y\000\040\000w\000i\000t\000h\000\040\000J\000a\000v\000a\000\040\000A\000p\000p\000l\000e\000t\000s}{section.7.35}% 317
\BOOKMARK [2][-]{subsection.7.35.8}{\376\377\000S\000e\000c\000u\000r\000i\000t\000y\000\040\000w\000i\000t\000h\000\040\000A\000c\000t\000i\000v\000e\000X}{section.7.35}% 318
\BOOKMARK [2][-]{subsection.7.35.9}{\376\377\000S\000e\000c\000u\000r\000i\000t\000y\000\040\000Z\000o\000n\000e\000s}{section.7.35}% 319
\BOOKMARK [2][-]{subsection.7.35.10}{\376\377\000W\000e\000b\000\040\000S\000e\000r\000v\000e\000r\000\040\000V\000u\000l\000n\000e\000r\000a\000b\000i\000l\000i\000t\000i\000e\000s}{section.7.35}% 320
\BOOKMARK [2][-]{subsection.7.35.11}{\376\377\000X\000S\000S\000:\000\040\000C\000r\000o\000s\000s\000-\000s\000i\000t\000e\000\040\000S\000c\000r\000i\000p\000t\000i\000n\000g}{section.7.35}% 321
\BOOKMARK [2][-]{subsection.7.35.12}{\376\377\000D\000y\000n\000a\000m\000i\000c\000\040\000G\000e\000n\000e\000r\000a\000t\000i\000o\000n\000\040\000o\000f\000\040\000C\000o\000n\000t\000e\000n\000t}{section.7.35}% 322
\BOOKMARK [1][-]{section.7.36}{\376\377\000T\000a\000r\000g\000e\000t\000s\000\040\000f\000o\000r\000\040\000S\000o\000f\000t\000w\000a\000r\000e\000\040\000S\000e\000c\000u\000r\000i\000t\000y}{chapter.7}% 323
\BOOKMARK [2][-]{subsection.7.36.1}{\376\377\000B\000a\000s\000i\000c\000\040\000a\000u\000t\000h\000e\000n\000t\000i\000c\000a\000t\000i\000o\000n\000\040\000i\000\040\000H\000T\000T\000P}{section.7.36}% 324
\BOOKMARK [2][-]{subsection.7.36.2}{\376\377\000A\000\040\000m\000y\000t\000h\000\040\000a\000b\000o\000u\000t\000\040\000t\000h\000e\000\040\000I\000n\000t\000e\000r\000n\000e\000t\000?\000\040\000\050\0001\000\051}{section.7.36}% 325
\BOOKMARK [2][-]{subsection.7.36.3}{\376\377\000A\000\040\000m\000y\000t\000h\000\040\000a\000b\000o\000u\000t\000\040\000t\000h\000e\000\040\000I\000n\000t\000e\000r\000n\000e\000t\000?\000\040\000\050\0002\000\051}{section.7.36}% 326
\BOOKMARK [2][-]{subsection.7.36.4}{\376\377\000D\000e\000t\000e\000c\000t\000i\000o\000n\000\040\000o\000f\000\040\000r\000o\000o\000t\000k\000i\000t\000s}{section.7.36}% 327
\BOOKMARK [2][-]{subsection.7.36.5}{\376\377\000-\000d\000a\000y\000\040\000a\000t\000t\000a\000c\000k\000s}{section.7.36}% 328
\BOOKMARK [2][-]{subsection.7.36.6}{\376\377\000T\000h\000e\000\040\000B\000l\000o\000t\000t\000o\000X\000\040\000w\000o\000r\000m}{section.7.36}% 329
\BOOKMARK [2][-]{subsection.7.36.7}{\376\377\000T\000O\000C\000T\000T\000O\000U\000\040\000f\000l\000a\000w\000s}{section.7.36}% 330
\BOOKMARK [1][-]{section.7.37}{\376\377\000I\000n\000c\000i\000d\000e\000n\000t\000\040\000H\000a\000n\000d\000l\000i\000n\000g\000\040\000a\000n\000d\000\040\000S\000y\000s\000t\000e\000m\000\040\000A\000v\000a\000i\000l\000a\000b\000i\000l\000i\000t\000y}{chapter.7}% 331
\BOOKMARK [1][-]{section.7.38}{\376\377\000R\000e\000a\000c\000t\000i\000n\000g\000\040\000t\000o\000\040\000S\000e\000c\000u\000r\000i\000t\000y\000\040\000I\000n\000c\000i\000d\000e\000n\000t\000s}{chapter.7}% 332
\BOOKMARK [2][-]{subsection.7.38.1}{\376\377\000I\000n\000c\000i\000d\000e\000n\000t\000\040\000R\000e\000p\000o\000r\000t\000i\000n\000g}{section.7.38}% 333
\BOOKMARK [1][-]{section.7.39}{\376\377\000D\000u\000t\000y\000\040\000t\000o\000\040\000r\000e\000p\000o\000r\000t\000\040\000s\000u\000s\000p\000i\000c\000i\000o\000u\000s\000\040\000e\000v\000e\000n\000t\000s}{chapter.7}% 334
\BOOKMARK [2][-]{subsection.7.39.1}{\376\377\000I\000n\000v\000e\000s\000t\000i\000g\000a\000t\000i\000o\000n\000\040\000o\000f\000\040\000S\000e\000c\000u\000r\000i\000t\000y\000\040\000I\000n\000c\000i\000d\000e\000n\000t\000s}{section.7.39}% 335
\BOOKMARK [2][-]{subsection.7.39.2}{\376\377\000I\000n\000v\000e\000s\000t\000i\000g\000a\000t\000i\000o\000n\000\040\000o\000f\000\040\000S\000m\000a\000r\000t\000p\000h\000o\000n\000e\000s}{section.7.39}% 336
\BOOKMARK [2][-]{subsection.7.39.3}{\376\377\000I\000n\000v\000e\000s\000t\000i\000g\000a\000t\000i\000o\000n\000\040\000o\000f\000\040\000E\000n\000c\000r\000y\000p\000t\000e\000d\000\040\000D\000a\000t\000a}{section.7.39}% 337
\BOOKMARK [1][-]{section.7.40}{\376\377\000B\000u\000s\000i\000n\000e\000s\000s\000\040\000C\000o\000n\000t\000i\000n\000u\000i\000t\000y\000\040\000P\000l\000a\000n\000n\000i\000n\000g}{chapter.7}% 338
\BOOKMARK [1][-]{section.7.41}{\376\377\000R\000e\000q\000u\000i\000r\000e\000m\000e\000n\000t\000s\000\040\000\050\000B\000C\000P\000\040\000t\000a\000r\000g\000e\000t\000\051}{chapter.7}% 339
\BOOKMARK [2][-]{subsection.7.41.1}{\376\377\000T\000h\000e\000\040\000B\000C\000P\000\040\000P\000r\000o\000c\000e\000s\000s}{section.7.41}% 340
\BOOKMARK [2][-]{subsection.7.41.2}{\376\377\000B\000C\000P\000\040\000A\000n\000a\000l\000y\000s\000i\000s}{section.7.41}% 341
\BOOKMARK [2][-]{subsection.7.41.3}{\376\377\000B\000C\000P\000\040\000R\000e\000s\000o\000u\000r\000c\000e\000\040\000R\000e\000q\000u\000i\000r\000e\000m\000e\000n\000t\000s}{section.7.41}% 342
\BOOKMARK [1][-]{section.7.42}{\376\377\000D\000i\000s\000a\000s\000t\000e\000r\000\040\000R\000e\000c\000o\000v\000e\000r\000y\000\040\000P\000l\000a\000n\000n\000i\000n\000g}{chapter.7}% 343
\BOOKMARK [2][-]{subsection.7.42.1}{\376\377\000P\000h\000a\000s\000e\000s\000\040\000o\000f\000\040\000R\000e\000c\000o\000v\000e\000r\000y}{section.7.42}% 344
\BOOKMARK [2][-]{subsection.7.42.2}{\376\377\000D\000R\000P\000\040\000S\000t\000r\000a\000t\000e\000g\000i\000e\000s}{section.7.42}% 345
\BOOKMARK [2][-]{subsection.7.42.3}{\376\377\000D\000R\000P\000\040\000T\000e\000s\000t\000i\000n\000g}{section.7.42}% 346
\BOOKMARK [1][-]{section.7.43}{\376\377\000S\000e\000c\000u\000r\000i\000t\000y\000\040\000A\000w\000a\000r\000e\000n\000e\000s\000s}{chapter.7}% 347
\BOOKMARK [1][-]{section.7.44}{\376\377\000L\000o\000o\000k\000\040\000a\000f\000t\000e\000r\000\040\000y\000o\000u\000r\000\040\000p\000r\000i\000v\000a\000t\000e\000\040\000d\000a\000t\000a\000!\000\040\000D\000a\000t\000a\000\040\000t\000h\000i\000e\000v\000e\000s\000\040\000a\000r\000e\000\040\000a\000f\000t\000e\000r\000\040\000t\000h\000e\000m\000.}{chapter.7}% 348
\BOOKMARK [2][-]{subsection.7.44.1}{\376\377\000T\000h\000e\000\040\000r\000e\000c\000o\000v\000e\000r\000y\000\040\000p\000l\000a\000n}{section.7.44}% 349
\BOOKMARK [2][-]{subsection.7.44.2}{\376\377\000T\000e\000s\000t\000i\000n\000g\000\040\000t\000h\000e\000\040\000r\000e\000c\000o\000v\000e\000r\000y\000\040\000p\000l\000a\000n}{section.7.44}% 350
\BOOKMARK [2][-]{subsection.7.44.3}{\376\377\000B\000a\000c\000k\000u\000p\000\040\000i\000n\000\040\000t\000h\000e\000\040\000c\000l\000o\000u\000d}{section.7.44}% 351
\BOOKMARK [2][-]{subsection.7.44.4}{\376\377\000I\000n\000c\000i\000d\000e\000n\000t\000s\000\040\000a\000n\000d\000\040\000d\000i\000s\000a\000s\000t\000e\000r\000s}{section.7.44}% 352
\BOOKMARK [2][-]{subsection.7.44.5}{\376\377\000M\000e\000m\000o\000r\000y\000\040\000a\000n\000a\000l\000y\000s\000i\000s}{section.7.44}% 353
\BOOKMARK [2][-]{subsection.7.44.6}{\376\377\000T\000h\000e\000\040\000a\000w\000a\000r\000e\000n\000e\000s\000s\000\040\000c\000a\000m\000p\000a\000i\000g\000n}{section.7.44}% 354
\BOOKMARK [2][-]{subsection.7.44.7}{\376\377\000I\000m\000p\000a\000c\000t\000\040\000a\000n\000a\000l\000y\000s\000i\000s}{section.7.44}% 355
\BOOKMARK [1][-]{section.7.45}{\376\377\000L\000a\000w\000\040\000a\000n\000d\000\040\000E\000t\000h\000i\000c\000s}{chapter.7}% 356
\BOOKMARK [1][-]{section.7.46}{\376\377\000C\000o\000m\000p\000u\000t\000e\000r\000\040\000C\000r\000i\000m\000e}{chapter.7}% 357
\BOOKMARK [2][-]{subsection.7.46.1}{\376\377\000W\000h\000i\000c\000h\000\040\000A\000c\000t\000s\000\040\000M\000u\000s\000t\000\040\000B\000e\000\040\000C\000o\000n\000s\000i\000d\000e\000r\000e\000d\000\040\000I\000l\000l\000e\000g\000a\000l\000?}{section.7.46}% 358
\BOOKMARK [2][-]{subsection.7.46.2}{\376\377\000W\000h\000i\000c\000h\000\040\000P\000o\000w\000e\000r\000s\000\040\000M\000u\000s\000t\000\040\000B\000e\000\040\000A\000v\000a\000i\000l\000a\000b\000l\000e\000?}{section.7.46}% 359
\BOOKMARK [2][-]{subsection.7.46.3}{\376\377\000J\000u\000r\000i\000s\000d\000i\000c\000t\000i\000o\000n}{section.7.46}% 360
\BOOKMARK [2][-]{subsection.7.46.4}{\376\377\000I\000n\000t\000e\000r\000n\000a\000t\000i\000o\000n\000a\000l\000\040\000R\000u\000l\000e\000s\000\040\000i\000n\000\040\000t\000h\000e\000\040\000C\000o\000n\000v\000e\000n\000t\000i\000o\000n}{section.7.46}% 361
\BOOKMARK [2][-]{subsection.7.46.5}{\376\377\000A\000n\000t\000i\000-\000t\000e\000r\000r\000o\000r\000\040\000L\000a\000w\000s}{section.7.46}% 362
\BOOKMARK [1][-]{section.7.47}{\376\377\000P\000r\000o\000t\000e\000c\000t\000i\000o\000n\000\040\000o\000f\000\040\000P\000e\000r\000s\000o\000n\000a\000l\000\040\000D\000a\000t\000a}{chapter.7}% 363
\BOOKMARK [1][-]{section.7.48}{\376\377\000D\000e\000f\000i\000n\000i\000t\000i\000o\000n\000\040\000\050\000G\000D\000P\000R\000\040\000t\000e\000r\000m\000s\000\040\000\050\000S\000o\000u\000r\000c\000e\000:\000\040\000[\0003\0002\000]\000\051\000\051}{chapter.7}% 364
\BOOKMARK [2][-]{subsection.7.48.1}{\376\377\000I\000m\000p\000o\000r\000t\000a\000n\000t\000\040\000C\000o\000n\000c\000e\000p\000t\000s}{section.7.48}% 365
\BOOKMARK [2][-]{subsection.7.48.2}{\376\377\000G\000e\000n\000e\000r\000a\000l\000\040\000R\000u\000l\000e\000s}{section.7.48}% 366
\BOOKMARK [2][-]{subsection.7.48.3}{\376\377\000C\000l\000a\000s\000s\000e\000s\000\040\000o\000f\000\040\000P\000e\000r\000s\000o\000n\000a\000l\000\040\000D\000a\000t\000a}{section.7.48}% 367
\BOOKMARK [1][-]{section.7.49}{\376\377\000D\000e\000f\000i\000n\000i\000t\000i\000o\000n\000\040\000\050\000S\000e\000n\000s\000i\000t\000i\000v\000e\000\040\000p\000e\000r\000s\000o\000n\000a\000l\000\040\000d\000a\000t\000a\000\040\000\050\000S\000o\000u\000r\000c\000e\000:\000\040\000[\0003\0002\000]\000\051\000\051}{chapter.7}% 368
\BOOKMARK [2][-]{subsection.7.49.1}{\376\377\000T\000r\000a\000n\000s\000f\000e\000r\000\040\000o\000f\000\040\000P\000e\000r\000s\000o\000n\000a\000l\000\040\000D\000a\000t\000a\000\040\000t\000o\000\040\000T\000h\000i\000r\000d\000\040\000C\000o\000u\000n\000t\000r\000i\000e\000s}{section.7.49}% 369
\BOOKMARK [2][-]{subsection.7.49.2}{\376\377\000T\000h\000e\000\040\000D\000a\000t\000a\000\040\000S\000u\000b\000j\000e\000c\000t\000'\000s\000\040\000R\000i\000g\000h\000t\000s}{section.7.49}% 370
\BOOKMARK [1][-]{section.7.50}{\376\377\000D\000e\000f\000i\000n\000i\000t\000i\000o\000n\000\040\000\050\000D\000a\000t\000a\000\040\000s\000u\000b\000j\000e\000c\000t\000'\000s\000\040\000r\000i\000g\000h\000t\000s\000\040\000\050\000S\000o\000u\000r\000c\000e\000:\000\040\000[\0003\0002\000]\000\051\000\051}{chapter.7}% 371
\BOOKMARK [2][-]{subsection.7.50.1}{\376\377\000S\000e\000c\000u\000r\000i\000t\000y\000\040\000o\000f\000\040\000P\000r\000o\000c\000e\000s\000s\000i\000n\000g}{section.7.50}% 372
\BOOKMARK [2][-]{subsection.7.50.2}{\376\377\000L\000e\000a\000k\000a\000g\000e\000s}{section.7.50}% 373
\BOOKMARK [2][-]{subsection.7.50.3}{\376\377\000A\000u\000t\000h\000o\000r\000i\000t\000i\000e\000s}{section.7.50}% 374
\BOOKMARK [2][-]{subsection.7.50.4}{\376\377\000C\000o\000d\000e\000s\000\040\000o\000f\000\040\000C\000o\000n\000d\000u\000c\000t\000\040\000a\000n\000d\000\040\000C\000e\000r\000t\000i\000f\000i\000c\000a\000t\000i\000o\000n}{section.7.50}% 375
\BOOKMARK [2][-]{subsection.7.50.5}{\376\377\000L\000e\000g\000a\000l\000\040\000R\000e\000s\000p\000o\000n\000s\000i\000b\000i\000l\000i\000t\000y\000\040\000a\000n\000d\000\040\000P\000e\000n\000a\000l\000t\000i\000e\000s}{section.7.50}% 376
\BOOKMARK [1][-]{section.7.51}{\376\377\000P\000r\000o\000t\000e\000c\000t\000i\000o\000n\000\040\000o\000f\000\040\000H\000e\000a\000l\000t\000h\000c\000a\000r\000e\000\040\000D\000a\000t\000a}{chapter.7}% 377
\BOOKMARK [2][-]{subsection.7.51.1}{\376\377\000W\000h\000o\000\040\000H\000a\000s\000\040\000A\000c\000c\000e\000s\000s\000\040\000t\000o\000\040\000H\000e\000a\000l\000t\000h\000\040\000D\000a\000t\000a\000?}{section.7.51}% 378
\BOOKMARK [1][-]{section.7.52}{\376\377\000E\000t\000h\000i\000c\000s}{chapter.7}% 379
\BOOKMARK [2][-]{subsection.7.52.1}{\376\377\000D\000a\000t\000a\000m\000i\000n\000i\000n\000g}{section.7.52}% 380
\BOOKMARK [2][-]{subsection.7.52.2}{\376\377\000T\000r\000a\000c\000k\000i\000n\000g}{section.7.52}% 381
\BOOKMARK [2][-]{subsection.7.52.3}{\376\377\000P\000r\000o\000t\000e\000c\000t\000i\000o\000n\000\040\000A\000g\000a\000i\000n\000s\000t\000\040\000B\000r\000e\000a\000c\000h\000e\000s\000\040\000o\000f\000\040\000P\000r\000i\000v\000a\000c\000y}{section.7.52}% 382
\BOOKMARK [2][-]{subsection.7.52.4}{\376\377\000P\000u\000b\000l\000i\000c\000a\000t\000i\000o\000n\000\040\000o\000f\000\040\000p\000i\000c\000t\000u\000r\000e\000s}{section.7.52}% 383
\BOOKMARK [2][-]{subsection.7.52.5}{\376\377\000P\000u\000b\000l\000i\000c\000a\000t\000i\000o\000n\000\040\000o\000f\000\040\000p\000e\000r\000s\000o\000n\000a\000l\000\040\000i\000d\000e\000n\000t\000i\000t\000y\000\040\000n\000u\000m\000b\000e\000r\000s}{section.7.52}% 384
\BOOKMARK [2][-]{subsection.7.52.6}{\376\377\000P\000u\000b\000l\000i\000c\000\040\000w\000e\000b\000\040\000p\000a\000g\000e\000s\000\040\000f\000o\000r\000\040\000a\000\040\000h\000o\000s\000p\000i\000t\000a\000l}{section.7.52}% 385
\BOOKMARK [2][-]{subsection.7.52.7}{\376\377\000A\000\040\000h\000o\000s\000p\000i\000t\000a\000l\000\040\000d\000a\000t\000a\000b\000a\000s\000e\000\040\000s\000y\000s\000t\000e\000m}{section.7.52}% 386
\BOOKMARK [2][-]{subsection.7.52.8}{\376\377\000C\000h\000e\000c\000k\000i\000n\000g\000\040\000a\000\040\000h\000o\000s\000p\000i\000t\000a\000l\000'\000s\000\040\000f\000i\000l\000e\000s}{section.7.52}% 387
\BOOKMARK [2][-]{subsection.7.52.9}{\376\377\000A\000c\000c\000e\000s\000s\000\040\000t\000o\000\040\000t\000h\000e\000\040\000E\000P\000R\000\040\000s\000y\000s\000t\000e\000m}{section.7.52}% 388
\BOOKMARK [2][-]{subsection.7.52.10}{\376\377\000P\000a\000t\000i\000e\000n\000t\000\040\000d\000a\000t\000a\000\040\000i\000n\000\040\000a\000n\000\040\000E\000P\000R}{section.7.52}% 389
\BOOKMARK [2][-]{subsection.7.52.11}{\376\377\000T\000h\000e\000\040\000E\000r\000e\000w\000h\000o\000n\000\040\000G\000o\000s\000p\000e\000l\000\040\000C\000h\000o\000i\000r\000\040\000\050\0001\000\051}{section.7.52}% 390
\BOOKMARK [2][-]{subsection.7.52.12}{\376\377\000T\000h\000e\000\040\000E\000r\000e\000w\000h\000o\000n\000\040\000G\000o\000s\000p\000e\000l\000\040\000C\000h\000o\000i\000r\000\040\000\050\0002\000\051}{section.7.52}% 391
\BOOKMARK [2][-]{subsection.7.52.13}{\376\377\000C\000o\000l\000l\000e\000c\000t\000i\000o\000n\000\040\000o\000f\000\040\000c\000o\000n\000t\000e\000n\000t\000\040\000d\000a\000t\000a\000\040\000f\000r\000o\000m\000\040\000c\000o\000m\000m\000u\000n\000i\000c\000a\000t\000i\000o\000n}{section.7.52}% 392
\BOOKMARK [2][-]{subsection.7.52.14}{\376\377\000F\000a\000l\000s\000e\000\040\000F\000a\000c\000e\000b\000o\000o\000k\000\040\000p\000r\000o\000f\000i\000l\000e\000s}{section.7.52}% 393
\BOOKMARK [2][-]{subsection.7.52.15}{\376\377\000S\000e\000c\000u\000r\000i\000t\000y\000\040\000t\000a\000r\000g\000e\000t\000s\000\040\000f\000o\000r\000\040\000p\000e\000r\000s\000o\000n\000a\000l\000\040\000i\000n\000f\000o\000r\000m\000a\000t\000i\000o\000n}{section.7.52}% 394
\BOOKMARK [1][-]{section.7.53}{\376\377\000E\000p\000i\000l\000o\000g\000u\000e}{chapter.7}% 395
\BOOKMARK [1][-]{section.7.54}{\376\377\000W\000h\000a\000t\000'\000s\000\040\000i\000n\000\040\000t\000h\000e\000\040\000B\000o\000x\000?}{chapter.7}% 396
\BOOKMARK [1][-]{section.7.55}{\376\377\000H\000a\000r\000d\000w\000a\000r\000e}{chapter.7}% 397
\BOOKMARK [1][-]{section.7.56}{\376\377\000D\000i\000s\000k\000s}{chapter.7}% 398
\BOOKMARK [1][-]{section.7.57}{\376\377\000I\000n\000p\000u\000t\000\040\000a\000n\000d\000\040\000O\000u\000t\000p\000u\000t\000\040\000\050\000I\000/\000O\000\051\000\040\000U\000n\000i\000t\000s}{chapter.7}% 399
\BOOKMARK [1][-]{section.7.58}{\376\377\000A\000t\000t\000a\000c\000h\000m\000e\000n\000t\000\040\000o\000f\000\040\000I\000/\000O\000\040\000U\000n\000i\000t\000s}{chapter.7}% 400
\BOOKMARK [1][-]{section.7.59}{\376\377\000C\000o\000m\000m\000u\000n\000i\000c\000a\000t\000i\000o\000n\000\040\000U\000n\000i\000t\000s}{chapter.7}% 401
\BOOKMARK [1][-]{section.7.60}{\376\377\000P\000o\000w\000e\000r\000\040\000S\000u\000p\000p\000l\000i\000e\000s}{chapter.7}% 402
\BOOKMARK [1][-]{section.7.61}{\376\377\000S\000o\000f\000t\000w\000a\000r\000e}{chapter.7}% 403
\BOOKMARK [1][-]{section.7.62}{\376\377\000T\000h\000e\000\040\000O\000p\000e\000r\000a\000t\000i\000n\000g\000\040\000S\000y\000s\000t\000e\000m}{chapter.7}% 404
\BOOKMARK [1][-]{section.7.63}{\376\377\000F\000i\000r\000m\000w\000a\000r\000e}{chapter.7}% 405
\BOOKMARK [1][-]{section.7.64}{\376\377\000U\000t\000i\000l\000i\000t\000y\000\040\000P\000r\000o\000g\000r\000a\000m\000s}{chapter.7}% 406
\BOOKMARK [1][-]{section.7.65}{\376\377\000A\000p\000p\000l\000i\000c\000a\000t\000i\000o\000n\000\040\000P\000r\000o\000g\000r\000a\000m\000s}{chapter.7}% 407
\BOOKMARK [1][-]{section.7.66}{\376\377\000W\000h\000a\000t\000\040\000i\000s\000\040\000i\000n\000\040\000y\000o\000u\000r\000\040\000b\000o\000x\000?}{chapter.7}% 408
\BOOKMARK [0][-]{chapter.8}{\376\377\000A\000p\000p\000e\000n\000d\000i\000x\000\040\000B\000\040\000M\000a\000t\000h\000e\000m\000a\000t\000i\000c\000s}{}% 409
\BOOKMARK [1][-]{section.8.1}{\376\377\000B\000a\000s\000i\000c\000\040\000C\000o\000n\000c\000e\000p\000t\000s}{chapter.8}% 410
\BOOKMARK [1][-]{section.8.2}{\376\377\000F\000e\000r\000m\000a\000t\000'\000s\000\040\000F\000a\000c\000t\000o\000r\000i\000s\000a\000t\000i\000o\000n\000\040\000A\000l\000g\000o\000r\000i\000t\000h\000m}{chapter.8}% 411
\BOOKMARK [1][-]{section.8.3}{\376\377\000E\000u\000c\000l\000i\000d\040\031\000s\000\040\000A\000l\000g\000o\000r\000i\000t\000h\000m}{chapter.8}% 412
\BOOKMARK [1][-]{section.8.4}{\376\377\000A\000l\000g\000o\000r\000i\000t\000h\000m\000\040\000\050\000E\000u\000c\000l\000i\000d\040\031\000s\000\040\000A\000l\000g\000o\000r\000i\000t\000h\000m\000\051}{chapter.8}% 413
\BOOKMARK [1][-]{section.8.5}{\376\377\000E\000u\000c\000l\000i\000d\000'\000s\000\040\000E\000x\000t\000e\000n\000d\000e\000d\000\040\000A\000l\000g\000o\000r\000i\000t\000h\000m}{chapter.8}% 414
\BOOKMARK [1][-]{section.8.6}{\376\377\000A\000l\000g\000o\000r\000i\000t\000h\000m\000\040\000\050\000E\000u\000c\000l\000i\000d\000'\000s\000\040\000E\000x\000t\000e\000n\000d\000e\000d\000\040\000A\000l\000g\000o\000r\000i\000t\000h\000m\000\051}{chapter.8}% 415
\BOOKMARK [1][-]{section.8.7}{\376\377\000C\000a\000l\000c\000u\000l\000a\000t\000i\000o\000n\000\040\000o\000f\000\040\000a\000n\000\040\000I\000n\000v\000e\000r\000s\000e\000\040\000m\000o\000d\000u\000l\000o\000\040\000n}{chapter.8}% 416
\BOOKMARK [1][-]{section.8.8}{\376\377\000T\000h\000e\000\040\000C\000h\000i\000n\000e\000s\000e\000\040\000R\000e\000m\000a\000i\000n\000d\000e\000r\000\040\000T\000h\000e\000o\000r\000e\000m}{chapter.8}% 417
\BOOKMARK [1][-]{section.8.9}{\376\377\000T\000h\000e\000o\000r\000e\000m\000\040\000\050\000C\000h\000i\000n\000e\000s\000e\000\040\000R\000e\000m\000a\000i\000n\000d\000e\000r\000\040\000T\000h\000e\000o\000r\000e\000m\000\051}{chapter.8}% 418
\BOOKMARK [1][-]{section.8.10}{\376\377\000W\000h\000y\000\040\000D\000o\000e\000s\000\040\000R\000S\000A\000\040\000W\000o\000r\000k\000?}{chapter.8}% 419
\BOOKMARK [1][-]{section.8.11}{\376\377\000A\000\040\000C\000o\000m\000m\000o\000n\000-\000m\000o\000d\000u\000l\000u\000s\000\040\000A\000t\000t\000a\000c\000k\000\040\000o\000n\000\040\000R\000S\000A}{chapter.8}% 420
\BOOKMARK [1][-]{section.8.12}{\376\377\000T\000h\000e\000\040\000B\000i\000r\000t\000h\000d\000a\000y\000\040\000P\000a\000r\000a\000d\000o\000x}{chapter.8}% 421
\BOOKMARK [0][-]{chapter.9}{\376\377\000A\000p\000p\000e\000n\000d\000i\000x\000\040\000C\000\040\000A\000c\000r\000o\000n\000y\000m\000s}{}% 422
\BOOKMARK [0][-]{chapter.10}{\376\377\000R\000e\000f\000e\000r\000e\000n\000c\000e\000s}{}% 423
\BOOKMARK [1][-]{section.10.1}{\376\377\000S\000y\000m\000b\000o\000l\000s}{chapter.10}% 424
\BOOKMARK [1][-]{section.10.2}{\376\377\000B}{chapter.10}% 425
\BOOKMARK [1][-]{section.10.3}{\376\377\000C}{chapter.10}% 426
\BOOKMARK [1][-]{section.10.4}{\376\377\000D}{chapter.10}% 427
\BOOKMARK [1][-]{section.10.5}{\376\377\000E}{chapter.10}% 428
\BOOKMARK [1][-]{section.10.6}{\376\377\000F}{chapter.10}% 429
\BOOKMARK [1][-]{section.10.7}{\376\377\000G}{chapter.10}% 430
\BOOKMARK [1][-]{section.10.8}{\376\377\000H}{chapter.10}% 431
\BOOKMARK [1][-]{section.10.9}{\376\377\000I}{chapter.10}% 432
\BOOKMARK [1][-]{section.10.10}{\376\377\000J}{chapter.10}% 433
\BOOKMARK [1][-]{section.10.11}{\376\377\000K}{chapter.10}% 434
\BOOKMARK [1][-]{section.10.12}{\376\377\000L}{chapter.10}% 435
\BOOKMARK [1][-]{section.10.13}{\376\377\000M}{chapter.10}% 436
\BOOKMARK [1][-]{section.10.14}{\376\377\000N}{chapter.10}% 437
\BOOKMARK [1][-]{section.10.15}{\376\377\000O}{chapter.10}% 438
\BOOKMARK [1][-]{section.10.16}{\376\377\000P}{chapter.10}% 439
\BOOKMARK [1][-]{section.10.17}{\376\377\000Q}{chapter.10}% 440
\BOOKMARK [1][-]{section.10.18}{\376\377\000R}{chapter.10}% 441
\BOOKMARK [1][-]{section.10.19}{\376\377\000S}{chapter.10}% 442
\BOOKMARK [1][-]{section.10.20}{\376\377\000T}{chapter.10}% 443
\BOOKMARK [1][-]{section.10.21}{\376\377\000U}{chapter.10}% 444
\BOOKMARK [1][-]{section.10.22}{\376\377\000V}{chapter.10}% 445
\BOOKMARK [1][-]{section.10.23}{\376\377\000W}{chapter.10}% 446
