\BOOKMARK [1][-]{section.0.1}{\376\377\000P\000r\000e\000f\000a\000c\000e}{}% 1
\BOOKMARK [0][-]{chapter.1}{\376\377\000T\000o\000\040\000t\000h\000e\000\040\000R\000e\000a\000d\000e\000r}{}% 2
\BOOKMARK [0][-]{chapter.2}{\376\377\000T\000o\000\040\000t\000h\000e\000\040\000I\000n\000s\000t\000r\000u\000c\000t\000o\000r}{}% 3
\BOOKMARK [0][-]{chapter.3}{\376\377\000A\000c\000k\000n\000o\000w\000l\000e\000d\000g\000m\000e\000n\000t\000s}{}% 4
\BOOKMARK [0][-]{chapter.4}{\376\377\000C\000a\000v\000e\000a\000t}{}% 5
\BOOKMARK [1][-]{section.4.1}{\376\377\000C\000o\000n\000t\000e\000n\000t\000s}{chapter.4}% 6
\BOOKMARK [0][-]{chapter.5}{\376\377\000I\000n\000t\000r\000o\000d\000u\000c\000t\000i\000o\000n\000\040\000t\000o\000\040\000A\000l\000g\000o\000r\000i\000t\000h\000m\000\040\000D\000e\000s\000i\000g\000n}{}% 7
\BOOKMARK [1][-]{section.5.1}{\376\377\000R\000o\000b\000o\000t\000\040\000T\000o\000u\000r\000\040\000O\000p\000t\000i\000m\000i\000z\000a\000t\000i\000o\000n}{chapter.5}% 8
\BOOKMARK [1][-]{section.5.2}{\376\377\000S\000e\000l\000e\000c\000t\000i\000n\000g\000\040\000t\000h\000e\000\040\000R\000i\000g\000h\000t\000\040\000J\000o\000b\000s}{chapter.5}% 9
\BOOKMARK [1][-]{section.5.3}{\376\377\000R\000e\000a\000s\000o\000n\000i\000n\000g\000\040\000a\000b\000o\000u\000t\000\040\000C\000o\000r\000r\000e\000c\000t\000n\000e\000s\000s}{chapter.5}% 10
\BOOKMARK [2][-]{subsection.5.3.1}{\376\377\000P\000r\000o\000b\000l\000e\000m\000s\000\040\000a\000n\000d\000\040\000P\000r\000o\000p\000e\000r\000t\000i\000e\000s}{section.5.3}% 11
\BOOKMARK [2][-]{subsection.5.3.2}{\376\377\000E\000x\000p\000r\000e\000s\000s\000i\000n\000g\000\040\000A\000l\000g\000o\000r\000i\000t\000h\000m\000s}{section.5.3}% 12
\BOOKMARK [2][-]{subsection.5.3.3}{\376\377\000D\000e\000m\000o\000n\000s\000t\000r\000a\000t\000i\000n\000g\000\040\000I\000n\000c\000o\000r\000r\000e\000c\000t\000n\000e\000s\000s}{section.5.3}% 13
\BOOKMARK [1][-]{section.5.4}{\376\377\000I\000n\000d\000u\000c\000t\000i\000o\000n\000\040\000a\000n\000d\000\040\000R\000e\000c\000u\000r\000s\000i\000o\000n}{chapter.5}% 14
\BOOKMARK [1][-]{section.5.5}{\376\377\000M\000o\000d\000e\000l\000i\000n\000g\000\040\000t\000h\000e\000\040\000P\000r\000o\000b\000l\000e\000m}{chapter.5}% 15
\BOOKMARK [2][-]{subsection.5.5.1}{\376\377\000C\000o\000m\000b\000i\000n\000a\000t\000o\000r\000i\000a\000l\000\040\000O\000b\000j\000e\000c\000t\000s}{section.5.5}% 16
\BOOKMARK [2][-]{subsection.5.5.2}{\376\377\000R\000e\000c\000u\000r\000s\000i\000v\000e\000\040\000O\000b\000j\000e\000c\000t\000s}{section.5.5}% 17
\BOOKMARK [1][-]{section.5.6}{\376\377\000P\000r\000o\000o\000f\000\040\000b\000y\000\040\000C\000o\000n\000t\000r\000a\000d\000i\000c\000t\000i\000o\000n}{chapter.5}% 18
\BOOKMARK [1][-]{section.5.7}{\376\377\000A\000b\000o\000u\000t\000\040\000t\000h\000e\000\040\000W\000a\000r\000\040\000S\000t\000o\000r\000i\000e\000s}{chapter.5}% 19
\BOOKMARK [1][-]{section.5.8}{\376\377\000W\000a\000r\000\040\000S\000t\000o\000r\000y\000:\000\040\000P\000s\000y\000c\000h\000i\000c\000\040\000M\000o\000d\000e\000l\000i\000n\000g}{chapter.5}% 20
\BOOKMARK [1][-]{section.5.9}{\376\377\000E\000s\000t\000i\000m\000a\000t\000i\000o\000n}{chapter.5}% 21
\BOOKMARK [1][-]{section.5.10}{\376\377\000E\000x\000e\000r\000c\000i\000s\000e\000s}{chapter.5}% 22
\BOOKMARK [0][-]{chapter.6}{\376\377\000A\000l\000g\000o\000r\000i\000t\000h\000m\000\040\000A\000n\000a\000l\000y\000s\000i\000s}{}% 23
\BOOKMARK [1][-]{section.6.1}{\376\377\000T\000h\000e\000\040\000R\000A\000M\000\040\000M\000o\000d\000e\000l\000\040\000o\000f\000\040\000C\000o\000m\000p\000u\000t\000a\000t\000i\000o\000n}{chapter.6}% 24
\BOOKMARK [2][-]{subsection.6.1.1}{\376\377\000B\000e\000s\000t\000-\000C\000a\000s\000e\000,\000\040\000W\000o\000r\000s\000t\000-\000C\000a\000s\000e\000,\000\040\000a\000n\000d\000\040\000A\000v\000e\000r\000a\000g\000e\000-\000C\000a\000s\000e\000\040\000C\000o\000m\000p\000l\000e\000x\000i\000t\000y}{section.6.1}% 25
\BOOKMARK [1][-]{section.6.2}{\376\377\000T\000h\000e\000\040\000B\000i\000g\000\040\000O\000h\000\040\000N\000o\000t\000a\000t\000i\000o\000n}{chapter.6}% 26
\BOOKMARK [1][-]{section.6.3}{\376\377\000G\000r\000o\000w\000t\000h\000\040\000R\000a\000t\000e\000s\000\040\000a\000n\000d\000\040\000D\000o\000m\000i\000n\000a\000n\000c\000e\000\040\000R\000e\000l\000a\000t\000i\000o\000n\000s}{chapter.6}% 27
\BOOKMARK [2][-]{subsection.6.3.1}{\376\377\000D\000o\000m\000i\000n\000a\000n\000c\000e\000\040\000R\000e\000l\000a\000t\000i\000o\000n\000s}{section.6.3}% 28
\BOOKMARK [1][-]{section.6.4}{\376\377\000W\000o\000r\000k\000i\000n\000g\000\040\000w\000i\000t\000h\000\040\000t\000h\000e\000\040\000B\000i\000g\000\040\000O\000h}{chapter.6}% 29
\BOOKMARK [2][-]{subsection.6.4.1}{\376\377\000A\000d\000d\000i\000n\000g\000\040\000F\000u\000n\000c\000t\000i\000o\000n\000s}{section.6.4}% 30
\BOOKMARK [2][-]{subsection.6.4.2}{\376\377\000M\000u\000l\000t\000i\000p\000l\000y\000i\000n\000g\000\040\000F\000u\000n\000c\000t\000i\000o\000n\000s}{section.6.4}% 31
\BOOKMARK [2][-]{subsection.6.4.3}{\376\377\000S\000e\000l\000e\000c\000t\000i\000o\000n\000\040\000S\000o\000r\000t}{section.6.4}% 32
\BOOKMARK [2][-]{subsection.6.4.4}{\376\377\000I\000n\000s\000e\000r\000t\000i\000o\000n\000\040\000S\000o\000r\000t}{section.6.4}% 33
\BOOKMARK [2][-]{subsection.6.4.5}{\376\377\000S\000t\000r\000i\000n\000g\000\040\000P\000a\000t\000t\000e\000r\000n\000\040\000M\000a\000t\000c\000h\000i\000n\000g}{section.6.4}% 34
\BOOKMARK [2][-]{subsection.6.4.6}{\376\377\000M\000a\000t\000r\000i\000x\000\040\000M\000u\000l\000t\000i\000p\000l\000i\000c\000a\000t\000i\000o\000n}{section.6.4}% 35
\BOOKMARK [1][-]{section.6.5}{\376\377\000S\000u\000m\000m\000a\000t\000i\000o\000n\000s}{chapter.6}% 36
\BOOKMARK [1][-]{section.6.6}{\376\377\000L\000o\000g\000a\000r\000i\000t\000h\000m\000s\000\040\000a\000n\000d\000\040\000T\000h\000e\000i\000r\000\040\000A\000p\000p\000l\000i\000c\000a\000t\000i\000o\000n\000s}{chapter.6}% 37
\BOOKMARK [2][-]{subsection.6.6.1}{\376\377\000L\000o\000g\000a\000r\000i\000t\000h\000m\000s\000\040\000a\000n\000d\000\040\000B\000i\000n\000a\000r\000y\000\040\000S\000e\000a\000r\000c\000h}{section.6.6}% 38
\BOOKMARK [2][-]{subsection.6.6.2}{\376\377\000L\000o\000g\000a\000r\000i\000t\000h\000m\000s\000\040\000a\000n\000d\000\040\000T\000r\000e\000e\000s}{section.6.6}% 39
\BOOKMARK [2][-]{subsection.6.6.3}{\376\377\000L\000o\000g\000a\000r\000i\000t\000h\000m\000s\000\040\000a\000n\000d\000\040\000B\000i\000t\000s}{section.6.6}% 40
\BOOKMARK [2][-]{subsection.6.6.4}{\376\377\000L\000o\000g\000a\000r\000i\000t\000h\000m\000s\000\040\000a\000n\000d\000\040\000M\000u\000l\000t\000i\000p\000l\000i\000c\000a\000t\000i\000o\000n}{section.6.6}% 41
\BOOKMARK [2][-]{subsection.6.6.5}{\376\377\000F\000a\000s\000t\000\040\000E\000x\000p\000o\000n\000e\000n\000t\000i\000a\000t\000i\000o\000n}{section.6.6}% 42
\BOOKMARK [2][-]{subsection.6.6.6}{\376\377\000L\000o\000g\000a\000r\000i\000t\000h\000m\000s\000\040\000a\000n\000d\000\040\000S\000u\000m\000m\000a\000t\000i\000o\000n\000s}{section.6.6}% 43
\BOOKMARK [2][-]{subsection.6.6.7}{\376\377\000L\000o\000g\000a\000r\000i\000t\000h\000m\000s\000\040\000a\000n\000d\000\040\000C\000r\000i\000m\000i\000n\000a\000l\000\040\000J\000u\000s\000t\000i\000c\000e}{section.6.6}% 44
\BOOKMARK [1][-]{section.6.7}{\376\377\000P\000r\000o\000p\000e\000r\000t\000i\000e\000s\000\040\000o\000f\000\040\000L\000o\000g\000a\000r\000i\000t\000h\000m\000s}{chapter.6}% 45
\BOOKMARK [1][-]{section.6.8}{\376\377\000W\000a\000r\000\040\000S\000t\000o\000r\000y\000:\000\040\000M\000y\000s\000t\000e\000r\000y\000\040\000o\000f\000\040\000t\000h\000e\000\040\000P\000y\000r\000a\000m\000i\000d\000s}{chapter.6}% 46
\BOOKMARK [1][-]{section.6.9}{\376\377\000A\000d\000v\000a\000n\000c\000e\000d\000\040\000A\000n\000a\000l\000y\000s\000i\000s\000\040\000\050\000*\000\051}{chapter.6}% 47
\BOOKMARK [2][-]{subsection.6.9.1}{\376\377\000E\000s\000o\000t\000e\000r\000i\000c\000\040\000F\000u\000n\000c\000t\000i\000o\000n\000s}{section.6.9}% 48
\BOOKMARK [2][-]{subsection.6.9.2}{\376\377\000L\000i\000m\000i\000t\000s\000\040\000a\000n\000d\000\040\000D\000o\000m\000i\000n\000a\000n\000c\000e\000\040\000R\000e\000l\000a\000t\000i\000o\000n\000s}{section.6.9}% 49
\BOOKMARK [1][-]{section.6.10}{\376\377\000E\000x\000e\000r\000c\000i\000s\000e\000s}{chapter.6}% 50
\BOOKMARK [0][-]{chapter.7}{\376\377\000D\000a\000t\000a\000\040\000S\000t\000r\000u\000c\000t\000u\000r\000e\000s}{}% 51
\BOOKMARK [1][-]{section.7.1}{\376\377\000C\000o\000n\000t\000i\000g\000u\000o\000u\000s\000\040\000v\000s\000.\000\040\000L\000i\000n\000k\000e\000d\000\040\000D\000a\000t\000a\000\040\000S\000t\000r\000u\000c\000t\000u\000r\000e\000s}{chapter.7}% 52
\BOOKMARK [2][-]{subsection.7.1.1}{\376\377\000A\000r\000r\000a\000y\000s}{section.7.1}% 53
\BOOKMARK [2][-]{subsection.7.1.2}{\376\377\000P\000o\000i\000n\000t\000e\000r\000s\000\040\000a\000n\000d\000\040\000L\000i\000n\000k\000e\000d\000\040\000S\000t\000r\000u\000c\000t\000u\000r\000e\000s}{section.7.1}% 54
\BOOKMARK [2][-]{subsection.7.1.3}{\376\377\000C\000o\000m\000p\000a\000r\000i\000s\000o\000n}{section.7.1}% 55
\BOOKMARK [1][-]{section.7.2}{\376\377\000C\000o\000n\000t\000a\000i\000n\000e\000r\000s\000:\000\040\000S\000t\000a\000c\000k\000s\000\040\000a\000n\000d\000\040\000Q\000u\000e\000u\000e\000s}{chapter.7}% 56
\BOOKMARK [1][-]{section.7.3}{\376\377\000D\000i\000c\000t\000i\000o\000n\000a\000r\000i\000e\000s}{chapter.7}% 57
\BOOKMARK [1][-]{section.7.4}{\376\377\000B\000i\000n\000a\000r\000y\000\040\000S\000e\000a\000r\000c\000h\000\040\000T\000r\000e\000e\000s}{chapter.7}% 58
\BOOKMARK [2][-]{subsection.7.4.1}{\376\377\000I\000m\000p\000l\000e\000m\000e\000n\000t\000i\000n\000g\000\040\000B\000i\000n\000a\000r\000y\000\040\000S\000e\000a\000r\000c\000h\000\040\000T\000r\000e\000e\000s}{section.7.4}% 59
\BOOKMARK [2][-]{subsection.7.4.2}{\376\377\000H\000o\000w\000\040\000G\000o\000o\000d\000\040\000a\000r\000e\000\040\000B\000i\000n\000a\000r\000y\000\040\000S\000e\000a\000r\000c\000h\000\040\000T\000r\000e\000e\000s\000?}{section.7.4}% 60
\BOOKMARK [2][-]{subsection.7.4.3}{\376\377\000B\000a\000l\000a\000n\000c\000e\000d\000\040\000S\000e\000a\000r\000c\000h\000\040\000T\000r\000e\000e\000s}{section.7.4}% 61
\BOOKMARK [1][-]{section.7.5}{\376\377\000P\000r\000i\000o\000r\000i\000t\000y\000\040\000Q\000u\000e\000u\000e\000s}{chapter.7}% 62
\BOOKMARK [1][-]{section.7.6}{\376\377\000W\000a\000r\000\040\000S\000t\000o\000r\000y\000:\000\040\000S\000t\000r\000i\000p\000p\000i\000n\000g\000\040\000T\000r\000i\000a\000n\000g\000u\000l\000a\000t\000i\000o\000n\000s}{chapter.7}% 63
\BOOKMARK [1][-]{section.7.7}{\376\377\000H\000a\000s\000h\000i\000n\000g}{chapter.7}% 64
\BOOKMARK [2][-]{subsection.7.7.1}{\376\377\000C\000o\000l\000l\000i\000s\000i\000o\000n\000\040\000R\000e\000s\000o\000l\000u\000t\000i\000o\000n}{section.7.7}% 65
\BOOKMARK [2][-]{subsection.7.7.2}{\376\377\000D\000u\000p\000l\000i\000c\000a\000t\000e\000\040\000D\000e\000t\000e\000c\000t\000i\000o\000n\000\040\000v\000i\000a\000\040\000H\000a\000s\000h\000i\000n\000g}{section.7.7}% 66
\BOOKMARK [2][-]{subsection.7.7.3}{\376\377\000O\000t\000h\000e\000r\000\040\000H\000a\000s\000h\000i\000n\000g\000\040\000T\000r\000i\000c\000k\000s}{section.7.7}% 67
\BOOKMARK [2][-]{subsection.7.7.4}{\376\377\000C\000a\000n\000o\000n\000i\000c\000a\000l\000i\000z\000a\000t\000i\000o\000n}{section.7.7}% 68
\BOOKMARK [2][-]{subsection.7.7.5}{\376\377\000C\000o\000m\000p\000a\000c\000t\000i\000o\000n}{section.7.7}% 69
\BOOKMARK [1][-]{section.7.8}{\376\377\000S\000p\000e\000c\000i\000a\000l\000i\000z\000e\000d\000\040\000D\000a\000t\000a\000\040\000S\000t\000r\000u\000c\000t\000u\000r\000e\000s}{chapter.7}% 70
\BOOKMARK [1][-]{section.7.9}{\376\377\000W\000a\000r\000\040\000S\000t\000o\000r\000y\000:\000\040\000S\000t\000r\000i\000n\000g\000\040\000'\000e\000m\000\040\000U\000p}{chapter.7}% 71
\BOOKMARK [1][-]{section.7.10}{\376\377\000E\000x\000e\000r\000c\000i\000s\000e\000s}{chapter.7}% 72
\BOOKMARK [0][-]{chapter.8}{\376\377\000S\000o\000r\000t\000i\000n\000g}{}% 73
\BOOKMARK [1][-]{section.8.1}{\376\377\000A\000p\000p\000l\000i\000c\000a\000t\000i\000o\000n\000s\000\040\000o\000f\000\040\000S\000o\000r\000t\000i\000n\000g}{chapter.8}% 74
\BOOKMARK [1][-]{section.8.2}{\376\377\000P\000r\000a\000g\000m\000a\000t\000i\000c\000s\000\040\000o\000f\000\040\000S\000o\000r\000t\000i\000n\000g}{chapter.8}% 75
\BOOKMARK [1][-]{section.8.3}{\376\377\000H\000e\000a\000p\000s\000o\000r\000t\000:\000\040\000F\000a\000s\000t\000\040\000S\000o\000r\000t\000i\000n\000g\000\040\000v\000i\000a\000\040\000D\000a\000t\000a\000\040\000S\000t\000r\000u\000c\000t\000u\000r\000e\000s}{chapter.8}% 76
\BOOKMARK [2][-]{subsection.8.3.1}{\376\377\000H\000e\000a\000p\000s}{section.8.3}% 77
\BOOKMARK [2][-]{subsection.8.3.2}{\376\377\000C\000o\000n\000s\000t\000r\000u\000c\000t\000i\000n\000g\000\040\000H\000e\000a\000p\000s}{section.8.3}% 78
\BOOKMARK [2][-]{subsection.8.3.3}{\376\377\000E\000x\000t\000r\000a\000c\000t\000i\000n\000g\000\040\000t\000h\000e\000\040\000M\000i\000n\000i\000m\000u\000m}{section.8.3}% 79
\BOOKMARK [2][-]{subsection.8.3.4}{\376\377\000F\000a\000s\000t\000e\000r\000\040\000H\000e\000a\000p\000\040\000C\000o\000n\000s\000t\000r\000u\000c\000t\000i\000o\000n\000\040\000\050\000*\000\051}{section.8.3}% 80
\BOOKMARK [2][-]{subsection.8.3.5}{\376\377\000S\000o\000r\000t\000i\000n\000g\000\040\000b\000y\000\040\000I\000n\000c\000r\000e\000m\000e\000n\000t\000a\000l\000\040\000I\000n\000s\000e\000r\000t\000i\000o\000n}{section.8.3}% 81
\BOOKMARK [1][-]{section.8.4}{\376\377\000W\000a\000r\000\040\000S\000t\000o\000r\000y\000:\000\040\000G\000i\000v\000e\000\040\000m\000e\000\040\000a\000\040\000T\000i\000c\000k\000e\000t\000\040\000o\000n\000\040\000a\000n\000\040\000A\000i\000r\000p\000l\000a\000n\000e}{chapter.8}% 82
\BOOKMARK [1][-]{section.8.5}{\376\377\000M\000e\000r\000g\000e\000s\000o\000r\000t\000:\000\040\000S\000o\000r\000t\000i\000n\000g\000\040\000b\000y\000\040\000D\000i\000v\000i\000d\000e\000\040\000a\000n\000d\000\040\000C\000o\000n\000q\000u\000e\000r}{chapter.8}% 83
\BOOKMARK [1][-]{section.8.6}{\376\377\000Q\000u\000i\000c\000k\000s\000o\000r\000t\000:\000\040\000S\000o\000r\000t\000i\000n\000g\000\040\000b\000y\000\040\000R\000a\000n\000d\000o\000m\000i\000z\000a\000t\000i\000o\000n}{chapter.8}% 84
\BOOKMARK [2][-]{subsection.8.6.1}{\376\377\000I\000n\000t\000u\000i\000t\000i\000o\000n\000:\000\040\000T\000h\000e\000\040\000E\000x\000p\000e\000c\000t\000e\000d\000\040\000C\000a\000s\000e\000\040\000f\000o\000r\000\040\000Q\000u\000i\000c\000k\000s\000o\000r\000t}{section.8.6}% 85
\BOOKMARK [2][-]{subsection.8.6.2}{\376\377\000R\000a\000n\000d\000o\000m\000i\000z\000e\000d\000\040\000A\000l\000g\000o\000r\000i\000t\000h\000m\000s}{section.8.6}% 86
\BOOKMARK [2][-]{subsection.8.6.3}{\376\377\000I\000s\000\040\000Q\000u\000i\000c\000k\000s\000o\000r\000t\000\040\000R\000e\000a\000l\000l\000y\000\040\000Q\000u\000i\000c\000k\000?}{section.8.6}% 87
\BOOKMARK [1][-]{section.8.7}{\376\377\000D\000i\000s\000t\000r\000i\000b\000u\000t\000i\000o\000n\000\040\000S\000o\000r\000t\000:\000\040\000S\000o\000r\000t\000i\000n\000g\000\040\000v\000i\000a\000\040\000B\000u\000c\000k\000e\000t\000i\000n\000g}{chapter.8}% 88
\BOOKMARK [2][-]{subsection.8.7.1}{\376\377\000L\000o\000w\000e\000r\000\040\000B\000o\000u\000n\000d\000s\000\040\000f\000o\000r\000\040\000S\000o\000r\000t\000i\000n\000g}{section.8.7}% 89
\BOOKMARK [1][-]{section.8.8}{\376\377\000W\000a\000r\000\040\000S\000t\000o\000r\000y\000:\000\040\000S\000k\000i\000e\000n\000a\000\040\000f\000o\000r\000\040\000t\000h\000e\000\040\000D\000e\000f\000e\000n\000s\000e}{chapter.8}% 90
\BOOKMARK [1][-]{section.8.9}{\376\377\000E\000x\000e\000r\000c\000i\000s\000e\000s}{chapter.8}% 91
\BOOKMARK [1][-]{section.8.10}{\376\377\000S\000e\000a\000r\000c\000h\000i\000n\000g}{chapter.8}% 92
\BOOKMARK [0][-]{chapter.9}{\376\377\000D\000i\000v\000i\000d\000e\000\040\000a\000n\000d\000\040\000C\000o\000n\000q\000u\000e\000r}{}% 93
\BOOKMARK [1][-]{section.9.1}{\376\377\000B\000i\000n\000a\000r\000y\000\040\000S\000e\000a\000r\000c\000h\000\040\000a\000n\000d\000\040\000R\000e\000l\000a\000t\000e\000d\000\040\000A\000l\000g\000o\000r\000i\000t\000h\000m\000s}{chapter.9}% 94
\BOOKMARK [2][-]{subsection.9.1.1}{\376\377\000C\000o\000u\000n\000t\000i\000n\000g\000\040\000O\000c\000c\000u\000r\000r\000e\000n\000c\000e\000s}{section.9.1}% 95
\BOOKMARK [2][-]{subsection.9.1.2}{\376\377\000O\000n\000e\000-\000S\000i\000d\000e\000d\000\040\000B\000i\000n\000a\000r\000y\000\040\000S\000e\000a\000r\000c\000h}{section.9.1}% 96
\BOOKMARK [2][-]{subsection.9.1.3}{\376\377\000S\000q\000u\000a\000r\000e\000\040\000a\000n\000d\000\040\000O\000t\000h\000e\000r\000\040\000R\000o\000o\000t\000s}{section.9.1}% 97
\BOOKMARK [1][-]{section.9.2}{\376\377\000W\000a\000r\000\040\000S\000t\000o\000r\000y\000:\000\040\000F\000i\000n\000d\000i\000n\000g\000\040\000t\000h\000e\000\040\000B\000u\000g\000\040\000i\000n\000\040\000t\000h\000e\000\040\000B\000u\000g}{chapter.9}% 98
\BOOKMARK [1][-]{section.9.3}{\376\377\000R\000e\000c\000u\000r\000r\000e\000n\000c\000e\000\040\000R\000e\000l\000a\000t\000i\000o\000n\000s}{chapter.9}% 99
\BOOKMARK [2][-]{subsection.9.3.1}{\376\377\000D\000i\000v\000i\000d\000e\000-\000a\000n\000d\000-\000C\000o\000n\000q\000u\000e\000r\000\040\000R\000e\000c\000u\000r\000r\000e\000n\000c\000e\000s}{section.9.3}% 100
\BOOKMARK [1][-]{section.9.4}{\376\377\000S\000o\000l\000v\000i\000n\000g\000\040\000D\000i\000v\000i\000d\000e\000-\000a\000n\000d\000-\000C\000o\000n\000q\000u\000e\000r\000\040\000R\000e\000c\000u\000r\000r\000e\000n\000c\000e\000s}{chapter.9}% 101
\BOOKMARK [1][-]{section.9.5}{\376\377\000F\000a\000s\000t\000\040\000M\000u\000l\000t\000i\000p\000l\000i\000c\000a\000t\000i\000o\000n}{chapter.9}% 102
\BOOKMARK [1][-]{section.9.6}{\376\377\000L\000a\000r\000g\000e\000s\000t\000\040\000S\000u\000b\000r\000a\000n\000g\000e\000\040\000a\000n\000d\000\040\000C\000l\000o\000s\000e\000s\000t\000\040\000P\000a\000i\000r}{chapter.9}% 103
\BOOKMARK [1][-]{section.9.7}{\376\377\000P\000a\000r\000a\000l\000l\000e\000l\000\040\000A\000l\000g\000o\000r\000i\000t\000h\000m\000s}{chapter.9}% 104
\BOOKMARK [2][-]{subsection.9.7.1}{\376\377\000D\000a\000t\000a\000\040\000P\000a\000r\000a\000l\000l\000e\000l\000i\000s\000m}{section.9.7}% 105
\BOOKMARK [2][-]{subsection.9.7.2}{\376\377\000P\000i\000t\000f\000a\000l\000l\000s\000\040\000o\000f\000\040\000P\000a\000r\000a\000l\000l\000e\000l\000i\000s\000m}{section.9.7}% 106
\BOOKMARK [1][-]{section.9.8}{\376\377\000W\000a\000r\000\040\000S\000t\000o\000r\000y\000:\000\040\000G\000o\000i\000n\000g\000\040\000N\000o\000w\000h\000e\000r\000e\000\040\000F\000a\000s\000t}{chapter.9}% 107
\BOOKMARK [1][-]{section.9.9}{\376\377\000C\000o\000n\000v\000o\000l\000u\000t\000i\000o\000n\000\040\000\050\000*\000\051}{chapter.9}% 108
\BOOKMARK [2][-]{subsection.9.9.1}{\376\377\000A\000p\000p\000l\000i\000c\000a\000t\000i\000o\000n\000s\000\040\000o\000f\000\040\000C\000o\000n\000v\000o\000l\000u\000t\000i\000o\000n}{section.9.9}% 109
\BOOKMARK [2][-]{subsection.9.9.2}{\376\377\000F\000a\000s\000t\000\040\000P\000o\000l\000y\000n\000o\000m\000i\000a\000l\000\040\000M\000u\000l\000t\000i\000p\000l\000i\000c\000a\000t\000i\000o\000n\000\040\000\050\000*\000*\000\051}{section.9.9}% 110
\BOOKMARK [1][-]{section.9.10}{\376\377\000E\000x\000e\000r\000c\000i\000s\000e\000s}{chapter.9}% 111
\BOOKMARK [0][-]{chapter.10}{\376\377\000H\000a\000s\000h\000i\000n\000g\000\040\000a\000n\000d\000\040\000R\000a\000n\000d\000o\000m\000i\000z\000e\000d\000\040\000A\000l\000g\000o\000r\000i\000t\000h\000m\000s}{}% 112
\BOOKMARK [1][-]{section.10.1}{\376\377\000P\000r\000o\000b\000a\000b\000i\000l\000i\000t\000y\000\040\000R\000e\000v\000i\000e\000w}{chapter.10}% 113
\BOOKMARK [2][-]{subsection.10.1.1}{\376\377\000P\000r\000o\000b\000a\000b\000i\000l\000i\000t\000y}{section.10.1}% 114
\BOOKMARK [2][-]{subsection.10.1.2}{\376\377\000C\000o\000m\000p\000o\000u\000n\000d\000\040\000E\000v\000e\000n\000t\000s\000\040\000a\000n\000d\000\040\000I\000n\000d\000e\000p\000e\000n\000d\000e\000n\000c\000e}{section.10.1}% 115
\BOOKMARK [2][-]{subsection.10.1.3}{\376\377\000C\000o\000n\000d\000i\000t\000i\000o\000n\000a\000l\000\040\000P\000r\000o\000b\000a\000b\000i\000l\000i\000t\000y}{section.10.1}% 116
\BOOKMARK [2][-]{subsection.10.1.4}{\376\377\000P\000r\000o\000b\000a\000b\000i\000l\000i\000t\000y\000\040\000D\000i\000s\000t\000r\000i\000b\000u\000t\000i\000o\000n\000s}{section.10.1}% 117
\BOOKMARK [2][-]{subsection.10.1.5}{\376\377\000M\000e\000a\000n\000\040\000a\000n\000d\000\040\000V\000a\000r\000i\000a\000n\000c\000e}{section.10.1}% 118
\BOOKMARK [2][-]{subsection.10.1.6}{\376\377\000T\000o\000s\000s\000i\000n\000g\000\040\000C\000o\000i\000n\000s}{section.10.1}% 119
\BOOKMARK [1][-]{section.10.2}{\376\377\000U\000n\000d\000e\000r\000s\000t\000a\000n\000d\000i\000n\000g\000\040\000B\000a\000l\000l\000s\000\040\000a\000n\000d\000\040\000B\000i\000n\000s}{chapter.10}% 120
\BOOKMARK [2][-]{subsection.10.2.1}{\376\377\000T\000h\000e\000\040\000C\000o\000u\000p\000o\000n\000\040\000C\000o\000l\000l\000e\000c\000t\000o\000r\000'\000s\000\040\000P\000r\000o\000b\000l\000e\000m}{section.10.2}% 121
\BOOKMARK [1][-]{section.10.3}{\376\377\000W\000h\000y\000\040\000i\000s\000\040\000H\000a\000s\000h\000i\000n\000g\000\040\000a\000\040\000R\000a\000n\000d\000o\000m\000i\000z\000e\000d\000\040\000A\000l\000g\000o\000r\000i\000t\000h\000m\000?}{chapter.10}% 122
\BOOKMARK [1][-]{section.10.4}{\376\377\000B\000l\000o\000o\000m\000\040\000F\000i\000l\000t\000e\000r\000s}{chapter.10}% 123
\BOOKMARK [1][-]{section.10.5}{\376\377\000T\000h\000e\000\040\000B\000i\000r\000t\000h\000d\000a\000y\000\040\000P\000a\000r\000a\000d\000o\000x\000\040\000a\000n\000d\000\040\000P\000e\000r\000f\000e\000c\000t\000\040\000H\000a\000s\000h\000i\000n\000g}{chapter.10}% 124
\BOOKMARK [1][-]{section.10.6}{\376\377\000M\000i\000n\000w\000i\000s\000e\000\040\000H\000a\000s\000h\000i\000n\000g}{chapter.10}% 125
\BOOKMARK [1][-]{section.10.7}{\376\377\000E\000f\000f\000i\000c\000i\000e\000n\000t\000\040\000S\000t\000r\000i\000n\000g\000\040\000M\000a\000t\000c\000h\000i\000n\000g}{chapter.10}% 126
\BOOKMARK [1][-]{section.10.8}{\376\377\000P\000r\000i\000m\000a\000l\000i\000t\000y\000\040\000T\000e\000s\000t\000i\000n\000g}{chapter.10}% 127
\BOOKMARK [1][-]{section.10.9}{\376\377\000W\000a\000r\000\040\000S\000t\000o\000r\000y\000:\000\040\000G\000i\000v\000i\000n\000g\000\040\000K\000n\000u\000t\000h\000\040\000t\000h\000e\000\040\000M\000i\000d\000d\000l\000e\000\040\000I\000n\000i\000t\000i\000a\000l}{chapter.10}% 128
\BOOKMARK [1][-]{section.10.10}{\376\377\000W\000h\000e\000r\000e\000\040\000d\000o\000\040\000R\000a\000n\000d\000o\000m\000\040\000N\000u\000m\000b\000e\000r\000s\000\040\000C\000o\000m\000e\000\040\000F\000r\000o\000m\000?}{chapter.10}% 129
\BOOKMARK [1][-]{section.10.11}{\376\377\000E\000x\000e\000r\000c\000i\000s\000e\000s}{chapter.10}% 130
\BOOKMARK [0][-]{chapter.11}{\376\377\000G\000r\000a\000p\000h\000\040\000T\000r\000a\000v\000e\000r\000s\000a\000l}{}% 131
\BOOKMARK [1][-]{section.11.1}{\376\377\000F\000l\000a\000v\000o\000r\000s\000\040\000o\000f\000\040\000G\000r\000a\000p\000h\000s}{chapter.11}% 132
\BOOKMARK [2][-]{subsection.11.1.1}{\376\377\000T\000h\000e\000\040\000F\000r\000i\000e\000n\000d\000s\000h\000i\000p\000\040\000G\000r\000a\000p\000h}{section.11.1}% 133
\BOOKMARK [1][-]{section.11.2}{\376\377\000D\000a\000t\000a\000\040\000S\000t\000r\000u\000c\000t\000u\000r\000e\000s\000\040\000f\000o\000r\000\040\000G\000r\000a\000p\000h\000s}{chapter.11}% 134
\BOOKMARK [1][-]{section.11.3}{\376\377\000W\000a\000r\000\040\000S\000t\000o\000r\000y\000:\000\040\000I\000\040\000w\000a\000s\000\040\000a\000\040\000V\000i\000c\000t\000i\000m\000\040\000o\000f\000\040\000M\000o\000o\000r\000e\000'\000s\000\040\000L\000a\000w}{chapter.11}% 135
\BOOKMARK [1][-]{section.11.4}{\376\377\000W\000a\000r\000\040\000S\000t\000o\000r\000y\000:\000\040\000G\000e\000t\000t\000i\000n\000g\000\040\000t\000h\000e\000\040\000G\000r\000a\000p\000h}{chapter.11}% 136
\BOOKMARK [1][-]{section.11.5}{\376\377\000T\000r\000a\000v\000e\000r\000s\000i\000n\000g\000\040\000a\000\040\000G\000r\000a\000p\000h}{chapter.11}% 137
\BOOKMARK [1][-]{section.11.6}{\376\377\000B\000r\000e\000a\000d\000t\000h\000-\000F\000i\000r\000s\000t\000\040\000S\000e\000a\000r\000c\000h}{chapter.11}% 138
\BOOKMARK [2][-]{subsection.11.6.1}{\376\377\000E\000x\000p\000l\000o\000i\000t\000i\000n\000g\000\040\000T\000r\000a\000v\000e\000r\000s\000a\000l}{section.11.6}% 139
\BOOKMARK [2][-]{subsection.11.6.2}{\376\377\000F\000i\000n\000d\000i\000n\000g\000\040\000P\000a\000t\000h\000s}{section.11.6}% 140
\BOOKMARK [1][-]{section.11.7}{\376\377\000A\000p\000p\000l\000i\000c\000a\000t\000i\000o\000n\000s\000\040\000o\000f\000\040\000B\000r\000e\000a\000d\000t\000h\000-\000F\000i\000r\000s\000t\000\040\000S\000e\000a\000r\000c\000h}{chapter.11}% 141
\BOOKMARK [2][-]{subsection.11.7.1}{\376\377\000C\000o\000n\000n\000e\000c\000t\000e\000d\000\040\000C\000o\000m\000p\000o\000n\000e\000n\000t\000s}{section.11.7}% 142
\BOOKMARK [2][-]{subsection.11.7.2}{\376\377\000T\000w\000o\000-\000C\000o\000l\000o\000r\000i\000n\000g\000\040\000G\000r\000a\000p\000h\000s}{section.11.7}% 143
\BOOKMARK [1][-]{section.11.8}{\376\377\000D\000e\000p\000t\000h\000-\000F\000i\000r\000s\000t\000\040\000S\000e\000a\000r\000c\000h}{chapter.11}% 144
\BOOKMARK [1][-]{section.11.9}{\376\377\000A\000p\000p\000l\000i\000c\000a\000t\000i\000o\000n\000s\000\040\000o\000f\000\040\000D\000e\000p\000t\000h\000-\000F\000i\000r\000s\000t\000\040\000S\000e\000a\000r\000c\000h}{chapter.11}% 145
\BOOKMARK [2][-]{subsection.11.9.1}{\376\377\000F\000i\000n\000d\000i\000n\000g\000\040\000C\000y\000c\000l\000e\000s}{section.11.9}% 146
\BOOKMARK [2][-]{subsection.11.9.2}{\376\377\000A\000r\000t\000i\000c\000u\000l\000a\000t\000i\000o\000n\000\040\000V\000e\000r\000t\000i\000c\000e\000s}{section.11.9}% 147
\BOOKMARK [1][-]{section.11.10}{\376\377\000D\000e\000p\000t\000h\000-\000F\000i\000r\000s\000t\000\040\000S\000e\000a\000r\000c\000h\000\040\000o\000n\000\040\000D\000i\000r\000e\000c\000t\000e\000d\000\040\000G\000r\000a\000p\000h\000s}{chapter.11}% 148
\BOOKMARK [2][-]{subsection.11.10.1}{\376\377\000T\000o\000p\000o\000l\000o\000g\000i\000c\000a\000l\000\040\000S\000o\000r\000t\000i\000n\000g}{section.11.10}% 149
