\BOOKMARK [1][-]{section.0.1}{\376\377\000T\000E\000X\000T\000S\000\040\000I\000N\000\040\000C\000O\000M\000P\000U\000T\000E\000R\000\040\000S\000C\000I\000E\000N\000C\000E}{}% 1
\BOOKMARK [1][-]{section.0.2}{\376\377\000T\000H\000E}{}% 2
\BOOKMARK [1][-]{section.0.3}{\376\377\000A\000l\000g\000o\000r\000i\000t\000h\000m\000\040\000D\000e\000s\000i\000g\000n}{}% 3
\BOOKMARK [1][-]{section.0.4}{\376\377\000S\000t\000e\000v\000e\000n\000\040\000S\000.\000\040\000S\000k\000i\000e\000n\000a}{}% 4
\BOOKMARK [1][-]{section.0.5}{\376\377\000T\000h\000e\000\040\000A\000l\000g\000o\000r\000i\000t\000h\000m\000\040\000D\000e\000s\000i\000g\000n\000\040\000M\000a\000n\000u\000a\000l}{}% 5
\BOOKMARK [1][-]{section.0.6}{\376\377\000P\000r\000e\000f\000a\000c\000e}{}% 6
\BOOKMARK [1][-]{section.0.7}{\376\377\000T\000o\000\040\000t\000h\000e\000\040\000R\000e\000a\000d\000e\000r}{}% 7
\BOOKMARK [1][-]{section.0.8}{\376\377\000T\000o\000\040\000t\000h\000e\000\040\000I\000n\000s\000t\000r\000u\000c\000t\000o\000r}{}% 8
\BOOKMARK [1][-]{section.0.9}{\376\377\000A\000c\000k\000n\000o\000w\000l\000e\000d\000g\000m\000e\000n\000t\000s}{}% 9
\BOOKMARK [1][-]{section.0.10}{\376\377\000C\000a\000v\000e\000a\000t}{}% 10
\BOOKMARK [1][-]{section.0.11}{\376\377\000C\000o\000n\000t\000e\000n\000t\000s}{}% 11
\BOOKMARK [1][-]{section.0.12}{\376\377\000P\000a\000r\000t\000\040\000I}{}% 12
\BOOKMARK [1][-]{section.0.13}{\376\377\000P\000r\000a\000c\000t\000i\000c\000a\000l\000\040\000A\000l\000g\000o\000r\000i\000t\000h\000m\000\040\000D\000e\000s\000i\000g\000n}{}% 13
\BOOKMARK [1][-]{section.0.14}{\376\377\000C\000h\000a\000p\000t\000e\000r}{}% 14
\BOOKMARK [1][-]{section.0.15}{\376\377\000I\000n\000t\000r\000o\000d\000u\000c\000t\000i\000o\000n\000\040\000t\000o\000\040\000A\000l\000g\000o\000r\000i\000t\000h\000m\000\040\000D\000e\000s\000i\000g\000n}{}% 15
\BOOKMARK [1][-]{section.0.16}{\376\377\000P\000r\000o\000b\000l\000e\000m\000:\000\040\000S\000o\000r\000t\000i\000n\000g}{}% 16
\BOOKMARK [2][-]{subsection.0.16.1}{\376\377\000R\000o\000b\000o\000t\000\040\000T\000o\000u\000r\000\040\000O\000p\000t\000i\000m\000i\000z\000a\000t\000i\000o\000n}{section.0.16}% 17
\BOOKMARK [1][-]{section.0.17}{\376\377\000P\000r\000o\000b\000l\000e\000m\000:\000\040\000R\000o\000b\000o\000t\000\040\000T\000o\000u\000r\000\040\000O\000p\000t\000i\000m\000i\000z\000a\000t\000i\000o\000n}{}% 18
\BOOKMARK [1][-]{section.0.18}{\376\377\000C\000l\000o\000s\000e\000s\000t\000P\000a\000i\000r\000\040\000\050\000P\000\051}{}% 19
\BOOKMARK [2][-]{subsection.0.18.1}{\376\377\000S\000e\000l\000e\000c\000t\000i\000n\000g\000\040\000t\000h\000e\000\040\000R\000i\000g\000h\000t\000\040\000J\000o\000b\000s}{section.0.18}% 20
\BOOKMARK [2][-]{subsection.0.18.2}{\376\377\000R\000e\000a\000s\000o\000n\000i\000n\000g\000\040\000a\000b\000o\000u\000t\000\040\000C\000o\000r\000r\000e\000c\000t\000n\000e\000s\000s}{section.0.18}% 21
\BOOKMARK [2][-]{subsection.0.18.3}{\376\377\000P\000r\000o\000b\000l\000e\000m\000s\000\040\000a\000n\000d\000\040\000P\000r\000o\000p\000e\000r\000t\000i\000e\000s}{section.0.18}% 22
\BOOKMARK [2][-]{subsection.0.18.4}{\376\377\000E\000x\000p\000r\000e\000s\000s\000i\000n\000g\000\040\000A\000l\000g\000o\000r\000i\000t\000h\000m\000s}{section.0.18}% 23
\BOOKMARK [2][-]{subsection.0.18.5}{\376\377\000D\000e\000m\000o\000n\000s\000t\000r\000a\000t\000i\000n\000g\000\040\000I\000n\000c\000o\000r\000r\000e\000c\000t\000n\000e\000s\000s}{section.0.18}% 24
\BOOKMARK [1][-]{section.0.19}{\376\377\000S\000t\000o\000p\000\040\000a\000n\000d\000\040\000T\000h\000i\000n\000k\000:\000\040\000G\000r\000e\000e\000d\000y\000\040\000M\000o\000v\000i\000e\000\040\000S\000t\000a\000r\000s\000?}{}% 25
\BOOKMARK [2][-]{subsection.0.19.1}{\376\377\000I\000n\000d\000u\000c\000t\000i\000o\000n\000\040\000a\000n\000d\000\040\000R\000e\000c\000u\000r\000s\000i\000o\000n}{section.0.19}% 26
\BOOKMARK [1][-]{section.0.20}{\376\377\000S\000t\000o\000p\000\040\000a\000n\000d\000\040\000T\000h\000i\000n\000k\000:\000\040\000I\000n\000c\000r\000e\000m\000e\000n\000t\000a\000l\000\040\000C\000o\000r\000r\000e\000c\000t\000n\000e\000s\000s}{}% 27
\BOOKMARK [2][-]{subsection.0.20.1}{\376\377\000M\000o\000d\000e\000l\000i\000n\000g\000\040\000t\000h\000e\000\040\000P\000r\000o\000b\000l\000e\000m}{section.0.20}% 28
\BOOKMARK [2][-]{subsection.0.20.2}{\376\377\000C\000o\000m\000b\000i\000n\000a\000t\000o\000r\000i\000a\000l\000\040\000O\000b\000j\000e\000c\000t\000s}{section.0.20}% 29
\BOOKMARK [2][-]{subsection.0.20.3}{\376\377\000R\000e\000c\000u\000r\000s\000i\000v\000e\000\040\000O\000b\000j\000e\000c\000t\000s}{section.0.20}% 30
\BOOKMARK [2][-]{subsection.0.20.4}{\376\377\000P\000r\000o\000o\000f\000\040\000b\000y\000\040\000C\000o\000n\000t\000r\000a\000d\000i\000c\000t\000i\000o\000n}{section.0.20}% 31
\BOOKMARK [2][-]{subsection.0.20.5}{\376\377\000A\000b\000o\000u\000t\000\040\000t\000h\000e\000\040\000W\000a\000r\000\040\000S\000t\000o\000r\000i\000e\000s}{section.0.20}% 32
\BOOKMARK [2][-]{subsection.0.20.6}{\376\377\000W\000a\000r\000\040\000S\000t\000o\000r\000y\000:\000\040\000P\000s\000y\000c\000h\000i\000c\000\040\000M\000o\000d\000e\000l\000i\000n\000g}{section.0.20}% 33
\BOOKMARK [2][-]{subsection.0.20.7}{\376\377\000E\000s\000t\000i\000m\000a\000t\000i\000o\000n}{section.0.20}% 34
\BOOKMARK [1][-]{section.0.21}{\376\377\000C\000h\000a\000p\000t\000e\000r\000\040\000N\000o\000t\000e\000s}{}% 35
\BOOKMARK [2][-]{subsection.0.21.1}{\376\377\000E\000x\000e\000r\000c\000i\000s\000e\000s}{section.0.21}% 36
\BOOKMARK [1][-]{section.0.22}{\376\377\000F\000i\000n\000d\000i\000n\000g\000\040\000C\000o\000u\000n\000t\000e\000r\000e\000x\000a\000m\000p\000l\000e\000s}{}% 37
\BOOKMARK [1][-]{section.0.23}{\376\377\000P\000r\000o\000o\000f\000s\000\040\000o\000f\000\040\000C\000o\000r\000r\000e\000c\000t\000n\000e\000s\000s}{}% 38
\BOOKMARK [1][-]{section.0.24}{\376\377\000I\000n\000d\000u\000c\000t\000i\000o\000n}{}% 39
\BOOKMARK [1][-]{section.0.25}{\376\377\000E\000s\000t\000i\000m\000a\000t\000i\000o\000n}{}% 40
\BOOKMARK [1][-]{section.0.26}{\376\377\000I\000m\000p\000l\000e\000m\000e\000n\000t\000a\000t\000i\000o\000n\000\040\000P\000r\000o\000j\000e\000c\000t\000s}{}% 41
\BOOKMARK [1][-]{section.0.27}{\376\377\000I\000n\000t\000e\000r\000v\000i\000e\000w\000\040\000P\000r\000o\000b\000l\000e\000m\000s}{}% 42
\BOOKMARK [1][-]{section.0.28}{\376\377\000L\000e\000e\000t\000C\000o\000d\000e}{}% 43
\BOOKMARK [1][-]{section.0.29}{\376\377\000H\000a\000c\000k\000e\000r\000R\000a\000n\000k}{}% 44
\BOOKMARK [1][-]{section.0.30}{\376\377\000P\000r\000o\000g\000r\000a\000m\000m\000i\000n\000g\000\040\000C\000h\000a\000l\000l\000e\000n\000g\000e\000s}{}% 45
\BOOKMARK [0][-]{chapter.1}{\376\377\000A\000l\000g\000o\000r\000i\000t\000h\000m\000\040\000A\000n\000a\000l\000y\000s\000i\000s}{}% 46
\BOOKMARK [1][-]{section.1.1}{\376\377\000T\000h\000e\000\040\000R\000A\000M\000\040\000M\000o\000d\000e\000l\000\040\000o\000f\000\040\000C\000o\000m\000p\000u\000t\000a\000t\000i\000o\000n}{chapter.1}% 47
\BOOKMARK [2][-]{subsection.1.1.1}{\376\377\000B\000e\000s\000t\000-\000C\000a\000s\000e\000,\000\040\000W\000o\000r\000s\000t\000-\000C\000a\000s\000e\000,\000\040\000a\000n\000d\000\040\000A\000v\000e\000r\000a\000g\000e\000-\000C\000a\000s\000e\000\040\000C\000o\000m\000p\000l\000e\000x\000i\000t\000y}{section.1.1}% 48
\BOOKMARK [2][-]{subsection.1.1.2}{\376\377\000T\000h\000e\000\040\000B\000i\000g\000\040\000O\000h\000\040\000N\000o\000t\000a\000t\000i\000o\000n}{section.1.1}% 49
\BOOKMARK [1][-]{section.1.2}{\376\377\000S\000t\000o\000p\000\040\000a\000n\000d\000\040\000T\000h\000i\000n\000k\000:\000\040\000B\000a\000c\000k\000\040\000t\000o\000\040\000t\000h\000e\000\040\000D\000e\000f\000i\000n\000i\000t\000i\000o\000n}{chapter.1}% 50
\BOOKMARK [1][-]{section.1.3}{\376\377\000S\000t\000o\000p\000\040\000a\000n\000d\000\040\000T\000h\000i\000n\000k\000:\000\040\000H\000i\000p\000\040\000t\000o\000\040\000t\000h\000e\000\040\000S\000q\000u\000a\000r\000e\000s\000?}{chapter.1}% 51
\BOOKMARK [2][-]{subsection.1.3.1}{\376\377\000G\000r\000o\000w\000t\000h\000\040\000R\000a\000t\000e\000s\000\040\000a\000n\000d\000\040\000D\000o\000m\000i\000n\000a\000n\000c\000e\000\040\000R\000e\000l\000a\000t\000i\000o\000n\000s}{section.1.3}% 52
\BOOKMARK [2][-]{subsection.1.3.2}{\376\377\000D\000o\000m\000i\000n\000a\000n\000c\000e\000\040\000R\000e\000l\000a\000t\000i\000o\000n\000s}{section.1.3}% 53
\BOOKMARK [2][-]{subsection.1.3.3}{\376\377\000W\000o\000r\000k\000i\000n\000g\000\040\000w\000i\000t\000h\000\040\000t\000h\000e\000\040\000B\000i\000g\000\040\000O\000h}{section.1.3}% 54
\BOOKMARK [2][-]{subsection.1.3.4}{\376\377\000A\000d\000d\000i\000n\000g\000\040\000F\000u\000n\000c\000t\000i\000o\000n\000s}{section.1.3}% 55
\BOOKMARK [2][-]{subsection.1.3.5}{\376\377\000M\000u\000l\000t\000i\000p\000l\000y\000i\000n\000g\000\040\000F\000u\000n\000c\000t\000i\000o\000n\000s}{section.1.3}% 56
\BOOKMARK [1][-]{section.1.4}{\376\377\000S\000t\000o\000p\000\040\000a\000n\000d\000\040\000T\000h\000i\000n\000k\000:\000\040\000T\000r\000a\000n\000s\000i\000t\000i\000v\000e\000\040\000E\000x\000p\000e\000r\000i\000e\000n\000c\000e}{chapter.1}% 57
\BOOKMARK [2][-]{subsection.1.4.1}{\376\377\000R\000e\000a\000s\000o\000n\000i\000n\000g\000\040\000a\000b\000o\000u\000t\000\040\000E\000f\000f\000i\000c\000i\000e\000n\000c\000y}{section.1.4}% 58
\BOOKMARK [2][-]{subsection.1.4.2}{\376\377\000S\000e\000l\000e\000c\000t\000i\000o\000n\000\040\000S\000o\000r\000t}{section.1.4}% 59
\BOOKMARK [1][-]{section.1.5}{\376\377\000P\000r\000o\000v\000i\000n\000g\000\040\000t\000h\000e\000\040\000T\000h\000e\000t\000a}{chapter.1}% 60
\BOOKMARK [2][-]{subsection.1.5.1}{\376\377\000I\000n\000s\000e\000r\000t\000i\000o\000n\000\040\000S\000o\000r\000t}{section.1.5}% 61
\BOOKMARK [2][-]{subsection.1.5.2}{\376\377\000S\000t\000r\000i\000n\000g\000\040\000P\000a\000t\000t\000e\000r\000n\000\040\000M\000a\000t\000c\000h\000i\000n\000g}{section.1.5}% 62
\BOOKMARK [1][-]{section.1.6}{\376\377\000P\000r\000o\000b\000l\000e\000m\000:\000\040\000S\000u\000b\000s\000t\000r\000i\000n\000g\000\040\000P\000a\000t\000t\000e\000r\000n\000\040\000M\000a\000t\000c\000h\000i\000n\000g}{chapter.1}% 63
\BOOKMARK [2][-]{subsection.1.6.1}{\376\377\000M\000a\000t\000r\000i\000x\000\040\000M\000u\000l\000t\000i\000p\000l\000i\000c\000a\000t\000i\000o\000n}{section.1.6}% 64
\BOOKMARK [1][-]{section.1.7}{\376\377\000P\000r\000o\000b\000l\000e\000m\000:\000\040\000M\000a\000t\000r\000i\000x\000\040\000M\000u\000l\000t\000i\000p\000l\000i\000c\000a\000t\000i\000o\000n}{chapter.1}% 65
\BOOKMARK [2][-]{subsection.1.7.1}{\376\377\000S\000u\000m\000m\000a\000t\000i\000o\000n\000s}{section.1.7}% 66
\BOOKMARK [1][-]{section.1.8}{\376\377\000S\000t\000o\000p\000\040\000a\000n\000d\000\040\000T\000h\000i\000n\000k\000:\000\040\000F\000a\000c\000t\000o\000r\000i\000a\000l\000\040\000F\000o\000r\000m\000u\000l\000a\000e}{chapter.1}% 67
\BOOKMARK [2][-]{subsection.1.8.1}{\376\377\000L\000o\000g\000a\000r\000i\000t\000h\000m\000s\000\040\000a\000n\000d\000\040\000T\000h\000e\000i\000r\000\040\000A\000p\000p\000l\000i\000c\000a\000t\000i\000o\000n\000s}{section.1.8}% 68
\BOOKMARK [2][-]{subsection.1.8.2}{\376\377\000L\000o\000g\000a\000r\000i\000t\000h\000m\000s\000\040\000a\000n\000d\000\040\000B\000i\000n\000a\000r\000y\000\040\000S\000e\000a\000r\000c\000h}{section.1.8}% 69
\BOOKMARK [2][-]{subsection.1.8.3}{\376\377\000L\000o\000g\000a\000r\000i\000t\000h\000m\000s\000\040\000a\000n\000d\000\040\000T\000r\000e\000e\000s}{section.1.8}% 70
\BOOKMARK [2][-]{subsection.1.8.4}{\376\377\000L\000o\000g\000a\000r\000i\000t\000h\000m\000s\000\040\000a\000n\000d\000\040\000B\000i\000t\000s}{section.1.8}% 71
\BOOKMARK [2][-]{subsection.1.8.5}{\376\377\000L\000o\000g\000a\000r\000i\000t\000h\000m\000s\000\040\000a\000n\000d\000\040\000M\000u\000l\000t\000i\000p\000l\000i\000c\000a\000t\000i\000o\000n}{section.1.8}% 72
\BOOKMARK [2][-]{subsection.1.8.6}{\376\377\000F\000a\000s\000t\000\040\000E\000x\000p\000o\000n\000e\000n\000t\000i\000a\000t\000i\000o\000n}{section.1.8}% 73
\BOOKMARK [2][-]{subsection.1.8.7}{\376\377\000L\000o\000g\000a\000r\000i\000t\000h\000m\000s\000\040\000a\000n\000d\000\040\000S\000u\000m\000m\000a\000t\000i\000o\000n\000s}{section.1.8}% 74
\BOOKMARK [2][-]{subsection.1.8.8}{\376\377\000L\000o\000g\000a\000r\000i\000t\000h\000m\000s\000\040\000a\000n\000d\000\040\000C\000r\000i\000m\000i\000n\000a\000l\000\040\000J\000u\000s\000t\000i\000c\000e}{section.1.8}% 75
\BOOKMARK [2][-]{subsection.1.8.9}{\376\377\000P\000r\000o\000p\000e\000r\000t\000i\000e\000s\000\040\000o\000f\000\040\000L\000o\000g\000a\000r\000i\000t\000h\000m\000s}{section.1.8}% 76
\BOOKMARK [1][-]{section.1.9}{\376\377\000S\000t\000o\000p\000\040\000a\000n\000d\000\040\000T\000h\000i\000n\000k\000:\000\040\000I\000m\000p\000o\000r\000t\000a\000n\000c\000e\000\040\000o\000f\000\040\000a\000n\000\040\000E\000v\000e\000n\000\040\000S\000p\000l\000i\000t}{chapter.1}% 77
\BOOKMARK [2][-]{subsection.1.9.1}{\376\377\000W\000a\000r\000\040\000S\000t\000o\000r\000y\000:\000\040\000M\000y\000s\000t\000e\000r\000y\000\040\000o\000f\000\040\000t\000h\000e\000\040\000P\000y\000r\000a\000m\000i\000d\000s}{section.1.9}% 78
\BOOKMARK [2][-]{subsection.1.9.2}{\376\377\000A\000d\000v\000a\000n\000c\000e\000d\000\040\000A\000n\000a\000l\000y\000s\000i\000s\000\040\000\050\000*\000\051}{section.1.9}% 79
\BOOKMARK [2][-]{subsection.1.9.3}{\376\377\000E\000s\000o\000t\000e\000r\000i\000c\000\040\000F\000u\000n\000c\000t\000i\000o\000n\000s}{section.1.9}% 80
\BOOKMARK [2][-]{subsection.1.9.4}{\376\377\000L\000i\000m\000i\000t\000s\000\040\000a\000n\000d\000\040\000D\000o\000m\000i\000n\000a\000n\000c\000e\000\040\000R\000e\000l\000a\000t\000i\000o\000n\000s}{section.1.9}% 81
\BOOKMARK [1][-]{section.1.10}{\376\377\000C\000h\000a\000p\000t\000e\000r\000\040\000N\000o\000t\000e\000s}{chapter.1}% 82
\BOOKMARK [2][-]{subsection.1.10.1}{\376\377\000E\000x\000e\000r\000c\000i\000s\000e\000s}{section.1.10}% 83
\BOOKMARK [1][-]{section.1.11}{\376\377\000P\000r\000o\000g\000r\000a\000m\000\040\000A\000n\000a\000l\000y\000s\000i\000s}{chapter.1}% 84
\BOOKMARK [1][-]{section.1.12}{\376\377\000B\000i\000g\000\040\000O\000h}{chapter.1}% 85
\BOOKMARK [1][-]{section.1.13}{\376\377\000L\000o\000g\000a\000r\000i\000t\000h\000m\000s}{chapter.1}% 86
\BOOKMARK [1][-]{section.1.14}{\376\377\000I\000n\000t\000e\000r\000v\000i\000e\000w\000\040\000P\000r\000o\000b\000l\000e\000m\000s}{chapter.1}% 87
\BOOKMARK [1][-]{section.1.15}{\376\377\000L\000e\000e\000t\000C\000o\000d\000e}{chapter.1}% 88
\BOOKMARK [1][-]{section.1.16}{\376\377\000H\000a\000c\000k\000e\000r\000R\000a\000n\000k}{chapter.1}% 89
\BOOKMARK [1][-]{section.1.17}{\376\377\000P\000r\000o\000g\000r\000a\000m\000m\000i\000n\000g\000\040\000C\000h\000a\000l\000l\000e\000n\000g\000e\000s}{chapter.1}% 90
\BOOKMARK [1][-]{section.1.18}{\376\377\000C\000h\000a\000p\000t\000e\000r\000\040\0003}{chapter.1}% 91
\BOOKMARK [1][-]{section.1.19}{\376\377\000D\000a\000t\000a\000\040\000S\000t\000r\000u\000c\000t\000u\000r\000e\000s}{chapter.1}% 92
\BOOKMARK [2][-]{subsection.1.19.1}{\376\377\000C\000o\000n\000t\000i\000g\000u\000o\000u\000s\000\040\000v\000s\000.\000\040\000L\000i\000n\000k\000e\000d\000\040\000D\000a\000t\000a\000\040\000S\000t\000r\000u\000c\000t\000u\000r\000e\000s}{section.1.19}% 93
\BOOKMARK [2][-]{subsection.1.19.2}{\376\377\000A\000r\000r\000a\000y\000s}{section.1.19}% 94
\BOOKMARK [2][-]{subsection.1.19.3}{\376\377\000P\000o\000i\000n\000t\000e\000r\000s\000\040\000a\000n\000d\000\040\000L\000i\000n\000k\000e\000d\000\040\000S\000t\000r\000u\000c\000t\000u\000r\000e\000s}{section.1.19}% 95
\BOOKMARK [1][-]{section.1.20}{\376\377\000S\000e\000a\000r\000c\000h\000i\000n\000g\000\040\000a\000\040\000L\000i\000s\000t}{chapter.1}% 96
\BOOKMARK [1][-]{section.1.21}{\376\377\000I\000n\000s\000e\000r\000t\000i\000o\000n\000\040\000i\000n\000t\000o\000\040\000a\000\040\000L\000i\000s\000t}{chapter.1}% 97
\BOOKMARK [1][-]{section.1.22}{\376\377\000D\000e\000l\000e\000t\000i\000o\000n\000\040\000F\000r\000o\000m\000\040\000a\000\040\000L\000i\000s\000t}{chapter.1}% 98
\BOOKMARK [2][-]{subsection.1.22.1}{\376\377\000C\000o\000m\000p\000a\000r\000i\000s\000o\000n}{section.1.22}% 99
\BOOKMARK [2][-]{subsection.1.22.2}{\376\377\000C\000o\000n\000t\000a\000i\000n\000e\000r\000s\000:\000\040\000S\000t\000a\000c\000k\000s\000\040\000a\000n\000d\000\040\000Q\000u\000e\000u\000e\000s}{section.1.22}% 100
\BOOKMARK [2][-]{subsection.1.22.3}{\376\377\000D\000i\000c\000t\000i\000o\000n\000a\000r\000i\000e\000s}{section.1.22}% 101
\BOOKMARK [1][-]{section.1.23}{\376\377\000S\000t\000o\000p\000\040\000a\000n\000d\000\040\000T\000h\000i\000n\000k\000:\000\040\000C\000o\000m\000p\000a\000r\000i\000n\000g\000\040\000D\000i\000c\000t\000i\000o\000n\000a\000r\000y\000\040\000I\000m\000p\000l\000e\000m\000e\000n\000t\000a\000t\000i\000o\000n\000s\000\040\000\050\000I\000\051}{chapter.1}% 102
\BOOKMARK [1][-]{section.1.24}{\376\377\000S\000t\000o\000p\000\040\000a\000n\000d\000\040\000T\000h\000i\000n\000k\000:\000\040\000C\000o\000m\000p\000a\000r\000i\000n\000g\000\040\000D\000i\000c\000t\000i\000o\000n\000a\000r\000y\000\040\000I\000m\000p\000l\000e\000m\000e\000n\000t\000a\000t\000i\000o\000n\000s\000\040\000\050\000I\000I\000\051}{chapter.1}% 103
\BOOKMARK [2][-]{subsection.1.24.1}{\376\377\000B\000i\000n\000a\000r\000y\000\040\000S\000e\000a\000r\000c\000h\000\040\000T\000r\000e\000e\000s}{section.1.24}% 104
\BOOKMARK [2][-]{subsection.1.24.2}{\376\377\000I\000m\000p\000l\000e\000m\000e\000n\000t\000i\000n\000g\000\040\000B\000i\000n\000a\000r\000y\000\040\000S\000e\000a\000r\000c\000h\000\040\000T\000r\000e\000e\000s}{section.1.24}% 105
\BOOKMARK [1][-]{section.1.25}{\376\377\000S\000e\000a\000r\000c\000h\000i\000n\000g\000\040\000i\000n\000\040\000a\000\040\000T\000r\000e\000e}{chapter.1}% 106
\BOOKMARK [1][-]{section.1.26}{\376\377\000F\000i\000n\000d\000i\000n\000g\000\040\000M\000i\000n\000i\000m\000u\000m\000\040\000a\000n\000d\000\040\000M\000a\000x\000i\000m\000u\000m\000\040\000E\000l\000e\000m\000e\000n\000t\000s\000\040\000i\000n\000\040\000a\000\040\000T\000r\000e\000e}{chapter.1}% 107
\BOOKMARK [1][-]{section.1.27}{\376\377\000T\000r\000a\000v\000e\000r\000s\000a\000l\000\040\000i\000n\000\040\000a\000\040\000T\000r\000e\000e}{chapter.1}% 108
\BOOKMARK [1][-]{section.1.28}{\376\377\000I\000n\000s\000e\000r\000t\000i\000o\000n\000\040\000i\000n\000\040\000a\000\040\000T\000r\000e\000e}{chapter.1}% 109
\BOOKMARK [1][-]{section.1.29}{\376\377\000D\000e\000l\000e\000t\000i\000o\000n\000\040\000f\000r\000o\000m\000\040\000a\000\040\000T\000r\000e\000e}{chapter.1}% 110
\BOOKMARK [2][-]{subsection.1.29.1}{\376\377\000H\000o\000w\000\040\000G\000o\000o\000d\000\040\000a\000r\000e\000\040\000B\000i\000n\000a\000r\000y\000\040\000S\000e\000a\000r\000c\000h\000\040\000T\000r\000e\000e\000s\000?}{section.1.29}% 111
\BOOKMARK [2][-]{subsection.1.29.2}{\376\377\000B\000a\000l\000a\000n\000c\000e\000d\000\040\000S\000e\000a\000r\000c\000h\000\040\000T\000r\000e\000e\000s}{section.1.29}% 112
\BOOKMARK [1][-]{section.1.30}{\376\377\000S\000t\000o\000p\000\040\000a\000n\000d\000\040\000T\000h\000i\000n\000k\000:\000\040\000E\000x\000p\000l\000o\000i\000t\000i\000n\000g\000\040\000B\000a\000l\000a\000n\000c\000e\000d\000\040\000S\000e\000a\000r\000c\000h\000\040\000T\000r\000e\000e\000s}{chapter.1}% 113
\BOOKMARK [2][-]{subsection.1.30.1}{\376\377\000P\000r\000i\000o\000r\000i\000t\000y\000\040\000Q\000u\000e\000u\000e\000s}{section.1.30}% 114
\BOOKMARK [1][-]{section.1.31}{\376\377\000S\000t\000o\000p\000\040\000a\000n\000d\000\040\000T\000h\000i\000n\000k\000:\000\040\000B\000a\000s\000i\000c\000\040\000P\000r\000i\000o\000r\000i\000t\000y\000\040\000Q\000u\000e\000u\000e\000\040\000I\000m\000p\000l\000e\000m\000e\000n\000t\000a\000t\000i\000o\000n\000s}{chapter.1}% 115
\BOOKMARK [2][-]{subsection.1.31.1}{\376\377\000W\000a\000r\000\040\000S\000t\000o\000r\000y\000:\000\040\000S\000t\000r\000i\000p\000p\000i\000n\000g\000\040\000T\000r\000i\000a\000n\000g\000u\000l\000a\000t\000i\000o\000n\000s}{section.1.31}% 116
\BOOKMARK [2][-]{subsection.1.31.2}{\376\377\000H\000a\000s\000h\000i\000n\000g}{section.1.31}% 117
\BOOKMARK [2][-]{subsection.1.31.3}{\376\377\000C\000o\000l\000l\000i\000s\000i\000o\000n\000\040\000R\000e\000s\000o\000l\000u\000t\000i\000o\000n}{section.1.31}% 118
\BOOKMARK [2][-]{subsection.1.31.4}{\376\377\000D\000u\000p\000l\000i\000c\000a\000t\000e\000\040\000D\000e\000t\000e\000c\000t\000i\000o\000n\000\040\000v\000i\000a\000\040\000H\000a\000s\000h\000i\000n\000g}{section.1.31}% 119
\BOOKMARK [2][-]{subsection.1.31.5}{\376\377\000O\000t\000h\000e\000r\000\040\000H\000a\000s\000h\000i\000n\000g\000\040\000T\000r\000i\000c\000k\000s}{section.1.31}% 120
\BOOKMARK [2][-]{subsection.1.31.6}{\376\377\000C\000a\000n\000o\000n\000i\000c\000a\000l\000i\000z\000a\000t\000i\000o\000n}{section.1.31}% 121
\BOOKMARK [2][-]{subsection.1.31.7}{\376\377\000C\000o\000m\000p\000a\000c\000t\000i\000o\000n}{section.1.31}% 122
\BOOKMARK [2][-]{subsection.1.31.8}{\376\377\000S\000p\000e\000c\000i\000a\000l\000i\000z\000e\000d\000\040\000D\000a\000t\000a\000\040\000S\000t\000r\000u\000c\000t\000u\000r\000e\000s}{section.1.31}% 123
\BOOKMARK [2][-]{subsection.1.31.9}{\376\377\000W\000a\000r\000\040\000S\000t\000o\000r\000y\000:\000\040\000S\000t\000r\000i\000n\000g\000\040\000'\000e\000m\000\040\000U\000p}{section.1.31}% 124
\BOOKMARK [1][-]{section.1.32}{\376\377\000S\000t\000a\000c\000k\000s\000,\000\040\000Q\000u\000e\000u\000e\000s\000,\000\040\000a\000n\000d\000\040\000L\000i\000s\000t\000s}{chapter.1}% 125
\BOOKMARK [1][-]{section.1.33}{\376\377\000E\000l\000e\000m\000e\000n\000t\000a\000r\000y\000\040\000D\000a\000t\000a\000\040\000S\000t\000r\000u\000c\000t\000u\000r\000e\000s}{chapter.1}% 126
\BOOKMARK [1][-]{section.1.34}{\376\377\000T\000r\000e\000e\000s\000\040\000a\000n\000d\000\040\000O\000t\000h\000e\000r\000\040\000D\000i\000c\000t\000i\000o\000n\000a\000r\000y\000\040\000S\000t\000r\000u\000c\000t\000u\000r\000e\000s}{chapter.1}% 127
\BOOKMARK [1][-]{section.1.35}{\376\377\000A\000p\000p\000l\000i\000c\000a\000t\000i\000o\000n\000s\000\040\000o\000f\000\040\000T\000r\000e\000e\000\040\000S\000t\000r\000u\000c\000t\000u\000r\000e\000s}{chapter.1}% 128
\BOOKMARK [1][-]{section.1.36}{\376\377\000I\000m\000p\000l\000e\000m\000e\000n\000t\000a\000t\000i\000o\000n\000\040\000P\000r\000o\000j\000e\000c\000t\000s}{chapter.1}% 129
\BOOKMARK [1][-]{section.1.37}{\376\377\000C\000h\000a\000p\000t\000e\000r\000\040\0004}{chapter.1}% 130
\BOOKMARK [1][-]{section.1.38}{\376\377\000S\000o\000r\000t\000i\000n\000g}{chapter.1}% 131
\BOOKMARK [2][-]{subsection.1.38.1}{\376\377\000A\000p\000p\000l\000i\000c\000a\000t\000i\000o\000n\000s\000\040\000o\000f\000\040\000S\000o\000r\000t\000i\000n\000g}{section.1.38}% 132
\BOOKMARK [1][-]{section.1.39}{\376\377\000S\000t\000o\000p\000\040\000a\000n\000d\000\040\000T\000h\000i\000n\000k\000:\000\040\000F\000i\000n\000d\000i\000n\000g\000\040\000t\000h\000e\000\040\000I\000n\000t\000e\000r\000s\000e\000c\000t\000i\000o\000n}{chapter.1}% 133
\BOOKMARK [1][-]{section.1.40}{\376\377\000S\000t\000o\000p\000\040\000a\000n\000d\000\040\000T\000h\000i\000n\000k\000:\000\040\000M\000a\000k\000i\000n\000g\000\040\000a\000\040\000H\000a\000s\000h\000\040\000o\000f\000\040\000t\000h\000e\000\040\000P\000r\000o\000b\000l\000e\000m\000?}{chapter.1}% 134
\BOOKMARK [2][-]{subsection.1.40.1}{\376\377\000P\000r\000a\000g\000m\000a\000t\000i\000c\000s\000\040\000o\000f\000\040\000S\000o\000r\000t\000i\000n\000g}{section.1.40}% 135
\BOOKMARK [2][-]{subsection.1.40.2}{\376\377\000H\000e\000a\000p\000s\000o\000r\000t\000:\000\040\000F\000a\000s\000t\000\040\000S\000o\000r\000t\000i\000n\000g\000\040\000v\000i\000a\000\040\000D\000a\000t\000a\000\040\000S\000t\000r\000u\000c\000t\000u\000r\000e\000s}{section.1.40}% 136
\BOOKMARK [2][-]{subsection.1.40.3}{\376\377\000H\000e\000a\000p\000s}{section.1.40}% 137
\BOOKMARK [1][-]{section.1.41}{\376\377\000S\000t\000o\000p\000\040\000a\000n\000d\000\040\000T\000h\000i\000n\000k\000:\000\040\000W\000h\000o\000'\000s\000\040\000W\000h\000e\000r\000e\000\040\000i\000n\000\040\000t\000h\000e\000\040\000H\000e\000a\000p\000?}{chapter.1}% 138
\BOOKMARK [2][-]{subsection.1.41.1}{\376\377\000C\000o\000n\000s\000t\000r\000u\000c\000t\000i\000n\000g\000\040\000H\000e\000a\000p\000s}{section.1.41}% 139
\BOOKMARK [2][-]{subsection.1.41.2}{\376\377\000E\000x\000t\000r\000a\000c\000t\000i\000n\000g\000\040\000t\000h\000e\000\040\000M\000i\000n\000i\000m\000u\000m}{section.1.41}% 140
\BOOKMARK [2][-]{subsection.1.41.3}{\376\377\000F\000a\000s\000t\000e\000r\000\040\000H\000e\000a\000p\000\040\000C\000o\000n\000s\000t\000r\000u\000c\000t\000i\000o\000n\000\040\000\050\000*\000\051}{section.1.41}% 141
\BOOKMARK [1][-]{section.1.42}{\376\377\000S\000t\000o\000p\000\040\000a\000n\000d\000\040\000T\000h\000i\000n\000k\000:\000\040\000W\000h\000e\000r\000e\000\040\000i\000n\000\040\000t\000h\000e\000\040\000H\000e\000a\000p\000?}{chapter.1}% 142
\BOOKMARK [2][-]{subsection.1.42.1}{\376\377\000S\000o\000r\000t\000i\000n\000g\000\040\000b\000y\000\040\000I\000n\000c\000r\000e\000m\000e\000n\000t\000a\000l\000\040\000I\000n\000s\000e\000r\000t\000i\000o\000n}{section.1.42}% 143
\BOOKMARK [2][-]{subsection.1.42.2}{\376\377\000W\000a\000r\000\040\000S\000t\000o\000r\000y\000:\000\040\000G\000i\000v\000e\000\040\000m\000e\000\040\000a\000\040\000T\000i\000c\000k\000e\000t\000\040\000o\000n\000\040\000a\000n\000\040\000A\000i\000r\000p\000l\000a\000n\000e}{section.1.42}% 144
\BOOKMARK [2][-]{subsection.1.42.3}{\376\377\000M\000e\000r\000g\000e\000s\000o\000r\000t\000:\000\040\000S\000o\000r\000t\000i\000n\000g\000\040\000b\000y\000\040\000D\000i\000v\000i\000d\000e\000\040\000a\000n\000d\000\040\000C\000o\000n\000q\000u\000e\000r}{section.1.42}% 145
\BOOKMARK [1][-]{section.1.43}{\376\377\000I\000m\000p\000l\000e\000m\000e\000n\000t\000a\000t\000i\000o\000n}{chapter.1}% 146
\BOOKMARK [2][-]{subsection.1.43.1}{\376\377\000Q\000u\000i\000c\000k\000s\000o\000r\000t\000:\000\040\000S\000o\000r\000t\000i\000n\000g\000\040\000b\000y\000\040\000R\000a\000n\000d\000o\000m\000i\000z\000a\000t\000i\000o\000n}{section.1.43}% 147
\BOOKMARK [2][-]{subsection.1.43.2}{\376\377\000I\000n\000t\000u\000i\000t\000i\000o\000n\000:\000\040\000T\000h\000e\000\040\000E\000x\000p\000e\000c\000t\000e\000d\000\040\000C\000a\000s\000e\000\040\000f\000o\000r\000\040\000Q\000u\000i\000c\000k\000s\000o\000r\000t}{section.1.43}% 148
\BOOKMARK [2][-]{subsection.1.43.3}{\376\377\000R\000a\000n\000d\000o\000m\000i\000z\000e\000d\000\040\000A\000l\000g\000o\000r\000i\000t\000h\000m\000s}{section.1.43}% 149
\BOOKMARK [1][-]{section.1.44}{\376\377\000S\000t\000o\000p\000\040\000a\000n\000d\000\040\000T\000h\000i\000n\000k\000:\000\040\000N\000u\000t\000s\000\040\000a\000n\000d\000\040\000B\000o\000l\000t\000s}{chapter.1}% 150
\BOOKMARK [2][-]{subsection.1.44.1}{\376\377\000I\000s\000\040\000Q\000u\000i\000c\000k\000s\000o\000r\000t\000\040\000R\000e\000a\000l\000l\000y\000\040\000Q\000u\000i\000c\000k\000?}{section.1.44}% 151
\BOOKMARK [2][-]{subsection.1.44.2}{\376\377\000D\000i\000s\000t\000r\000i\000b\000u\000t\000i\000o\000n\000\040\000S\000o\000r\000t\000:\000\040\000S\000o\000r\000t\000i\000n\000g\000\040\000v\000i\000a\000\040\000B\000u\000c\000k\000e\000t\000i\000n\000g}{section.1.44}% 152
\BOOKMARK [2][-]{subsection.1.44.3}{\376\377\000L\000o\000w\000e\000r\000\040\000B\000o\000u\000n\000d\000s\000\040\000f\000o\000r\000\040\000S\000o\000r\000t\000i\000n\000g}{section.1.44}% 153
\BOOKMARK [2][-]{subsection.1.44.4}{\376\377\000W\000a\000r\000\040\000S\000t\000o\000r\000y\000:\000\040\000S\000k\000i\000e\000n\000a\000\040\000f\000o\000r\000\040\000t\000h\000e\000\040\000D\000e\000f\000e\000n\000s\000e}{section.1.44}% 154
\BOOKMARK [1][-]{section.1.45}{\376\377\000A\000p\000p\000l\000i\000c\000a\000t\000i\000o\000n\000s\000\040\000o\000f\000\040\000S\000o\000r\000t\000i\000n\000g\000:\000\040\000N\000u\000m\000b\000e\000r\000s}{chapter.1}% 155
\BOOKMARK [1][-]{section.1.46}{\376\377\000A\000p\000p\000l\000i\000c\000a\000t\000i\000o\000n\000s\000\040\000o\000f\000\040\000S\000o\000r\000t\000i\000n\000g\000:\000\040\000I\000n\000t\000e\000r\000v\000a\000l\000s\000\040\000a\000n\000d\000\040\000S\000e\000t\000s}{chapter.1}% 156
\BOOKMARK [1][-]{section.1.47}{\376\377\000Q\000u\000i\000c\000k\000s\000o\000r\000t}{chapter.1}% 157
\BOOKMARK [1][-]{section.1.48}{\376\377\000M\000e\000r\000g\000e\000s\000o\000r\000t}{chapter.1}% 158
\BOOKMARK [1][-]{section.1.49}{\376\377\000O\000t\000h\000e\000r\000\040\000S\000o\000r\000t\000i\000n\000g\000\040\000A\000l\000g\000o\000r\000i\000t\000h\000m\000s}{chapter.1}% 159
\BOOKMARK [1][-]{section.1.50}{\376\377\000L\000o\000w\000e\000r\000\040\000B\000o\000u\000n\000d\000s}{chapter.1}% 160
\BOOKMARK [1][-]{section.1.51}{\376\377\000S\000e\000a\000r\000c\000h\000i\000n\000g}{chapter.1}% 161
\BOOKMARK [1][-]{section.1.52}{\376\377\000I\000m\000p\000l\000e\000m\000e\000n\000t\000a\000t\000i\000o\000n\000\040\000C\000h\000a\000l\000l\000e\000n\000g\000e\000s}{chapter.1}% 162
\BOOKMARK [0][-]{chapter.2}{\376\377\000D\000i\000v\000i\000d\000e\000\040\000a\000n\000d\000\040\000C\000o\000n\000q\000u\000e\000r}{}% 163
\BOOKMARK [1][-]{section.2.1}{\376\377\000B\000i\000n\000a\000r\000y\000\040\000S\000e\000a\000r\000c\000h\000\040\000a\000n\000d\000\040\000R\000e\000l\000a\000t\000e\000d\000\040\000A\000l\000g\000o\000r\000i\000t\000h\000m\000s}{chapter.2}% 164
\BOOKMARK [2][-]{subsection.2.1.1}{\376\377\000C\000o\000u\000n\000t\000i\000n\000g\000\040\000O\000c\000c\000u\000r\000r\000e\000n\000c\000e\000s}{section.2.1}% 165
\BOOKMARK [2][-]{subsection.2.1.2}{\376\377\000O\000n\000e\000-\000S\000i\000d\000e\000d\000\040\000B\000i\000n\000a\000r\000y\000\040\000S\000e\000a\000r\000c\000h}{section.2.1}% 166
\BOOKMARK [2][-]{subsection.2.1.3}{\376\377\000S\000q\000u\000a\000r\000e\000\040\000a\000n\000d\000\040\000O\000t\000h\000e\000r\000\040\000R\000o\000o\000t\000s}{section.2.1}% 167
\BOOKMARK [2][-]{subsection.2.1.4}{\376\377\000W\000a\000r\000\040\000S\000t\000o\000r\000y\000:\000\040\000F\000i\000n\000d\000i\000n\000g\000\040\000t\000h\000e\000\040\000B\000u\000g\000\040\000i\000n\000\040\000t\000h\000e\000\040\000B\000u\000g}{section.2.1}% 168
\BOOKMARK [2][-]{subsection.2.1.5}{\376\377\000R\000e\000c\000u\000r\000r\000e\000n\000c\000e\000\040\000R\000e\000l\000a\000t\000i\000o\000n\000s}{section.2.1}% 169
\BOOKMARK [2][-]{subsection.2.1.6}{\376\377\000D\000i\000v\000i\000d\000e\000-\000a\000n\000d\000-\000C\000o\000n\000q\000u\000e\000r\000\040\000R\000e\000c\000u\000r\000r\000e\000n\000c\000e\000s}{section.2.1}% 170
\BOOKMARK [2][-]{subsection.2.1.7}{\376\377\000S\000o\000l\000v\000i\000n\000g\000\040\000D\000i\000v\000i\000d\000e\000-\000a\000n\000d\000-\000C\000o\000n\000q\000u\000e\000r\000\040\000R\000e\000c\000u\000r\000r\000e\000n\000c\000e\000s}{section.2.1}% 171
\BOOKMARK [2][-]{subsection.2.1.8}{\376\377\000F\000a\000s\000t\000\040\000M\000u\000l\000t\000i\000p\000l\000i\000c\000a\000t\000i\000o\000n}{section.2.1}% 172
\BOOKMARK [2][-]{subsection.2.1.9}{\376\377\000L\000a\000r\000g\000e\000s\000t\000\040\000S\000u\000b\000r\000a\000n\000g\000e\000\040\000a\000n\000d\000\040\000C\000l\000o\000s\000e\000s\000t\000\040\000P\000a\000i\000r}{section.2.1}% 173
\BOOKMARK [1][-]{section.2.2}{\376\377\000P\000a\000r\000a\000l\000l\000e\000l\000\040\000A\000l\000g\000o\000r\000i\000t\000h\000m\000s}{chapter.2}% 174
\BOOKMARK [2][-]{subsection.2.2.1}{\376\377\000D\000a\000t\000a\000\040\000P\000a\000r\000a\000l\000l\000e\000l\000i\000s\000m}{section.2.2}% 175
\BOOKMARK [2][-]{subsection.2.2.2}{\376\377\000P\000i\000t\000f\000a\000l\000l\000s\000\040\000o\000f\000\040\000P\000a\000r\000a\000l\000l\000e\000l\000i\000s\000m}{section.2.2}% 176
\BOOKMARK [2][-]{subsection.2.2.3}{\376\377\000W\000a\000r\000\040\000S\000t\000o\000r\000y\000:\000\040\000G\000o\000i\000n\000g\000\040\000N\000o\000w\000h\000e\000r\000e\000\040\000F\000a\000s\000t}{section.2.2}% 177
\BOOKMARK [2][-]{subsection.2.2.4}{\376\377\000C\000o\000n\000v\000o\000l\000u\000t\000i\000o\000n\000\040\000\050\000*\000\051}{section.2.2}% 178
\BOOKMARK [2][-]{subsection.2.2.5}{\376\377\000A\000p\000p\000l\000i\000c\000a\000t\000i\000o\000n\000s\000\040\000o\000f\000\040\000C\000o\000n\000v\000o\000l\000u\000t\000i\000o\000n}{section.2.2}% 179
\BOOKMARK [2][-]{subsection.2.2.6}{\376\377\000F\000a\000s\000t\000\040\000P\000o\000l\000y\000n\000o\000m\000i\000a\000l\000\040\000M\000u\000l\000t\000i\000p\000l\000i\000c\000a\000t\000i\000o\000n\000\040\000\050\000*\000*\000\051}{section.2.2}% 180
\BOOKMARK [1][-]{section.2.3}{\376\377\000C\000h\000a\000p\000t\000e\000r\000\040\000N\000o\000t\000e\000s}{chapter.2}% 181
\BOOKMARK [2][-]{subsection.2.3.1}{\376\377\000E\000x\000e\000r\000c\000i\000s\000e\000s}{section.2.3}% 182
\BOOKMARK [1][-]{section.2.4}{\376\377\000B\000i\000n\000a\000r\000y\000\040\000S\000e\000a\000r\000c\000h}{chapter.2}% 183
\BOOKMARK [1][-]{section.2.5}{\376\377\000D\000i\000v\000i\000d\000e\000\040\000a\000n\000d\000\040\000C\000o\000n\000q\000u\000e\000r\000\040\000A\000l\000g\000o\000r\000i\000t\000h\000m\000s}{chapter.2}% 184
\BOOKMARK [1][-]{section.2.6}{\376\377\000L\000e\000e\000t\000C\000o\000d\000e}{chapter.2}% 185
\BOOKMARK [1][-]{section.2.7}{\376\377\000H\000a\000c\000k\000e\000r\000R\000a\000n\000k}{chapter.2}% 186
\BOOKMARK [1][-]{section.2.8}{\376\377\000P\000r\000o\000g\000r\000a\000m\000m\000i\000n\000g\000\040\000C\000h\000a\000l\000l\000e\000n\000g\000e\000s}{chapter.2}% 187
\BOOKMARK [1][-]{section.2.9}{\376\377\000C\000h\000a\000p\000t\000e\000r\000\040\0006}{chapter.2}% 188
\BOOKMARK [1][-]{section.2.10}{\376\377\000H\000a\000s\000h\000i\000n\000g\000\040\000a\000n\000d\000\040\000R\000a\000n\000d\000o\000m\000i\000z\000e\000d\000\040\000A\000l\000g\000o\000r\000i\000t\000h\000m\000s}{chapter.2}% 189
\BOOKMARK [1][-]{section.2.11}{\376\377\000S\000t\000o\000p\000\040\000a\000n\000d\000\040\000T\000h\000i\000n\000k\000:\000\040\000Q\000u\000i\000c\000k\000s\000o\000r\000t\000\040\000C\000i\000t\000y}{chapter.2}% 190
\BOOKMARK [2][-]{subsection.2.11.1}{\376\377\000P\000r\000o\000b\000a\000b\000i\000l\000i\000t\000y\000\040\000R\000e\000v\000i\000e\000w}{section.2.11}% 191
\BOOKMARK [2][-]{subsection.2.11.2}{\376\377\000P\000r\000o\000b\000a\000b\000i\000l\000i\000t\000y}{section.2.11}% 192
\BOOKMARK [2][-]{subsection.2.11.3}{\376\377\000C\000o\000m\000p\000o\000u\000n\000d\000\040\000E\000v\000e\000n\000t\000s\000\040\000a\000n\000d\000\040\000I\000n\000d\000e\000p\000e\000n\000d\000e\000n\000c\000e}{section.2.11}% 193
\BOOKMARK [2][-]{subsection.2.11.4}{\376\377\000C\000o\000n\000d\000i\000t\000i\000o\000n\000a\000l\000\040\000P\000r\000o\000b\000a\000b\000i\000l\000i\000t\000y}{section.2.11}% 194
\BOOKMARK [2][-]{subsection.2.11.5}{\376\377\000P\000r\000o\000b\000a\000b\000i\000l\000i\000t\000y\000\040\000D\000i\000s\000t\000r\000i\000b\000u\000t\000i\000o\000n\000s}{section.2.11}% 195
\BOOKMARK [2][-]{subsection.2.11.6}{\376\377\000M\000e\000a\000n\000\040\000a\000n\000d\000\040\000V\000a\000r\000i\000a\000n\000c\000e}{section.2.11}% 196
\BOOKMARK [2][-]{subsection.2.11.7}{\376\377\000T\000o\000s\000s\000i\000n\000g\000\040\000C\000o\000i\000n\000s}{section.2.11}% 197
\BOOKMARK [1][-]{section.2.12}{\376\377\000S\000t\000o\000p\000\040\000a\000n\000d\000\040\000T\000h\000i\000n\000k\000:\000\040\000R\000a\000n\000d\000o\000m\000\040\000W\000a\000l\000k\000s\000\040\000o\000n\000\040\000a\000\040\000P\000a\000t\000h}{chapter.2}% 198
\BOOKMARK [2][-]{subsection.2.12.1}{\376\377\000U\000n\000d\000e\000r\000s\000t\000a\000n\000d\000i\000n\000g\000\040\000B\000a\000l\000l\000s\000\040\000a\000n\000d\000\040\000B\000i\000n\000s}{section.2.12}% 199
\BOOKMARK [2][-]{subsection.2.12.2}{\376\377\000T\000h\000e\000\040\000C\000o\000u\000p\000o\000n\000\040\000C\000o\000l\000l\000e\000c\000t\000o\000r\000'\000s\000\040\000P\000r\000o\000b\000l\000e\000m}{section.2.12}% 200
\BOOKMARK [1][-]{section.2.13}{\376\377\000S\000t\000o\000p\000\040\000a\000n\000d\000\040\000T\000h\000i\000n\000k\000:\000\040\000C\000o\000v\000e\000r\000i\000n\000g\000\040\000T\000i\000m\000e\000\040\000f\000o\000r\000\040\000K\000n}{chapter.2}% 201
\BOOKMARK [2][-]{subsection.2.13.1}{\376\377\000W\000h\000y\000\040\000i\000s\000\040\000H\000a\000s\000h\000i\000n\000g\000\040\000a\000\040\000R\000a\000n\000d\000o\000m\000i\000z\000e\000d\000\040\000A\000l\000g\000o\000r\000i\000t\000h\000m\000?}{section.2.13}% 202
\BOOKMARK [2][-]{subsection.2.13.2}{\376\377\000B\000l\000o\000o\000m\000\040\000F\000i\000l\000t\000e\000r\000s}{section.2.13}% 203
\BOOKMARK [2][-]{subsection.2.13.3}{\376\377\000T\000h\000e\000\040\000B\000i\000r\000t\000h\000d\000a\000y\000\040\000P\000a\000r\000a\000d\000o\000x\000\040\000a\000n\000d\000\040\000P\000e\000r\000f\000e\000c\000t\000\040\000H\000a\000s\000h\000i\000n\000g}{section.2.13}% 204
\BOOKMARK [2][-]{subsection.2.13.4}{\376\377\000M\000i\000n\000w\000i\000s\000e\000\040\000H\000a\000s\000h\000i\000n\000g}{section.2.13}% 205
\BOOKMARK [1][-]{section.2.14}{\376\377\000S\000t\000o\000p\000\040\000a\000n\000d\000\040\000T\000h\000i\000n\000k\000:\000\040\000E\000s\000t\000i\000m\000a\000t\000i\000n\000g\000\040\000P\000o\000p\000u\000l\000a\000t\000i\000o\000n\000\040\000S\000i\000z\000e}{chapter.2}% 206
\BOOKMARK [2][-]{subsection.2.14.1}{\376\377\000E\000f\000f\000i\000c\000i\000e\000n\000t\000\040\000S\000t\000r\000i\000n\000g\000\040\000M\000a\000t\000c\000h\000i\000n\000g}{section.2.14}% 207
\BOOKMARK [2][-]{subsection.2.14.2}{\376\377\000P\000r\000i\000m\000a\000l\000i\000t\000y\000\040\000T\000e\000s\000t\000i\000n\000g}{section.2.14}% 208
\BOOKMARK [2][-]{subsection.2.14.3}{\376\377\000W\000a\000r\000\040\000S\000t\000o\000r\000y\000:\000\040\000G\000i\000v\000i\000n\000g\000\040\000K\000n\000u\000t\000h\000\040\000t\000h\000e\000\040\000M\000i\000d\000d\000l\000e\000\040\000I\000n\000i\000t\000i\000a\000l}{section.2.14}% 209
\BOOKMARK [2][-]{subsection.2.14.4}{\376\377\000W\000h\000e\000r\000e\000\040\000d\000o\000\040\000R\000a\000n\000d\000o\000m\000\040\000N\000u\000m\000b\000e\000r\000s\000\040\000C\000o\000m\000e\000\040\000F\000r\000o\000m\000?}{section.2.14}% 210
\BOOKMARK [1][-]{section.2.15}{\376\377\000H\000a\000s\000h\000i\000n\000g}{chapter.2}% 211
\BOOKMARK [1][-]{section.2.16}{\376\377\000R\000a\000n\000d\000o\000m\000i\000z\000e\000d\000\040\000A\000l\000g\000o\000r\000i\000t\000h\000m\000s}{chapter.2}% 212
\BOOKMARK [0][-]{chapter.3}{\376\377\000G\000r\000a\000p\000h\000\040\000T\000r\000a\000v\000e\000r\000s\000a\000l}{}% 213
\BOOKMARK [1][-]{section.3.1}{\376\377\000F\000l\000a\000v\000o\000r\000s\000\040\000o\000f\000\040\000G\000r\000a\000p\000h\000s}{chapter.3}% 214
\BOOKMARK [2][-]{subsection.3.1.1}{\376\377\000T\000h\000e\000\040\000F\000r\000i\000e\000n\000d\000s\000h\000i\000p\000\040\000G\000r\000a\000p\000h}{section.3.1}% 215
\BOOKMARK [2][-]{subsection.3.1.2}{\376\377\000D\000a\000t\000a\000\040\000S\000t\000r\000u\000c\000t\000u\000r\000e\000s\000\040\000f\000o\000r\000\040\000G\000r\000a\000p\000h\000s}{section.3.1}% 216
\BOOKMARK [2][-]{subsection.3.1.3}{\376\377\000W\000a\000r\000\040\000S\000t\000o\000r\000y\000:\000\040\000I\000\040\000w\000a\000s\000\040\000a\000\040\000V\000i\000c\000t\000i\000m\000\040\000o\000f\000\040\000M\000o\000o\000r\000e\000'\000s\000\040\000L\000a\000w}{section.3.1}% 217
\BOOKMARK [2][-]{subsection.3.1.4}{\376\377\000W\000a\000r\000\040\000S\000t\000o\000r\000y\000:\000\040\000G\000e\000t\000t\000i\000n\000g\000\040\000t\000h\000e\000\040\000G\000r\000a\000p\000h}{section.3.1}% 218
\BOOKMARK [2][-]{subsection.3.1.5}{\376\377\000T\000r\000a\000v\000e\000r\000s\000i\000n\000g\000\040\000a\000\040\000G\000r\000a\000p\000h}{section.3.1}% 219
\BOOKMARK [2][-]{subsection.3.1.6}{\376\377\000B\000r\000e\000a\000d\000t\000h\000-\000F\000i\000r\000s\000t\000\040\000S\000e\000a\000r\000c\000h}{section.3.1}% 220
\BOOKMARK [1][-]{section.3.2}{\376\377\000I\000m\000p\000l\000e\000m\000e\000n\000t\000a\000t\000i\000o\000n}{chapter.3}% 221
\BOOKMARK [2][-]{subsection.3.2.1}{\376\377\000E\000x\000p\000l\000o\000i\000t\000i\000n\000g\000\040\000T\000r\000a\000v\000e\000r\000s\000a\000l}{section.3.2}% 222
\BOOKMARK [2][-]{subsection.3.2.2}{\376\377\000F\000i\000n\000d\000i\000n\000g\000\040\000P\000a\000t\000h\000s}{section.3.2}% 223
\BOOKMARK [2][-]{subsection.3.2.3}{\376\377\000A\000p\000p\000l\000i\000c\000a\000t\000i\000o\000n\000s\000\040\000o\000f\000\040\000B\000r\000e\000a\000d\000t\000h\000-\000F\000i\000r\000s\000t\000\040\000S\000e\000a\000r\000c\000h}{section.3.2}% 224
\BOOKMARK [2][-]{subsection.3.2.4}{\376\377\000C\000o\000n\000n\000e\000c\000t\000e\000d\000\040\000C\000o\000m\000p\000o\000n\000e\000n\000t\000s}{section.3.2}% 225
\BOOKMARK [2][-]{subsection.3.2.5}{\376\377\000T\000w\000o\000-\000C\000o\000l\000o\000r\000i\000n\000g\000\040\000G\000r\000a\000p\000h\000s}{section.3.2}% 226
\BOOKMARK [2][-]{subsection.3.2.6}{\376\377\000D\000e\000p\000t\000h\000-\000F\000i\000r\000s\000t\000\040\000S\000e\000a\000r\000c\000h}{section.3.2}% 227
\BOOKMARK [2][-]{subsection.3.2.7}{\376\377\000A\000p\000p\000l\000i\000c\000a\000t\000i\000o\000n\000s\000\040\000o\000f\000\040\000D\000e\000p\000t\000h\000-\000F\000i\000r\000s\000t\000\040\000S\000e\000a\000r\000c\000h}{section.3.2}% 228
\BOOKMARK [2][-]{subsection.3.2.8}{\376\377\000F\000i\000n\000d\000i\000n\000g\000\040\000C\000y\000c\000l\000e\000s}{section.3.2}% 229
\BOOKMARK [2][-]{subsection.3.2.9}{\376\377\000A\000r\000t\000i\000c\000u\000l\000a\000t\000i\000o\000n\000\040\000V\000e\000r\000t\000i\000c\000e\000s}{section.3.2}% 230
\BOOKMARK [2][-]{subsection.3.2.10}{\376\377\000D\000e\000p\000t\000h\000-\000F\000i\000r\000s\000t\000\040\000S\000e\000a\000r\000c\000h\000\040\000o\000n\000\040\000D\000i\000r\000e\000c\000t\000e\000d\000\040\000G\000r\000a\000p\000h\000s}{section.3.2}% 231
\BOOKMARK [2][-]{subsection.3.2.11}{\376\377\000T\000o\000p\000o\000l\000o\000g\000i\000c\000a\000l\000\040\000S\000o\000r\000t\000i\000n\000g}{section.3.2}% 232
\BOOKMARK [2][-]{subsection.3.2.12}{\376\377\000S\000t\000r\000o\000n\000g\000l\000y\000\040\000C\000o\000n\000n\000e\000c\000t\000e\000d\000\040\000C\000o\000m\000p\000o\000n\000e\000n\000t\000s}{section.3.2}% 233
\BOOKMARK [1][-]{section.3.3}{\376\377\000C\000h\000a\000p\000t\000e\000r\000\040\000N\000o\000t\000e\000s}{chapter.3}% 234
\BOOKMARK [2][-]{subsection.3.3.1}{\376\377\000E\000x\000e\000r\000c\000i\000s\000e\000s}{section.3.3}% 235
\BOOKMARK [1][-]{section.3.4}{\376\377\000S\000i\000m\000u\000l\000a\000t\000i\000n\000g\000\040\000G\000r\000a\000p\000h\000\040\000A\000l\000g\000o\000r\000i\000t\000h\000m\000s}{chapter.3}% 236
\BOOKMARK [1][-]{section.3.5}{\376\377\000T\000r\000a\000v\000e\000r\000s\000a\000l}{chapter.3}% 237
\BOOKMARK [1][-]{section.3.6}{\376\377\000A\000p\000p\000l\000i\000c\000a\000t\000i\000o\000n\000s}{chapter.3}% 238
\BOOKMARK [1][-]{section.3.7}{\376\377\000A\000l\000g\000o\000r\000i\000t\000h\000m\000\040\000D\000e\000s\000i\000g\000n}{chapter.3}% 239
\BOOKMARK [1][-]{section.3.8}{\376\377\000D\000i\000r\000e\000c\000t\000e\000d\000\040\000G\000r\000a\000p\000h\000s}{chapter.3}% 240
\BOOKMARK [1][-]{section.3.9}{\376\377\000I\000n\000t\000e\000r\000v\000i\000e\000w\000\040\000P\000r\000o\000b\000l\000e\000m\000s}{chapter.3}% 241
\BOOKMARK [1][-]{section.3.10}{\376\377\000L\000e\000e\000t\000C\000o\000d\000e}{chapter.3}% 242
\BOOKMARK [1][-]{section.3.11}{\376\377\000H\000a\000c\000k\000e\000r\000R\000a\000n\000k}{chapter.3}% 243
\BOOKMARK [1][-]{section.3.12}{\376\377\000P\000r\000o\000g\000r\000a\000m\000m\000i\000n\000g\000\040\000C\000h\000a\000l\000l\000e\000n\000g\000e\000s}{chapter.3}% 244
\BOOKMARK [0][-]{chapter.4}{\376\377\000W\000e\000i\000g\000h\000t\000e\000d\000\040\000G\000r\000a\000p\000h\000\040\000A\000l\000g\000o\000r\000i\000t\000h\000m\000s}{}% 245
\BOOKMARK [1][-]{section.4.1}{\376\377\000M\000i\000n\000i\000m\000u\000m\000\040\000S\000p\000a\000n\000n\000i\000n\000g\000\040\000T\000r\000e\000e\000s}{chapter.4}% 246
\BOOKMARK [2][-]{subsection.4.1.1}{\376\377\000P\000r\000i\000m\000'\000s\000\040\000A\000l\000g\000o\000r\000i\000t\000h\000m}{section.4.1}% 247
\BOOKMARK [1][-]{section.4.2}{\376\377\000P\000r\000i\000m\000-\000M\000S\000T\000\050\000G\000\051}{chapter.4}% 248
\BOOKMARK [1][-]{section.4.3}{\376\377\000I\000m\000p\000l\000e\000m\000e\000n\000t\000a\000t\000i\000o\000n}{chapter.4}% 249
\BOOKMARK [1][-]{section.4.4}{\376\377\000A\000n\000a\000l\000y\000s\000i\000s}{chapter.4}% 250
\BOOKMARK [2][-]{subsection.4.4.1}{\376\377\000K\000r\000u\000s\000k\000a\000l\000'\000s\000\040\000A\000l\000g\000o\000r\000i\000t\000h\000m}{section.4.4}% 251
\BOOKMARK [2][-]{subsection.4.4.2}{\376\377\000T\000h\000e\000\040\000U\000n\000i\000o\000n\040\023\000F\000i\000n\000d\000\040\000D\000a\000t\000a\000\040\000S\000t\000r\000u\000c\000t\000u\000r\000e}{section.4.4}% 252
\BOOKMARK [2][-]{subsection.4.4.3}{\376\377\000V\000a\000r\000i\000a\000t\000i\000o\000n\000s\000\040\000o\000n\000\040\000M\000i\000n\000i\000m\000u\000m\000\040\000S\000p\000a\000n\000n\000i\000n\000g\000\040\000T\000r\000e\000e\000s}{section.4.4}% 253
\BOOKMARK [2][-]{subsection.4.4.4}{\376\377\000W\000a\000r\000\040\000S\000t\000o\000r\000y\000:\000\040\000N\000o\000t\000h\000i\000n\000g\000\040\000b\000u\000t\000\040\000N\000e\000t\000s}{section.4.4}% 254
\BOOKMARK [2][-]{subsection.4.4.5}{\376\377\000S\000h\000o\000r\000t\000e\000s\000t\000\040\000P\000a\000t\000h\000s}{section.4.4}% 255
\BOOKMARK [2][-]{subsection.4.4.6}{\376\377\000D\000i\000j\000k\000s\000t\000r\000a\000'\000s\000\040\000A\000l\000g\000o\000r\000i\000t\000h\000m}{section.4.4}% 256
\BOOKMARK [1][-]{section.4.5}{\376\377\000S\000t\000o\000p\000\040\000a\000n\000d\000\040\000T\000h\000i\000n\000k\000:\000\040\000S\000h\000o\000r\000t\000e\000s\000t\000\040\000P\000a\000t\000h\000\040\000w\000i\000t\000h\000\040\000N\000o\000d\000e\000\040\000C\000o\000s\000t\000s}{chapter.4}% 257
\BOOKMARK [2][-]{subsection.4.5.1}{\376\377\000A\000l\000l\000-\000P\000a\000i\000r\000s\000\040\000S\000h\000o\000r\000t\000e\000s\000t\000\040\000P\000a\000t\000h}{section.4.5}% 258
\BOOKMARK [2][-]{subsection.4.5.2}{\376\377\000T\000r\000a\000n\000s\000i\000t\000i\000v\000e\000\040\000C\000l\000o\000s\000u\000r\000e}{section.4.5}% 259
\BOOKMARK [2][-]{subsection.4.5.3}{\376\377\000W\000a\000r\000\040\000S\000t\000o\000r\000y\000:\000\040\000D\000i\000a\000l\000i\000n\000g\000\040\000f\000o\000r\000\040\000D\000o\000c\000u\000m\000e\000n\000t\000s}{section.4.5}% 260
\BOOKMARK [2][-]{subsection.4.5.4}{\376\377\000N\000e\000t\000w\000o\000r\000k\000\040\000F\000l\000o\000w\000s\000\040\000a\000n\000d\000\040\000B\000i\000p\000a\000r\000t\000i\000t\000e\000\040\000M\000a\000t\000c\000h\000i\000n\000g}{section.4.5}% 261
\BOOKMARK [2][-]{subsection.4.5.5}{\376\377\000B\000i\000p\000a\000r\000t\000i\000t\000e\000\040\000M\000a\000t\000c\000h\000i\000n\000g}{section.4.5}% 262
\BOOKMARK [2][-]{subsection.4.5.6}{\376\377\000C\000o\000m\000p\000u\000t\000i\000n\000g\000\040\000N\000e\000t\000w\000o\000r\000k\000\040\000F\000l\000o\000w\000s}{section.4.5}% 263
\BOOKMARK [2][-]{subsection.4.5.7}{\376\377\000R\000a\000n\000d\000o\000m\000i\000z\000e\000d\000\040\000M\000i\000n\000-\000C\000u\000t}{section.4.5}% 264
\BOOKMARK [2][-]{subsection.4.5.8}{\376\377\000D\000e\000s\000i\000g\000n\000\040\000G\000r\000a\000p\000h\000s\000,\000\040\000N\000o\000t\000\040\000A\000l\000g\000o\000r\000i\000t\000h\000m\000s}{section.4.5}% 265
\BOOKMARK [1][-]{section.4.6}{\376\377\000S\000t\000o\000p\000\040\000a\000n\000d\000\040\000T\000h\000i\000n\000k\000:\000\040\000T\000h\000e\000\040\000P\000i\000n\000k\000\040\000P\000a\000n\000t\000h\000e\000r\000'\000s\000\040\000P\000a\000s\000s\000p\000o\000r\000t\000\040\000t\000o\000\040\000P\000e\000r\000i\000l}{chapter.4}% 266
\BOOKMARK [1][-]{section.4.7}{\376\377\000S\000t\000o\000p\000\040\000a\000n\000d\000\040\000T\000h\000i\000n\000k\000:\000\040\000O\000r\000d\000e\000r\000i\000n\000g\000\040\000t\000h\000e\000\040\000S\000e\000q\000u\000e\000n\000c\000e}{chapter.4}% 267
\BOOKMARK [1][-]{section.4.8}{\376\377\000S\000t\000o\000p\000\040\000a\000n\000d\000\040\000T\000h\000i\000n\000k\000:\000\040\000B\000u\000c\000k\000e\000t\000i\000n\000g\000\040\000R\000e\000c\000t\000a\000n\000g\000l\000e\000s}{chapter.4}% 268
\BOOKMARK [1][-]{section.4.9}{\376\377\000S\000t\000o\000p\000\040\000a\000n\000d\000\040\000T\000h\000i\000n\000k\000:\000\040\000N\000a\000m\000e\000s\000\040\000i\000n\000\040\000C\000o\000l\000l\000i\000s\000i\000o\000n}{chapter.4}% 269
\BOOKMARK [1][-]{section.4.10}{\376\377\000S\000t\000o\000p\000\040\000a\000n\000d\000\040\000T\000h\000i\000n\000k\000:\000\040\000S\000e\000p\000a\000r\000a\000t\000e\000\040\000t\000h\000e\000\040\000T\000e\000x\000t}{chapter.4}% 270
\BOOKMARK [1][-]{section.4.11}{\376\377\000C\000h\000a\000p\000t\000e\000r\000\040\000N\000o\000t\000e\000s}{chapter.4}% 271
\BOOKMARK [2][-]{subsection.4.11.1}{\376\377\000E\000x\000e\000r\000c\000i\000s\000e\000s}{section.4.11}% 272
\BOOKMARK [1][-]{section.4.12}{\376\377\000S\000i\000m\000u\000l\000a\000t\000i\000n\000g\000\040\000G\000r\000a\000p\000h\000\040\000A\000l\000g\000o\000r\000i\000t\000h\000m\000s}{chapter.4}% 273
\BOOKMARK [1][-]{section.4.13}{\376\377\000U\000n\000i\000o\000n\040\023\000F\000i\000n\000d}{chapter.4}% 274
\BOOKMARK [1][-]{section.4.14}{\376\377\000N\000e\000t\000w\000o\000r\000k\000\040\000F\000l\000o\000w\000\040\000a\000n\000d\000\040\000M\000a\000t\000c\000h\000i\000n\000g}{chapter.4}% 275
\BOOKMARK [1][-]{section.4.15}{\376\377\000L\000e\000e\000t\000C\000o\000d\000e}{chapter.4}% 276
\BOOKMARK [1][-]{section.4.16}{\376\377\000H\000a\000c\000k\000e\000r\000R\000a\000n\000k}{chapter.4}% 277
\BOOKMARK [1][-]{section.4.17}{\376\377\000P\000r\000o\000g\000r\000a\000m\000m\000i\000n\000g\000\040\000C\000h\000a\000l\000l\000e\000n\000g\000e\000s}{chapter.4}% 278
\BOOKMARK [1][-]{section.4.18}{\376\377\000C\000h\000a\000p\000t\000e\000r\000\040\0009}{chapter.4}% 279
\BOOKMARK [1][-]{section.4.19}{\376\377\000C\000o\000m\000b\000i\000n\000a\000t\000o\000r\000i\000a\000l\000\040\000S\000e\000a\000r\000c\000h}{chapter.4}% 280
\BOOKMARK [2][-]{subsection.4.19.1}{\376\377\000B\000a\000c\000k\000t\000r\000a\000c\000k\000i\000n\000g}{section.4.19}% 281
\BOOKMARK [2][-]{subsection.4.19.2}{\376\377\000E\000x\000a\000m\000p\000l\000e\000s\000\040\000o\000f\000\040\000B\000a\000c\000k\000t\000r\000a\000c\000k\000i\000n\000g}{section.4.19}% 282
\BOOKMARK [2][-]{subsection.4.19.3}{\376\377\000C\000o\000n\000s\000t\000r\000u\000c\000t\000i\000n\000g\000\040\000A\000l\000l\000\040\000S\000u\000b\000s\000e\000t\000s}{section.4.19}% 283
\BOOKMARK [2][-]{subsection.4.19.4}{\376\377\000C\000o\000n\000s\000t\000r\000u\000c\000t\000i\000n\000g\000\040\000A\000l\000l\000\040\000P\000e\000r\000m\000u\000t\000a\000t\000i\000o\000n\000s}{section.4.19}% 284
\BOOKMARK [2][-]{subsection.4.19.5}{\376\377\000C\000o\000n\000s\000t\000r\000u\000c\000t\000i\000n\000g\000\040\000A\000l\000l\000\040\000P\000a\000t\000h\000s\000\040\000i\000n\000\040\000a\000\040\000G\000r\000a\000p\000h}{section.4.19}% 285
\BOOKMARK [2][-]{subsection.4.19.6}{\376\377\000S\000e\000a\000r\000c\000h\000\040\000P\000r\000u\000n\000i\000n\000g}{section.4.19}% 286
\BOOKMARK [2][-]{subsection.4.19.7}{\376\377\000S\000u\000d\000o\000k\000u}{section.4.19}% 287
\BOOKMARK [2][-]{subsection.4.19.8}{\376\377\000W\000a\000r\000\040\000S\000t\000o\000r\000y\000:\000\040\000C\000o\000v\000e\000r\000i\000n\000g\000\040\000C\000h\000e\000s\000s\000b\000o\000a\000r\000d\000s}{section.4.19}% 288
\BOOKMARK [2][-]{subsection.4.19.9}{\376\377\000B\000e\000s\000t\000-\000F\000i\000r\000s\000t\000\040\000S\000e\000a\000r\000c\000h}{section.4.19}% 289
\BOOKMARK [2][-]{subsection.4.19.10}{\376\377\000T\000h\000e\000\040\000A\000*\000\040\000H\000e\000u\000r\000i\000s\000t\000i\000c}{section.4.19}% 290
\BOOKMARK [1][-]{section.4.20}{\376\377\000P\000e\000r\000m\000u\000t\000a\000t\000i\000o\000n\000s}{chapter.4}% 291
\BOOKMARK [1][-]{section.4.21}{\376\377\000G\000a\000m\000e\000s\000\040\000a\000n\000d\000\040\000P\000u\000z\000z\000l\000e\000s}{chapter.4}% 292
\BOOKMARK [1][-]{section.4.22}{\376\377\000C\000o\000m\000b\000i\000n\000a\000t\000o\000r\000i\000a\000l\000\040\000O\000p\000t\000i\000m\000i\000z\000a\000t\000i\000o\000n}{chapter.4}% 293
\BOOKMARK [1][-]{section.4.23}{\376\377\000I\000n\000t\000e\000r\000v\000i\000e\000w\000\040\000P\000r\000o\000b\000l\000e\000m\000s}{chapter.4}% 294
\BOOKMARK [1][-]{section.4.24}{\376\377\000D\000y\000n\000a\000m\000i\000c\000\040\000P\000r\000o\000g\000r\000a\000m\000m\000i\000n\000g}{chapter.4}% 295
\BOOKMARK [2][-]{subsection.4.24.1}{\376\377\000C\000a\000c\000h\000i\000n\000g\000\040\000v\000s\000.\000\040\000C\000o\000m\000p\000u\000t\000a\000t\000i\000o\000n}{section.4.24}% 296
\BOOKMARK [2][-]{subsection.4.24.2}{\376\377\000F\000i\000b\000o\000n\000a\000c\000c\000i\000\040\000N\000u\000m\000b\000e\000r\000s\000\040\000b\000y\000\040\000R\000e\000c\000u\000r\000s\000i\000o\000n}{section.4.24}% 297
\BOOKMARK [2][-]{subsection.4.24.3}{\376\377\000F\000i\000b\000o\000n\000a\000c\000c\000i\000\040\000N\000u\000m\000b\000e\000r\000s\000\040\000b\000y\000\040\000C\000a\000c\000h\000i\000n\000g}{section.4.24}% 298
\BOOKMARK [2][-]{subsection.4.24.4}{\376\377\000F\000i\000b\000o\000n\000a\000c\000c\000i\000\040\000N\000u\000m\000b\000e\000r\000s\000\040\000b\000y\000\040\000D\000y\000n\000a\000m\000i\000c\000\040\000P\000r\000o\000g\000r\000a\000m\000m\000i\000n\000g}{section.4.24}% 299
\BOOKMARK [2][-]{subsection.4.24.5}{\376\377\000B\000i\000n\000o\000m\000i\000a\000l\000\040\000C\000o\000e\000f\000f\000i\000c\000i\000e\000n\000t\000s}{section.4.24}% 300
\BOOKMARK [2][-]{subsection.4.24.6}{\376\377\000A\000p\000p\000r\000o\000x\000i\000m\000a\000t\000e\000\040\000S\000t\000r\000i\000n\000g\000\040\000M\000a\000t\000c\000h\000i\000n\000g}{section.4.24}% 301
\BOOKMARK [2][-]{subsection.4.24.7}{\376\377\000E\000d\000i\000t\000\040\000D\000i\000s\000t\000a\000n\000c\000e\000\040\000b\000y\000\040\000R\000e\000c\000u\000r\000s\000i\000o\000n}{section.4.24}% 302
\BOOKMARK [2][-]{subsection.4.24.8}{\376\377\000E\000d\000i\000t\000\040\000D\000i\000s\000t\000a\000n\000c\000e\000\040\000b\000y\000\040\000D\000y\000n\000a\000m\000i\000c\000\040\000P\000r\000o\000g\000r\000a\000m\000m\000i\000n\000g}{section.4.24}% 303
\BOOKMARK [2][-]{subsection.4.24.9}{\376\377\000R\000e\000c\000o\000n\000s\000t\000r\000u\000c\000t\000i\000n\000g\000\040\000t\000h\000e\000\040\000P\000a\000t\000h}{section.4.24}% 304
\BOOKMARK [2][-]{subsection.4.24.10}{\376\377\000V\000a\000r\000i\000e\000t\000i\000e\000s\000\040\000o\000f\000\040\000E\000d\000i\000t\000\040\000D\000i\000s\000t\000a\000n\000c\000e}{section.4.24}% 305
\BOOKMARK [2][-]{subsection.4.24.11}{\376\377\000L\000o\000n\000g\000e\000s\000t\000\040\000I\000n\000c\000r\000e\000a\000s\000i\000n\000g\000\040\000S\000u\000b\000s\000e\000q\000u\000e\000n\000c\000e}{section.4.24}% 306
\BOOKMARK [2][-]{subsection.4.24.12}{\376\377\000W\000a\000r\000\040\000S\000t\000o\000r\000y\000:\000\040\000T\000e\000x\000t\000\040\000C\000o\000m\000p\000r\000e\000s\000s\000i\000o\000n\000\040\000f\000o\000r\000\040\000B\000a\000r\000\040\000C\000o\000d\000e\000s}{section.4.24}% 307
\BOOKMARK [2][-]{subsection.4.24.13}{\376\377\000U\000n\000o\000r\000d\000e\000r\000e\000d\000\040\000P\000a\000r\000t\000i\000t\000i\000o\000n\000\040\000o\000r\000\040\000S\000u\000b\000s\000e\000t\000\040\000S\000u\000m}{section.4.24}% 308
\BOOKMARK [2][-]{subsection.4.24.14}{\376\377\000W\000a\000r\000\040\000S\000t\000o\000r\000y\000:\000\040\000T\000h\000e\000\040\000B\000a\000l\000a\000n\000c\000e\000\040\000o\000f\000\040\000P\000o\000w\000e\000r}{section.4.24}% 309
\BOOKMARK [2][-]{subsection.4.24.15}{\376\377\000T\000h\000e\000\040\000O\000r\000d\000e\000r\000e\000d\000\040\000P\000a\000r\000t\000i\000t\000i\000o\000n\000\040\000P\000r\000o\000b\000l\000e\000m}{section.4.24}% 310
\BOOKMARK [2][-]{subsection.4.24.16}{\376\377\000P\000a\000r\000s\000i\000n\000g\000\040\000C\000o\000n\000t\000e\000x\000t\000-\000F\000r\000e\000e\000\040\000G\000r\000a\000m\000m\000a\000r\000s}{section.4.24}% 311
\BOOKMARK [1][-]{section.4.25}{\376\377\000S\000t\000o\000p\000\040\000a\000n\000d\000\040\000T\000h\000i\000n\000k\000:\000\040\000P\000a\000r\000s\000i\000m\000o\000n\000i\000o\000u\000s\000\040\000P\000a\000r\000s\000e\000r\000i\000z\000a\000t\000i\000o\000n}{chapter.4}% 312
\BOOKMARK [2][-]{subsection.4.25.1}{\376\377\000L\000i\000m\000i\000t\000a\000t\000i\000o\000n\000s\000\040\000o\000f\000\040\000D\000y\000n\000a\000m\000i\000c\000\040\000P\000r\000o\000g\000r\000a\000m\000m\000i\000n\000g\000:\000\040\000T\000S\000P}{section.4.25}% 313
\BOOKMARK [2][-]{subsection.4.25.2}{\376\377\000W\000h\000e\000n\000\040\000i\000s\000\040\000D\000y\000n\000a\000m\000i\000c\000\040\000P\000r\000o\000g\000r\000a\000m\000m\000i\000n\000g\000\040\000C\000o\000r\000r\000e\000c\000t\000?}{section.4.25}% 314
\BOOKMARK [2][-]{subsection.4.25.3}{\376\377\000W\000h\000e\000n\000\040\000i\000s\000\040\000D\000y\000n\000a\000m\000i\000c\000\040\000P\000r\000o\000g\000r\000a\000m\000m\000i\000n\000g\000\040\000E\000f\000f\000i\000c\000i\000e\000n\000t\000?}{section.4.25}% 315
\BOOKMARK [2][-]{subsection.4.25.4}{\376\377\000W\000a\000r\000\040\000S\000t\000o\000r\000y\000:\000\040\000W\000h\000a\000t\000'\000s\000\040\000P\000a\000s\000t\000\040\000i\000s\000\040\000P\000r\000o\000l\000o\000g}{section.4.25}% 316
\BOOKMARK [1][-]{section.4.26}{\376\377\000E\000l\000e\000m\000e\000n\000t\000a\000r\000y\000\040\000R\000e\000c\000u\000r\000r\000e\000n\000c\000e\000s}{chapter.4}% 317
\BOOKMARK [1][-]{section.4.27}{\376\377\000E\000d\000i\000t\000\040\000D\000i\000s\000t\000a\000n\000c\000e}{chapter.4}% 318
\BOOKMARK [1][-]{section.4.28}{\376\377\000G\000r\000e\000e\000d\000y\000\040\000A\000l\000g\000o\000r\000i\000t\000h\000m\000s}{chapter.4}% 319
\BOOKMARK [1][-]{section.4.29}{\376\377\000N\000u\000m\000b\000e\000r\000\040\000P\000r\000o\000b\000l\000e\000m\000s}{chapter.4}% 320
\BOOKMARK [1][-]{section.4.30}{\376\377\000G\000r\000a\000p\000h\000\040\000P\000r\000o\000b\000l\000e\000m\000s}{chapter.4}% 321
\BOOKMARK [1][-]{section.4.31}{\376\377\000D\000e\000s\000i\000g\000n\000\040\000P\000r\000o\000b\000l\000e\000m\000s}{chapter.4}% 322
\BOOKMARK [1][-]{section.4.32}{\376\377\000N\000P\000-\000C\000o\000m\000p\000l\000e\000t\000e\000n\000e\000s\000s}{chapter.4}% 323
\BOOKMARK [2][-]{subsection.4.32.1}{\376\377\000P\000r\000o\000b\000l\000e\000m\000s\000\040\000a\000n\000d\000\040\000R\000e\000d\000u\000c\000t\000i\000o\000n\000s}{section.4.32}% 324
\BOOKMARK [2][-]{subsection.4.32.2}{\376\377\000T\000h\000e\000\040\000K\000e\000y\000\040\000I\000d\000e\000a}{section.4.32}% 325
\BOOKMARK [2][-]{subsection.4.32.3}{\376\377\000D\000e\000c\000i\000s\000i\000o\000n\000\040\000P\000r\000o\000b\000l\000e\000m\000s}{section.4.32}% 326
\BOOKMARK [2][-]{subsection.4.32.4}{\376\377\000R\000e\000d\000u\000c\000t\000i\000o\000n\000s\000\040\000f\000o\000r\000\040\000A\000l\000g\000o\000r\000i\000t\000h\000m\000s}{section.4.32}% 327
\BOOKMARK [2][-]{subsection.4.32.5}{\376\377\000C\000l\000o\000s\000e\000s\000t\000\040\000P\000a\000i\000r}{section.4.32}% 328
\BOOKMARK [2][-]{subsection.4.32.6}{\376\377\000L\000e\000a\000s\000t\000\040\000C\000o\000m\000m\000o\000n\000\040\000M\000u\000l\000t\000i\000p\000l\000e}{section.4.32}% 329
\BOOKMARK [1][-]{section.4.33}{\376\377\000P\000r\000o\000b\000l\000e\000m\000:\000\040\000L\000e\000a\000s\000t\000\040\000C\000o\000m\000m\000o\000n\000\040\000M\000u\000l\000t\000i\000p\000l\000e\000\040\000\050\000l\000c\000m\000\051}{chapter.4}% 330
\BOOKMARK [2][-]{subsection.4.33.1}{\376\377\000C\000o\000n\000v\000e\000x\000\040\000H\000u\000l\000l\000\040\000\050\000*\000\051}{section.4.33}% 331
\BOOKMARK [1][-]{section.4.34}{\376\377\000P\000r\000o\000b\000l\000e\000m\000:\000\040\000C\000o\000n\000v\000e\000x\000\040\000H\000u\000l\000l}{chapter.4}% 332
\BOOKMARK [2][-]{subsection.4.34.1}{\376\377\000E\000l\000e\000m\000e\000n\000t\000a\000r\000y\000\040\000H\000a\000r\000d\000n\000e\000s\000s\000\040\000R\000e\000d\000u\000c\000t\000i\000o\000n\000s}{section.4.34}% 333
\BOOKMARK [2][-]{subsection.4.34.2}{\376\377\000H\000a\000m\000i\000l\000t\000o\000n\000i\000a\000n\000\040\000C\000y\000c\000l\000e}{section.4.34}% 334
\BOOKMARK [1][-]{section.4.35}{\376\377\000P\000r\000o\000b\000l\000e\000m\000:\000\040\000H\000a\000m\000i\000l\000t\000o\000n\000i\000a\000n\000\040\000C\000y\000c\000l\000e}{chapter.4}% 335
\BOOKMARK [2][-]{subsection.4.35.1}{\376\377\000I\000n\000d\000e\000p\000e\000n\000d\000e\000n\000t\000\040\000S\000e\000t\000\040\000a\000n\000d\000\040\000V\000e\000r\000t\000e\000x\000\040\000C\000o\000v\000e\000r}{section.4.35}% 336
\BOOKMARK [1][-]{section.4.36}{\376\377\000P\000r\000o\000b\000l\000e\000m\000:\000\040\000V\000e\000r\000t\000e\000x\000\040\000C\000o\000v\000e\000r}{chapter.4}% 337
\BOOKMARK [1][-]{section.4.37}{\376\377\000S\000t\000o\000p\000\040\000a\000n\000d\000\040\000T\000h\000i\000n\000k\000:\000\040\000H\000a\000r\000d\000n\000e\000s\000s\000\040\000o\000f\000\040\000G\000e\000n\000e\000r\000a\000l\000\040\000M\000o\000v\000i\000e\000\040\000S\000c\000h\000e\000d\000u\000l\000i\000n\000g}{chapter.4}% 338
\BOOKMARK [1][-]{section.4.38}{\376\377\000P\000r\000o\000b\000l\000e\000m\000:\000\040\000G\000e\000n\000e\000r\000a\000l\000\040\000M\000o\000v\000i\000e\000\040\000S\000c\000h\000e\000d\000u\000l\000i\000n\000g\000\040\000D\000e\000c\000i\000s\000i\000o\000n\000\040\000P\000r\000o\000b\000l\000e\000m}{chapter.4}% 339
\BOOKMARK [2][-]{subsection.4.38.1}{\376\377\000C\000l\000i\000q\000u\000e}{section.4.38}% 340
\BOOKMARK [2][-]{subsection.4.38.2}{\376\377\000S\000a\000t\000i\000s\000f\000i\000a\000b\000i\000l\000i\000t\000y}{section.4.38}% 341
\BOOKMARK [2][-]{subsection.4.38.3}{\376\377\0003\000-\000S\000a\000t\000i\000s\000f\000i\000a\000b\000i\000l\000i\000t\000y}{section.4.38}% 342
\BOOKMARK [2][-]{subsection.4.38.4}{\376\377\000C\000r\000e\000a\000t\000i\000v\000e\000\040\000R\000e\000d\000u\000c\000t\000i\000o\000n\000s\000\040\000f\000r\000o\000m\000\040\000S\000A\000T}{section.4.38}% 343
\BOOKMARK [2][-]{subsection.4.38.5}{\376\377\000V\000e\000r\000t\000e\000x\000\040\000C\000o\000v\000e\000r}{section.4.38}% 344
\BOOKMARK [2][-]{subsection.4.38.6}{\376\377\000I\000n\000t\000e\000g\000e\000r\000\040\000P\000r\000o\000g\000r\000a\000m\000m\000i\000n\000g}{section.4.38}% 345
\BOOKMARK [2][-]{subsection.4.38.7}{\376\377\000T\000h\000e\000\040\000A\000r\000t\000\040\000o\000f\000\040\000P\000r\000o\000v\000i\000n\000g\000\040\000H\000a\000r\000d\000n\000e\000s\000s}{section.4.38}% 346
\BOOKMARK [2][-]{subsection.4.38.8}{\376\377\000W\000a\000r\000\040\000S\000t\000o\000r\000y\000:\000\040\000H\000a\000r\000d\000\040\000A\000g\000a\000i\000n\000s\000t\000\040\000t\000h\000e\000\040\000C\000l\000o\000c\000k}{section.4.38}% 347
\BOOKMARK [1][-]{section.4.39}{\376\377\000P\000r\000o\000b\000l\000e\000m\000:\000\040\000I\000n\000e\000q\000u\000i\000v\000a\000l\000e\000n\000c\000e\000\040\000o\000f\000\040\000P\000r\000o\000g\000r\000a\000m\000s\000\040\000w\000i\000t\000h\000\040\000A\000s\000s\000i\000g\000n\000m\000e\000n\000t\000s}{chapter.4}% 348
\BOOKMARK [2][-]{subsection.4.39.1}{\376\377\000W\000a\000r\000\040\000S\000t\000o\000r\000y\000:\000\040\000A\000n\000d\000\040\000T\000h\000e\000n\000\040\000I\000\040\000F\000a\000i\000l\000e\000d}{section.4.39}% 349
\BOOKMARK [2][-]{subsection.4.39.2}{\376\377\000P\000\040\000v\000s\000.\000\040\000N\000P}{section.4.39}% 350
\BOOKMARK [2][-]{subsection.4.39.3}{\376\377\000V\000e\000r\000i\000f\000i\000c\000a\000t\000i\000o\000n\000\040\000v\000s\000.\000\040\000D\000i\000s\000c\000o\000v\000e\000r\000y}{section.4.39}% 351
\BOOKMARK [2][-]{subsection.4.39.4}{\376\377\000T\000h\000e\000\040\000C\000l\000a\000s\000s\000e\000s\000\040\000P\000\040\000a\000n\000d\000\040\000N\000P}{section.4.39}% 352
\BOOKMARK [2][-]{subsection.4.39.5}{\376\377\000W\000h\000y\000\040\000S\000a\000t\000i\000s\000f\000i\000a\000b\000i\000l\000i\000t\000y\000\040\000i\000s\000\040\000H\000a\000r\000d}{section.4.39}% 353
\BOOKMARK [2][-]{subsection.4.39.6}{\376\377\000N\000P\000-\000h\000a\000r\000d\000\040\000v\000s\000.\000\040\000N\000P\000-\000c\000o\000m\000p\000l\000e\000t\000e\000?}{section.4.39}% 354
\BOOKMARK [1][-]{section.4.40}{\376\377\000T\000r\000a\000n\000s\000f\000o\000r\000m\000a\000t\000i\000o\000n\000s\000\040\000a\000n\000d\000\040\000S\000a\000t\000i\000s\000f\000i\000a\000b\000i\000l\000i\000t\000y}{chapter.4}% 355
\BOOKMARK [1][-]{section.4.41}{\376\377\000B\000a\000s\000i\000c\000\040\000R\000e\000d\000u\000c\000t\000i\000o\000n\000s}{chapter.4}% 356
\BOOKMARK [1][-]{section.4.42}{\376\377\000C\000r\000e\000a\000t\000i\000v\000e\000\040\000R\000e\000d\000u\000c\000t\000i\000o\000n\000s}{chapter.4}% 357
\BOOKMARK [1][-]{section.4.43}{\376\377\000A\000l\000g\000o\000r\000i\000t\000h\000m\000s\000\040\000f\000o\000r\000\040\000S\000p\000e\000c\000i\000a\000l\000\040\000C\000a\000s\000e\000s}{chapter.4}% 358
\BOOKMARK [0][-]{ch