\BOOKMARK [0][-]{chapter.1}{\376\377\000C\000o\000n\000t\000e\000n\000t\000s}{}% 1
\BOOKMARK [0][-]{chapter.2}{\376\377\000I\000n\000t\000r\000o\000d\000u\000c\000t\000i\000o\000n}{}% 2
\BOOKMARK [1][-]{section.2.1}{\376\377\000W\000h\000a\000t\000\040\000I\000s\000\040\000A\000r\000t\000i\000f\000i\000c\000i\000a\000l\000\040\000I\000n\000t\000e\000l\000l\000i\000g\000e\000n\000c\000e\000?}{chapter.2}% 3
\BOOKMARK [2][-]{subsection.2.1.1}{\376\377\000B\000r\000a\000i\000n\000\040\000S\000c\000i\000e\000n\000c\000e\000\040\000a\000n\000d\000\040\000P\000r\000o\000b\000l\000e\000m\000\040\000S\000o\000l\000v\000i\000n\000g}{section.2.1}% 4
\BOOKMARK [2][-]{subsection.2.1.2}{\376\377\000T\000h\000e\000\040\000T\000u\000r\000i\000n\000g\000\040\000T\000e\000s\000t\000\040\000a\000n\000d\000\040\000C\000h\000a\000t\000t\000e\000r\000b\000o\000t\000s}{section.2.1}% 5
\BOOKMARK [1][-]{section.2.2}{\376\377\000T\000h\000e\000\040\000H\000i\000s\000t\000o\000r\000y\000\040\000o\000f\000\040\000A\000I}{chapter.2}% 6
\BOOKMARK [2][-]{subsection.2.2.1}{\376\377\000T\000h\000e\000\040\000F\000i\000r\000s\000t\000\040\000B\000e\000g\000i\000n\000n\000i\000n\000g\000s}{section.2.2}% 7
\BOOKMARK [2][-]{subsection.2.2.2}{\376\377\000L\000o\000g\000i\000c\000\040\000S\000o\000l\000v\000e\000s\000\040\000\050\000A\000l\000m\000o\000s\000t\000\051\000\040\000A\000l\000l\000\040\000P\000r\000o\000b\000l\000e\000m\000s}{section.2.2}% 8
\BOOKMARK [2][-]{subsection.2.2.3}{\376\377\000T\000h\000e\000\040\000N\000e\000w\000\040\000C\000o\000n\000n\000e\000c\000t\000i\000o\000n\000i\000s\000m}{section.2.2}% 9
\BOOKMARK [2][-]{subsection.2.2.4}{\376\377\000R\000e\000a\000s\000o\000n\000i\000n\000g\000\040\000U\000n\000d\000e\000r\000\040\000U\000n\000c\000e\000r\000t\000a\000i\000n\000t\000y}{section.2.2}% 10
\BOOKMARK [2][-]{subsection.2.2.5}{\376\377\000D\000i\000s\000t\000r\000i\000b\000u\000t\000e\000d\000,\000\040\000A\000u\000t\000o\000n\000o\000m\000o\000u\000s\000\040\000a\000n\000d\000\040\000L\000e\000a\000r\000n\000i\000n\000g\000\040\000A\000g\000e\000n\000t\000s}{section.2.2}% 11
\BOOKMARK [2][-]{subsection.2.2.6}{\376\377\000T\000h\000e\000\040\000A\000I\000\040\000R\000e\000v\000o\000l\000u\000t\000i\000o\000n}{section.2.2}% 12
\BOOKMARK [1][-]{section.2.3}{\376\377\000A\000I\000\040\000a\000n\000d\000\040\000S\000o\000c\000i\000e\000t\000y}{chapter.2}% 13
\BOOKMARK [2][-]{subsection.2.3.1}{\376\377\000A\000I\000\040\000a\000n\000d\000\040\000T\000r\000a\000n\000s\000p\000o\000r\000t\000a\000t\000i\000o\000n}{section.2.3}% 14
\BOOKMARK [2][-]{subsection.2.3.2}{\376\377\000S\000e\000r\000v\000i\000c\000e\000\040\000R\000o\000b\000o\000t\000i\000c\000s}{section.2.3}% 15
\BOOKMARK [1][-]{section.2.4}{\376\377\000A\000g\000e\000n\000t\000s}{chapter.2}% 16
\BOOKMARK [1][-]{section.2.5}{\376\377\000K\000n\000o\000w\000l\000e\000d\000g\000e\000-\000B\000a\000s\000e\000d\000\040\000S\000y\000s\000t\000e\000m\000s}{chapter.2}% 17
\BOOKMARK [1][-]{section.2.6}{\376\377\000E\000x\000e\000r\000c\000i\000s\000e\000s}{chapter.2}% 18
\BOOKMARK [0][-]{chapter.3}{\376\377\000P\000r\000o\000p\000o\000s\000i\000t\000i\000o\000n\000a\000l\000\040\000L\000o\000g\000i\000c}{}% 19
\BOOKMARK [1][-]{section.3.1}{\376\377\000S\000y\000n\000t\000a\000x}{chapter.3}% 20
\BOOKMARK [1][-]{section.3.2}{\376\377\000S\000e\000m\000a\000n\000t\000i\000c\000s}{chapter.3}% 21
\BOOKMARK [1][-]{section.3.3}{\376\377\000P\000r\000o\000o\000f\000\040\000S\000y\000s\000t\000e\000m\000s}{chapter.3}% 22
\BOOKMARK [1][-]{section.3.4}{\376\377\000R\000e\000s\000o\000l\000u\000t\000i\000o\000n}{chapter.3}% 23
\BOOKMARK [1][-]{section.3.5}{\376\377\000H\000o\000r\000n\000\040\000C\000l\000a\000u\000s\000e\000s}{chapter.3}% 24
\BOOKMARK [1][-]{section.3.6}{\376\377\000C\000o\000m\000p\000u\000t\000a\000b\000i\000l\000i\000t\000y\000\040\000a\000n\000d\000\040\000C\000o\000m\000p\000l\000e\000x\000i\000t\000y}{chapter.3}% 25
\BOOKMARK [1][-]{section.3.7}{\376\377\000A\000p\000p\000l\000i\000c\000a\000t\000i\000o\000n\000s\000\040\000a\000n\000d\000\040\000L\000i\000m\000i\000t\000a\000t\000i\000o\000n\000s}{chapter.3}% 26
\BOOKMARK [1][-]{section.3.8}{\376\377\000E\000x\000e\000r\000c\000i\000s\000e\000s}{chapter.3}% 27
\BOOKMARK [0][-]{chapter.4}{\376\377\000F\000i\000r\000s\000t\000-\000o\000r\000d\000e\000r\000\040\000P\000r\000e\000d\000i\000c\000a\000t\000e\000\040\000L\000o\000g\000i\000c}{}% 28
\BOOKMARK [1][-]{section.4.1}{\376\377\000S\000y\000n\000t\000a\000x}{chapter.4}% 29
\BOOKMARK [1][-]{section.4.2}{\376\377\000S\000e\000m\000a\000n\000t\000i\000c\000s}{chapter.4}% 30
\BOOKMARK [2][-]{subsection.4.2.1}{\376\377\000E\000q\000u\000a\000l\000i\000t\000y}{section.4.2}% 31
\BOOKMARK [1][-]{section.4.3}{\376\377\000Q\000u\000a\000n\000t\000i\000f\000i\000e\000r\000s\000\040\000a\000n\000d\000\040\000N\000o\000r\000m\000a\000l\000\040\000F\000o\000r\000m\000s}{chapter.4}% 32
\BOOKMARK [1][-]{section.4.4}{\376\377\000P\000r\000o\000o\000f\000\040\000C\000a\000l\000c\000u\000l\000i}{chapter.4}% 33
\BOOKMARK [1][-]{section.4.5}{\376\377\000R\000e\000s\000o\000l\000u\000t\000i\000o\000n}{chapter.4}% 34
\BOOKMARK [2][-]{subsection.4.5.1}{\376\377\000R\000e\000s\000o\000l\000u\000t\000i\000o\000n\000\040\000S\000t\000r\000a\000t\000e\000g\000i\000e\000s}{section.4.5}% 35
\BOOKMARK [2][-]{subsection.4.5.2}{\376\377\000E\000q\000u\000a\000l\000i\000t\000y}{section.4.5}% 36
\BOOKMARK [1][-]{section.4.6}{\376\377\000A\000u\000t\000o\000m\000a\000t\000e\000d\000\040\000T\000h\000e\000o\000r\000e\000m\000\040\000P\000r\000o\000v\000e\000r\000s}{chapter.4}% 37
\BOOKMARK [1][-]{section.4.7}{\376\377\000M\000a\000t\000h\000e\000m\000a\000t\000i\000c\000a\000l\000\040\000E\000x\000a\000m\000p\000l\000e\000s}{chapter.4}% 38
\BOOKMARK [1][-]{section.4.8}{\376\377\000A\000p\000p\000l\000i\000c\000a\000t\000i\000o\000n\000s}{chapter.4}% 39
\BOOKMARK [1][-]{section.4.9}{\376\377\000S\000u\000m\000m\000a\000r\000y}{chapter.4}% 40
\BOOKMARK [1][-]{section.4.10}{\376\377\000E\000x\000e\000r\000c\000i\000s\000e\000s}{chapter.4}% 41
\BOOKMARK [0][-]{chapter.5}{\376\377\000L\000i\000m\000i\000t\000a\000t\000i\000o\000n\000s\000\040\000o\000f\000\040\000L\000o\000g\000i\000c}{}% 42
\BOOKMARK [1][-]{section.5.1}{\376\377\000T\000h\000e\000\040\000S\000e\000a\000r\000c\000h\000\040\000S\000p\000a\000c\000e\000\040\000P\000r\000o\000b\000l\000e\000m}{chapter.5}% 43
\BOOKMARK [1][-]{section.5.2}{\376\377\000D\000e\000c\000i\000d\000a\000b\000i\000l\000i\000t\000y\000\040\000a\000n\000d\000\040\000I\000n\000c\000o\000m\000p\000l\000e\000t\000e\000n\000e\000s\000s}{chapter.5}% 44
\BOOKMARK [1][-]{section.5.3}{\376\377\000T\000h\000e\000\040\000F\000l\000y\000i\000n\000g\000\040\000P\000e\000n\000g\000u\000i\000n}{chapter.5}% 45
\BOOKMARK [1][-]{section.5.4}{\376\377\000M\000o\000d\000e\000l\000i\000n\000g\000\040\000U\000n\000c\000e\000r\000t\000a\000i\000n\000t\000y}{chapter.5}% 46
\BOOKMARK [1][-]{section.5.5}{\376\377\000E\000x\000e\000r\000c\000i\000s\000e\000s}{chapter.5}% 47
\BOOKMARK [0][-]{chapter.6}{\376\377\000L\000o\000g\000i\000c\000\040\000P\000r\000o\000g\000r\000a\000m\000m\000i\000n\000g\000\040\000w\000i\000t\000h\000\040\000P\000R\000O\000L\000O\000G}{}% 48
\BOOKMARK [1][-]{section.6.1}{\376\377\000P\000R\000O\000L\000O\000G\000\040\000S\000y\000s\000t\000e\000m\000s\000\040\000a\000n\000d\000\040\000I\000m\000p\000l\000e\000m\000e\000n\000t\000a\000t\000i\000o\000n\000s}{chapter.6}% 49
\BOOKMARK [1][-]{section.6.2}{\376\377\000S\000i\000m\000p\000l\000e\000\040\000E\000x\000a\000m\000p\000l\000e\000s}{chapter.6}% 50
\BOOKMARK [1][-]{section.6.3}{\376\377\000E\000x\000e\000c\000u\000t\000i\000o\000n\000\040\000C\000o\000n\000t\000r\000o\000l\000\040\000a\000n\000d\000\040\000P\000r\000o\000c\000e\000d\000u\000r\000a\000l\000\040\000E\000l\000e\000m\000e\000n\000t\000s}{chapter.6}% 51
\BOOKMARK [1][-]{section.6.4}{\376\377\000L\000i\000s\000t\000s}{chapter.6}% 52
\BOOKMARK [1][-]{section.6.5}{\376\377\000S\000e\000l\000f\000-\000m\000o\000d\000i\000f\000y\000i\000n\000g\000\040\000P\000r\000o\000g\000r\000a\000m\000s}{chapter.6}% 53
\BOOKMARK [1][-]{section.6.6}{\376\377\000A\000\040\000P\000l\000a\000n\000n\000i\000n\000g\000\040\000E\000x\000a\000m\000p\000l\000e}{chapter.6}% 54
\BOOKMARK [1][-]{section.6.7}{\376\377\000C\000o\000n\000s\000t\000r\000a\000i\000n\000t\000\040\000L\000o\000g\000i\000c\000\040\000P\000r\000o\000g\000r\000a\000m\000m\000i\000n\000g}{chapter.6}% 55
\BOOKMARK [1][-]{section.6.8}{\376\377\000S\000u\000m\000m\000a\000r\000y}{chapter.6}% 56
\BOOKMARK [1][-]{section.6.9}{\376\377\000E\000x\000e\000r\000c\000i\000s\000e\000s}{chapter.6}% 57
\BOOKMARK [0][-]{chapter.7}{\376\377\000S\000e\000a\000r\000c\000h\000,\000\040\000G\000a\000m\000e\000s\000\040\000a\000n\000d\000\040\000P\000r\000o\000b\000l\000e\000m\000\040\000S\000o\000l\000v\000i\000n\000g}{}% 58
\BOOKMARK [1][-]{section.7.1}{\376\377\000I\000n\000t\000r\000o\000d\000u\000c\000t\000i\000o\000n}{chapter.7}% 59
\BOOKMARK [1][-]{section.7.2}{\376\377\000U\000n\000i\000n\000f\000o\000r\000m\000e\000d\000\040\000S\000e\000a\000r\000c\000h}{chapter.7}% 60
\BOOKMARK [2][-]{subsection.7.2.1}{\376\377\000B\000r\000e\000a\000d\000t\000h\000-\000F\000i\000r\000s\000t\000\040\000S\000e\000a\000r\000c\000h}{section.7.2}% 61
\BOOKMARK [2][-]{subsection.7.2.2}{\376\377\000D\000e\000p\000t\000h\000-\000F\000i\000r\000s\000t\000\040\000S\000e\000a\000r\000c\000h}{section.7.2}% 62
\BOOKMARK [2][-]{subsection.7.2.3}{\376\377\000I\000t\000e\000r\000a\000t\000i\000v\000e\000\040\000D\000e\000e\000p\000e\000n\000i\000n\000g}{section.7.2}% 63
\BOOKMARK [2][-]{subsection.7.2.4}{\376\377\000C\000o\000m\000p\000a\000r\000i\000s\000o\000n}{section.7.2}% 64
\BOOKMARK [2][-]{subsection.7.2.5}{\376\377\000C\000y\000c\000l\000e\000\040\000C\000h\000e\000c\000k}{section.7.2}% 65
\BOOKMARK [1][-]{section.7.3}{\376\377\000H\000e\000u\000r\000i\000s\000t\000i\000c\000\040\000S\000e\000a\000r\000c\000h}{chapter.7}% 66
\BOOKMARK [2][-]{subsection.7.3.1}{\376\377\000G\000r\000e\000e\000d\000y\000\040\000S\000e\000a\000r\000c\000h}{section.7.3}% 67
\BOOKMARK [2][-]{subsection.7.3.2}{\376\377\000E\000m\000p\000i\000r\000i\000c\000a\000l\000\040\000C\000o\000m\000p\000a\000r\000i\000s\000o\000n\000\040\000o\000f\000\040\000t\000h\000e\000\040\000S\000e\000a\000r\000c\000h\000\040\000A\000l\000g\000o\000r\000i\000t\000h\000m\000s}{section.7.3}% 68
\BOOKMARK [2][-]{subsection.7.3.3}{\376\377\000S\000u\000m\000m\000a\000r\000y}{section.7.3}% 69
\BOOKMARK [1][-]{section.7.4}{\376\377\000G\000a\000m\000e\000s\000\040\000w\000i\000t\000h\000\040\000O\000p\000p\000o\000n\000e\000n\000t\000s}{chapter.7}% 70
\BOOKMARK [2][-]{subsection.7.4.1}{\376\377\000M\000i\000n\000i\000m\000a\000x\000\040\000S\000e\000a\000r\000c\000h}{section.7.4}% 71
\BOOKMARK [2][-]{subsection.7.4.2}{\376\377\000A\000l\000p\000h\000a\000-\000B\000e\000t\000a\000-\000P\000r\000u\000n\000i\000n\000g}{section.7.4}% 72
\BOOKMARK [2][-]{subsection.7.4.3}{\376\377\000N\000o\000n\000-\000d\000e\000t\000e\000r\000m\000i\000n\000i\000s\000t\000i\000c\000\040\000G\000a\000m\000e\000s}{section.7.4}% 73
\BOOKMARK [1][-]{section.7.5}{\376\377\000H\000e\000u\000r\000i\000s\000t\000i\000c\000\040\000E\000v\000a\000l\000u\000a\000t\000i\000o\000n\000\040\000F\000u\000n\000c\000t\000i\000o\000n\000s}{chapter.7}% 74
\BOOKMARK [2][-]{subsection.7.5.1}{\376\377\000L\000e\000a\000r\000n\000i\000n\000g\000\040\000o\000f\000\040\000H\000e\000u\000r\000i\000s\000t\000i\000c\000s}{section.7.5}% 75
\BOOKMARK [1][-]{section.7.6}{\376\377\000S\000t\000a\000t\000e\000\040\000o\000f\000\040\000t\000h\000e\000\040\000A\000r\000t}{chapter.7}% 76
\BOOKMARK [2][-]{subsection.7.6.1}{\376\377\000C\000h\000e\000s\000s}{section.7.6}% 77
\BOOKMARK [2][-]{subsection.7.6.2}{\376\377\000G\000o}{section.7.6}% 78
\BOOKMARK [1][-]{section.7.7}{\376\377\000E\000x\000e\000r\000c\000i\000s\000e\000s}{chapter.7}% 79
\BOOKMARK [0][-]{chapter.8}{\376\377\000R\000e\000a\000s\000o\000n\000i\000n\000g\000\040\000w\000i\000t\000h\000\040\000U\000n\000c\000e\000r\000t\000a\000i\000n\000t\000y}{}% 80
\BOOKMARK [1][-]{section.8.1}{\376\377\000C\000o\000m\000p\000u\000t\000i\000n\000g\000\040\000w\000i\000t\000h\000\040\000P\000r\000o\000b\000a\000b\000i\000l\000i\000t\000i\000e\000s}{chapter.8}% 81
\BOOKMARK [2][-]{subsection.8.1.1}{\376\377\000C\000o\000n\000d\000i\000t\000i\000o\000n\000a\000l\000\040\000P\000r\000o\000b\000a\000b\000i\000l\000i\000t\000y}{section.8.1}% 82
\BOOKMARK [1][-]{section.8.2}{\376\377\000T\000h\000e\000\040\000P\000r\000i\000n\000c\000i\000p\000l\000e\000\040\000o\000f\000\040\000M\000a\000x\000i\000m\000u\000m\000\040\000E\000n\000t\000r\000o\000p\000y}{chapter.8}% 83
\BOOKMARK [2][-]{subsection.8.2.1}{\376\377\000A\000n\000\040\000I\000n\000f\000e\000r\000e\000n\000c\000e\000\040\000R\000u\000l\000e\000\040\000f\000o\000r\000\040\000P\000r\000o\000b\000a\000b\000i\000l\000i\000t\000i\000e\000s}{section.8.2}% 84
\BOOKMARK [2][-]{subsection.8.2.2}{\376\377\000M\000a\000x\000i\000m\000u\000m\000\040\000E\000n\000t\000r\000o\000p\000y\000\040\000W\000i\000t\000h\000o\000u\000t\000\040\000E\000x\000p\000l\000i\000c\000i\000t\000\040\000C\000o\000n\000s\000t\000r\000a\000i\000n\000t\000s}{section.8.2}% 85
\BOOKMARK [2][-]{subsection.8.2.3}{\376\377\000C\000o\000n\000d\000i\000t\000i\000o\000n\000a\000l\000\040\000P\000r\000o\000b\000a\000b\000i\000l\000i\000t\000y\000\040\000V\000e\000r\000s\000u\000s\000\040\000M\000a\000t\000e\000r\000i\000a\000l\000\040\000I\000m\000p\000l\000i\000c\000a\000t\000i\000o\000n}{section.8.2}% 86
\BOOKMARK [2][-]{subsection.8.2.4}{\376\377\000M\000a\000x\000E\000n\000t\000-\000S\000y\000s\000t\000e\000m\000s}{section.8.2}% 87
\BOOKMARK [2][-]{subsection.8.2.5}{\376\377\000T\000h\000e\000\040\000T\000w\000e\000e\000t\000y\000\040\000E\000x\000a\000m\000p\000l\000e}{section.8.2}% 88
\BOOKMARK [1][-]{section.8.3}{\376\377\000L\000e\000x\000m\000e\000d\000,\000\040\000a\000n\000\040\000E\000x\000p\000e\000r\000t\000\040\000S\000y\000s\000t\000e\000m\000\040\000f\000o\000r\000\040\000D\000i\000a\000g\000n\000o\000s\000i\000n\000g\000\040\000A\000p\000p\000e\000n\000d\000i\000c\000i\000t\000i\000s}{chapter.8}% 89
\BOOKMARK [2][-]{subsection.8.3.1}{\376\377\000A\000p\000p\000e\000n\000d\000i\000c\000i\000t\000i\000s\000\040\000D\000i\000a\000g\000n\000o\000s\000i\000s\000\040\000w\000i\000t\000h\000\040\000F\000o\000r\000m\000a\000l\000\040\000M\000e\000t\000h\000o\000d\000s}{section.8.3}% 90
\BOOKMARK [2][-]{subsection.8.3.2}{\376\377\000H\000y\000b\000r\000i\000d\000\040\000P\000r\000o\000b\000a\000b\000i\000l\000i\000s\000t\000i\000c\000\040\000K\000n\000o\000w\000l\000e\000d\000g\000e\000\040\000B\000a\000s\000e}{section.8.3}% 91
\BOOKMARK [2][-]{subsection.8.3.3}{\376\377\000A\000p\000p\000l\000i\000c\000a\000t\000i\000o\000n\000\040\000o\000f\000\040\000L\000e\000x\000m\000e\000d}{section.8.3}% 92
\BOOKMARK [2][-]{subsection.8.3.4}{\376\377\000F\000u\000n\000c\000t\000i\000o\000n\000\040\000o\000f\000\040\000L\000e\000x\000m\000e\000d}{section.8.3}% 93
\BOOKMARK [2][-]{subsection.8.3.5}{\376\377\000R\000i\000s\000k\000\040\000M\000a\000n\000a\000g\000e\000m\000e\000n\000t\000\040\000U\000s\000i\000n\000g\000\040\000t\000h\000e\000\040\000C\000o\000s\000t\000\040\000M\000a\000t\000r\000i\000x}{section.8.3}% 94
\BOOKMARK [2][-]{subsection.8.3.6}{\376\377\000P\000e\000r\000f\000o\000r\000m\000a\000n\000c\000e}{section.8.3}% 95
\BOOKMARK [2][-]{subsection.8.3.7}{\376\377\000A\000p\000p\000l\000i\000c\000a\000t\000i\000o\000n\000\040\000A\000r\000e\000a\000s\000\040\000a\000n\000d\000\040\000E\000x\000p\000e\000r\000i\000e\000n\000c\000e\000s}{section.8.3}% 96
\BOOKMARK [1][-]{section.8.4}{\376\377\000R\000e\000a\000s\000o\000n\000i\000n\000g\000\040\000w\000i\000t\000h\000\040\000B\000a\000y\000e\000s\000i\000a\000n\000\040\000N\000e\000t\000w\000o\000r\000k\000s}{chapter.8}% 97
\BOOKMARK [2][-]{subsection.8.4.1}{\376\377\000I\000n\000d\000e\000p\000e\000n\000d\000e\000n\000t\000\040\000V\000a\000r\000i\000a\000b\000l\000e\000s}{section.8.4}% 98
\BOOKMARK [2][-]{subsection.8.4.2}{\376\377\000G\000r\000a\000p\000h\000i\000c\000a\000l\000\040\000R\000e\000p\000r\000e\000s\000e\000n\000t\000a\000t\000i\000o\000n\000\040\000o\000f\000\040\000K\000n\000o\000w\000l\000e\000d\000g\000e\000\040\000a\000s\000\040\000a\000\040\000B\000a\000y\000e\000s\000i\000a\000n\000\040\000N\000e\000t\000w\000o\000r\000k}{section.8.4}% 99
\BOOKMARK [2][-]{subsection.8.4.3}{\376\377\000C\000o\000n\000d\000i\000t\000i\000o\000n\000a\000l\000\040\000I\000n\000d\000e\000p\000e\000n\000d\000e\000n\000c\000e}{section.8.4}% 100
\BOOKMARK [2][-]{subsection.8.4.4}{\376\377\000P\000r\000a\000c\000t\000i\000c\000a\000l\000\040\000A\000p\000p\000l\000i\000c\000a\000t\000i\000o\000n}{section.8.4}% 101
\BOOKMARK [2][-]{subsection.8.4.5}{\376\377\000S\000o\000f\000t\000w\000a\000r\000e\000\040\000f\000o\000r\000\040\000B\000a\000y\000e\000s\000i\000a\000n\000\040\000N\000e\000t\000w\000o\000r\000k\000s}{section.8.4}% 102
\BOOKMARK [2][-]{subsection.8.4.6}{\376\377\000D\000e\000v\000e\000l\000o\000p\000m\000e\000n\000t\000\040\000o\000f\000\040\000B\000a\000y\000e\000s\000i\000a\000n\000\040\000N\000e\000t\000w\000o\000r\000k\000s}{section.8.4}% 103
\BOOKMARK [2][-]{subsection.8.4.7}{\376\377\000S\000e\000m\000a\000n\000t\000i\000c\000s\000\040\000o\000f\000\040\000B\000a\000y\000e\000s\000i\000a\000n\000\040\000N\000e\000t\000w\000o\000r\000k\000s}{section.8.4}% 104
\BOOKMARK [1][-]{section.8.5}{\376\377\000S\000u\000m\000m\000a\000r\000y}{chapter.8}% 105
\BOOKMARK [1][-]{section.8.6}{\376\377\000E\000x\000e\000r\000c\000i\000s\000e\000s}{chapter.8}% 106
\BOOKMARK [0][-]{chapter.9}{\376\377\000M\000a\000c\000h\000i\000n\000e\000\040\000L\000e\000a\000r\000n\000i\000n\000g\000\040\000a\000n\000d\000\040\000D\000a\000t\000a\000\040\000M\000i\000n\000i\000n\000g}{}% 107
\BOOKMARK [1][-]{section.9.1}{\376\377\000D\000a\000t\000a\000\040\000A\000n\000a\000l\000y\000s\000i\000s}{chapter.9}% 108
\BOOKMARK [2][-]{subsection.9.1.1}{\376\377\000T\000h\000e\000\040\000L\000e\000a\000r\000n\000i\000n\000g\000\040\000R\000u\000l\000e}{section.9.1}% 109
\BOOKMARK [2][-]{subsection.9.1.2}{\376\377\000O\000p\000t\000i\000m\000i\000z\000a\000t\000i\000o\000n\000\040\000a\000n\000d\000\040\000O\000u\000t\000l\000o\000o\000k}{section.9.1}% 110
\BOOKMARK [1][-]{section.9.2}{\376\377\000T\000h\000e\000\040\000N\000e\000a\000r\000e\000s\000t\000\040\000N\000e\000i\000g\000h\000b\000o\000r\000\040\000M\000e\000t\000h\000o\000d}{chapter.9}% 111
\BOOKMARK [2][-]{subsection.9.2.1}{\376\377\000T\000w\000o\000\040\000C\000l\000a\000s\000s\000e\000s\000,\000\040\000M\000a\000n\000y\000\040\000C\000l\000a\000s\000s\000e\000s\000,\000\040\000A\000p\000p\000r\000o\000x\000i\000m\000a\000t\000i\000o\000n}{section.9.2}% 112
\BOOKMARK [2][-]{subsection.9.2.2}{\376\377\000D\000i\000s\000t\000a\000n\000c\000e\000\040\000I\000s\000\040\000R\000e\000l\000e\000v\000a\000n\000t}{section.9.2}% 113
\BOOKMARK [2][-]{subsection.9.2.3}{\376\377\000C\000o\000m\000p\000u\000t\000a\000t\000i\000o\000n\000\040\000T\000i\000m\000e\000s}{section.9.2}% 114
\BOOKMARK [2][-]{subsection.9.2.4}{\376\377\000S\000u\000m\000m\000a\000r\000y\000\040\000a\000n\000d\000\040\000O\000u\000t\000l\000o\000o\000k}{section.9.2}% 115
\BOOKMARK [2][-]{subsection.9.2.5}{\376\377\000C\000a\000s\000e\000-\000B\000a\000s\000e\000d\000\040\000R\000e\000a\000s\000o\000n\000i\000n\000g}{section.9.2}% 116
\BOOKMARK [1][-]{section.9.3}{\376\377\000D\000e\000c\000i\000s\000i\000o\000n\000\040\000T\000r\000e\000e\000\040\000L\000e\000a\000r\000n\000i\000n\000g}{chapter.9}% 117
\BOOKMARK [2][-]{subsection.9.3.1}{\376\377\000A\000\040\000S\000i\000m\000p\000l\000e\000\040\000E\000x\000a\000m\000p\000l\000e}{section.9.3}% 118
\BOOKMARK [2][-]{subsection.9.3.2}{\376\377\000E\000n\000t\000r\000o\000p\000y\000\040\000a\000s\000\040\000a\000\040\000M\000e\000t\000r\000i\000c\000\040\000f\000o\000r\000\040\000I\000n\000f\000o\000r\000m\000a\000t\000i\000o\000n\000\040\000C\000o\000n\000t\000e\000n\000t}{section.9.3}% 119
\BOOKMARK [2][-]{subsection.9.3.3}{\376\377\000I\000n\000f\000o\000r\000m\000a\000t\000i\000o\000n\000\040\000G\000a\000i\000n}{section.9.3}% 120
\BOOKMARK [2][-]{subsection.9.3.4}{\376\377\000A\000p\000p\000l\000i\000c\000a\000t\000i\000o\000n\000\040\000o\000f\000\040\000C\0004\000.\0005}{section.9.3}% 121
\BOOKMARK [2][-]{subsection.9.3.5}{\376\377\000L\000e\000a\000r\000n\000i\000n\000g\000\040\000o\000f\000\040\000A\000p\000p\000e\000n\000d\000i\000c\000i\000t\000i\000s\000\040\000D\000i\000a\000g\000n\000o\000s\000i\000s}{section.9.3}% 122
\BOOKMARK [2][-]{subsection.9.3.6}{\376\377\000C\000o\000n\000t\000i\000n\000u\000o\000u\000s\000\040\000A\000t\000t\000r\000i\000b\000u\000t\000e\000s}{section.9.3}% 123
\BOOKMARK [2][-]{subsection.9.3.7}{\376\377\000M\000i\000s\000s\000i\000n\000g\000\040\000V\000a\000l\000u\000e\000s}{section.9.3}% 124
\BOOKMARK [2][-]{subsection.9.3.8}{\376\377\000S\000u\000m\000m\000a\000r\000y}{section.9.3}% 125
\BOOKMARK [1][-]{section.9.4}{\376\377\000C\000r\000o\000s\000s\000-\000V\000a\000l\000i\000d\000a\000t\000i\000o\000n\000\040\000a\000n\000d\000\040\000O\000v\000e\000r\000f\000i\000t\000t\000i\000n\000g}{chapter.9}% 126
\BOOKMARK [1][-]{section.9.5}{\376\377\000L\000e\000a\000r\000n\000i\000n\000g\000\040\000o\000f\000\040\000B\000a\000y\000e\000s\000i\000a\000n\000\040\000N\000e\000t\000w\000o\000r\000k\000s}{chapter.9}% 127
\BOOKMARK [2][-]{subsection.9.5.1}{\376\377\000L\000e\000a\000r\000n\000i\000n\000g\000\040\000t\000h\000e\000\040\000N\000e\000t\000w\000o\000r\000k\000\040\000S\000t\000r\000u\000c\000t\000u\000r\000e}{section.9.5}% 128
\BOOKMARK [1][-]{section.9.6}{\376\377\000T\000h\000e\000\040\000N\000a\000i\000v\000e\000\040\000B\000a\000y\000e\000s\000\040\000C\000l\000a\000s\000s\000i\000f\000i\000e\000r}{chapter.9}% 129
\BOOKMARK [2][-]{subsection.9.6.1}{\376\377\000T\000e\000x\000t\000\040\000C\000l\000a\000s\000s\000i\000f\000i\000c\000a\000t\000i\000o\000n\000\040\000w\000i\000t\000h\000\040\000N\000a\000i\000v\000e\000\040\000B\000a\000y\000e\000s}{section.9.6}% 130
\BOOKMARK [1][-]{section.9.7}{\376\377\000O\000n\000e\000-\000C\000l\000a\000s\000s\000\040\000L\000e\000a\000r\000n\000i\000n\000g}{chapter.9}% 131
\BOOKMARK [2][-]{subsection.9.7.1}{\376\377\000N\000e\000a\000r\000e\000s\000t\000\040\000N\000e\000i\000g\000h\000b\000o\000r\000\040\000D\000a\000t\000a\000\040\000D\000e\000s\000c\000r\000i\000p\000t\000i\000o\000n}{section.9.7}% 132
\BOOKMARK [1][-]{section.9.8}{\376\377\000C\000l\000u\000s\000t\000e\000r\000i\000n\000g}{chapter.9}% 133
\BOOKMARK [2][-]{subsection.9.8.1}{\376\377\000D\000i\000s\000t\000a\000n\000c\000e\000\040\000M\000e\000t\000r\000i\000c\000s}{section.9.8}% 134
\BOOKMARK [2][-]{subsection.9.8.2}{\376\377\000k\000-\000M\000e\000a\000n\000s\000\040\000a\000n\000d\000\040\000t\000h\000e\000\040\000E\000M\000\040\000A\000l\000g\000o\000r\000i\000t\000h\000m}{section.9.8}% 135
\BOOKMARK [2][-]{subsection.9.8.3}{\376\377\000H\000i\000e\000r\000a\000r\000c\000h\000i\000c\000a\000l\000\040\000C\000l\000u\000s\000t\000e\000r\000i\000n\000g}{section.9.8}% 136
\BOOKMARK [2][-]{subsection.9.8.4}{\376\377\000H\000o\000w\000\040\000i\000s\000\040\000t\000h\000e\000\040\000N\000u\000m\000b\000e\000r\000\040\000o\000f\000\040\000C\000l\000u\000s\000t\000e\000r\000s\000\040\000D\000e\000t\000e\000r\000m\000i\000n\000e\000d\000?}{section.9.8}% 137
\BOOKMARK [1][-]{section.9.9}{\376\377\000D\000a\000t\000a\000\040\000M\000i\000n\000i\000n\000g\000\040\000i\000n\000\040\000P\000r\000a\000c\000t\000i\000c\000e}{chapter.9}% 138
\BOOKMARK [2][-]{subsection.9.9.1}{\376\377\000T\000h\000e\000\040\000D\000a\000t\000a\000\040\000M\000i\000n\000i\000n\000g\000\040\000T\000o\000o\000l\000\040\000K\000N\000I\000M\000E}{section.9.9}% 139
\BOOKMARK [1][-]{section.9.10}{\376\377\000S\000u\000m\000m\000a\000r\000y}{chapter.9}% 140
\BOOKMARK [1][-]{section.9.11}{\376\377\000E\000x\000e\000r\000c\000i\000s\000e\000s}{chapter.9}% 141
\BOOKMARK [2][-]{subsection.9.11.1}{\376\377\000I\000n\000t\000r\000o\000d\000u\000c\000t\000i\000o\000n}{section.9.11}% 142
\BOOKMARK [2][-]{subsection.9.11.2}{\376\377\000T\000h\000e\000\040\000P\000e\000r\000c\000e\000p\000t\000r\000o\000n}{section.9.11}% 143
\BOOKMARK [2][-]{subsection.9.11.3}{\376\377\000N\000e\000a\000r\000e\000s\000t\000\040\000N\000e\000i\000g\000h\000b\000o\000r\000\040\000M\000e\000t\000h\000o\000d}{section.9.11}% 144
\BOOKMARK [2][-]{subsection.9.11.4}{\376\377\000D\000e\000c\000i\000s\000i\000o\000n\000\040\000T\000r\000e\000e\000s}{section.9.11}% 145
\BOOKMARK [2][-]{subsection.9.11.5}{\376\377\000L\000e\000a\000r\000n\000i\000n\000g\000\040\000o\000f\000\040\000B\000a\000y\000e\000s\000i\000a\000n\000\040\000N\000e\000t\000w\000o\000r\000k\000s}{section.9.11}% 146
\BOOKMARK [2][-]{subsection.9.11.6}{\376\377\000C\000l\000u\000s\000t\000e\000r\000i\000n\000g}{section.9.11}% 147
\BOOKMARK [2][-]{subsection.9.11.7}{\376\377\000D\000a\000t\000a\000\040\000M\000i\000n\000i\000n\000g}{section.9.11}% 148
\BOOKMARK [0][-]{chapter.10}{\376\377\000N\000e\000u\000r\000a\000l\000\040\000N\000e\000t\000w\000o\000r\000k\000s}{}% 149
\BOOKMARK [1][-]{section.10.1}{\376\377\000F\000r\000o\000m\000\040\000B\000i\000o\000l\000o\000g\000y\000\040\000t\000o\000\040\000S\000i\000m\000u\000l\000a\000t\000i\000o\000n}{chapter.10}% 150
\BOOKMARK [2][-]{subsection.10.1.1}{\376\377\000T\000h\000e\000\040\000M\000a\000t\000h\000e\000m\000a\000t\000i\000c\000a\000l\000\040\000M\000o\000d\000e\000l}{section.10.1}% 151
\BOOKMARK [1][-]{section.10.2}{\376\377\000H\000o\000p\000f\000i\000e\000l\000d\000\040\000N\000e\000t\000w\000o\000r\000k\000s}{chapter.10}% 152
\BOOKMARK [2][-]{subsection.10.2.1}{\376\377\000A\000p\000p\000l\000i\000c\000a\000t\000i\000o\000n\000\040\000t\000o\000\040\000a\000\040\000P\000a\000t\000t\000e\000r\000n\000\040\000R\000e\000c\000o\000g\000n\000i\000t\000i\000o\000n\000\040\000E\000x\000a\000m\000p\000l\000e}{section.10.2}% 153
\BOOKMARK [2][-]{subsection.10.2.2}{\376\377\000A\000n\000a\000l\000y\000s\000i\000s}{section.10.2}% 154
\BOOKMARK [2][-]{subsection.10.2.3}{\376\377\000S\000u\000m\000m\000a\000r\000y\000\040\000a\000n\000d\000\040\000O\000u\000t\000l\000o\000o\000k}{section.10.2}% 155
\BOOKMARK [1][-]{section.10.3}{\376\377\000N\000e\000u\000r\000a\000l\000\040\000A\000s\000s\000o\000c\000i\000a\000t\000i\000v\000e\000\040\000M\000e\000m\000o\000r\000y}{chapter.10}% 156
\BOOKMARK [2][-]{subsection.10.3.1}{\376\377\000C\000o\000r\000r\000e\000l\000a\000t\000i\000o\000n\000\040\000M\000a\000t\000r\000i\000x\000\040\000M\000e\000m\000o\000r\000y}{section.10.3}% 157
\BOOKMARK [2][-]{subsection.10.3.2}{\376\377\000T\000h\000e\000\040\000B\000i\000n\000a\000r\000y\000\040\000H\000e\000b\000b\000\040\000R\000u\000l\000e}{section.10.3}% 158
\BOOKMARK [2][-]{subsection.10.3.3}{\376\377\000A\000\040\000S\000p\000e\000l\000l\000i\000n\000g\000\040\000C\000o\000r\000r\000e\000c\000t\000i\000o\000n\000\040\000P\000r\000o\000g\000r\000a\000m}{section.10.3}% 159
\BOOKMARK [1][-]{section.10.4}{\376\377\000L\000i\000n\000e\000a\000r\000\040\000N\000e\000t\000w\000o\000r\000k\000s\000\040\000w\000i\000t\000h\000\040\000M\000i\000n\000i\000m\000a\000l\000\040\000E\000r\000r\000o\000r\000s}{chapter.10}% 160
\BOOKMARK [2][-]{subsection.10.4.1}{\376\377\000L\000e\000a\000s\000t\000\040\000S\000q\000u\000a\000r\000e\000s\000\040\000M\000e\000t\000h\000o\000d}{section.10.4}% 161
\BOOKMARK [2][-]{subsection.10.4.2}{\376\377\000A\000p\000p\000l\000i\000c\000a\000t\000i\000o\000n\000\040\000t\000o\000\040\000t\000h\000e\000\040\000A\000p\000p\000e\000n\000d\000i\000c\000i\000t\000i\000s\000\040\000D\000a\000t\000a}{section.10.4}% 162
\BOOKMARK [2][-]{subsection.10.4.3}{\376\377\000T\000h\000e\000\040\000D\000e\000l\000t\000a\000\040\000R\000u\000l\000e}{section.10.4}% 163
\BOOKMARK [2][-]{subsection.10.4.4}{\376\377\000C\000o\000m\000p\000a\000r\000i\000s\000o\000n\000\040\000t\000o\000\040\000t\000h\000e\000\040\000P\000e\000r\000c\000e\000p\000t\000r\000o\000n}{section.10.4}% 164
\BOOKMARK [1][-]{section.10.5}{\376\377\000T\000h\000e\000\040\000B\000a\000c\000k\000p\000r\000o\000p\000a\000g\000a\000t\000i\000o\000n\000\040\000A\000l\000g\000o\000r\000i\000t\000h\000m}{chapter.10}% 165
\BOOKMARK [2][-]{subsection.10.5.1}{\376\377\000N\000E\000T\000t\000a\000l\000k\000:\000\040\000A\000\040\000N\000e\000t\000w\000o\000r\000k\000\040\000L\000e\000a\000r\000n\000s\000\040\000t\000o\000\040\000S\000p\000e\000a\000k}{section.10.5}% 166
\BOOKMARK [2][-]{subsection.10.5.2}{\376\377\000L\000e\000a\000r\000n\000i\000n\000g\000\040\000o\000f\000\040\000H\000e\000u\000r\000i\000s\000t\000i\000c\000s\000\040\000f\000o\000r\000\040\000T\000h\000e\000o\000r\000e\000m\000\040\000P\000r\000o\000v\000e\000r\000s}{section.10.5}% 167
\BOOKMARK [2][-]{subsection.10.5.3}{\376\377\000P\000r\000o\000b\000l\000e\000m\000s\000\040\000a\000n\000d\000\040\000I\000m\000p\000r\000o\000v\000e\000m\000e\000n\000t\000s}{section.10.5}% 168
\BOOKMARK [1][-]{section.10.6}{\376\377\000S\000u\000p\000p\000o\000r\000t\000\040\000V\000e\000c\000t\000o\000r\000\040\000M\000a\000c\000h\000i\000n\000e\000s}{chapter.10}% 169
\BOOKMARK [1][-]{section.10.7}{\376\377\000D\000e\000e\000p\000\040\000L\000e\000a\000r\000n\000i\000n\000g}{chapter.10}% 170
\BOOKMARK [2][-]{subsection.10.7.1}{\376\377\000N\000a\000t\000u\000r\000e\000\040\000a\000s\000\040\000E\000x\000a\000m\000p\000l\000e}{section.10.7}% 171
\BOOKMARK [2][-]{subsection.10.7.2}{\376\377\000S\000t\000a\000c\000k\000e\000d\000\040\000D\000e\000n\000o\000i\000s\000i\000n\000g\000\040\000A\000u\000t\000o\000e\000n\000c\000o\000d\000e\000r}{section.10.7}% 172
\BOOKMARK [2][-]{subsection.10.7.3}{\376\377\000O\000t\000h\000e\000r\000\040\000M\000e\000t\000h\000o\000d\000s}{section.10.7}% 173
\BOOKMARK [2][-]{subsection.10.7.4}{\376\377\000S\000y\000s\000t\000e\000m\000s\000\040\000a\000n\000d\000\040\000I\000m\000p\000l\000e\000m\000e\000n\000t\000a\000t\000i\000o\000n\000s}{section.10.7}% 174
\BOOKMARK [2][-]{subsection.10.7.5}{\376\377\000A\000p\000p\000l\000i\000c\000a\000t\000i\000o\000n\000s\000\040\000o\000f\000\040\000D\000e\000e\000p\000\040\000L\000e\000a\000r\000n\000i\000n\000g}{section.10.7}% 175
\BOOKMARK [1][-]{section.10.8}{\376\377\000C\000r\000e\000a\000t\000i\000v\000i\000t\000y}{chapter.10}% 176
\BOOKMARK [1][-]{section.10.9}{\376\377\000A\000p\000p\000l\000i\000c\000a\000t\000i\000o\000n\000s\000\040\000o\000f\000\040\000N\000e\000u\000r\000a\000l\000\040\000N\000e\000t\000w\000o\000r\000k\000s}{chapter.10}% 177
\BOOKMARK [1][-]{section.10.10}{\376\377\000S\000u\000m\000m\000a\000r\000y\000\040\000a\000n\000d\000\040\000O\000u\000t\000l\000o\000o\000k}{chapter.10}% 178
\BOOKMARK [1][-]{section.10.11}{\376\377\000E\000x\000e\000r\000c\000i\000s\000e\000s}{chapter.10}% 179
\BOOKMARK [2][-]{subsection.10.11.1}{\376\377\000F\000r\000o\000m\000\040\000B\000i\000o\000l\000o\000g\000y\000\040\000t\000o\000\040\000S\000i\000m\000u\000l\000a\000t\000i\000o\000n}{section.10.11}% 180
\BOOKMARK [2][-]{subsection.10.11.2}{\376\377\000H\000o\000p\000f\000i\000e\000l\000d\000\040\000N\000e\000t\000w\000o\000r\000k\000s}{section.10.11}% 181
\BOOKMARK [2][-]{subsection.10.11.3}{\376\377\000L\000i\000n\000e\000a\000r\000\040\000N\000e\000t\000w\000o\000r\000k\000s\000\040\000w\000i\000t\000h\000\040\000M\000i\000n\000i\000m\000a\000l\000\040\000E\000r\000r\000o\000r\000s}{section.10.11}% 182
\BOOKMARK [2][-]{subsection.10.11.4}{\376\377\000B\000a\000c\000k\000p\000r\000o\000p\000a\000g\000a\000t\000i\000o\000n}{section.10.11}% 183
\BOOKMARK [2][-]{subsection.10.11.5}{\376\377\000S\000u\000p\000p\000o\000r\000t\000\040\000V\000e\000c\000t\000o\000r\000\040\000M\000a\000c\000h\000i\000n\000e\000s}{section.10.11}% 184
\BOOKMARK [0][-]{chapter.11}{\376\377\000R\000e\000i\000n\000f\000o\000r\000c\000e\000m\000e\000n\000t\000\040\000L\000e\000a\000r\000n\000i\000n\000g}{}% 185
\BOOKMARK [1][-]{section.11.1}{\376\377\000I\000n\000t\000r\000o\000d\000u\000c\000t\000i\000o\000n}{chapter.11}% 186
