\BOOKMARK [1][-]{section.0.1}{\376\377\000T\000H\000E}{}% 1
\BOOKMARK [1][-]{section.0.2}{\376\377\000D\000a\000t\000a\000\040\000S\000c\000i\000e\000n\000c\000e\000\040\000D\000e\000s\000i\000g\000n}{}% 2
\BOOKMARK [1][-]{section.0.3}{\376\377\000S\000t\000e\000v\000e\000n\000\040\000S\000.\000\040\000S\000l\000a\000i\000e\000n\000a}{}% 3
\BOOKMARK [1][-]{section.0.4}{\376\377\000S\000t\000e\000v\000e\000n\000\040\000S\000.\000\040\000S\000k\000i\000e\000n\000a}{}% 4
\BOOKMARK [1][-]{section.0.5}{\376\377\000T\000h\000e\000\040\000D\000a\000t\000a\000\040\000S\000c\000i\000e\000n\000c\000e\000\040\000D\000e\000s\000i\000g\000n\000\040\000M\000a\000n\000u\000a\000l}{}% 5
\BOOKMARK [0][-]{chapter.1}{\376\377\000P\000r\000e\000f\000a\000c\000e}{}% 6
\BOOKMARK [1][-]{section.1.1}{\376\377\000T\000o\000\040\000t\000h\000e\000\040\000R\000e\000a\000d\000e\000r}{chapter.1}% 7
\BOOKMARK [1][-]{section.1.2}{\376\377\000T\000o\000\040\000t\000h\000e\000\040\000I\000n\000s\000t\000r\000u\000c\000t\000o\000r}{chapter.1}% 8
\BOOKMARK [1][-]{section.1.3}{\376\377\000D\000e\000d\000i\000c\000a\000t\000i\000o\000n}{chapter.1}% 9
\BOOKMARK [1][-]{section.1.4}{\376\377\000A\000c\000k\000n\000o\000w\000l\000e\000d\000g\000m\000e\000n\000t\000s}{chapter.1}% 10
\BOOKMARK [1][-]{section.1.5}{\376\377\000C\000a\000v\000e\000a\000t}{chapter.1}% 11
\BOOKMARK [0][-]{chapter.2}{\376\377\000W\000h\000a\000t\000\040\000i\000s\000\040\000D\000a\000t\000a\000\040\000S\000c\000i\000e\000n\000c\000e\000?}{}% 12
\BOOKMARK [1][-]{subsection.2.0.1}{\376\377\000C\000o\000m\000p\000u\000t\000e\000r\000\040\000S\000c\000i\000e\000n\000c\000e\000,\000\040\000D\000a\000t\000a\000\040\000S\000c\000i\000e\000n\000c\000e\000,\000\040\000a\000n\000d\000\040\000R\000e\000a\000l\000\040\000S\000c\000i\000e\000n\000c\000e}{chapter.2}% 13
\BOOKMARK [1][-]{section.2.1}{\376\377\000A\000s\000k\000i\000n\000g\000\040\000I\000n\000t\000e\000r\000e\000s\000t\000i\000n\000g\000\040\000Q\000u\000e\000s\000t\000i\000o\000n\000s\000\040\000f\000r\000o\000m\000\040\000D\000a\000t\000a}{chapter.2}% 14
\BOOKMARK [2][-]{subsection.2.1.1}{\376\377\000T\000h\000e\000\040\000B\000a\000s\000e\000b\000a\000l\000l\000\040\000E\000n\000c\000y\000c\000l\000o\000p\000e\000d\000i\000a}{section.2.1}% 15
\BOOKMARK [2][-]{subsection.2.1.2}{\376\377\000T\000h\000e\000\040\000I\000n\000t\000e\000r\000n\000e\000t\000\040\000M\000o\000v\000i\000e\000\040\000D\000a\000t\000a\000b\000a\000s\000e\000\040\000\050\000I\000M\000D\000b\000\051}{section.2.1}% 16
\BOOKMARK [2][-]{subsection.2.1.3}{\376\377\000G\000o\000o\000g\000l\000e\000\040\000N\000g\000r\000a\000m\000s}{section.2.1}% 17
\BOOKMARK [2][-]{subsection.2.1.4}{\376\377\000N\000e\000w\000\040\000Y\000o\000r\000k\000\040\000T\000a\000x\000i\000\040\000R\000e\000c\000o\000r\000d\000s}{section.2.1}% 18
\BOOKMARK [1][-]{section.2.2}{\376\377\000P\000r\000o\000p\000e\000r\000t\000i\000e\000s\000\040\000o\000f\000\040\000D\000a\000t\000a}{chapter.2}% 19
\BOOKMARK [2][-]{subsection.2.2.1}{\376\377\000S\000t\000r\000u\000c\000t\000u\000r\000e\000d\000\040\000v\000s\000.\000\040\000U\000n\000s\000t\000r\000u\000c\000t\000u\000r\000e\000d\000\040\000D\000a\000t\000a}{section.2.2}% 20
\BOOKMARK [2][-]{subsection.2.2.2}{\376\377\000Q\000u\000a\000n\000t\000i\000t\000a\000t\000i\000v\000e\000\040\000v\000s\000.\000\040\000C\000a\000t\000e\000g\000o\000r\000i\000c\000a\000l\000\040\000D\000a\000t\000a}{section.2.2}% 21
\BOOKMARK [2][-]{subsection.2.2.3}{\376\377\000B\000i\000g\000\040\000D\000a\000t\000a\000\040\000v\000s\000.\000\040\000L\000i\000t\000t\000l\000e\000\040\000D\000a\000t\000a}{section.2.2}% 22
\BOOKMARK [2][-]{subsection.2.2.4}{\376\377\000C\000l\000a\000s\000s\000i\000f\000i\000c\000a\000t\000i\000o\000n\000\040\000a\000n\000d\000\040\000R\000e\000g\000r\000e\000s\000s\000i\000o\000n}{section.2.2}% 23
\BOOKMARK [1][-]{section.2.3}{\376\377\000D\000a\000t\000a\000\040\000S\000c\000i\000e\000n\000c\000e\000\040\000T\000e\000l\000e\000v\000i\000s\000i\000o\000n\000:\000\040\000T\000h\000e\000\040\000Q\000u\000a\000n\000t\000\040\000S\000h\000o\000p}{chapter.2}% 24
\BOOKMARK [2][-]{subsection.2.3.1}{\376\377\000K\000a\000g\000g\000l\000e\000\040\000C\000h\000a\000l\000l\000e\000n\000g\000e\000s}{section.2.3}% 25
\BOOKMARK [1][-]{section.2.4}{\376\377\000A\000b\000o\000u\000t\000\040\000t\000h\000e\000\040\000W\000a\000r\000\040\000S\000t\000o\000r\000i\000e\000s}{chapter.2}% 26
\BOOKMARK [1][-]{section.2.5}{\376\377\000W\000a\000r\000\040\000S\000t\000o\000r\000y\000:\000\040\000A\000n\000s\000w\000e\000r\000i\000n\000g\000\040\000t\000h\000e\000\040\000R\000i\000g\000h\000t\000\040\000Q\000u\000e\000s\000t\000i\000o\000n}{chapter.2}% 27
\BOOKMARK [1][-]{section.2.6}{\376\377\000C\000h\000a\000p\000t\000e\000r\000\040\000N\000o\000t\000e\000s}{chapter.2}% 28
\BOOKMARK [1][-]{section.2.7}{\376\377\000I\000d\000e\000n\000t\000i\000f\000y\000i\000n\000g\000\040\000D\000a\000t\000a\000\040\000S\000e\000t\000s}{chapter.2}% 29
\BOOKMARK [1][-]{section.2.8}{\376\377\000A\000s\000k\000i\000n\000g\000\040\000Q\000u\000e\000s\000t\000i\000o\000n\000s}{chapter.2}% 30
\BOOKMARK [1][-]{section.2.9}{\376\377\000I\000m\000p\000l\000e\000m\000e\000n\000t\000a\000t\000i\000o\000n\000\040\000P\000r\000o\000j\000e\000c\000t\000s}{chapter.2}% 31
\BOOKMARK [1][-]{section.2.10}{\376\377\000I\000n\000t\000e\000r\000v\000i\000e\000w\000\040\000Q\000u\000e\000s\000t\000i\000o\000n\000s}{chapter.2}% 32
\BOOKMARK [0][-]{chapter.3}{\376\377\000M\000a\000t\000h\000e\000m\000a\000t\000i\000c\000a\000l\000\040\000P\000r\000e\000l\000i\000m\000i\000n\000a\000r\000i\000e\000s}{}% 33
\BOOKMARK [1][-]{section.3.1}{\376\377\000P\000r\000o\000b\000a\000b\000i\000l\000i\000t\000y}{chapter.3}% 34
\BOOKMARK [2][-]{subsection.3.1.1}{\376\377\000P\000r\000o\000b\000a\000b\000i\000l\000i\000t\000y\000\040\000v\000s\000.\000\040\000S\000t\000a\000t\000i\000s\000t\000i\000c\000s}{section.3.1}% 35
\BOOKMARK [2][-]{subsection.3.1.2}{\376\377\000C\000o\000m\000p\000o\000u\000n\000d\000\040\000E\000v\000e\000n\000t\000s\000\040\000a\000n\000d\000\040\000I\000n\000d\000e\000p\000e\000n\000d\000e\000n\000c\000e}{section.3.1}% 36
\BOOKMARK [2][-]{subsection.3.1.3}{\376\377\000C\000o\000n\000d\000i\000t\000i\000o\000n\000a\000l\000\040\000P\000r\000o\000b\000a\000b\000i\000l\000i\000t\000y}{section.3.1}% 37
\BOOKMARK [2][-]{subsection.3.1.4}{\376\377\000P\000r\000o\000b\000a\000b\000i\000l\000i\000t\000y\000\040\000D\000i\000s\000t\000r\000i\000b\000u\000t\000i\000o\000n\000s}{section.3.1}% 38
\BOOKMARK [1][-]{section.3.2}{\376\377\000D\000e\000s\000c\000r\000i\000p\000t\000i\000v\000e\000\040\000S\000t\000a\000t\000i\000s\000t\000i\000c\000s}{chapter.3}% 39
\BOOKMARK [2][-]{subsection.3.2.1}{\376\377\000C\000e\000n\000t\000r\000a\000l\000i\000t\000y\000\040\000M\000e\000a\000s\000u\000r\000e\000s}{section.3.2}% 40
\BOOKMARK [2][-]{subsection.3.2.2}{\376\377\000V\000a\000r\000i\000a\000b\000i\000l\000i\000t\000y\000\040\000M\000e\000a\000s\000u\000r\000e\000s}{section.3.2}% 41
\BOOKMARK [2][-]{subsection.3.2.3}{\376\377\000I\000n\000t\000e\000r\000p\000r\000e\000t\000i\000n\000g\000\040\000V\000a\000r\000i\000a\000n\000c\000e}{section.3.2}% 42
\BOOKMARK [2][-]{subsection.3.2.4}{\376\377\000C\000h\000a\000r\000a\000c\000t\000e\000r\000i\000z\000i\000n\000g\000\040\000D\000i\000s\000t\000r\000i\000b\000u\000t\000i\000o\000n\000s}{section.3.2}% 43
\BOOKMARK [1][-]{section.3.3}{\376\377\000C\000o\000r\000r\000e\000l\000a\000t\000i\000o\000n\000\040\000A\000n\000a\000l\000y\000s\000i\000s}{chapter.3}% 44
\BOOKMARK [2][-]{subsection.3.3.1}{\376\377\000C\000o\000r\000r\000e\000l\000a\000t\000i\000o\000n\000\040\000C\000o\000e\000f\000f\000i\000c\000i\000e\000n\000t\000s\000:\000\040\000P\000e\000a\000r\000s\000o\000n\000\040\000a\000n\000d\000\040\000S\000p\000e\000a\000r\000m\000a\000n\000\040\000R\000a\000n\000k}{section.3.3}% 45
\BOOKMARK [1][-]{section.3.4}{\376\377\000T\000h\000e\000\040\000P\000e\000a\000r\000s\000o\000n\000\040\000C\000o\000r\000r\000e\000l\000a\000t\000i\000o\000n\000\040\000C\000o\000e\000f\000f\000i\000c\000i\000e\000n\000t}{chapter.3}% 46
\BOOKMARK [1][-]{section.3.5}{\376\377\000T\000h\000e\000\040\000S\000p\000e\000a\000r\000m\000a\000n\000\040\000R\000a\000n\000k\000\040\000C\000o\000r\000r\000e\000l\000a\000t\000i\000o\000n\000\040\000C\000o\000e\000f\000f\000i\000c\000i\000e\000n\000t}{chapter.3}% 47
\BOOKMARK [2][-]{subsection.3.5.1}{\376\377\000T\000h\000e\000\040\000P\000o\000w\000e\000r\000\040\000a\000n\000d\000\040\000S\000i\000g\000n\000i\000f\000i\000c\000a\000n\000c\000e\000\040\000o\000f\000\040\000C\000o\000r\000r\000e\000l\000a\000t\000i\000o\000n}{section.3.5}% 48
\BOOKMARK [2][-]{subsection.3.5.2}{\376\377\000C\000o\000r\000r\000e\000l\000a\000t\000i\000o\000n\000\040\000D\000o\000e\000s\000\040\000N\000o\000t\000\040\000I\000m\000p\000l\000y\000\040\000C\000a\000u\000s\000a\000t\000i\000o\000n\000!}{section.3.5}% 49
\BOOKMARK [2][-]{subsection.3.5.3}{\376\377\000D\000e\000t\000e\000c\000t\000i\000n\000g\000\040\000P\000e\000r\000i\000o\000d\000i\000c\000i\000t\000i\000e\000s\000\040\000b\000y\000\040\000A\000u\000t\000o\000c\000o\000r\000r\000e\000l\000a\000t\000i\000o\000n}{section.3.5}% 50
\BOOKMARK [1][-]{section.3.6}{\376\377\000L\000o\000g\000a\000r\000i\000t\000h\000m\000s}{chapter.3}% 51
\BOOKMARK [2][-]{subsection.3.6.1}{\376\377\000L\000o\000g\000a\000r\000i\000t\000h\000m\000s\000\040\000a\000n\000d\000\040\000M\000u\000l\000t\000i\000p\000l\000y\000i\000n\000g\000\040\000P\000r\000o\000b\000a\000b\000i\000l\000i\000t\000i\000e\000s}{section.3.6}% 52
\BOOKMARK [2][-]{subsection.3.6.2}{\376\377\000L\000o\000g\000a\000r\000i\000t\000h\000m\000s\000\040\000a\000n\000d\000\040\000R\000a\000t\000i\000o\000s}{section.3.6}% 53
\BOOKMARK [2][-]{subsection.3.6.3}{\376\377\000L\000o\000g\000a\000r\000i\000t\000h\000m\000s\000\040\000a\000n\000d\000\040\000N\000o\000r\000m\000a\000l\000i\000z\000i\000n\000g\000\040\000S\000k\000e\000w\000e\000d\000\040\000D\000i\000s\000t\000r\000i\000b\000u\000t\000i\000o\000n\000s}{section.3.6}% 54
\BOOKMARK [1][-]{section.3.7}{\376\377\000W\000a\000r\000\040\000S\000t\000o\000r\000y\000:\000\040\000F\000i\000t\000t\000i\000n\000g\000\040\000D\000e\000s\000i\000g\000n\000e\000r\000\040\000G\000e\000n\000e\000s}{chapter.3}% 55
\BOOKMARK [1][-]{section.3.8}{\376\377\000C\000h\000a\000p\000t\000e\000r\000\040\000N\000o\000t\000e\000s}{chapter.3}% 56
\BOOKMARK [1][-]{section.3.9}{\376\377\000S\000t\000a\000t\000i\000s\000t\000i\000c\000s}{chapter.3}% 57
\BOOKMARK [1][-]{section.3.10}{\376\377\000I\000m\000p\000l\000e\000m\000e\000n\000t\000a\000t\000i\000o\000n\000\040\000P\000r\000o\000j\000e\000c\000t\000s}{chapter.3}% 58
\BOOKMARK [1][-]{section.3.11}{\376\377\000I\000n\000t\000e\000r\000v\000i\000e\000w\000\040\000Q\000u\000e\000s\000t\000i\000o\000n\000s}{chapter.3}% 59
\BOOKMARK [2][-]{subsection.3.11.1}{\376\377\000K\000a\000g\000g\000l\000e\000\040\000C\000h\000a\000l\000l\000e\000n\000g\000e\000s}{section.3.11}% 60
\BOOKMARK [0][-]{chapter.4}{\376\377\000D\000a\000t\000a\000\040\000M\000u\000n\000g\000i\000n\000g}{}% 61
\BOOKMARK [1][-]{section.4.1}{\376\377\000L\000a\000n\000g\000u\000a\000g\000e\000s\000\040\000f\000o\000r\000\040\000D\000a\000t\000a\000\040\000S\000c\000i\000e\000n\000c\000e}{chapter.4}% 62
\BOOKMARK [2][-]{subsection.4.1.1}{\376\377\000T\000h\000e\000\040\000I\000m\000p\000o\000r\000t\000a\000n\000c\000e\000\040\000o\000f\000\040\000N\000o\000t\000e\000b\000o\000o\000k\000\040\000E\000n\000v\000i\000r\000o\000n\000m\000e\000n\000t\000s}{section.4.1}% 63
\BOOKMARK [2][-]{subsection.4.1.2}{\376\377\000S\000t\000a\000n\000d\000a\000r\000d\000\040\000D\000a\000t\000a\000\040\000F\000o\000r\000m\000a\000t\000s}{section.4.1}% 64
\BOOKMARK [1][-]{section.4.2}{\376\377\000C\000o\000l\000l\000e\000c\000t\000i\000n\000g\000\040\000D\000a\000t\000a}{chapter.4}% 65
\BOOKMARK [2][-]{subsection.4.2.1}{\376\377\000H\000u\000n\000t\000i\000n\000g}{section.4.2}% 66
\BOOKMARK [1][-]{section.4.3}{\376\377\000C\000o\000m\000p\000a\000n\000i\000e\000s\000\040\000a\000n\000d\000\040\000P\000r\000o\000p\000r\000i\000e\000t\000a\000r\000y\000\040\000D\000a\000t\000a\000\040\000S\000o\000u\000r\000c\000e\000s}{chapter.4}% 67
\BOOKMARK [1][-]{section.4.4}{\376\377\000G\000o\000v\000e\000r\000n\000m\000e\000n\000t\000\040\000D\000a\000t\000a\000\040\000S\000o\000u\000r\000c\000e\000s}{chapter.4}% 68
\BOOKMARK [1][-]{section.4.5}{\376\377\000A\000c\000a\000d\000e\000m\000i\000c\000\040\000D\000a\000t\000a\000\040\000S\000e\000t\000s}{chapter.4}% 69
\BOOKMARK [1][-]{section.4.6}{\376\377\000S\000w\000e\000a\000t\000\040\000E\000q\000u\000i\000t\000y}{chapter.4}% 70
\BOOKMARK [2][-]{subsection.4.6.1}{\376\377\000S\000c\000r\000a\000p\000i\000n\000g}{section.4.6}% 71
\BOOKMARK [2][-]{subsection.4.6.2}{\376\377\000L\000o\000g\000g\000i\000n\000g}{section.4.6}% 72
\BOOKMARK [1][-]{section.4.7}{\376\377\000C\000l\000e\000a\000n\000i\000n\000g\000\040\000D\000a\000t\000a}{chapter.4}% 73
\BOOKMARK [2][-]{subsection.4.7.1}{\376\377\000E\000r\000r\000o\000r\000s\000\040\000v\000s\000.\000\040\000A\000r\000t\000i\000f\000a\000c\000t\000s}{section.4.7}% 74
\BOOKMARK [2][-]{subsection.4.7.2}{\376\377\000D\000a\000t\000a\000\040\000C\000o\000m\000p\000a\000t\000i\000b\000i\000l\000i\000t\000y}{section.4.7}% 75
\BOOKMARK [1][-]{section.4.8}{\376\377\000U\000n\000i\000t\000\040\000C\000o\000n\000v\000e\000r\000s\000i\000o\000n\000s}{chapter.4}% 76
\BOOKMARK [1][-]{section.4.9}{\376\377\000N\000u\000m\000e\000r\000i\000c\000a\000l\000\040\000R\000e\000p\000r\000e\000s\000e\000n\000t\000a\000t\000i\000o\000n\000\040\000C\000o\000n\000v\000e\000r\000s\000i\000o\000n\000s}{chapter.4}% 77
\BOOKMARK [1][-]{section.4.10}{\376\377\000N\000a\000m\000e\000\040\000U\000n\000i\000f\000i\000c\000a\000t\000i\000o\000n}{chapter.4}% 78
\BOOKMARK [1][-]{section.4.11}{\376\377\000T\000i\000m\000e\000/\000D\000a\000t\000e\000\040\000U\000n\000i\000f\000i\000c\000a\000t\000i\000o\000n}{chapter.4}% 79
\BOOKMARK [1][-]{section.4.12}{\376\377\000F\000i\000n\000a\000n\000c\000i\000a\000l\000\040\000U\000n\000i\000f\000i\000c\000a\000t\000i\000o\000n}{chapter.4}% 80
\BOOKMARK [2][-]{subsection.4.12.1}{\376\377\000D\000e\000a\000l\000i\000n\000g\000\040\000w\000i\000t\000h\000\040\000M\000i\000s\000s\000i\000n\000g\000\040\000V\000a\000l\000u\000e\000s}{section.4.12}% 81
\BOOKMARK [2][-]{subsection.4.12.2}{\376\377\000O\000u\000t\000l\000i\000e\000r\000\040\000D\000e\000t\000e\000c\000t\000i\000o\000n}{section.4.12}% 82
\BOOKMARK [1][-]{section.4.13}{\376\377\000W\000a\000r\000\040\000S\000t\000o\000r\000y\000:\000\040\000B\000e\000a\000t\000i\000n\000g\000\040\000t\000h\000e\000\040\000M\000a\000r\000k\000e\000t}{chapter.4}% 83
\BOOKMARK [1][-]{section.4.14}{\376\377\000C\000r\000o\000w\000d\000s\000o\000u\000r\000c\000i\000n\000g}{chapter.4}% 84
\BOOKMARK [2][-]{subsection.4.14.1}{\376\377\000T\000h\000e\000\040\000P\000e\000n\000n\000y\000\040\000D\000e\000m\000o}{section.4.14}% 85
\BOOKMARK [2][-]{subsection.4.14.2}{\376\377\000W\000h\000e\000n\000\040\000i\000s\000\040\000t\000h\000e\000\040\000C\000r\000o\000w\000d\000\040\000W\000i\000s\000e\000?}{section.4.14}% 86
\BOOKMARK [2][-]{subsection.4.14.3}{\376\377\000M\000e\000c\000h\000a\000n\000i\000s\000m\000s\000\040\000f\000o\000r\000\040\000A\000g\000g\000r\000e\000g\000a\000t\000i\000o\000n}{section.4.14}% 87
\BOOKMARK [2][-]{subsection.4.14.4}{\376\377\000C\000r\000o\000w\000d\000s\000o\000u\000r\000c\000i\000n\000g\000\040\000S\000e\000r\000v\000i\000c\000e\000s}{section.4.14}% 88
\BOOKMARK [2][-]{subsection.4.14.5}{\376\377\000G\000a\000m\000i\000f\000i\000c\000a\000t\000i\000o\000n}{section.4.14}% 89
\BOOKMARK [1][-]{section.4.15}{\376\377\000C\000h\000a\000p\000t\000e\000r\000\040\000N\000o\000t\000e\000s}{chapter.4}% 90
\BOOKMARK [1][-]{section.4.16}{\376\377\000D\000a\000t\000a\000\040\000S\000o\000u\000r\000c\000e\000s}{chapter.4}% 91
\BOOKMARK [1][-]{section.4.17}{\376\377\000I\000m\000p\000l\000e\000m\000e\000n\000t\000a\000t\000i\000o\000n\000\040\000P\000r\000o\000j\000e\000c\000t\000s}{chapter.4}% 92
\BOOKMARK [1][-]{section.4.18}{\376\377\000I\000n\000t\000e\000r\000v\000i\000e\000w\000\040\000Q\000u\000e\000s\000t\000i\000o\000n\000s}{chapter.4}% 93
\BOOKMARK [2][-]{subsection.4.18.1}{\376\377\000K\000a\000g\000g\000l\000e\000\040\000C\000h\000a\000l\000l\000e\000n\000g\000e\000s}{section.4.18}% 94
\BOOKMARK [0][-]{chapter.5}{\376\377\000S\000c\000o\000r\000e\000s\000\040\000a\000n\000d\000\040\000R\000a\000n\000k\000i\000n\000g\000s}{}% 95
\BOOKMARK [1][-]{section.5.1}{\376\377\000T\000h\000e\000\040\000B\000o\000d\000y\000\040\000M\000a\000s\000s\000\040\000I\000n\000d\000e\000x\000\040\000\050\000B\000M\000I\000\051}{chapter.5}% 96
\BOOKMARK [1][-]{section.5.2}{\376\377\000D\000e\000v\000e\000l\000o\000p\000i\000n\000g\000\040\000S\000c\000o\000r\000i\000n\000g\000\040\000S\000y\000s\000t\000e\000m\000s}{chapter.5}% 97
\BOOKMARK [2][-]{subsection.5.2.1}{\376\377\000G\000o\000l\000d\000\040\000S\000t\000a\000n\000d\000a\000r\000d\000s\000\040\000a\000n\000d\000\040\000P\000r\000o\000x\000i\000e\000s}{section.5.2}% 98
\BOOKMARK [2][-]{subsection.5.2.2}{\376\377\000S\000c\000o\000r\000e\000s\000\040\000v\000s\000.\000\040\000R\000a\000n\000k\000i\000n\000g\000s}{section.5.2}% 99
\BOOKMARK [2][-]{subsection.5.2.3}{\376\377\000R\000e\000c\000o\000g\000n\000i\000z\000i\000n\000g\000\040\000G\000o\000o\000d\000\040\000S\000c\000o\000r\000i\000n\000g\000\040\000F\000u\000n\000c\000t\000i\000o\000n\000s}{section.5.2}% 100
\BOOKMARK [1][-]{section.5.3}{\376\377\000Z\000-\000s\000c\000o\000r\000e\000s\000\040\000a\000n\000d\000\040\000N\000o\000r\000m\000a\000l\000i\000z\000a\000t\000i\000o\000n}{chapter.5}% 101
\BOOKMARK [1][-]{section.5.4}{\376\377\000A\000d\000v\000a\000n\000c\000e\000d\000\040\000R\000a\000n\000k\000i\000n\000g\000\040\000T\000e\000c\000h\000n\000i\000q\000u\000e\000s}{chapter.5}% 102
\BOOKMARK [2][-]{subsection.5.4.1}{\376\377\000E\000l\000o\000\040\000R\000a\000n\000k\000i\000n\000g\000s}{section.5.4}% 103
\BOOKMARK [1][-]{section.5.5}{\376\377\000T\000h\000e\000\040\000L\000o\000g\000i\000t\000\040\000F\000u\000n\000c\000t\000i\000o\000n}{chapter.5}% 104
\BOOKMARK [2][-]{subsection.5.5.1}{\376\377\000M\000e\000r\000g\000i\000n\000g\000\040\000R\000a\000n\000k\000i\000n\000g\000s}{section.5.5}% 105
\BOOKMARK [2][-]{subsection.5.5.2}{\376\377\000D\000i\000g\000r\000a\000p\000h\000-\000b\000a\000s\000e\000d\000\040\000R\000a\000n\000k\000i\000n\000g\000s}{section.5.5}% 106
\BOOKMARK [1][-]{section.5.6}{\376\377\000P\000a\000g\000e\000R\000a\000n\000k}{chapter.5}% 107
\BOOKMARK [1][-]{section.5.7}{\376\377\000W\000a\000r\000\040\000S\000t\000o\000r\000y\000:\000\040\000C\000l\000y\000d\000e\000'\000s\000\040\000R\000e\000v\000e\000n\000g\000e}{chapter.5}% 108
\BOOKMARK [1][-]{section.5.8}{\376\377\000E\000v\000e\000n\000\040\000c\000r\000u\000d\000e\000\040\000m\000a\000t\000h\000e\000m\000a\000t\000i\000c\000a\000l\000\040\000m\000o\000d\000e\000l\000s\000\040\000c\000a\000n\000\040\000h\000a\000v\000e\000\040\000r\000e\000a\000l\000\040\000p\000r\000e\000d\000i\000c\000t\000i\000v\000e\000\040\000p\000o\000w\000e\000r\000.}{chapter.5}% 109
\BOOKMARK [1][-]{section.5.9}{\376\377\004\074\011\276\011\360\000u\000a\000n\000t\000\040\000u\000s\000e\000s\000\040\000c\000o\000m\000p\000u\000t\000e\000r\000s\000\040\000t\000o\000\040\000p\000r\000e\000d\000i\000c\000t\000\040\000f\000o\000o\000t\000b\000a\000l\000l\000\040\000w\000i\000n\000n\000e\000r\000s}{chapter.5}% 110
\BOOKMARK [1][-]{section.5.10}{\376\377\000P\000r\000e\000d\000i\000c\000t\000i\000o\000n\000s\000\040\000p\000u\000b\000l\000i\000s\000h\000e\000d}{chapter.5}% 111
\BOOKMARK [1][-]{section.5.11}{\376\377\000A\000r\000r\000o\000w\000'\000s\000\040\000I\000m\000p\000o\000s\000s\000i\000b\000i\000l\000i\000t\000y\000\040\000T\000h\000e\000o\000r\000e\000m}{chapter.5}% 112
\BOOKMARK [1][-]{section.5.12}{\376\377\000W\000a\000r\000\040\000S\000t\000o\000r\000y\000:\000\040\000W\000h\000o\000'\000s\000\040\000B\000i\000g\000g\000e\000r\000?}{chapter.5}% 113
\BOOKMARK [1][-]{section.5.13}{\376\377\000C\000h\000a\000p\000t\000e\000r\000\040\000N\000o\000t\000e\000s}{chapter.5}% 114
\BOOKMARK [1][-]{section.5.14}{\376\377\000I\000m\000p\000l\000e\000m\000e\000n\000t\000a\000t\000i\000o\000n\000\040\000P\000r\000o\000j\000e\000c\000t\000s}{chapter.5}% 115
\BOOKMARK [1][-]{section.5.15}{\376\377\000I\000n\000t\000e\000r\000v\000i\000e\000w\000\040\000Q\000u\000e\000s\000t\000i\000o\000n\000s}{chapter.5}% 116
\BOOKMARK [2][-]{subsection.5.15.1}{\376\377\000K\000a\000g\000g\000l\000e\000\040\000C\000h\000a\000l\000l\000e\000n\000g\000e\000s}{section.5.15}% 117
\BOOKMARK [0][-]{chapter.6}{\376\377\000S\000t\000a\000t\000i\000s\000t\000i\000c\000a\000l\000\040\000A\000n\000a\000l\000y\000s\000i\000s}{}% 118
\BOOKMARK [1][-]{section.6.1}{\376\377\000S\000t\000a\000t\000i\000s\000t\000i\000c\000a\000l\000\040\000D\000i\000s\000t\000r\000i\000b\000u\000t\000i\000o\000n\000s}{chapter.6}% 119
\BOOKMARK [2][-]{subsection.6.1.1}{\376\377\000T\000h\000e\000\040\000B\000i\000n\000o\000m\000i\000a\000l\000\040\000D\000i\000s\000t\000r\000i\000b\000u\000t\000i\000o\000n}{section.6.1}% 120
\BOOKMARK [2][-]{subsection.6.1.2}{\376\377\000T\000h\000e\000\040\000N\000o\000r\000m\000a\000l\000\040\000D\000i\000s\000t\000r\000i\000b\000u\000t\000i\000o\000n}{section.6.1}% 121
\BOOKMARK [1][-]{section.6.2}{\376\377\000W\000h\000a\000t\000'\000s\000\040\000N\000o\000r\000m\000a\000l\000?}{chapter.6}% 122
\BOOKMARK [2][-]{subsection.6.2.1}{\376\377\000I\000m\000p\000l\000i\000c\000a\000t\000i\000o\000n\000s\000\040\000o\000f\000\040\000t\000h\000e\000\040\000N\000o\000r\000m\000a\000l\000\040\000D\000i\000s\000t\000r\000i\000b\000u\000t\000i\000o\000n}{section.6.2}% 123
\BOOKMARK [2][-]{subsection.6.2.2}{\376\377\000P\000o\000i\000s\000s\000o\000n\000\040\000D\000i\000s\000t\000r\000i\000b\000u\000t\000i\000o\000n}{section.6.2}% 124
\BOOKMARK [2][-]{subsection.6.2.3}{\376\377\000P\000o\000w\000e\000r\000\040\000L\000a\000w\000\040\000D\000i\000s\000t\000r\000i\000b\000u\000t\000i\000o\000n\000s}{section.6.2}% 125
\BOOKMARK [1][-]{section.6.3}{\376\377\000S\000a\000m\000p\000l\000i\000n\000g\000\040\000f\000r\000o\000m\000\040\000D\000i\000s\000t\000r\000i\000b\000u\000t\000i\000o\000n\000s}{chapter.6}% 126
\BOOKMARK [2][-]{subsection.6.3.1}{\376\377\000R\000a\000n\000d\000o\000m\000\040\000S\000a\000m\000p\000l\000i\000n\000g\000\040\000b\000e\000y\000o\000n\000d\000\040\000O\000n\000e\000\040\000D\000i\000m\000e\000n\000s\000i\000o\000n}{section.6.3}% 127
\BOOKMARK [2][-]{subsection.6.3.2}{\376\377\000S\000t\000a\000t\000i\000s\000t\000i\000c\000a\000l\000\040\000S\000i\000g\000n\000i\000f\000i\000c\000a\000n\000c\000e}{section.6.3}% 128
\BOOKMARK [2][-]{subsection.6.3.3}{\376\377\000T\000h\000e\000\040\000S\000i\000g\000n\000i\000f\000i\000c\000a\000n\000c\000e\000\040\000o\000f\000\040\000S\000i\000g\000n\000i\000f\000i\000c\000a\000n\000c\000e}{section.6.3}% 129
\BOOKMARK [2][-]{subsection.6.3.4}{\376\377\000T\000h\000e\000\040\000T\000-\000t\000e\000s\000t\000:\000\040\000C\000o\000m\000p\000a\000r\000i\000n\000g\000\040\000P\000o\000p\000u\000l\000a\000t\000i\000o\000n\000\040\000M\000e\000a\000n\000s}{section.6.3}% 130
\BOOKMARK [1][-]{section.6.4}{\376\377\000W\000h\000y\000\040\000D\000o\000e\000s\000\040\000T\000h\000i\000s\000\040\000W\000o\000r\000k\000?}{chapter.6}% 131
\BOOKMARK [2][-]{subsection.6.4.1}{\376\377\000T\000h\000e\000\040\000K\000o\000l\000m\000o\000g\000o\000r\000o\000v\000-\000S\000m\000i\000r\000n\000o\000v\000\040\000T\000e\000s\000t}{section.6.4}% 132
\BOOKMARK [1][-]{section.6.5}{\376\377\000N\000o\000r\000m\000a\000l\000i\000t\000y\000\040\000T\000e\000s\000t\000i\000n\000g}{chapter.6}% 133
\BOOKMARK [2][-]{subsection.6.5.1}{\376\377\000T\000h\000e\000\040\000B\000o\000n\000f\000e\000r\000r\000o\000n\000i\000\040\000C\000o\000r\000r\000e\000c\000t\000i\000o\000n}{section.6.5}% 134
\BOOKMARK [2][-]{subsection.6.5.2}{\376\377\000F\000a\000l\000s\000e\000\040\000D\000i\000s\000c\000o\000v\000e\000r\000y\000\040\000R\000a\000t\000e}{section.6.5}% 135
\BOOKMARK [1][-]{section.6.6}{\376\377\000W\000a\000r\000\040\000S\000t\000o\000r\000y\000:\000\040\000D\000i\000s\000c\000o\000v\000e\000r\000i\000n\000g\000\040\000t\000h\000e\000\040\000F\000o\000u\000n\000t\000a\000i\000n\000\040\000o\000f\000\040\000Y\000o\000u\000t\000h\000?}{chapter.6}% 136
\BOOKMARK [2][-]{subsection.6.6.1}{\376\377\000P\000e\000r\000m\000u\000t\000a\000t\000i\000o\000n\000\040\000T\000e\000s\000t\000s\000\040\000a\000n\000d\000\040\000P\000-\000v\000a\000l\000u\000e\000s}{section.6.6}% 137
\BOOKMARK [2][-]{subsection.6.6.2}{\376\377\000G\000e\000n\000e\000r\000a\000t\000i\000n\000g\000\040\000R\000a\000n\000d\000o\000m\000\040\000P\000e\000r\000m\000u\000t\000a\000t\000i\000o\000n\000s}{section.6.6}% 138
\BOOKMARK [2][-]{subsection.6.6.3}{\376\377\000D\000i\000M\000a\000g\000g\000i\000o\000'\000s\000\040\000H\000i\000t\000t\000i\000n\000g\000\040\000S\000t\000r\000e\000a\000k}{section.6.6}% 139
\BOOKMARK [1][-]{section.6.7}{\376\377\000B\000a\000y\000e\000s\000i\000a\000n\000\040\000R\000e\000a\000s\000o\000n\000i\000n\000g}{chapter.6}% 140
\BOOKMARK [1][-]{section.6.8}{\376\377\000C\000h\000a\000p\000t\000e\000r\000\040\000N\000o\000t\000e\000s}{chapter.6}% 141
\BOOKMARK [1][-]{section.6.9}{\376\377\000E\000x\000e\000r\000c\000i\000s\000e\000s}{chapter.6}% 142
\BOOKMARK [1][-]{section.6.10}{\376\377\000S\000i\000g\000n\000i\000f\000i\000c\000a\000n\000c\000e\000\040\000T\000e\000s\000t\000i\000n\000g}{chapter.6}% 143
\BOOKMARK [1][-]{section.6.11}{\376\377\000P\000e\000r\000m\000u\000t\000a\000t\000i\000o\000n\000\040\000T\000e\000s\000t\000s\000\040\000a\000n\000d\000\040\000P\000-\000v\000a\000l\000u\000e\000s}{chapter.6}% 144
\BOOKMARK [1][-]{section.6.12}{\376\377\000I\000m\000p\000l\000e\000m\000e\000n\000t\000a\000t\000i\000o\000n\000\040\000P\000r\000o\000j\000e\000c\000t\000s}{chapter.6}% 145
\BOOKMARK [1][-]{section.6.13}{\376\377\000I\000n\000t\000e\000r\000v\000i\000e\000w\000\040\000Q\000u\000e\000s\000t\000i\000o\000n\000s}{chapter.6}% 146
\BOOKMARK [2][-]{subsection.6.13.1}{\376\377\000K\000a\000g\000g\000l\000e\000\040\000C\000h\000a\000l\000l\000e\000n\000g\000e\000s}{section.6.13}% 147
\BOOKMARK [0][-]{chapter.7}{\376\377\000V\000i\000s\000u\000a\000l\000i\000z\000i\000n\000g\000\040\000D\000a\000t\000a}{}% 148
\BOOKMARK [1][-]{section.7.1}{\376\377\000E\000x\000p\000l\000o\000r\000a\000t\000o\000r\000y\000\040\000D\000a\000t\000a\000\040\000A\000n\000a\000l\000y\000s\000i\000s}{chapter.7}% 149
\BOOKMARK [2][-]{subsection.7.1.1}{\376\377\000C\000o\000n\000f\000r\000o\000n\000t\000i\000n\000g\000\040\000a\000\040\000N\000e\000w\000\040\000D\000a\000t\000a\000\040\000S\000e\000t}{section.7.1}% 150
\BOOKMARK [2][-]{subsection.7.1.2}{\376\377\000S\000u\000m\000m\000a\000r\000y\000\040\000S\000t\000a\000t\000i\000s\000t\000i\000c\000s\000\040\000a\000n\000d\000\040\000A\000n\000s\000c\000o\000m\000b\000e\000'\000s\000\040\000Q\000u\000a\000r\000t\000e\000t}{section.7.1}% 151
\BOOKMARK [2][-]{subsection.7.1.3}{\376\377\000V\000i\000s\000u\000a\000l\000i\000z\000a\000t\000i\000o\000n\000\040\000T\000o\000o\000l\000s}{section.7.1}% 152
\BOOKMARK [1][-]{section.7.2}{\376\377\000D\000e\000v\000e\000l\000o\000p\000i\000n\000g\000\040\000a\000\040\000V\000i\000s\000u\000a\000l\000i\000z\000a\000t\000i\000o\000n\000\040\000A\000e\000s\000t\000h\000e\000t\000i\000c}{chapter.7}% 153
\BOOKMARK [2][-]{subsection.7.2.1}{\376\377\000M\000a\000x\000i\000m\000i\000z\000i\000n\000g\000\040\000D\000a\000t\000a\000-\000I\000n\000k\000\040\000R\000a\000t\000i\000o}{section.7.2}% 154
\BOOKMARK [2][-]{subsection.7.2.2}{\376\377\000M\000i\000n\000i\000m\000i\000z\000i\000n\000g\000\040\000t\000h\000e\000\040\000L\000i\000e\000\040\000F\000a\000c\000t\000o\000r}{section.7.2}% 155
\BOOKMARK [2][-]{subsection.7.2.3}{\376\377\000M\000i\000n\000i\000m\000i\000z\000i\000n\000g\000\040\000C\000h\000a\000r\000t\000j\000u\000n\000k}{section.7.2}% 156
\BOOKMARK [2][-]{subsection.7.2.4}{\376\377\000P\000r\000o\000p\000e\000r\000\040\000S\000c\000a\000l\000i\000n\000g\000\040\000a\000n\000d\000\040\000L\000a\000b\000e\000l\000i\000n\000g}{section.7.2}% 157
\BOOKMARK [2][-]{subsection.7.2.5}{\376\377\000E\000f\000f\000e\000c\000t\000i\000v\000e\000\040\000U\000s\000e\000\040\000o\000f\000\040\000C\000o\000l\000o\000r\000\040\000a\000n\000d\000\040\000S\000h\000a\000d\000i\000n\000g}{section.7.2}% 158
\BOOKMARK [2][-]{subsection.7.2.6}{\376\377\000T\000h\000e\000\040\000P\000o\000w\000e\000r\000\040\000o\000f\000\040\000R\000e\000p\000e\000t\000i\000t\000i\000o\000n}{section.7.2}% 159
\BOOKMARK [1][-]{section.7.3}{\376\377\000C\000h\000a\000r\000t\000\040\000T\000y\000p\000e\000s}{chapter.7}% 160
\BOOKMARK [2][-]{subsection.7.3.1}{\376\377\000T\000a\000b\000u\000l\000a\000r\000\040\000D\000a\000t\000a}{section.7.3}% 161
\BOOKMARK [2][-]{subsection.7.3.2}{\376\377\000D\000o\000t\000\040\000a\000n\000d\000\040\000L\000i\000n\000e\000\040\000P\000l\000o\000t\000s}{section.7.3}% 162
\BOOKMARK [2][-]{subsection.7.3.3}{\376\377\000S\000c\000a\000t\000t\000e\000r\000\040\000P\000l\000o\000t\000s}{section.7.3}% 163
\BOOKMARK [2][-]{subsection.7.3.4}{\376\377\000B\000a\000r\000\040\000P\000l\000o\000t\000s\000\040\000a\000n\000d\000\040\000P\000i\000e\000\040\000C\000h\000a\000r\000t\000s}{section.7.3}% 164
\BOOKMARK [1][-]{section.7.4}{\376\377\000B\000a\000d\000\040\000P\000i\000e\000\040\000C\000h\000a\000r\000t\000s}{chapter.7}% 165
\BOOKMARK [2][-]{subsection.7.4.1}{\376\377\000H\000i\000s\000t\000o\000g\000r\000a\000m\000s}{section.7.4}% 166
\BOOKMARK [2][-]{subsection.7.4.2}{\376\377\000D\000a\000t\000a\000\040\000M\000a\000p\000s}{section.7.4}% 167
\BOOKMARK [1][-]{section.7.5}{\376\377\000G\000r\000e\000a\000t\000\040\000V\000i\000s\000u\000a\000l\000i\000z\000a\000t\000i\000o\000n\000s}{chapter.7}% 168
\BOOKMARK [2][-]{subsection.7.5.1}{\376\377\000M\000a\000r\000e\000y\000'\000s\000\040\000T\000r\000a\000i\000n\000\040\000S\000c\000h\000e\000d\000u\000l\000e}{section.7.5}% 169
\BOOKMARK [2][-]{subsection.7.5.2}{\376\377\000S\000n\000o\000w\000'\000s\000\040\000C\000h\000o\000l\000e\000r\000a\000\040\000M\000a\000p}{section.7.5}% 170
\BOOKMARK [2][-]{subsection.7.5.3}{\376\377\000N\000e\000w\000\040\000Y\000o\000r\000k\000'\000s\000\040\000W\000e\000a\000t\000h\000e\000r\000\040\000Y\000e\000a\000r}{section.7.5}% 171
\BOOKMARK [1][-]{section.7.6}{\376\377\000R\000e\000a\000d\000i\000n\000g\000\040\000G\000r\000a\000p\000h\000s}{chapter.7}% 172
\BOOKMARK [2][-]{subsection.7.6.1}{\376\377\000T\000h\000e\000\040\000O\000b\000s\000c\000u\000r\000e\000d\000\040\000D\000i\000s\000t\000r\000i\000b\000u\000t\000i\000o\000n}{section.7.6}% 173
\BOOKMARK [2][-]{subsection.7.6.2}{\376\377\000O\000v\000e\000r\000i\000n\000t\000e\000r\000p\000r\000e\000t\000i\000n\000g\000\040\000V\000a\000r\000i\000a\000n\000c\000e}{section.7.6}% 174
\BOOKMARK [1][-]{section.7.7}{\376\377\000I\000n\000t\000e\000r\000a\000c\000t\000i\000v\000e\000\040\000V\000i\000s\000u\000a\000l\000i\000z\000a\000t\000i\000o\000n}{chapter.7}% 175
\BOOKMARK [1][-]{section.7.8}{\376\377\000W\000a\000r\000\040\000S\000t\000o\000r\000y\000:\000\040\000T\000e\000x\000t\000M\000a\000p\000p\000i\000n\000g\000\040\000t\000h\000e\000\040\000W\000o\000r\000l\000d}{chapter.7}% 176
\BOOKMARK [1][-]{section.7.9}{\376\377\000C\000h\000a\000p\000t\000e\000r\000\040\000N\000o\000t\000e\000s}{chapter.7}% 177
\BOOKMARK [1][-]{section.7.10}{\376\377\000I\000n\000t\000e\000r\000p\000r\000e\000t\000i\000n\000g\000\040\000V\000i\000s\000u\000a\000l\000i\000z\000a\000t\000i\000o\000n\000s}{chapter.7}% 178
\BOOKMARK [1][-]{section.7.11}{\376\377\000C\000r\000e\000a\000t\000i\000n\000g\000\040\000V\000i\000s\000u\000a\000l\000i\000z\000a\000t\000i\000o\000n\000s}{chapter.7}% 179
\BOOKMARK [1][-]{section.7.12}{\376\377\000I\000m\000p\000l\000e\000m\000e\000n\000t\000a\000t\000i\000o\000n\000\040\000P\000r\000o\000j\000e\000c\000t\000s}{chapter.7}% 180
\BOOKMARK [1][-]{section.7.13}{\376\377\000I\000n\000t\000e\000r\000v\000i\000e\000w\000\040\000Q\000u\000e\000s\000t\000i\000o\000n\000s}{chapter.7}% 181
\BOOKMARK [2][-]{subsection.7.13.1}{\376\377\000K\000a\000g\000g\000l\000e\000\040\000C\000h\000a\000l\000l\000e\000n\000g\000e\000s}{section.7.13}% 182
\BOOKMARK [0][-]{chapter.8}{\376\377\000M\000a\000t\000h\000e\000m\000a\000t\000i\000c\000a\000l\000\040\000M\000o\000d\000e\000l\000s}{}% 183
\BOOKMARK [1][-]{section.8.1}{\376\377\000P\000h\000i\000l\000o\000s\000o\000p\000h\000i\000e\000s\000\040\000o\000f\000\040\000M\000o\000d\000e\000l\000i\000n\000g}{chapter.8}% 184
\BOOKMARK [2][-]{subsection.8.1.1}{\376\377\000O\000c\000c\000a\000m\000'\000s\000\040\000R\000a\000z\000o\000r}{section.8.1}% 185
\BOOKMARK [2][-]{subsection.8.1.2}{\376\377\000B\000i\000a\000s\000-\000V\000a\000r\000i\000a\000n\000c\000e\000\040\000T\000r\000a\000d\000e\000-\000O\000f\000f\000s}{section.8.1}% 186
\BOOKMARK [2][-]{subsection.8.1.3}{\376\377\000W\000h\000a\000t\000\040\000W\000o\000u\000l\000d\000\040\000N\000a\000t\000e\000\040\000S\000i\000l\000v\000e\000r\000\040\000D\000o\000?}{section.8.1}% 187
\BOOKMARK [1][-]{section.8.2}{\376\377\000A\000\040\000T\000a\000x\000o\000n\000o\000m\000y\000\040\000o\000f\000\040\000M\000o\000d\000e\000l\000s}{chapter.8}% 188
\BOOKMARK [2][-]{subsection.8.2.1}{\376\377\000L\000i\000n\000e\000a\000r\000\040\000v\000s\000.\000\040\000N\000o\000n\000-\000L\000i\000n\000e\000a\000r\000\040\000M\000o\000d\000e\000l\000s}{section.8.2}% 189
\BOOKMARK [2][-]{subsection.8.2.2}{\376\377\000B\000l\000a\000c\000k\000b\000o\000x\000\040\000v\000s\000.\000\040\000D\000e\000s\000c\000r\000i\000p\000t\000i\000v\000e\000\040\000M\000o\000d\000e\000l\000s}{section.8.2}% 190
\BOOKMARK [2][-]{subsection.8.2.3}{\376\377\000F\000i\000r\000s\000t\000-\000P\000r\000i\000n\000c\000i\000p\000l\000e\000\040\000v\000s\000.\000\040\000D\000a\000t\000a\000-\000D\000r\000i\000v\000e\000n\000\040\000M\000o\000d\000e\000l\000s}{section.8.2}% 191
\BOOKMARK [2][-]{subsection.8.2.4}{\376\377\000S\000t\000o\000c\000h\000a\000s\000t\000i\000c\000\040\000v\000s\000.\000\040\000D\000e\000t\000e\000r\000m\000i\000n\000i\000s\000t\000i\000c\000\040\000M\000o\000d\000e\000l\000s}{section.8.2}% 192
\BOOKMARK [2][-]{subsection.8.2.5}{\376\377\000F\000l\000a\000t\000\040\000v\000s\000.\000\040\000H\000i\000e\000r\000a\000r\000c\000h\000i\000c\000a\000l\000\040\000M\000o\000d\000e\000l\000s}{section.8.2}% 193
\BOOKMARK [1][-]{section.8.3}{\376\377\000B\000a\000s\000e\000l\000i\000n\000e\000\040\000M\000o\000d\000e\000l\000s}{chapter.8}% 194
\BOOKMARK [2][-]{subsection.8.3.1}{\376\377\000B\000a\000s\000e\000l\000i\000n\000e\000\040\000M\000o\000d\000e\000l\000s\000\040\000f\000o\000r\000\040\000C\000l\000a\000s\000s\000i\000f\000i\000c\000a\000t\000i\000o\000n}{section.8.3}% 195
\BOOKMARK [2][-]{subsection.8.3.2}{\376\377\000B\000a\000s\000e\000l\000i\000n\000e\000\040\000M\000o\000d\000e\000l\000s\000\040\000f\000o\000r\000\040\000V\000a\000l\000u\000e\000\040\000P\000r\000e\000d\000i\000c\000t\000i\000o\000n}{section.8.3}% 196
\BOOKMARK [1][-]{section.8.4}{\376\377\000E\000v\000a\000l\000u\000a\000t\000i\000n\000g\000\040\000M\000o\000d\000e\000l\000s}{chapter.8}% 197
\BOOKMARK [2][-]{subsection.8.4.1}{\376\377\000E\000v\000a\000l\000u\000a\000t\000i\000n\000g\000\040\000C\000l\000a\000s\000s\000i\000f\000i\000e\000r\000s}{section.8.4}% 198
\BOOKMARK [1][-]{section.8.5}{\376\377\000A\000c\000c\000u\000r\000a\000c\000y\000,\000\040\000P\000r\000e\000c\000i\000s\000i\000o\000n\000,\000\040\000R\000e\000c\000a\000l\000l\000,\000\040\000a\000n\000d\000\040\000F\000-\000S\000c\000o\000r\000e}{chapter.8}% 199
\BOOKMARK [2][-]{subsection.8.5.1}{\376\377\000R\000e\000c\000e\000i\000v\000e\000r\000-\000O\000p\000e\000r\000a\000t\000o\000r\000\040\000C\000h\000a\000r\000a\000c\000t\000e\000r\000i\000s\000t\000i\000c\000\040\000\050\000R\000O\000C\000\051\000\040\000C\000u\000r\000v\000e\000s}{section.8.5}% 200
\BOOKMARK [2][-]{subsection.8.5.2}{\376\377\000E\000v\000a\000l\000u\000a\000t\000i\000n\000g\000\040\000M\000u\000l\000t\000i\000c\000l\000a\000s\000s\000\040\000S\000y\000s\000t\000e\000m\000s}{section.8.5}% 201
\BOOKMARK [2][-]{subsection.8.5.3}{\376\377\000E\000v\000a\000l\000u\000a\000t\000i\000n\000g\000\040\000V\000a\000l\000u\000e\000\040\000P\000r\000e\000d\000i\000c\000t\000i\000o\000n\000\040\000M\000o\000d\000e\000l\000s}{section.8.5}% 202
\BOOKMARK [1][-]{section.8.6}{\376\377\000E\000r\000r\000o\000r\000\040\000S\000t\000a\000t\000i\000s\000t\000i\000c\000s}{chapter.8}% 203
\BOOKMARK [1][-]{section.8.7}{\376\377\000E\000v\000a\000l\000u\000a\000t\000i\000o\000n\000\040\000E\000n\000v\000i\000r\000o\000n\000m\000e\000n\000t\000s}{chapter.8}% 204
\BOOKMARK [2][-]{subsection.8.7.1}{\376\377\000D\000a\000t\000a\000\040\000H\000y\000g\000i\000e\000n\000e\000\040\000f\000o\000r\000\040\000E\000v\000a\000l\000u\000a\000t\000i\000o\000n}{section.8.7}% 205
\BOOKMARK [2][-]{subsection.8.7.2}{\376\377\000A\000m\000p\000l\000i\000f\000y\000i\000n\000g\000\040\000S\000m\000a\000l\000l\000\040\000E\000v\000a\000l\000u\000a\000t\000i\000o\000n\000\040\000S\000e\000t\000s}{section.8.7}% 206
\BOOKMARK [2][-]{subsection.8.7.3}{\376\377\000W\000a\000r\000\040\000S\000t\000o\000r\000y\000:\000\040\0001\0000\0000\000\045\000\040\000A\000c\000c\000u\000r\000a\000c\000y}{section.8.7}% 207
\BOOKMARK [1][-]{section.8.8}{\376\377\000S\000i\000m\000u\000l\000a\000t\000i\000o\000n\000\040\000M\000o\000d\000e\000l\000s}{chapter.8}% 208
\BOOKMARK [1][-]{section.8.9}{\376\377\000W\000a\000r\000\040\000S\000t\000o\000r\000y\000:\000\040\000C\000a\000l\000c\000u\000l\000a\000t\000e\000d\000\040\000B\000e\000t\000s}{chapter.8}% 209
\BOOKMARK [1][-]{section.8.10}{\376\377\000C\000h\000a\000p\000t\000e\000r\000\040\000N\000o\000t\000e\000s}{chapter.8}% 210
\BOOKMARK [1][-]{section.8.11}{\376\377\000P\000r\000o\000p\000e\000r\000t\000i\000e\000s\000\040\000o\000f\000\040\000M\000o\000d\000e\000l\000s}{chapter.8}% 211
\BOOKMARK [1][-]{section.8.12}{\376\377\000I\000m\000p\000l\000e\000m\000e\000n\000t\000a\000t\000i\000o\000n\000\040\000P\000r\000o\000j\000e\000c\000t\000s}{chapter.8}% 212
\BOOKMARK [1][-]{section.8.13}{\376\377\000I\000n\000t\000e\000r\000v\000i\000e\000w\000\040\000Q\000u\000e\000s\000t\000i\000o\000n\000s}{chapter.8}% 213
\BOOKMARK [2][-]{subsection.8.13.1}{\376\377\000K\000a\000g\000g\000l\000e\000\040\000C\000h\000a\000l\000l\000e\000n\000g\000e\000s}{section.8.13}% 214
\BOOKMARK [0][-]{chapter.9}{\376\377\000L\000i\000n\000e\000a\000r\000\040\000A\000l\000g\000e\000b\000r\000a}{}% 215
\BOOKMARK [1][-]{section.9.1}{\376\377\000T\000h\000e\000\040\000P\000o\000w\000e\000r\000\040\000o\000f\000\040\000L\000i\000n\000e\000a\000r\000\040\000A\000l\000g\000e\000b\000r\000a}{chapter.9}% 216
\BOOKMARK [2][-]{subsection.9.1.1}{\376\377\000I\000n\000t\000e\000r\000p\000r\000e\000t\000i\000n\000g\000\040\000L\000i\000n\000e\000a\000r\000\040\000A\000l\000g\000e\000b\000r\000a\000i\000c\000\040\000F\000o\000r\000m\000u\000l\000a\000e}{section.9.1}% 217
\BOOKMARK [2][-]{subsection.9.1.2}{\376\377\000G\000e\000o\000m\000e\000t\000r\000y\000\040\000a\000n\000d\000\040\000V\000e\000c\000t\000o\000r\000s}{section.9.1}% 218
\BOOKMARK [1][-]{section.9.2}{\376\377\000V\000i\000s\000u\000a\000l\000i\000z\000i\000n\000g\000\040\000M\000a\000t\000r\000i\000x\000\040\000O\000p\000e\000r\000a\000t\000i\000o\000n\000s}{chapter.9}% 219
\BOOKMARK [2][-]{subsection.9.2.1}{\376\377\000M\000a\000t\000r\000i\000x\000\040\000A\000d\000d\000i\000t\000i\000o\000n}{section.9.2}% 220
\BOOKMARK [2][-]{subsection.9.2.2}{\376\377\000M\000a\000t\000r\000i\000x\000\040\000M\000u\000l\000t\000i\000p\000l\000i\000c\000a\000t\000i\000o\000n}{section.9.2}% 221
\BOOKMARK [2][-]{subsection.9.2.3}{\376\377\000A\000p\000p\000l\000i\000c\000a\000t\000i\000o\000n\000s\000\040\000o\000f\000\040\000M\000a\000t\000r\000i\000x\000\040\000M\000u\000l\000t\000i\000p\000l\000i\000c\000a\000t\000i\000o\000n}{section.9.2}% 222
\BOOKMARK [1][-]{section.9.3}{\376\377\000C\000o\000v\000a\000r\000i\000a\000n\000c\000e\000\040\000M\000a\000t\000r\000i\000c\000e\000s}{chapter.9}% 223
\BOOKMARK [1][-]{section.9.4}{\376\377\000M\000a\000t\000r\000i\000x\000\040\000M\000u\000l\000t\000i\000p\000l\000i\000c\000a\000t\000i\000o\000n\000\040\000a\000n\000d\000\040\000P\000a\000t\000h\000s}{chapter.9}% 224
\BOOKMARK [1][-]{section.9.5}{\376\377\000M\000a\000t\000r\000i\000x\000\040\000M\000u\000l\000t\000i\000p\000l\000i\000c\000a\000t\000i\000o\000n\000\040\000a\000n\000d\000\040\000P\000e\000r\000m\000u\000t\000a\000t\000i\000o\000n\000s}{chapter.9}% 225
\BOOKMARK [1][-]{section.9.6}{\376\377\000R\000o\000t\000a\000t\000i\000n\000g\000\040\000P\000o\000i\000n\000t\000s\000\040\000i\000n\000\040\000S\000p\000a\000c\000e}{chapter.9}% 226
\BOOKMARK [2][-]{subsection.9.6.1}{\376\377\000I\000d\000e\000n\000t\000i\000t\000y\000\040\000M\000a\000t\000r\000i\000c\000e\000s\000\040\000a\000n\000d\000\040\000I\000n\000v\000e\000r\000s\000i\000o\000n}{section.9.6}% 227
\BOOKMARK [2][-]{subsection.9.6.2}{\376\377\000M\000a\000t\000r\000i\000x\000\040\000I\000n\000v\000e\000r\000s\000i\000o\000n\000\040\000a\000n\000d\000\040\000L\000i\000n\000e\000a\000r\000\040\000S\000y\000s\000t\000e\000m\000s}{section.9.6}% 228
\BOOKMARK [2][-]{subsection.9.6.3}{\376\377\000M\000a\000t\000r\000i\000x\000\040\000R\000a\000n\000k}{section.9.6}% 229
\BOOKMARK [1][-]{section.9.7}{\376\377\000F\000a\000c\000t\000o\000r\000i\000n\000g\000\040\000M\000a\000t\000r\000i\000c\000e\000s}{chapter.9}% 230
\BOOKMARK [2][-]{subsection.9.7.1}{\376\377\000W\000h\000y\000\040\000F\000a\000c\000t\000o\000r\000\040\000F\000e\000a\000t\000u\000r\000e\000\040\000M\000a\000t\000r\000i\000c\000e\000s\000?}{section.9.7}% 231
\BOOKMARK [2][-]{subsection.9.7.2}{\376\377\000L\000U\000\040\000D\000e\000c\000o\000m\000p\000o\000s\000i\000t\000i\000o\000n\000\040\000a\000n\000d\000\040\000D\000e\000t\000e\000r\000m\000i\000n\000a\000n\000t\000s}{section.9.7}% 232
\BOOKMARK [1][-]{section.9.8}{\376\377\000E\000i\000g\000e\000n\000v\000a\000l\000u\000e\000s\000\040\000a\000n\000d\000\040\000E\000i\000g\000e\000n\000v\000e\000c\000t\000o\000r\000s}{chapter.9}% 233
\BOOKMARK [2][-]{subsection.9.8.1}{\376\377\000P\000r\000o\000p\000e\000r\000t\000i\000e\000s\000\040\000o\000f\000\040\000E\000i\000g\000e\000n\000v\000a\000l\000u\000e\000s}{section.9.8}% 234
\BOOKMARK [2][-]{subsection.9.8.2}{\376\377\000C\000o\000m\000p\000u\000t\000i\000n\000g\000\040\000E\000i\000g\000e\000n\000v\000a\000l\000u\000e\000s}{section.9.8}% 235
\BOOKMARK [1][-]{section.9.9}{\376\377\000E\000i\000g\000e\000n\000v\000a\000l\000u\000e\000\040\000D\000e\000c\000o\000m\000p\000o\000s\000i\000t\000i\000o\000n}{chapter.9}% 236
\BOOKMARK [2][-]{subsection.9.9.1}{\376\377\000S\000i\000n\000g\000u\000l\000a\000r\000\040\000V\000a\000l\000u\000e\000\040\000D\000e\000c\000o\000m\000p\000o\000s\000i\000t\000i\000o\000n}{section.9.9}% 237
\BOOKMARK [2][-]{subsection.9.9.2}{\376\377\000P\000r\000i\000n\000c\000i\000p\000a\000l\000\040\000C\000o\000m\000p\000o\000n\000e\000n\000t\000s\000\040\000A\000n\000a\000l\000y\000s\000i\000s}{section.9.9}% 238
\BOOKMARK [1][-]{section.9.10}{\376\377\000W\000a\000r\000\040\000S\000t\000o\000r\000y\000:\000\040\000T\000h\000e\000\040\000H\000u\000m\000a\000n\000\040\000F\000a\000c\000t\000o\000r\000s}{chapter.9}% 239
\BOOKMARK [1][-]{section.9.11}{\376\377\000C\000h\000a\000p\000t\000e\000r\000\040\000N\000o\000t\000e\000s}{chapter.9}% 240
\BOOKMARK [1][-]{section.9.12}{\376\377\000B\000a\000s\000i\000c\000\040\000L\000i\000n\000e\000a\000r\000\040\000A\000l\000g\000e\000b\000r\000a}{chapter.9}% 241
\BOOKMARK [1][-]{section.9.13}{\376\377\000I\000m\000p\000l\000e\000m\000e\000n\000t\000a\000t\000i\000o\000n\000\040\000P\000r\000o\000j\000e\000c\000t\000s}{chapter.9}% 242
\BOOKMARK [1][-]{section.9.14}{\376\377\000I\000n\000t\000e\000r\000v\000i\000e\000w\000\040\000Q\000u\000e\000s\000t\000i\000o\000n\000s}{chapter.9}% 243
\BOOKMARK [2][-]{subsection.9.14.1}{\376\377\000K\000a\000g\000g\000l\000e\000\040\000C\000h\000a\000l\000l\000e\000n\000g\000e\000s}{section.9.14}% 244
\BOOKMARK [0][-]{chapter.10}{\376\377\000L\000i\000n\000e\000a\000r\000\040\000a\000n\000d\000\040\000L\000o\000g\000i\000s\000t\000i\000c\000\040\000R\000e\000g\000r\000e\000s\000s\000i\000o\000n}{}% 245
\BOOKMARK [1][-]{section.10.1}{\376\377\000L\000i\000n\000e\000a\000r\000\040\000R\000e\000g\000r\000e\000s\000s\000i\000o\000n}{chapter.10}% 246
\BOOKMARK [2][-]{subsection.10.1.1}{\376\377\000L\000i\000n\000e\000a\000r\000\040\000R\000e\000g\000r\000e\000s\000s\000i\000o\000n\000\040\000a\000n\000d\000\040\000D\000u\000a\000l\000i\000t\000y}{section.10.1}% 247
\BOOKMARK [2][-]{subsection.10.1.2}{\376\377\000E\000r\000r\000o\000r\000\040\000i\000n\000\040\000L\000i\000n\000e\000a\000r\000\040\000R\000e\000g\000r\000e\000s\000s\000i\000o\000n}{section.10.1}% 248
\BOOKMARK [2][-]{subsection.10.1.3}{\376\377\000F\000i\000n\000d\000i\000n\000g\000\040\000t\000h\000e\000\040\000O\000p\000t\000i\000m\000a\000l\000\040\000F\000i\000t}{section.10.1}% 249
\BOOKMARK [1][-]{section.10.2}{\376\377\000B\000e\000t\000t\000e\000r\000\040\000R\000e\000g\000r\000e\000s\000s\000i\000o\000n\000\040\000M\000o\000d\000e\000l\000s}{chapter.10}% 250
\BOOKMARK [2][-]{subsection.10.2.1}{\376\377\000R\000e\000m\000o\000v\000i\000n\000g\000\040\000O\000u\000t\000l\000i\000e\000r\000s}{section.10.2}% 251
\BOOKMARK [2][-]{subsection.10.2.2}{\376\377\000F\000i\000t\000t\000i\000n\000g\000\040\000N\000o\000n\000-\000L\000i\000n\000e\000a\000r\000\040\000F\000u\000n\000c\000t\000i\000o\000n\000s}{section.10.2}% 252
\BOOKMARK [2][-]{subsection.10.2.3}{\376\377\000F\000e\000a\000t\000u\000r\000e\000\040\000a\000n\000d\000\040\000T\000a\000r\000g\000e\000t\000\040\000S\000c\000a\000l\000i\000n\000g}{section.10.2}% 253
\BOOKMARK [1][-]{section.10.3}{\376\377\000F\000e\000a\000t\000u\000r\000e\000\040\000S\000c\000a\000l\000i\000n\000g\000:\000\040\000Z\000-\000S\000c\000o\000r\000e\000s}{chapter.10}% 254
\BOOKMARK [1][-]{section.10.4}{\376\377\000S\000u\000b\000l\000i\000n\000e\000a\000r\000\040\000F\000e\000a\000t\000u\000r\000e\000\040\000S\000c\000a\000l\000i\000n\000g}{chapter.10}% 255
\BOOKMARK [1][-]{section.10.5}{\376\377\000S\000u\000b\000l\000i\000n\000e\000a\000r\000\040\000T\000a\000r\000g\000e\000t\000\040\000S\000c\000a\000l\000i\000n\000g}{chapter.10}% 256
\BOOKMARK [2][-]{subsection.10.5.1}{\376\377\000D\000e\000a\000l\000i\000n\000g\000\040\000w\000i\000t\000h\000\040\000H\000i\000g\000h\000l\000y\000-\000C\000o\000r\000r\000e\000l\000a\000t\000e\000d\000\040\000F\000e\000a\000t\000u\000r\000e\000s}{section.10.5}% 257
\BOOKMARK [1][-]{section.10.6}{\376\377\000W\000a\000r\000\040\000S\000t\000o\000r\000y\000:\000\040\000T\000a\000x\000i\000\040\000D\000e\000r\000i\000v\000e\000r}{chapter.10}% 258
\BOOKMARK [1][-]{section.10.7}{\376\377\000R\000e\000g\000r\000e\000s\000s\000i\000o\000n\000\040\000a\000s\000\040\000P\000a\000r\000a\000m\000e\000t\000e\000r\000\040\000F\000i\000t\000t\000i\000n\000g}{chapter.10}% 259
\BOOKMARK [2][-]{subsection.10.7.1}{\376\377\000C\000o\000n\000v\000e\000x\000\040\000P\000a\000r\000a\000m\000e\000t\000e\000r\000\040\000S\000p\000a\000c\000e\000s}{section.10.7}% 260
\BOOKMARK [2][-]{subsection.10.7.2}{\376\377\000G\000r\000a\000d\000i\000e\000n\000t\000\040\000D\000e\000s\000c\000e\000n\000t\000\040\000S\000e\000a\000r\000c\000h}{section.10.7}% 261
\BOOKMARK [1][-]{section.10.8}{\376\377\000G\000r\000a\000d\000i\000e\000n\000t\000\040\000d\000e\000s\000c\000e\000n\000t\000\040\000s\000e\000a\000r\000c\000h\000\040\000i\000n\000\040\000t\000w\000o\000\040\000d\000i\000m\000e\000n\000s\000i\000o\000n\000s}{chapter.10}% 262
\BOOKMARK [2][-]{subsection.10.8.1}{\376\377\000W\000h\000a\000t\000\040\000i\000s\000\040\000t\000h\000e\000\040\000R\000i\000g\000h\000t\000\040\000L\000e\000a\000r\000n\000i\000n\000g\000\040\000R\000a\000t\000e\000?}{section.10.8}% 263
\BOOKMARK [2][-]{subsection.10.8.2}{\376\377\000S\000t\000o\000c\000h\000a\000s\000t\000i\000c\000\040\000G\000r\000a\000d\000i\000e\000n\000t\000\040\000D\000e\000s\000c\000e\000n\000t}{section.10.8}% 264
\BOOKMARK [1][-]{section.10.9}{\376\377\000S\000i\000m\000p\000l\000i\000f\000y\000i\000n\000g\000\040\000M\000o\000d\000e\000l\000s\000\040\000t\000h\000r\000o\000u\000g\000h\000\040\000R\000e\000g\000u\000l\000a\000r\000i\000z\000a\000t\000i\000o\000n}{chapter.10}% 265
\BOOKMARK [2][-]{subsection.10.9.1}{\376\377\000R\000i\000d\000g\000e\000\040\000R\000e\000g\000r\000e\000s\000s\000i\000o\000n}{section.10.9}% 266
\BOOKMARK [2][-]{subsection.10.9.2}{\376\377\000L\000A\000S\000S\000O\000\040\000R\000e\000g\000r\000e\000s\000s\000i\000o\000n}{section.10.9}% 267
\BOOKMARK [2][-]{subsection.10.9.3}{\376\377\000T\000r\000a\000d\000e\000-\000O\000f\000f\000s\000\040\000b\000e\000t\000w\000e\000e\000n\000\040\000F\000i\000t\000\040\000a\000n\000d\000\040\000C\000o\000m\000p\000l\000e\000x\000i\000t\000y}{section.10.9}% 268
\BOOKMARK [2][-]{subsection.10.9.4}{\376\377\000C\000l\000a\000s\000s\000i\000f\000i\000c\000a\000t\000i\000o\000n\000\040\000a\000n\000d\000\040\000L\000o\000g\000i\000s\000t\000i\000c\000\040\000R\000e\000g\000r\000e\000s\000s\000i\000o\000n}{section.10.9}% 269
\BOOKMARK [2][-]{subsection.10.9.5}{\376\377\000R\000e\000g\000r\000e\000s\000s\000i\000o\000n\000\040\000f\000o\000r\000\040\000C\000l\000a\000s\000s\000i\000f\000i\000c\000a\000t\000i\000o\000n}{section.10.9}% 270
\BOOKMARK [2][-]{subsection.10.9.6}{\376\377\000D\000e\000c\000i\000s\000i\000o\000n\000\040\000B\000o\000u\000n\000d\000a\000r\000i\000e\000s}{section.10.9}% 271
\BOOKMARK [2][-]{subsection.10.9.7}{\376\377\000L\000o\000g\000i\000s\000t\000i\000c\000\040\000R\000e\000g\000r\000e\000s\000s\000i\000o\000n}{section.10.9}% 272
\BOOKMARK [2][-]{subsection.10.9.8}{\376\377\000I\000s\000s\000u\000e\000s\000\040\000i\000n\000\040\000L\000o\000g\000i\000s\000t\000i\000c\000\040\000C\000l\000a\000s\000s\000i\000f\000i\000c\000a\000t\000i\000o\000n}{section.10.9}% 273
\BOOKMARK [2][-]{subsection.10.9.9}{\376\377\000B\000a\000l\000a\000n\000c\000e\000d\000\040\000T\000r\000a\000i\000n\000i\000n\000g\000\040\000C\000l\000a\000s\000s\000e\000s}{section.10.9}% 274
\BOOKMARK [2][-]{subsection.10.9.10}{\376\377\000M\000u\000l\000t\000i\000-\000C\000l\000a\000s\000s\000\040\000C\000l\000a\000s\000s\000i\000f\000i\000c\000a\000t\000i\000o\000n}{section.10.9}% 275
\BOOKMARK [2][-]{subsection.10.9.11}{\376\377\000H\000i\000e\000r\000a\000r\000c\000h\000i\000c\000a\000l\000\040\000C\000l\000a\000s\000s\000i\000f\000i\000c\000a\000t\000i\000o\000n}{section.10.9}% 276
\BOOKMARK [2][-]{subsection.10.9.12}{\376\377\000P\000a\000r\000t\000i\000t\000i\000o\000n\000\040\000F\000u\000n\000c\000t\000i\000o\000n\000s\000\040\000a\000n\000d\000\040\000M\000u\000l\000t\000i\000n\000o\000m\000i\000a\000l\000\040\000R\000e\000g\000r\000e\000s\000s\000i\000o\000n}{section.10.9}% 277
\BOOKMARK [1][-]{section.10.10}{\376\377\000C\000h\000a\000p\000t\000e\000r\000\040\000N\000o\000t\000e\000s}{chapter.10}% 278
\BOOKMARK [1][-]{section.10.11}{\376\377\000E\000x\000p\000e\000r\000i\000m\000e\000n\000t\000s\000\040\000w\000i\000t\000h\000\040\000L\000i\000n\000e\000a\000r\000\040\000R\000e\000g\000r\000e\000s\000s\000i\000o\000n}{chapter.10}% 279
\BOOKMARK [1][-]{section.10.12}{\376\377\000I\000m\000p\000l\000e\000m\000e\000n\000t\000a\000t\000i\000o\000n\000\040\000P\000r\000o\000j\000e\000c\000t\000s}{chapter.10}% 280
\BOOKMARK [1][-]{section.10.13}{\376\377\000I\000n\000t\000e\000r\000v\000i\000e\000w\000\040\000Q\000u\000e\000s\000t\000i\000o\000n\000s}{chapter.10}% 281
\BOOKMARK [2][-]{subsection.10.13.1}{\376\377\000K\000a\000g\000g\000l\000e\000\040\000C\000h\000a\000l\000l\000e\000n\000g\000e\000s}{section.10.13}% 282
\BOOKMARK [0][-]{chapter.11}{\376\377\000D\000i\000s\000t\000a\000n\000c\000e\000\040\000a\000n\000d\000\040\000N\000e\000t\000w\000o\000r\000k\000\040\000M\000e\000t\000h\000o\000d\000s}{}% 283
\BOOKMARK [1][-]{section.11.1}{\376\377\000M\000e\000a\000s\000u\000r\000i\000n\000g\000\040\000D\000i\000s\000t\000a\000n\000c\000e\000s}{chapter.11}% 284
\BOOKMARK [2][-]{subsection.11.1.1}{\376\377\000D\000i\000s\000t\000a\000n\000c\000e\000\040\000M\000e\000t\000r\000i\000c\000s}{section.11.1}% 285
\BOOKMARK [2][-]{subsection.11.1.2}{\376\377\000T\000h\000e\000\040\000L\000_\000k\000\040\000D\000i\000s\000t\000a\000n\000c\000e\000\040\000M\000e\000t\000r\000i\000c}{section.11.1}% 286
\BOOKMARK [2][-]{subsection.11.1.3}{\376\377\000W\000o\000r\000k\000i\000n\000g\000\040\000i\000n\000\040\000H\000i\000g\000h\000e\000r\000\040\000D\000i\000m\000e\000n\000s\000i\000o\000n\000s}{section.11.1}% 287
\BOOKMARK [2][-]{subsection.11.1.4}{\376\377\000D\000i\000m\000e\000n\000s\000i\000o\000n\000a\000l\000\040\000E\000g\000a\000l\000i\000t\000a\000r\000i\000a\000n\000i\000s\000m}{section.11.1}% 288
\BOOKMARK [2][-]{subsection.11.1.5}{\376\377\000P\000o\000i\000n\000t\000s\000\040\000v\000s\000.\000\040\000V\000e\000c\000t\000o\000r\000s}{section.11.1}% 289
\BOOKMARK [2][-]{subsection.11.1.6}{\376\377\000D\000i\000s\000t\000a\000n\000c\000e\000s\000\040\000b\000e\000t\000w\000e\000e\000n\000\040\000P\000r\000o\000b\000a\000b\000i\000l\000i\000t\000y\000\040\000D\000i\000s\000t\000r\000i\000b\000u\000t\000i\000o\000n\000s}{section.11.1}% 290
\BOOKMARK [2][-]{subsection.11.1.7}{\376\377\000N\000e\000a\000r\000e\000s\000t\000\040\000N\000e\000i\000g\000h\000b\000o\000r\000\040\000C\000l\000a\000s\000s\000i\000f\000i\000c\000a\000t\000i\000o\000n}{section.11.1}% 291
\BOOKMARK [2][-]{subsection.11.1.8}{\376\377\000S\000e\000e\000k\000i\000n\000g\000\040\000G\000o\000o\000d\000\040\000A\000n\000a\000l\000o\000g\000i\000e\000s}{section.11.1}% 292
\BOOKMARK [2][-]{subsection.11.1.9}{\376\377\000k\000-\000N\000e\000a\000r\000e\000s\000t\000\040\000N\000e\000i\000g\000h\000b\000o\000r\000s}{section.11.1}% 293
\BOOKMARK [2][-]{subsection.11.1.10}{\376\377\000F\000i\000n\000d\000i\000n\000g\000\040\000N\000e\000a\000r\000e\000s\000t\000\040\000N\000e\000i\000g\000h\000b\000o\000r\000s}{section.11.1}% 294
\BOOKMARK [2][-]{subsection.11.1.11}{\376\377\000L\000o\000c\000a\000l\000i\000t\000y\000\040\000S\000e\000n\000s\000i\000t\000i\000v\000e\000\040\000H\000a\000s\000h\000i\000n\000g}{section.11.1}% 295
\BOOKMARK [1][-]{section.11.2}{\376\377\000G\000r\000a\000p\000h\000s\000,\000\040\000N\000e\000t\000w\000o\000r\000k\000s\000,\000\040\000a\000n\000d\000\040\000D\000i\000s\000t\000a\000n\000c\000e\000s}{chapter.11}% 296
\BOOKMARK [2][-]{subsection.11.2.1}{\376\377\000W\000e\000i\000g\000h\000t\000e\000d\000\040\000G\000r\000a\000p\000h\000s\000\040\000a\000n\000d\000\040\000I\000n\000d\000u\000c\000e\000d\000\040\000N\000e\000t\000w\000o\000r\000k\000s}{section.11.2}% 297
\BOOKMARK [2][-]{subsection.11.2.2}{\376\377\000T\000a\000l\000k\000i\000n\000g\000\040\000A\000b\000o\000u\000t\000\040\000G\000r\000a\000p\000h\000s}{section.11.2}% 298
\BOOKMARK [2][-]{subsection.11.2.3}{\376\377\000G\000r\000a\000p\000h\000\040\000T\000h\000e\000o\000r\000y}{section.11.2}% 299
\BOOKMARK [1][-]{section.11.3}{\376\377\000P\000a\000g\000e\000R\000a\000n\000k}{chapter.11}% 300
\BOOKMARK [1][-]{section.11.4}{\376\377\000C\000l\000u\000s\000t\000e\000r\000i\000n\000g}{chapter.11}% 301
\BOOKMARK [2][-]{subsection.11.4.1}{\376\377\000k\000-\000m\000e\000a\000n\000s\000\040\000C\000l\000u\000s\000t\000e\000r\000i\000n\000g}{section.11.4}% 302
\BOOKMARK [1][-]{section.11.5}{\376\377\000C\000e\000n\000t\000e\000r\000s\000\040\000o\000r\000\040\000C\000e\000n\000t\000r\000o\000i\000d\000s\000?}{chapter.11}% 303
\BOOKMARK [1][-]{section.11.6}{\376\377\000H\000o\000w\000\040\000M\000a\000n\000y\000\040\000C\000l\000u\000s\000t\000e\000r\000s\000?}{chapter.11}% 304
\BOOKMARK [1][-]{section.11.7}{\376\377\000E\000x\000p\000e\000c\000t\000a\000t\000i\000o\000n\000\040\000M\000a\000x\000i\000m\000i\000z\000a\000t\000i\000o\000n}{chapter.11}% 305
\BOOKMARK [2][-]{subsection.11.7.1}{\376\377\000A\000g\000g\000l\000o\000m\000e\000r\000a\000t\000i\000v\000e\000\040\000C\000l\000u\000s\000t\000e\000r\000i\000n\000g}{section.11.7}% 306
\BOOKMARK [1][-]{section.11.8}{\376\377\000U\000s\000i\000n\000g\000\040\000A\000g\000g\000l\000o\000m\000e\000r\000a\000t\000i\000v\000e\000\040\000T\000r\000e\000e\000s}{chapter.11}% 307
\BOOKMARK [1][-]{section.11.9}{\376\377\000B\000u\000i\000l\000d\000i\000n\000g\000\040\000A\000g\000g\000l\000o\000m\000e\000r\000a\000t\000i\000v\000e\000\040\000C\000l\000u\000s\000t\000e\000r\000\040\000T\000r\000e\000e\000s}{chapter.11}% 308
\BOOKMARK [2][-]{subsection.11.9.1}{\376\377\000C\000o\000m\000p\000a\000r\000i\000n\000g\000\040\000C\000l\000u\000s\000t\000e\000r\000i\000n\000g\000s}{section.11.9}% 309
\BOOKMARK [2][-]{subsection.11.9.2}{\376\377\000S\000i\000m\000i\000l\000a\000r\000i\000t\000y\000\040\000G\000r\000a\000p\000h\000s\000\040\000a\000n\000d\000\040\000C\000u\000t\000-\000B\000a\000s\000e\000d\000\040\000C\000l\000u\000s\000t\000e\000r\000i\000n\000g}{section.11.9}% 310
\BOOKMARK [1][-]{section.11.10}{\376\377\000C\000u\000t\000s\000\040\000i\000n\000\040\000G\000r\000a\000p\000h\000s}{chapter.11}% 311
\BOOKMARK [1][-]{section.11.11}{\376\377\000W\000a\000r\000\040\000S\000t\000o\000r\000y\000:\000\040\000C\000l\000u\000s\000t\000e\000r\000\040\000B\000o\000m\000b\000i\000n\000g}{chapter.11}% 312
\BOOKMARK [1][-]{section.11.12}{\376\377\000C\000h\000a\000p\000t\000e\000r\000\040\000N\000o\000t\000e\000s}{chapter.11}% 313
\BOOKMARK [1][-]{section.11.13}{\376\377\000N\000e\000t\000w\000o\000r\000k\000s}{chapter.11}% 314
\BOOKMARK [1][-]{section.11.14}{\376\377\000I\000m\000p\000l\000e\000m\000e\000n\000t\000a\000t\000i\000o\000n\000\040\000P\000r\000o\000j\000e\000c\000t\000s}{chapter.11}% 315
\BOOKMARK [1][-]{section.11.15}{\376\377\000I\000n\000t\000e\000r\000v\000i\000e\000w\000\040\000Q\000u\000e\000s\000t\000i\000o\000n\000s}{chapter.11}% 316
\BOOKMARK [2][-]{subsection.11.15.1}{\376\377\000K\000a\000g\000g\000l\000e\000\040\000C\000h\000a\000l\000l\000e\000n\000g\000e\000s}{section.11.15}% 317
\BOOKMARK [0][-]{chapter.12}{\376\377\000M\000a\000c\000h\000i\000n\000e\000\040\000L\000e\000a\000r\000n\000i\000n\000g}{}% 318
\BOOKMARK [1][-]{section.12.1}{\376\377\000N\000a\000i\000v\000e\000\040\000B\000a\000y\000e\000s}{chapter.12}% 319
\BOOKMARK [2][-]{subsection.12.1.1}{\376\377\000F\000o\000r\000m\000u\000l\000a\000t\000i\000o\000n}{section.12.1}% 320
\BOOKMARK [2][-]{subsection.12.1.2}{\376\377\000D\000e\000a\000l\000i\000n\000g\000\040\000w\000i\000t\000h\000\040\000Z\000e\000r\000o\000\040\000C\000o\000u\000n\000t\000s\000\040\000\050\000D\000i\000s\000c\000o\000u\000n\000t\000i\000n\000g\000\051}{section.12.1}% 321
\BOOKMARK [2][-]{subsection.12.1.3}{\376\377\000D\000e\000c\000i\000s\000i\000o\000n\000\040\000T\000r\000e\000e\000\040\000C\000l\000a\000s\000s\000i\000f\000i\000e\000r\000s}{section.12.1}% 322
\BOOKMARK [2][-]{subsection.12.1.4}{\376\377\000C\000o\000n\000s\000t\000r\000u\000c\000t\000i\000n\000g\000\040\000D\000e\000c\000i\000s\000i\000o\000n\000\040\000T\000r\000e\000e\000s}{section.12.1}% 323
\BOOKMARK [2][-]{subsection.12.1.5}{\376\377\000R\000e\000a\000l\000i\000z\000i\000n\000g\000\040\000E\000x\000c\000l\000u\000s\000i\000v\000e\000\040\000O\000r}{section.12.1}% 324
\BOOKMARK [2][-]{subsection.12.1.6}{\376\377\000E\000n\000s\000e\000m\000b\000l\000e\000s\000\040\000o\000f\000\040\000D\000e\000c\000i\000s\000i\000o\000n\000\040\000T\000r\000e\000e\000s}{section.12.1}% 325
\BOOKMARK [1][-]{section.12.2}{\376\377\000B\000o\000o\000s\000t\000i\000n\000g\000\040\000a\000n\000d\000\040\000E\000n\000s\000e\000m\000b\000l\000e\000\040\000L\000e\000a\000r\000n\000i\000n\000g}{chapter.12}% 326
\BOOKMARK [2][-]{subsection.12.2.1}{\376\377\000V\000o\000t\000i\000n\000g\000\040\000w\000i\000t\000h\000\040\000C\000l\000a\000s\000s\000i\000f\000i\000e\000r\000s}{section.12.2}% 327
\BOOKMARK [2][-]{subsection.12.2.2}{\376\377\000B\000o\000o\000s\000t\000i\000n\000g\000\040\000A\000l\000g\000o\000r\000i\000t\000h\000m\000s}{section.12.2}% 328
\BOOKMARK [1][-]{section.12.3}{\376\377\000A\000d\000a\000B\000o\000o\000s\000t}{chapter.12}% 329
\BOOKMARK [1][-]{section.12.4}{\376\377\000S\000u\000p\000p\000o\000r\000t\000\040\000V\000e\000c\000t\000o\000r\000\040\000M\000a\000c\000h\000i\000n\000e\000s}{chapter.12}% 330
\BOOKMARK [2][-]{subsection.12.4.1}{\376\377\000L\000i\000n\000e\000a\000r\000\040\000S\000V\000M\000s}{section.12.4}% 331
\BOOKMARK [2][-]{subsection.12.4.2}{\376\377\000N\000o\000n\000-\000l\000i\000n\000e\000a\000r\000\040\000S\000V\000M\000s}{section.12.4}% 332
\BOOKMARK [2][-]{subsection.12.4.3}{\376\377\000K\000e\000r\000n\000e\000l\000s}{section.12.4}% 333
\BOOKMARK [1][-]{section.12.5}{\376\377\000D\000e\000g\000r\000e\000e\000s\000\040\000o\000f\000\040\000S\000u\000p\000e\000r\000v\000i\000s\000i\000o\000n}{chapter.12}% 334
\BOOKMARK [2][-]{subsection.12.5.1}{\376\377\000S\000u\000p\000e\000r\000v\000i\000s\000e\000d\000\040\000L\000e\000a\000r\000n\000i\000n\000g}{section.12.5}% 335
\BOOKMARK [2][-]{subsection.12.5.2}{\376\377\000U\000n\000s\000u\000p\000e\000r\000v\000i\000s\000e\000d\000\040\000L\000e\000a\000r\000n\000i\000n\000g}{section.12.5}% 336
\BOOKMARK [1][-]{section.12.6}{\376\377\000T\000o\000p\000i\000c\000\040\000M\000o\000d\000e\000l\000i\000n\000g}{chapter.12}% 337
\BOOKMARK [2][-]{subsection.12.6.1}{\376\377\000S\000e\000m\000i\000-\000s\000u\000p\000e\000r\000v\000i\000s\000e\000d\000\040\000L\000e\000a\000r\000n\000i\000n\000g}{section.12.6}% 338
\BOOKMARK [2][-]{subsection.12.6.2}{\376\377\000F\000e\000a\000t\000u\000r\000e\000\040\000E\000n\000g\000i\000n\000e\000e\000r\000i\000n\000g}{section.12.6}% 339
\BOOKMARK [1][-]{section.12.7}{\376\377\000D\000e\000e\000p\000\040\000L\000e\000a\000r\000n\000i\000n\000g}{chapter.12}% 340
\BOOKMARK [2][-]{subsection.12.7.1}{\376\377\000N\000e\000t\000w\000o\000r\000k\000s\000\040\000a\000n\000d\000\040\000D\000e\000p\000t\000h}{section.12.7}% 341
\BOOKMARK [1][-]{section.12.8}{\376\377\000N\000e\000t\000w\000o\000r\000k\000\040\000D\000e\000p\000t\000h}{chapter.12}% 342
\BOOKMARK [1][-]{section.12.9}{\376\377\000N\000o\000n\000-\000l\000i\000n\000e\000a\000r\000i\000t\000y}{chapter.12}% 343
\BOOKMARK [2][-]{subsection.12.9.1}{\376\377\000B\000a\000c\000k\000p\000r\000o\000p\000a\000g\000a\000t\000i\000o\000n}{section.12.9}% 344
\BOOKMARK [2][-]{subsection.12.9.2}{\376\377\000W\000o\000r\000d\000\040\000a\000n\000d\000\040\000G\000r\000a\000p\000h\000\040\000E\000m\000b\000e\000d\000d\000i\000n\000g\000s}{section.12.9}% 345
\BOOKMARK [1][-]{section.12.10}{\376\377\000G\000r\000a\000p\000h\000\040\000E\000m\000b\000e\000d\000d\000i\000n\000g\000s}{chapter.12}% 346
\BOOKMARK [1][-]{section.12.11}{\376\377\000W\000a\000r\000\040\000S\000t\000o\000r\000y\000:\000\040\000T\000h\000e\000\040\000N\000a\000m\000e\000\040\000G\000a\000m\000e}{chapter.12}% 347
\BOOKMARK [1][-]{section.12.12}{\376\377\000C\000h\000a\000p\000t\000e\000r\000\040\000N\000o\000t\000e\000s}{chapter.12}% 348
\BOOKMARK [1][-]{section.12.13}{\376\377\000C\000l\000a\000s\000s\000i\000f\000i\000c\000a\000t\000i\000o\000n}{chapter.12}% 349
\BOOKMARK [1][-]{section.12.14}{\376\377\000D\000e\000c\000i\000s\000i\000o\000n\000\040\000T\000r\000e\000e\000s}{chapter.12}% 350
\BOOKMARK [1][-]{section.12.15}{\376\377\000N\000e\000u\000r\000a\000l\000\040\000N\000e\000t\000w\000o\000r\000k\000s}{chapter.12}% 351
\BOOKMARK [1][-]{section.12.16}{\376\377\000I\000m\000p\000l\000e\000m\000e\000n\000t\000a\000t\000i\000o\000n\000\040\000P\000r\000o\000j\000e\000c\000t\000s}{chapter.12}% 352
\BOOKMARK [1][-]{section.12.17}{\376\377\000I\000n\000t\000e\000r\000v\000i\000e\000w\000\040\000Q\000u\000e\000s\000t\000i\000o\000n\000s}{chapter.12}% 353
\BOOKMARK [2][-]{subsection.12.17.1}{\376\377\000K\000a\000g\000g\000l\000e\000\040\000C\000h\000a\000l\000l\000e\000n\000g\000e\000s}{section.12.17}% 354
\BOOKMARK [0][-]{chapter.13}{\376\377\000B\000i\000g\000\040\000D\000a\000t\000a\000:\000\040\000A\000c\000h\000i\000e\000v\000i\000n\000g\000\040\000S\000c\000a\000l\000e}{}% 355
\BOOKMARK [1][-]{section.13.1}{\376\377\000W\000h\000a\000t\000\040\000i\000s\000\040\000B\000i\000g\000\040\000D\000a\000t\000a\000?}{chapter.13}% 356
\BOOKMARK [2][-]{subsection.13.1.1}{\376\377\000B\000i\000g\000\040\000D\000a\000t\000a\000\040\000a\000s\000\040\000B\000a\000d\000\040\000D\000a\000t\000a}{section.13.1}% 357
\BOOKMARK [2][-]{subsection.13.1.2}{\376\377\000T\000h\000e\000\040\000T\000h\000r\000e\000e\000\040\000V\000s}{section.13.1}% 358
\BOOKMARK [1][-]{section.13.2}{\376\377\000W\000a\000r\000\040\000S\000t\000o\000r\000y\000:\000\040\000I\000n\000f\000r\000a\000s\000t\000r\000u\000c\000t\000u\000r\000e\000\040\000M\000a\000t\000t\000e\000r\000s}{chapter.13}% 359
\BOOKMARK [1][-]{section.13.3}{\376\377\000A\000l\000g\000o\000r\000i\000t\000h\000m\000i\000c\000s\000\040\000f\000o\000r\000\040\000B\000i\000g\000\040\000D\000a\000t\000a}{chapter.13}% 360
\BOOKMARK [2][-]{subsection.13.3.1}{\376\377\000B\000i\000g\000\040\000O\000h\000\040\000A\000n\000a\000l\000y\000s\000i\000s}{section.13.3}% 361
\BOOKMARK [2][-]{subsection.13.3.2}{\376\377\000H\000a\000s\000h\000i\000n\000g}{section.13.3}% 362
\BOOKMARK [2][-]{subsection.13.3.3}{\376\377\000E\000x\000p\000l\000o\000i\000t\000i\000n\000g\000\040\000t\000h\000e\000\040\000S\000t\000o\000r\000a\000g\000e\000\040\000H\000i\000e\000r\000a\000r\000c\000h\000y}{section.13.3}% 363
\BOOKMARK [2][-]{subsection.13.3.4}{\376\377\000S\000t\000r\000e\000a\000m\000i\000n\000g\000\040\000a\000n\000d\000\040\000S\000i\000n\000g\000l\000e\000-\000P\000a\000s\000s\000\040\000A\000l\000g\000o\000r\000i\000t\000h\000m\000s}{section.13.3}% 364
\BOOKMARK [1][-]{section.13.4}{\376\377\000F\000i\000l\000t\000e\000r\000i\000n\000g\000\040\000a\000n\000d\000\040\000S\000a\000m\000p\000l\000i\000n\000g}{chapter.13}% 365
\BOOKMARK [2][-]{subsection.13.4.1}{\376\377\000D\000e\000t\000e\000r\000m\000i\000n\000i\000s\000t\000i\000c\000\040\000S\000a\000m\000p\000l\000i\000n\000g\000\040\000A\000l\000g\000o\000r\000i\000t\000h\000m\000s}{section.13.4}% 366
\BOOKMARK [2][-]{subsection.13.4.2}{\376\377\000R\000a\000n\000d\000o\000m\000i\000z\000e\000d\000\040\000a\000n\000d\000\040\000S\000t\000r\000e\000a\000m\000\040\000S\000a\000m\000p\000l\000i\000n\000g}{section.13.4}% 367
\BOOKMARK [1][-]{section.13.5}{\376\377\000P\000a\000r\000a\000l\000l\000e\000l\000i\000s\000m}{chapter.13}% 368
\BOOKMARK [2][-]{subsection.13.5.1}{\376\377\000O\000n\000e\000,\000\040\000T\000w\000o\000,\000\040\000M\000a\000n\000y}{section.13.5}% 369
\BOOKMARK [2][-]{subsection.13.5.2}{\376\377\000D\000a\000t\000a\000\040\000P\000a\000r\000a\000l\000l\000e\000l\000i\000s\000m}{section.13.5}% 370
\BOOKMARK [2][-]{subsection.13.5.3}{\376\377\000G\000r\000i\000d\000\040\000S\000e\000a\000r\000c\000h}{section.13.5}% 371
\BOOKMARK [2][-]{subsection.13.5.4}{\376\377\000C\000l\000o\000u\000d\000\040\000C\000o\000m\000p\000u\000t\000i\000n\000g\000\040\000S\000e\000r\000v\000i\000c\000e\000s}{section.13.5}% 372
\BOOKMARK [1][-]{section.13.6}{\376\377\000M\000a\000p\000R\000e\000d\000u\000c\000e}{chapter.13}% 373
\BOOKMARK [2][-]{subsection.13.6.1}{\376\377\000M\000a\000p\000-\000R\000e\000d\000u\000c\000e\000\040\000P\000r\000o\000g\000r\000a\000m\000m\000i\000n\000g}{section.13.6}% 374
\BOOKMARK [2][-]{subsection.13.6.2}{\376\377\000M\000a\000p\000R\000e\000d\000u\000c\000e\000\040\000u\000n\000d\000e\000r\000\040\000t\000h\000e\000\040\000H\000o\000o\000d}{section.13.6}% 375
\BOOKMARK [1][-]{section.13.7}{\376\377\000D\000i\000s\000t\000r\000i\000b\000u\000t\000e\000d\000\040\000F\000i\000l\000e\000\040\000S\000y\000s\000t\000e\000m\000s}{chapter.13}% 376
\BOOKMARK [1][-]{section.13.8}{\376\377\000M\000a\000p\000R\000e\000d\000u\000c\000e\000\040\000R\000u\000n\000t\000i\000m\000e\000\040\000S\000y\000s\000t\000e\000m}{chapter.13}% 377
\BOOKMARK [1][-]{section.13.9}{\376\377\000L\000a\000y\000e\000r\000s\000\040\000u\000p\000o\000n\000\040\000L\000a\000y\000e\000r\000s}{chapter.13}% 378
\BOOKMARK [1][-]{section.13.10}{\376\377\000S\000o\000c\000i\000e\000t\000a\000l\000\040\000a\000n\000d\000\040\000E\000t\000h\000i\000c\000a\000l\000\040\000I\000m\000p\000l\000i\000c\000a\000t\000i\000o\000n\000s}{chapter.13}% 379
\BOOKMARK [1][-]{section.13.11}{\376\377\000C\000h\000a\000p\000t\000e\000r\000\040\000N\000o\000t\000e\000s}{chapter.13}% 380
\BOOKMARK [1][-]{section.13.12}{\376\377\000P\000a\000r\000a\000l\000l\000e\000l\000\040\000a\000n\000d\000\040\000D\000i\000s\000t\000r\000i\000b\000u\000t\000e\000d\000\040\000P\000r\000o\000c\000e\000s\000s\000i\000n\000g}{chapter.13}% 381
\BOOKMARK [1][-]{section.13.13}{\376\377\000E\000t\000h\000i\000c\000s}{chapter.13}% 382
\BOOKMARK [1][-]{section.13.14}{\376\377\000I\000m\000p\000l\000e\000m\000e\000n\000t\000a\000t\000i\000o\000n\000\040\000P\000r\000o\000j\000e\000c\000t\000s}{chapter.13}% 383
\BOOKMARK [1][-]{section.13.15}{\376\377\000I\000n\000t\000e\000r\000v\000i\000e\000w\000\040\000Q\000u\000e\000s\000t\000i\000o\000n\000s}{chapter.13}% 384
\BOOKMARK [2][-]{subsection.13.15.1}{\376\377\000K\000a\000g\000g\000l\000e\000\040\000C\000h\000a\000l\000l\000e\000n\000g\000e\000s}{section.13.15}% 385
\BOOKMARK [0][-]{chapter.14}{\376\377\000C\000o\000d\000a}{}% 386
\BOOKMARK [1][-]{section.14.1}{\376\377\000G\000e\000t\000\040\000a\000\040\000J\000o\000b\000!}{chapter.14}% 387
\BOOKMARK [1][-]{section.14.2}{\376\377\000G\000o\000\040\000t\000o\000\040\000G\000r\000a\000d\000u\000a\000t\000e\000\040\000S\000c\000h\000o\000o\000l\000!}{chapter.14}% 388
\BOOKMARK [1][-]{section.14.3}{\376\377\000P\000r\000o\000f\000e\000s\000s\000i\000o\000n\000a\000l\000\040\000C\000o\000n\000s\000u\000l\000t\000i\000n\000g\000\040\000S\000e\000r\000v\000i\000c\000e\000s}{chapter.14}% 389
