\BOOKMARK [1][-]{section.0.1}{\376\377\000U\000n\000d\000e\000r\000g\000r\000a\000d\000u\000a\000t\000e\000\040\000T\000o\000p\000i\000c\000s\000\040\000i\000n\000\040\000C\000o\000m\000p\000u\000t\000e\000r\000\040\000S\000c\000i\000e\000n\000c\000e}{}% 1
\BOOKMARK [1][-]{section.0.2}{\376\377\000U\000n\000d\000e\000r\000g\000r\000a\000d\000u\000a\000t\000e\000\040\000T\000o\000p\000i\000c\000s\000\040\000i\000n\000\040\000C\000o\000m\000p\000u\000t\000e\000r\000\040\000S\000c\000i\000e\000n\000c\000e}{}% 2
\BOOKMARK [1][-]{section.0.3}{\376\377\000I\000n\000t\000r\000o\000d\000u\000c\000t\000i\000o\000n\000\040\000t\000o\000\040\000C\000y\000b\000e\000r\000s\000e\000c\000u\000r\000i\000t\000y}{}% 3
\BOOKMARK [0][-]{chapter.1}{\376\377\000P\000r\000e\000f\000a\000c\000e}{}% 4
\BOOKMARK [0][-]{chapter.2}{\376\377\000A\000c\000k\000n\000o\000w\000l\000e\000d\000g\000m\000e\000n\000t\000s}{}% 5
\BOOKMARK [0][-]{chapter.3}{\376\377\000T\000e\000c\000h\000n\000i\000q\000u\000e\000\040\000a\000n\000d\000\040\000H\000u\000m\000a\000n\000\040\000B\000e\000i\000n\000g\000s}{}% 6
\BOOKMARK [1][-]{section.3.1}{\376\377\000P\000s\000y\000c\000h\000o\000l\000o\000g\000i\000c\000a\000l\000\040\000A\000t\000t\000a\000c\000k\000s}{chapter.3}% 7
\BOOKMARK [2][-]{subsection.3.1.1}{\376\377\000C\000u\000r\000i\000o\000s\000i\000t\000y}{section.3.1}% 8
\BOOKMARK [2][-]{subsection.3.1.2}{\376\377\000H\000e\000l\000p\000f\000u\000l\000n\000e\000s\000s}{section.3.1}% 9
\BOOKMARK [2][-]{subsection.3.1.3}{\376\377\000S\000y\000m\000p\000a\000t\000h\000y\000\040\000a\000n\000d\000\040\000H\000a\000t\000e}{section.3.1}% 10
\BOOKMARK [2][-]{subsection.3.1.4}{\376\377\000B\000e\000l\000i\000e\000f\000\040\000i\000n\000\040\000A\000u\000t\000h\000o\000r\000i\000t\000y}{section.3.1}% 11
\BOOKMARK [2][-]{subsection.3.1.5}{\376\377\000T\000h\000e\000\040\000B\000r\000a\000i\000n\000'\000s\000\040\000T\000w\000o\000\040\000M\000o\000d\000e\000s\000\040\000o\000f\000\040\000O\000p\000e\000r\000a\000t\000i\000o\000n}{section.3.1}% 12
\BOOKMARK [1][-]{section.3.2}{\376\377\000P\000r\000o\000b\000l\000e\000m}{chapter.3}% 13
\BOOKMARK [2][-]{subsection.3.2.1}{\376\377\000U\000n\000c\000e\000r\000t\000a\000i\000n\000t\000y\000\040\000i\000n\000\040\000D\000e\000c\000i\000s\000i\000o\000n\000\040\000M\000a\000k\000i\000n\000g}{section.3.2}% 14
\BOOKMARK [1][-]{section.3.3}{\376\377\000A\000n\000c\000h\000o\000r\000i\000n\000g}{chapter.3}% 15
\BOOKMARK [1][-]{section.3.4}{\376\377\000A\000t\000t\000r\000i\000b\000u\000t\000i\000o\000n}{chapter.3}% 16
\BOOKMARK [1][-]{section.3.5}{\376\377\000F\000r\000a\000m\000i\000n\000g}{chapter.3}% 17
\BOOKMARK [1][-]{section.3.6}{\376\377\000A\000f\000f\000e\000c\000t}{chapter.3}% 18
\BOOKMARK [1][-]{section.3.7}{\376\377\000P\000h\000i\000s\000h\000i\000n\000g}{chapter.3}% 19
\BOOKMARK [1][-]{section.3.8}{\376\377\000H\000u\000m\000a\000n\000s\000\040\000v\000s\000.\000\040\000M\000a\000c\000h\000i\000n\000e\000s}{chapter.3}% 20
\BOOKMARK [1][-]{section.3.9}{\376\377\000C\000a\000n\000\040\000P\000s\000y\000c\000h\000o\000l\000o\000g\000i\000c\000a\000l\000\040\000A\000t\000t\000a\000c\000k\000s\000\040\000B\000e\000\040\000P\000r\000e\000v\000e\000n\000t\000e\000d\000?}{chapter.3}% 21
\BOOKMARK [2][-]{subsection.3.9.1}{\376\377\000M\000o\000t\000i\000v\000a\000t\000i\000o\000n}{section.3.9}% 22
\BOOKMARK [2][-]{subsection.3.9.2}{\376\377\000T\000r\000a\000i\000n\000i\000n\000g}{section.3.9}% 23
\BOOKMARK [1][-]{section.3.10}{\376\377\000U\000s\000e\000f\000u\000l\000\040\000c\000o\000n\000c\000e\000p\000t\000s\000\040\000w\000h\000i\000c\000h\000\040\000y\000o\000u\000\040\000s\000h\000o\000u\000l\000d\000\040\000n\000o\000w\000\040\000k\000n\000o\000w\000\040\000a\000b\000o\000u\000t}{chapter.3}% 24
\BOOKMARK [1][-]{section.3.11}{\376\377\000F\000u\000r\000t\000h\000e\000r\000\040\000R\000e\000a\000d\000i\000n\000g}{chapter.3}% 25
\BOOKMARK [2][-]{subsection.3.11.1}{\376\377\000C\000y\000b\000e\000r\000s\000s\000e\000c\000u\000r\000i\000t\000y\000\040\000i\000n\000\040\000U\000l\000t\000i\000m\000a\000\040\000T\000h\000u\000l\000e\000\040\000H\000o\000s\000p\000i\000t\000a\000l}{section.3.11}% 26
\BOOKMARK [2][-]{subsection.3.11.2}{\376\377\000P\000h\000i\000s\000h\000i\000n\000g\000\040\000\050\0001\000\051}{section.3.11}% 27
\BOOKMARK [2][-]{subsection.3.11.3}{\376\377\000P\000h\000i\000s\000h\000i\000n\000g\000\040\000\050\0002\000\051}{section.3.11}% 28
\BOOKMARK [2][-]{subsection.3.11.4}{\376\377\000S\000o\000c\000i\000a\000l\000\040\000e\000n\000g\000i\000n\000e\000e\000r\000i\000n\000g}{section.3.11}% 29
\BOOKMARK [2][-]{subsection.3.11.5}{\376\377\000C\000h\000a\000n\000g\000i\000n\000g\000\040\000p\000a\000s\000s\000w\000o\000r\000d\000s}{section.3.11}% 30
\BOOKMARK [2][-]{subsection.3.11.6}{\376\377\000A\000n\000\040\000e\000-\000m\000a\000i\000l\000\040\000f\000r\000o\000m\000\040\000t\000h\000e\000\040\000b\000a\000n\000k}{section.3.11}% 31
\BOOKMARK [2][-]{subsection.3.11.7}{\376\377\000C\000E\000O\000\040\000f\000r\000a\000u\000d}{section.3.11}% 32
\BOOKMARK [0][-]{chapter.4}{\376\377\000R\000i\000s\000k}{}% 33
\BOOKMARK [1][-]{section.4.1}{\376\377\000W\000h\000a\000t\000\040\000I\000s\000\040\000R\000i\000s\000k\000?}{chapter.4}% 34
\BOOKMARK [1][-]{section.4.2}{\376\377\000T\000h\000r\000e\000a\000t\000s\000\040\000i\000n\000\040\000I\000T\000\040\000S\000y\000s\000t\000e\000m\000s}{chapter.4}% 35
\BOOKMARK [1][-]{section.4.3}{\376\377\000H\000a\000r\000d\000w\000a\000r\000e\000\040\000r\000e\000l\000a\000t\000e\000d\000\040\000t\000h\000r\000e\000a\000t\000s}{chapter.4}% 36
\BOOKMARK [1][-]{section.4.4}{\376\377\000S\000o\000f\000t\000w\000a\000r\000e\000\040\000r\000e\000l\000a\000t\000e\000d\000\040\000t\000h\000r\000e\000a\000t\000s}{chapter.4}% 37
\BOOKMARK [1][-]{section.4.5}{\376\377\000D\000a\000t\000a\000\040\000r\000e\000l\000a\000t\000e\000d\000\040\000t\000h\000r\000e\000a\000t\000s\000:}{chapter.4}% 38
\BOOKMARK [1][-]{section.4.6}{\376\377\000L\000i\000v\000e\000w\000a\000r\000e\000\040\000r\000e\000l\000a\000t\000e\000d\000\040\000t\000h\000r\000e\000a\000t\000s\000:}{chapter.4}% 39
\BOOKMARK [2][-]{subsection.4.6.1}{\376\377\000C\000o\000u\000n\000t\000e\000r\000m\000e\000a\000s\000u\000r\000e\000s}{section.4.6}% 40
\BOOKMARK [1][-]{section.4.7}{\376\377\000R\000i\000s\000k\000\040\000M\000a\000n\000a\000g\000e\000m\000e\000n\000t}{chapter.4}% 41
\BOOKMARK [1][-]{section.4.8}{\376\377\000D\000e\000f\000i\000n\000i\000t\000i\000o\000n\000\040\000\050\000R\000i\000s\000k\000\040\000m\000i\000t\000i\000g\000a\000t\000i\000o\000n\000\040\000s\000t\000a\000t\000e\000g\000i\000e\000s\000\051}{chapter.4}% 42
\BOOKMARK [1][-]{section.4.9}{\376\377\000S\000y\000s\000t\000e\000m\000a\000t\000i\000c\000\040\000S\000e\000c\000u\000r\000i\000t\000y\000\040\000A\000n\000a\000l\000y\000s\000i\000s}{chapter.4}% 43
\BOOKMARK [2][-]{subsection.4.9.1}{\376\377\000I\000S\000O\000/\000I\000E\000C\000\040\0002\0007\0000\0000\0002}{section.4.9}% 44
\BOOKMARK [2][-]{subsection.4.9.2}{\376\377\000O\000C\000T\000A\000V\000E\000\256}{section.4.9}% 45
\BOOKMARK [2][-]{subsection.4.9.3}{\376\377\000O\000C\000T\000A\000V\000E\000\040\000P\000h\000a\000s\000e\000\040\0001}{section.4.9}% 46
\BOOKMARK [2][-]{subsection.4.9.4}{\376\377\000O\000C\000T\000A\000V\000E\000\040\000T\000h\000r\000e\000a\000t\000\040\000P\000r\000o\000f\000i\000l\000e\000s}{section.4.9}% 47
\BOOKMARK [2][-]{subsection.4.9.5}{\376\377\000O\000C\000T\000A\000V\000E\000\040\000T\000h\000r\000e\000a\000t\000\040\000C\000l\000a\000s\000s\000e\000s}{section.4.9}% 48
\BOOKMARK [2][-]{subsection.4.9.6}{\376\377\000T\000h\000r\000e\000a\000t\000\040\000A\000n\000a\000l\000y\000s\000i\000s}{section.4.9}% 49
\BOOKMARK [1][-]{section.4.10}{\376\377\000T\000h\000r\000e\000a\000t}{chapter.4}% 50
\BOOKMARK [1][-]{section.4.11}{\376\377\000R\000i\000s\000k\000\040\000M\000a\000n\000a\000g\000e\000m\000e\000n\000t\000\040\000a\000s\000\040\000a\000\040\000P\000D\000C\000A\000\040\000P\000r\000o\000c\000e\000s\000s}{chapter.4}% 51
\BOOKMARK [1][-]{section.4.12}{\376\377\000U\000s\000e\000f\000u\000l\000\040\000c\000o\000n\000c\000e\000p\000t\000s\000\040\000w\000h\000i\000c\000h\000\040\000y\000o\000u\000\040\000s\000h\000o\000u\000l\000d\000\040\000n\000o\000w\000\040\000k\000n\000o\000w\000\040\000a\000b\000o\000u\000t}{chapter.4}% 52
\BOOKMARK [1][-]{section.4.13}{\376\377\000F\000u\000r\000t\000h\000e\000r\000\040\000R\000e\000a\000d\000i\000n\000g}{chapter.4}% 53
\BOOKMARK [2][-]{subsection.4.13.1}{\376\377\000T\000h\000e\000\040\000p\000a\000t\000i\000e\000n\000t\000\040\000r\000e\000c\000o\000r\000d\000\040\000s\000y\000s\000t\000e\000m}{section.4.13}% 54
\BOOKMARK [2][-]{subsection.4.13.2}{\376\377\000I\000n\000t\000e\000r\000n\000a\000l\000\040\000a\000n\000d\000\040\000e\000k\000s\000t\000e\000r\000n\000a\000l\000\040\000a\000t\000t\000a\000c\000k\000e\000r\000s}{section.4.13}% 55
\BOOKMARK [2][-]{subsection.4.13.3}{\376\377\000C\000y\000b\000e\000r\000e\000s\000p\000i\000o\000n\000a\000g\000e}{section.4.13}% 56
\BOOKMARK [2][-]{subsection.4.13.4}{\376\377\000O\000b\000j\000e\000c\000t\000i\000v\000e\000\040\000a\000n\000d\000\040\000s\000u\000b\000j\000e\000c\000t\000i\000v\000e\000\040\000r\000i\000s\000k}{section.4.13}% 57
\BOOKMARK [2][-]{subsection.4.13.5}{\376\377\000R\000i\000s\000k\000\040\000A\000n\000a\000l\000y\000s\000i\000s\000\040\000f\000o\000r\000\040\000a\000\040\000s\000m\000a\000r\000t\000p\000h\000o\000n\000e}{section.4.13}% 58
\BOOKMARK [1][-]{section.4.14}{\376\377\000C\000r\000y\000p\000t\000o\000g\000r\000a\000p\000h\000y}{chapter.4}% 59
\BOOKMARK [1][-]{section.4.15}{\376\377\000S\000o\000m\000e\000\040\000C\000e\000n\000t\000r\000a\000l\000\040\000C\000o\000n\000c\000e\000p\000t\000s}{chapter.4}% 60
\BOOKMARK [2][-]{subsection.4.15.1}{\376\377\000C\000r\000y\000p\000t\000o\000s\000y\000s\000t\000e\000m\000s}{section.4.15}% 61
\BOOKMARK [2][-]{subsection.4.15.2}{\376\377\000C\000r\000y\000p\000t\000a\000n\000a\000l\000y\000s\000i\000s}{section.4.15}% 62
\BOOKMARK [1][-]{section.4.16}{\376\377\000D\000e\000f\000i\000n\000i\000t\000i\000o\000n\000\040\000\050\000A\000t\000t\000a\000c\000k\000\040\000c\000l\000a\000s\000s\000e\000s\000\051}{chapter.4}% 63
\BOOKMARK [1][-]{section.4.17}{\376\377\000S\000y\000m\000m\000e\000t\000r\000i\000c\000\040\000E\000n\000c\000r\000y\000p\000t\000i\000o\000n}{chapter.4}% 64
\BOOKMARK [2][-]{subsection.4.17.1}{\376\377\000S\000u\000b\000s\000t\000i\000t\000u\000t\000i\000o\000n\000\040\000C\000i\000p\000h\000e\000r\000s}{section.4.17}% 65
\BOOKMARK [2][-]{subsection.4.17.2}{\376\377\000R\000a\000n\000d\000o\000m\000\040\000P\000e\000r\000m\000u\000t\000a\000t\000i\000o\000n}{section.4.17}% 66
\BOOKMARK [2][-]{subsection.4.17.3}{\376\377\000P\000o\000l\000y\000a\000l\000p\000h\000a\000b\000e\000t\000i\000c\000\040\000C\000i\000p\000h\000e\000r\000s}{section.4.17}% 67
\BOOKMARK [2][-]{subsection.4.17.4}{\376\377\000V\000i\000g\000e\000n\000\350\000r\000e\000\040\000C\000i\000p\000h\000e\000r\000s}{section.4.17}% 68
\BOOKMARK [2][-]{subsection.4.17.5}{\376\377\000T\000r\000a\000n\000s\000p\000o\000s\000i\000t\000i\000o\000n\000\040\000C\000i\000p\000h\000e\000r\000s}{section.4.17}% 69
\BOOKMARK [1][-]{section.4.18}{\376\377\000M\000o\000d\000e\000r\000n\000\040\000I\000d\000e\000a\000s}{chapter.4}% 70
\BOOKMARK [2][-]{subsection.4.18.1}{\376\377\000O\000n\000e\000-\000T\000i\000m\000e\000\040\000P\000a\000d\000s}{section.4.18}% 71
\BOOKMARK [2][-]{subsection.4.18.2}{\376\377\000C\000o\000n\000f\000u\000s\000i\000o\000n\000\040\000a\000n\000d\000\040\000D\000i\000f\000f\000u\000s\000i\000o\000n}{section.4.18}% 72
\BOOKMARK [2][-]{subsection.4.18.3}{\376\377\000D\000E\000S}{section.4.18}% 73
\BOOKMARK [2][-]{subsection.4.18.4}{\376\377\000M\000o\000d\000e\000s\000\040\000o\000f\000\040\000O\000p\000e\000r\000a\000t\000i\000o\000n}{section.4.18}% 74
\BOOKMARK [2][-]{subsection.4.18.5}{\376\377\000A\000E\000S}{section.4.18}% 75
\BOOKMARK [2][-]{subsection.4.18.6}{\376\377\000S\000y\000m\000m\000e\000t\000r\000i\000c\000\040\000S\000t\000r\000e\000a\000m\000\040\000C\000i\000p\000h\000e\000r\000s}{section.4.18}% 76
\BOOKMARK [2][-]{subsection.4.18.7}{\376\377\000S\000h\000i\000f\000t\000\040\000R\000e\000g\000i\000s\000t\000e\000r\000\040\000B\000a\000s\000e\000d\000\040\000B\000i\000t\000\040\000G\000e\000n\000e\000r\000a\000t\000o\000r\000s}{section.4.18}% 77
\BOOKMARK [2][-]{subsection.4.18.8}{\376\377\000A\000n\000\040\000A\000l\000t\000e\000r\000n\000a\000t\000i\000v\000e\000\040\000A\000p\000p\000r\000o\000a\000c\000h\000:\000\040\000R\000C\0004}{section.4.18}% 78
\BOOKMARK [2][-]{subsection.4.18.9}{\376\377\000e\000S\000t\000r\000e\000a\000m\000\040\000S\000t\000r\000e\000a\000m\000\040\000C\000i\000p\000h\000e\000r\000s}{section.4.18}% 79
\BOOKMARK [1][-]{section.4.19}{\376\377\000A\000s\000y\000m\000m\000e\000t\000r\000i\000c\000\040\000C\000r\000y\000p\000t\000o\000s\000y\000s\000t\000e\000m\000s}{chapter.4}% 80
\BOOKMARK [1][-]{section.4.20}{\376\377\000!\000\040\000W\000A\000R\000N\000I\000N\000G\000:\000\040\000M\000a\000t\000h\000e\000m\000a\000t\000i\000c\000s\000\040\000a\000h\000e\000a\000d\000!}{chapter.4}% 81
\BOOKMARK [2][-]{subsection.4.20.1}{\376\377\000T\000r\000a\000p\000d\000o\000o\000r\000\040\000F\000u\000n\000c\000t\000i\000o\000n\000s}{section.4.20}% 82
\BOOKMARK [2][-]{subsection.4.20.2}{\376\377\000M\000o\000d\000u\000l\000a\000r\000\040\000A\000r\000i\000t\000h\000m\000e\000t\000i\000c}{section.4.20}% 83
\BOOKMARK [2][-]{subsection.4.20.3}{\376\377\000T\000h\000e\000\040\000R\000S\000A\000\040\000C\000r\000y\000p\000t\000o\000s\000y\000s\000t\000e\000m}{section.4.20}% 84
\BOOKMARK [1][-]{section.4.21}{\376\377\000R\000S\000A\000'\000s\000\040\000m\000a\000t\000h\000e\000m\000a\000t\000i\000c\000a\000l\000\040\000b\000a\000s\000i\000s\000:}{chapter.4}% 85
\BOOKMARK [1][-]{section.4.22}{\376\377\000-\000\040\000E\000v\000a\000l\000u\000a\000t\000i\000n\000g\000\040\000t\000h\000e\000\040\000s\000e\000t\000\040\000o\000f\000\040\000k\000e\000y\000s\000:}{chapter.4}% 86
\BOOKMARK [1][-]{section.4.23}{\376\377\000-\000\040\000E\000n\000c\000r\000y\000p\000t\000i\000o\000n\000\040\000a\000n\000d\000\040\000d\000e\000c\000r\000y\000p\000t\000i\000o\000n\000:}{chapter.4}% 87
\BOOKMARK [2][-]{subsection.4.23.1}{\376\377\000C\000a\000l\000c\000u\000l\000a\000t\000i\000o\000n\000\040\000E\000f\000f\000i\000c\000i\000e\000n\000c\000y}{section.4.23}% 88
\BOOKMARK [2][-]{subsection.4.23.2}{\376\377\000T\000h\000e\000\040\000S\000e\000c\000u\000r\000i\000t\000y\000\040\000o\000f\000\040\000R\000S\000A}{section.4.23}% 89
\BOOKMARK [1][-]{section.4.24}{\376\377\000A\000\040\000C\000o\000m\000p\000a\000r\000i\000s\000o\000n\000\040\000o\000f\000\040\000P\000K\000C\000S\000\040\000a\000n\000d\000\040\000S\000K\000C\000S}{chapter.4}% 90
\BOOKMARK [2][-]{subsection.4.24.1}{\376\377\000C\000r\000y\000p\000t\000a\000n\000a\000l\000y\000s\000i\000s\000\040\0001}{section.4.24}% 91
\BOOKMARK [2][-]{subsection.4.24.2}{\376\377\000C\000r\000y\000p\000t\000a\000n\000a\000l\000y\000s\000i\000s\000\040\0002}{section.4.24}% 92
\BOOKMARK [2][-]{subsection.4.24.3}{\376\377\000A\000E\000S\0001\0002\0008\000\040\000i\000n\000\040\000E\000C\000B\000\040\000m\000o\000d\000e}{section.4.24}% 93
\BOOKMARK [2][-]{subsection.4.24.4}{\376\377\000A\000E\000S\0001\0002\0008\000\040\000i\000n\000\040\000C\000B\000C\000\040\000m\000o\000d\000e}{section.4.24}% 94
\BOOKMARK [2][-]{subsection.4.24.5}{\376\377\000A\000E\000S\000\040\000w\000i\000t\000h\000\040\000t\000w\000o\000\040\000r\000e\000l\000a\000t\000e\000d\000\040\000k\000e\000y\000s}{section.4.24}% 95
\BOOKMARK [2][-]{subsection.4.24.6}{\376\377\000R\000C\0004}{section.4.24}% 96
\BOOKMARK [2][-]{subsection.4.24.7}{\376\377\000T\000h\000e\000\040\000t\000e\000a\000m\000\040\000m\000a\000r\000c\000h\000e\000s\000\040\000i\000n}{section.4.24}% 97
\BOOKMARK [2][-]{subsection.4.24.8}{\376\377\000R\000S\000A\000\040\000d\000e\000c\000r\000y\000p\000t\000i\000o\000n}{section.4.24}% 98
\BOOKMARK [2][-]{subsection.4.24.9}{\376\377\000C\000h\000o\000o\000s\000i\000n\000g\000\040\000a\000n\000\040\000R\000S\000A\000\040\000m\000o\000d\000u\000l\000u\000s}{section.4.24}% 99
\BOOKMARK [0][-]{chapter.5}{\376\377\000A\000p\000p\000l\000i\000e\000d\000\040\000C\000r\000y\000p\000t\000o\000g\000r\000a\000p\000h\000y}{}% 100
\BOOKMARK [1][-]{section.5.1}{\376\377\000I\000n\000t\000e\000g\000r\000i\000t\000y}{chapter.5}% 101
\BOOKMARK [2][-]{subsection.5.1.1}{\376\377\000C\000r\000y\000p\000t\000o\000g\000r\000a\000p\000h\000i\000c\000\040\000H\000a\000s\000h\000\040\000F\000u\000n\000c\000t\000i\000o\000n\000s}{section.5.1}% 102
\BOOKMARK [2][-]{subsection.5.1.2}{\376\377\000M\000A\000C}{section.5.1}% 103
\BOOKMARK [1][-]{section.5.2}{\376\377\000E\000l\000e\000c\000t\000r\000o\000n\000i\000c\000\040\000S\000i\000g\000n\000a\000t\000u\000r\000e\000s}{chapter.5}% 104
\BOOKMARK [1][-]{section.5.3}{\376\377\000R\000e\000q\000u\000i\000r\000e\000m\000e\000n\000t\000s\000\040\000\050\000P\000r\000o\000p\000e\000r\000t\000i\000e\000s\000\040\000o\000f\000\040\000a\000\040\000e\000l\000e\000c\000t\000r\000o\000n\000i\000c\000\040\000s\000i\000g\000n\000a\000t\000u\000r\000e\000\051}{chapter.5}% 105
\BOOKMARK [2][-]{subsection.5.3.1}{\376\377\000V\000e\000r\000i\000f\000i\000c\000a\000t\000i\000o\000n\000\040\000o\000f\000\040\000E\000l\000e\000c\000t\000r\000o\000n\000i\000c\000\040\000S\000i\000g\000n\000a\000t\000u\000r\000e\000s}{section.5.3}% 106
\BOOKMARK [2][-]{subsection.5.3.2}{\376\377\000E\000l\000e\000c\000t\000r\000o\000n\000i\000c\000\040\000S\000i\000g\000n\000a\000t\000u\000r\000e\000s\000\040\000w\000i\000t\000h\000\040\000a\000\040\000P\000K\000C\000S}{section.5.3}% 107
\BOOKMARK [2][-]{subsection.5.3.3}{\376\377\000D\000i\000g\000i\000t\000a\000l\000\040\000S\000i\000g\000n\000a\000t\000u\000r\000e\000\040\000S\000t\000a\000n\000d\000a\000r\000d\000\040\000\050\000D\000S\000S\000\051}{section.5.3}% 108
\BOOKMARK [1][-]{section.5.4}{\376\377\000F\000o\000r\000m\000a\000t\000i\000o\000n\000\040\000o\000f\000\040\000a\000\040\000s\000i\000g\000n\000a\000t\000u\000r\000e\000:}{chapter.5}% 109
\BOOKMARK [1][-]{section.5.5}{\376\377\000V\000e\000r\000i\000f\000i\000c\000a\000t\000i\000o\000n\000\040\000o\000f\000\040\000a\000\040\000s\000i\000g\000n\000a\000t\000u\000r\000e\000:}{chapter.5}% 110
\BOOKMARK [1][-]{section.5.6}{\376\377\000E\000f\000f\000i\000c\000i\000e\000n\000c\000y\000:}{chapter.5}% 111
\BOOKMARK [1][-]{section.5.7}{\376\377\000S\000e\000c\000u\000r\000i\000t\000y\000\040\000i\000n\000\040\000D\000S\000A\000:}{chapter.5}% 112
\BOOKMARK [2][-]{subsection.5.7.1}{\376\377\000P\000l\000a\000n\000n\000i\000n\000g\000\040\000f\000o\000r\000\040\000t\000h\000e\000\040\000F\000u\000t\000u\000r\000e}{section.5.7}% 113
\BOOKMARK [1][-]{section.5.8}{\376\377\000A\000u\000t\000h\000e\000n\000t\000i\000c\000a\000t\000i\000o\000n}{chapter.5}% 114
\BOOKMARK [1][-]{section.5.9}{\376\377\000R\000e\000q\000u\000i\000r\000e\000m\000e\000n\000t\000s\000\040\000\050\000P\000r\000o\000p\000e\000r\000t\000i\000e\000s\000\040\000o\000f\000\040\000a\000n\000\040\000a\000u\000t\000h\000e\000n\000t\000i\000c\000a\000t\000i\000o\000n\000\040\000p\000r\000o\000t\000o\000c\000o\000l\000\051}{chapter.5}% 115
\BOOKMARK [2][-]{subsection.5.9.1}{\376\377\000T\000y\000p\000e\000s\000\040\000o\000f\000\040\000E\000v\000i\000d\000e\000n\000c\000e}{section.5.9}% 116
\BOOKMARK [2][-]{subsection.5.9.2}{\376\377\000A\000u\000t\000h\000e\000n\000t\000i\000c\000a\000t\000i\000o\000n\000\040\000w\000i\000t\000h\000\040\000a\000n\000\040\000S\000K\000C\000S}{section.5.9}% 117
\BOOKMARK [2][-]{subsection.5.9.3}{\376\377\000A\000u\000t\000h\000e\000n\000t\000i\000c\000a\000t\000i\000o\000n\000\040\000w\000i\000t\000h\000\040\000a\000\040\000P\000K\000C\000S}{section.5.9}% 118
\BOOKMARK [1][-]{section.5.10}{\376\377\000K\000e\000y\000\040\000D\000i\000s\000t\000r\000i\000b\000u\000t\000i\000o\000n}{chapter.5}% 119
\BOOKMARK [2][-]{subsection.5.10.1}{\376\377\000D\000i\000f\000f\000i\000e\000-\000H\000e\000l\000l\000m\000a\000n\000\040\000K\000e\000y\000\040\000A\000g\000r\000e\000e\000m\000e\000n\000t}{section.5.10}% 120
\BOOKMARK [2][-]{subsection.5.10.2}{\376\377\000M\000o\000r\000e\000\040\000S\000e\000c\000u\000r\000e\000\040\000K\000e\000y\000\040\000A\000g\000r\000e\000e\000m\000e\000n\000t\000s}{section.5.10}% 121
\BOOKMARK [1][-]{section.5.11}{\376\377\000C\000e\000r\000t\000i\000f\000i\000c\000a\000t\000e\000s}{chapter.5}% 122
\BOOKMARK [2][-]{subsection.5.11.1}{\376\377\000H\000o\000w\000\040\000A\000r\000e\000\040\000C\000e\000r\000t\000i\000f\000i\000c\000a\000t\000e\000s\000\040\000I\000s\000s\000u\000e\000d\000\040\000i\000n\000\040\000a\000\040\000P\000K\000I\000?}{section.5.11}% 123
\BOOKMARK [2][-]{subsection.5.11.2}{\376\377\000A\000c\000c\000e\000s\000s\000\040\000t\000o\000\040\000C\000e\000r\000t\000i\000f\000i\000c\000a\000t\000e\000s}{section.5.11}% 124
\BOOKMARK [1][-]{section.5.12}{\376\377\000T\000r\000u\000s\000t\000\040\000M\000o\000d\000e\000l\000s}{chapter.5}% 125
\BOOKMARK [2][-]{subsection.5.12.1}{\376\377\000T\000h\000e\000\040\000H\000i\000e\000r\000a\000r\000c\000h\000i\000c\000a\000l\000\040\000T\000r\000u\000s\000t\000\040\000M\000o\000d\000e\000l}{section.5.12}% 126
\BOOKMARK [2][-]{subsection.5.12.2}{\376\377\000T\000h\000e\000\040\000W\000e\000b\000-\000o\000f\000-\000t\000r\000u\000s\000t\000\040\000M\000o\000d\000e\000l}{section.5.12}% 127
\BOOKMARK [2][-]{subsection.5.12.3}{\376\377\000T\000h\000e\000\040\000R\000e\000p\000u\000t\000a\000t\000i\000o\000n\000-\000b\000a\000s\000e\000d\000\040\000T\000r\000u\000s\000t\000\040\000M\000o\000d\000e\000l}{section.5.12}% 128
\BOOKMARK [1][-]{section.5.13}{\376\377\000E\000s\000t\000a\000b\000l\000i\000s\000h\000i\000n\000g\000\040\000a\000n\000\040\000I\000d\000e\000n\000t\000i\000t\000y}{chapter.5}% 129
\BOOKMARK [1][-]{section.5.14}{\376\377\000U\000s\000e\000f\000u\000l\000\040\000c\000o\000n\000c\000e\000p\000t\000s\000\040\000w\000h\000i\000c\000h\000\040\000y\000o\000u\000\040\000s\000h\000o\000u\000l\000d\000\040\000n\000o\000w\000\040\000k\000n\000o\000w\000\040\000a\000b\000o\000u\000t}{chapter.5}% 130
\BOOKMARK [1][-]{section.5.15}{\376\377\000F\000u\000r\000t\000h\000e\000r\000\040\000R\000e\000a\000d\000i\000n\000g}{chapter.5}% 131
\BOOKMARK [2][-]{subsection.5.15.1}{\376\377\000H\000a\000s\000h\000\040\000f\000u\000n\000c\000t\000i\000o\000n\000s}{section.5.15}% 132
\BOOKMARK [2][-]{subsection.5.15.2}{\376\377\000I\000n\000t\000e\000g\000r\000i\000t\000y\000\040\000w\000i\000t\000h\000\040\000e\000n\000c\000r\000y\000p\000t\000i\000o\000n}{section.5.15}% 133
\BOOKMARK [2][-]{subsection.5.15.3}{\376\377\000D\000o\000u\000b\000l\000e\000\040\000e\000n\000c\000r\000y\000p\000t\000i\000o\000n}{section.5.15}% 134
\BOOKMARK [2][-]{subsection.5.15.4}{\376\377\000N\000e\000e\000d\000h\000a\000m\000\040\000a\000n\000d\000\040\000S\000c\000h\000r\000o\000e\000d\000e\000r\000s\000\040\000o\000r\000i\000g\000i\000n\000a\000l\000\040\000S\000K\000C\000S\000\040\000p\000r\000o\000t\000o\000c\000o\000l}{section.5.15}% 135
\BOOKMARK [2][-]{subsection.5.15.5}{\376\377\000M\000a\000l\000l\000e\000a\000b\000i\000l\000i\000t\000y}{section.5.15}% 136
\BOOKMARK [0][-]{chapter.6}{\376\377\000C\000o\000m\000m\000u\000n\000i\000c\000a\000t\000i\000o\000n\000\040\000N\000e\000t\000w\000o\000r\000k\000s}{}% 137
\BOOKMARK [1][-]{section.6.1}{\376\377\000B\000a\000s\000i\000c\000\040\000N\000e\000t\000w\000o\000r\000k\000\040\000C\000o\000n\000c\000e\000p\000t\000s}{chapter.6}% 138
\BOOKMARK [2][-]{subsection.6.1.1}{\376\377\000L\000a\000y\000e\000r\000e\000d\000\040\000A\000r\000c\000h\000i\000t\000e\000c\000t\000u\000r\000e\000s}{section.6.1}% 139
\BOOKMARK [2][-]{subsection.6.1.2}{\376\377\000S\000e\000r\000v\000i\000c\000e\000s}{section.6.1}% 140
\BOOKMARK [2][-]{subsection.6.1.3}{\376\377\000P\000r\000o\000t\000o\000c\000o\000l\000s}{section.6.1}% 141
\BOOKMARK [1][-]{section.6.2}{\376\377\000C\000o\000m\000m\000u\000n\000i\000c\000a\000t\000i\000o\000n\000\040\000i\000n\000\040\000t\000h\000e\000\040\000I\000n\000t\000e\000r\000n\000e\000t}{chapter.6}% 142
\BOOKMARK [2][-]{subsection.6.2.1}{\376\377\000D\000a\000t\000a\000\040\000T\000r\000a\000n\000s\000f\000e\000r\000\040\000B\000e\000t\000w\000e\000e\000n\000\040\000L\000a\000y\000e\000r\000s}{section.6.2}% 143
\BOOKMARK [2][-]{subsection.6.2.2}{\376\377\000A\000d\000d\000r\000e\000s\000s\000i\000n\000g}{section.6.2}% 144
\BOOKMARK [2][-]{subsection.6.2.3}{\376\377\000I\000n\000t\000e\000r\000n\000e\000t\000\040\000N\000a\000m\000e\000s}{section.6.2}% 145
\BOOKMARK [2][-]{subsection.6.2.4}{\376\377\000I\000P\000\040\000A\000d\000d\000r\000e\000s\000s\000e\000s}{section.6.2}% 146
\BOOKMARK [2][-]{subsection.6.2.5}{\376\377\000T\000C\000P\000\040\000a\000n\000d\000\040\000U\000D\000P\000\040\000P\000o\000r\000t\000s}{section.6.2}% 147
\BOOKMARK [2][-]{subsection.6.2.6}{\376\377\000F\000u\000n\000c\000t\000i\000o\000n\000s\000\040\000i\000n\000\040\000T\000C\000P\000\040\000a\000n\000d\000\040\000I\000P}{section.6.2}% 148
\BOOKMARK [2][-]{subsection.6.2.7}{\376\377\000D\000N\000S}{section.6.2}% 149
\BOOKMARK [2][-]{subsection.6.2.8}{\376\377\000H\000o\000w\000\040\000D\000o\000\040\000t\000h\000e\000\040\000L\000a\000y\000e\000r\000s\000\040\000W\000o\000r\000k\000\040\000T\000o\000g\000e\000t\000h\000e\000r\000?}{section.6.2}% 150
\BOOKMARK [1][-]{section.6.3}{\376\377\000T\000e\000c\000h\000n\000o\000l\000o\000g\000y}{chapter.6}% 151
\BOOKMARK [2][-]{subsection.6.3.1}{\376\377\000S\000h\000a\000r\000e\000d\000\040\000C\000a\000b\000l\000e\000-\000b\000a\000s\000e\000d\000\040\000M\000e\000d\000i\000a}{section.6.3}% 152
\BOOKMARK [2][-]{subsection.6.3.2}{\376\377\000W\000i\000r\000e\000l\000e\000s\000s\000\040\000N\000e\000t\000w\000o\000r\000k\000s}{section.6.3}% 153
\BOOKMARK [2][-]{subsection.6.3.3}{\376\377\000I\000E\000E\000E\000\040\0008\0000\0002\000.\0001\0001\000\040\000M\000o\000d\000e\000s\000\040\000o\000f\000\040\000O\000p\000e\000r\000a\000t\000i\000o\000n}{section.6.3}% 154
\BOOKMARK [2][-]{subsection.6.3.4}{\376\377\000M\000o\000b\000i\000l\000e\000\040\000T\000e\000l\000e\000p\000h\000o\000n\000e\000s\000\040\000o\000n\000\040\000t\000h\000e\000\040\000N\000e\000t}{section.6.3}% 155
\BOOKMARK [1][-]{section.6.4}{\376\377\000U\000s\000e\000f\000u\000l\000\040\000c\000o\000n\000c\000e\000p\000t\000s\000\040\000w\000h\000i\000c\000h\000\040\000y\000o\000u\000\040\000s\000h\000o\000u\000l\000d\000\040\000n\000o\000w\000\040\000k\000n\000o\000w\000\040\000a\000b\000o\000u\000t}{chapter.6}% 156
\BOOKMARK [1][-]{section.6.5}{\376\377\000F\000u\000r\000t\000h\000e\000r\000\040\000R\000e\000a\000d\000i\000n\000g}{chapter.6}% 157
\BOOKMARK [2][-]{subsection.6.5.1}{\376\377\000T\000C\000P\000\040\000p\000o\000r\000t\000s}{section.6.5}% 158
\BOOKMARK [2][-]{subsection.6.5.2}{\376\377\000R\000e\000g\000i\000s\000t\000r\000a\000t\000i\000o\000n\000\040\000d\000a\000t\000a\000b\000a\000s\000e\000s}{section.6.5}% 159
\BOOKMARK [2][-]{subsection.6.5.3}{\376\377\000G\000e\000o\000l\000o\000c\000a\000t\000i\000o\000n}{section.6.5}% 160
\BOOKMARK [2][-]{subsection.6.5.4}{\376\377\000I\000d\000e\000n\000t\000i\000t\000i\000e\000s\000\040\000i\000n\000\040\000t\000h\000e\000\040\000m\000o\000b\000i\000l\000e\000\040\000n\000e\000t\000w\000o\000r\000k}{section.6.5}% 161
\BOOKMARK [0][-]{chapter.7}{\376\377\000N\000e\000t\000w\000o\000r\000k\000\040\000A\000p\000p\000l\000i\000c\000a\000t\000i\000o\000n\000s}{}% 162
\BOOKMARK [1][-]{section.7.1}{\376\377\000M\000a\000i\000l\000\040\000T\000r\000a\000n\000s\000f\000e\000r}{chapter.7}% 163
\BOOKMARK [2][-]{subsection.7.1.1}{\376\377\000M\000a\000i\000l\000\040\000R\000e\000l\000a\000y\000s}{section.7.1}% 164
\BOOKMARK [2][-]{subsection.7.1.2}{\376\377\000T\000h\000e\000\040\000S\000t\000r\000u\000c\000t\000u\000r\000e\000\040\000o\000f\000\040\000a\000\040\000M\000a\000i\000l}{section.7.1}% 165
\BOOKMARK [2][-]{subsection.7.1.3}{\376\377\000M\000I\000M\000E}{section.7.1}% 166
\BOOKMARK [1][-]{section.7.2}{\376\377\000T\000r\000a\000n\000s\000f\000e\000r\000\040\000o\000f\000\040\000W\000e\000b\000\040\000P\000a\000g\000e\000s}{chapter.7}% 167
\BOOKMARK [1][-]{section.7.3}{\376\377\000C\000l\000a\000s\000s\000i\000c\000\040\000D\000a\000n\000i\000s\000h\000\040\000R\000e\000c\000i\000p\000e\000s}{chapter.7}% 168
\BOOKMARK [1][-]{section.7.4}{\376\377\000U\000s\000e\000f\000u\000l\000\040\000c\000o\000n\000c\000e\000p\000t\000s\000\040\000w\000h\000i\000c\000h\000\040\000y\000o\000u\000\040\000s\000h\000o\000u\000l\000d\000\040\000n\000o\000w\000\040\000k\000n\000o\000w\000\040\000a\000b\000o\000u\000t}{chapter.7}% 169
\BOOKMARK [2][-]{subsection.7.4.1}{\376\377\000T\000r\000a\000c\000i\000n\000g\000\040\000e\000-\000m\000a\000i\000l}{section.7.4}% 170
\BOOKMARK [2][-]{subsection.7.4.2}{\376\377\000C\000h\000a\000r\000a\000c\000t\000e\000r\000\040\000e\000n\000c\000o\000d\000i\000n\000g\000\040\000i\000n\000\040\000e\000-\000m\000a\000i\000l}{section.7.4}% 171
\BOOKMARK [2][-]{subsection.7.4.3}{\376\377\000H\000e\000a\000d\000e\000r\000\040\000f\000i\000e\000l\000d\000s\000\040\000i\000n\000\040\000H\000T\000T\000P}{section.7.4}% 172
\BOOKMARK [1][-]{section.7.5}{\376\377\000!\000\040\000W\000a\000t\000c\000h\000\040\000o\000u\000t\000!}{chapter.7}% 173
\BOOKMARK [1][-]{section.7.6}{\376\377\000N\000e\000t\000w\000o\000r\000k\000\040\000S\000e\000c\000u\000r\000i\000t\000y}{chapter.7}% 174
\BOOKMARK [1][-]{section.7.7}{\376\377\000P\000r\000o\000t\000e\000c\000t\000i\000o\000n\000\040\000B\000a\000s\000e\000d\000\040\000o\000n\000\040\000C\000r\000y\000p\000t\000o\000g\000r\000a\000p\000h\000i\000c\000\040\000M\000e\000t\000h\000o\000d\000s}{chapter.7}% 175
\BOOKMARK [2][-]{subsection.7.7.1}{\376\377\000T\000h\000e\000\040\000A\000p\000p\000l\000i\000c\000a\000t\000i\000o\000n\000\040\000L\000a\000y\000e\000r}{section.7.7}% 176
\BOOKMARK [2][-]{subsection.7.7.2}{\376\377\000T\000h\000e\000\040\000T\000r\000a\000n\000s\000p\000o\000r\000t\000\040\000L\000a\000y\000e\000r}{section.7.7}% 177
\BOOKMARK [2][-]{subsection.7.7.3}{\376\377\000T\000h\000e\000\040\000I\000n\000t\000e\000r\000n\000e\000t\000\040\000L\000a\000y\000e\000r}{section.7.7}% 178
\BOOKMARK [2][-]{subsection.7.7.4}{\376\377\000T\000h\000e\000\040\000L\000i\000n\000k\000\040\000L\000a\000y\000e\000r}{section.7.7}% 179
\BOOKMARK [2][-]{subsection.7.7.5}{\376\377\000T\000h\000e\000\040\000P\000h\000y\000s\000i\000c\000a\000l\000\040\000L\000a\000y\000e\000r}{section.7.7}% 180
\BOOKMARK [1][-]{section.7.8}{\376\377\000E\000n\000c\000r\000y\000p\000t\000i\000o\000n\000\040\000i\000n\000\040\000t\000h\000e\000\040\000A\000p\000p\000l\000i\000c\000a\000t\000i\000o\000n\000\040\000L\000a\000y\000e\000r}{chapter.7}% 181
\BOOKMARK [1][-]{section.7.9}{\376\377\000V\000i\000r\000t\000u\000a\000l\000\040\000P\000r\000i\000v\000a\000t\000e\000\040\000N\000e\000t\000w\000o\000r\000k\000s}{chapter.7}% 182
\BOOKMARK [1][-]{section.7.10}{\376\377\000D\000e\000f\000i\000n\000i\000t\000i\000o\000n\000\040\000\050\000V\000i\000r\000t\000u\000a\000l\000\040\000P\000r\000i\000v\000a\000t\000e\000\040\000N\000e\000t\000w\000o\000r\000k\000\051}{chapter.7}% 183
\BOOKMARK [2][-]{subsection.7.10.1}{\376\377\000T\000u\000n\000n\000e\000l\000i\000n\000g}{section.7.10}% 184
\BOOKMARK [1][-]{section.7.11}{\376\377\000D\000e\000f\000i\000n\000i\000t\000i\000o\000n\000\040\000\050\000T\000u\000n\000n\000e\000l\000i\000n\000g\000\051}{chapter.7}% 185
\BOOKMARK [2][-]{subsection.7.11.1}{\376\377\000"\000S\000i\000t\000e\000-\000t\000o\000-\000s\000i\000t\000e\000"\000\040\000T\000u\000n\000n\000e\000l\000i\000n\000g}{section.7.11}% 186
\BOOKMARK [2][-]{subsection.7.11.2}{\376\377\000S\000e\000c\000u\000r\000e\000\040\000S\000i\000t\000e\000-\000t\000o\000-\000s\000i\000t\000e\000\040\000T\000u\000n\000n\000e\000l\000i\000n\000g\000\040\000i\000n\000\040\000a\000\040\000V\000P\000N}{section.7.11}% 187
\BOOKMARK [2][-]{subsection.7.11.3}{\376\377\000S\000e\000c\000u\000r\000e\000\040\000H\000o\000s\000t\000-\000t\000o\000-\000s\000i\000t\000e\000\040\000T\000u\000n\000n\000e\000l\000i\000n\000g\000\040\000i\000n\000\040\000a\000\040\000V\000P\000N}{section.7.11}% 188
\BOOKMARK [2][-]{subsection.7.11.4}{\376\377\000W\000h\000i\000c\000h\000\040\000L\000a\000y\000e\000r\000s\000\040\000A\000r\000e\000\040\000U\000s\000e\000d\000\040\000f\000o\000r\000\040\000V\000P\000N\000s\000?}{section.7.11}% 189
\BOOKMARK [2][-]{subsection.7.11.5}{\376\377\000A\000n\000o\000n\000y\000m\000o\000u\000s\000\040\000C\000o\000m\000m\000u\000n\000i\000c\000a\000t\000i\000o\000n\000\040\000i\000n\000\040\000t\000h\000e\000\040\000I\000n\000t\000e\000r\000n\000e\000t}{section.7.11}% 190
\BOOKMARK [1][-]{section.7.12}{\376\377\000S\000e\000c\000u\000r\000e\000\040\000S\000o\000c\000k\000e\000t\000\040\000L\000a\000y\000e\000r}{chapter.7}% 191
\BOOKMARK [2][-]{subsection.7.12.1}{\376\377\000S\000S\000L\000\040\000P\000r\000o\000t\000o\000c\000o\000l\000\040\000A\000r\000c\000h\000i\000t\000e\000c\000t\000u\000r\000e}{section.7.12}% 192
\BOOKMARK [2][-]{subsection.7.12.2}{\376\377\000S\000S\000L\000/\000T\000L\000S\000\040\000S\000e\000c\000u\000r\000i\000t\000y\000\040\000P\000a\000r\000a\000m\000e\000t\000e\000r\000\040\000S\000e\000t\000s}{section.7.12}% 193
\BOOKMARK [2][-]{subsection.7.12.3}{\376\377\000P\000r\000o\000t\000o\000c\000o\000l\000s\000\040\000S\000e\000c\000u\000r\000e\000d\000\040\000w\000i\000t\000h\000\040\000S\000S\000L\000/\000T\000L\000S}{section.7.12}% 194
\BOOKMARK [1][-]{section.7.13}{\376\377\000R\000i\000s\000k\000s\000\040\000i\000n\000\040\000U\000s\000i\000n\000g\000\040\000C\000e\000r\000t\000i\000f\000i\000c\000a\000t\000e\000s}{chapter.7}% 195
\BOOKMARK [1][-]{section.7.14}{\376\377\000F\000i\000r\000e\000w\000a\000l\000l\000s}{chapter.7}% 196
\BOOKMARK [1][-]{section.7.15}{\376\377\000R\000e\000q\000u\000i\000r\000e\000m\000e\000n\000t\000s\000\040\000\050\000O\000p\000e\000r\000a\000t\000i\000o\000n\000\040\000o\000f\000\040\000a\000\040\000f\000i\000r\000e\000w\000a\000l\000l\000\051}{chapter.7}% 197
\BOOKMARK [2][-]{subsection.7.15.1}{\376\377\000T\000y\000p\000e\000s\000\040\000o\000f\000\040\000F\000i\000r\000e\000w\000a\000l\000l}{section.7.15}% 198
\BOOKMARK [2][-]{subsection.7.15.2}{\376\377\000P\000l\000a\000c\000e\000m\000e\000n\000t\000\040\000o\000f\000\040\000F\000i\000r\000e\000w\000a\000l\000l\000s}{section.7.15}% 199
\BOOKMARK [2][-]{subsection.7.15.3}{\376\377\000R\000e\000s\000i\000d\000u\000a\000l\000\040\000R\000i\000s\000k\000s\000\040\000C\000o\000n\000n\000e\000c\000t\000e\000d\000\040\000w\000i\000t\000h\000\040\000F\000i\000r\000e\000w\000a\000l\000l\000s}{section.7.15}% 200
\BOOKMARK [2][-]{subsection.7.15.4}{\376\377\000P\000e\000r\000s\000o\000n\000a\000l\000\040\000F\000i\000r\000e\000w\000a\000l\000l\000s}{section.7.15}% 201
\BOOKMARK [1][-]{section.7.16}{\376\377\000I\000n\000t\000r\000u\000s\000i\000o\000n\000\040\000D\000e\000t\000e\000c\000t\000i\000o\000n\000\040\000S\000y\000s\000t\000e\000m\000s\000\040\000\050\000I\000D\000S\000\051}{chapter.7}% 202
\BOOKMARK [2][-]{subsection.7.16.1}{\376\377\000P\000r\000i\000n\000c\000i\000p\000l\000e\000s\000\040\000o\000f\000\040\000O\000p\000e\000r\000a\000t\000i\000o\000n}{section.7.16}% 203
\BOOKMARK [2][-]{subsection.7.16.2}{\376\377\000N\000e\000t\000w\000o\000r\000k\000\040\000I\000D\000S\000s\000\040\000\050\000N\000I\000D\000S\000\051}{section.7.16}% 204
\BOOKMARK [2][-]{subsection.7.16.3}{\376\377\000H\000o\000s\000t\000\040\000I\000D\000S\000s\000\040\000\050\000H\000I\000D\000S\000\051}{section.7.16}% 205
\BOOKMARK [2][-]{subsection.7.16.4}{\376\377\000S\000e\000c\000u\000r\000i\000t\000y\000\040\000i\000n\000\040\000W\000i\000r\000e\000l\000e\000s\000s\000\040\000N\000e\000t\000w\000o\000r\000k\000s}{section.7.16}% 206
\BOOKMARK [2][-]{subsection.7.16.5}{\376\377\000O\000r\000i\000g\000i\000n\000a\000l\000\040\000W\000i\000F\000i\000\040\000S\000e\000c\000u\000r\000i\000t\000y\000\040\000\050\000W\000E\000P\000\051}{section.7.16}% 207
\BOOKMARK [1][-]{section.7.17}{\376\377\000O\000p\000e\000n\000\040\000S\000y\000s\000t\000e\000m\000\040\000a\000u\000t\000h\000e\000n\000t\000i\000c\000a\000t\000i\000o\000n}{chapter.7}% 208
\BOOKMARK [1][-]{section.7.18}{\376\377\000S\000h\000a\000r\000e\000d\000\040\000K\000e\000y\000\040\000a\000u\000t\000h\000e\000n\000t\000i\000c\000a\000t\000i\000o\000n}{chapter.7}% 209
\BOOKMARK [2][-]{subsection.7.18.1}{\376\377\000D\000e\000v\000e\000l\000o\000p\000m\000e\000n\000t\000\040\000o\000f\000\040\000S\000e\000c\000u\000r\000i\000t\000y\000\040\000i\000n\000\040\000I\000E\000E\000E\000\040\0008\0000\0002\000.\0001\0001}{section.7.18}% 210
\BOOKMARK [2][-]{subsection.7.18.2}{\376\377\000S\000e\000c\000u\000r\000i\000t\000y\000\040\000i\000n\000\040\000B\000l\000u\000e\000t\000o\000o\000t\000h}{section.7.18}% 211
\BOOKMARK [1][-]{section.7.19}{\376\377\000S\000e\000c\000u\000r\000i\000t\000y\000\040\000i\000n\000\040\000t\000h\000e\000\040\000M\000o\000b\000i\000l\000e\000\040\000T\000e\000l\000e\000p\000h\000o\000n\000e\000\040\000N\000e\000t\000w\000o\000r\000k}{chapter.7}% 212
\BOOKMARK [2][-]{subsection.7.19.1}{\376\377\000S\000e\000c\000u\000r\000i\000t\000y\000\040\000i\000n\000\040\000G\000S\000M}{section.7.19}% 213
\BOOKMARK [2][-]{subsection.7.19.2}{\376\377\000C\000a\000n\000\040\000t\000h\000e\000\040\000A\0005\000\040\000F\000u\000n\000c\000t\000i\000o\000n\000s\000\040\000B\000e\000\040\000B\000r\000o\000k\000e\000n\000\040\000i\000n\000\040\000P\000r\000a\000c\000t\000i\000c\000e\000?}{section.7.19}% 214
\BOOKMARK [2][-]{subsection.7.19.3}{\376\377\000S\000e\000c\000u\000r\000i\000t\000y\000\040\000i\000n\000\040\000U\000M\000T\000S}{section.7.19}% 215
\BOOKMARK [2][-]{subsection.7.19.4}{\376\377\000F\000a\000l\000s\000e\000\040\000B\000T\000S\000s\000\040\000a\000n\000d\000\040\000S\000u\000r\000v\000e\000i\000l\000l\000a\000n\000c\000e}{section.7.19}% 216
\BOOKMARK [2][-]{subsection.7.19.5}{\376\377\000I\000s\000\040\000Y\000o\000u\000r\000\040\000M\000o\000b\000i\000l\000e\000\040\000D\000e\000v\000i\000c\000e\000\040\000S\000e\000c\000u\000r\000e\000?}{section.7.19}% 217
\BOOKMARK [1][-]{section.7.20}{\376\377\000D\000e\000n\000i\000a\000l\000\040\000o\000f\000\040\000S\000e\000r\000v\000i\000c\000e\000\040\000\050\000D\000o\000S\000\051\000\040\000A\000t\000t\000a\000c\000k\000s}{chapter.7}% 218
\BOOKMARK [2][-]{subsection.7.20.1}{\376\377\000D\000o\000S\000\040\000A\000t\000t\000a\000c\000k\000s\000\040\000i\000n\000\040\000t\000h\000e\000\040\000A\000p\000p\000l\000i\000c\000a\000t\000i\000o\000n\000\040\000L\000a\000y\000e\000r}{section.7.20}% 219
\BOOKMARK [2][-]{subsection.7.20.2}{\376\377\000D\000o\000S\000\040\000A\000t\000t\000a\000c\000k\000s\000\040\000i\000n\000\040\000t\000h\000e\000\040\000T\000r\000a\000n\000s\000p\000o\000r\000t\000\040\000L\000a\000y\000e\000r}{section.7.20}% 220
\BOOKMARK [2][-]{subsection.7.20.3}{\376\377\000D\000o\000S\000\040\000A\000t\000t\000a\000c\000k\000s\000\040\000i\000n\000\040\000t\000h\000e\000\040\000I\000n\000t\000e\000r\000n\000e\000t\000\040\000L\000a\000y\000e\000r}{section.7.20}% 221
\BOOKMARK [2][-]{subsection.7.20.4}{\376\377\000D\000o\000S\000\040\000A\000t\000t\000a\000c\000k\000s\000\040\000i\000n\000\040\000t\000h\000e\000\040\000L\000i\000n\000k\000\040\000a\000n\000d\000\040\000P\000h\000y\000s\000i\000c\000a\000l\000\040\000L\000a\000y\000e\000r\000s}{section.7.20}% 222
\BOOKMARK [2][-]{subsection.7.20.5}{\376\377\000D\000i\000s\000t\000r\000i\000b\000u\000t\000e\000d\000\040\000D\000o\000S\000\040\000A\000t\000t\000a\000c\000k\000s}{section.7.20}% 223
\BOOKMARK [2][-]{subsection.7.20.6}{\376\377\000P\000e\000r\000m\000a\000n\000e\000n\000t\000\040\000D\000o\000S\000\040\000A\000t\000t\000a\000c\000k\000s}{section.7.20}% 224
\BOOKMARK [2][-]{subsection.7.20.7}{\376\377\000R\000i\000s\000k\000s\000\040\000a\000n\000d\000\040\000C\000o\000u\000n\000t\000e\000r\000m\000e\000a\000s\000u\000r\000e\000s\000\040\000f\000o\000r\000\040\000D\000O\000S\000\040\000A\000t\000t\000a\000c\000k\000s}{section.7.20}% 225
\BOOKMARK [1][-]{section.7.21}{\376\377\000S\000e\000c\000u\000r\000i\000t\000y\000\040\000i\000n\000\040\000D\000N\000S}{chapter.7}% 226
\BOOKMARK [2][-]{subsection.7.21.1}{\376\377\000C\000o\000u\000n\000t\000e\000r\000m\000e\000a\000s\000u\000r\000e\000s\000\040\000f\000o\000r\000\040\000U\000s\000e\000\040\000i\000n\000\040\000D\000N\000S}{section.7.21}% 227
\BOOKMARK [1][-]{section.7.22}{\376\377\000S\000e\000c\000u\000r\000i\000t\000y\000\040\000i\000n\000\040\000S\000M\000T\000P}{chapter.7}% 228
\BOOKMARK [2][-]{subsection.7.22.1}{\376\377\000S\000P\000F}{section.7.22}% 229
\BOOKMARK [2][-]{subsection.7.22.2}{\376\377\000D\000K\000I\000M}{section.7.22}% 230
\BOOKMARK [1][-]{section.7.23}{\376\377\000S\000e\000c\000u\000r\000i\000t\000y\000\040\000i\000n\000\040\000S\000N\000M\000P}{chapter.7}% 231
\BOOKMARK [2][-]{subsection.7.23.1}{\376\377\000R\000i\000s\000k\000s\000\040\000a\000n\000d\000\040\000C\000o\000u\000n\000t\000e\000r\000m\000e\000a\000s\000u\000r\000e\000s\000\040\000i\000n\000\040\000U\000s\000i\000n\000g\000\040\000S\000N\000M\000P}{section.7.23}% 232
\BOOKMARK [1][-]{section.7.24}{\376\377\000C\000r\000i\000t\000i\000c\000a\000l\000\040\000I\000n\000f\000r\000a\000s\000t\000r\000u\000c\000t\000u\000r\000e\000\040\000P\000r\000o\000t\000e\000c\000t\000i\000o\000n}{chapter.7}% 233
\BOOKMARK [1][-]{section.7.25}{\376\377\000E\000v\000a\000l\000u\000a\000t\000i\000o\000n\000\040\000o\000f\000\040\000N\000e\000t\000w\000o\000r\000k\000\040\000S\000e\000c\000u\000r\000i\000t\000y}{chapter.7}% 234
\BOOKMARK [1][-]{section.7.26}{\376\377\000F\000u\000r\000t\000h\000e\000r\000\040\000R\000e\000a\000d\000i\000n\000g}{chapter.7}% 235
\BOOKMARK [2][-]{subsection.7.26.1}{\376\377\000C\000y\000b\000e\000r\000s\000q\000u\000a\000t\000t\000i\000n\000g}{section.7.26}% 236
\BOOKMARK [2][-]{subsection.7.26.2}{\376\377\000M\000o\000n\000i\000t\000o\000r\000i\000n\000g\000\040\000w\000i\000r\000e\000l\000e\000s\000s\000\040\000p\000e\000r\000s\000o\000n\000a\000l\000\040\000n\000e\000t\000w\000o\000r\000k\000s}{section.7.26}% 237
\BOOKMARK [2][-]{subsection.7.26.3}{\376\377\000U\000s\000i\000n\000g\000\040\000u\000n\000e\000n\000c\000r\000y\000p\000t\000e\000d\000\040\000w\000i\000r\000e\000l\000e\000s\000s\000\040\000n\000e\000t\000w\000o\000r\000k\000s}{section.7.26}% 238
\BOOKMARK [2][-]{subsection.7.26.4}{\376\377\000T\000h\000e\000\040\000f\000a\000l\000s\000e\000\040\000A\000P}{section.7.26}% 239
\BOOKMARK [2][-]{subsection.7.26.5}{\376\377\000B\000l\000a\000c\000k\000l\000i\000s\000t\000i\000n\000g}{section.7.26}% 240
\BOOKMARK [2][-]{subsection.7.26.6}{\376\377\000D\000i\000s\000p\000o\000s\000a\000b\000l\000e\000\040\000a\000l\000i\000a\000s\000\040\000n\000a\000m\000e\000s}{section.7.26}% 241
\BOOKMARK [2][-]{subsection.7.26.7}{\376\377\000S\000e\000r\000v\000e\000r\000\040\000c\000e\000r\000t\000i\000f\000i\000c\000a\000t\000e\000s}{section.7.26}% 242
\BOOKMARK [2][-]{subsection.7.26.8}{\376\377\000S\000p\000a\000m\000\040\000a\000n\000d\000\040\000m\000a\000l\000w\000a\000r\000e\000\040\000f\000i\000l\000t\000e\000r\000i\000n\000g}{section.7.26}% 243
\BOOKMARK [2][-]{subsection.7.26.9}{\376\377\000D\000M\000Z\000\040\000n\000e\000t\000w\000o\000r\000k\000s}{section.7.26}% 244
\BOOKMARK [2][-]{subsection.7.26.10}{\376\377\000C\000y\000b\000e\000r\000s\000e\000c\000u\000r\000i\000t\000y\000\040\000i\000n\000\040\000m\000e\000d\000i\000c\000a\000l\000\040\000e\000q\000u\000i\000p\000m\000e\000n\000t}{section.7.26}% 245
\BOOKMARK [2][-]{subsection.7.26.11}{\376\377\000A\000\040\000c\000o\000m\000p\000a\000n\000y\000'\000s\000\040\000w\000e\000b\000\040\000s\000e\000r\000v\000e\000r\000s}{section.7.26}% 246
\BOOKMARK [1][-]{section.7.27}{\376\377\000S\000e\000c\000u\000r\000i\000t\000y\000\040\000i\000n\000\040\000O\000p\000e\000r\000a\000t\000i\000n\000g\000\040\000S\000y\000s\000t\000e\000m\000s}{chapter.7}% 247
\BOOKMARK [1][-]{section.7.28}{\376\377\000R\000e\000q\000u\000i\000r\000e\000m\000e\000n\000t\000s\000\040\000\050\000P\000r\000o\000p\000e\000r\000t\000i\000e\000s\000\040\000o\000f\000\040\000a\000\040\000s\000y\000s\000t\000e\000m\000\040\000f\000o\000r\000\040\000p\000e\000r\000m\000i\000s\000s\000i\000o\000n\000\040\000c\000o\000n\000t\000r\000o\000l\000\051}{chapter.7}% 248
\BOOKMARK [1][-]{section.7.29}{\376\377\000U\000s\000e\000r\000\040\000A\000u\000t\000h\000e\000n\000t\000i\000c\000a\000t\000i\000o\000n}{chapter.7}% 249
\BOOKMARK [2][-]{subsection.7.29.1}{\376\377\000B\000i\000o\000m\000e\000t\000r\000i\000c\000\040\000A\000u\000t\000h\000e\000n\000t\000i\000c\000a\000t\000i\000o\000n}{section.7.29}% 250
\BOOKMARK [2][-]{subsection.7.29.2}{\376\377\000P\000a\000s\000s\000w\000o\000r\000d\000s}{section.7.29}% 251
\BOOKMARK [2][-]{subsection.7.29.3}{\376\377\000P\000a\000s\000s\000w\000o\000r\000d\000\040\000S\000t\000r\000e\000n\000g\000t\000h}{section.7.29}% 252
\BOOKMARK [2][-]{subsection.7.29.4}{\376\377\000P\000r\000o\000t\000e\000c\000t\000i\000o\000n\000\040\000o\000f\000\040\000P\000a\000s\000s\000w\000o\000r\000d\000s}{section.7.29}% 253
\BOOKMARK [2][-]{subsection.7.29.5}{\376\377\000C\000h\000o\000o\000s\000i\000n\000g\000\040\000P\000a\000s\000s\000w\000o\000r\000d\000s}{section.7.29}% 254
\BOOKMARK [2][-]{subsection.7.29.6}{\376\377\000O\000n\000e\000-\000t\000i\000m\000e\000\040\000P\000a\000s\000s\000w\000o\000r\000d\000s}{section.7.29}% 255
\BOOKMARK [2][-]{subsection.7.29.7}{\376\377\000P\000a\000t\000t\000e\000r\000n\000\040\000L\000o\000c\000k\000s}{section.7.29}% 256
\BOOKMARK [2][-]{subsection.7.29.8}{\376\377\000T\000r\000e\000n\000d\000s\000\040\000i\000n\000\040\000U\000s\000e\000r\000\040\000A\000u\000t\000h\000e\000n\000t\000i\000c\000a\000t\000i\000o\000n}{section.7.29}% 257
\BOOKMARK [2][-]{subsection.7.29.9}{\376\377\000A\000u\000t\000h\000e\000n\000t\000i\000c\000a\000t\000i\000o\000n\000\040\000T\000h\000r\000o\000u\000g\000h\000\040\000t\000h\000e\000\040\000N\000e\000t}{section.7.29}% 258
\BOOKMARK [2][-]{subsection.7.29.10}{\376\377\000A\000u\000t\000h\000o\000r\000i\000s\000a\000t\000i\000o\000n\000,\000\040\000P\000r\000o\000t\000e\000c\000t\000i\000o\000n\000\040\000\046\000\040\000R\000i\000g\000h\000t\000s}{section.7.29}% 259
\BOOKMARK [2][-]{subsection.7.29.11}{\376\377\000W\000h\000o\000\040\000D\000e\000c\000i\000d\000e\000s\000?}{section.7.29}% 260
\BOOKMARK [2][-]{subsection.7.29.12}{\376\377\000A\000c\000c\000e\000s\000s\000\040\000C\000o\000n\000t\000r\000o\000l\000\040\000M\000a\000t\000r\000i\000c\000e\000s}{section.7.29}% 261
\BOOKMARK [2][-]{subsection.7.29.13}{\376\377\000A\000c\000c\000e\000s\000s\000\040\000C\000o\000n\000t\000r\000o\000l\000\040\000L\000i\000s\000t\000s}{section.7.29}% 262
\BOOKMARK [2][-]{subsection.7.29.14}{\376\377\000D\000i\000r\000e\000c\000t\000o\000r\000i\000e\000s}{section.7.29}% 263
\BOOKMARK [2][-]{subsection.7.29.15}{\376\377\000C\000a\000p\000a\000b\000i\000l\000i\000t\000i\000e\000s}{section.7.29}% 264
\BOOKMARK [1][-]{section.7.30}{\376\377\000A\000c\000c\000e\000s\000s\000\040\000C\000o\000n\000t\000r\000o\000l\000\040\000i\000n\000\040\000F\000i\000l\000e\000\040\000S\000y\000s\000t\000e\000m\000s}{chapter.7}% 265
\BOOKMARK [2][-]{subsection.7.30.1}{\376\377\000U\000n\000i\000x\000-\000s\000t\000y\000l\000e\000\040\000F\000i\000l\000e\000\040\000P\000r\000o\000t\000e\000c\000t\000i\000o\000n}{section.7.30}% 266
\BOOKMARK [1][-]{section.7.31}{\376\377\000P\000r\000o\000b\000l\000e\000m\000s\000\040\000w\000i\000t\000h\000\040\000U\000n\000i\000x\000-\000s\000t\000y\000l\000e\000\040\000F\000i\000l\000e\000\040\000P\000r\000o\000t\000e\000c\000t\000i\000o\000n}{chapter.7}% 267
\BOOKMARK [2][-]{subsection.7.31.1}{\376\377\000s\000e\000t\000u\000i\000d\000\040\000a\000n\000d\000\040\000s\000e\000t\000g\000i\000d}{section.7.31}% 268
\BOOKMARK [2][-]{subsection.7.31.2}{\376\377\000W\000i\000n\000d\000o\000w\000s\000\040\000N\000T\000\040\000A\000C\000L\000s}{section.7.31}% 269
\BOOKMARK [1][-]{section.7.32}{\376\377\000A\000c\000c\000e\000s\000s\000\040\000C\000o\000n\000t\000r\000o\000l\000\040\000f\000o\000r\000\040\000O\000t\000h\000e\000r\000\040\000S\000y\000s\000t\000e\000m\000\040\000C\000o\000m\000p\000o\000n\000e\000n\000t\000s}{chapter.7}% 270
\BOOKMARK [2][-]{subsection.7.32.1}{\376\377\000A\000c\000c\000e\000s\000s\000\040\000C\000o\000n\000t\000r\000o\000l\000\040\000i\000n\000\040\000t\000h\000e\000\040\000M\000e\000m\000o\000r\000y}{section.7.32}% 271
\BOOKMARK [2][-]{subsection.7.32.2}{\376\377\000A\000c\000c\000e\000s\000s\000\040\000C\000o\000n\000t\000r\000o\000l\000\040\000f\000o\000r\000\040\000H\000a\000r\000d\000w\000a\000r\000e\000\040\000U\000n\000i\000t\000s}{section.7.32}% 272
\BOOKMARK [2][-]{subsection.7.32.3}{\376\377\000A\000c\000c\000e\000s\000s\000\040\000C\000o\000n\000t\000r\000o\000l\000\040\000f\000o\000r\000\040\000t\000h\000e\000\040\000C\000P\000U}{section.7.32}% 273
\BOOKMARK [2][-]{subsection.7.32.4}{\376\377\000A\000c\000c\000e\000s\000s\000\040\000C\000o\000n\000t\000r\000o\000l\000\040\000i\000n\000\040\000A\000n\000d\000r\000o\000i\000d}{section.7.32}% 274
\BOOKMARK [2][-]{subsection.7.32.5}{\376\377\000B\000y\000p\000a\000s\000s\000i\000n\000g\000\040\000A\000c\000c\000e\000s\000s\000\040\000C\000o\000n\000t\000r\000o\000l\000:\000\040\000R\000o\000o\000t\000k\000i\000t\000s}{section.7.32}% 275
\BOOKMARK [2][-]{subsection.7.32.6}{\376\377\000T\000h\000e\000\040\000R\000e\000f\000e\000r\000e\000n\000c\000e\000\040\000M\000o\000n\000i\000t\000o\000r\000\040\000r\000e\000v\000i\000s\000i\000t\000e\000d}{section.7.32}% 276
\BOOKMARK [1][-]{section.7.33}{\376\377\000E\000n\000c\000r\000y\000p\000t\000i\000o\000n\000\040\000i\000n\000\040\000t\000h\000e\000\040\000O\000p\000e\000r\000a\000t\000i\000n\000g\000\040\000S\000y\000s\000t\000e\000m}{chapter.7}% 277
\BOOKMARK [1][-]{section.7.34}{\376\377\000J\000o\000b\000\040\000S\000c\000h\000e\000d\000u\000l\000i\000n\000g}{chapter.7}% 278
\BOOKMARK [1][-]{section.7.35}{\376\377\000U\000p\000d\000a\000t\000i\000n\000g\000\040\000t\000h\000e\000\040\000O\000p\000e\000r\000a\000t\000i\000n\000g\000\040\000S\000y\000s\000t\000e\000m}{chapter.7}% 279
\BOOKMARK [1][-]{section.7.36}{\376\377\000I\000s\000\040\000Y\000o\000u\000r\000\040\000O\000S\000\040\000G\000e\000n\000u\000i\000n\000e\000?}{chapter.7}% 280
\BOOKMARK [1][-]{section.7.37}{\376\377\000W\000h\000a\000t\000\040\000t\000h\000e\000\040\000O\000S\000\040\000C\000a\000n\000n\000o\000t\000\040\000D\000o}{chapter.7}% 281
\BOOKMARK [2][-]{subsection.7.37.1}{\376\377\000A\000\040\000p\000o\000l\000i\000c\000y\000\040\000f\000o\000r\000\040\000c\000h\000o\000o\000s\000i\000n\000g\000\040\000p\000a\000s\000s\000w\000o\000r\000d\000s}{section.7.37}% 282
\BOOKMARK [2][-]{subsection.7.37.2}{\376\377\000M\000u\000l\000t\000i\000-\000f\000a\000c\000t\000o\000r\000\040\000a\000u\000t\000h\000e\000n\000t\000i\000c\000a\000t\000i\000o\000n}{section.7.37}% 283
\BOOKMARK [2][-]{subsection.7.37.3}{\376\377\000W\000i\000n\000d\000o\000w\000s\000\040\000R\000e\000g\000i\000s\000t\000r\000y\000\040\000a\000n\000d\000\040\000U\000n\000i\000x\000\040\000/\000p\000r\000o\000c}{section.7.37}% 284
\BOOKMARK [2][-]{subsection.7.37.4}{\376\377\000D\000a\000t\000a\000\040\000e\000n\000c\000r\000y\000p\000t\000i\000o\000n\000\040\000i\000n\000\040\000t\000h\000e\000\040\000c\000l\000o\000u\000d}{section.7.37}% 285
\BOOKMARK [2][-]{subsection.7.37.5}{\376\377\000C\000a\000p\000a\000b\000i\000l\000i\000t\000i\000e\000s\000\040\000a\000n\000d\000\040\000p\000r\000o\000t\000e\000c\000t\000i\000o\000n\000\040\000r\000i\000n\000g\000s}{section.7.37}% 286
\BOOKMARK [2][-]{subsection.7.37.6}{\376\377\000T\000h\000r\000e\000a\000t\000s\000\040\000t\000o\000\040\000K\000e\000r\000b\000e\000r\000o\000s}{section.7.37}% 287
\BOOKMARK [2][-]{subsection.7.37.7}{\376\377\000T\000h\000e\000\040\000p\000r\000i\000n\000c\000i\000p\000l\000e\000\040\000o\000f\000\040\000l\000e\000a\000s\000t\000\040\000p\000r\000i\000v\000i\000l\000e\000g\000e}{section.7.37}% 288
\BOOKMARK [2][-]{subsection.7.37.8}{\376\377\000P\000a\000s\000s\000w\000o\000r\000d\000\040\000s\000e\000c\000r\000e\000c\000y}{section.7.37}% 289
\BOOKMARK [1][-]{section.7.38}{\376\377\000S\000o\000f\000t\000w\000a\000r\000e\000\040\000s\000e\000c\000u\000r\000i\000t\000y}{chapter.7}% 290
\BOOKMARK [1][-]{section.7.39}{\376\377\000C\000l\000a\000s\000s\000e\000s\000\040\000o\000f\000\040\000S\000e\000c\000u\000r\000i\000t\000y\000\040\000F\000a\000i\000l\000u\000r\000e\000\040\000i\000n\000\040\000S\000o\000f\000t\000w\000a\000r\000e}{chapter.7}% 291
\BOOKMARK [2][-]{subsection.7.39.1}{\376\377\000B\000u\000f\000f\000e\000r\000\040\000O\000v\000e\000r\000f\000l\000o\000w}{section.7.39}% 292
\BOOKMARK [2][-]{subsection.7.39.2}{\376\377\000B\000u\000f\000f\000e\000r\000\040\000O\000v\000e\000r\000f\000l\000o\000w\000\040\000V\000u\000l\000n\000e\000r\000a\000b\000i\000l\000i\000t\000i\000e\000s}{section.7.39}% 293
\BOOKMARK [2][-]{subsection.7.39.3}{\376\377\000B\000u\000f\000f\000e\000r\000\040\000O\000v\000e\000r\000r\000e\000a\000d}{section.7.39}% 294
\BOOKMARK [2][-]{subsection.7.39.4}{\376\377\000I\000n\000c\000o\000m\000p\000l\000e\000t\000e\000\040\000M\000e\000d\000i\000a\000t\000i\000o\000n}{section.7.39}% 295
\BOOKMARK [2][-]{subsection.7.39.5}{\376\377\000T\000i\000m\000e\000-\000o\000f\000-\000c\000h\000e\000c\000k\000\040\000t\000o\000\040\000T\000i\000m\000e\000-\000o\000f\000-\000u\000s\000e\000\040\000\050\000T\000O\000C\000T\000T\000O\000U\000\051}{section.7.39}% 296
\BOOKMARK [2][-]{subsection.7.39.6}{\376\377\000D\000e\000t\000e\000c\000t\000i\000o\000n\000\040\000o\000f\000\040\000P\000r\000o\000g\000r\000a\000m\000m\000i\000n\000g\000\040\000E\000r\000r\000o\000r\000s}{section.7.39}% 297
\BOOKMARK [1][-]{section.7.40}{\376\377\000M\000a\000l\000i\000c\000i\000o\000u\000s\000\040\000C\000o\000d\000e}{chapter.7}% 298
\BOOKMARK [2][-]{subsection.7.40.1}{\376\377\000V\000i\000r\000u\000s\000\040\000A\000t\000t\000a\000c\000k\000s}{section.7.40}% 299
\BOOKMARK [2][-]{subsection.7.40.2}{\376\377\000W\000o\000r\000m\000\040\000a\000t\000t\000a\000c\000k\000s}{section.7.40}% 300
\BOOKMARK [2][-]{subsection.7.40.3}{\376\377\000A\000n\000t\000i\000v\000i\000r\000u\000s\000\040\000S\000y\000s\000t\000e\000m\000s}{section.7.40}% 301
\BOOKMARK [2][-]{subsection.7.40.4}{\376\377\000E\000x\000p\000l\000o\000i\000t\000a\000t\000i\000o\000n\000\040\000o\000f\000\040\000U\000n\000p\000u\000b\000l\000i\000s\000h\000e\000d\000\040\000V\000u\000l\000n\000e\000r\000a\000b\000i\000l\000i\000t\000i\000e\000s}{section.7.40}% 302
\BOOKMARK [1][-]{section.7.41}{\376\377\000S\000Q\000L\000\040\000I\000n\000j\000e\000c\000t\000i\000o\000n}{chapter.7}% 303
\BOOKMARK [2][-]{subsection.7.41.1}{\376\377\000C\000o\000u\000n\000t\000e\000r\000m\000e\000a\000s\000u\000r\000e\000s}{section.7.41}% 304
\BOOKMARK [1][-]{section.7.42}{\376\377\000L\000D\000A\000P\000\040\000I\000n\000j\000e\000c\000t\000i\000o\000n}{chapter.7}% 305
\BOOKMARK [2][-]{subsection.7.42.1}{\376\377\000L\000D\000A\000P\000\040\000S\000e\000a\000r\000c\000h\000e\000s}{section.7.42}% 306
\BOOKMARK [1][-]{section.7.43}{\376\377\000H\000T\000T\000P\000-\000b\000a\000s\000e\000d\000\040\000A\000p\000p\000l\000i\000c\000a\000t\000i\000o\000n\000s}{chapter.7}% 307
\BOOKMARK [2][-]{subsection.7.43.1}{\376\377\000H\000T\000T\000P\000\040\000A\000u\000t\000h\000e\000n\000t\000i\000c\000a\000t\000i\000o\000n}{section.7.43}% 308
\BOOKMARK [2][-]{subsection.7.43.2}{\376\377\000H\000T\000T\000P\000\040\000B\000a\000s\000i\000c\000\040\000A\000u\000t\000h\000e\000n\000t\000i\000c\000a\000t\000i\000o\000n}{section.7.43}% 309
\BOOKMARK [1][-]{section.7.44}{\376\377\000A\000\040\000S\000h\000o\000r\000t\000\040\000I\000n\000t\000e\000r\000l\000u\000d\000e\000:\000\040\000B\000a\000s\000e\0006\0004\000\040\000E\000n\000c\000o\000d\000i\000n\000g}{chapter.7}% 310
\BOOKMARK [2][-]{subsection.7.44.1}{\376\377\000H\000T\000T\000P\000\040\000D\000i\000g\000e\000s\000t\000\040\000A\000u\000t\000h\000e\000n\000t\000i\000c\000a\000t\000i\000o\000n}{section.7.44}% 311
\BOOKMARK [2][-]{subsection.7.44.2}{\376\377\000V\000u\000l\000n\000e\000r\000a\000b\000i\000l\000i\000t\000i\000e\000s\000\040\000i\000n\000\040\000H\000T\000T\000P\000\040\000A\000u\000t\000h\000e\000n\000t\000i\000c\000a\000t\000i\000o\000n}{section.7.44}% 312
\BOOKMARK [2][-]{subsection.7.44.3}{\376\377\000H\000T\000T\000P\000\040\000C\000o\000o\000k\000i\000e\000s}{section.7.44}% 313
\BOOKMARK [2][-]{subsection.7.44.4}{\376\377\000S\000e\000s\000s\000i\000o\000n\000I\000D\000s}{section.7.44}% 314
\BOOKMARK [2][-]{subsection.7.44.5}{\376\377\000W\000e\000b\000f\000o\000r\000m\000s}{section.7.44}% 315
\BOOKMARK [2][-]{subsection.7.44.6}{\376\377\000M\000o\000b\000i\000l\000e\000\040\000c\000o\000d\000e}{section.7.44}% 316
\BOOKMARK [2][-]{subsection.7.44.7}{\376\377\000S\000e\000c\000u\000r\000i\000t\000y\000\040\000w\000i\000t\000h\000\040\000J\000a\000v\000a\000\040\000A\000p\000p\000l\000e\000t\000s}{section.7.44}% 317
\BOOKMARK [2][-]{subsection.7.44.8}{\376\377\000S\000e\000c\000u\000r\000i\000t\000y\000\040\000w\000i\000t\000h\000\040\000A\000c\000t\000i\000v\000e\000X}{section.7.44}% 318
\BOOKMARK [2][-]{subsection.7.44.9}{\376\377\000S\000e\000c\000u\000r\000i\000t\000y\000\040\000Z\000o\000n\000e\000s}{section.7.44}% 319
\BOOKMARK [2][-]{subsection.7.44.10}{\376\377\000W\000e\000b\000\040\000S\000e\000r\000v\000e\000r\000\040\000V\000u\000l\000n\000e\000r\000a\000b\000i\000l\000i\000t\000i\000e\000s}{section.7.44}% 320
\BOOKMARK [2][-]{subsection.7.44.11}{\376\377\000X\000S\000S\000:\000\040\000C\000r\000o\000s\000s\000-\000s\000i\000t\000e\000\040\000S\000c\000r\000i\000p\000t\000i\000n\000g}{section.7.44}% 321
\BOOKMARK [2][-]{subsection.7.44.12}{\376\377\000D\000y\000n\000a\000m\000i\000c\000\040\000G\000e\000n\000e\000r\000a\000t\000i\000o\000n\000\040\000o\000f\000\040\000C\000o\000n\000t\000e\000n\000t}{section.7.44}% 322
\BOOKMARK [1][-]{section.7.45}{\376\377\000T\000a\000r\000g\000e\000t\000s\000\040\000f\000o\000r\000\040\000S\000o\000f\000t\000w\000a\000r\000e\000\040\000S\000e\000c\000u\000r\000i\000t\000y}{chapter.7}% 323
\BOOKMARK [2][-]{subsection.7.45.1}{\376\377\000B\000a\000s\000i\000c\000\040\000a\000u\000t\000h\000e\000n\000t\000i\000c\000a\000t\000i\000o\000n\000\040\000i\000\040\000H\000T\000T\000P}{section.7.45}% 324
\BOOKMARK [2][-]{subsection.7.45.2}{\376\377\000A\000\040\000m\000y\000t\000h\000\040\000a\000b\000o\000u\000t\000\040\000t\000h\000e\000\040\000I\000n\000t\000e\000r\000n\000e\000t\000?\000\040\000\050\0001\000\051}{section.7.45}% 325
\BOOKMARK [2][-]{subsection.7.45.3}{\376\377\000A\000\040\000m\000y\000t\000h\000\040\000a\000b\000o\000u\000t\000\040\000t\000h\000e\000\040\000I\000n\000t\000e\000r\000n\000e\000t\000?\000\040\000\050\0002\000\051}{section.7.45}% 326
\BOOKMARK [2][-]{subsection.7.45.4}{\376\377\000D\000e\000t\000e\000c\000t\000i\000o\000n\000\040\000o\000f\000\040\000r\000o\000o\000t\000k\000i\000t\000s}{section.7.45}% 327
\BOOKMARK [2][-]{subsection.7.45.5}{\376\377\000-\000d\000a\000y\000\040\000a\000t\000t\000a\000c\000k\000s}{section.7.45}% 328
\BOOKMARK [2][-]{subsection.7.45.6}{\376\377\000T\000h\000e\000\040\000B\000l\000o\000t\000t\000o\000X\000\040\000w\000o\000r\000m}{section.7.45}% 329
\BOOKMARK [2][-]{subsection.7.45.7}{\376\377\000T\000O\000C\000T\000T\000O\000U\000\040\000f\000l\000a\000w\000s}{section.7.45}% 330
\BOOKMARK [0][-]{chapter.8}{\376\377\000I\000n\000c\000i\000d\000e\000n\000t\000\040\000H\000a\000n\000d\000l\000i\000n\000g\000\040\000a\000n\000d\000\040\000S\000y\000s\000t\000e\000m\000\040\000A\000v\000a\000i\000l\000a\000b\000i\000l\000i\000t\000y}{}% 331
\BOOKMARK [1][-]{section.8.1}{\376\377\000R\000e\000a\000c\000t\000i\000n\000g\000\040\000t\000o\000\040\000S\000e\000c\000u\000r\000i\000t\000y\000\040\000I\000n\000c\000i\000d\000e\000n\000t\000s}{chapter.8}% 332
\BOOKMARK [2][-]{subsection.8.1.1}{\376\377\000I\000n\000c\000i\000d\000e\000n\000t\000\040\000R\000e\000p\000o\000r\000t\000i\000n\000g}{section.8.1}% 333
\BOOKMARK [1][-]{section.8.2}{\376\377\000D\000u\000t\000y\000\040\000t\000o\000\040\000r\000e\000p\000o\000r\000t\000\040\000s\000u\000s\000p\000i\000c\000i\000o\000u\000s\000\040\000e\000v\000e\000n\000t\000s}{chapter.8}% 334
\BOOKMARK [2][-]{subsection.8.2.1}{\376\377\000I\000n\000v\000e\000s\000t\000i\000g\000a\000t\000i\000o\000n\000\040\000o\000f\000\040\000S\000e\000c\000u\000r\000i\000t\000y\000\040\000I\000n\000c\000i\000d\000e\000n\000t\000s}{section.8.2}% 335
\BOOKMARK [2][-]{subsection.8.2.2}{\376\377\000I\000n\000v\000e\000s\000t\000i\000g\000a\000t\000i\000o\000n\000\040\000o\000f\000\040\000S\000m\000a\000r\000t\000p\000h\000o\000n\000e\000s}{section.8.2}% 336
\BOOKMARK [2][-]{subsection.8.2.3}{\376\377\000I\000n\000v\000e\000s\000t\000i\000g\000a\000t\000i\000o\000n\000\040\000o\000f\000\040\000E\000n\000c\000r\000y\000p\000t\000e\000d\000\040\000D\000a\000t\000a}{section.8.2}% 337
\BOOKMARK [1][-]{section.8.3}{\376\377\000B\000u\000s\000i\000n\000e\000s\000s\000\040\000C\000o\000n\000t\000i\000n\000u\000i\000t\000y\000\040\000P\000l\000a\000n\000n\000i\000n\000g}{chapter.8}% 338
\BOOKMARK [1][-]{section.8.4}{\376\377\000R\000e\000q\000u\000i\000r\000e\000m\000e\000n\000t\000s\000\040\000\050\000B\000C\000P\000\040\000t\000a\000r\000g\000e\000t\000\051}{chapter.8}% 339
\BOOKMARK [2][-]{subsection.8.4.1}{\376\377\000T\000h\000e\000\040\000B\000C\000P\000\040\000P\000r\000o\000c\000e\000s\000s}{section.8.4}% 340
\BOOKMARK [2][-]{subsection.8.4.2}{\376\377\000B\000C\000P\000\040\000A\000n\000a\000l\000y\000s\000i\000s}{section.8.4}% 341
\BOOKMARK [2][-]{subsection.8.4.3}{\376\377\000B\000C\000P\000\040\000R\000e\000s\000o\000u\000r\000c\000e\000\040\000R\000e\000q\000u\000i\000r\000e\000m\000e\000n\000t\000s}{section.8.4}% 342
\BOOKMARK [1][-]{section.8.5}{\376\377\000D\000i\000s\000a\000s\000t\000e\000r\000\040\000R\000e\000c\000o\000v\000e\000r\000y\000\040\000P\000l\000a\000n\000n\000i\000n\000g}{chapter.8}% 343
\BOOKMARK [2][-]{subsection.8.5.1}{\376\377\000P\000h\000a\000s\000e\000s\000\040\000o\000f\000\040\000R\000e\000c\000o\000v\000e\000r\000y}{section.8.5}% 344
\BOOKMARK [2][-]{subsection.8.5.2}{\376\377\000D\000R\000P\000\040\000S\000t\000r\000a\000t\000e\000g\000i\000e\000s}{section.8.5}% 345
\BOOKMARK [2][-]{subsection.8.5.3}{\376\377\000D\000R\000P\000\040\000T\000e\000s\000t\000i\000n\000g}{section.8.5}% 346
\BOOKMARK [1][-]{section.8.6}{\376\377\000S\000e\000c\000u\000r\000i\000t\000y\000\040\000A\000w\000a\000r\000e\000n\000e\000s\000s}{chapter.8}% 347
\BOOKMARK [1][-]{section.8.7}{\376\377\000L\000o\000o\000k\000\040\000a\000f\000t\000e\000r\000\040\000y\000o\000u\000r\000\040\000p\000r\000i\000v\000a\000t\000e\000\040\000d\000a\000t\000a\000!\000\040\000D\000a\000t\000a\000\040\000t\000h\000i\000e\000v\000e\000s\000\040\000a\000r\000e\000\040\000a\000f\000t\000e\000r\000\040\000t\000h\000e\000m\000.}{chapter.8}% 348
\BOOKMARK [1][-]{section.8.8}{\376\377\000U\000s\000e\000f\000u\000l\000\040\000c\000o\000n\000c\000e\000p\000t\000s\000\040\000w\000h\000i\000c\000h\000\040\000y\000o\000u\000\040\000s\000h\000o\000u\000l\000d\000\040\000n\000o\000w\000\040\000k\000n\000o\000w\000\040\000a\000b\000o\000u\000t}{chapter.8}% 349
\BOOKMARK [1][-]{section.8.9}{\376\377\000F\000u\000r\000t\000h\000e\000r\000\040\000r\000e\000a\000d\000i\000n\000g}{chapter.8}% 350
\BOOKMARK [2][-]{subsection.8.9.1}{\376\377\000T\000h\000e\000\040\000r\000e\000c\000o\000v\000e\000r\000y\000\040\000p\000l\000a\000n}{section.8.9}% 351
\BOOKMARK [2][-]{subsection.8.9.2}{\376\377\000T\000e\000s\000t\000i\000n\000g\000\040\000t\000h\000e\000\040\000r\000e\000c\000o\000v\000e\000r\000y\000\040\000p\000l\000a\000n}{section.8.9}% 352
\BOOKMARK [2][-]{subsection.8.9.3}{\376\377\000B\000a\000c\000k\000u\000p\000\040\000i\000n\000\040\000t\000h\000e\000\040\000c\000l\000o\000u\000d}{section.8.9}% 353
\BOOKMARK [2][-]{subsection.8.9.4}{\376\377\000I\000n\000c\000i\000d\000e\000n\000t\000s\000\040\000a\000n\000d\000\040\000d\000i\000s\000a\000s\000t\000e\000r\000s}{section.8.9}% 354
\BOOKMARK [2][-]{subsection.8.9.5}{\376\377\000M\000e\000m\000o\000r\000y\000\040\000a\000n\000a\000l\000y\000s\000i\000s}{section.8.9}% 355
\BOOKMARK [2][-]{subsection.8.9.6}{\376\377\000T\000h\000e\000\040\000a\000w\000a\000r\000e\000n\000e\000s\000s\000\040\000c\000a\000m\000p\000a\000i\000g\000n}{section.8.9}% 356
\BOOKMARK [2][-]{subsection.8.9.7}{\376\377\000I\000m\000p\000a\000c\000t\000\040\000a\000n\000a\000l\000y\000s\000i\000s}{section.8.9}% 357
\BOOKMARK [1][-]{section.8.10}{\376\377\000L\000a\000w\000\040\000a\000n\000d\000\040\000E\000t\000h\000i\000c\000s}{chapter.8}% 358
\BOOKMARK [1][-]{section.8.11}{\376\377\000C\000o\000m\000p\000u\000t\000e\000r\000\040\000C\000r\000i\000m\000e}{chapter.8}% 359
\BOOKMARK [2][-]{subsection.8.11.1}{\376\377\000W\000h\000i\000c\000h\000\040\000A\000c\000t\000s\000\040\000M\000u\000s\000t\000\040\000B\000e\000\040\000C\000o\000n\000s\000i\000d\000e\000r\000e\000d\000\040\000I\000l\000l\000e\000g\000a\000l\000?}{section.8.11}% 360
\BOOKMARK [2][-]{subsection.8.11.2}{\376\377\000W\000h\000i\000c\000h\000\040\000P\000o\000w\000e\000r\000s\000\040\000M\000u\000s\000t\000\040\000B\000e\000\040\000A\000v\000a\000i\000l\000a\000b\000l\000e\000?}{section.8.11}% 361
\BOOKMARK [2][-]{subsection.8.11.3}{\376\377\000J\000u\000r\000i\000s\000d\000i\000c\000t\000i\000o\000n}{section.8.11}% 362
\BOOKMARK [2][-]{subsection.8.11.4}{\376\377\000I\000n\000t\000e\000r\000n\000a\000t\000i\000o\000n\000a\000l\000\040\000R\000u\000l\000e\000s\000\040\000i\000n\000\040\000t\000h\000e\000\040\000C\000o\000n\000v\000e\000n\000t\000i\000o\000n}{section.8.11}% 363
\BOOKMARK [2][-]{subsection.8.11.5}{\376\377\000A\000n\000t\000i\000-\000t\000e\000r\000r\000o\000r\000\040\000L\000a\000w\000s}{section.8.11}% 364
\BOOKMARK [1][-]{section.8.12}{\376\377\000P\000r\000o\000t\000e\000c\000t\000i\000o\000n\000\040\000o\000f\000\040\000P\000e\000r\000s\000o\000n\000a\000l\000\040\000D\000a\000t\000a}{chapter.8}% 365
\BOOKMARK [1][-]{section.8.13}{\376\377\000D\000e\000f\000i\000n\000i\000t\000i\000o\000n\000\040\000\050\000G\000D\000P\000R\000\040\000t\000e\000r\000m\000s\000\040\000\050\000S\000o\000u\000r\000c\000e\000:\000\040\000[\0003\0002\000]\000\051\000\051}{chapter.8}% 366
\BOOKMARK [2][-]{subsection.8.13.1}{\376\377\000I\000m\000p\000o\000r\000t\000a\000n\000t\000\040\000C\000o\000n\000c\000e\000p\000t\000s}{section.8.13}% 367
\BOOKMARK [2][-]{subsection.8.13.2}{\376\377\000G\000e\000n\000e\000r\000a\000l\000\040\000R\000u\000l\000e\000s}{section.8.13}% 368
\BOOKMARK [2][-]{subsection.8.13.3}{\376\377\000C\000l\000a\000s\000s\000e\000s\000\040\000o\000f\000\040\000P\000e\000r\000s\000o\000n\000a\000l\000\040\000D\000a\000t\000a}{section.8.13}% 369
\BOOKMARK [1][-]{section.8.14}{\376\377\000D\000e\000f\000i\000n\000i\000t\000i\000o\000n\000\040\000\050\000S\000e\000n\000s\000i\000t\000i\000v\000e\000\040\000p\000e\000r\000s\000o\000n\000a\000l\000\040\000d\000a\000t\000a\000\040\000\050\000S\000o\000u\000r\000c\000e\000:\000\040\000[\0003\0002\000]\000\051\000\051}{chapter.8}% 370
\BOOKMARK [2][-]{subsection.8.14.1}{\376\377\000T\000r\000a\000n\000s\000f\000e\000r\000\040\000o\000f\000\040\000P\000e\000r\000s\000o\000n\000a\000l\000\040\000D\000a\000t\000a\000\040\000t\000o\000\040\000T\000h\000i\000r\000d\000\040\000C\000o\000u\000n\000t\000r\000i\000e\000s}{section.8.14}% 371
\BOOKMARK [2][-]{subsection.8.14.2}{\376\377\000T\000h\000e\000\040\000D\000a\000t\000a\000\040\000S\000u\000b\000j\000e\000c\000t\000'\000s\000\040\000R\000i\000g\000h\000t\000s}{section.8.14}% 372
\BOOKMARK [1][-]{section.8.15}{\376\377\000D\000e\000f\000i\000n\000i\000t\000i\000o\000n\000\040\000\050\000D\000a\000t\000a\000\040\000s\000u\000b\000j\000e\000c\000t\000'\000s\000\040\000r\000i\000g\000h\000t\000s\000\040\000\050\000S\000o\000u\000r\000c\000e\000:\000\040\000[\0003\0002\000]\000\051\000\051}{chapter.8}% 373
\BOOKMARK [2][-]{subsection.8.15.1}{\376\377\000S\000e\000c\000u\000r\000i\000t\000y\000\040\000o\000f\000\040\000P\000r\000o\000c\000e\000s\000s\000i\000n\000g}{section.8.15}% 374
\BOOKMARK [2][-]{subsection.8.15.2}{\376\377\000L\000e\000a\000k\000a\000g\000e\000s}{section.8.15}% 375
\BOOKMARK [2][-]{subsection.8.15.3}{\376\377\000A\000u\000t\000h\000o\000r\000i\000t\000i\000e\000s}{section.8.15}% 376
\BOOKMARK [2][-]{subsection.8.15.4}{\376\377\000C\000o\000d\000e\000s\000\040\000o\000f\000\040\000C\000o\000n\000d\000u\000c\000t\000\040\000a\000n\000d\000\040\000C\000e\000r\000t\000i\000f\000i\000c\000a\000t\000i\000o\000n}{section.8.15}% 377
\BOOKMARK [2][-]{subsection.8.15.5}{\376\377\000L\000e\000g\000a\000l\000\040\000R\000e\000s\000p\000o\000n\000s\000i\000b\000i\000l\000i\000t\000y\000\040\000a\000n\000d\000\040\000P\000e\000n\000a\000l\000t\000i\000e\000s}{section.8.15}% 378
\BOOKMARK [1][-]{section.8.16}{\376\377\000P\000r\000o\000t\000e\000c\000t\000i\000o\000n\000\040\000o\000f\000\040\000H\000e\000a\000l\000t\000h\000c\000a\000r\000e\000\040\000D\000a\000t\000a}{chapter.8}% 379
\BOOKMARK [2][-]{subsection.8.16.1}{\376\377\000W\000h\000o\000\040\000H\000a\000s\000\040\000A\000c\000c\000e\000s\000s\000\040\000t\000o\000\040\000H\000e\000a\000l\000t\000h\000\040\000D\000a\000t\000a\000?}{section.8.16}% 380
\BOOKMARK [1][-]{section.8.17}{\376\377\000E\000t\000h\000i\000c\000s}{chapter.8}% 381
\BOOKMARK [2][-]{subsection.8.17.1}{\376\377\000D\000a\000t\000a\000m\000i\000n\000i\000n\000g}{section.8.17}% 382
\BOOKMARK [2][-]{subsection.8.17.2}{\376\377\000T\000r\000a\000c\000k\000i\000n\000g}{section.8.17}% 383
\BOOKMARK [2][-]{subsection.8.17.3}{\376\377\000P\000r\000o\000t\000e\000c\000t\000i\000o\000n\000\040\000A\000g\000a\000i\000n\000s\000t\000\040\000B\000r\000e\000a\000c\000h\000e\000s\000\040\000o\000f\000\040\000P\000r\000i\000v\000a\000c\000y}{section.8.17}% 384
\BOOKMARK [2][-]{subsection.8.17.4}{\376\377\000P\000u\000b\000l\000i\000c\000a\000t\000i\000o\000n\000\040\000o\000f\000\040\000p\000i\000c\000t\000u\000r\000e\000s}{section.8.17}% 385
\BOOKMARK [2][-]{subsection.8.17.5}{\376\377\000P\000u\000b\000l\000i\000c\000a\000t\000i\000o\000n\000\040\000o\000f\000\040\000p\000e\000r\000s\000o\000n\000a\000l\000\040\000i\000d\000e\000n\000t\000i\000t\000y\000\040\000n\000u\000m\000b\000e\000r\000s}{section.8.17}% 386
\BOOKMARK [2][-]{subsection.8.17.6}{\376\377\000P\000u\000b\000l\000i\000c\000\040\000w\000e\000b\000\040\000p\000a\000g\000e\000s\000\040\000f\000o\000r\000\040\000a\000\040\000h\000o\000s\000p\000i\000t\000a\000l}{section.8.17}% 387
\BOOKMARK [2][-]{subsection.8.17.7}{\376\377\000A\000\040\000h\000o\000s\000p\000i\000t\000a\000l\000\040\000d\000a\000t\000a\000b\000a\000s\000e\000\040\000s\000y\000s\000t\000e\000m}{section.8.17}% 388
\BOOKMARK [2][-]{subsection.8.17.8}{\376\377\000C\000h\000e\000c\000k\000i\000n\000g\000\040\000a\000\040\000h\000o\000s\000p\000i\000t\000a\000l\000'\000s\000\040\000f\000i\000l\000e\000s}{section.8.17}% 389
\BOOKMARK [2][-]{subsection.8.17.9}{\376\377\000A\000c\000c\000e\000s\000s\000\040\000t\000o\000\040\000t\000h\000e\000\040\000E\000P\000R\000\040\000s\000y\000s\000t\000e\000m}{section.8.17}% 390
\BOOKMARK [2][-]{subsection.8.17.10}{\376\377\000P\000a\000t\000i\000e\000n\000t\000\040\000d\000a\000t\000a\000\040\000i\000n\000\040\000a\000n\000\040\000E\000P\000R}{section.8.17}% 391
\BOOKMARK [2][-]{subsection.8.17.11}{\376\377\000T\000h\000e\000\040\000E\000r\000e\000w\000h\000o\000n\000\040\000G\000o\000s\000p\000e\000l\000\040\000C\000h\000o\000i\000r\000\040\000\050\0001\000\051}{section.8.17}% 392
\BOOKMARK [2][-]{subsection.8.17.12}{\376\377\000T\000h\000e\000\040\000E\000r\000e\000w\000h\000o\000n\000\040\000G\000o\000s\000p\000e\000l\000\040\000C\000h\000o\000i\000r\000\040\000\050\0002\000\051}{section.8.17}% 393
\BOOKMARK [2][-]{subsection.8.17.13}{\376\377\000C\000o\000l\000l\000e\000c\000t\000i\000o\000n\000\040\000o\000f\000\040\000c\000o\000n\000t\000e\000n\000t\000\040\000d\000a\000t\000a\000\040\000f\000r\000o\000m\000\040\000c\000o\000m\000m\000u\000n\000i\000c\000a\000t\000i\000o\000n}{section.8.17}% 394
\BOOKMARK [2][-]{subsection.8.17.14}{\376\377\000F\000a\000l\000s\000e\000\040\000F\000a\000c\000e\000b\000o\000o\000k\000\040\000p\000r\000o\000f\000i\000l\000e\000s}{section.8.17}% 395
\BOOKMARK [2][-]{subsection.8.17.15}{\376\377\000S\000e\000c\000u\000r\000i\000t\000y\000\040\000t\000a\000r\000g\000e\000t\000s\000\040\000f\000o\000r\000\040\000p\000e\000r\000s\000o\000n\000a\000l\000\040\000i\000n\000f\000o\000r\000m\000a\000t\000i\000o\000n}{section.8.17}% 396
\BOOKMARK [1][-]{section.8.18}{\376\377\000E\000p\000i\000l\000o\000g\000u\000e}{chapter.8}% 397
\BOOKMARK [1][-]{section.8.19}{\376\377\000W\000h\000a\000t\040\031\000s\000\040\000i\000n\000\040\000t\000h\000e\000\040\000B\000o\000x\000?}{chapter.8}% 398
\BOOKMARK [1][-]{section.8.20}{\376\377\000H\000a\000r\000d\000w\000a\000r\000e}{chapter.8}% 399
\BOOKMARK [1][-]{section.8.21}{\376\377\000D\000i\000s\000k\000s}{chapter.8}% 400
\BOOKMARK [1][-]{section.8.22}{\376\377\000I\000n\000p\000u\000t\000\040\000a\000n\000d\000\040\000O\000u\000t\000p\000u\000t\000\040\000\050\000I\000/\000O\000\051\000\040\000U\000n\000i\000t\000s}{chapter.8}% 401
\BOOKMARK [1][-]{section.8.23}{\376\377\000A\000t\000t\000a\000c\000h\000m\000e\000n\000t\000\040\000o\000f\000\040\000I\000/\000O\000\040\000U\000n\000i\000t\000s}{chapter.8}% 402
\BOOKMARK [1][-]{section.8.24}{\376\377\000C\000o\000m\000m\000u\000n\000i\000c\000a\000t\000i\000o\000n\000\040\000U\000n\000i\000t\000s}{chapter.8}% 403
\BOOKMARK [1][-]{section.8.25}{\376\377\000P\000o\000w\000e\000r\000\040\000S\000u\000p\000p\000l\000i\000e\000s}{chapter.8}% 404
\BOOKMARK [1][-]{section.8.26}{\376\377\000S\000o\000f\000t\000w\000a\000r\000e}{chapter.8}% 405
\BOOKMARK [1][-]{section.8.27}{\376\377\000T\000h\000e\000\040\000O\000p\000e\000r\000a\000t\000i\000n\000g\000\040\000S\000y\000s\000t\000e\000m}{chapter.8}% 406
\BOOKMARK [1][-]{section.8.28}{\376\377\000F\000i\000r\000m\000w\000a\000r\000e}{chapter.8}% 407
\BOOKMARK [1][-]{section.8.29}{\376\377\000U\000t\000i\000l\000i\000t\000y\000\040\000P\000r\000o\000g\000r\000a\000m\000s}{chapter.8}% 408
\BOOKMARK [1][-]{section.8.30}{\376\377\000A\000p\000p\000l\000i\000c\000a\000t\000i\000o\000n\000\040\000P\000r\000o\000g\000r\000a\000m\000s}{chapter.8}% 409
\BOOKMARK [1][-]{section.8.31}{\376\377\000F\000u\000r\000t\000h\000e\000r\000\040\000R\000e\000a\000d\000i\000n\000g}{chapter.8}% 410
\BOOKMARK [1][-]{section.8.32}{\376\377\000E\000x\000e\000r\000c\000i\000s\000e\000s}{chapter.8}% 411
\BOOKMARK [1][-]{section.8.33}{\376\377\000W\000h\000a\000t\000\040\000i\000s\000\040\000i\000n\000\040\000y\000o\000u\000r\000\040\000b\000o\000x\000?}{chapter.8}% 412
\BOOKMARK [1][-]{section.8.34}{\376\377\000M\000a\000t\000h\000e\000m\000a\000t\000i\000c\000s}{chapter.8}% 413
\BOOKMARK [1][-]{section.8.35}{\376\377\000B\000a\000s\000i\000c\000\040\000C\000o\000n\000c\000e\000p\000t\000s}{chapter.8}% 414
\BOOKMARK [1][-]{section.8.36}{\376\377\000F\000e\000r\000m\000a\000t\000'\000s\000\040\000F\000a\000c\000t\000o\000r\000i\000s\000a\000t\000i\000o\000n\000\040\000A\000l\000g\000o\000r\000i\000t\000h\000m}{chapter.8}% 415
\BOOKMARK [1][-]{section.8.37}{\376\377\000A\000l\000g\000o\000r\000i\000t\000h\000m\000\040\000\050\000F\000e\000r\000m\000a\000t\000'\000s\000\040\000F\000a\000c\000t\000o\000r\000i\000s\000a\000t\000i\000o\000n\000\040\000A\000l\000g\000o\000r\000i\000t\000h\000m\000\051}{chapter.8}% 416
\BOOKMARK [1][-]{section.8.38}{\376\377\000E\000u\000c\000l\000i\000d\000'\000s\000\040\000A\000l\000g\000o\000r\000i\000t\000h\000m}{chapter.8}% 417
\BOOKMARK [1][-]{section.8.39}{\376\377\000A\000l\000g\000o\000r\000i\000t\000h\000m\000\040\000\050\000E\000u\000c\000l\000i\000d\000'\000s\000\040\000A\000l\000g\000o\000r\000i\000t\000h\000m\000\051}{chapter.8}% 418
\BOOKMARK [1][-]{section.8.40}{\376\377\000E\000u\000c\000l\000i\000d\000'\000s\000\040\000E\000x\000t\000e\000n\000d\000e\000d\000\040\000A\000l\000g\000o\000r\000i\000t\000h\000m}{chapter.8}% 419
\BOOKMARK [1][-]{section.8.41}{\376\377\000A\000l\000g\000o\000r\000i\000t\000h\000m\000\040\000\050\000E\000u\000c\000l\000i\000d\000'\000s\000\040\000E\000x\000t\000e\000n\000d\000e\000d\000\040\000A\000l\000g\000o\000r\000i\000t\000h\000m\000\051}{chapter.8}% 420
\BOOKMARK [1][-]{section.8.42}{\376\377\000C\000a\000l\000c\000u\000l\000a\000t\000i\000o\000n\000\040\000o\000f\000\040\000a\000n\000\040\000I\000n\000v\000e\000r\000s\000e\000\040\000m\000o\000d\000u\000l\000o\000\040\000n}{chapter.8}% 421
\BOOKMARK [1][-]{section.8.43}{\376\377\000T\000h\000e\000\040\000C\000h\000i\000n\000e\000s\000e\000\040\000R\000e\000m\000a\000i\000n\000d\000e\000r\000\040\000T\000h\000e\000o\000r\000e\000m}{chapter.8}% 422
\BOOKMARK [1][-]{section.8.44}{\376\377\000T\000h\000e\000o\000r\000e\000m\000\040\000\050\000C\000h\000i\000n\000e\000s\000e\000\040\000R\000e\000m\000a\000i\000n\000d\000e\000r\000\040\000T\000h\000e\000o\000r\000e\000m\000\051}{chapter.8}% 423
\BOOKMARK [1][-]{section.8.45}{\376\377\000W\000h\000y\000\040\000D\000o\000e\000s\000\040\000R\000S\000A\000\040\000W\000o\000r\000k\000?}{chapter.8}% 424
\BOOKMARK [1][-]{section.8.46}{\376\377\000A\000\040\000C\000o\000m\000m\000o\000n\000-\000m\000o\000d\000u\000l\000u\000s\000\040\000A\000t\000t\000a\000c\000k\000\040\000o\000n\000\040\000R\000S\000A}{chapter.8}% 425
\BOOKMARK [1][-]{section.8.47}{\376\377\000T\000h\000e\000\040\000B\000i\000r\000t\000h\000d\000a\000y\000\040\000P\000a\000r\000a\000d\000o\000x}{chapter.8}% 426
\BOOKMARK [0][-]{chapter.9}{\376\377\000A\000p\000p\000e\000n\000d\000i\000x\000\040\000C\000\040\000A\000c\000r\000o\000n\000y\000m\000s}{}% 427
\BOOKMARK [0][-]{chapter.10}{\376\377\000R\000e\000f\000e\000r\000e\000n\000c\000e\000s}{}% 428
\BOOKMARK [1][-]{section.10.1}{\376\377\000S\000y\000m\000b\000o\000l\000s}{chapter.10}% 429
\BOOKMARK [1][-]{section.10.2}{\376\377\000C}{chapter.10}% 430
\BOOKMARK [1][-]{section.10.3}{\376\377\000D}{chapter.10}% 431
\BOOKMARK [1][-]{section.10.4}{\376\377\000E}{chapter.10}% 432
\BOOKMARK [1][-]{section.10.5}{\376\377\000F}{chapter.10}% 433
\BOOKMARK [1][-]{section.10.6}{\376\377\000G}{chapter.10}% 434
\BOOKMARK [1][-]{section.10.7}{\376\377\000H}{chapter.10}% 435
\BOOKMARK [1][-]{section.10.8}{\376\377\000I}{chapter.10}% 436
\BOOKMARK [1][-]{section.10.9}{\376\377\000J}{chapter.10}% 437
\BOOKMARK [1][-]{section.10.10}{\376\377\000K}{chapter.10}% 438
\BOOKMARK [1][-]{section.10.11}{\376\377\000L}{chapter.10}% 439
\BOOKMARK [1][-]{section.10.12}{\376\377\000M}{chapter.10}% 440
\BOOKMARK [1][-]{section.10.13}{\376\377\000N}{chapter.10}% 441
\BOOKMARK [1][-]{section.10.14}{\376\377\000O}{chapter.10}% 442
\BOOKMARK [1][-]{section.10.15}{\376\377\000P}{chapter.10}% 443
\BOOKMARK [1][-]{section.10.16}{\376\377\000Q}{chapter.10}% 444
\BOOKMARK [1][-]{section.10.17}{\376\377\000R}{chapter.10}% 445
\BOOKMARK [1][-]{section.10.18}{\376\377\000S}{chapter.10}% 446
\BOOKMARK [1][-]{section.10.19}{\376\377\000T}{chapter.10}% 447
\BOOKMARK [1][-]{section.10.20}{\376\377\000U}{chapter.10}% 448
\BOOKMARK [1][-]{section.10.21}{\376\377\000V}{chapter.10}% 449
\BOOKMARK [1][-]{section.10.22}{\376\377\000W}{chapter.10}% 450
