\BOOKMARK [1][-]{section.0.1}{\376\377\000U\000n\000d\000e\000r\000g\000r\000a\000d\000u\000a\000t\000e\000\040\000T\000o\000p\000i\000c\000s\000\040\000i\000n\000\040\000C\000o\000m\000p\000u\000t\000e\000r\000\040\000S\000c\000i\000e\000n\000c\000e}{}% 1
\BOOKMARK [1][-]{section.0.2}{\376\377\000I\000n\000t\000r\000o\000d\000u\000c\000t\000i\000o\000n\000\040\000t\000o\000\040\000C\000y\000b\000e\000r\000s\000e\000c\000u\000r\000i\000t\000y\000\040}{}% 2
\BOOKMARK [1][-]{section.0.3}{\376\377\000P\000r\000e\000f\000a\000c\000e}{}% 3
\BOOKMARK [1][-]{section.0.4}{\376\377\000A\000c\000k\000n\000o\000w\000l\000e\000d\000g\000m\000e\000n\000t\000s}{}% 4
\BOOKMARK [1][-]{section.0.5}{\376\377\000C\000o\000n\000t\000e\000n\000t\000s}{}% 5
\BOOKMARK [2][-]{subsection.0.5.1}{\376\377\000I\000n\000f\000o\000r\000m\000a\000t\000i\000o\000n\000\040\000S\000e\000c\000u\000r\000i\000t\000y\000\040\000a\000n\000d\000\040\000C\000y\000b\000e\000r\000s\000e\000c\000u\000r\000i\000t\000y}{section.0.5}% 6
\BOOKMARK [2][-]{subsection.0.5.2}{\376\377\000T\000h\000e\000\040\000D\000e\000v\000e\000l\000o\000p\000m\000e\000n\000t\000\040\000o\000f\000\040\000t\000h\000e\000\040\000I\000n\000t\000e\000r\000n\000e\000t}{section.0.5}% 7
\BOOKMARK [2][-]{subsection.0.5.3}{\376\377\000H\000o\000w\000\040\000D\000o\000\040\000C\000o\000m\000p\000u\000t\000e\000r\000s\000\040\000W\000o\000r\000k\000\040\000T\000o\000g\000e\000t\000h\000e\000r\000?}{section.0.5}% 8
\BOOKMARK [2][-]{subsection.0.5.4}{\376\377\000S\000y\000s\000t\000e\000m\000s\000\040\000o\000f\000\040\000S\000y\000s\000t\000e\000m\000s}{section.0.5}% 9
\BOOKMARK [2][-]{subsection.0.5.5}{\376\377\000C\000y\000b\000e\000r\000a\000t\000t\000a\000c\000k\000s\000\040\000T\000o\000d\000a\000y}{section.0.5}% 10
\BOOKMARK [2][-]{subsection.0.5.6}{\376\377\000S\000e\000c\000u\000r\000i\000t\000y\000\040\000T\000a\000r\000g\000e\000t\000s}{section.0.5}% 11
\BOOKMARK [2][-]{subsection.0.5.7}{\376\377\000C\000I\000A\000\040\000T\000a\000r\000g\000e\000t\000s}{section.0.5}% 12
\BOOKMARK [1][-]{section.0.6}{\376\377\000D\000e\000f\000i\000n\000i\000t\000i\000o\000n\000\040\0001\000.\0001\000\040\000\050\000C\000I\000A\000\040\000T\000a\000r\000g\000e\000t\000s\000\051}{}% 13
\BOOKMARK [2][-]{subsection.0.6.1}{\376\377\000S\000e\000c\000u\000r\000i\000t\000y\000\040\000P\000o\000l\000i\000c\000i\000e\000s}{section.0.6}% 14
\BOOKMARK [1][-]{section.0.7}{\376\377\000.\000\040\000G\000e\000n\000e\000r\000a\000l\000\040\000a\000i\000m\000s\000:}{}% 15
\BOOKMARK [1][-]{section.0.8}{\376\377\000.\000\040\000A\000p\000p\000l\000i\000c\000a\000b\000i\000l\000i\000t\000y\000:}{}% 16
\BOOKMARK [1][-]{section.0.9}{\376\377\000.\000\040\000S\000e\000c\000u\000r\000i\000t\000y\000\040\000l\000e\000v\000e\000l\000:}{}% 17
\BOOKMARK [2][-]{subsection.0.9.1}{\376\377\000R\000e\000a\000d\000e\000r\000'\000s\000\040\000G\000u\000i\000d\000e}{section.0.9}% 18
\BOOKMARK [2][-]{subsection.0.9.2}{\376\377\000A\000\040\000S\000h\000o\000r\000t\000\040\000N\000o\000t\000e\000\040\000o\000n\000\040\000N\000o\000t\000a\000t\000i\000o\000n}{section.0.9}% 19
\BOOKMARK [1][-]{section.0.10}{\376\377\000U\000s\000e\000f\000u\000l\000\040\000c\000o\000n\000c\000e\000p\000t\000s\000\040\000w\000h\000i\000c\000h\000\040\000y\000o\000u\000\040\000s\000h\000o\000u\000l\000d\000\040\000n\000o\000w\000\040\000k\000n\000o\000w\000\040\000a\000b\000o\000u\000t}{}% 20
\BOOKMARK [1][-]{section.0.11}{\376\377\000F\000u\000r\000t\000h\000e\000r\000\040\000R\000e\000a\000d\000i\000n\000g}{}% 21
\BOOKMARK [2][-]{subsection.0.11.1}{\376\377\000S\000e\000c\000u\000r\000i\000t\000y\000\040\000t\000a\000r\000g\000e\000t\000s\000\040\000i\000n\000\040\000U\000l\000t\000i\000m\000a\000\040\000T\000h\000u\000l\000e\000\040\000H\000o\000s\000p\000i\000t\000a\000l}{section.0.11}% 22
\BOOKMARK [2][-]{subsection.0.11.2}{\376\377\000A\000\040\000s\000e\000c\000u\000r\000i\000t\000y\000\040\000p\000o\000l\000i\000c\000y\000\040\000f\000o\000r\000\040\000a\000\040\000p\000r\000i\000v\000a\000t\000e\000\040\000h\000o\000m\000e}{section.0.11}% 23
\BOOKMARK [1][-]{section.0.12}{\376\377\000T\000e\000c\000h\000n\000i\000q\000u\000e\000\040\000a\000n\000d\000\040\000H\000u\000m\000a\000n\000\040\000B\000e\000i\000n\000g\000s}{}% 24
\BOOKMARK [2][-]{subsection.0.12.1}{\376\377\000P\000s\000y\000c\000h\000o\000l\000o\000g\000i\000c\000a\000l\000\040\000A\000t\000t\000a\000c\000k\000s}{section.0.12}% 25
\BOOKMARK [2][-]{subsection.0.12.2}{\376\377\000C\000u\000r\000i\000o\000s\000i\000t\000y}{section.0.12}% 26
\BOOKMARK [2][-]{subsection.0.12.3}{\376\377\000H\000e\000l\000p\000f\000u\000l\000n\000e\000s\000s}{section.0.12}% 27
\BOOKMARK [2][-]{subsection.0.12.4}{\376\377\000S\000y\000m\000p\000a\000t\000h\000y\000\040\000a\000n\000d\000\040\000H\000a\000t\000e}{section.0.12}% 28
\BOOKMARK [2][-]{subsection.0.12.5}{\376\377\000B\000e\000l\000i\000e\000f\000\040\000i\000n\000\040\000A\000u\000t\000h\000o\000r\000i\000t\000y}{section.0.12}% 29
\BOOKMARK [2][-]{subsection.0.12.6}{\376\377\000T\000h\000e\000\040\000B\000r\000a\000i\000n\000'\000s\000\040\000T\000w\000o\000\040\000M\000o\000d\000e\000s\000\040\000o\000f\000\040\000O\000p\000e\000r\000a\000t\000i\000o\000n}{section.0.12}% 30
\BOOKMARK [1][-]{section.0.13}{\376\377\000P\000r\000o\000b\000l\000e\000m}{}% 31
\BOOKMARK [2][-]{subsection.0.13.1}{\376\377\000U\000n\000c\000e\000r\000t\000a\000i\000n\000t\000y\000\040\000i\000n\000\040\000D\000e\000c\000i\000s\000i\000o\000n\000\040\000M\000a\000k\000i\000n\000g}{section.0.13}% 32
\BOOKMARK [1][-]{section.0.14}{\376\377\000A\000n\000c\000h\000o\000r\000i\000n\000g}{}% 33
\BOOKMARK [1][-]{section.0.15}{\376\377\000A\000t\000t\000r\000i\000b\000u\000t\000i\000o\000n}{}% 34
\BOOKMARK [1][-]{section.0.16}{\376\377\000F\000r\000a\000m\000i\000n\000g}{}% 35
\BOOKMARK [2][-]{subsection.0.16.1}{\376\377\000P\000h\000i\000s\000h\000i\000n\000g}{section.0.16}% 36
\BOOKMARK [2][-]{subsection.0.16.2}{\376\377\000H\000u\000m\000a\000n\000s\000\040\000v\000s\000.\000\040\000M\000a\000c\000h\000i\000n\000e\000s}{section.0.16}% 37
\BOOKMARK [2][-]{subsection.0.16.3}{\376\377\000C\000a\000n\000\040\000P\000s\000y\000c\000h\000o\000l\000o\000g\000i\000c\000a\000l\000\040\000A\000t\000t\000a\000c\000k\000s\000\040\000B\000e\000\040\000P\000r\000e\000v\000e\000n\000t\000e\000d\000?}{section.0.16}% 38
\BOOKMARK [2][-]{subsection.0.16.4}{\376\377\000M\000o\000t\000i\000v\000a\000t\000i\000o\000n}{section.0.16}% 39
\BOOKMARK [2][-]{subsection.0.16.5}{\376\377\000T\000r\000a\000i\000n\000i\000n\000g}{section.0.16}% 40
\BOOKMARK [1][-]{section.0.17}{\376\377\000U\000s\000e\000f\000u\000l\000\040\000c\000o\000n\000c\000e\000p\000t\000s\000\040\000w\000h\000i\000c\000h\000\040\000y\000o\000u\000\040\000s\000h\000o\000u\000l\000d\000\040\000n\000o\000w\000\040\000k\000n\000o\000w\000\040\000a\000b\000o\000u\000t}{}% 41
\BOOKMARK [1][-]{section.0.18}{\376\377\000F\000u\000r\000t\000h\000e\000r\000\040\000R\000e\000a\000d\000i\000n\000g}{}% 42
\BOOKMARK [2][-]{subsection.0.18.1}{\376\377\000C\000y\000b\000e\000r\000s\000s\000e\000c\000u\000r\000i\000t\000y\000\040\000i\000n\000\040\000U\000l\000t\000i\000m\000a\000\040\000T\000h\000u\000l\000e\000\040\000H\000o\000s\000p\000i\000t\000a\000l}{section.0.18}% 43
\BOOKMARK [2][-]{subsection.0.18.2}{\376\377\000P\000h\000i\000s\000h\000i\000n\000g\000\040\000\050\0001\000\051}{section.0.18}% 44
\BOOKMARK [2][-]{subsection.0.18.3}{\376\377\000P\000h\000i\000s\000h\000i\000n\000g\000\040\000\050\0002\000\051}{section.0.18}% 45
\BOOKMARK [2][-]{subsection.0.18.4}{\376\377\000S\000o\000c\000i\000a\000l\000\040\000e\000n\000g\000i\000n\000e\000e\000r\000i\000n\000g}{section.0.18}% 46
\BOOKMARK [2][-]{subsection.0.18.5}{\376\377\000C\000h\000a\000n\000g\000i\000n\000g\000\040\000p\000a\000s\000s\000w\000o\000r\000d\000s}{section.0.18}% 47
\BOOKMARK [2][-]{subsection.0.18.6}{\376\377\000A\000n\000\040\000e\000-\000m\000a\000i\000l\000\040\000f\000r\000o\000m\000\040\000t\000h\000e\000\040\000b\000a\000n\000k}{section.0.18}% 48
\BOOKMARK [2][-]{subsection.0.18.7}{\376\377\000C\000E\000O\000\040\000f\000r\000a\000u\000d}{section.0.18}% 49
\BOOKMARK [1][-]{section.0.19}{\376\377\000R\000i\000s\000k}{}% 50
\BOOKMARK [2][-]{subsection.0.19.1}{\376\377\000W\000h\000a\000t\000\040\000I\000s\000\040\000R\000i\000s\000k\000?}{section.0.19}% 51
\BOOKMARK [2][-]{subsection.0.19.2}{\376\377\000T\000h\000r\000e\000a\000t\000s\000\040\000i\000n\000\040\000I\000T\000\040\000S\000y\000s\000t\000e\000m\000s}{section.0.19}% 52
\BOOKMARK [1][-]{section.0.20}{\376\377\000.\000\040\000H\000a\000r\000d\000w\000a\000r\000e\000\040\000r\000e\000l\000a\000t\000e\000d\000\040\000t\000h\000r\000e\000a\000t\000s\000:}{}% 53
\BOOKMARK [1][-]{section.0.21}{\376\377\000.\000\040\000S\000o\000f\000t\000w\000a\000r\000e\000\040\000r\000e\000l\000a\000t\000e\000d\000\040\000t\000h\000r\000e\000a\000t\000s\000:}{}% 54
\BOOKMARK [1][-]{section.0.22}{\376\377\000.\000\040\000D\000a\000t\000a\000\040\000r\000e\000l\000a\000t\000e\000d\000\040\000t\000h\000r\000e\000a\000t\000s\000:}{}% 55
\BOOKMARK [1][-]{section.0.23}{\376\377\000.\000\040\000L\000i\000v\000e\000w\000a\000r\000e\000\040\000r\000e\000l\000a\000t\000e\000d\000\040\000t\000h\000r\000e\000a\000t\000s\000:}{}% 56
\BOOKMARK [2][-]{subsection.0.23.1}{\376\377\000C\000o\000u\000n\000t\000e\000r\000m\000e\000a\000s\000u\000r\000e\000s}{section.0.23}% 57
\BOOKMARK [2][-]{subsection.0.23.2}{\376\377\000R\000i\000s\000k\000\040\000M\000a\000n\000a\000g\000e\000m\000e\000n\000t}{section.0.23}% 58
\BOOKMARK [1][-]{section.0.24}{\376\377\000D\000e\000f\000i\000n\000i\000t\000i\000o\000n\000\040\0003\000.\0001\000\040\000\050\000R\000i\000s\000k\000\040\000m\000i\000t\000i\000g\000a\000t\000i\000o\000n\000\040\000s\000t\000a\000t\000e\000g\000i\000e\000s\000\051}{}% 59
\BOOKMARK [2][-]{subsection.0.24.1}{\376\377\000S\000y\000s\000t\000e\000m\000a\000t\000i\000c\000\040\000S\000e\000c\000u\000r\000i\000t\000y\000\040\000A\000n\000a\000l\000y\000s\000i\000s}{section.0.24}% 60
\BOOKMARK [2][-]{subsection.0.24.2}{\376\377\000I\000S\000O\000/\000I\000E\000C\000\040\0002\0007\0000\0000\0002}{section.0.24}% 61
\BOOKMARK [2][-]{subsection.0.24.3}{\376\377\000O\000C\000T\000A\000V\000E\000\256}{section.0.24}% 62
\BOOKMARK [2][-]{subsection.0.24.4}{\376\377\000O\000C\000T\000A\000V\000E\000\040\000P\000h\000a\000s\000e\000\040\0001}{section.0.24}% 63
\BOOKMARK [2][-]{subsection.0.24.5}{\376\377\000O\000C\000T\000A\000V\000E\000\040\000T\000h\000r\000e\000a\000t\000\040\000P\000r\000o\000f\000i\000l\000e\000s}{section.0.24}% 64
\BOOKMARK [2][-]{subsection.0.24.6}{\376\377\000O\000C\000T\000A\000V\000E\000\040\000T\000h\000r\000e\000a\000t\000\040\000C\000l\000a\000s\000s\000e\000s}{section.0.24}% 65
\BOOKMARK [1][-]{section.0.25}{\376\377\000D\000e\000f\000i\000n\000i\000t\000i\000o\000n\000\040\0003\000.\0002\000\040\000\050\000O\000C\000T\000A\000V\000E\000\040\000T\000h\000r\000e\000a\000t\000\040\000C\000l\000a\000s\000s\000e\000s\000:\000\051}{}% 66
\BOOKMARK [2][-]{subsection.0.25.1}{\376\377\000T\000h\000r\000e\000a\000t\000\040\000A\000n\000a\000l\000y\000s\000i\000s}{section.0.25}% 67
\BOOKMARK [1][-]{section.0.26}{\376\377\000T\000h\000r\000e\000a\000t\000\040\0001\000:}{}% 68
\BOOKMARK [1][-]{section.0.27}{\376\377\000T\000h\000r\000e\000a\000t\000\040\0002\000:}{}% 69
\BOOKMARK [1][-]{section.0.28}{\376\377\000T\000h\000r\000e\000a\000t\000\040\0003\000:}{}% 70
\BOOKMARK [2][-]{subsection.0.28.1}{\376\377\000R\000i\000s\000k\000\040\000M\000a\000n\000a\000g\000e\000m\000e\000n\000t\000\040\000a\000s\000\040\000a\000\040\000P\000D\000C\000A\000\040\000P\000r\000o\000c\000e\000s\000s}{section.0.28}% 71
\BOOKMARK [1][-]{section.0.29}{\376\377\000U\000s\000e\000f\000u\000l\000\040\000c\000o\000n\000c\000e\000p\000t\000s\000\040\000w\000h\000i\000c\000h\000\040\000y\000o\000u\000\040\000s\000h\000o\000u\000l\000d\000\040\000n\000o\000w\000\040\000k\000n\000o\000w\000\040\000a\000b\000o\000u\000t}{}% 72
\BOOKMARK [1][-]{section.0.30}{\376\377\000F\000u\000r\000t\000h\000e\000r\000\040\000R\000e\000a\000d\000i\000n\000g}{}% 73
\BOOKMARK [2][-]{subsection.0.30.1}{\376\377\000T\000h\000e\000\040\000p\000a\000t\000i\000e\000n\000t\000\040\000r\000e\000c\000o\000r\000d\000\040\000s\000y\000s\000t\000e\000m}{section.0.30}% 74
\BOOKMARK [2][-]{subsection.0.30.2}{\376\377\000I\000n\000t\000e\000r\000n\000a\000l\000\040\000a\000n\000d\000\040\000e\000k\000s\000t\000e\000r\000n\000a\000l\000\040\000a\000t\000t\000a\000c\000k\000e\000r\000s}{section.0.30}% 75
\BOOKMARK [2][-]{subsection.0.30.3}{\376\377\000C\000y\000b\000e\000r\000e\000s\000p\000i\000o\000n\000a\000g\000e}{section.0.30}% 76
\BOOKMARK [2][-]{subsection.0.30.4}{\376\377\000O\000b\000j\000e\000c\000t\000i\000v\000e\000\040\000a\000n\000d\000\040\000s\000u\000b\000j\000e\000c\000t\000i\000v\000e\000\040\000r\000i\000s\000k}{section.0.30}% 77
\BOOKMARK [2][-]{subsection.0.30.5}{\376\377\000R\000i\000s\000k\000\040\000A\000n\000a\000l\000y\000s\000i\000s\000\040\000f\000o\000r\000\040\000a\000\040\000s\000m\000a\000r\000t\000p\000h\000o\000n\000e}{section.0.30}% 78
\BOOKMARK [1][-]{section.0.31}{\376\377\000C\000r\000y\000p\000t\000o\000g\000r\000a\000p\000h\000y}{}% 79
\BOOKMARK [2][-]{subsection.0.31.1}{\376\377\000S\000o\000m\000e\000\040\000C\000e\000n\000t\000r\000a\000l\000\040\000C\000o\000n\000c\000e\000p\000t\000s}{section.0.31}% 80
\BOOKMARK [1][-]{section.0.32}{\376\377\000D\000e\000f\000i\000n\000i\000t\000i\000o\000n\000\040\0004\000.\0001\000\040\000\050\000B\000a\000s\000i\000c\000\040\000c\000r\000y\000p\000t\000o\000g\000r\000a\000p\000h\000i\000c\000\040\000o\000p\000e\000r\000a\000t\000i\000o\000n\000s\000\051}{}% 81
\BOOKMARK [2][-]{subsection.0.32.1}{\376\377\000C\000r\000y\000p\000t\000o\000s\000y\000s\000t\000e\000m\000s}{section.0.32}% 82
\BOOKMARK [2][-]{subsection.0.32.2}{\376\377\000C\000r\000y\000p\000t\000a\000n\000a\000l\000y\000s\000i\000s}{section.0.32}% 83
\BOOKMARK [1][-]{section.0.33}{\376\377\000D\000e\000f\000i\000n\000i\000t\000i\000o\000n\000\040\0004\000.\0002\000\040\000\050\000A\000t\000t\000a\000c\000k\000\040\000c\000l\000a\000s\000s\000e\000s\000\051}{}% 84
\BOOKMARK [2][-]{subsection.0.33.1}{\376\377\000S\000y\000m\000m\000e\000t\000r\000i\000c\000\040\000E\000n\000c\000r\000y\000p\000t\000i\000o\000n}{section.0.33}% 85
\BOOKMARK [2][-]{subsection.0.33.2}{\376\377\000S\000u\000b\000s\000t\000i\000t\000u\000t\000i\000o\000n\000\040\000C\000i\000p\000h\000e\000r\000s}{section.0.33}% 86
\BOOKMARK [2][-]{subsection.0.33.3}{\376\377\000R\000a\000n\000d\000o\000m\000\040\000P\000e\000r\000m\000u\000t\000a\000t\000i\000o\000n}{section.0.33}% 87
\BOOKMARK [2][-]{subsection.0.33.4}{\376\377\000P\000o\000l\000y\000a\000l\000p\000h\000a\000b\000e\000t\000i\000c\000\040\000C\000i\000p\000h\000e\000r\000s}{section.0.33}% 88
\BOOKMARK [2][-]{subsection.0.33.5}{\376\377\000V\000i\000g\000e\000n\000\350\000r\000e\000\040\000C\000i\000p\000h\000e\000r\000s}{section.0.33}% 89
\BOOKMARK [2][-]{subsection.0.33.6}{\376\377\000T\000r\000a\000n\000s\000p\000o\000s\000i\000t\000i\000o\000n\000\040\000C\000i\000p\000h\000e\000r\000s}{section.0.33}% 90
\BOOKMARK [2][-]{subsection.0.33.7}{\376\377\000M\000o\000d\000e\000r\000n\000\040\000I\000d\000e\000a\000s}{section.0.33}% 91
\BOOKMARK [2][-]{subsection.0.33.8}{\376\377\000O\000n\000e\000-\000T\000i\000m\000e\000\040\000P\000a\000d\000s}{section.0.33}% 92
\BOOKMARK [2][-]{subsection.0.33.9}{\376\377\000C\000o\000n\000f\000u\000s\000i\000o\000n\000\040\000a\000n\000d\000\040\000D\000i\000f\000f\000u\000s\000i\000o\000n}{section.0.33}% 93
\BOOKMARK [2][-]{subsection.0.33.10}{\376\377\000D\000E\000S}{section.0.33}% 94
\BOOKMARK [2][-]{subsection.0.33.11}{\376\377\000M\000o\000d\000e\000s\000\040\000o\000f\000\040\000O\000p\000e\000r\000a\000t\000i\000o\000n}{section.0.33}% 95
\BOOKMARK [1][-]{section.0.34}{\376\377\000D\000e\000f\000i\000n\000i\000t\000i\000o\000n\000\040\0004\000.\0003\000\040\000\050\000N\000o\000n\000c\000e\000\051}{}% 96
\BOOKMARK [2][-]{subsection.0.34.1}{\376\377\000A\000E\000S}{section.0.34}% 97
\BOOKMARK [2][-]{subsection.0.34.2}{\376\377\000S\000y\000m\000m\000e\000t\000r\000i\000c\000\040\000S\000t\000r\000e\000a\000m\000\040\000C\000i\000p\000h\000e\000r\000s}{section.0.34}% 98
\BOOKMARK [2][-]{subsection.0.34.3}{\376\377\000S\000h\000i\000f\000t\000\040\000R\000e\000g\000i\000s\000t\000e\000r\000\040\000B\000a\000s\000e\000d\000\040\000B\000i\000t\000\040\000G\000e\000n\000e\000r\000a\000t\000o\000r\000s}{section.0.34}% 99
\BOOKMARK [2][-]{subsection.0.34.4}{\376\377\000A\000n\000\040\000A\000l\000t\000e\000r\000n\000a\000t\000i\000v\000e\000\040\000A\000p\000p\000r\000o\000a\000c\000h\000:\000\040\000R\000C\0004}{section.0.34}% 100
\BOOKMARK [2][-]{subsection.0.34.5}{\376\377\000e\000S\000t\000r\000e\000a\000m\000\040\000S\000t\000r\000e\000a\000m\000\040\000C\000i\000p\000h\000e\000r\000s}{section.0.34}% 101
\BOOKMARK [2][-]{subsection.0.34.6}{\376\377\000A\000s\000y\000m\000m\000e\000t\000r\000i\000c\000\040\000C\000r\000y\000p\000t\000o\000s\000y\000s\000t\000e\000m\000s}{section.0.34}% 102
\BOOKMARK [1][-]{section.0.35}{\376\377\000!\000\040\000W\000A\000R\000N\000I\000N\000G\000:\000\040\000M\000a\000t\000h\000e\000m\000a\000t\000i\000c\000s\000\040\000a\000h\000e\000a\000d\000!}{}% 103
\BOOKMARK [2][-]{subsection.0.35.1}{\376\377\000T\000r\000a\000p\000d\000o\000o\000r\000\040\000F\000u\000n\000c\000t\000i\000o\000n\000s}{section.0.35}% 104
\BOOKMARK [2][-]{subsection.0.35.2}{\376\377\000M\000o\000d\000u\000l\000a\000r\000\040\000A\000r\000i\000t\000h\000m\000e\000t\000i\000c}{section.0.35}% 105
\BOOKMARK [2][-]{subsection.0.35.3}{\376\377\000T\000h\000e\000\040\000R\000S\000A\000\040\000C\000r\000y\000p\000t\000o\000s\000y\000s\000t\000e\000m}{section.0.35}% 106
\BOOKMARK [1][-]{section.0.36}{\376\377\000R\000S\000A\000'\000s\000\040\000m\000a\000t\000h\000e\000m\000a\000t\000i\000c\000a\000l\000\040\000b\000a\000s\000i\000s\000:}{}% 107
\BOOKMARK [1][-]{section.0.37}{\376\377\000-\000\040\000E\000v\000a\000l\000u\000a\000t\000i\000n\000g\000\040\000t\000h\000e\000\040\000s\000e\000t\000\040\000o\000f\000\040\000k\000e\000y\000s\000:}{}% 108
\BOOKMARK [1][-]{section.0.38}{\376\377\000-\000\040\000E\000n\000c\000r\000y\000p\000t\000i\000o\000n\000\040\000a\000n\000d\000\040\000d\000e\000c\000r\000y\000p\000t\000i\000o\000n\000:}{}% 109
\BOOKMARK [2][-]{subsection.0.38.1}{\376\377\000C\000a\000l\000c\000u\000l\000a\000t\000i\000o\000n\000\040\000E\000f\000f\000i\000c\000i\000e\000n\000c\000y}{section.0.38}% 110
\BOOKMARK [2][-]{subsection.0.38.2}{\376\377\000T\000h\000e\000\040\000S\000e\000c\000u\000r\000i\000t\000y\000\040\000o\000f\000\040\000R\000S\000A}{section.0.38}% 111
\BOOKMARK [2][-]{subsection.0.38.3}{\376\377\000A\000\040\000C\000o\000m\000p\000a\000r\000i\000s\000o\000n\000\040\000o\000f\000\040\000P\000K\000C\000S\000\040\000a\000n\000d\000\040\000S\000K\000C\000S}{section.0.38}% 112
\BOOKMARK [1][-]{section.0.39}{\376\377\000U\000s\000e\000f\000u\000l\000\040\000c\000o\000n\000c\000e\000p\000t\000s\000\040\000w\000h\000i\000c\000h\000\040\000y\000o\000u\000\040\000s\000h\000o\000u\000l\000d\000\040\000n\000o\000w\000\040\000k\000n\000o\000w\000\040\000a\000b\000o\000u\000t}{}% 113
\BOOKMARK [1][-]{section.0.40}{\376\377\000F\000u\000r\000t\000h\000e\000r\000\040\000R\000e\000a\000d\000i\000n\000g}{}% 114
\BOOKMARK [2][-]{subsection.0.40.1}{\376\377\000C\000r\000y\000p\000t\000a\000n\000a\000l\000y\000s\000i\000s\000\040\0001}{section.0.40}% 115
\BOOKMARK [2][-]{subsection.0.40.2}{\376\377\000C\000r\000y\000p\000t\000a\000n\000a\000l\000y\000s\000i\000s\000\040\0002}{section.0.40}% 116
\BOOKMARK [2][-]{subsection.0.40.3}{\376\377\000A\000E\000S\0001\0002\0008\000\040\000i\000n\000\040\000E\000C\000B\000\040\000m\000o\000d\000e}{section.0.40}% 117
\BOOKMARK [2][-]{subsection.0.40.4}{\376\377\000A\000E\000S\0001\0002\0008\000\040\000i\000n\000\040\000C\000B\000C\000\040\000m\000o\000d\000e}{section.0.40}% 118
\BOOKMARK [2][-]{subsection.0.40.5}{\376\377\000A\000E\000S\000\040\000w\000i\000t\000h\000\040\000t\000w\000o\000\040\000r\000e\000l\000a\000t\000e\000d\000\040\000k\000e\000y\000s}{section.0.40}% 119
\BOOKMARK [1][-]{section.0.41}{\376\377\000B\000\040\000C\000o\000m\000p\000a\000n\000y\000\040\000t\000o\000\040\000a\000t\000t\000a\000c\000k\000\040\000t\000a\000r\000g\000e\000t\000\040\000F\000I\000X\000\040\000a\000t\000\040\0000\0009\0000\0007\000\040\000h\000r\000s}{}% 120
\BOOKMARK [2][-]{subsection.0.41.1}{\376\377\000R\000C\0004}{section.0.41}% 121
\BOOKMARK [2][-]{subsection.0.41.2}{\376\377\000M\000o\000d\000u\000l\000a\000r\000\040\000A\000r\000i\000t\000h\000m\000e\000t\000i\000c}{section.0.41}% 122
\BOOKMARK [2][-]{subsection.0.41.3}{\376\377\000T\000h\000e\000\040\000t\000e\000a\000m\000\040\000m\000a\000r\000c\000h\000e\000s\000\040\000i\000n}{section.0.41}% 123
\BOOKMARK [2][-]{subsection.0.41.4}{\376\377\000R\000S\000A\000\040\000d\000e\000c\000r\000y\000p\000t\000i\000o\000n}{section.0.41}% 124
\BOOKMARK [2][-]{subsection.0.41.5}{\376\377\000C\000h\000o\000o\000s\000i\000n\000g\000\040\000a\000n\000\040\000R\000S\000A\000\040\000m\000o\000d\000u\000l\000u\000s}{section.0.41}% 125
\BOOKMARK [1][-]{section.0.42}{\376\377\000A\000p\000p\000l\000i\000e\000d\000\040\000C\000r\000y\000p\000t\000o\000g\000r\000a\000p\000h\000y}{}% 126
\BOOKMARK [2][-]{subsection.0.42.1}{\376\377\000I\000n\000t\000e\000g\000r\000i\000t\000y}{section.0.42}% 127
\BOOKMARK [2][-]{subsection.0.42.2}{\376\377\000C\000r\000y\000p\000t\000o\000g\000r\000a\000p\000h\000i\000c\000\040\000H\000a\000s\000h\000\040\000F\000u\000n\000c\000t\000i\000o\000n\000s}{section.0.42}% 128
\BOOKMARK [2][-]{subsection.0.42.3}{\376\377\000M\000A\000C}{section.0.42}% 129
\BOOKMARK [1][-]{section.0.43}{\376\377\000R\000e\000q\000u\000i\000r\000e\000m\000e\000n\000t\000s\000\040\0005\000.\0002\000\040\000\050\000P\000r\000o\000p\000e\000r\000t\000i\000e\000s\000\040\000o\000f\000\040\000a\000\040\000M\000A\000C\000\051}{}% 130
\BOOKMARK [2][-]{subsection.0.43.1}{\376\377\000E\000l\000e\000c\000t\000r\000o\000n\000i\000c\000\040\000S\000i\000g\000n\000a\000t\000u\000r\000e\000s}{section.0.43}% 131
\BOOKMARK [1][-]{section.0.44}{\376\377\000R\000e\000q\000u\000i\000r\000e\000m\000e\000n\000t\000s\000\040\0005\000.\0003\000\040\000\050\000P\000r\000o\000p\000e\000r\000t\000i\000e\000s\000\040\000o\000f\000\040\000a\000\040\000e\000l\000e\000c\000t\000r\000o\000n\000i\000c\000\040\000s\000i\000g\000n\000a\000t\000u\000r\000e\000\051}{}% 132
\BOOKMARK [2][-]{subsection.0.44.1}{\376\377\000V\000e\000r\000i\000f\000i\000c\000a\000t\000i\000o\000n\000\040\000o\000f\000\040\000E\000l\000e\000c\000t\000r\000o\000n\000i\000c\000\040\000S\000i\000g\000n\000a\000t\000u\000r\000e\000s}{section.0.44}% 133
\BOOKMARK [2][-]{subsection.0.44.2}{\376\377\000E\000l\000e\000c\000t\000r\000o\000n\000i\000c\000\040\000S\000i\000g\000n\000a\000t\000u\000r\000e\000s\000\040\000w\000i\000t\000h\000\040\000a\000\040\000P\000K\000C\000S}{section.0.44}% 134
\BOOKMARK [2][-]{subsection.0.44.3}{\376\377\000D\000i\000g\000i\000t\000a\000l\000\040\000S\000i\000g\000n\000a\000t\000u\000r\000e\000\040\000S\000t\000a\000n\000d\000a\000r\000d\000\040\000\050\000D\000S\000S\000\051}{section.0.44}% 135
\BOOKMARK [1][-]{section.0.45}{\376\377\000F\000o\000r\000m\000a\000t\000i\000o\000n\000\040\000o\000f\000\040\000a\000\040\000s\000i\000g\000n\000a\000t\000u\000r\000e\000:}{}% 136
\BOOKMARK [1][-]{section.0.46}{\376\377\000V\000e\000r\000i\000f\000i\000c\000a\000t\000i\000o\000n\000\040\000o\000f\000\040\000a\000\040\000s\000i\000g\000n\000a\000t\000u\000r\000e\000:}{}% 137
\BOOKMARK [1][-]{section.0.47}{\376\377\000E\000f\000f\000i\000c\000i\000e\000n\000c\000y\000:}{}% 138
\BOOKMARK [1][-]{section.0.48}{\376\377\000S\000e\000c\000u\000r\000i\000t\000y\000\040\000i\000n\000\040\000D\000S\000A\000:}{}% 139
\BOOKMARK [2][-]{subsection.0.48.1}{\376\377\000P\000l\000a\000n\000n\000i\000n\000g\000\040\000f\000o\000r\000\040\000t\000h\000e\000\040\000F\000u\000t\000u\000r\000e}{section.0.48}% 140
\BOOKMARK [2][-]{subsection.0.48.2}{\376\377\000A\000u\000t\000h\000e\000n\000t\000i\000c\000a\000t\000i\000o\000n}{section.0.48}% 141
\BOOKMARK [1][-]{section.0.49}{\376\377\000R\000e\000q\000u\000i\000r\000e\000m\000e\000n\000t\000s\000\040\0005\000.\0004\000\040\000\050\000P\000r\000o\000p\000e\000r\000t\000i\000e\000s\000\040\000o\000f\000\040\000a\000n\000\040\000a\000u\000t\000h\000e\000n\000t\000i\000c\000a\000t\000i\000o\000n\000\040\000p\000r\000o\000t\000o\000c\000o\000l\000\051}{}% 142
\BOOKMARK [2][-]{subsection.0.49.1}{\376\377\000T\000y\000p\000e\000s\000\040\000o\000f\000\040\000E\000v\000i\000d\000e\000n\000c\000e}{section.0.49}% 143
\BOOKMARK [2][-]{subsection.0.49.2}{\376\377\000A\000u\000t\000h\000e\000n\000t\000i\000c\000a\000t\000i\000o\000n\000\040\000w\000i\000t\000h\000\040\000a\000n\000\040\000S\000K\000C\000S}{section.0.49}% 144
\BOOKMARK [2][-]{subsection.0.49.3}{\376\377\000A\000u\000t\000h\000e\000n\000t\000i\000c\000a\000t\000i\000o\000n\000\040\000w\000i\000t\000h\000\040\000a\000\040\000P\000K\000C\000S}{section.0.49}% 145
\BOOKMARK [2][-]{subsection.0.49.4}{\376\377\000K\000e\000y\000\040\000D\000i\000s\000t\000r\000i\000b\000u\000t\000i\000o\000n}{section.0.49}% 146
\BOOKMARK [2][-]{subsection.0.49.5}{\376\377\000D\000i\000f\000f\000i\000e\000-\000H\000e\000l\000l\000m\000a\000n\000\040\000K\000e\000y\000\040\000A\000g\000r\000e\000e\000m\000e\000n\000t}{section.0.49}% 147
\BOOKMARK [2][-]{subsection.0.49.6}{\376\377\000M\000o\000r\000e\000\040\000S\000e\000c\000u\000r\000e\000\040\000K\000e\000y\000\040\000A\000g\000r\000e\000e\000m\000e\000n\000t\000s}{section.0.49}% 148
\BOOKMARK [2][-]{subsection.0.49.7}{\376\377\000C\000e\000r\000t\000i\000f\000i\000c\000a\000t\000e\000s}{section.0.49}% 149
\BOOKMARK [2][-]{subsection.0.49.8}{\376\377\000H\000o\000w\000\040\000A\000r\000e\000\040\000C\000e\000r\000t\000i\000f\000i\000c\000a\000t\000e\000s\000\040\000I\000s\000s\000u\000e\000d\000\040\000i\000n\000\040\000a\000\040\000P\000K\000I\000?}{section.0.49}% 150
\BOOKMARK [2][-]{subsection.0.49.9}{\376\377\000A\000c\000c\000e\000s\000s\000\040\000t\000o\000\040\000C\000e\000r\000t\000i\000f\000i\000c\000a\000t\000e\000s}{section.0.49}% 151
\BOOKMARK [2][-]{subsection.0.49.10}{\376\377\000T\000r\000u\000s\000t\000\040\000M\000o\000d\000e\000l\000s}{section.0.49}% 152
\BOOKMARK [2][-]{subsection.0.49.11}{\376\377\000T\000h\000e\000\040\000H\000i\000e\000r\000a\000r\000c\000h\000i\000c\000a\000l\000\040\000T\000r\000u\000s\000t\000\040\000M\000o\000d\000e\000l}{section.0.49}% 153
\BOOKMARK [2][-]{subsection.0.49.12}{\376\377\000T\000h\000e\000\040\000W\000e\000b\000-\000o\000f\000-\000t\000r\000u\000s\000t\000\040\000M\000o\000d\000e\000l}{section.0.49}% 154
\BOOKMARK [2][-]{subsection.0.49.13}{\376\377\000T\000h\000e\000\040\000R\000e\000p\000u\000t\000a\000t\000i\000o\000n\000-\000b\000a\000s\000e\000d\000\040\000T\000r\000u\000s\000t\000\040\000M\000o\000d\000e\000l}{section.0.49}% 155
\BOOKMARK [2][-]{subsection.0.49.14}{\376\377\000E\000s\000t\000a\000b\000l\000i\000s\000h\000i\000n\000g\000\040\000a\000n\000\040\000I\000d\000e\000n\000t\000i\000t\000y}{section.0.49}% 156
\BOOKMARK [1][-]{section.0.50}{\376\377\000U\000s\000e\000f\000u\000l\000\040\000c\000o\000n\000c\000e\000p\000t\000s\000\040\000w\000h\000i\000c\000h\000\040\000y\000o\000u\000\040\000s\000h\000o\000u\000l\000d\000\040\000n\000o\000w\000\040\000k\000n\000o\000w\000\040\000a\000b\000o\000u\000t}{}% 157
\BOOKMARK [1][-]{section.0.51}{\376\377\000F\000u\000r\000t\000h\000e\000r\000\040\000R\000e\000a\000d\000i\000n\000g}{}% 158
\BOOKMARK [2][-]{subsection.0.51.1}{\376\377\000H\000a\000s\000h\000\040\000f\000u\000n\000c\000t\000i\000o\000n\000s}{section.0.51}% 159
\BOOKMARK [2][-]{subsection.0.51.2}{\376\377\000I\000n\000t\000e\000g\000r\000i\000t\000y\000\040\000w\000i\000t\000h\000\040\000e\000n\000c\000r\000y\000p\000t\000i\000o\000n}{section.0.51}% 160
\BOOKMARK [2][-]{subsection.0.51.3}{\376\377\000D\000o\000u\000b\000l\000e\000\040\000e\000n\000c\000r\000y\000p\000t\000i\000o\000n}{section.0.51}% 161
\BOOKMARK [2][-]{subsection.0.51.4}{\376\377\000N\000e\000e\000d\000h\000a\000m\000\040\000a\000n\000d\000\040\000S\000c\000h\000r\000o\000e\000d\000e\000r\000s\000\040\000o\000r\000i\000g\000i\000n\000a\000l\000\040\000S\000K\000C\000S\000\040\000p\000r\000o\000t\000o\000c\000o\000l}{section.0.51}% 162
\BOOKMARK [2][-]{subsection.0.51.5}{\376\377\000C\000e\000r\000t\000i\000f\000i\000c\000a\000t\000e\000s}{section.0.51}% 163
\BOOKMARK [2][-]{subsection.0.51.6}{\376\377\000E\000l\000e\000c\000t\000r\000o\000n\000i\000c\000\040\000s\000i\000g\000n\000a\000t\000u\000r\000e\000s}{section.0.51}% 164
\BOOKMARK [2][-]{subsection.0.51.7}{\376\377\000M\000a\000l\000l\000e\000a\000b\000i\000l\000i\000t\000y}{section.0.51}% 165
\BOOKMARK [1][-]{section.0.52}{\376\377\000C\000o\000m\000m\000u\000n\000i\000c\000a\000t\000i\000o\000n\000\040\000N\000e\000t\000w\000o\000r\000k\000s}{}% 166
\BOOKMARK [2][-]{subsection.0.52.1}{\376\377\000B\000a\000s\000i\000c\000\040\000N\000e\000t\000w\000o\000r\000k\000\040\000C\000o\000n\000c\000e\000p\000t\000s}{section.0.52}% 167
\BOOKMARK [2][-]{subsection.0.52.2}{\376\377\000L\000a\000y\000e\000r\000e\000d\000\040\000A\000r\000c\000h\000i\000t\000e\000c\000t\000u\000r\000e\000s}{section.0.52}% 168
\BOOKMARK [2][-]{subsection.0.52.3}{\376\377\000S\000e\000r\000v\000i\000c\000e\000s}{section.0.52}% 169
\BOOKMARK [2][-]{subsection.0.52.4}{\376\377\000P\000r\000o\000t\000o\000c\000o\000l\000s}{section.0.52}% 170
\BOOKMARK [2][-]{subsection.0.52.5}{\376\377\000C\000o\000m\000m\000u\000n\000i\000c\000a\000t\000i\000o\000n\000\040\000i\000n\000\040\000t\000h\000e\000\040\000I\000n\000t\000e\000r\000n\000e\000t}{section.0.52}% 171
\BOOKMARK [2][-]{subsection.0.52.6}{\376\377\000D\000a\000t\000a\000\040\000T\000r\000a\000n\000s\000f\000e\000r\000\040\000B\000e\000t\000w\000e\000e\000n\000\040\000L\000a\000y\000e\000r\000s}{section.0.52}% 172
\BOOKMARK [2][-]{subsection.0.52.7}{\376\377\000A\000d\000d\000r\000e\000s\000s\000i\000n\000g}{section.0.52}% 173
\BOOKMARK [2][-]{subsection.0.52.8}{\376\377\000I\000n\000t\000e\000r\000n\000e\000t\000\040\000N\000a\000m\000e\000s}{section.0.52}% 174
\BOOKMARK [2][-]{subsection.0.52.9}{\376\377\000I\000P\000\040\000A\000d\000d\000r\000e\000s\000s\000e\000s}{section.0.52}% 175
\BOOKMARK [2][-]{subsection.0.52.10}{\376\377\000T\000C\000P\000\040\000a\000n\000d\000\040\000U\000D\000P\000\040\000P\000o\000r\000t\000s}{section.0.52}% 176
\BOOKMARK [2][-]{subsection.0.52.11}{\376\377\000F\000u\000n\000c\000t\000i\000o\000n\000s\000\040\000i\000n\000\040\000T\000C\000P\000\040\000a\000n\000d\000\040\000I\000P}{section.0.52}% 177
\BOOKMARK [2][-]{subsection.0.52.12}{\376\377\000D\000N\000S}{section.0.52}% 178
\BOOKMARK [2][-]{subsection.0.52.13}{\376\377\000H\000o\000w\000\040\000D\000o\000\040\000t\000h\000e\000\040\000L\000a\000y\000e\000r\000s\000\040\000W\000o\000r\000k\000\040\000T\000o\000g\000e\000t\000h\000e\000r\000?}{section.0.52}% 179
\BOOKMARK [2][-]{subsection.0.52.14}{\376\377\000T\000e\000c\000h\000n\000o\000l\000o\000g\000y}{section.0.52}% 180
\BOOKMARK [2][-]{subsection.0.52.15}{\376\377\000S\000h\000a\000r\000e\000d\000\040\000C\000a\000b\000l\000e\000-\000b\000a\000s\000e\000d\000\040\000M\000e\000d\000i\000a}{section.0.52}% 181
\BOOKMARK [2][-]{subsection.0.52.16}{\376\377\000W\000i\000r\000e\000l\000e\000s\000s\000\040\000N\000e\000t\000w\000o\000r\000k\000s}{section.0.52}% 182
\BOOKMARK [2][-]{subsection.0.52.17}{\376\377\000I\000E\000E\000E\000\040\0008\0000\0002\000.\0001\0001\000\040\000M\000o\000d\000e\000s\000\040\000o\000f\000\040\000O\000p\000e\000r\000a\000t\000i\000o\000n}{section.0.52}% 183
\BOOKMARK [2][-]{subsection.0.52.18}{\376\377\000M\000o\000b\000i\000l\000e\000\040\000T\000e\000l\000e\000p\000h\000o\000n\000e\000s\000\040\000o\000n\000\040\000t\000h\000e\000\040\000N\000e\000t}{section.0.52}% 184
\BOOKMARK [1][-]{section.0.53}{\376\377\000U\000s\000e\000f\000u\000l\000\040\000c\000o\000n\000c\000e\000p\000t\000s\000\040\000w\000h\000i\000c\000h\000\040\000y\000o\000u\000\040\000s\000h\000o\000u\000l\000d\000\040\000n\000o\000w\000\040\000k\000n\000o\000w\000\040\000a\000b\000o\000u\000t}{}% 185
\BOOKMARK [1][-]{section.0.54}{\376\377\000F\000u\000r\000t\000h\000e\000r\000\040\000R\000e\000a\000d\000i\000n\000g}{}% 186
\BOOKMARK [2][-]{subsection.0.54.1}{\376\377\000I\000P\000\040\000a\000d\000d\000r\000e\000s\000s\000e\000s}{section.0.54}% 187
\BOOKMARK [2][-]{subsection.0.54.2}{\376\377\000T\000C\000P\000\040\000p\000o\000r\000t\000s}{section.0.54}% 188
\BOOKMARK [2][-]{subsection.0.54.3}{\376\377\000R\000e\000g\000i\000s\000t\000r\000a\000t\000i\000o\000n\000\040\000d\000a\000t\000a\000b\000a\000s\000e\000s}{section.0.54}% 189
\BOOKMARK [2][-]{subsection.0.54.4}{\376\377\000G\000e\000o\000l\000o\000c\000a\000t\000i\000o\000n}{section.0.54}% 190
\BOOKMARK [2][-]{subsection.0.54.5}{\376\377\000I\000d\000e\000n\000t\000i\000t\000i\000e\000s\000\040\000i\000n\000\040\000t\000h\000e\000\040\000m\000o\000b\000i\000l\000e\000\040\000n\000e\000t\000w\000o\000r\000k}{section.0.54}% 191
\BOOKMARK [1][-]{section.0.55}{\376\377\000N\000e\000t\000w\000o\000r\000k\000\040\000A\000p\000p\000l\000i\000c\000a\000t\000i\000o\000n\000s}{}% 192
\BOOKMARK [2][-]{subsection.0.55.1}{\376\377\000M\000a\000i\000l\000\040\000T\000r\000a\000n\000s\000f\000e\000r}{section.0.55}% 193
\BOOKMARK [2][-]{subsection.0.55.2}{\376\377\000M\000a\000i\000l\000\040\000R\000e\000l\000a\000y\000s}{section.0.55}% 194
\BOOKMARK [2][-]{subsection.0.55.3}{\376\377\000T\000h\000e\000\040\000S\000t\000r\000u\000c\000t\000u\000r\000e\000\040\000o\000f\000\040\000a\000\040\000M\000a\000i\000l}{section.0.55}% 195
\BOOKMARK [2][-]{subsection.0.55.4}{\376\377\000M\000I\000M\000E}{section.0.55}% 196
\BOOKMARK [2][-]{subsection.0.55.5}{\376\377\000T\000r\000a\000n\000s\000f\000e\000r\000\040\000o\000f\000\040\000W\000e\000b\000\040\000P\000a\000g\000e\000s}{section.0.55}% 197
\BOOKMARK [1][-]{section.0.56}{\376\377\000C\000l\000a\000s\000s\000i\000c\000\040\000D\000a\000n\000i\000s\000h\000\040\000R\000e\000c\000i\000p\000e\000s}{}% 198
\BOOKMARK [1][-]{section.0.57}{\376\377\000U\000s\000e\000f\000u\000l\000\040\000c\000o\000n\000c\000e\000p\000t\000s\000\040\000w\000h\000i\000c\000h\000\040\000y\000o\000u\000\040\000s\000h\000o\000u\000l\000d\000\040\000n\000o\000w\000\040\000k\000n\000o\000w\000\040\000a\000b\000o\000u\000t}{}% 199
\BOOKMARK [2][-]{subsection.0.57.1}{\376\377\000T\000r\000a\000c\000i\000n\000g\000\040\000e\000-\000m\000a\000i\000l}{section.0.57}% 200
\BOOKMARK [2][-]{subsection.0.57.2}{\376\377\000C\000h\000a\000r\000a\000c\000t\000e\000r\000\040\000e\000n\000c\000o\000d\000i\000n\000g\000\040\000i\000n\000\040\000e\000-\000m\000a\000i\000l}{section.0.57}% 201
\BOOKMARK [2][-]{subsection.0.57.3}{\376\377\000H\000e\000a\000d\000e\000r\000\040\000f\000i\000e\000l\000d\000s\000\040\000i\000n\000\040\000H\000T\000T\000P}{section.0.57}% 202
\BOOKMARK [1][-]{section.0.58}{\376\377\000!\000\040\000W\000a\000t\000c\000h\000\040\000o\000u\000t\000!}{}% 203
\BOOKMARK [1][-]{section.0.59}{\376\377\000N\000e\000t\000w\000o\000r\000k\000\040\000S\000e\000c\000u\000r\000i\000t\000y}{}% 204
\BOOKMARK [2][-]{subsection.0.59.1}{\376\377\000P\000r\000o\000t\000e\000c\000t\000i\000o\000n\000\040\000B\000a\000s\000e\000d\000\040\000o\000n\000\040\000C\000r\000y\000p\000t\000o\000g\000r\000a\000p\000h\000i\000c\000\040\000M\000e\000t\000h\000o\000d\000s}{section.0.59}% 205
\BOOKMARK [2][-]{subsection.0.59.2}{\376\377\000T\000h\000e\000\040\000A\000p\000p\000l\000i\000c\000a\000t\000i\000o\000n\000\040\000L\000a\000y\000e\000r}{section.0.59}% 206
\BOOKMARK [2][-]{subsection.0.59.3}{\376\377\000T\000h\000e\000\040\000T\000r\000a\000n\000s\000p\000o\000r\000t\000\040\000L\000a\000y\000e\000r}{section.0.59}% 207
\BOOKMARK [2][-]{subsection.0.59.4}{\376\377\000T\000h\000e\000\040\000I\000n\000t\000e\000r\000n\000e\000t\000\040\000L\000a\000y\000e\000r}{section.0.59}% 208
\BOOKMARK [2][-]{subsection.0.59.5}{\376\377\000T\000h\000e\000\040\000L\000i\000n\000k\000\040\000L\000a\000y\000e\000r}{section.0.59}% 209
\BOOKMARK [2][-]{subsection.0.59.6}{\376\377\000T\000h\000e\000\040\000P\000h\000y\000s\000i\000c\000a\000l\000\040\000L\000a\000y\000e\000r}{section.0.59}% 210
\BOOKMARK [2][-]{subsection.0.59.7}{\376\377\000E\000n\000c\000r\000y\000p\000t\000i\000o\000n\000\040\000i\000n\000\040\000t\000h\000e\000\040\000A\000p\000p\000l\000i\000c\000a\000t\000i\000o\000n\000\040\000L\000a\000y\000e\000r}{section.0.59}% 211
\BOOKMARK [2][-]{subsection.0.59.8}{\376\377\000V\000i\000r\000t\000u\000a\000l\000\040\000P\000r\000i\000v\000a\000t\000e\000\040\000N\000e\000t\000w\000o\000r\000k\000s}{section.0.59}% 212
\BOOKMARK [1][-]{section.0.60}{\376\377\000D\000e\000f\000i\000n\000i\000t\000i\000o\000n\000\040\0008\000.\0001\000\040\000\050\000V\000i\000r\000t\000u\000a\000l\000\040\000P\000r\000i\000v\000a\000t\000e\000\040\000N\000e\000t\000w\000o\000r\000k\000\051}{}% 213
\BOOKMARK [2][-]{subsection.0.60.1}{\376\377\000T\000u\000n\000n\000e\000l\000i\000n\000g}{section.0.60}% 214
\BOOKMARK [1][-]{section.0.61}{\376\377\000D\000e\000f\000i\000n\000i\000t\000i\000o\000n\000\040\0008\000.\0002\000\040\000\050\000T\000u\000n\000n\000e\000l\000i\000n\000g\000\051}{}% 215
\BOOKMARK [2][-]{subsection.0.61.1}{\376\377\000"\000S\000i\000t\000e\000-\000t\000o\000-\000s\000i\000t\000e\000"\000\040\000T\000u\000n\000n\000e\000l\000i\000n\000g}{section.0.61}% 216
\BOOKMARK [2][-]{subsection.0.61.2}{\376\377\000S\000e\000c\000u\000r\000e\000\040\000S\000i\000t\000e\000-\000t\000o\000-\000s\000i\000t\000e\000\040\000T\000u\000n\000n\000e\000l\000i\000n\000g\000\040\000i\000n\000\040\000a\000\040\000V\000P\000N}{section.0.61}% 217
\BOOKMARK [2][-]{subsection.0.61.3}{\376\377\000S\000e\000c\000u\000r\000e\000\040\000H\000o\000s\000t\000-\000t\000o\000-\000s\000i\000t\000e\000\040\000T\000u\000n\000n\000e\000l\000i\000n\000g\000\040\000i\000n\000\040\000a\000\040\000V\000P\000N}{section.0.61}% 218
\BOOKMARK [2][-]{subsection.0.61.4}{\376\377\000W\000h\000i\000c\000h\000\040\000L\000a\000y\000e\000r\000s\000\040\000A\000r\000e\000\040\000U\000s\000e\000d\000\040\000f\000o\000r\000\040\000V\000P\000N\000s\000?}{section.0.61}% 219
\BOOKMARK [2][-]{subsection.0.61.5}{\376\377\000A\000n\000o\000n\000y\000m\000o\000u\000s\000\040\000C\000o\000m\000m\000u\000n\000i\000c\000a\000t\000i\000o\000n\000\040\000i\000n\000\040\000t\000h\000e\000\040\000I\000n\000t\000e\000r\000n\000e\000t}{section.0.61}% 220
\BOOKMARK [2][-]{subsection.0.61.6}{\376\377\000S\000e\000c\000u\000r\000e\000\040\000S\000o\000c\000k\000e\000t\000\040\000L\000a\000y\000e\000r}{section.0.61}% 221
\BOOKMARK [2][-]{subsection.0.61.7}{\376\377\000S\000S\000L\000\040\000P\000r\000o\000t\000o\000c\000o\000l\000\040\000A\000r\000c\000h\000i\000t\000e\000c\000t\000u\000r\000e}{section.0.61}% 222
\BOOKMARK [2][-]{subsection.0.61.8}{\376\377\000S\000S\000L\000/\000T\000L\000S\000\040\000S\000e\000c\000u\000r\000i\000t\000y\000\040\000P\000a\000r\000a\000m\000e\000t\000e\000r\000\040\000S\000e\000t\000s}{section.0.61}% 223
\BOOKMARK [2][-]{subsection.0.61.9}{\376\377\000P\000r\000o\000t\000o\000c\000o\000l\000s\000\040\000S\000e\000c\000u\000r\000e\000d\000\040\000w\000i\000t\000h\000\040\000S\000S\000L\000/\000T\000L\000S}{section.0.61}% 224
\BOOKMARK [2][-]{subsection.0.61.10}{\376\377\000R\000i\000s\000k\000s\000\040\000i\000n\000\040\000U\000s\000i\000n\000g\000\040\000C\000e\000r\000t\000i\000f\000i\000c\000a\000t\000e\000s}{section.0.61}% 225
\BOOKMARK [2][-]{subsection.0.61.11}{\376\377\000F\000i\000r\000e\000w\000a\000l\000l\000s}{section.0.61}% 226
\BOOKMARK [1][-]{section.0.62}{\376\377\000R\000e\000q\000u\000i\000r\000e\000m\000e\000n\000t\000s\000\040\0008\000.\0001\000\040\000\050\000O\000p\000e\000r\000a\000t\000i\000o\000n\000\040\000o\000f\000\040\000a\000\040\000f\000i\000r\000e\000w\000a\000l\000l\000\051}{}% 227
\BOOKMARK [2][-]{subsection.0.62.1}{\376\377\000T\000y\000p\000e\000s\000\040\000o\000f\000\040\000F\000i\000r\000e\000w\000a\000l\000l}{section.0.62}% 228
\BOOKMARK [2][-]{subsection.0.62.2}{\376\377\000P\000l\000a\000c\000e\000m\000e\000n\000t\000\040\000o\000f\000\040\000F\000i\000r\000e\000w\000a\000l\000l\000s}{section.0.62}% 229
\BOOKMARK [2][-]{subsection.0.62.3}{\376\377\000R\000e\000s\000i\000d\000u\000a\000l\000\040\000R\000i\000s\000k\000s\000\040\000C\000o\000n\000n\000e\000c\000t\000e\000d\000\040\000w\000i\000t\000h\000\040\000F\000i\000r\000e\000w\000a\000l\000l\000s}{section.0.62}% 230
\BOOKMARK [2][-]{subsection.0.62.4}{\376\377\000P\000e\000r\000s\000o\000n\000a\000l\000\040\000F\000i\000r\000e\000w\000a\000l\000l\000s}{section.0.62}% 231
\BOOKMARK [2][-]{subsection.0.62.5}{\376\377\000I\000n\000t\000r\000u\000s\000i\000o\000n\000\040\000D\000e\000t\000e\000c\000t\000i\000o\000n\000\040\000S\000y\000s\000t\000e\000m\000s\000\040\000\050\000I\000D\000S\000\051}{section.0.62}% 232
\BOOKMARK [2][-]{subsection.0.62.6}{\376\377\000P\000r\000i\000n\000c\000i\000p\000l\000e\000s\000\040\000o\000f\000\040\000O\000p\000e\000r\000a\000t\000i\000o\000n}{section.0.62}% 233
\BOOKMARK [2][-]{subsection.0.62.7}{\376\377\000N\000e\000t\000w\000o\000r\000k\000\040\000I\000D\000S\000s\000\040\000\050\000N\000I\000D\000S\000\051}{section.0.62}% 234
\BOOKMARK [2][-]{subsection.0.62.8}{\376\377\000H\000o\000s\000t\000\040\000I\000D\000S\000s\000\040\000\050\000H\000I\000D\000S\000\051}{section.0.62}% 235
\BOOKMARK [2][-]{subsection.0.62.9}{\376\377\000S\000e\000c\000u\000r\000i\000t\000y\000\040\000i\000n\000\040\000W\000i\000r\000e\000l\000e\000s\000s\000\040\000N\000e\000t\000w\000o\000r\000k\000s}{section.0.62}% 236
\BOOKMARK [2][-]{subsection.0.62.10}{\376\377\000O\000r\000i\000g\000i\000n\000a\000l\000\040\000W\000i\000F\000i\000\040\000S\000e\000c\000u\000r\000i\000t\000y\000\040\000\050\000W\000E\000P\000\051}{section.0.62}% 237
\BOOKMARK [1][-]{section.0.63}{\376\377\000.\000\040\000O\000p\000e\000n\000\040\000S\000y\000s\000t\000e\000m\000\040\000a\000u\000t\000h\000e\000n\000t\000i\000c\000a\000t\000i\000o\000n\000:}{}% 238
\BOOKMARK [1][-]{section.0.64}{\376\377\000.\000\040\000S\000h\000a\000r\000e\000d\000\040\000K\000e\000y\000\040\000a\000u\000t\000h\000e\000n\000t\000i\000c\000a\000t\000i\000o\000n\000:}{}% 239
\BOOKMARK [2][-]{subsection.0.64.1}{\376\377\000D\000e\000v\000e\000l\000o\000p\000m\000e\000n\000t\000\040\000o\000f\000\040\000S\000e\000c\000u\000r\000i\000t\000y\000\040\000i\000n\000\040\000I\000E\000E\000E\000\040\0008\0000\0002\000.\0001\0001}{section.0.64}% 240
\BOOKMARK [2][-]{subsection.0.64.2}{\376\377\000S\000e\000c\000u\000r\000i\000t\000y\000\040\000i\000n\000\040\000B\000l\000u\000e\000t\000o\000o\000t\000h}{section.0.64}% 241
\BOOKMARK [2][-]{subsection.0.64.3}{\376\377\000S\000e\000c\000u\000r\000i\000t\000y\000\040\000i\000n\000\040\000t\000h\000e\000\040\000M\000o\000b\000i\000l\000e\000\040\000T\000e\000l\000e\000p\000h\000o\000n\000e\000\040\000N\000e\000t\000w\000o\000r\000k}{section.0.64}% 242
\BOOKMARK [2][-]{subsection.0.64.4}{\376\377\000S\000e\000c\000u\000r\000i\000t\000y\000\040\000i\000n\000\040\000G\000S\000M}{section.0.64}% 243
\BOOKMARK [2][-]{subsection.0.64.5}{\376\377\000C\000a\000n\000\040\000t\000h\000e\000\040\000A\0005\000\040\000F\000u\000n\000c\000t\000i\000o\000n\000s\000\040\000B\000e\000\040\000B\000r\000o\000k\000e\000n\000\040\000i\000n\000\040\000P\000r\000a\000c\000t\000i\000c\000e\000?}{section.0.64}% 244
\BOOKMARK [2][-]{subsection.0.64.6}{\376\377\000S\000e\000c\000u\000r\000i\000t\000y\000\040\000i\000n\000\040\000U\000M\000T\000S}{section.0.64}% 245
\BOOKMARK [2][-]{subsection.0.64.7}{\376\377\000F\000a\000l\000s\000e\000\040\000B\000T\000S\000s\000\040\000a\000n\000d\000\040\000S\000u\000r\000v\000e\000i\000l\000l\000a\000n\000c\000e}{section.0.64}% 246
\BOOKMARK [2][-]{subsection.0.64.8}{\376\377\000I\000s\000\040\000Y\000o\000u\000r\000\040\000M\000o\000b\000i\000l\000e\000\040\000D\000e\000v\000i\000c\000e\000\040\000S\000e\000c\000u\000r\000e\000?}{section.0.64}% 247
\BOOKMARK [2][-]{subsection.0.64.9}{\376\377\000D\000e\000n\000i\000a\000l\000\040\000o\000f\000\040\000S\000e\000r\000v\000i\000c\000e\000\040\000\050\000D\000o\000S\000\051\000\040\000A\000t\000t\000a\000c\000k\000s}{section.0.64}% 248
\BOOKMARK [2][-]{subsection.0.64.10}{\376\377\000D\000o\000S\000\040\000A\000t\000t\000a\000c\000k\000s\000\040\000i\000n\000\040\000t\000h\000e\000\040\000A\000p\000p\000l\000i\000c\000a\000t\000i\000o\000n\000\040\000L\000a\000y\000e\000r}{section.0.64}% 249
\BOOKMARK [2][-]{subsection.0.64.11}{\376\377\000D\000o\000S\000\040\000A\000t\000t\000a\000c\000k\000s\000\040\000i\000n\000\040\000t\000h\000e\000\040\000T\000r\000a\000n\000s\000p\000o\000r\000t\000\040\000L\000a\000y\000e\000r}{section.0.64}% 250
\BOOKMARK [2][-]{subsection.0.64.12}{\376\377\000D\000o\000S\000\040\000A\000t\000t\000a\000c\000k\000s\000\040\000i\000n\000\040\000t\000h\000e\000\040\000I\000n\000t\000e\000r\000n\000e\000t\000\040\000L\000a\000y\000e\000r}{section.0.64}% 251
\BOOKMARK [2][-]{subsection.0.64.13}{\376\377\000D\000o\000S\000\040\000A\000t\000t\000a\000c\000k\000s\000\040\000i\000n\000\040\000t\000h\000e\000\040\000L\000i\000n\000k\000\040\000a\000n\000d\000\040\000P\000h\000y\000s\000i\000c\000a\000l\000\040\000L\000a\000y\000e\000r\000s}{section.0.64}% 252
\BOOKMARK [2][-]{subsection.0.64.14}{\376\377\000D\000i\000s\000t\000r\000i\000b\000u\000t\000e\000d\000\040\000D\000o\000S\000\040\000A\000t\000t\000a\000c\000k\000s}{section.0.64}% 253
\BOOKMARK [2][-]{subsection.0.64.15}{\376\377\000P\000e\000r\000m\000a\000n\000e\000n\000t\000\040\000D\000o\000S\000\040\000A\000t\000t\000a\000c\000k\000s}{section.0.64}% 254
\BOOKMARK [2][-]{subsection.0.64.16}{\376\377\000R\000i\000s\000k\000s\000\040\000a\000n\000d\000\040\000C\000o\000u\000n\000t\000e\000r\000m\000e\000a\000s\000u\000r\000e\000s\000\040\000f\000o\000r\000\040\000D\000O\000S\000\040\000A\000t\000t\000a\000c\000k\000s}{section.0.64}% 255
\BOOKMARK [2][-]{subsection.0.64.17}{\376\377\000S\000e\000c\000u\000r\000i\000t\000y\000\040\000i\000n\000\040\000D\000N\000S}{section.0.64}% 256
\BOOKMARK [2][-]{subsection.0.64.18}{\376\377\000C\000o\000u\000n\000t\000e\000r\000m\000e\000a\000s\000u\000r\000e\000s\000\040\000f\000o\000r\000\040\000U\000s\000e\000\040\000i\000n\000\040\000D\000N\000S}{section.0.64}% 257
\BOOKMARK [2][-]{subsection.0.64.19}{\376\377\000S\000e\000c\000u\000r\000i\000t\000y\000\040\000i\000n\000\040\000S\000M\000T\000P}{section.0.64}% 258
\BOOKMARK [2][-]{subsection.0.64.20}{\376\377\000S\000P\000F}{section.0.64}% 259
\BOOKMARK [2][-]{subsection.0.64.21}{\376\377\000D\000K\000I\000M}{section.0.64}% 260
\BOOKMARK [2][-]{subsection.0.64.22}{\376\377\000S\000e\000c\000u\000r\000i\000t\000y\000\040\000i\000n\000\040\000S\000N\000M\000P}{section.0.64}% 261
\BOOKMARK [2][-]{subsection.0.64.23}{\376\377\000R\000i\000s\000k\000s\000\040\000a\000n\000d\000\040\000C\000o\000u\000n\000t\000e\000r\000m\000e\000a\000s\000u\000r\000e\000s\000\040\000i\000n\000\040\000U\000s\000i\000n\000g\000\040\000S\000N\000M\000P}{section.0.64}% 262
\BOOKMARK [2][-]{subsection.0.64.24}{\376\377\000C\000r\000i\000t\000i\000c\000a\000l\000\040\000I\000n\000f\000r\000a\000s\000t\000r\000u\000c\000t\000u\000r\000e\000\040\000P\000r\000o\000t\000e\000c\000t\000i\000o\000n}{section.0.64}% 263
\BOOKMARK [2][-]{subsection.0.64.25}{\376\377\000E\000v\000a\000l\000u\000a\000t\000i\000o\000n\000\040\000o\000f\000\040\000N\000e\000t\000w\000o\000r\000k\000\040\000S\000e\000c\000u\000r\000i\000t\000y}{section.0.64}% 264
\BOOKMARK [1][-]{section.0.65}{\376\377\000U\000s\000e\000f\000u\000l\000\040\000c\000o\000n\000c\000e\000p\000t\000s\000\040\000w\000h\000i\000c\000h\000\040\000y\000o\000u\000\040\000s\000h\000o\000u\000l\000d\000\040\000n\000o\000w\000\040\000k\000n\000o\000w\000\040\000a\000b\000o\000u\000t}{}% 265
\BOOKMARK [1][-]{section.0.66}{\376\377\000F\000u\000r\000t\000h\000e\000r\000\040\000R\000e\000a\000d\000i\000n\000g}{}% 266
\BOOKMARK [2][-]{subsection.0.66.1}{\376\377\000C\000y\000b\000e\000r\000s\000q\000u\000a\000t\000t\000i\000n\000g}{section.0.66}% 267
\BOOKMARK [2][-]{subsection.0.66.2}{\376\377\000M\000o\000n\000i\000t\000o\000r\000i\000n\000g\000\040\000w\000i\000r\000e\000l\000e\000s\000s\000\040\000p\000e\000r\000s\000o\000n\000a\000l\000\040\000n\000e\000t\000w\000o\000r\000k\000s}{section.0.66}% 268
\BOOKMARK [2][-]{subsection.0.66.3}{\376\377\000U\000s\000i\000n\000g\000\040\000u\000n\000e\000n\000c\000r\000y\000p\000t\000e\000d\000\040\000w\000i\000r\000e\000l\000e\000s\000s\000\040\000n\000e\000t\000w\000o\000r\000k\000s}{section.0.66}% 269
\BOOKMARK [2][-]{subsection.0.66.4}{\376\377\000T\000h\000e\000\040\000f\000a\000l\000s\000e\000\040\000A\000P}{section.0.66}% 270
\BOOKMARK [2][-]{subsection.0.66.5}{\376\377\000B\000l\000a\000c\000k\000l\000i\000s\000t\000i\000n\000g}{section.0.66}% 271
\BOOKMARK [2][-]{subsection.0.66.6}{\376\377\000D\000i\000s\000p\000o\000s\000a\000b\000l\000e\000\040\000a\000l\000i\000a\000s\000\040\000n\000a\000m\000e\000s}{section.0.66}% 272
\BOOKMARK [2][-]{subsection.0.66.7}{\376\377\000S\000e\000r\000v\000e\000r\000\040\000c\000e\000r\000t\000i\000f\000i\000c\000a\000t\000e\000s}{section.0.66}% 273
\BOOKMARK [2][-]{subsection.0.66.8}{\376\377\000S\000p\000a\000m\000\040\000a\000n\000d\000\040\000m\000a\000l\000w\000a\000r\000e\000\040\000f\000i\000l\000t\000e\000r\000i\000n\000g}{section.0.66}% 274
\BOOKMARK [2][-]{subsection.0.66.9}{\376\377\000D\000M\000Z\000\040\000n\000e\000t\000w\000o\000r\000k\000s}{section.0.66}% 275
\BOOKMARK [2][-]{subsection.0.66.10}{\376\377\000C\000y\000b\000e\000r\000s\000e\000c\000u\000r\000i\000t\000y\000\040\000i\000n\000\040\000m\000e\000d\000i\000c\000a\000l\000\040\000e\000q\000u\000i\000p\000m\000e\000n\000t}{section.0.66}% 276
\BOOKMARK [2][-]{subsection.0.66.11}{\376\377\000A\000\040\000c\000o\000m\000p\000a\000n\000y\000'\000s\000\040\000w\000e\000b\000\040\000s\000e\000r\000v\000e\000r\000s}{section.0.66}% 277
\BOOKMARK [1][-]{section.0.67}{\376\377\000S\000e\000c\000u\000r\000i\000t\000y\000\040\000i\000n\000\040\000O\000p\000e\000r\000a\000t\000i\000n\000g\000\040\000S\000y\000s\000t\000e\000m\000s}{}% 278
\BOOKMARK [1][-]{section.0.68}{\376\377\000R\000e\000q\000u\000i\000r\000e\000m\000e\000n\000t\000s\000\040\0009\000.\0001\000\040\000\050\000P\000r\000o\000p\000e\000r\000t\000i\000e\000s\000\040\000o\000f\000\040\000a\000\040\000s\000y\000s\000t\000e\000m\000\040\000f\000o\000r\000\040\000p\000e\000r\000m\000i\000s\000s\000i\000o\000n\000\040\000c\000o\000n\000t\000r\000o\000l\000\051}{}% 279
\BOOKMARK [2][-]{subsection.0.68.1}{\376\377\000U\000s\000e\000r\000\040\000A\000u\000t\000h\000e\000n\000t\000i\000c\000a\000t\000i\000o\000n}{section.0.68}% 280
\BOOKMARK [2][-]{subsection.0.68.2}{\376\377\000B\000i\000o\000m\000e\000t\000r\000i\000c\000\040\000A\000u\000t\000h\000e\000n\000t\000i\000c\000a\000t\000i\000o\000n}{section.0.68}% 281
\BOOKMARK [2][-]{subsection.0.68.3}{\376\377\000P\000a\000s\000s\000w\000o\000r\000d\000s}{section.0.68}% 282
\BOOKMARK [2][-]{subsection.0.68.4}{\376\377\000P\000a\000s\000s\000w\000o\000r\000d\000\040\000S\000t\000r\000e\000n\000g\000t\000h}{section.0.68}% 283
\BOOKMARK [2][-]{subsection.0.68.5}{\376\377\000P\000r\000o\000t\000e\000c\000t\000i\000o\000n\000\040\000o\000f\000\040\000P\000a\000s\000s\000w\000o\000r\000d\000s}{section.0.68}% 284
\BOOKMARK [2][-]{subsection.0.68.6}{\376\377\000C\000h\000o\000o\000s\000i\000n\000g\000\040\000P\000a\000s\000s\000w\000o\000r\000d\000s}{section.0.68}% 285
\BOOKMARK [2][-]{subsection.0.68.7}{\376\377\000O\000n\000e\000-\000t\000i\000m\000e\000\040\000P\000a\000s\000s\000w\000o\000r\000d\000s}{section.0.68}% 286
\BOOKMARK [2][-]{subsection.0.68.8}{\376\377\000P\000a\000t\000t\000e\000r\000n\000\040\000L\000o\000c\000k\000s}{section.0.68}% 287
\BOOKMARK [2][-]{subsection.0.68.9}{\376\377\000T\000r\000e\000n\000d\000s\000\040\000i\000n\000\040\000U\000s\000e\000r\000\040\000A\000u\000t\000h\000e\000n\000t\000i\000c\000a\000t\000i\000o\000n}{section.0.68}% 288
\BOOKMARK [2][-]{subsection.0.68.10}{\376\377\000A\000u\000t\000h\000e\000n\000t\000i\000c\000a\000t\000i\000o\000n\000\040\000T\000h\000r\000o\000u\000g\000h\000\040\000t\000h\000e\000\040\000N\000e\000t}{section.0.68}% 289
\BOOKMARK [2][-]{subsection.0.68.11}{\376\377\000A\000u\000t\000h\000o\000r\000i\000s\000a\000t\000i\000o\000n\000,\000\040\000P\000r\000o\000t\000e\000c\000t\000i\000o\000n\000\040\000\046\000\040\000R\000i\000g\000h\000t\000s}{section.0.68}% 290
\BOOKMARK [2][-]{subsection.0.68.12}{\376\377\000W\000h\000o\000\040\000D\000e\000c\000i\000d\000e\000s\000?}{section.0.68}% 291
\BOOKMARK [2][-]{subsection.0.68.13}{\376\377\000A\000c\000c\000e\000s\000s\000\040\000C\000o\000n\000t\000r\000o\000l\000\040\000M\000a\000t\000r\000i\000c\000e\000s}{section.0.68}% 292
\BOOKMARK [2][-]{subsection.0.68.14}{\376\377\000A\000c\000c\000e\000s\000s\000\040\000C\000o\000n\000t\000r\000o\000l\000\040\000L\000i\000s\000t\000s}{section.0.68}% 293
\BOOKMARK [2][-]{subsection.0.68.15}{\376\377\000D\000i\000r\000e\000c\000t\000o\000r\000i\000e\000s}{section.0.68}% 294
\BOOKMARK [2][-]{subsection.0.68.16}{\376\377\000C\000a\000p\000a\000b\000i\000l\000i\000t\000i\000e\000s}{section.0.68}% 295
\BOOKMARK [2][-]{subsection.0.68.17}{\376\377\000A\000c\000c\000e\000s\000s\000\040\000C\000o\000n\000t\000r\000o\000l\000\040\000i\000n\000\040\000F\000i\000l\000e\000\040\000S\000y\000s\000t\000e\000m\000s}{section.0.68}% 296
\BOOKMARK [2][-]{subsection.0.68.18}{\376\377\000U\000n\000i\000x\000-\000s\000t\000y\000l\000e\000\040\000F\000i\000l\000e\000\040\000P\000r\000o\000t\000e\000c\000t\000i\000o\000n}{section.0.68}% 297
\BOOKMARK [1][-]{section.0.69}{\376\377\000P\000r\000o\000b\000l\000e\000m\000s\000\040\000w\000i\000t\000h\000\040\000U\000n\000i\000x\000-\000s\000t\000y\000l\000e\000\040\000F\000i\000l\000e\000\040\000P\000r\000o\000t\000e\000c\000t\000i\000o\000n\000:}{}% 298
\BOOKMARK [2][-]{subsection.0.69.1}{\376\377\000s\000e\000t\000u\000i\000d\000\040\000a\000n\000d\000\040\000s\000e\000t\000g\000i\000d}{section.0.69}% 299
\BOOKMARK [2][-]{subsection.0.69.2}{\376\377\000W\000i\000n\000d\000o\000w\000s\000\040\000N\000T\000\040\000A\000C\000L\000s}{section.0.69}% 300
\BOOKMARK [2][-]{subsection.0.69.3}{\376\377\000A\000c\000c\000e\000s\000s\000\040\000C\000o\000n\000t\000r\000o\000l\000\040\000f\000o\000r\000\040\000O\000t\000h\000e\000r\000\040\000S\000y\000s\000t\000e\000m\000\040\000C\000o\000m\000p\000o\000n\000e\000n\000t\000s}{section.0.69}% 301
\BOOKMARK [2][-]{subsection.0.69.4}{\376\377\000A\000c\000c\000e\000s\000s\000\040\000C\000o\000n\000t\000r\000o\000l\000\040\000i\000n\000\040\000t\000h\000e\000\040\000M\000e\000m\000o\000r\000y}{section.0.69}% 302
\BOOKMARK [2][-]{subsection.0.69.5}{\376\377\000A\000c\000c\000e\000s\000s\000\040\000C\000o\000n\000t\000r\000o\000l\000\040\000f\000o\000r\000\040\000H\000a\000r\000d\000w\000a\000r\000e\000\040\000U\000n\000i\000t\000s}{section.0.69}% 303
\BOOKMARK [2][-]{subsection.0.69.6}{\376\377\000A\000c\000c\000e\000s\000s\000\040\000C\000o\000n\000t\000r\000o\000l\000\040\000f\000o\000r\000\040\000t\000h\000e\000\040\000C\000P\000U}{section.0.69}% 304
\BOOKMARK [2][-]{subsection.0.69.7}{\376\377\000A\000c\000c\000e\000s\000s\000\040\000C\000o\000n\000t\000r\000o\000l\000\040\000i\000n\000\040\000A\000n\000d\000r\000o\000i\000d}{section.0.69}% 305
\BOOKMARK [2][-]{subsection.0.69.8}{\376\377\000B\000y\000p\000a\000s\000s\000i\000n\000g\000\040\000A\000c\000c\000e\000s\000s\000\040\000C\000o\000n\000t\000r\000o\000l\000:\000\040\000R\000o\000o\000t\000k\000i\000t\000s}{section.0.69}% 306
\BOOKMARK [2][-]{subsection.0.69.9}{\376\377\000T\000h\000e\000\040\000R\000e\000f\000e\000r\000e\000n\000c\000e\000\040\000M\000o\000n\000i\000t\000o\000r\000\040\000r\000e\000v\000i\000s\000i\000t\000e\000d}{section.0.69}% 307
\BOOKMARK [2][-]{subsection.0.69.10}{\376\377\000E\000n\000c\000r\000y\000p\000t\000i\000o\000n\000\040\000i\000n\000\040\000t\000h\000e\000\040\000O\000p\000e\000r\000a\000t\000i\000n\000g\000\040\000S\000y\000s\000t\000e\000m}{section.0.69}% 308
\BOOKMARK [2][-]{subsection.0.69.11}{\376\377\000J\000o\000b\000\040\000S\000c\000h\000e\000d\000u\000l\000i\000n\000g}{section.0.69}% 309
\BOOKMARK [2][-]{subsection.0.69.12}{\376\377\000U\000p\000d\000a\000t\000i\000n\000g\000\040\000t\000h\000e\000\040\000O\000p\000e\000r\000a\000t\000i\000n\000g\000\040\000S\000y\000s\000t\000e\000m}{section.0.69}% 310
\BOOKMARK [2][-]{subsection.0.69.13}{\376\377\000I\000s\000\040\000Y\000o\000u\000r\000\040\000O\000S\000\040\000G\000e\000n\000u\000i\000n\000e\000?}{section.0.69}% 311
\BOOKMARK [2][-]{subsection.0.69.14}{\376\377\000W\000h\000a\000t\000\040\000t\000h\000e\000\040\000O\000S\000\040\000C\000a\000n\000n\000o\000t\000\040\000D\000o}{section.0.69}% 312
\BOOKMARK [1][-]{section.0.70}{\376\377\000U\000s\000e\000f\000u\000l\000\040\000c\000o\000n\000c\000e\000p\000t\000s\000\040\000w\000h\000i\000c\000h\000\040\000y\000o\000u\000\040\000s\000h\000o\000u\000l\000d\000\040\000n\000o\000w\000\040\000k\000n\000o\000w\000\040\000a\000b\000o\000u\000t}{}% 313
\BOOKMARK [1][-]{section.0.71}{\376\377\000F\000u\000r\000t\000h\000e\000r\000\040\000R\000e\000a\000d\000i\000n\000g}{}% 314
\BOOKMARK [2][-]{subsection.0.71.1}{\376\377\000P\000a\000t\000t\000e\000r\000n\000\040\000l\000o\000c\000k\000s}{section.0.71}% 315
\BOOKMARK [2][-]{subsection.0.71.2}{\376\377\000P\000a\000s\000s\000w\000o\000r\000d\000\040\000S\000t\000r\000e\000n\000g\000t\000h}{section.0.71}% 316
\BOOKMARK [2][-]{subsection.0.71.3}{\376\377\000A\000\040\000p\000o\000l\000i\000c\000y\000\040\000f\000o\000r\000\040\000c\000h\000o\000o\000s\000i\000n\000g\000\040\000p\000a\000s\000s\000w\000o\000r\000d\000s}{section.0.71}% 317
\BOOKMARK [2][-]{subsection.0.71.4}{\376\377\000M\000u\000l\000t\000i\000-\000f\000a\000c\000t\000o\000r\000\040\000a\000u\000t\000h\000e\000n\000t\000i\000c\000a\000t\000i\000o\000n}{section.0.71}% 318
\BOOKMARK [2][-]{subsection.0.71.5}{\376\377\000W\000i\000n\000d\000o\000w\000s\000\040\000R\000e\000g\000i\000s\000t\000r\000y\000\040\000a\000n\000d\000\040\000U\000n\000i\000x\000\040\000/\000p\000r\000o\000c}{section.0.71}% 319
\BOOKMARK [2][-]{subsection.0.71.6}{\376\377\000D\000a\000t\000a\000\040\000e\000n\000c\000r\000y\000p\000t\000i\000o\000n\000\040\000i\000n\000\040\000t\000h\000e\000\040\000c\000l\000o\000u\000d}{section.0.71}% 320
\BOOKMARK [2][-]{subsection.0.71.7}{\376\377\000W\000i\000n\000d\000o\000w\000s\000\040\000N\000T\000\040\000A\000C\000L\000s}{section.0.71}% 321
\BOOKMARK [2][-]{subsection.0.71.8}{\376\377\000C\000a\000p\000a\000b\000i\000l\000i\000t\000i\000e\000s\000\040\000a\000n\000d\000\040\000p\000r\000o\000t\000e\000c\000t\000i\000o\000n\000\040\000r\000i\000n\000g\000s}{section.0.71}% 322
\BOOKMARK [2][-]{subsection.0.71.9}{\376\377\000T\000h\000r\000e\000a\000t\000s\000\040\000t\000o\000\040\000K\000e\000r\000b\000e\000r\000o\000s}{section.0.71}% 323
\BOOKMARK [2][-]{subsection.0.71.10}{\376\377\000T\000h\000e\000\040\000p\000r\000i\000n\000c\000i\000p\000l\000e\000\040\000o\000f\000\040\000l\000e\000a\000s\000t\000\040\000p\000r\000i\000v\000i\000l\000e\000g\000e}{section.0.71}% 324
\BOOKMARK [2][-]{subsection.0.71.11}{\376\377\000P\000a\000s\000s\000w\000o\000r\000d\000\040\000s\000e\000c\000r\000e\000c\000y}{section.0.71}% 325
\BOOKMARK [1][-]{section.0.72}{\376\377\000S\000o\000f\000t\000w\000a\000r\000e\000\040\000s\000e\000c\000u\000r\000i\000t\000y}{}% 326
\BOOKMARK [2][-]{subsection.0.72.1}{\376\377\000C\000l\000a\000s\000s\000e\000s\000\040\000o\000f\000\040\000S\000e\000c\000u\000r\000i\000t\000y\000\040\000F\000a\000i\000l\000u\000r\000e\000\040\000i\000n\000\040\000S\000o\000f\000t\000w\000a\000r\000e}{section.0.72}% 327
\BOOKMARK [2][-]{subsection.0.72.2}{\376\377\000B\000u\000f\000f\000e\000r\000\040\000O\000v\000e\000r\000f\000l\000o\000w}{section.0.72}% 328
\BOOKMARK [2][-]{subsection.0.72.3}{\376\377\000B\000u\000f\000f\000e\000r\000\040\000O\000v\000e\000r\000f\000l\000o\000w\000\040\000V\000u\000l\000n\000e\000r\000a\000b\000i\000l\000i\000t\000i\000e\000s}{section.0.72}% 329
\BOOKMARK [2][-]{subsection.0.72.4}{\376\377\000B\000u\000f\000f\000e\000r\000\040\000O\000v\000e\000r\000r\000e\000a\000d}{section.0.72}% 330
\BOOKMARK [2][-]{subsection.0.72.5}{\376\377\000I\000n\000c\000o\000m\000p\000l\000e\000t\000e\000\040\000M\000e\000d\000i\000a\000t\000i\000o\000n}{section.0.72}% 331
\BOOKMARK [2][-]{subsection.0.72.6}{\376\377\000T\000i\000m\000e\000-\000o\000f\000-\000c\000h\000e\000c\000k\000\040\000t\000o\000\040\000T\000i\000m\000e\000-\000o\000f\000-\000u\000s\000e\000\040\000\050\000T\000O\000C\000T\000T\000O\000U\000\051}{section.0.72}% 332
\BOOKMARK [2][-]{subsection.0.72.7}{\376\377\000D\000e\000t\000e\000c\000t\000i\000o\000n\000\040\000o\000f\000\040\000P\000r\000o\000g\000r\000a\000m\000m\000i\000n\000g\000\040\000E\000r\000r\000o\000r\000s}{section.0.72}% 333
\BOOKMARK [2][-]{subsection.0.72.8}{\376\377\000M\000a\000l\000i\000c\000i\000o\000u\000s\000\040\000C\000o\000d\000e}{section.0.72}% 334
\BOOKMARK [2][-]{subsection.0.72.9}{\376\377\000V\000i\000r\000u\000s\000\040\000A\000t\000t\000a\000c\000k\000s}{section.0.72}% 335
\BOOKMARK [2][-]{subsection.0.72.10}{\376\377\000W\000o\000r\000m\000\040\000a\000t\000t\000a\000c\000k\000s}{section.0.72}% 336
\BOOKMARK [2][-]{subsection.0.72.11}{\376\377\000A\000n\000t\000i\000v\000i\000r\000u\000s\000\040\000S\000y\000s\000t\000e\000m\000s}{section.0.72}% 337
\BOOKMARK [2][-]{subsection.0.72.12}{\376\377\000E\000x\000p\000l\000o\000i\000t\000a\000t\000i\000o\000n\000\040\000o\000f\000\040\000U\000n\000p\000u\000b\000l\000i\000s\000h\000e\000d\000\040\000V\000u\000l\000n\000e\000r\000a\000b\000i\000l\000i\000t\000i\000e\000s}{section.0.72}% 338
\BOOKMARK [2][-]{subsection.0.72.13}{\376\377\000S\000Q\000L\000\040\000I\000n\000j\000e\000c\000t\000i\000o\000n}{section.0.72}% 339
\BOOKMARK [2][-]{subsection.0.72.14}{\376\377\000C\000o\000u\000n\000t\000e\000r\000m\000e\000a\000s\000u\000r\000e\000s}{section.0.72}% 340
\BOOKMARK [1][-]{section.0.73}{\376\377\000\045\000x\0004\0001\000\045\000x\0004\000c\000\045\000x\0004\0009\000\045\000x\0004\0003\000\045\000x\0004\0005}{}% 341
\BOOKMARK [2][-]{subsection.0.73.1}{\376\377\000L\000D\000A\000P\000\040\000I\000n\000j\000e\000c\000t\000i\000o\000n}{section.0.73}% 342
\BOOKMARK [2][-]{subsection.0.73.2}{\376\377\000L\000D\000A\000P\000\040\000S\000e\000a\000r\000c\000h\000e\000s}{section.0.73}% 343
\BOOKMARK [2][-]{subsection.0.73.3}{\376\377\000H\000T\000T\000P\000-\000b\000a\000s\000e\000d\000\040\000A\000p\000p\000l\000i\000c\000a\000t\000i\000o\000n\000s}{section.0.73}% 344
\BOOKMARK [2][-]{subsection.0.73.4}{\376\377\000H\000T\000T\000P\000\040\000A\000u\000t\000h\000e\000n\000t\000i\000c\000a\000t\000i\000o\000n}{section.0.73}% 345
\BOOKMARK [2][-]{subsection.0.73.5}{\376\377\000H\000T\000T\000P\000\040\000B\000a\000s\000i\000c\000\040\000A\000u\000t\000h\000e\000n\000t\000i\000c\000a\000t\000i\000o\000n}{section.0.73}% 346
\BOOKMARK [1][-]{section.0.74}{\376\377\000A\000\040\000S\000h\000o\000r\000t\000\040\000I\000n\000t\000e\000r\000l\000u\000d\000e\000:\000\040\000B\000a\000s\000e\0006\0004\000\040\000E\000n\000c\000o\000d\000i\000n\000g}{}% 347
\BOOKMARK [2][-]{subsection.0.74.1}{\376\377\000H\000T\000T\000P\000\040\000D\000i\000g\000e\000s\000t\000\040\000A\000u\000t\000h\000e\000n\000t\000i\000c\000a\000t\000i\000o\000n}{section.0.74}% 348
\BOOKMARK [2][-]{subsection.0.74.2}{\376\377\000V\000u\000l\000n\000e\000r\000a\000b\000i\000l\000i\000t\000i\000e\000s\000\040\000i\000n\000\040\000H\000T\000T\000P\000\040\000A\000u\000t\000h\000e\000n\000t\000i\000c\000a\000t\000i\000o\000n}{section.0.74}% 349
\BOOKMARK [2][-]{subsection.0.74.3}{\376\377\000H\000T\000T\000P\000\040\000C\000o\000o\000k\000i\000e\000s}{section.0.74}% 350
\BOOKMARK [2][-]{subsection.0.74.4}{\376\377\000S\000e\000s\000s\000i\000o\000n\000I\000D\000s}{section.0.74}% 351
\BOOKMARK [2][-]{subsection.0.74.5}{\376\377\000W\000e\000b\000f\000o\000r\000m\000s}{section.0.74}% 352
\BOOKMARK [2][-]{subsection.0.74.6}{\376\377\000M\000o\000b\000i\000l\000e\000\040\000c\000o\000d\000e}{section.0.74}% 353
\BOOKMARK [2][-]{subsection.0.74.7}{\376\377\000S\000e\000c\000u\000r\000i\000t\000y\000\040\000w\000i\000t\000h\000\040\000J\000a\000v\000a\000\040\000A\000p\000p\000l\000e\000t\000s}{section.0.74}% 354
\BOOKMARK [2][-]{subsection.0.74.8}{\376\377\000S\000e\000c\000u\000r\000i\000t\000y\000\040\000w\000i\000t\000h\000\040\000A\000c\000t\000i\000v\000e\000X}{section.0.74}% 355
\BOOKMARK [2][-]{subsection.0.74.9}{\376\377\000S\000e\000c\000u\000r\000i\000t\000y\000\040\000Z\000o\000n\000e\000s}{section.0.74}% 356
\BOOKMARK [2][-]{subsection.0.74.10}{\376\377\000W\000e\000b\000\040\000S\000e\000r\000v\000e\000r\000\040\000V\000u\000l\000n\000e\000r\000a\000b\000i\000l\000i\000t\000i\000e\000s}{section.0.74}% 357
\BOOKMARK [2][-]{subsection.0.74.11}{\376\377\000X\000S\000S\000:\000\040\000C\000r\000o\000s\000s\000-\000s\000i\000t\000e\000\040\000S\000c\000r\000i\000p\000t\000i\000n\000g}{section.0.74}% 358
\BOOKMARK [2][-]{subsection.0.74.12}{\376\377\000D\000y\000n\000a\000m\000i\000c\000\040\000G\000e\000n\000e\000r\000a\000t\000i\000o\000n\000\040\000o\000f\000\040\000C\000o\000n\000t\000e\000n\000t}{section.0.74}% 359
\BOOKMARK [2][-]{subsection.0.74.13}{\376\377\000T\000a\000r\000g\000e\000t\000s\000\040\000f\000o\000r\000\040\000S\000o\000f\000t\000w\000a\000r\000e\000\040\000S\000e\000c\000u\000r\000i\000t\000y}{section.0.74}% 360
\BOOKMARK [1][-]{section.0.75}{\376\377\000U\000s\000e\000f\000u\000l\000\040\000c\000o\000n\000c\000e\000p\000t\000s\000\040\000w\000h\000i\000c\000h\000\040\000y\000o\000u\000\040\000s\000h\000o\000u\000l\000d\000\040\000n\000o\000w\000\040\000k\000n\000o\000w\000\040\000a\000b\000o\000u\000t}{}% 361
\BOOKMARK [1][-]{section.0.76}{\376\377\000F\000u\000r\000t\000h\000e\000r\000\040\000R\000e\000a\000d\000i\000n\000g}{}% 362
\BOOKMARK [2][-]{subsection.0.76.1}{\376\377\000B\000a\000s\000i\000c\000\040\000a\000u\000t\000h\000e\000n\000t\000i\000c\000a\000t\000i\000o\000n\000\040\000i\000\040\000H\000T\000T\000P}{section.0.76}% 363
\BOOKMARK [2][-]{subsection.0.76.2}{\376\377\000A\000\040\000m\000y\000t\000h\000\040\000a\000b\000o\000u\000t\000\040\000t\000h\000e\000\040\000I\000n\000t\000e\000r\000n\000e\000t\000?\000\040\000\050\0001\000\051}{section.0.76}% 364
\BOOKMARK [2][-]{subsection.0.76.3}{\376\377\000A\000\040\000m\000y\000t\000h\000\040\000a\000b\000o\000u\000t\000\040\000t\000h\000e\000\040\000I\000n\000t\000e\000r\000n\000e\000t\000?\000\040\000\050\0002\000\051}{section.0.76}% 365
\BOOKMARK [2][-]{subsection.0.76.4}{\376\377\000D\000e\000t\000e\000c\000t\000i\000o\000n\000\040\000o\000f\000\040\000r\000o\000o\000t\000k\000i\000t\000s}{section.0.76}% 366
\BOOKMARK [2][-]{subsection.0.76.5}{\376\377\0000\000-\000d\000a\000y\000\040\000a\000t\000t\000a\000c\000k\000s}{section.0.76}% 367
\BOOKMARK [2][-]{subsection.0.76.6}{\376\377\000T\000h\000e\000\040\000B\000l\000o\000t\000t\000o\000X\000\040\000w\000o\000r\000m}{section.0.76}% 368
\BOOKMARK [2][-]{subsection.0.76.7}{\376\377\000T\000O\000C\000T\000T\000O\000U\000\040\000f\000l\000a\000w\000s}{section.0.76}% 369
\BOOKMARK [1][-]{section.0.77}{\376\377\000I\000n\000c\000i\000d\000e\000n\000t\000\040\000H\000a\000n\000d\000l\000i\000n\000g\000\040\000a\000n\000d\000\040\000S\000y\000s\000t\000e\000m\000\040\000A\000v\000a\000i\000l\000a\000b\000i\000l\000i\000t\000y}{}% 370
\BOOKMARK [2][-]{subsection.0.77.1}{\376\377\000R\000e\000a\000c\000t\000i\000n\000g\000\040\000t\000o\000\040\000S\000e\000c\000u\000r\000i\000t\000y\000\040\000I\000n\000c\000i\000d\000e\000n\000t\000s}{section.0.77}% 371
\BOOKMARK [2][-]{subsection.0.77.2}{\376\377\000I\000n\000c\000i\000d\000e\000n\000t\000\040\000R\000e\000p\000o\000r\000t\000i\000n\000g}{section.0.77}% 372
\BOOKMARK [1][-]{section.0.78}{\376\377\000D\000u\000t\000y\000\040\000t\000o\000\040\000r\000e\000p\000o\000r\000t\000\040\000s\000u\000s\000p\000i\000c\000i\000o\000u\000s\000\040\000e\000v\000e\000n\000t\000s}{}% 373
\BOOKMARK [2][-]{subsection.0.78.1}{\376\377\000I\000n\000v\000e\000s\000t\000i\000g\000a\000t\000i\000o\000n\000\040\000o\000f\000\040\000S\000e\000c\000u\000r\000i\000t\000y\000\040\000I\000n\000c\000i\000d\000e\000n\000t\000s}{section.0.78}% 374
\BOOKMARK [2][-]{subsection.0.78.2}{\376\377\000I\000n\000v\000e\000s\000t\000i\000g\000a\000t\000i\000o\000n\000\040\000o\000f\000\040\000S\000m\000a\000r\000t\000p\000h\000o\000n\000e\000s}{section.0.78}% 375
\BOOKMARK [2][-]{subsection.0.78.3}{\376\377\000I\000n\000v\000e\000s\000t\000i\000g\000a\000t\000i\000o\000n\000\040\000o\000f\000\040\000E\000n\000c\000r\000y\000p\000t\000e\000d\000\040\000D\000a\000t\000a}{section.0.78}% 376
\BOOKMARK [2][-]{subsection.0.78.4}{\376\377\000B\000u\000s\000i\000n\000e\000s\000s\000\040\000C\000o\000n\000t\000i\000n\000u\000i\000t\000y\000\040\000P\000l\000a\000n\000n\000i\000n\000g}{section.0.78}% 377
\BOOKMARK [1][-]{section.0.79}{\376\377\000R\000e\000q\000u\000i\000r\000e\000m\000e\000n\000t\000s\000\040\0001\0001\000.\0001\000\040\000\050\000B\000C\000P\000\040\000t\000a\000r\000g\000e\000t\000\051}{}% 378
\BOOKMARK [2][-]{subsection.0.79.1}{\376\377\000T\000h\000e\000\040\000B\000C\000P\000\040\000P\000r\000o\000c\000e\000s\000s}{section.0.79}% 379
\BOOKMARK [2][-]{subsection.0.79.2}{\376\377\000B\000C\000P\000\040\000A\000n\000a\000l\000y\000s\000i\000s}{section.0.79}% 380
\BOOKMARK [2][-]{subsection.0.79.3}{\376\377\000B\000C\000P\000\040\000R\000e\000s\000o\000u\000r\000c\000e\000\040\000R\000e\000q\000u\000i\000r\000e\000m\000e\000n\000t\000s}{section.0.79}% 381
\BOOKMARK [2][-]{subsection.0.79.4}{\376\377\000D\000i\000s\000a\000s\000t\000e\000r\000\040\000R\000e\000c\000o\000v\000e\000r\000y\000\040\000P\000l\000a\000n\000n\000i\000n\000g}{section.0.79}% 382
\BOOKMARK [2][-]{subsection.0.79.5}{\376\377\000P\000h\000a\000s\000e\000s\000\040\000o\000f\000\040\000R\000e\000c\000o\000v\000e\000r\000y}{section.0.79}% 383
\BOOKMARK [2][-]{subsection.0.79.6}{\376\377\000D\000R\000P\000\040\000S\000t\000r\000a\000t\000e\000g\000i\000e\000s}{section.0.79}% 384
\BOOKMARK [2][-]{subsection.0.79.7}{\376\377\000D\000R\000P\000\040\000T\000e\000s\000t\000i\000n\000g}{section.0.79}% 385
\BOOKMARK [2][-]{subsection.0.79.8}{\376\377\000S\000e\000c\000u\000r\000i\000t\000y\000\040\000A\000w\000a\000r\000e\000n\000e\000s\000s}{section.0.79}% 386
\BOOKMARK [1][-]{section.0.80}{\376\377\000S\000e\000c\000u\000r\000i\000t\000y\000\040\000a\000w\000a\000r\000e\000n\000e\000s\000s}{}% 387
\BOOKMARK [1][-]{section.0.81}{\376\377\000L\000o\000o\000k\000\040\000a\000f\000t\000e\000r\000\040\000y\000o\000u\000r\000\040\000p\000r\000i\000v\000a\000t\000e\000\040\000d\000a\000t\000a\000!\000\040\000D\000a\000t\000a\000\040\000t\000h\000i\000e\000v\000e\000s\000\040\000a\000r\000e\000\040\000a\000f\000t\000e\000r\000\040\000t\000h\000e\000m\000.}{}% 388
\BOOKMARK [1][-]{section.0.82}{\376\377\000U\000s\000e\000f\000u\000l\000\040\000c\000o\000n\000c\000e\000p\000t\000s\000\040\000w\000h\000i\000c\000h\000\040\000y\000o\000u\000\040\000s\000h\000o\000u\000l\000d\000\040\000n\000o\000w\000\040\000k\000n\000o\000w\000\040\000a\000b\000o\000u\000t}{}% 389
\BOOKMARK [1][-]{section.0.83}{\376\377\000F\000u\000r\000t\000h\000e\000r\000\040\000r\000e\000a\000d\000i\000n\000g}{}% 390
\BOOKMARK [2][-]{subsection.0.83.1}{\376\377\000T\000h\000e\000\040\000r\000e\000c\000o\000v\000e\000r\000y\000\040\000p\000l\000a\000n}{section.0.83}% 391
\BOOKMARK [2][-]{subsection.0.83.2}{\376\377\000T\000e\000s\000t\000i\000n\000g\000\040\000t\000h\000e\000\040\000r\000e\000c\000o\000v\000e\000r\000y\000\040\000p\000l\000a\000n}{section.0.83}% 392
\BOOKMARK [2][-]{subsection.0.83.3}{\376\377\000B\000a\000c\000k\000u\000p\000\040\000i\000n\000\040\000t\000h\000e\000\040\000c\000l\000o\000u\000d}{section.0.83}% 393
\BOOKMARK [2][-]{subsection.0.83.4}{\376\377\000I\000n\000c\000i\000d\000e\000n\000t\000s\000\040\000a\000n\000d\000\040\000d\000i\000s\000a\000s\000t\000e\000r\000s}{section.0.83}% 394
\BOOKMARK [2][-]{subsection.0.83.5}{\376\377\000M\000e\000m\000o\000r\000y\000\040\000a\000n\000a\000l\000y\000s\000i\000s}{section.0.83}% 395
\BOOKMARK [2][-]{subsection.0.83.6}{\376\377\000T\000h\000e\000\040\000a\000w\000a\000r\000e\000n\000e\000s\000s\000\040\000c\000a\000m\000p\000a\000i\000g\000n}{section.0.83}% 396
\BOOKMARK [2][-]{subsection.0.83.7}{\376\377\000I\000m\000p\000a\000c\000t\000\040\000a\000n\000a\000l\000y\000s\000i\000s}{section.0.83}% 397
\BOOKMARK [1][-]{section.0.84}{\376\377\000L\000a\000w\000\040\000a\000n\000d\000\040\000E\000t\000h\000i\000c\000s}{}% 398
\BOOKMARK [2][-]{subsection.0.84.1}{\376\377\000C\000o\000m\000p\000u\000t\000e\000r\000\040\000C\000r\000i\000m\000e}{section.0.84}% 399
\BOOKMARK [2][-]{subsection.0.84.2}{\376\377\000W\000h\000i\000c\000h\000\040\000A\000c\000t\000s\000\040\000M\000u\000s\000t\000\040\000B\000e\000\040\000C\000o\000n\000s\000i\000d\000e\000r\000e\000d\000\040\000I\000l\000l\000e\000g\000a\000l\000?}{section.0.84}% 400
\BOOKMARK [2][-]{subsection.0.84.3}{\376\377\000W\000h\000i\000c\000h\000\040\000P\000o\000w\000e\000r\000s\000\040\000M\000u\000s\000t\000\040\000B\000e\000\040\000A\000v\000a\000i\000l\000a\000b\000l\000e\000?}{section.0.84}% 401
\BOOKMARK [2][-]{subsection.0.84.4}{\376\377\000J\000u\000r\000i\000s\000d\000i\000c\000t\000i\000o\000n}{section.0.84}% 402
\BOOKMARK [2][-]{subsection.0.84.5}{\376\377\000I\000n\000t\000e\000r\000n\000a\000t\000i\000o\000n\000a\000l\000\040\000R\000u\000l\000e\000s\000\040\000i\000n\000\040\000t\000h\000e\000\040\000C\000o\000n\000v\000e\000n\000t\000i\000o\000n}{section.0.84}% 403
\BOOKMARK [2][-]{subsection.0.84.6}{\376\377\000A\000n\000t\000i\000-\000t\000e\000r\000r\000o\000r\000\040\000L\000a\000w\000s}{section.0.84}% 404
\BOOKMARK [2][-]{subsection.0.84.7}{\376\377\000P\000r\000o\000t\000e\000c\000t\000i\000o\000n\000\040\000o\000f\000\040\000P\000e\000r\000s\000o\000n\000a\000l\000\040\000D\000a\000t\000a}{section.0.84}% 405
\BOOKMARK [1][-]{section.0.85}{\376\377\000D\000e\000f\000i\000n\000i\000t\000i\000o\000n\000\040\0001\0002\000.\0001\000\040\000\050\000G\000D\000P\000R\000\040\000t\000e\000r\000m\000s\000\040\000\050\000S\000o\000u\000r\000c\000e\000:\000\040\000[\0003\0002\000]\000\051\000\051}{}% 406
\BOOKMARK [2][-]{subsection.0.85.1}{\376\377\000I\000m\000p\000o\000r\000t\000a\000n\000t\000\040\000C\000o\000n\000c\000e\000p\000t\000s}{section.0.85}% 407
\BOOKMARK [2][-]{subsection.0.85.2}{\376\377\000G\000e\000n\000e\000r\000a\000l\000\040\000R\000u\000l\000e\000s}{section.0.85}% 408
\BOOKMARK [2][-]{subsection.0.85.3}{\376\377\000C\000l\000a\000s\000s\000e\000s\000\040\000o\000f\000\040\000P\000e\000r\000s\000o\000n\000a\000l\000\040\000D\000a\000t\000a}{section.0.85}% 409
\BOOKMARK [1][-]{section.0.86}{\376\377\000D\000e\000f\000i\000n\000i\000t\000i\000o\000n\000\040\0001\0002\000.\0002\000\040\000\050\000S\000e\000n\000s\000i\000t\000i\000v\000e\000\040\000p\000e\000r\000s\000o\000n\000a\000l\000\040\000d\000a\000t\000a\000\040\000\050\000S\000o\000u\000r\000c\000e\000:\000\040\000[\0003\0002\000]\000\051\000\051}{}% 410
\BOOKMARK [2][-]{subsection.0.86.1}{\376\377\000T\000r\000a\000n\000s\000f\000e\000r\000\040\000o\000f\000\040\000P\000e\000r\000s\000o\000n\000a\000l\000\040\000D\000a\000t\000a\000\040\000t\000o\000\040\000T\000h\000i\000r\000d\000\040\000C\000o\000u\000n\000t\000r\000i\000e\000s}{section.0.86}% 411
\BOOKMARK [2][-]{subsection.0.86.2}{\376\377\000T\000h\000e\000\040\000D\000a\000t\000a\000\040\000S\000u\000b\000j\000e\000c\000t\000'\000s\000\040\000R\000i\000g\000h\000t\000s}{section.0.86}% 412
\BOOKMARK [1][-]{section.0.87}{\376\377\000D\000e\000f\000i\000n\000i\000t\000i\000o\000n\000\040\0001\0002\000.\0003\000\040\000\050\000D\000a\000t\000a\000\040\000s\000u\000b\000j\000e\000c\000t\000'\000s\000\040\000r\000i\000g\000h\000t\000s\000\040\000\050\000S\000o\000u\000r\000c\000e\000:\000\040\000[\0003\0002\000]\000\051\000\051}{}% 413
\BOOKMARK [2][-]{subsection.0.87.1}{\376\377\000S\000e\000c\000u\000r\000i\000t\000y\000\040\000o\000f\000\040\000P\000r\000o\000c\000e\000s\000s\000i\000n\000g}{section.0.87}% 414
\BOOKMARK [2][-]{subsection.0.87.2}{\376\377\000L\000e\000a\000k\000a\000g\000e\000s}{section.0.87}% 415
\BOOKMARK [2][-]{subsection.0.87.3}{\376\377\000A\000u\000t\000h\000o\000r\000i\000t\000i\000e\000s}{section.0.87}% 416
\BOOKMARK [2][-]{subsection.0.87.4}{\376\377\000C\000o\000d\000e\000s\000\040\000o\000f\000\040\000C\000o\000n\000d\000u\000c\000t\000\040\000a\000n\000d\000\040\000C\000e\000r\000t\000i\000f\000i\000c\000a\000t\000i\000o\000n}{section.0.87}% 417
\BOOKMARK [2][-]{subsection.0.87.5}{\376\377\000L\000e\000g\000a\000l\000\040\000R\000e\000s\000p\000o\000n\000s\000i\000b\000i\000l\000i\000t\000y\000\040\000a\000n\000d\000\040\000P\000e\000n\000a\000l\000t\000i\000e\000s}{section.0.87}% 418
\BOOKMARK [2][-]{subsection.0.87.6}{\376\377\000P\000r\000o\000t\000e\000c\000t\000i\000o\000n\000\040\000o\000f\000\040\000H\000e\000a\000l\000t\000h\000c\000a\000r\000e\000\040\000D\000a\000t\000a}{section.0.87}% 419
\BOOKMARK [2][-]{subsection.0.87.7}{\376\377\000W\000h\000o\000\040\000H\000a\000s\000\040\000A\000c\000c\000e\000s\000s\000\040\000t\000o\000\040\000H\000e\000a\000l\000t\000h\000\040\000D\000a\000t\000a\000?}{section.0.87}% 420
\BOOKMARK [2][-]{subsection.0.87.8}{\376\377\000E\000t\000h\000i\000c\000s}{section.0.87}% 421
\BOOKMARK [2][-]{subsection.0.87.9}{\376\377\000D\000a\000t\000a\000m\000i\000n\000i\000n\000g}{section.0.87}% 422
\BOOKMARK [2][-]{subsection.0.87.10}{\376\377\000T\000r\000a\000c\000k\000i\000n\000g}{section.0.87}% 423
\BOOKMARK [2][-]{subsection.0.87.11}{\376\377\000P\000r\000o\000t\000e\000c\000t\000i\000o\000n\000\040\000A\000g\000a\000i\000n\000s\000t\000\040\000B\000r\000e\000a\000c\000h\000e\000s\000\040\000o\000f\000\040\000P\000r\000i\000v\000a\000c\000y}{section.0.87}% 424
\BOOKMARK [1][-]{section.0.88}{\376\377\000U\000s\000e\000f\000u\000l\000\040\000c\000o\000n\000c\000e\000p\000t\000s\000\040\000w\000h\000i\000c\000h\000\040\000y\000o\000u\000\040\000s\000h\000o\000u\000l\000d\000\040\000n\000o\000w\000\040\000k\000n\000o\000w\000\040\000a\000b\000o\000u\000t}{}% 425
\BOOKMARK [1][-]{section.0.89}{\376\377\000F\000u\000r\000t\000h\000e\000r\000\040\000r\000e\000a\000d\000i\000n\000g}{}% 426
\BOOKMARK [2][-]{subsection.0.89.1}{\376\377\000P\000u\000b\000l\000i\000c\000a\000t\000i\000o\000n\000\040\000o\000f\000\040\000p\000i\000c\000t\000u\000r\000e\000s}{section.0.89}% 427
\BOOKMARK [2][-]{subsection.0.89.2}{\376\377\000P\000u\000b\000l\000i\000c\000a\000t\000i\000o\000n\000\040\000o\000f\000\040\000p\000e\000r\000s\000o\000n\000a\000l\000\040\000i\000d\000e\000n\000t\000i\000t\000y\000\040\000n\000u\000m\000b\000e\000r\000s}{section.0.89}% 428
\BOOKMARK [2][-]{subsection.0.89.3}{\376\377\000P\000u\000b\000l\000i\000c\000\040\000w\000e\000b\000\040\000p\000a\000g\000e\000s\000\040\000f\000o\000r\000\040\000a\000\040\000h\000o\000s\000p\000i\000t\000a\000l}{section.0.89}% 429
\BOOKMARK [2][-]{subsection.0.89.4}{\376\377\000A\000\040\000h\000o\000s\000p\000i\000t\000a\000l\000\040\000d\000a\000t\000a\000b\000a\000s\000e\000\040\000s\000y\000s\000t\000e\000m}{section.0.89}% 430
\BOOKMARK [2][-]{subsection.0.89.5}{\376\377\000C\000h\000e\000c\000k\000i\000n\000g\000\040\000a\000\040\000h\000o\000s\000p\000i\000t\000a\000l\000'\000s\000\040\000f\000i\000l\000e\000s}{section.0.89}% 431
\BOOKMARK [2][-]{subsection.0.89.6}{\376\377\000A\000c\000c\000e\000s\000s\000\040\000t\000o\000\040\000t\000h\000e\000\040\000E\000P\000R\000\040\000s\000y\000s\000t\000e\000m}{section.0.89}% 432
\BOOKMARK [2][-]{subsection.0.89.7}{\376\377\000P\000a\000t\000i\000e\000n\000t\000\040\000d\000a\000t\000a\000\040\000i\000n\000\040\000a\000n\000\040\000E\000P\000R}{section.0.89}% 433
\BOOKMARK [2][-]{subsection.0.89.8}{\376\377\000T\000h\000e\000\040\000E\000r\000e\000w\000h\000o\000n\000\040\000G\000o\000s\000p\000e\000l\000\040\000C\000h\000o\000i\000r\000\040\000\050\0001\000\051}{section.0.89}% 434
\BOOKMARK [2][-]{subsection.0.89.9}{\376\377\000T\000h\000e\000\040\000E\000r\000e\000w\000h\000o\000n\000\040\000G\000o\000s\000p\000e\000l\000\040\000C\000h\000o\000i\000r\000\040\000\050\0002\000\051}{section.0.89}% 435
\BOOKMARK [2][-]{subsection.0.89.10}{\376\377\000C\000o\000l\000l\000e\000c\000t\000i\000o\000n\000\040\000o\000f\000\040\000c\000o\000n\000t\000e\000n\000t\000\040\000d\000a\000t\000a\000\040\000f\000r\000o\000m\000\040\000c\000o\000m\000m\000u\000n\000i\000c\000a\000t\000i\000o\000n}{section.0.89}% 436
\BOOKMARK [2][-]{subsection.0.89.11}{\376\377\000F\000a\000l\000s\000e\000\040\000F\000a\000c\000e\000b\000o\000o\000k\000\040\000p\000r\000o\000f\000i\000l\000e\000s}{section.0.89}% 437
\BOOKMARK [2][-]{subsection.0.89.12}{\376\377\000S\000e\000c\000u\000r\000i\000t\000y\000\040\000t\000a\000r\000g\000e\000t\000s\000\040\000f\000o\000r\000\040\000p\000e\000r\000s\000o\000n\000a\000l\000\040\000i\000n\000f\000o\000r\000m\000a\000t\000i\000o\000n}{section.0.89}% 438
\BOOKMARK [1][-]{section.0.90}{\376\377\000C\000h\000a\000p\000t\000e\000r\000\040\0001\0003\000\040\000E\000p\000i\000l\000o\000g\000u\000e}{}% 439
\BOOKMARK [1][-]{section.0.91}{\376\377\000A\000p\000p\000e\000n\000d\000i\000x\000\040\000A\000\040\000W\000h\000a\000t\000'\000s\000\040\000i\000n\000\040\000t\000h\000e\000\040\000B\000o\000x\000?}{}% 440
\BOOKMARK [1][-]{section.0.92}{\376\377\000A\000.\000\040\0001\000\040\000H\000a\000r\000d\000w\000a\000r\000e}{}% 441
\BOOKMARK [1][-]{section.0.93}{\376\377\000A\000.\0001\000.\0001\000\040\000D\000i\000s\000k\000s}{}% 442
\BOOKMARK [1][-]{section.0.94}{\376\377\000A\000.\0001\000.\0002\000\040\000I\000n\000p\000u\000t\000\040\000a\000n\000d\000\040\000O\000u\000t\000p\000u\000t\000\040\000\050\000I\000/\000O\000\051\000\040\000U\000n\000i\000t\000s}{}% 443
\BOOKMARK [1][-]{section.0.95}{\376\377\000A\000.\0001\000.\0003\000\040\000A\000t\000t\000a\000c\000h\000m\000e\000n\000t\000\040\000o\000f\000\040\000I\000/\000O\000\040\000U\000n\000i\000t\000s}{}% 444
\BOOKMARK [1][-]{section.0.96}{\376\377\000A\000.\0001\000.\0004\000\040\000C\000o\000m\000m\000u\000n\000i\000c\000a\000t\000i\000o\000n\000\040\000U\000n\000i\000t\000s}{}% 445
\BOOKMARK [1][-]{section.0.97}{\376\377\000A\000.\0001\000.\0005\000\040\000P\000o\000w\000e\000r\000\040\000S\000u\000p\000p\000l\000i\000e\000s}{}% 446
\BOOKMARK [1][-]{section.0.98}{\376\377\000A\000.\000\040\0002\000\040\000S\000o\000f\000t\000w\000a\000r\000e}{}% 447
\BOOKMARK [1][-]{section.0.99}{\376\377\000A\000.\0002\000.\0001\000\040\000T\000h\000e\000\040\000O\000p\000e\000r\000a\000t\000i\000n\000g\000\040\000S\000y\000s\000t\000e\000m}{}% 448
\BOOKMARK [1][-]{section.0.100}{\376\377\000A\000.\0002\000.\0002\000\040\000F\000i\000r\000m\000w\000a\000r\000e}{}% 449
\BOOKMARK [1][-]{section.0.101}{\376\377\000A\000.\0002\000.\0003\000\040\000U\000t\000i\000l\000i\000t\000y\000\040\000P\000r\000o\000g\000r\000a\000m\000s}{}% 450
\BOOKMARK [1][-]{section.0.102}{\376\377\000A\000.\0002\000.\0004\000\040\000A\000p\000p\000l\000i\000c\000a\000t\000i\000o\000n\000\040\000P\000r\000o\000g\000r\000a\000m\000s}{}% 451
\BOOKMARK [1][-]{section.0.103}{\376\377\000U\000s\000e\000f\000u\000l\000\040\000c\000o\000n\000c\000e\000p\000t\000s\000\040\000w\000h\000i\000c\000h\000\040\000y\000o\000u\000\040\000s\000h\000o\000u\000l\000d\000\040\000n\000o\000w\000\040\000k\000n\000o\000w\000\040\000a\000b\000o\000u\000t}{}% 452
\BOOKMARK [1][-]{section.0.104}{\376\377\000F\000u\000r\000t\000h\000e\000r\000\040\000R\000e\000a\000d\000i\000n\000g}{}% 453
\BOOKMARK [1][-]{section.0.105}{\376\377\000A\000.\000\040\0001\000\040\000W\000h\000a\000t\000\040\000i\000s\000\040\000i\000n\000\040\000y\000o\000u\000r\000\040\000b\000o\000x\000?}{}% 454
\BOOKMARK [1][-]{section.0.106}{\376\377\000A\000p\000p\000e\000n\000d\000i\000x\000\040\000B\000\040\000M\000a\000t\000h\000e\000m\000a\000t\000i\000c\000s}{}% 455
\BOOKMARK [1][-]{section.0.107}{\376\377\000B\000.\000\040\0001\000\040\000B\000a\000s\000i\000c\000\040\000C\000o\000n\000c\000e\000p\000t\000s}{}% 456
\BOOKMARK [1][-]{section.0.108}{\376\377\000B\000.\000\040\0002\000\040\000F\000e\000r\000m\000a\000t\000'\000s\000\040\000F\000a\000c\000t\000o\000r\000i\000s\000a\000t\000i\000o\000n\000\040\000A\000l\000g\000o\000r\000i\000t\000h\000m}{}% 457
\BOOKMARK [1][-]{section.0.109}{\376\377\000A\000l\000g\000o\000r\000i\000t\000h\000m\000\040\000B\000.\000\040\0001\000\040\000\050\000F\000e\000r\000m\000a\000t\000'\000s\000\040\000F\000a\000c\000t\000o\000r\000i\000s\000a\000t\000i\000o\000n\000\040\000A\000l\000g\000o\000r\000i\000t\000h\000m\000\051}{}% 458
\BOOKMARK [1][-]{section.0.110}{\376\377\000B\000.\000\040\0003\000\040\000E\000u\000c\000l\000i\000d\000'\000s\000\040\000A\000l\000g\000o\000r\000i\000t\000h\000m}{}% 459
\BOOKMARK [1][-]{section.0.111}{\376\377\000A\000l\000g\000o\000r\000i\000t\000h\000m\000\040\000B\000.\000\040\0002\000\040\000\050\000E\000u\000c\000l\000i\000d\000'\000s\000\040\000A\000l\000g\000o\000r\000i\000t\000h\000m\000\051}{}% 460
\BOOKMARK [1][-]{section.0.112}{\376\377\000B\000.\000\040\0004\000\040\000E\000u\000c\000l\000i\000d\000'\000s\000\040\000E\000x\000t\000e\000n\000d\000e\000d\000\040\000A\000l\000g\000o\000r\000i\000t\000h\000m}{}% 461
\BOOKMARK [1][-]{section.0.113}{\376\377\000A\000l\000g\000o\000r\000i\000t\000h\000m\000\040\000B\000.\000\040\0003\000\040\000\050\000E\000u\000c\000l\000i\000d\000'\000s\000\040\000E\000x\000t\000e\000n\000d\000e\000d\000\040\000A\000l\000g\000o\000r\000i\000t\000h\000m\000\051}{}% 462
\BOOKMARK [1][-]{section.0.114}{\376\377\000B\000.\0004\000.\0001\000\040\000C\000a\000l\000c\000u\000l\000a\000t\000i\000o\000n\000\040\000o\000f\000\040\000a\000n\000\040\000I\000n\000v\000e\000r\000s\000e\000\040\000m\000o\000d\000u\000l\000o\000\040\000n}{}% 463
\BOOKMARK [1][-]{section.0.115}{\376\377\000B\000.\000\040\0005\000\040\000T\000h\000e\000\040\000C\000h\000i\000n\000e\000s\000e\000\040\000R\000e\000m\000a\000i\000n\000d\000e\000r\000\040\000T\000h\000e\000o\000r\000e\000m}{}% 464
\BOOKMARK [1][-]{section.0.116}{\376\377\000T\000h\000e\000o\000r\000e\000m\000\040\000B\000.\000\040\0001\000\040\000\050\000C\000h\000i\000n\000e\000s\000e\000\040\000R\000e\000m\000a\000i\000n\000d\000e\000r\000\040\000T\000h\000e\000o\000r\000e\000m\000\051}{}% 465
\BOOKMARK [1][-]{section.0.117}{\376\377\000B\000.\000\040\0006\000\040\000W\000h\000y\000\040\000D\000o\000e\000s\000\040\000R\000S\000A\000\040\000W\000o\000r\000k\000?}{}% 466
\BOOKMARK [1][-]{section.0.118}{\376\377\000B\000.\000\040\0007\000\040\000A\000\040\000C\000o\000m\000m\000o\000n\000-\000m\000o\000d\000u\000l\000u\000s\000\040\000A\000t\000t\000a\000c\000k\000\040\000o\000n\000\040\000R\000S\000A}{}% 467
\BOOKMARK [1][-]{section.0.119}{\376\377\000B\000.\000\040\0008\000\040\000T\000h\000e\000\040\000B\000i\000r\000t\000h\000d\000a\000y\000\040\000P\000a\000r\000a\000d\000o\000x}{}% 468
\BOOKMARK [1][-]{section.0.120}{\376\377\000A\000p\000p\000e\000n\000d\000i\000x\000\040\000C\000\040\000A\000c\000r\000o\000n\000y\000m\000s}{}% 469
\BOOKMARK [1][-]{section.0.121}{\376\377\000R\000e\000f\000e\000r\000e\000n\000c\000e\000s}{}% 470
\BOOKMARK [1][-]{section.0.122}{\376\377\000S\000y\000m\000b\000o\000l\000s}{}% 471
\BOOKMARK [1][-]{section.0.123}{\376\377\000B}{}% 472
\BOOKMARK [1][-]{section.0.124}{\376\377\000C}{}% 473
\BOOKMARK [1][-]{section.0.125}{\376\377\000D}{}% 474
\BOOKMARK [1][-]{section.0.126}{\376\377\000E}{}% 475
\BOOKMARK [1][-]{section.0.127}{\376\377\000F}{}% 476
\BOOKMARK [1][-]{section.0.128}{\376\377\000G}{}% 477
\BOOKMARK [1][-]{section.0.129}{\376\377\000H}{}% 478
\BOOKMARK [1][-]{section.0.130}{\376\377\000I}{}% 479
\BOOKMARK [1][-]{section.0.131}{\376\377\000J}{}% 480
\BOOKMARK [1][-]{section.0.132}{\376\377\000K}{}% 481
\BOOKMARK [1][-]{section.0.133}{\376\377\000L}{}% 482
\BOOKMARK [1][-]{section.0.134}{\376\377\000M}{}% 483
\BOOKMARK [1][-]{section.0.135}{\376\377\000N}{}% 484
\BOOKMARK [1][-]{section.0.136}{}{}% 485
\BOOKMARK [1][-]{section.0.137}{\376\377\000P}{}% 486
\BOOKMARK [1][-]{section.0.138}{\376\377\000Q}{}% 487
\BOOKMARK [1][-]{section.0.139}{\376\377\000R}{}% 488
\BOOKMARK [1][-]{section.0.140}{\376\377\000S}{}% 489
\BOOKMARK [1][-]{section.0.141}{\376\377\000T}{}% 490
\BOOKMARK [1][-]{section.0.142}{\376\377\000U}{}% 491
\BOOKMARK [1][-]{section.0.143}{\376\377\000V}{}% 492
\BOOKMARK [1][-]{section.0.144}{\376\377\000W}{}% 493
\BOOKMARK [1][-]{section.0.145}{\376\377\000X}{}% 494
\BOOKMARK [1][-]{section.0.146}{\376\377\000Z}{}% 495
