\BOOKMARK [1][-]{section.0.1}{\376\377\000U\000n\000d\000e\000r\000g\000r\000a\000d\000u\000a\000t\000e\000\040\000T\000o\000p\000i\000c\000s\000\040\000i\000n\000\040\000C\000o\000m\000p\000u\000t\000e\000r\000\040\000S\000c\000i\000e\000n\000c\000e}{}% 1
\BOOKMARK [1][-]{section.0.2}{\376\377\000R\000o\000b\000i\000n\000\040\000S\000h\000a\000r\000p}{}% 2
\BOOKMARK [1][-]{section.0.3}{\376\377\000A\000\040\000M\000u\000l\000t\000i\000d\000i\000s\000c\000i\000p\000l\000i\000n\000a\000r\000y\000\040\000C\000h\000a\000l\000l\000e\000n\000g\000e}{}% 3
\BOOKMARK [1][-]{section.0.4}{\376\377\000U\000n\000d\000e\000r\000g\000r\000a\000d\000u\000a\000t\000e\000\040\000T\000o\000p\000i\000c\000s\000\040\000i\000n\000\040\000C\000o\000m\000p\000u\000t\000e\000r\000\040\000S\000c\000i\000e\000n\000c\000e}{}% 4
\BOOKMARK [1][-]{section.0.5}{\376\377\000I\000n\000t\000r\000o\000d\000u\000c\000t\000i\000o\000n\000\040\000t\000o\000\040\000C\000y\000b\000e\000r\000s\000e\000c\000u\000r\000i\000t\000y\000\040}{}% 5
\BOOKMARK [1][-]{section.0.6}{\376\377\000P\000r\000e\000f\000a\000c\000e}{}% 6
\BOOKMARK [1][-]{section.0.7}{\376\377\000A\000c\000k\000n\000o\000w\000l\000e\000d\000g\000m\000e\000n\000t\000s}{}% 7
\BOOKMARK [1][-]{section.0.8}{\376\377\000C\000o\000n\000t\000e\000n\000t\000s}{}% 8
\BOOKMARK [1][-]{section.0.9}{\376\377\000C\000h\000a\000p\000t\000e\000r}{}% 9
\BOOKMARK [1][-]{section.0.10}{\376\377\000I\000n\000t\000r\000o\000d\000u\000c\000t\000i\000o\000n\000:\000\040\000W\000h\000y\000\040\000C\000y\000b\000e\000r\000s\000e\000c\000u\000r\000i\000t\000y\000?}{}% 10
\BOOKMARK [2][-]{subsection.0.10.1}{\376\377\000I\000n\000f\000o\000r\000m\000a\000t\000i\000o\000n\000\040\000S\000e\000c\000u\000r\000i\000t\000y\000\040\000a\000n\000d\000\040\000C\000y\000b\000e\000r\000s\000e\000c\000u\000r\000i\000t\000y}{section.0.10}% 11
\BOOKMARK [2][-]{subsection.0.10.2}{\376\377\000T\000h\000e\000\040\000D\000e\000v\000e\000l\000o\000p\000m\000e\000n\000t\000\040\000o\000f\000\040\000t\000h\000e\000\040\000I\000n\000t\000e\000r\000n\000e\000t}{section.0.10}% 12
\BOOKMARK [2][-]{subsection.0.10.3}{\376\377\000H\000o\000w\000\040\000D\000o\000\040\000C\000o\000m\000p\000u\000t\000e\000r\000s\000\040\000W\000o\000r\000k\000\040\000T\000o\000g\000e\000t\000h\000e\000r\000?}{section.0.10}% 13
\BOOKMARK [2][-]{subsection.0.10.4}{\376\377\000S\000y\000s\000t\000e\000m\000s\000\040\000o\000f\000\040\000S\000y\000s\000t\000e\000m\000s}{section.0.10}% 14
\BOOKMARK [2][-]{subsection.0.10.5}{\376\377\000C\000y\000b\000e\000r\000a\000t\000t\000a\000c\000k\000s\000\040\000T\000o\000d\000a\000y}{section.0.10}% 15
\BOOKMARK [2][-]{subsection.0.10.6}{\376\377\000S\000e\000c\000u\000r\000i\000t\000y\000\040\000T\000a\000r\000g\000e\000t\000s}{section.0.10}% 16
\BOOKMARK [2][-]{subsection.0.10.7}{\376\377\000C\000I\000A\000\040\000T\000a\000r\000g\000e\000t\000s}{section.0.10}% 17
\BOOKMARK [2][-]{subsection.0.10.8}{\376\377\000S\000e\000c\000u\000r\000i\000t\000y\000\040\000P\000o\000l\000i\000c\000i\000e\000s}{section.0.10}% 18
\BOOKMARK [1][-]{section.0.11}{\376\377\000G\000e\000n\000e\000r\000a\000l\000\040\000a\000i\000m\000s}{}% 19
\BOOKMARK [1][-]{section.0.12}{\376\377\000A\000p\000p\000l\000i\000c\000a\000b\000i\000l\000i\000t\000y}{}% 20
\BOOKMARK [1][-]{section.0.13}{\376\377\000S\000e\000c\000u\000r\000i\000t\000y\000\040\000l\000e\000v\000e\000l}{}% 21
\BOOKMARK [2][-]{subsection.0.13.1}{\376\377\000R\000e\000a\000d\000e\000r\000'\000s\000\040\000G\000u\000i\000d\000e}{section.0.13}% 22
\BOOKMARK [2][-]{subsection.0.13.2}{\376\377\000A\000\040\000S\000h\000o\000r\000t\000\040\000N\000o\000t\000e\000\040\000o\000n\000\040\000N\000o\000t\000a\000t\000i\000o\000n}{section.0.13}% 23
\BOOKMARK [1][-]{section.0.14}{\376\377\000U\000s\000e\000f\000u\000l\000\040\000c\000o\000n\000c\000e\000p\000t\000s\000\040\000w\000h\000i\000c\000h\000\040\000y\000o\000u\000\040\000s\000h\000o\000u\000l\000d\000\040\000n\000o\000w\000\040\000k\000n\000o\000w\000\040\000a\000b\000o\000u\000t}{}% 24
\BOOKMARK [1][-]{section.0.15}{\376\377\000F\000u\000r\000t\000h\000e\000r\000\040\000R\000e\000a\000d\000i\000n\000g}{}% 25
\BOOKMARK [1][-]{section.0.16}{\376\377\000E\000x\000e\000r\000c\000i\000s\000e\000s}{}% 26
\BOOKMARK [2][-]{subsection.0.16.1}{\376\377\000S\000e\000c\000u\000r\000i\000t\000y\000\040\000t\000a\000r\000g\000e\000t\000s\000\040\000i\000n\000\040\000U\000l\000t\000i\000m\000a\000\040\000T\000h\000u\000l\000e\000\040\000H\000o\000s\000p\000i\000t\000a\000l}{section.0.16}% 27
\BOOKMARK [2][-]{subsection.0.16.2}{\376\377\000A\000\040\000s\000e\000c\000u\000r\000i\000t\000y\000\040\000p\000o\000l\000i\000c\000y\000\040\000f\000o\000r\000\040\000a\000\040\000p\000r\000i\000v\000a\000t\000e\000\040\000h\000o\000m\000e}{section.0.16}% 28
\BOOKMARK [0][-]{chapter.1}{\376\377\000T\000e\000c\000h\000n\000i\000q\000u\000e\000\040\000a\000n\000d\000\040\000H\000u\000m\000a\000n\000\040\000B\000e\000i\000n\000g\000s}{}% 29
\BOOKMARK [1][-]{section.1.1}{\376\377\000P\000s\000y\000c\000h\000o\000l\000o\000g\000i\000c\000a\000l\000\040\000A\000t\000t\000a\000c\000k\000s}{chapter.1}% 30
\BOOKMARK [2][-]{subsection.1.1.1}{\376\377\000C\000u\000r\000i\000o\000s\000i\000t\000y}{section.1.1}% 31
\BOOKMARK [2][-]{subsection.1.1.2}{\376\377\000H\000e\000l\000p\000f\000u\000l\000n\000e\000s\000s}{section.1.1}% 32
\BOOKMARK [2][-]{subsection.1.1.3}{\376\377\000S\000y\000m\000p\000a\000t\000h\000y\000\040\000a\000n\000d\000\040\000H\000a\000t\000e}{section.1.1}% 33
\BOOKMARK [2][-]{subsection.1.1.4}{\376\377\000B\000e\000l\000i\000e\000f\000\040\000i\000n\000\040\000A\000u\000t\000h\000o\000r\000i\000t\000y}{section.1.1}% 34
\BOOKMARK [2][-]{subsection.1.1.5}{\376\377\000T\000h\000e\000\040\000B\000r\000a\000i\000n\000'\000s\000\040\000T\000w\000o\000\040\000M\000o\000d\000e\000s\000\040\000o\000f\000\040\000O\000p\000e\000r\000a\000t\000i\000o\000n}{section.1.1}% 35
\BOOKMARK [1][-]{section.1.2}{\376\377\000P\000r\000o\000b\000l\000e\000m}{chapter.1}% 36
\BOOKMARK [2][-]{subsection.1.2.1}{\376\377\000U\000n\000c\000e\000r\000t\000a\000i\000n\000t\000y\000\040\000i\000n\000\040\000D\000e\000c\000i\000s\000i\000o\000n\000\040\000M\000a\000k\000i\000n\000g}{section.1.2}% 37
\BOOKMARK [1][-]{section.1.3}{\376\377\000A\000n\000c\000h\000o\000r\000i\000n\000g}{chapter.1}% 38
\BOOKMARK [1][-]{section.1.4}{\376\377\000A\000t\000t\000r\000i\000b\000u\000t\000i\000o\000n}{chapter.1}% 39
\BOOKMARK [1][-]{section.1.5}{\376\377\000F\000r\000a\000m\000i\000n\000g}{chapter.1}% 40
\BOOKMARK [2][-]{subsection.1.5.1}{\376\377\000P\000h\000i\000s\000h\000i\000n\000g}{section.1.5}% 41
\BOOKMARK [2][-]{subsection.1.5.2}{\376\377\000H\000u\000m\000a\000n\000s\000\040\000v\000s\000.\000\040\000M\000a\000c\000h\000i\000n\000e\000s}{section.1.5}% 42
\BOOKMARK [2][-]{subsection.1.5.3}{\376\377\000C\000a\000n\000\040\000P\000s\000y\000c\000h\000o\000l\000o\000g\000i\000c\000a\000l\000\040\000A\000t\000t\000a\000c\000k\000s\000\040\000B\000e\000\040\000P\000r\000e\000v\000e\000n\000t\000e\000d\000?}{section.1.5}% 43
\BOOKMARK [2][-]{subsection.1.5.4}{\376\377\000M\000o\000t\000i\000v\000a\000t\000i\000o\000n}{section.1.5}% 44
\BOOKMARK [2][-]{subsection.1.5.5}{\376\377\000T\000r\000a\000i\000n\000i\000n\000g}{section.1.5}% 45
\BOOKMARK [1][-]{section.1.6}{\376\377\000U\000s\000e\000f\000u\000l\000\040\000c\000o\000n\000c\000e\000p\000t\000s\000\040\000w\000h\000i\000c\000h\000\040\000y\000o\000u\000\040\000s\000h\000o\000u\000l\000d\000\040\000n\000o\000w\000\040\000k\000n\000o\000w\000\040\000a\000b\000o\000u\000t}{chapter.1}% 46
\BOOKMARK [1][-]{section.1.7}{\376\377\000F\000u\000r\000t\000h\000e\000r\000\040\000R\000e\000a\000d\000i\000n\000g}{chapter.1}% 47
\BOOKMARK [1][-]{section.1.8}{\376\377\000E\000x\000e\000r\000c\000i\000s\000e\000s}{chapter.1}% 48
\BOOKMARK [2][-]{subsection.1.8.1}{\376\377\000C\000y\000b\000e\000r\000s\000s\000e\000c\000u\000r\000i\000t\000y\000\040\000i\000n\000\040\000U\000l\000t\000i\000m\000a\000\040\000T\000h\000u\000l\000e\000\040\000H\000o\000s\000p\000i\000t\000a\000l}{section.1.8}% 49
\BOOKMARK [2][-]{subsection.1.8.2}{\376\377\000P\000h\000i\000s\000h\000i\000n\000g\000\040\000\050\0001\000\051}{section.1.8}% 50
\BOOKMARK [2][-]{subsection.1.8.3}{\376\377\000P\000h\000i\000s\000h\000i\000n\000g\000\040\000\050\0002\000\051}{section.1.8}% 51
\BOOKMARK [2][-]{subsection.1.8.4}{\376\377\000S\000o\000c\000i\000a\000l\000\040\000e\000n\000g\000i\000n\000e\000e\000r\000i\000n\000g}{section.1.8}% 52
\BOOKMARK [2][-]{subsection.1.8.5}{\376\377\000C\000h\000a\000n\000g\000i\000n\000g\000\040\000p\000a\000s\000s\000w\000o\000r\000d\000s}{section.1.8}% 53
\BOOKMARK [2][-]{subsection.1.8.6}{\376\377\000A\000n\000\040\000e\000-\000m\000a\000i\000l\000\040\000f\000r\000o\000m\000\040\000t\000h\000e\000\040\000b\000a\000n\000k}{section.1.8}% 54
\BOOKMARK [2][-]{subsection.1.8.7}{\376\377\000C\000E\000O\000\040\000f\000r\000a\000u\000d}{section.1.8}% 55
\BOOKMARK [0][-]{chapter.2}{\376\377\000R\000i\000s\000k}{}% 56
\BOOKMARK [1][-]{section.2.1}{\376\377\000W\000h\000a\000t\000\040\000I\000s\000\040\000R\000i\000s\000k\000?}{chapter.2}% 57
\BOOKMARK [2][-]{subsection.2.1.1}{\376\377\000T\000h\000r\000e\000a\000t\000s\000\040\000i\000n\000\040\000I\000T\000\040\000S\000y\000s\000t\000e\000m\000s}{section.2.1}% 58
\BOOKMARK [1][-]{section.2.2}{\376\377\000H\000a\000r\000d\000w\000a\000r\000e\000\040\000r\000e\000l\000a\000t\000e\000d\000\040\000t\000h\000r\000e\000a\000t\000s\000:}{chapter.2}% 59
\BOOKMARK [1][-]{section.2.3}{\376\377\000S\000o\000f\000t\000w\000a\000r\000e\000\040\000r\000e\000l\000a\000t\000e\000d\000\040\000t\000h\000r\000e\000a\000t\000s\000:}{chapter.2}% 60
\BOOKMARK [1][-]{section.2.4}{\376\377\000D\000a\000t\000a\000\040\000r\000e\000l\000a\000t\000e\000d\000\040\000t\000h\000r\000e\000a\000t\000s}{chapter.2}% 61
\BOOKMARK [1][-]{section.2.5}{\376\377\000L\000i\000v\000e\000w\000a\000r\000e\000\040\000r\000e\000l\000a\000t\000e\000d\000\040\000t\000h\000r\000e\000a\000t\000s}{chapter.2}% 62
\BOOKMARK [2][-]{subsection.2.5.1}{\376\377\000C\000o\000u\000n\000t\000e\000r\000m\000e\000a\000s\000u\000r\000e\000s}{section.2.5}% 63
\BOOKMARK [2][-]{subsection.2.5.2}{\376\377\000R\000i\000s\000k\000\040\000M\000a\000n\000a\000g\000e\000m\000e\000n\000t}{section.2.5}% 64
\BOOKMARK [1][-]{section.2.6}{\376\377\000D\000e\000f\000i\000n\000i\000t\000i\000o\000n\000\040\000\050\000R\000i\000s\000k\000\040\000m\000i\000t\000i\000g\000a\000t\000i\000o\000n\000\040\000s\000t\000a\000t\000e\000g\000i\000e\000s\000\051}{chapter.2}% 65
\BOOKMARK [2][-]{subsection.2.6.1}{\376\377\000S\000y\000s\000t\000e\000m\000a\000t\000i\000c\000\040\000S\000e\000c\000u\000r\000i\000t\000y\000\040\000A\000n\000a\000l\000y\000s\000i\000s}{section.2.6}% 66
\BOOKMARK [2][-]{subsection.2.6.2}{\376\377\000I\000S\000O\000/\000I\000E\000C\000\040\0002\0007\0000\0000\0002}{section.2.6}% 67
\BOOKMARK [2][-]{subsection.2.6.3}{\376\377\000O\000C\000T\000A\000V\000E\000\256}{section.2.6}% 68
\BOOKMARK [2][-]{subsection.2.6.4}{\376\377\000O\000C\000T\000A\000V\000E\000\040\000P\000h\000a\000s\000e\000\040\0001}{section.2.6}% 69
\BOOKMARK [2][-]{subsection.2.6.5}{\376\377\000O\000C\000T\000A\000V\000E\000\040\000T\000h\000r\000e\000a\000t\000\040\000P\000r\000o\000f\000i\000l\000e\000s}{section.2.6}% 70
\BOOKMARK [2][-]{subsection.2.6.6}{\376\377\000O\000C\000T\000A\000V\000E\000\040\000T\000h\000r\000e\000a\000t\000\040\000C\000l\000a\000s\000s\000e\000s}{section.2.6}% 71
\BOOKMARK [1][-]{section.2.7}{\376\377\000D\000e\000f\000i\000n\000i\000t\000i\000o\000n\000\040\000\050\000O\000C\000T\000A\000V\000E\000\040\000T\000h\000r\000e\000a\000t\000\040\000C\000l\000a\000s\000s\000e\000s\000:\000\051}{chapter.2}% 72
\BOOKMARK [2][-]{subsection.2.7.1}{\376\377\000T\000h\000r\000e\000a\000t\000\040\000A\000n\000a\000l\000y\000s\000i\000s}{section.2.7}% 73
\BOOKMARK [1][-]{section.2.8}{\376\377\000T\000h\000r\000e\000a\000t\000\040\0001}{chapter.2}% 74
\BOOKMARK [1][-]{section.2.9}{\376\377\000T\000h\000r\000e\000a\000t\000\040\0002}{chapter.2}% 75
\BOOKMARK [1][-]{section.2.10}{\376\377\000T\000h\000r\000e\000a\000t\000\040\0003}{chapter.2}% 76
\BOOKMARK [2][-]{subsection.2.10.1}{\376\377\000R\000i\000s\000k\000\040\000M\000a\000n\000a\000g\000e\000m\000e\000n\000t\000\040\000a\000s\000\040\000a\000\040\000P\000D\000C\000A\000\040\000P\000r\000o\000c\000e\000s\000s}{section.2.10}% 77
\BOOKMARK [1][-]{section.2.11}{\376\377\000U\000s\000e\000f\000u\000l\000\040\000c\000o\000n\000c\000e\000p\000t\000s\000\040\000w\000h\000i\000c\000h\000\040\000y\000o\000u\000\040\000s\000h\000o\000u\000l\000d\000\040\000n\000o\000w\000\040\000k\000n\000o\000w\000\040\000a\000b\000o\000u\000t}{chapter.2}% 78
\BOOKMARK [1][-]{section.2.12}{\376\377\000F\000u\000r\000t\000h\000e\000r\000\040\000R\000e\000a\000d\000i\000n\000g}{chapter.2}% 79
\BOOKMARK [1][-]{section.2.13}{\376\377\000E\000x\000e\000r\000c\000i\000s\000e\000s}{chapter.2}% 80
\BOOKMARK [2][-]{subsection.2.13.1}{\376\377\000T\000h\000e\000\040\000p\000a\000t\000i\000e\000n\000t\000\040\000r\000e\000c\000o\000r\000d\000\040\000s\000y\000s\000t\000e\000m}{section.2.13}% 81
\BOOKMARK [2][-]{subsection.2.13.2}{\376\377\000I\000n\000t\000e\000r\000n\000a\000l\000\040\000a\000n\000d\000\040\000e\000k\000s\000t\000e\000r\000n\000a\000l\000\040\000a\000t\000t\000a\000c\000k\000e\000r\000s}{section.2.13}% 82
\BOOKMARK [2][-]{subsection.2.13.3}{\376\377\000C\000y\000b\000e\000r\000e\000s\000p\000i\000o\000n\000a\000g\000e}{section.2.13}% 83
\BOOKMARK [2][-]{subsection.2.13.4}{\376\377\000O\000b\000j\000e\000c\000t\000i\000v\000e\000\040\000a\000n\000d\000\040\000s\000u\000b\000j\000e\000c\000t\000i\000v\000e\000\040\000r\000i\000s\000k}{section.2.13}% 84
\BOOKMARK [2][-]{subsection.2.13.5}{\376\377\000R\000i\000s\000k\000\040\000A\000n\000a\000l\000y\000s\000i\000s\000\040\000f\000o\000r\000\040\000a\000\040\000s\000m\000a\000r\000t\000p\000h\000o\000n\000e}{section.2.13}% 85
\BOOKMARK [0][-]{chapter.3}{\376\377\000C\000r\000y\000p\000t\000o\000g\000r\000a\000p\000h\000y}{}% 86
\BOOKMARK [1][-]{subsection.3.0.1}{\376\377\000S\000o\000m\000e\000\040\000C\000e\000n\000t\000r\000a\000l\000\040\000C\000o\000n\000c\000e\000p\000t\000s}{chapter.3}% 87
\BOOKMARK [2][-]{subsection.3.0.2}{\376\377\000C\000r\000y\000p\000t\000o\000s\000y\000s\000t\000e\000m\000s}{subsection.3.0.1}% 88
\BOOKMARK [2][-]{subsection.3.0.3}{\376\377\000C\000r\000y\000p\000t\000a\000n\000a\000l\000y\000s\000i\000s}{subsection.3.0.1}% 89
\BOOKMARK [1][-]{section.3.1}{\376\377\000D\000e\000f\000i\000n\000i\000t\000i\000o\000n\000\040\0004\000.\0002\000\040\000\050\000A\000t\000t\000a\000c\000k\000\040\000c\000l\000a\000s\000s\000e\000s\000\051}{chapter.3}% 90
\BOOKMARK [2][-]{subsection.3.1.1}{\376\377\000S\000y\000m\000m\000e\000t\000r\000i\000c\000\040\000E\000n\000c\000r\000y\000p\000t\000i\000o\000n}{section.3.1}% 91
\BOOKMARK [2][-]{subsection.3.1.2}{\376\377\000S\000u\000b\000s\000t\000i\000t\000u\000t\000i\000o\000n\000\040\000C\000i\000p\000h\000e\000r\000s}{section.3.1}% 92
\BOOKMARK [2][-]{subsection.3.1.3}{\376\377\000R\000a\000n\000d\000o\000m\000\040\000P\000e\000r\000m\000u\000t\000a\000t\000i\000o\000n}{section.3.1}% 93
\BOOKMARK [2][-]{subsection.3.1.4}{\376\377\000P\000o\000l\000y\000a\000l\000p\000h\000a\000b\000e\000t\000i\000c\000\040\000C\000i\000p\000h\000e\000r\000s}{section.3.1}% 94
\BOOKMARK [2][-]{subsection.3.1.5}{\376\377\000V\000i\000g\000e\000n\000\350\000r\000e\000\040\000C\000i\000p\000h\000e\000r\000s}{section.3.1}% 95
\BOOKMARK [2][-]{subsection.3.1.6}{\376\377\000T\000r\000a\000n\000s\000p\000o\000s\000i\000t\000i\000o\000n\000\040\000C\000i\000p\000h\000e\000r\000s}{section.3.1}% 96
\BOOKMARK [2][-]{subsection.3.1.7}{\376\377\000M\000o\000d\000e\000r\000n\000\040\000I\000d\000e\000a\000s}{section.3.1}% 97
\BOOKMARK [2][-]{subsection.3.1.8}{\376\377\000O\000n\000e\000-\000T\000i\000m\000e\000\040\000P\000a\000d\000s}{section.3.1}% 98
\BOOKMARK [2][-]{subsection.3.1.9}{\376\377\000C\000o\000n\000f\000u\000s\000i\000o\000n\000\040\000a\000n\000d\000\040\000D\000i\000f\000f\000u\000s\000i\000o\000n}{section.3.1}% 99
\BOOKMARK [2][-]{subsection.3.1.10}{\376\377\000D\000E\000S}{section.3.1}% 100
\BOOKMARK [2][-]{subsection.3.1.11}{\376\377\000M\000o\000d\000e\000s\000\040\000o\000f\000\040\000O\000p\000e\000r\000a\000t\000i\000o\000n}{section.3.1}% 101
\BOOKMARK [2][-]{subsection.3.1.12}{\376\377\000A\000E\000S}{section.3.1}% 102
\BOOKMARK [2][-]{subsection.3.1.13}{\376\377\000S\000y\000m\000m\000e\000t\000r\000i\000c\000\040\000S\000t\000r\000e\000a\000m\000\040\000C\000i\000p\000h\000e\000r\000s}{section.3.1}% 103
\BOOKMARK [2][-]{subsection.3.1.14}{\376\377\000S\000h\000i\000f\000t\000\040\000R\000e\000g\000i\000s\000t\000e\000r\000\040\000B\000a\000s\000e\000d\000\040\000B\000i\000t\000\040\000G\000e\000n\000e\000r\000a\000t\000o\000r\000s}{section.3.1}% 104
\BOOKMARK [2][-]{subsection.3.1.15}{\376\377\000A\000n\000\040\000A\000l\000t\000e\000r\000n\000a\000t\000i\000v\000e\000\040\000A\000p\000p\000r\000o\000a\000c\000h\000:\000\040\000R\000C\0004}{section.3.1}% 105
\BOOKMARK [2][-]{subsection.3.1.16}{\376\377\000e\000S\000t\000r\000e\000a\000m\000\040\000S\000t\000r\000e\000a\000m\000\040\000C\000i\000p\000h\000e\000r\000s}{section.3.1}% 106
\BOOKMARK [2][-]{subsection.3.1.17}{\376\377\000A\000s\000y\000m\000m\000e\000t\000r\000i\000c\000\040\000C\000r\000y\000p\000t\000o\000s\000y\000s\000t\000e\000m\000s}{section.3.1}% 107
\BOOKMARK [1][-]{section.3.2}{\376\377\000!\000\040\000W\000A\000R\000N\000I\000N\000G\000:\000\040\000M\000a\000t\000h\000e\000m\000a\000t\000i\000c\000s\000\040\000a\000h\000e\000a\000d\000!}{chapter.3}% 108
\BOOKMARK [2][-]{subsection.3.2.1}{\376\377\000T\000r\000a\000p\000d\000o\000o\000r\000\040\000F\000u\000n\000c\000t\000i\000o\000n\000s}{section.3.2}% 109
\BOOKMARK [2][-]{subsection.3.2.2}{\376\377\000M\000o\000d\000u\000l\000a\000r\000\040\000A\000r\000i\000t\000h\000m\000e\000t\000i\000c}{section.3.2}% 110
\BOOKMARK [2][-]{subsection.3.2.3}{\376\377\000T\000h\000e\000\040\000R\000S\000A\000\040\000C\000r\000y\000p\000t\000o\000s\000y\000s\000t\000e\000m}{section.3.2}% 111
\BOOKMARK [2][-]{subsection.3.2.4}{\376\377\000A\000n\000\040\000E\000x\000a\000m\000p\000l\000e\000\040\000o\000f\000\040\000t\000h\000e\000\040\000U\000s\000e\000\040\000o\000f\000\040\000R\000S\000A\000:}{section.3.2}% 112
\BOOKMARK [2][-]{subsection.3.2.5}{\376\377\000C\000a\000l\000c\000u\000l\000a\000t\000i\000o\000n\000\040\000E\000f\000f\000i\000c\000i\000e\000n\000c\000y}{section.3.2}% 113
\BOOKMARK [2][-]{subsection.3.2.6}{\376\377\000T\000h\000e\000\040\000S\000e\000c\000u\000r\000i\000t\000y\000\040\000o\000f\000\040\000R\000S\000A}{section.3.2}% 114
\BOOKMARK [2][-]{subsection.3.2.7}{\376\377\000A\000\040\000C\000o\000m\000p\000a\000r\000i\000s\000o\000n\000\040\000o\000f\000\040\000P\000K\000C\000S\000\040\000a\000n\000d\000\040\000S\000K\000C\000S}{section.3.2}% 115
\BOOKMARK [1][-]{section.3.3}{\376\377\000U\000s\000e\000f\000u\000l\000\040\000c\000o\000n\000c\000e\000p\000t\000s\000\040\000w\000h\000i\000c\000h\000\040\000y\000o\000u\000\040\000s\000h\000o\000u\000l\000d\000\040\000n\000o\000w\000\040\000k\000n\000o\000w\000\040\000a\000b\000o\000u\000t}{chapter.3}% 116
\BOOKMARK [1][-]{section.3.4}{\376\377\000F\000u\000r\000t\000h\000e\000r\000\040\000R\000e\000a\000d\000i\000n\000g}{chapter.3}% 117
\BOOKMARK [1][-]{section.3.5}{\376\377\000E\000x\000e\000r\000c\000i\000s\000e\000s}{chapter.3}% 118
\BOOKMARK [2][-]{subsection.3.5.1}{\376\377\000C\000r\000y\000p\000t\000a\000n\000a\000l\000y\000s\000i\000s\000\040\0001}{section.3.5}% 119
\BOOKMARK [2][-]{subsection.3.5.2}{\376\377\000C\000r\000y\000p\000t\000a\000n\000a\000l\000y\000s\000i\000s\000\040\0002}{section.3.5}% 120
\BOOKMARK [2][-]{subsection.3.5.3}{\376\377\000A\000E\000S\0001\0002\0008\000\040\000i\000n\000\040\000E\000C\000B\000\040\000m\000o\000d\000e}{section.3.5}% 121
\BOOKMARK [2][-]{subsection.3.5.4}{\376\377\000A\000E\000S\0001\0002\0008\000\040\000i\000n\000\040\000C\000B\000C\000\040\000m\000o\000d\000e}{section.3.5}% 122
\BOOKMARK [2][-]{subsection.3.5.5}{\376\377\000A\000E\000S\000\040\000w\000i\000t\000h\000\040\000t\000w\000o\000\040\000r\000e\000l\000a\000t\000e\000d\000\040\000k\000e\000y\000s}{section.3.5}% 123
\BOOKMARK [2][-]{subsection.3.5.6}{\376\377\000R\000C\0004}{section.3.5}% 124
\BOOKMARK [2][-]{subsection.3.5.7}{\376\377\000T\000h\000e\000\040\000t\000e\000a\000m\000\040\000m\000a\000r\000c\000h\000e\000s\000\040\000i\000n}{section.3.5}% 125
\BOOKMARK [2][-]{subsection.3.5.8}{\376\377\000R\000S\000A\000\040\000d\000e\000c\000r\000y\000p\000t\000i\000o\000n}{section.3.5}% 126
\BOOKMARK [2][-]{subsection.3.5.9}{\376\377\000C\000h\000o\000o\000s\000i\000n\000g\000\040\000a\000n\000\040\000R\000S\000A\000\040\000m\000o\000d\000u\000l\000u\000s}{section.3.5}% 127
\BOOKMARK [0][-]{chapter.4}{\376\377\000A\000p\000p\000l\000i\000e\000d\000\040\000C\000r\000y\000p\000t\000o\000g\000r\000a\000p\000h\000y}{}% 128
\BOOKMARK [1][-]{section.4.1}{\376\377\000I\000n\000t\000e\000g\000r\000i\000t\000y}{chapter.4}% 129
\BOOKMARK [2][-]{subsection.4.1.1}{\376\377\000C\000r\000y\000p\000t\000o\000g\000r\000a\000p\000h\000i\000c\000\040\000H\000a\000s\000h\000\040\000F\000u\000n\000c\000t\000i\000o\000n\000s}{section.4.1}% 130
\BOOKMARK [2][-]{subsection.4.1.2}{\376\377\000M\000A\000C}{section.4.1}% 131
\BOOKMARK [1][-]{section.4.2}{\376\377\000R\000e\000q\000u\000i\000r\000e\000m\000e\000n\000t\000s\000\040\000\050\000P\000r\000o\000p\000e\000r\000t\000i\000e\000s\000\040\000o\000f\000\040\000a\000\040\000M\000A\000C\000\051}{chapter.4}% 132
\BOOKMARK [2][-]{subsection.4.2.1}{\376\377\000E\000l\000e\000c\000t\000r\000o\000n\000i\000c\000\040\000S\000i\000g\000n\000a\000t\000u\000r\000e\000s}{section.4.2}% 133
\BOOKMARK [1][-]{section.4.3}{\376\377\000R\000e\000q\000u\000i\000r\000e\000m\000e\000n\000t\000s\000\040\000\050\000P\000r\000o\000p\000e\000r\000t\000i\000e\000s\000\040\000o\000f\000\040\000a\000\040\000e\000l\000e\000c\000t\000r\000o\000n\000i\000c\000\040\000s\000i\000g\000n\000a\000t\000u\000r\000e\000\051}{chapter.4}% 134
\BOOKMARK [2][-]{subsection.4.3.1}{\376\377\000V\000e\000r\000i\000f\000i\000c\000a\000t\000i\000o\000n\000\040\000o\000f\000\040\000E\000l\000e\000c\000t\000r\000o\000n\000i\000c\000\040\000S\000i\000g\000n\000a\000t\000u\000r\000e\000s}{section.4.3}% 135
\BOOKMARK [2][-]{subsection.4.3.2}{\376\377\000E\000l\000e\000c\000t\000r\000o\000n\000i\000c\000\040\000S\000i\000g\000n\000a\000t\000u\000r\000e\000s\000\040\000w\000i\000t\000h\000\040\000a\000\040\000P\000K\000C\000S}{section.4.3}% 136
\BOOKMARK [2][-]{subsection.4.3.3}{\376\377\000D\000i\000g\000i\000t\000a\000l\000\040\000S\000i\000g\000n\000a\000t\000u\000r\000e\000\040\000S\000t\000a\000n\000d\000a\000r\000d\000\040\000\050\000D\000S\000S\000\051}{section.4.3}% 137
\BOOKMARK [1][-]{section.4.4}{\376\377\000F\000o\000r\000m\000a\000t\000i\000o\000n\000\040\000o\000f\000\040\000a\000\040\000s\000i\000g\000n\000a\000t\000u\000r\000e\000:}{chapter.4}% 138
\BOOKMARK [1][-]{section.4.5}{\376\377\000V\000e\000r\000i\000f\000i\000c\000a\000t\000i\000o\000n\000\040\000o\000f\000\040\000a\000\040\000s\000i\000g\000n\000a\000t\000u\000r\000e\000:}{chapter.4}% 139
\BOOKMARK [1][-]{section.4.6}{\376\377\000E\000f\000f\000i\000c\000i\000e\000n\000c\000y\000:}{chapter.4}% 140
\BOOKMARK [1][-]{section.4.7}{\376\377\000S\000e\000c\000u\000r\000i\000t\000y\000\040\000i\000n\000\040\000D\000S\000A\000:}{chapter.4}% 141
\BOOKMARK [2][-]{subsection.4.7.1}{\376\377\000P\000l\000a\000n\000n\000i\000n\000g\000\040\000f\000o\000r\000\040\000t\000h\000e\000\040\000F\000u\000t\000u\000r\000e}{section.4.7}% 142
\BOOKMARK [2][-]{subsection.4.7.2}{\376\377\000A\000u\000t\000h\000e\000n\000t\000i\000c\000a\000t\000i\000o\000n}{section.4.7}% 143
\BOOKMARK [1][-]{section.4.8}{\376\377\000R\000e\000q\000u\000i\000r\000e\000m\000e\000n\000t\000s\000\040\000\050\000P\000r\000o\000p\000e\000r\000t\000i\000e\000s\000\040\000o\000f\000\040\000a\000n\000\040\000a\000u\000t\000h\000e\000n\000t\000i\000c\000a\000t\000i\000o\000n\000\040\000p\000r\000o\000t\000o\000c\000o\000l\000\051}{chapter.4}% 144
\BOOKMARK [2][-]{subsection.4.8.1}{\376\377\000T\000y\000p\000e\000s\000\040\000o\000f\000\040\000E\000v\000i\000d\000e\000n\000c\000e}{section.4.8}% 145
\BOOKMARK [2][-]{subsection.4.8.2}{\376\377\000A\000u\000t\000h\000e\000n\000t\000i\000c\000a\000t\000i\000o\000n\000\040\000w\000i\000t\000h\000\040\000a\000n\000\040\000S\000K\000C\000S}{section.4.8}% 146
\BOOKMARK [2][-]{subsection.4.8.3}{\376\377\000A\000u\000t\000h\000e\000n\000t\000i\000c\000a\000t\000i\000o\000n\000\040\000w\000i\000t\000h\000\040\000a\000\040\000P\000K\000C\000S}{section.4.8}% 147
\BOOKMARK [2][-]{subsection.4.8.4}{\376\377\000K\000e\000y\000\040\000D\000i\000s\000t\000r\000i\000b\000u\000t\000i\000o\000n}{section.4.8}% 148
\BOOKMARK [2][-]{subsection.4.8.5}{\376\377\000D\000i\000f\000f\000i\000e\000-\000H\000e\000l\000l\000m\000a\000n\000\040\000K\000e\000y\000\040\000A\000g\000r\000e\000e\000m\000e\000n\000t}{section.4.8}% 149
\BOOKMARK [2][-]{subsection.4.8.6}{\376\377\000M\000o\000r\000e\000\040\000S\000e\000c\000u\000r\000e\000\040\000K\000e\000y\000\040\000A\000g\000r\000e\000e\000m\000e\000n\000t\000s}{section.4.8}% 150
\BOOKMARK [2][-]{subsection.4.8.7}{\376\377\000C\000e\000r\000t\000i\000f\000i\000c\000a\000t\000e\000s}{section.4.8}% 151
\BOOKMARK [2][-]{subsection.4.8.8}{\376\377\000H\000o\000w\000\040\000A\000r\000e\000\040\000C\000e\000r\000t\000i\000f\000i\000c\000a\000t\000e\000s\000\040\000I\000s\000s\000u\000e\000d\000\040\000i\000n\000\040\000a\000\040\000P\000K\000I\000?}{section.4.8}% 152
\BOOKMARK [2][-]{subsection.4.8.9}{\376\377\000A\000c\000c\000e\000s\000s\000\040\000t\000o\000\040\000C\000e\000r\000t\000i\000f\000i\000c\000a\000t\000e\000s}{section.4.8}% 153
\BOOKMARK [2][-]{subsection.4.8.10}{\376\377\000T\000r\000u\000s\000t\000\040\000M\000o\000d\000e\000l\000s}{section.4.8}% 154
\BOOKMARK [2][-]{subsection.4.8.11}{\376\377\000T\000h\000e\000\040\000H\000i\000e\000r\000a\000r\000c\000h\000i\000c\000a\000l\000\040\000T\000r\000u\000s\000t\000\040\000M\000o\000d\000e\000l}{section.4.8}% 155
\BOOKMARK [2][-]{subsection.4.8.12}{\376\377\000T\000h\000e\000\040\000W\000e\000b\000-\000o\000f\000-\000t\000r\000u\000s\000t\000\040\000M\000o\000d\000e\000l}{section.4.8}% 156
\BOOKMARK [2][-]{subsection.4.8.13}{\376\377\000T\000h\000e\000\040\000R\000e\000p\000u\000t\000a\000t\000i\000o\000n\000-\000b\000a\000s\000e\000d\000\040\000T\000r\000u\000s\000t\000\040\000M\000o\000d\000e\000l}{section.4.8}% 157
\BOOKMARK [2][-]{subsection.4.8.14}{\376\377\000E\000s\000t\000a\000b\000l\000i\000s\000h\000i\000n\000g\000\040\000a\000n\000\040\000I\000d\000e\000n\000t\000i\000t\000y}{section.4.8}% 158
\BOOKMARK [1][-]{section.4.9}{\376\377\000U\000s\000e\000f\000u\000l\000\040\000c\000o\000n\000c\000e\000p\000t\000s\000\040\000w\000h\000i\000c\000h\000\040\000y\000o\000u\000\040\000s\000h\000o\000u\000l\000d\000\040\000n\000o\000w\000\040\000k\000n\000o\000w\000\040\000a\000b\000o\000u\000t}{chapter.4}% 159
\BOOKMARK [1][-]{section.4.10}{\376\377\000F\000u\000r\000t\000h\000e\000r\000\040\000R\000e\000a\000d\000i\000n\000g}{chapter.4}% 160
\BOOKMARK [1][-]{section.4.11}{\376\377\000E\000x\000e\000r\000c\000i\000s\000e\000s}{chapter.4}% 161
\BOOKMARK [2][-]{subsection.4.11.1}{\376\377\000H\000a\000s\000h\000\040\000f\000u\000n\000c\000t\000i\000o\000n\000s}{section.4.11}% 162
\BOOKMARK [2][-]{subsection.4.11.2}{\376\377\000I\000n\000t\000e\000g\000r\000i\000t\000y\000\040\000w\000i\000t\000h\000\040\000e\000n\000c\000r\000y\000p\000t\000i\000o\000n}{section.4.11}% 163
\BOOKMARK [2][-]{subsection.4.11.3}{\376\377\000D\000o\000u\000b\000l\000e\000\040\000e\000n\000c\000r\000y\000p\000t\000i\000o\000n}{section.4.11}% 164
\BOOKMARK [2][-]{subsection.4.11.4}{\376\377\000N\000e\000e\000d\000h\000a\000m\000\040\000a\000n\000d\000\040\000S\000c\000h\000r\000o\000e\000d\000e\000r\000s\000\040\000o\000r\000i\000g\000i\000n\000a\000l\000\040\000S\000K\000C\000S\000\040\000p\000r\000o\000t\000o\000c\000o\000l}{section.4.11}% 165
\BOOKMARK [2][-]{subsection.4.11.5}{\376\377\000M\000a\000l\000l\000e\000a\000b\000i\000l\000i\000t\000y}{section.4.11}% 166
\BOOKMARK [0][-]{chapter.5}{\376\377\000C\000o\000m\000m\000u\000n\000i\000c\000a\000t\000i\000o\000n\000\040\000N\000e\000t\000w\000o\000r\000k\000s}{}% 167
\BOOKMARK [1][-]{section.5.1}{\376\377\000B\000a\000s\000i\000c\000\040\000N\000e\000t\000w\000o\000r\000k\000\040\000C\000o\000n\000c\000e\000p\000t\000s}{chapter.5}% 168
\BOOKMARK [2][-]{subsection.5.1.1}{\376\377\000L\000a\000y\000e\000r\000e\000d\000\040\000A\000r\000c\000h\000i\000t\000e\000c\000t\000u\000r\000e\000s}{section.5.1}% 169
\BOOKMARK [2][-]{subsection.5.1.2}{\376\377\000S\000e\000r\000v\000i\000c\000e\000s}{section.5.1}% 170
\BOOKMARK [2][-]{subsection.5.1.3}{\376\377\000P\000r\000o\000t\000o\000c\000o\000l\000s}{section.5.1}% 171
\BOOKMARK [2][-]{subsection.5.1.4}{\376\377\000C\000o\000m\000m\000u\000n\000i\000c\000a\000t\000i\000o\000n\000\040\000i\000n\000\040\000t\000h\000e\000\040\000I\000n\000t\000e\000r\000n\000e\000t}{section.5.1}% 172
\BOOKMARK [2][-]{subsection.5.1.5}{\376\377\000D\000a\000t\000a\000\040\000T\000r\000a\000n\000s\000f\000e\000r\000\040\000B\000e\000t\000w\000e\000e\000n\000\040\000L\000a\000y\000e\000r\000s}{section.5.1}% 173
\BOOKMARK [2][-]{subsection.5.1.6}{\376\377\000A\000d\000d\000r\000e\000s\000s\000i\000n\000g}{section.5.1}% 174
\BOOKMARK [2][-]{subsection.5.1.7}{\376\377\000I\000n\000t\000e\000r\000n\000e\000t\000\040\000N\000a\000m\000e\000s}{section.5.1}% 175
\BOOKMARK [2][-]{subsection.5.1.8}{\376\377\000I\000P\000\040\000A\000d\000d\000r\000e\000s\000s\000e\000s}{section.5.1}% 176
\BOOKMARK [2][-]{subsection.5.1.9}{\376\377\000T\000C\000P\000\040\000a\000n\000d\000\040\000U\000D\000P\000\040\000P\000o\000r\000t\000s}{section.5.1}% 177
\BOOKMARK [2][-]{subsection.5.1.10}{\376\377\000F\000u\000n\000c\000t\000i\000o\000n\000s\000\040\000i\000n\000\040\000T\000C\000P\000\040\000a\000n\000d\000\040\000I\000P}{section.5.1}% 178
\BOOKMARK [2][-]{subsection.5.1.11}{\376\377\000D\000N\000S}{section.5.1}% 179
\BOOKMARK [2][-]{subsection.5.1.12}{\376\377\000H\000o\000w\000\040\000D\000o\000\040\000t\000h\000e\000\040\000L\000a\000y\000e\000r\000s\000\040\000W\000o\000r\000k\000\040\000T\000o\000g\000e\000t\000h\000e\000r\000?}{section.5.1}% 180
\BOOKMARK [2][-]{subsection.5.1.13}{\376\377\000T\000e\000c\000h\000n\000o\000l\000o\000g\000y}{section.5.1}% 181
\BOOKMARK [2][-]{subsection.5.1.14}{\376\377\000S\000h\000a\000r\000e\000d\000\040\000C\000a\000b\000l\000e\000-\000b\000a\000s\000e\000d\000\040\000M\000e\000d\000i\000a}{section.5.1}% 182
\BOOKMARK [2][-]{subsection.5.1.15}{\376\377\000W\000i\000r\000e\000l\000e\000s\000s\000\040\000N\000e\000t\000w\000o\000r\000k\000s}{section.5.1}% 183
\BOOKMARK [2][-]{subsection.5.1.16}{\376\377\000I\000E\000E\000E\000\040\0008\0000\0002\000.\0001\0001\000\040\000M\000o\000d\000e\000s\000\040\000o\000f\000\040\000O\000p\000e\000r\000a\000t\000i\000o\000n}{section.5.1}% 184
\BOOKMARK [2][-]{subsection.5.1.17}{\376\377\000M\000o\000b\000i\000l\000e\000\040\000T\000e\000l\000e\000p\000h\000o\000n\000e\000s\000\040\000o\000n\000\040\000t\000h\000e\000\040\000N\000e\000t}{section.5.1}% 185
\BOOKMARK [1][-]{section.5.2}{\376\377\000U\000s\000e\000f\000u\000l\000\040\000c\000o\000n\000c\000e\000p\000t\000s\000\040\000w\000h\000i\000c\000h\000\040\000y\000o\000u\000\040\000s\000h\000o\000u\000l\000d\000\040\000n\000o\000w\000\040\000k\000n\000o\000w\000\040\000a\000b\000o\000u\000t}{chapter.5}% 186
\BOOKMARK [1][-]{section.5.3}{\376\377\000F\000u\000r\000t\000h\000e\000r\000\040\000R\000e\000a\000d\000i\000n\000g}{chapter.5}% 187
\BOOKMARK [1][-]{section.5.4}{\376\377\000E\000x\000e\000r\000c\000i\000s\000e\000s}{chapter.5}% 188
\BOOKMARK [2][-]{subsection.5.4.1}{\376\377\000T\000C\000P\000\040\000p\000o\000r\000t\000s}{section.5.4}% 189
\BOOKMARK [2][-]{subsection.5.4.2}{\376\377\000R\000e\000g\000i\000s\000t\000r\000a\000t\000i\000o\000n\000\040\000d\000a\000t\000a\000b\000a\000s\000e\000s}{section.5.4}% 190
\BOOKMARK [2][-]{subsection.5.4.3}{\376\377\000G\000e\000o\000l\000o\000c\000a\000t\000i\000o\000n}{section.5.4}% 191
\BOOKMARK [2][-]{subsection.5.4.4}{\376\377\000I\000d\000e\000n\000t\000i\000t\000i\000e\000s\000\040\000i\000n\000\040\000t\000h\000e\000\040\000m\000o\000b\000i\000l\000e\000\040\000n\000e\000t\000w\000o\000r\000k}{section.5.4}% 192
\BOOKMARK [0][-]{chapter.6}{\376\377\000N\000e\000t\000w\000o\000r\000k\000\040\000A\000p\000p\000l\000i\000c\000a\000t\000i\000o\000n\000s}{}% 193
\BOOKMARK [1][-]{section.6.1}{\376\377\000M\000a\000i\000l\000\040\000T\000r\000a\000n\000s\000f\000e\000r}{chapter.6}% 194
\BOOKMARK [2][-]{subsection.6.1.1}{\376\377\000M\000a\000i\000l\000\040\000R\000e\000l\000a\000y\000s}{section.6.1}% 195
\BOOKMARK [2][-]{subsection.6.1.2}{\376\377\000T\000h\000e\000\040\000S\000t\000r\000u\000c\000t\000u\000r\000e\000\040\000o\000f\000\040\000a\000\040\000M\000a\000i\000l}{section.6.1}% 196
\BOOKMARK [2][-]{subsection.6.1.3}{\376\377\000M\000I\000M\000E}{section.6.1}% 197
\BOOKMARK [2][-]{subsection.6.1.4}{\376\377\000T\000r\000a\000n\000s\000f\000e\000r\000\040\000o\000f\000\040\000W\000e\000b\000\040\000P\000a\000g\000e\000s}{section.6.1}% 198
\BOOKMARK [1][-]{section.6.2}{\376\377\000C\000l\000a\000s\000s\000i\000c\000\040\000D\000a\000n\000i\000s\000h\000\040\000R\000e\000c\000i\000p\000e\000s}{chapter.6}% 199
\BOOKMARK [1][-]{section.6.3}{\376\377\000U\000s\000e\000f\000u\000l\000\040\000c\000o\000n\000c\000e\000p\000t\000s\000\040\000w\000h\000i\000c\000h\000\040\000y\000o\000u\000\040\000s\000h\000o\000u\000l\000d\000\040\000n\000o\000w\000\040\000k\000n\000o\000w\000\040\000a\000b\000o\000u\000t}{chapter.6}% 200
\BOOKMARK [1][-]{section.6.4}{\376\377\000E\000x\000e\000r\000c\000i\000s\000e\000s}{chapter.6}% 201
\BOOKMARK [2][-]{subsection.6.4.1}{\376\377\000T\000r\000a\000c\000i\000n\000g\000\040\000e\000-\000m\000a\000i\000l}{section.6.4}% 202
\BOOKMARK [2][-]{subsection.6.4.2}{\376\377\000C\000h\000a\000r\000a\000c\000t\000e\000r\000\040\000e\000n\000c\000o\000d\000i\000n\000g\000\040\000i\000n\000\040\000e\000-\000m\000a\000i\000l}{section.6.4}% 203
\BOOKMARK [2][-]{subsection.6.4.3}{\376\377\000H\000e\000a\000d\000e\000r\000\040\000f\000i\000e\000l\000d\000s\000\040\000i\000n\000\040\000H\000T\000T\000P}{section.6.4}% 204
\BOOKMARK [1][-]{section.6.5}{\376\377\000!\000\040\000W\000a\000t\000c\000h\000\040\000o\000u\000t\000!}{chapter.6}% 205
\BOOKMARK [0][-]{chapter.7}{\376\377\000N\000e\000t\000w\000o\000r\000k\000\040\000S\000e\000c\000u\000r\000i\000t\000y}{}% 206
\BOOKMARK [1][-]{section.7.1}{\376\377\000P\000r\000o\000t\000e\000c\000t\000i\000o\000n\000\040\000B\000a\000s\000e\000d\000\040\000o\000n\000\040\000C\000r\000y\000p\000t\000o\000g\000r\000a\000p\000h\000i\000c\000\040\000M\000e\000t\000h\000o\000d\000s}{chapter.7}% 207
\BOOKMARK [2][-]{subsection.7.1.1}{\376\377\000T\000h\000e\000\040\000A\000p\000p\000l\000i\000c\000a\000t\000i\000o\000n\000\040\000L\000a\000y\000e\000r}{section.7.1}% 208
\BOOKMARK [2][-]{subsection.7.1.2}{\376\377\000T\000h\000e\000\040\000T\000r\000a\000n\000s\000p\000o\000r\000t\000\040\000L\000a\000y\000e\000r}{section.7.1}% 209
\BOOKMARK [2][-]{subsection.7.1.3}{\376\377\000T\000h\000e\000\040\000I\000n\000t\000e\000r\000n\000e\000t\000\040\000L\000a\000y\000e\000r}{section.7.1}% 210
\BOOKMARK [2][-]{subsection.7.1.4}{\376\377\000T\000h\000e\000\040\000L\000i\000n\000k\000\040\000L\000a\000y\000e\000r}{section.7.1}% 211
\BOOKMARK [2][-]{subsection.7.1.5}{\376\377\000T\000h\000e\000\040\000P\000h\000y\000s\000i\000c\000a\000l\000\040\000L\000a\000y\000e\000r}{section.7.1}% 212
\BOOKMARK [2][-]{subsection.7.1.6}{\376\377\000E\000n\000c\000r\000y\000p\000t\000i\000o\000n\000\040\000i\000n\000\040\000t\000h\000e\000\040\000A\000p\000p\000l\000i\000c\000a\000t\000i\000o\000n\000\040\000L\000a\000y\000e\000r}{section.7.1}% 213
\BOOKMARK [2][-]{subsection.7.1.7}{\376\377\000V\000i\000r\000t\000u\000a\000l\000\040\000P\000r\000i\000v\000a\000t\000e\000\040\000N\000e\000t\000w\000o\000r\000k\000s}{section.7.1}% 214
\BOOKMARK [1][-]{section.7.2}{\376\377\000D\000e\000f\000i\000n\000i\000t\000i\000o\000n\000\040\000\050\000V\000i\000r\000t\000u\000a\000l\000\040\000P\000r\000i\000v\000a\000t\000e\000\040\000N\000e\000t\000w\000o\000r\000k\000\051}{chapter.7}% 215
\BOOKMARK [2][-]{subsection.7.2.1}{\376\377\000T\000u\000n\000n\000e\000l\000i\000n\000g}{section.7.2}% 216
\BOOKMARK [1][-]{section.7.3}{\376\377\000D\000e\000f\000i\000n\000i\000t\000i\000o\000n\000\040\000\050\000T\000u\000n\000n\000e\000l\000i\000n\000g\000\051}{chapter.7}% 217
\BOOKMARK [2][-]{subsection.7.3.1}{\376\377\000"\000S\000i\000t\000e\000-\000t\000o\000-\000s\000i\000t\000e\000"\000\040\000T\000u\000n\000n\000e\000l\000i\000n\000g}{section.7.3}% 218
\BOOKMARK [2][-]{subsection.7.3.2}{\376\377\000S\000e\000c\000u\000r\000e\000\040\000S\000i\000t\000e\000-\000t\000o\000-\000s\000i\000t\000e\000\040\000T\000u\000n\000n\000e\000l\000i\000n\000g\000\040\000i\000n\000\040\000a\000\040\000V\000P\000N}{section.7.3}% 219
\BOOKMARK [2][-]{subsection.7.3.3}{\376\377\000S\000e\000c\000u\000r\000e\000\040\000H\000o\000s\000t\000-\000t\000o\000-\000s\000i\000t\000e\000\040\000T\000u\000n\000n\000e\000l\000i\000n\000g\000\040\000i\000n\000\040\000a\000\040\000V\000P\000N}{section.7.3}% 220
\BOOKMARK [2][-]{subsection.7.3.4}{\376\377\000W\000h\000i\000c\000h\000\040\000L\000a\000y\000e\000r\000s\000\040\000A\000r\000e\000\040\000U\000s\000e\000d\000\040\000f\000o\000r\000\040\000V\000P\000N\000s\000?}{section.7.3}% 221
\BOOKMARK [2][-]{subsection.7.3.5}{\376\377\000A\000n\000o\000n\000y\000m\000o\000u\000s\000\040\000C\000o\000m\000m\000u\000n\000i\000c\000a\000t\000i\000o\000n\000\040\000i\000n\000\040\000t\000h\000e\000\040\000I\000n\000t\000e\000r\000n\000e\000t}{section.7.3}% 222
\BOOKMARK [2][-]{subsection.7.3.6}{\376\377\000S\000e\000c\000u\000r\000e\000\040\000S\000o\000c\000k\000e\000t\000\040\000L\000a\000y\000e\000r}{section.7.3}% 223
\BOOKMARK [2][-]{subsection.7.3.7}{\376\377\000S\000S\000L\000\040\000P\000r\000o\000t\000o\000c\000o\000l\000\040\000A\000r\000c\000h\000i\000t\000e\000c\000t\000u\000r\000e}{section.7.3}% 224
\BOOKMARK [2][-]{subsection.7.3.8}{\376\377\000S\000S\000L\000/\000T\000L\000S\000\040\000S\000e\000c\000u\000r\000i\000t\000y\000\040\000P\000a\000r\000a\000m\000e\000t\000e\000r\000\040\000S\000e\000t\000s}{section.7.3}% 225
\BOOKMARK [2][-]{subsection.7.3.9}{\376\377\000P\000r\000o\000t\000o\000c\000o\000l\000s\000\040\000S\000e\000c\000u\000r\000e\000d\000\040\000w\000i\000t\000h\000\040\000S\000S\000L\000/\000T\000L\000S}{section.7.3}% 226
\BOOKMARK [2][-]{subsection.7.3.10}{\376\377\000R\000i\000s\000k\000s\000\040\000i\000n\000\040\000U\000s\000i\000n\000g\000\040\000C\000e\000r\000t\000i\000f\000i\000c\000a\000t\000e\000s}{section.7.3}% 227
\BOOKMARK [2][-]{subsection.7.3.11}{\376\377\000F\000i\000r\000e\000w\000a\000l\000l\000s}{section.7.3}% 228
\BOOKMARK [1][-]{section.7.4}{\376\377\000R\000e\000q\000u\000i\000r\000e\000m\000e\000n\000t\000s\000\040\000\050\000O\000p\000e\000r\000a\000t\000i\000o\000n\000\040\000o\000f\000\040\000a\000\040\000f\000i\000r\000e\000w\000a\000l\000l\000\051}{chapter.7}% 229
\BOOKMARK [2][-]{subsection.7.4.1}{\376\377\000T\000y\000p\000e\000s\000\040\000o\000f\000\040\000F\000i\000r\000e\000w\000a\000l\000l}{section.7.4}% 230
\BOOKMARK [2][-]{subsection.7.4.2}{\376\377\000P\000l\000a\000c\000e\000m\000e\000n\000t\000\040\000o\000f\000\040\000F\000i\000r\000e\000w\000a\000l\000l\000s}{section.7.4}% 231
\BOOKMARK [2][-]{subsection.7.4.3}{\376\377\000R\000e\000s\000i\000d\000u\000a\000l\000\040\000R\000i\000s\000k\000s\000\040\000C\000o\000n\000n\000e\000c\000t\000e\000d\000\040\000w\000i\000t\000h\000\040\000F\000i\000r\000e\000w\000a\000l\000l\000s}{section.7.4}% 232
\BOOKMARK [2][-]{subsection.7.4.4}{\376\377\000P\000e\000r\000s\000o\000n\000a\000l\000\040\000F\000i\000r\000e\000w\000a\000l\000l\000s}{section.7.4}% 233
\BOOKMARK [2][-]{subsection.7.4.5}{\376\377\000I\000n\000t\000r\000u\000s\000i\000o\000n\000\040\000D\000e\000t\000e\000c\000t\000i\000o\000n\000\040\000S\000y\000s\000t\000e\000m\000s\000\040\000\050\000I\000D\000S\000\051}{section.7.4}% 234
\BOOKMARK [2][-]{subsection.7.4.6}{\376\377\000P\000r\000i\000n\000c\000i\000p\000l\000e\000s\000\040\000o\000f\000\040\000O\000p\000e\000r\000a\000t\000i\000o\000n}{section.7.4}% 235
\BOOKMARK [2][-]{subsection.7.4.7}{\376\377\000N\000e\000t\000w\000o\000r\000k\000\040\000I\000D\000S\000s\000\040\000\050\000N\000I\000D\000S\000\051}{section.7.4}% 236
\BOOKMARK [2][-]{subsection.7.4.8}{\376\377\000H\000o\000s\000t\000\040\000I\000D\000S\000s\000\040\000\050\000H\000I\000D\000S\000\051}{section.7.4}% 237
\BOOKMARK [2][-]{subsection.7.4.9}{\376\377\000S\000e\000c\000u\000r\000i\000t\000y\000\040\000i\000n\000\040\000W\000i\000r\000e\000l\000e\000s\000s\000\040\000N\000e\000t\000w\000o\000r\000k\000s}{section.7.4}% 238
\BOOKMARK [2][-]{subsection.7.4.10}{\376\377\000O\000r\000i\000g\000i\000n\000a\000l\000\040\000W\000i\000F\000i\000\040\000S\000e\000c\000u\000r\000i\000t\000y\000\040\000\050\000W\000E\000P\000\051}{section.7.4}% 239
\BOOKMARK [1][-]{section.7.5}{\376\377\000O\000p\000e\000n\000\040\000S\000y\000s\000t\000e\000m\000\040\000a\000u\000t\000h\000e\000n\000t\000i\000c\000a\000t\000i\000o\000n\000:}{chapter.7}% 240
\BOOKMARK [1][-]{section.7.6}{\376\377\000S\000h\000a\000r\000e\000d\000\040\000K\000e\000y\000\040\000a\000u\000t\000h\000e\000n\000t\000i\000c\000a\000t\000i\000o\000n\000:}{chapter.7}% 241
\BOOKMARK [2][-]{subsection.7.6.1}{\376\377\000D\000e\000v\000e\000l\000o\000p\000m\000e\000n\000t\000\040\000o\000f\000\040\000S\000e\000c\000u\000r\000i\000t\000y\000\040\000i\000n\000\040\000I\000E\000E\000E\000\040\0008\0000\0002\000.\0001\0001}{section.7.6}% 242
\BOOKMARK [2][-]{subsection.7.6.2}{\376\377\000S\000e\000c\000u\000r\000i\000t\000y\000\040\000i\000n\000\040\000B\000l\000u\000e\000t\000o\000o\000t\000h}{section.7.6}% 243
\BOOKMARK [2][-]{subsection.7.6.3}{\376\377\000S\000e\000c\000u\000r\000i\000t\000y\000\040\000i\000n\000\040\000t\000h\000e\000\040\000M\000o\000b\000i\000l\000e\000\040\000T\000e\000l\000e\000p\000h\000o\000n\000e\000\040\000N\000e\000t\000w\000o\000r\000k}{section.7.6}% 244
\BOOKMARK [2][-]{subsection.7.6.4}{\376\377\000S\000e\000c\000u\000r\000i\000t\000y\000\040\000i\000n\000\040\000G\000S\000M}{section.7.6}% 245
\BOOKMARK [2][-]{subsection.7.6.5}{\376\377\000C\000a\000n\000\040\000t\000h\000e\000\040\000A\0005\000\040\000F\000u\000n\000c\000t\000i\000o\000n\000s\000\040\000B\000e\000\040\000B\000r\000o\000k\000e\000n\000\040\000i\000n\000\040\000P\000r\000a\000c\000t\000i\000c\000e\000?}{section.7.6}% 246
\BOOKMARK [2][-]{subsection.7.6.6}{\376\377\000S\000e\000c\000u\000r\000i\000t\000y\000\040\000i\000n\000\040\000U\000M\000T\000S}{section.7.6}% 247
\BOOKMARK [2][-]{subsection.7.6.7}{\376\377\000F\000a\000l\000s\000e\000\040\000B\000T\000S\000s\000\040\000a\000n\000d\000\040\000S\000u\000r\000v\000e\000i\000l\000l\000a\000n\000c\000e}{section.7.6}% 248
\BOOKMARK [2][-]{subsection.7.6.8}{\376\377\000I\000s\000\040\000Y\000o\000u\000r\000\040\000M\000o\000b\000i\000l\000e\000\040\000D\000e\000v\000i\000c\000e\000\040\000S\000e\000c\000u\000r\000e\000?}{section.7.6}% 249
\BOOKMARK [2][-]{subsection.7.6.9}{\376\377\000D\000e\000n\000i\000a\000l\000\040\000o\000f\000\040\000S\000e\000r\000v\000i\000c\000e\000\040\000\050\000D\000o\000S\000\051\000\040\000A\000t\000t\000a\000c\000k\000s}{section.7.6}% 250
\BOOKMARK [2][-]{subsection.7.6.10}{\376\377\000D\000o\000S\000\040\000A\000t\000t\000a\000c\000k\000s\000\040\000i\000n\000\040\000t\000h\000e\000\040\000A\000p\000p\000l\000i\000c\000a\000t\000i\000o\000n\000\040\000L\000a\000y\000e\000r}{section.7.6}% 251
\BOOKMARK [2][-]{subsection.7.6.11}{\376\377\000D\000o\000S\000\040\000A\000t\000t\000a\000c\000k\000s\000\040\000i\000n\000\040\000t\000h\000e\000\040\000T\000r\000a\000n\000s\000p\000o\000r\000t\000\040\000L\000a\000y\000e\000r}{section.7.6}% 252
\BOOKMARK [2][-]{subsection.7.6.12}{\376\377\000D\000o\000S\000\040\000A\000t\000t\000a\000c\000k\000s\000\040\000i\000n\000\040\000t\000h\000e\000\040\000I\000n\000t\000e\000r\000n\000e\000t\000\040\000L\000a\000y\000e\000r}{section.7.6}% 253
\BOOKMARK [2][-]{subsection.7.6.13}{\376\377\000D\000o\000S\000\040\000A\000t\000t\000a\000c\000k\000s\000\040\000i\000n\000\040\000t\000h\000e\000\040\000L\000i\000n\000k\000\040\000a\000n\000d\000\040\000P\000h\000y\000s\000i\000c\000a\000l\000\040\000L\000a\000y\000e\000r\000s}{section.7.6}% 254
\BOOKMARK [2][-]{subsection.7.6.14}{\376\377\000D\000i\000s\000t\000r\000i\000b\000u\000t\000e\000d\000\040\000D\000o\000S\000\040\000A\000t\000t\000a\000c\000k\000s}{section.7.6}% 255
\BOOKMARK [2][-]{subsection.7.6.15}{\376\377\000P\000e\000r\000m\000a\000n\000e\000n\000t\000\040\000D\000o\000S\000\040\000A\000t\000t\000a\000c\000k\000s}{section.7.6}% 256
\BOOKMARK [2][-]{subsection.7.6.16}{\376\377\000R\000i\000s\000k\000s\000\040\000a\000n\000d\000\040\000C\000o\000u\000n\000t\000e\000r\000m\000e\000a\000s\000u\000r\000e\000s\000\040\000f\000o\000r\000\040\000D\000O\000S\000\040\000A\000t\000t\000a\000c\000k\000s}{section.7.6}% 257
\BOOKMARK [2][-]{subsection.7.6.17}{\376\377\000S\000e\000c\000u\000r\000i\000t\000y\000\040\000i\000n\000\040\000D\000N\000S}{section.7.6}% 258
\BOOKMARK [2][-]{subsection.7.6.18}{\376\377\000C\000o\000u\000n\000t\000e\000r\000m\000e\000a\000s\000u\000r\000e\000s\000\040\000f\000o\000r\000\040\000U\000s\000e\000\040\000i\000n\000\040\000D\000N\000S}{section.7.6}% 259
\BOOKMARK [2][-]{subsection.7.6.19}{\376\377\000S\000e\000c\000u\000r\000i\000t\000y\000\040\000i\000n\000\040\000S\000M\000T\000P}{section.7.6}% 260
\BOOKMARK [2][-]{subsection.7.6.20}{\376\377\000S\000P\000F}{section.7.6}% 261
\BOOKMARK [2][-]{subsection.7.6.21}{\376\377\000D\000K\000I\000M}{section.7.6}% 262
\BOOKMARK [2][-]{subsection.7.6.22}{\376\377\000S\000e\000c\000u\000r\000i\000t\000y\000\040\000i\000n\000\040\000S\000N\000M\000P}{section.7.6}% 263
\BOOKMARK [2][-]{subsection.7.6.23}{\376\377\000R\000i\000s\000k\000s\000\040\000a\000n\000d\000\040\000C\000o\000u\000n\000t\000e\000r\000m\000e\000a\000s\000u\000r\000e\000s\000\040\000i\000n\000\040\000U\000s\000i\000n\000g\000\040\000S\000N\000M\000P}{section.7.6}% 264
\BOOKMARK [2][-]{subsection.7.6.24}{\376\377\000C\000r\000i\000t\000i\000c\000a\000l\000\040\000I\000n\000f\000r\000a\000s\000t\000r\000u\000c\000t\000u\000r\000e\000\040\000P\000r\000o\000t\000e\000c\000t\000i\000o\000n}{section.7.6}% 265
\BOOKMARK [2][-]{subsection.7.6.25}{\376\377\000E\000v\000a\000l\000u\000a\000t\000i\000o\000n\000\040\000o\000f\000\040\000N\000e\000t\000w\000o\000r\000k\000\040\000S\000e\000c\000u\000r\000i\000t\000y}{section.7.6}% 266
\BOOKMARK [1][-]{section.7.7}{\376\377\000U\000s\000e\000f\000u\000l\000\040\000c\000o\000n\000c\000e\000p\000t\000s\000\040\000w\000h\000i\000c\000h\000\040\000y\000o\000u\000\040\000s\000h\000o\000u\000l\000d\000\040\000n\000o\000w\000\040\000k\000n\000o\000w\000\040\000a\000b\000o\000u\000t}{chapter.7}% 267
\BOOKMARK [1][-]{section.7.8}{\376\377\000F\000u\000r\000t\000h\000e\000r\000\040\000R\000e\000a\000d\000i\000n\000g}{chapter.7}% 268
\BOOKMARK [1][-]{section.7.9}{\376\377\000E\000x\000e\000r\000c\000i\000s\000e\000s}{chapter.7}% 269
\BOOKMARK [2][-]{subsection.7.9.1}{\376\377\000C\000y\000b\000e\000r\000s\000q\000u\000a\000t\000t\000i\000n\000g}{section.7.9}% 270
\BOOKMARK [2][-]{subsection.7.9.2}{\376\377\000M\000o\000n\000i\000t\000o\000r\000i\000n\000g\000\040\000w\000i\000r\000e\000l\000e\000s\000s\000\040\000p\000e\000r\000s\000o\000n\000a\000l\000\040\000n\000e\000t\000w\000o\000r\000k\000s}{section.7.9}% 271
\BOOKMARK [2][-]{subsection.7.9.3}{\376\377\000U\000s\000i\000n\000g\000\040\000u\000n\000e\000n\000c\000r\000y\000p\000t\000e\000d\000\040\000w\000i\000r\000e\000l\000e\000s\000s\000\040\000n\000e\000t\000w\000o\000r\000k\000s}{section.7.9}% 272
\BOOKMARK [2][-]{subsection.7.9.4}{\376\377\000T\000h\000e\000\040\000f\000a\000l\000s\000e\000\040\000A\000P}{section.7.9}% 273
\BOOKMARK [2][-]{subsection.7.9.5}{\376\377\000B\000l\000a\000c\000k\000l\000i\000s\000t\000i\000n\000g}{section.7.9}% 274
\BOOKMARK [2][-]{subsection.7.9.6}{\376\377\000D\000i\000s\000p\000o\000s\000a\000b\000l\000e\000\040\000a\000l\000i\000a\000s\000\040\000n\000a\000m\000e\000s}{section.7.9}% 275
\BOOKMARK [2][-]{subsection.7.9.7}{\376\377\000S\000e\000r\000v\000e\000r\000\040\000c\000e\000r\000t\000i\000f\000i\000c\000a\000t\000e\000s}{section.7.9}% 276
\BOOKMARK [2][-]{subsection.7.9.8}{\376\377\000S\000p\000a\000m\000\040\000a\000n\000d\000\040\000m\000a\000l\000w\000a\000r\000e\000\040\000f\000i\000l\000t\000e\000r\000i\000n\000g}{section.7.9}% 277
\BOOKMARK [2][-]{subsection.7.9.9}{\376\377\000D\000M\000Z\000\040\000n\000e\000t\000w\000o\000r\000k\000s}{section.7.9}% 278
\BOOKMARK [2][-]{subsection.7.9.10}{\376\377\000C\000y\000b\000e\000r\000s\000e\000c\000u\000r\000i\000t\000y\000\040\000i\000n\000\040\000m\000e\000d\000i\000c\000a\000l\000\040\000e\000q\000u\000i\000p\000m\000e\000n\000t}{section.7.9}% 279
\BOOKMARK [2][-]{subsection.7.9.11}{\376\377\000A\000\040\000c\000o\000m\000p\000a\000n\000y\000'\000s\000\040\000w\000e\000b\000\040\000s\000e\000r\000v\000e\000r\000s}{section.7.9}% 280
\BOOKMARK [0][-]{chapter.8}{\376\377\000S\000e\000c\000u\000r\000i\000t\000y\000\040\000i\000n\000\040\000O\000p\000e\000r\000a\000t\000i\000n\000g\000\040\000S\000y\000s\000t\000e\000m\000s}{}% 281
\BOOKMARK [1][-]{section.8.1}{\376\377\000U\000s\000e\000r\000\040\000A\000u\000t\000h\000e\000n\000t\000i\000c\000a\000t\000i\000o\000n}{chapter.8}% 282
\BOOKMARK [2][-]{subsection.8.1.1}{\376\377\000B\000i\000o\000m\000e\000t\000r\000i\000c\000\040\000A\000u\000t\000h\000e\000n\000t\000i\000c\000a\000t\000i\000o\000n}{section.8.1}% 283
\BOOKMARK [2][-]{subsection.8.1.2}{\376\377\000P\000a\000s\000s\000w\000o\000r\000d\000s}{section.8.1}% 284
\BOOKMARK [2][-]{subsection.8.1.3}{\376\377\000P\000a\000s\000s\000w\000o\000r\000d\000\040\000S\000t\000r\000e\000n\000g\000t\000h}{section.8.1}% 285
\BOOKMARK [2][-]{subsection.8.1.4}{\376\377\000P\000r\000o\000t\000e\000c\000t\000i\000o\000n\000\040\000o\000f\000\040\000P\000a\000s\000s\000w\000o\000r\000d\000s}{section.8.1}% 286
\BOOKMARK [2][-]{subsection.8.1.5}{\376\377\000C\000h\000o\000o\000s\000i\000n\000g\000\040\000P\000a\000s\000s\000w\000o\000r\000d\000s}{section.8.1}% 287
\BOOKMARK [2][-]{subsection.8.1.6}{\376\377\000O\000n\000e\000-\000t\000i\000m\000e\000\040\000P\000a\000s\000s\000w\000o\000r\000d\000s}{section.8.1}% 288
\BOOKMARK [2][-]{subsection.8.1.7}{\376\377\000P\000a\000t\000t\000e\000r\000n\000\040\000L\000o\000c\000k\000s}{section.8.1}% 289
\BOOKMARK [2][-]{subsection.8.1.8}{\376\377\000T\000r\000e\000n\000d\000s\000\040\000i\000n\000\040\000U\000s\000e\000r\000\040\000A\000u\000t\000h\000e\000n\000t\000i\000c\000a\000t\000i\000o\000n}{section.8.1}% 290
\BOOKMARK [2][-]{subsection.8.1.9}{\376\377\000A\000u\000t\000h\000e\000n\000t\000i\000c\000a\000t\000i\000o\000n\000\040\000T\000h\000r\000o\000u\000g\000h\000\040\000t\000h\000e\000\040\000N\000e\000t}{section.8.1}% 291
\BOOKMARK [2][-]{subsection.8.1.10}{\376\377\000A\000u\000t\000h\000o\000r\000i\000s\000a\000t\000i\000o\000n\000,\000\040\000P\000r\000o\000t\000e\000c\000t\000i\000o\000n\000\040\000\046\000\040\000R\000i\000g\000h\000t\000s}{section.8.1}% 292
\BOOKMARK [2][-]{subsection.8.1.11}{\376\377\000W\000h\000o\000\040\000D\000e\000c\000i\000d\000e\000s\000?}{section.8.1}% 293
\BOOKMARK [2][-]{subsection.8.1.12}{\376\377\000A\000c\000c\000e\000s\000s\000\040\000C\000o\000n\000t\000r\000o\000l\000\040\000M\000a\000t\000r\000i\000c\000e\000s}{section.8.1}% 294
\BOOKMARK [2][-]{subsection.8.1.13}{\376\377\000A\000c\000c\000e\000s\000s\000\040\000C\000o\000n\000t\000r\000o\000l\000\040\000L\000i\000s\000t\000s}{section.8.1}% 295
\BOOKMARK [2][-]{subsection.8.1.14}{\376\377\000D\000i\000r\000e\000c\000t\000o\000r\000i\000e\000s}{section.8.1}% 296
\BOOKMARK [2][-]{subsection.8.1.15}{\376\377\000C\000a\000p\000a\000b\000i\000l\000i\000t\000i\000e\000s}{section.8.1}% 297
\BOOKMARK [2][-]{subsection.8.1.16}{\376\377\000A\000c\000c\000e\000s\000s\000\040\000C\000o\000n\000t\000r\000o\000l\000\040\000i\000n\000\040\000F\000i\000l\000e\000\040\000S\000y\000s\000t\000e\000m\000s}{section.8.1}% 298
\BOOKMARK [2][-]{subsection.8.1.17}{\376\377\000U\000n\000i\000x\000-\000s\000t\000y\000l\000e\000\040\000F\000i\000l\000e\000\040\000P\000r\000o\000t\000e\000c\000t\000i\000o\000n}{section.8.1}% 299
\BOOKMARK [1][-]{section.8.2}{\376\377\000P\000r\000o\000b\000l\000e\000m\000s\000\040\000w\000i\000t\000h\000\040\000U\000n\000i\000x\000-\000s\000t\000y\000l\000e\000\040\000F\000i\000l\000e\000\040\000P\000r\000o\000t\000e\000c\000t\000i\000o\000n}{chapter.8}% 300
\BOOKMARK [2][-]{subsection.8.2.1}{\376\377\000s\000e\000t\000u\000i\000d\000\040\000a\000n\000d\000\040\000s\000e\000t\000g\000i\000d}{section.8.2}% 301
\BOOKMARK [2][-]{subsection.8.2.2}{\376\377\000W\000i\000n\000d\000o\000w\000s\000\040\000N\000T\000\040\000A\000C\000L\000s}{section.8.2}% 302
\BOOKMARK [2][-]{subsection.8.2.3}{\376\377\000A\000c\000c\000e\000s\000s\000\040\000C\000o\000n\000t\000r\000o\000l\000\040\000f\000o\000r\000\040\000O\000t\000h\000e\000r\000\040\000S\000y\000s\000t\000e\000m\000\040\000C\000o\000m\000p\000o\000n\000e\000n\000t\000s}{section.8.2}% 303
\BOOKMARK [2][-]{subsection.8.2.4}{\376\377\000A\000c\000c\000e\000s\000s\000\040\000C\000o\000n\000t\000r\000o\000l\000\040\000i\000n\000\040\000t\000h\000e\000\040\000M\000e\000m\000o\000r\000y}{section.8.2}% 304
\BOOKMARK [2][-]{subsection.8.2.5}{\376\377\000A\000c\000c\000e\000s\000s\000\040\000C\000o\000n\000t\000r\000o\000l\000\040\000f\000o\000r\000\040\000H\000a\000r\000d\000w\000a\000r\000e\000\040\000U\000n\000i\000t\000s}{section.8.2}% 305
\BOOKMARK [2][-]{subsection.8.2.6}{\376\377\000A\000c\000c\000e\000s\000s\000\040\000C\000o\000n\000t\000r\000o\000l\000\040\000f\000o\000r\000\040\000t\000h\000e\000\040\000C\000P\000U}{section.8.2}% 306
\BOOKMARK [2][-]{subsection.8.2.7}{\376\377\000A\000c\000c\000e\000s\000s\000\040\000C\000o\000n\000t\000r\000o\000l\000\040\000i\000n\000\040\000A\000n\000d\000r\000o\000i\000d}{section.8.2}% 307
\BOOKMARK [2][-]{subsection.8.2.8}{\376\377\000B\000y\000p\000a\000s\000s\000i\000n\000g\000\040\000A\000c\000c\000e\000s\000s\000\040\000C\000o\000n\000t\000r\000o\000l\000:\000\040\000R\000o\000o\000t\000k\000i\000t\000s}{section.8.2}% 308
\BOOKMARK [2][-]{subsection.8.2.9}{\376\377\000T\000h\000e\000\040\000R\000e\000f\000e\000r\000e\000n\000c\000e\000\040\000M\000o\000n\000i\000t\000o\000r\000\040\000r\000e\000v\000i\000s\000i\000t\000e\000d}{section.8.2}% 309
\BOOKMARK [2][-]{subsection.8.2.10}{\376\377\000E\000n\000c\000r\000y\000p\000t\000i\000o\000n\000\040\000i\000n\000\040\000t\000h\000e\000\040\000O\000p\000e\000r\000a\000t\000i\000n\000g\000\040\000S\000y\000s\000t\000e\000m}{section.8.2}% 310
\BOOKMARK [2][-]{subsection.8.2.11}{\376\377\000J\000o\000b\000\040\000S\000c\000h\000e\000d\000u\000l\000i\000n\000g}{section.8.2}% 311
\BOOKMARK [2][-]{subsection.8.2.12}{\376\377\000U\000p\000d\000a\000t\000i\000n\000g\000\040\000t\000h\000e\000\040\000O\000p\000e\000r\000a\000t\000i\000n\000g\000\040\000S\000y\000s\000t\000e\000m}{section.8.2}% 312
\BOOKMARK [2][-]{subsection.8.2.13}{\376\377\000I\000s\000\040\000Y\000o\000u\000r\000\040\000O\000S\000\040\000G\000e\000n\000u\000i\000n\000e\000?}{section.8.2}% 313
\BOOKMARK [2][-]{subsection.8.2.14}{\376\377\000W\000h\000a\000t\000\040\000t\000h\000e\000\040\000O\000S\000\040\000C\000a\000n\000n\000o\000t\000\040\000D\000o}{section.8.2}% 314
\BOOKMARK [1][-]{section.8.3}{\376\377\000U\000s\000e\000f\000u\000l\000\040\000c\000o\000n\000c\000e\000p\000t\000s\000\040\000w\000h\000i\000c\000h\000\040\000y\000o\000u\000\040\000s\000h\000o\000u\000l\000d\000\040\000n\000o\000w\000\040\000k\000n\000o\000w\000\040\000a\000b\000o\000u\000t}{chapter.8}% 315
\BOOKMARK [1][-]{section.8.4}{\376\377\000F\000u\000r\000t\000h\000e\000r\000\040\000R\000e\000a\000d\000i\000n\000g}{chapter.8}% 316
\BOOKMARK [1][-]{section.8.5}{\376\377\000E\000x\000e\000r\000c\000i\000s\000e\000s}{chapter.8}% 317
\BOOKMARK [2][-]{subsection.8.5.1}{\376\377\000A\000\040\000p\000o\000l\000i\000c\000y\000\040\000f\000o\000r\000\040\000c\000h\000o\000o\000s\000i\000n\000g\000\040\000p\000a\000s\000s\000w\000o\000r\000d\000s}{section.8.5}% 318
\BOOKMARK [2][-]{subsection.8.5.2}{\376\377\000M\000u\000l\000t\000i\000-\000f\000a\000c\000t\000o\000r\000\040\000a\000u\000t\000h\000e\000n\000t\000i\000c\000a\000t\000i\000o\000n}{section.8.5}% 319
\BOOKMARK [2][-]{subsection.8.5.3}{\376\377\000W\000i\000n\000d\000o\000w\000s\000\040\000R\000e\000g\000i\000s\000t\000r\000y\000\040\000a\000n\000d\000\040\000U\000n\000i\000x\000\040\000/\000p\000r\000o\000c}{section.8.5}% 320
\BOOKMARK [2][-]{subsection.8.5.4}{\376\377\000D\000a\000t\000a\000\040\000e\000n\000c\000r\000y\000p\000t\000i\000o\000n\000\040\000i\000n\000\040\000t\000h\000e\000\040\000c\000l\000o\000u\000d}{section.8.5}% 321
\BOOKMARK [2][-]{subsection.8.5.5}{\376\377\000C\000a\000p\000a\000b\000i\000l\000i\000t\000i\000e\000s\000\040\000a\000n\000d\000\040\000p\000r\000o\000t\000e\000c\000t\000i\000o\000n\000\040\000r\000i\000n\000g\000s}{section.8.5}% 322
\BOOKMARK [2][-]{subsection.8.5.6}{\376\377\000T\000h\000r\000e\000a\000t\000s\000\040\000t\000o\000\040\000K\000e\000r\000b\000e\000r\000o\000s}{section.8.5}% 323
\BOOKMARK [2][-]{subsection.8.5.7}{\376\377\000T\000h\000e\000\040\000p\000r\000i\000n\000c\000i\000p\000l\000e\000\040\000o\000f\000\040\000l\000e\000a\000s\000t\000\040\000p\000r\000i\000v\000i\000l\000e\000g\000e}{section.8.5}% 324
\BOOKMARK [2][-]{subsection.8.5.8}{\376\377\000P\000a\000s\000s\000w\000o\000r\000d\000\040\000s\000e\000c\000r\000e\000c\000y}{section.8.5}% 325
\BOOKMARK [1][-]{section.8.6}{\376\377\000C\000h\000a\000p\000t\000e\000r\000\040\0001\0000}{chapter.8}% 326
\BOOKMARK [1][-]{section.8.7}{\376\377\000S\000o\000f\000t\000w\000a\000r\000e\000\040\000s\000e\000c\000u\000r\000i\000t\000y}{chapter.8}% 327
\BOOKMARK [2][-]{subsection.8.7.1}{\376\377\000C\000l\000a\000s\000s\000e\000s\000\040\000o\000f\000\040\000S\000e\000c\000u\000r\000i\000t\000y\000\040\000F\000a\000i\000l\000u\000r\000e\000\040\000i\000n\000\040\000S\000o\000f\000t\000w\000a\000r\000e}{section.8.7}% 328
\BOOKMARK [2][-]{subsection.8.7.2}{\376\377\000B\000u\000f\000f\000e\000r\000\040\000O\000v\000e\000r\000f\000l\000o\000w}{section.8.7}% 329
\BOOKMARK [2][-]{subsection.8.7.3}{\376\377\000B\000u\000f\000f\000e\000r\000\040\000O\000v\000e\000r\000f\000l\000o\000w\000\040\000V\000u\000l\000n\000e\000r\000a\000b\000i\000l\000i\000t\000i\000e\000s}{section.8.7}% 330
\BOOKMARK [2][-]{subsection.8.7.4}{\376\377\000B\000u\000f\000f\000e\000r\000\040\000O\000v\000e\000r\000r\000e\000a\000d}{section.8.7}% 331
\BOOKMARK [2][-]{subsection.8.7.5}{\376\377\000I\000n\000c\000o\000m\000p\000l\000e\000t\000e\000\040\000M\000e\000d\000i\000a\000t\000i\000o\000n}{section.8.7}% 332
\BOOKMARK [2][-]{subsection.8.7.6}{\376\377\000T\000i\000m\000e\000-\000o\000f\000-\000c\000h\000e\000c\000k\000\040\000t\000o\000\040\000T\000i\000m\000e\000-\000o\000f\000-\000u\000s\000e\000\040\000\050\000T\000O\000C\000T\000T\000O\000U\000\051}{section.8.7}% 333
\BOOKMARK [2][-]{subsection.8.7.7}{\376\377\000D\000e\000t\000e\000c\000t\000i\000o\000n\000\040\000o\000f\000\040\000P\000r\000o\000g\000r\000a\000m\000m\000i\000n\000g\000\040\000E\000r\000r\000o\000r\000s}{section.8.7}% 334
\BOOKMARK [2][-]{subsection.8.7.8}{\376\377\000M\000a\000l\000i\000c\000i\000o\000u\000s\000\040\000C\000o\000d\000e}{section.8.7}% 335
\BOOKMARK [2][-]{subsection.8.7.9}{\376\377\000V\000i\000r\000u\000s\000\040\000A\000t\000t\000a\000c\000k\000s}{section.8.7}% 336
\BOOKMARK [2][-]{subsection.8.7.10}{\376\377\000W\000o\000r\000m\000\040\000a\000t\000t\000a\000c\000k\000s}{section.8.7}% 337
\BOOKMARK [2][-]{subsection.8.7.11}{\376\377\000A\000n\000t\000i\000v\000i\000r\000u\000s\000\040\000S\000y\000s\000t\000e\000m\000s}{section.8.7}% 338
\BOOKMARK [2][-]{subsection.8.7.12}{\376\377\000E\000x\000p\000l\000o\000i\000t\000a\000t\000i\000o\000n\000\040\000o\000f\000\040\000U\000n\000p\000u\000b\000l\000i\000s\000h\000e\000d\000\040\000V\000u\000l\000n\000e\000r\000a\000b\000i\000l\000i\000t\000i\000e\000s}{section.8.7}% 339
\BOOKMARK [2][-]{subsection.8.7.13}{\376\377\000S\000Q\000L\000\040\000I\000n\000j\000e\000c\000t\000i\000o\000n}{section.8.7}% 340
\BOOKMARK [2][-]{subsection.8.7.14}{\376\377\000C\000o\000u\000n\000t\000e\000r\000m\000e\000a\000s\000u\000r\000e\000s}{section.8.7}% 341
\BOOKMARK [1][-]{section.8.8}{\376\377\000\045\000x\0004\0001\000\045\000x\0004\000c\000\045\000x\0004\0009\000\045\000x\0004\0003\000\045\000x\0004\0005}{chapter.8}% 342
\BOOKMARK [2][-]{subsection.8.8.1}{\376\377\000L\000D\000A\000P\000\040\000I\000n\000j\000e\000c\000t\000i\000o\000n}{section.8.8}% 343
\BOOKMARK [2][-]{subsection.8.8.2}{\376\377\000L\000D\000A\000P\000\040\000S\000e\000a\000r\000c\000h\000e\000s}{section.8.8}% 344
\BOOKMARK [2][-]{subsection.8.8.3}{\376\377\000H\000T\000T\000P\000-\000b\000a\000s\000e\000d\000\040\000A\000p\000p\000l\000i\000c\000a\000t\000i\000o\000n\000s}{section.8.8}% 345
\BOOKMARK [2][-]{subsection.8.8.4}{\376\377\000H\000T\000T\000P\000\040\000A\000u\000t\000h\000e\000n\000t\000i\000c\000a\000t\000i\000o\000n}{section.8.8}% 346
\BOOKMARK [2][-]{subsection.8.8.5}{\376\377\000H\000T\000T\000P\000\040\000B\000a\000s\000i\000c\000\040\000A\000u\000t\000h\000e\000n\000t\000i\000c\000a\000t\000i\000o\000n}{section.8.8}% 347
\BOOKMARK [1][-]{section.8.9}{\376\377\000A\000\040\000S\000h\000o\000r\000t\000\040\000I\000n\000t\000e\000r\000l\000u\000d\000e\000:\000\040\000B\000a\000s\000e\0006\0004\000\040\000E\000n\000c\000o\000d\000i\000n\000g}{chapter.8}% 348
\BOOKMARK [2][-]{subsection.8.9.1}{\376\377\000H\000T\000T\000P\000\040\000D\000i\000g\000e\000s\000t\000\040\000A\000u\000t\000h\000e\000n\000t\000i\000c\000a\000t\000i\000o\000n}{section.8.9}% 349
\BOOKMARK [2][-]{subsection.8.9.2}{\376\377\000V\000u\000l\000n\000e\000r\000a\000b\000i\000l\000i\000t\000i\000e\000s\000\040\000i\000n\000\040\000H\000T\000T\000P\000\040\000A\000u\000t\000h\000e\000n\000t\000i\000c\000a\000t\000i\000o\000n}{section.8.9}% 350
\BOOKMARK [2][-]{subsection.8.9.3}{\376\377\000H\000T\000T\000P\000\040\000C\000o\000o\000k\000i\000e\000s}{section.8.9}% 351
\BOOKMARK [2][-]{subsection.8.9.4}{\376\377\000S\000e\000s\000s\000i\000o\000n\000I\000D\000s}{section.8.9}% 352
\BOOKMARK [2][-]{subsection.8.9.5}{\376\377\000W\000e\000b\000f\000o\000r\000m\000s}{section.8.9}% 353
\BOOKMARK [2][-]{subsection.8.9.6}{\376\377\000M\000o\000b\000i\000l\000e\000\040\000c\000o\000d\000e}{section.8.9}% 354
\BOOKMARK [2][-]{subsection.8.9.7}{\376\377\000S\000e\000c\000u\000r\000i\000t\000y\000\040\000w\000i\000t\000h\000\040\000J\000a\000v\000a\000\040\000A\000p\000p\000l\000e\000t\000s}{section.8.9}% 355
\BOOKMARK [2][-]{subsection.8.9.8}{\376\377\000S\000e\000c\000u\000r\000i\000t\000y\000\040\000w\000i\000t\000h\000\040\000A\000c\000t\000i\000v\000e\000X}{section.8.9}% 356
\BOOKMARK [2][-]{subsection.8.9.9}{\376\377\000S\000e\000c\000u\000r\000i\000t\000y\000\040\000Z\000o\000n\000e\000s}{section.8.9}% 357
\BOOKMARK [2][-]{subsection.8.9.10}{\376\377\000W\000e\000b\000\040\000S\000e\000r\000v\000e\000r\000\040\000V\000u\000l\000n\000e\000r\000a\000b\000i\000l\000i\000t\000i\000e\000s}{section.8.9}% 358
\BOOKMARK [2][-]{subsection.8.9.11}{\376\377\000X\000S\000S\000:\000\040\000C\000r\000o\000s\000s\000-\000s\000i\000t\000e\000\040\000S\000c\000r\000i\000p\000t\000i\000n\000g}{section.8.9}% 359
\BOOKMARK [2][-]{subsection.8.9.12}{\376\377\000D\000y\000n\000a\000m\000i\000c\000\040\000G\000e\000n\000e\000r\000a\000t\000i\000o\000n\000\040\000o\000f\000\040\000C\000o\000n\000t\000e\000n\000t}{section.8.9}% 360
\BOOKMARK [2][-]{subsection.8.9.13}{\376\377\000T\000a\000r\000g\000e\000t\000s\000\040\000f\000o\000r\000\040\000S\000o\000f\000t\000w\000a\000r\000e\000\040\000S\000e\000c\000u\000r\000i\000t\000y}{section.8.9}% 361
\BOOKMARK [1][-]{section.8.10}{\376\377\000U\000s\000e\000f\000u\000l\000\040\000c\000o\000n\000c\000e\000p\000t\000s\000\040\000w\000h\000i\000c\000h\000\040\000y\000o\000u\000\040\000s\000h\000o\000u\000l\000d\000\040\000n\000o\000w\000\040\000k\000n\000o\000w\000\040\000a\000b\000o\000u\000t}{chapter.8}% 362
\BOOKMARK [2][-]{subsection.8.10.1}{\376\377\000B\000a\000s\000i\000c\000\040\000a\000u\000t\000h\000e\000n\000t\000i\000c\000a\000t\000i\000o\000n\000\040\000i\000\040\000H\000T\000T\000P}{section.8.10}% 363
\BOOKMARK [2][-]{subsection.8.10.2}{\376\377\000A\000\040\000m\000y\000t\000h\000\040\000a\000b\000o\000u\000t\000\040\000t\000h\000e\000\040\000I\000n\000t\000e\000r\000n\000e\000t\000?\000\040\000\050\0001\000\051}{section.8.10}% 364
\BOOKMARK [2][-]{subsection.8.10.3}{\376\377\000A\000\040\000m\000y\000t\000h\000\040\000a\000b\000o\000u\000t\000\040\000t\000h\000e\000\040\000I\000n\000t\000e\000r\000n\000e\000t\000?\000\040\000\050\0002\000\051}{section.8.10}% 365
\BOOKMARK [2][-]{subsection.8.10.4}{\376\377\000D\000e\000t\000e\000c\000t\000i\000o\000n\000\040\000o\000f\000\040\000r\000o\000o\000t\000k\000i\000t\000s}{section.8.10}% 366
\BOOKMARK [2][-]{subsection.8.10.5}{\376\377\0000\000-\000d\000a\000y\000\040\000a\000t\000t\000a\000c\000k\000s}{section.8.10}% 367
\BOOKMARK [2][-]{subsection.8.10.6}{\376\377\000T\000h\000e\000\040\000B\000l\000o\000t\000t\000o\000X\000\040\000w\000o\000r\000m}{section.8.10}% 368
\BOOKMARK [2][-]{subsection.8.10.7}{\376\377\000T\000O\000C\000T\000T\000O\000U\000\040\000f\000l\000a\000w\000s}{section.8.10}% 369
\BOOKMARK [0][-]{chapter.9}{\376\377\000I\000n\000c\000i\000d\000e\000n\000t\000\040\000H\000a\000n\000d\000l\000i\000n\000g\000\040\000a\000n\000d\000\040\000S\000y\000s\000t\000e\000m\000\040\000A\000v\000a\000i\000l\000a\000b\000i\000l\000i\000t\000y}{}% 370
\BOOKMARK [1][-]{section.9.1}{\376\377\000R\000e\000a\000c\000t\000i\000n\000g\000\040\000t\000o\000\040\000S\000e\000c\000u\000r\000i\000t\000y\000\040\000I\000n\000c\000i\000d\000e\000n\000t\000s}{chapter.9}% 371
\BOOKMARK [2][-]{subsection.9.1.1}{\376\377\000I\000n\000c\000i\000d\000e\000n\000t\000\040\000R\000e\000p\000o\000r\000t\000i\000n\000g}{section.9.1}% 372
\BOOKMARK [1][-]{section.9.2}{\376\377\000D\000u\000t\000y\000\040\000t\000o\000\040\000r\000e\000p\000o\000r\000t\000\040\000s\000u\000s\000p\000i\000c\000i\000o\000u\000s\000\040\000e\000v\000e\000n\000t\000s}{chapter.9}% 373
\BOOKMARK [2][-]{subsection.9.2.1}{\376\377\000I\000n\000v\000e\000s\000t\000i\000g\000a\000t\000i\000o\000n\000\040\000o\000f\000\040\000S\000e\000c\000u\000r\000i\000t\000y\000\040\000I\000n\000c\000i\000d\000e\000n\000t\000s}{section.9.2}% 374
\BOOKMARK [2][-]{subsection.9.2.2}{\376\377\000I\000n\000v\000e\000s\000t\000i\000g\000a\000t\000i\000o\000n\000\040\000o\000f\000\040\000S\000m\000a\000r\000t\000p\000h\000o\000n\000e\000s}{section.9.2}% 375
\BOOKMARK [2][-]{subsection.9.2.3}{\376\377\000I\000n\000v\000e\000s\000t\000i\000g\000a\000t\000i\000o\000n\000\040\000o\000f\000\040\000E\000n\000c\000r\000y\000p\000t\000e\000d\000\040\000D\000a\000t\000a}{section.9.2}% 376
\BOOKMARK [2][-]{subsection.9.2.4}{\376\377\000B\000u\000s\000i\000n\000e\000s\000s\000\040\000C\000o\000n\000t\000i\000n\000u\000i\000t\000y\000\040\000P\000l\000a\000n\000n\000i\000n\000g}{section.9.2}% 377
\BOOKMARK [1][-]{section.9.3}{\376\377\000R\000e\000q\000u\000i\000r\000e\000m\000e\000n\000t\000s\000\040\000\050\000B\000C\000P\000\040\000t\000a\000r\000g\000e\000t\000\051}{chapter.9}% 378
\BOOKMARK [2][-]{subsection.9.3.1}{\376\377\000T\000h\000e\000\040\000B\000C\000P\000\040\000P\000r\000o\000c\000e\000s\000s}{section.9.3}% 379
\BOOKMARK [2][-]{subsection.9.3.2}{\376\377\000B\000C\000P\000\040\000A\000n\000a\000l\000y\000s\000i\000s}{section.9.3}% 380
\BOOKMARK [2][-]{subsection.9.3.3}{\376\377\000B\000C\000P\000\040\000R\000e\000s\000o\000u\000r\000c\000e\000\040\000R\000e\000q\000u\000i\000r\000e\000m\000e\000n\000t\000s}{section.9.3}% 381
\BOOKMARK [2][-]{subsection.9.3.4}{\376\377\000D\000i\000s\000a\000s\000t\000e\000r\000\040\000R\000e\000c\000o\000v\000e\000r\000y\000\040\000P\000l\000a\000n\000n\000i\000n\000g}{section.9.3}% 382
\BOOKMARK [2][-]{subsection.9.3.5}{\376\377\000P\000h\000a\000s\000e\000s\000\040\000o\000f\000\040\000R\000e\000c\000o\000v\000e\000r\000y}{section.9.3}% 383
\BOOKMARK [2][-]{subsection.9.3.6}{\376\377\000D\000R\000P\000\040\000S\000t\000r\000a\000t\000e\000g\000i\000e\000s}{section.9.3}% 384
\BOOKMARK [2][-]{subsection.9.3.7}{\376\377\000D\000R\000P\000\040\000T\000e\000s\000t\000i\000n\000g}{section.9.3}% 385
\BOOKMARK [2][-]{subsection.9.3.8}{\376\377\000S\000e\000c\000u\000r\000i\000t\000y\000\040\000A\000w\000a\000r\000e\000n\000e\000s\000s}{section.9.3}% 386
\BOOKMARK [1][-]{section.9.4}{\376\377\000L\000o\000o\000k\000\040\000a\000f\000t\000e\000r\000\040\000y\000o\000u\000r\000\040\000p\000r\000i\000v\000a\000t\000e\000\040\000d\000a\000t\000a\000!\000\040\000D\000a\000t\000a\000\040\000t\000h\000i\000e\000v\000e\000s\000\040\000a\000r\000e\000\040\000a\000f\000t\000e\000r\000\040\000t\000h\000e\000m\000.}{chapter.9}% 387
\BOOKMARK [1][-]{section.9.5}{\376\377\000U\000s\000e\000f\000u\000l\000\040\000c\000o\000n\000c\000e\000p\000t\000s\000\040\000w\000h\000i\000c\000h\000\040\000y\000o\000u\000\040\000s\000h\000o\000u\000l\000d\000\040\000n\000o\000w\000\040\000k\000n\000o\000w\000\040\000a\000b\000o\000u\000t}{chapter.9}% 388
\BOOKMARK [1][-]{section.9.6}{\376\377\000F\000u\000r\000t\000h\000e\000r\000\040\000r\000e\000a\000d\000i\000n\000g}{chapter.9}% 389
\BOOKMARK [1][-]{section.9.7}{\376\377\000E\000x\000e\000r\000c\000i\000s\000e\000s}{chapter.9}% 390
\BOOKMARK [2][-]{subsection.9.7.1}{\376\377\000T\000h\000e\000\040\000r\000e\000c\000o\000v\000e\000r\000y\000\040\000p\000l\000a\000n}{section.9.7}% 391
\BOOKMARK [2][-]{subsection.9.7.2}{\376\377\000T\000e\000s\000t\000i\000n\000g\000\040\000t\000h\000e\000\040\000r\000e\000c\000o\000v\000e\000r\000y\000\040\000p\000l\000a\000n}{section.9.7}% 392
\BOOKMARK [2][-]{subsection.9.7.3}{\376\377\000B\000a\000c\000k\000u\000p\000\040\000i\000n\000\040\000t\000h\000e\000\040\000c\000l\000o\000u\000d}{section.9.7}% 393
\BOOKMARK [2][-]{subsection.9.7.4}{\376\377\000I\000n\000c\000i\000d\000e\000n\000t\000s\000\040\000a\000n\000d\000\040\000d\000i\000s\000a\000s\000t\000e\000r\000s}{section.9.7}% 394
\BOOKMARK [2][-]{subsection.9.7.5}{\376\377\000M\000e\000m\000o\000r\000y\000\040\000a\000n\000a\000l\000y\000s\000i\000s}{section.9.7}% 395
\BOOKMARK [2][-]{subsection.9.7.6}{\376\377\000T\000h\000e\000\040\000a\000w\000a\000r\000e\000n\000e\000s\000s\000\040\000c\000a\000m\000p\000a\000i\000g\000n}{section.9.7}% 396
\BOOKMARK [2][-]{subsection.9.7.7}{\376\377\000I\000m\000p\000a\000c\000t\000\040\000a\000n\000a\000l\000y\000s\000i\000s}{section.9.7}% 397
\BOOKMARK [1][-]{section.9.8}{\376\377\000C\000h\000a\000p\000t\000e\000r\000\040\0001\0002}{chapter.9}% 398
\BOOKMARK [1][-]{section.9.9}{\376\377\000L\000a\000w\000\040\000a\000n\000d\000\040\000E\000t\000h\000i\000c\000s}{chapter.9}% 399
\BOOKMARK [2][-]{subsection.9.9.1}{\376\377\000C\000o\000m\000p\000u\000t\000e\000r\000\040\000C\000r\000i\000m\000e}{section.9.9}% 400
\BOOKMARK [2][-]{subsection.9.9.2}{\376\377\000W\000h\000i\000c\000h\000\040\000A\000c\000t\000s\000\040\000M\000u\000s\000t\000\040\000B\000e\000\040\000C\000o\000n\000s\000i\000d\000e\000r\000e\000d\000\040\000I\000l\000l\000e\000g\000a\000l\000?}{section.9.9}% 401
\BOOKMARK [2][-]{subsection.9.9.3}{\376\377\000W\000h\000i\000c\000h\000\040\000P\000o\000w\000e\000r\000s\000\040\000M\000u\000s\000t\000\040\000B\000e\000\040\000A\000v\000a\000i\000l\000a\000b\000l\000e\000?}{section.9.9}% 402
\BOOKMARK [2][-]{subsection.9.9.4}{\376\377\000J\000u\000r\000i\000s\000d\000i\000c\000t\000i\000o\000n}{section.9.9}% 403
\BOOKMARK [2][-]{subsection.9.9.5}{\376\377\000I\000n\000t\000e\000r\000n\000a\000t\000i\000o\000n\000a\000l\000\040\000R\000u\000l\000e\000s\000\040\000i\000n\000\040\000t\000h\000e\000\040\000C\000o\000n\000v\000e\000n\000t\000i\000o\000n}{section.9.9}% 404
\BOOKMARK [2][-]{subsection.9.9.6}{\376\377\000A\000n\000t\000i\000-\000t\000e\000r\000r\000o\000r\000\040\000L\000a\000w\000s}{section.9.9}% 405
\BOOKMARK [2][-]{subsection.9.9.7}{\376\377\000P\000r\000o\000t\000e\000c\000t\000i\000o\000n\000\040\000o\000f\000\040\000P\000e\000r\000s\000o\000n\000a\000l\000\040\000D\000a\000t\000a}{section.9.9}% 406
\BOOKMARK [1][-]{section.9.10}{\376\377\000D\000e\000f\000i\000n\000i\000t\000i\000o\000n\000\040\000\050\000G\000D\000P\000R\000\040\000t\000e\000r\000m\000s\000\040\000\050\000S\000o\000u\000r\000c\000e\000:\000\040\000[\0003\0002\000]\000\051\000\051}{chapter.9}% 407
\BOOKMARK [2][-]{subsection.9.10.1}{\376\377\000I\000m\000p\000o\000r\000t\000a\000n\000t\000\040\000C\000o\000n\000c\000e\000p\000t\000s}{section.9.10}% 408
\BOOKMARK [2][-]{subsection.9.10.2}{\376\377\000G\000e\000n\000e\000r\000a\000l\000\040\000R\000u\000l\000e\000s}{section.9.10}% 409
\BOOKMARK [2][-]{subsection.9.10.3}{\376\377\000C\000l\000a\000s\000s\000e\000s\000\040\000o\000f\000\040\000P\000e\000r\000s\000o\000n\000a\000l\000\040\000D\000a\000t\000a}{section.9.10}% 410
\BOOKMARK [1][-]{section.9.11}{\376\377\000D\000e\000f\000i\000n\000i\000t\000i\000o\000n\000\040\000\050\000S\000e\000n\000s\000i\000t\000i\000v\000e\000\040\000p\000e\000r\000s\000o\000n\000a\000l\000\040\000d\000a\000t\000a\000\040\000\050\000S\000o\000u\000r\000c\000e\000:\000\040\000[\0003\0002\000]\000\051\000\051}{chapter.9}% 411
\BOOKMARK [2][-]{subsection.9.11.1}{\376\377\000T\000r\000a\000n\000s\000f\000e\000r\000\040\000o\000f\000\040\000P\000e\000r\000s\000o\000n\000a\000l\000\040\000D\000a\000t\000a\000\040\000t\000o\000\040\000T\000h\000i\000r\000d\000\040\000C\000o\000u\000n\000t\000r\000i\000e\000s}{section.9.11}% 412
\BOOKMARK [2][-]{subsection.9.11.2}{\376\377\000T\000h\000e\000\040\000D\000a\000t\000a\000\040\000S\000u\000b\000j\000e\000c\000t\000'\000s\000\040\000R\000i\000g\000h\000t\000s}{section.9.11}% 413
\BOOKMARK [2][-]{subsection.9.11.3}{\376\377\000S\000e\000c\000u\000r\000i\000t\000y\000\040\000o\000f\000\040\000P\000r\000o\000c\000e\000s\000s\000i\000n\000g}{section.9.11}% 414
\BOOKMARK [2][-]{subsection.9.11.4}{\376\377\000L\000e\000a\000k\000a\000g\000e\000s}{section.9.11}% 415
\BOOKMARK [2][-]{subsection.9.11.5}{\376\377\000A\000u\000t\000h\000o\000r\000i\000t\000i\000e\000s}{section.9.11}% 416
\BOOKMARK [2][-]{subsection.9.11.6}{\376\377\000C\000o\000d\000e\000s\000\040\000o\000f\000\040\000C\000o\000n\000d\000u\000c\000t\000\040\000a\000n\000d\000\040\000C\000e\000r\000t\000i\000f\000i\000c\000a\000t\000i\000o\000n}{section.9.11}% 417
\BOOKMARK [2][-]{subsection.9.11.7}{\376\377\000L\000e\000g\000a\000l\000\040\000R\000e\000s\000p\000o\000n\000s\000i\000b\000i\000l\000i\000t\000y\000\040\000a\000n\000d\000\040\000P\000e\000n\000a\000l\000t\000i\000e\000s}{section.9.11}% 418
\BOOKMARK [2][-]{subsection.9.11.8}{\376\377\000P\000r\000o\000t\000e\000c\000t\000i\000o\000n\000\040\000o\000f\000\040\000H\000e\000a\000l\000t\000h\000c\000a\000r\000e\000\040\000D\000a\000t\000a}{section.9.11}% 419
\BOOKMARK [2][-]{subsection.9.11.9}{\376\377\000W\000h\000o\000\040\000H\000a\000s\000\040\000A\000c\000c\000e\000s\000s\000\040\000t\000o\000\040\000H\000e\000a\000l\000t\000h\000\040\000D\000a\000t\000a\000?}{section.9.11}% 420
\BOOKMARK [2][-]{subsection.9.11.10}{\376\377\000E\000t\000h\000i\000c\000s}{section.9.11}% 421
\BOOKMARK [2][-]{subsection.9.11.11}{\376\377\000D\000a\000t\000a\000m\000i\000n\000i\000n\000g}{section.9.11}% 422
\BOOKMARK [2][-]{subsection.9.11.12}{\376\377\000T\000r\000a\000c\000k\000i\000n\000g}{section.9.11}% 423
\BOOKMARK [2][-]{subsection.9.11.13}{\376\377\000P\000r\000o\000t\000e\000c\000t\000i\000o\000n\000\040\000A\000g\000a\000i\000n\000s\000t\000\040\000B\000r\000e\000a\000c\000h\000e\000s\000\040\000o\000f\000\040\000P\000r\000i\000v\000a\000c\000y}{section.9.11}% 424
\BOOKMARK [2][-]{subsection.9.11.14}{\376\377\000P\000u\000b\000l\000i\000c\000a\000t\000i\000o\000n\000\040\000o\000f\000\040\000p\000i\000c\000t\000u\000r\000e\000s}{section.9.11}% 425
\BOOKMARK [2][-]{subsection.9.11.15}{\376\377\000P\000u\000b\000l\000i\000c\000a\000t\000i\000o\000n\000\040\000o\000f\000\040\000p\000e\000r\000s\000o\000n\000a\000l\000\040\000i\000d\000e\000n\000t\000i\000t\000y\000\040\000n\000u\000m\000b\000e\000r\000s}{section.9.11}% 426
\BOOKMARK [2][-]{subsection.9.11.16}{\376\377\000P\000u\000b\000l\000i\000c\000\040\000w\000e\000b\000\040\000p\000a\000g\000e\000s\000\040\000f\000o\000r\000\040\000a\000\040\000h\000o\000s\000p\000i\000t\000a\000l}{section.9.11}% 427
\BOOKMARK [2][-]{subsection.9.11.17}{\376\377\000A\000\040\000h\000o\000s\000p\000i\000t\000a\000l\000\040\000d\000a\000t\000a\000b\000a\000s\000e\000\040\000s\000y\000s\000t\000e\000m}{section.9.11}% 428
\BOOKMARK [2][-]{subsection.9.11.18}{\376\377\000C\000h\000e\000c\000k\000i\000n\000g\000\040\000a\000\040\000h\000o\000s\000p\000i\000t\000a\000l\000'\000s\000\040\000f\000i\000l\000e\000s}{section.9.11}% 429
\BOOKMARK [2][-]{subsection.9.11.19}{\376\377\000A\000c\000c\000e\000s\000s\000\040\000t\000o\000\040\000t\000h\000e\000\040\000E\000P\000R\000\040\000s\000y\000s\000t\000e\000m}{section.9.11}% 430
\BOOKMARK [2][-]{subsection.9.11.20}{\376\377\000P\000a\000t\000i\000e\000n\000t\000\040\000d\000a\000t\000a\000\040\000i\000n\000\040\000a\000n\000\040\000E\000P\000R}{section.9.11}% 431
\BOOKMARK [2][-]{subsection.9.11.21}{\376\377\000T\000h\000e\000\040\000E\000r\000e\000w\000h\000o\000n\000\040\000G\000o\000s\000p\000e\000l\000\040\000C\000h\000o\000i\000r\000\040\000\050\0001\000\051}{section.9.11}% 432
\BOOKMARK [2][-]{subsection.9.11.22}{\376\377\000T\000h\000e\000\040\000E\000r\000e\000w\000h\000o\000n\000\040\000G\000o\000s\000p\000e\000l\000\040\000C\000h\000o\000i\000r\000\040\000\050\0002\000\051}{section.9.11}% 433
\BOOKMARK [2][-]{subsection.9.11.23}{\376\377\000C\000o\000l\000l\000e\000c\000t\000i\000o\000n\000\040\000o\000f\000\040\000c\000o\000n\000t\000e\000n\000t\000\040\000d\000a\000t\000a\000\040\000f\000r\000o\000m\000\040\000c\000o\000m\000m\000u\000n\000i\000c\000a\000t\000i\000o\000n}{section.9.11}% 434
\BOOKMARK [2][-]{subsection.9.11.24}{\376\377\000F\000a\000l\000s\000e\000\040\000F\000a\000c\000e\000b\000o\000o\000k\000\040\000p\000r\000o\000f\000i\000l\000e\000s}{section.9.11}% 435
\BOOKMARK [2][-]{subsection.9.11.25}{\376\377\000S\000e\000c\000u\000r\000i\000t\000y\000\040\000t\000a\000r\000g\000e\000t\000s\000\040\000f\000o\000r\000\040\000p\000e\000r\000s\000o\000n\000a\000l\000\040\000i\000n\000f\000o\000r\000m\000a\000t\000i\000o\000n}{section.9.11}% 436
\BOOKMARK [1][-]{section.9.12}{\376\377\000E\000p\000i\000l\000o\000g\000u\000e}{chapter.9}% 437
\BOOKMARK [1][-]{section.9.13}{\376\377\000W\000h\000a\000t\000'\000s\000\040\000i\000n\000\040\000t\000h\000e\000\040\000B\000o\000x\000?}{chapter.9}% 438
\BOOKMARK [1][-]{section.9.14}{\376\377\000H\000a\000r\000d\000w\000a\000r\000e}{chapter.9}% 439
\BOOKMARK [1][-]{section.9.15}{\376\377\000D\000i\000s\000k\000s}{chapter.9}% 440
\BOOKMARK [1][-]{section.9.16}{\376\377\000I\000n\000p\000u\000t\000\040\000a\000n\000d\000\040\000O\000u\000t\000p\000u\000t\000\040\000\050\000I\000/\000O\000\051\000\040\000U\000n\000i\000t\000s}{chapter.9}% 441
\BOOKMARK [1][-]{section.9.17}{\376\377\000A\000t\000t\000a\000c\000h\000m\000e\000n\000t\000\040\000o\000f\000\040\000I\000/\000O\000\040\000U\000n\000i\000t\000s}{chapter.9}% 442
\BOOKMARK [1][-]{section.9.18}{\376\377\000C\000o\000m\000m\000u\000n\000i\000c\000a\000t\000i\000o\000n\000\040\000U\000n\000i\000t\000s}{chapter.9}% 443
\BOOKMARK [1][-]{section.9.19}{\376\377\000P\000o\000w\000e\000r\000\040\000S\000u\000p\000p\000l\000i\000e\000s}{chapter.9}% 444
\BOOKMARK [1][-]{section.9.20}{\376\377\000S\000o\000f\000t\000w\000a\000r\000e}{chapter.9}% 445
\BOOKMARK [1][-]{section.9.21}{\376\377\000T\000h\000e\000\040\000O\000p\000e\000r\000a\000t\000i\000n\000g\000\040\000S\000y\000s\000t\000e\000m}{chapter.9}% 446
\BOOKMARK [1][-]{section.9.22}{\376\377\000F\000i\000r\000m\000w\000a\000r\000e}{chapter.9}% 447
\BOOKMARK [1][-]{section.9.23}{\376\377\000U\000t\000i\000l\000i\000t\000y\000\040\000P\000r\000o\000g\000r\000a\000m\000s}{chapter.9}% 448
\BOOKMARK [1][-]{section.9.24}{\376\377\000A\000p\000p\000l\000i\000c\000a\000t\000i\000o\000n\000\040\000P\000r\000o\000g\000r\000a\000m\000s}{chapter.9}% 449
\BOOKMARK [1][-]{section.9.25}{\376\377\000W\000h\000a\000t\000\040\000i\000s\000\040\000i\000n\000\040\000y\000o\000u\000r\000\040\000b\000o\000x\000?}{chapter.9}% 450
\BOOKMARK [1][-]{section.9.26}{\376\377\000M\000a\000t\000h\000e\000m\000a\000t\000i\000c\000s}{chapter.9}% 451
\BOOKMARK [1][-]{section.9.27}{\376\377\000B\000a\000s\000i\000c\000\040\000C\000o\000n\000c\000e\000p\000t\000s}{chapter.9}% 452
\BOOKMARK [1][-]{section.9.28}{\376\377\000F\000e\000r\000m\000a\000t\000'\000s\000\040\000F\000a\000c\000t\000o\000r\000i\000s\000a\000t\000i\000o\000n\000\040\000A\000l\000g\000o\000r\000i\000t\000h\000m}{chapter.9}% 453
\BOOKMARK [1][-]{section.9.29}{\376\377\000E\000u\000c\000l\000i\000d\000'\000s\000\040\000A\000l\000g\000o\000r\000i\000t\000h\000m}{chapter.9}% 454
\BOOKMARK [1][-]{section.9.30}{\376\377\000A\000l\000g\000o\000r\000i\000t\000h\000m\000\040\000\050\000E\000u\000c\000l\000i\000d\000'\000s\000\040\000A\000l\000g\000o\000r\000i\000t\000h\000m\000\051}{chapter.9}% 455
\BOOKMARK [1][-]{section.9.31}{\376\377\000E\000u\000c\000l\000i\000d\000'\000s\000\040\000E\000x\000t\000e\000n\000d\000e\000d\000\040\000A\000l\000g\000o\000r\000i\000t\000h\000m}{chapter.9}% 456
\BOOKMARK [1][-]{section.9.32}{\376\377\000A\000l\000g\000o\000r\000i\000t\000h\000m\000\040\000\050\000E\000u\000c\000l\000i\000d\000'\000s\000\040\000E\000x\000t\000e\000n\000d\000e\000d\000\040\000A\000l\000g\000o\000r\000i\000t\000h\000m\000\051}{chapter.9}% 457
\BOOKMARK [1][-]{section.9.33}{\376\377\000C\000a\000l\000c\000u\000l\000a\000t\000i\000o\000n\000\040\000o\000f\000\040\000a\000n\000\040\000I\000n\000v\000e\000r\000s\000e\000\040\000m\000o\000d\000u\000l\000o\000\040\000n}{chapter.9}% 458
\BOOKMARK [1][-]{section.9.34}{\376\377\000T\000h\000e\000\040\000C\000h\000i\000n\000e\000s\000e\000\040\000R\000e\000m\000a\000i\000n\000d\000e\000r\000\040\000T\000h\000e\000o\000r\000e\000m}{chapter.9}% 459
\BOOKMARK [1][-]{section.9.35}{\376\377\000T\000h\000e\000o\000r\000e\000m\000\040\000\050\000C\000h\000i\000n\000e\000s\000e\000\040\000R\000e\000m\000a\000i\000n\000d\000e\000r\000\040\000T\000h\000e\000o\000r\000e\000m\000\051}{chapter.9}% 460
\BOOKMARK [1][-]{section.9.36}{\376\377\000W\000h\000y\000\040\000D\000o\000e\000s\000\040\000R\000S\000A\000\040\000W\000o\000r\000k\000?}{chapter.9}% 461
\BOOKMARK [1][-]{section.9.37}{\376\377\000A\000\040\000C\000o\000m\000m\000o\000n\000-\000m\000o\000d\000u\000l\000u\000s\000\040\000A\000t\000t\000a\000c\000k\000\040\000o\000n\000\040\000R\000S\000A}{chapter.9}% 462
\BOOKMARK [1][-]{section.9.38}{\376\377\000T\000h\000e\000\040\000B\000i\000r\000t\000h\000d\000a\000y\000\040\000P\000a\000r\000a\000d\000o\000x}{chapter.9}% 463
\BOOKMARK [1][-]{section.9.39}{\376\377\000A\000p\000p\000e\000n\000d\000i\000x\000\040\000C\000\040\000A\000c\000r\000o\000n\000y\000m\000s}{chapter.9}% 464
\BOOKMARK [1][-]{section.9.40}{\376\377\000R\000e\000f\000e\000r\000e\000n\000c\000e\000s}{chapter.9}% 465
\BOOKMARK [1][-]{section.9.41}{\376\377\000I\000n\000d\000e\000x}{chapter.9}% 466
\BOOKMARK [1][-]{section.9.42}{\376\377\000S\000y\000m\000b\000o\000l\000s}{chapter.9}% 467
\BOOKMARK [1][-]{section.9.43}{\376\377\000B}{chapter.9}% 468
\BOOKMARK [1][-]{section.9.44}{\376\377\000C}{chapter.9}% 469
\BOOKMARK [1][-]{section.9.45}{\376\377\000D}{chapter.9}% 470
\BOOKMARK [1][-]{section.9.46}{\376\377\000E}{chapter.9}% 471
\BOOKMARK [1][-]{section.9.47}{\376\377\000F}{chapter.9}% 472
\BOOKMARK [1][-]{section.9.48}{\376\377\000G}{chapter.9}% 473
\BOOKMARK [1][-]{section.9.49}{\376\377\000H}{chapter.9}% 474
\BOOKMARK [1][-]{section.9.50}{\376\377\000I}{chapter.9}% 475
\BOOKMARK [1][-]{section.9.51}{\376\377\000J}{chapter.9}% 476
\BOOKMARK [1][-]{section.9.52}{\376\377\000K}{chapter.9}% 477
\BOOKMARK [1][-]{section.9.53}{\376\377\000L}{chapter.9}% 478
\BOOKMARK [1][-]{section.9.54}{\376\377\000M}{chapter.9}% 479
\BOOKMARK [1][-]{section.9.55}{\376\377\000N}{chapter.9}% 480
\BOOKMARK [1][-]{section.9.56}{\376\377\0000}{chapter.9}% 481
\BOOKMARK [1][-]{section.9.57}{\376\377\000P}{chapter.9}% 482
\BOOKMARK [1][-]{section.9.58}{\376\377\000Q}{chapter.9}% 483
\BOOKMARK [1][-]{section.9.59}{\376\377\000R}{chapter.9}% 484
\BOOKMARK [1][-]{section.9.60}{\376\377\000S}{chapter.9}% 485
\BOOKMARK [1][-]{section.9.61}{\376\377\000T}{chapter.9}% 486
\BOOKMARK [1][-]{section.9.62}{\376\377\000U}{chapter.9}% 487
\BOOKMARK [1][-]{section.9.63}{\376\377\000V}{chapter.9}% 488
\BOOKMARK [1][-]{section.9.64}{\376\377\000W}{chapter.9}% 489
\BOOKMARK [1][-]{section.9.65}{\376\377\000X}{chapter.9}% 490
\BOOKMARK [1][-]{section.9.66}{\376\377\000Z}{chapter.9}% 491
