\BOOKMARK [1][-]{section.0.1}{\376\377\000D\000a\000t\000a\000\040\000S\000c\000i\000e\000n\000c\000e\000\040\000D\000e\000s\000i\000g\000n}{}% 1
\BOOKMARK [1][-]{section.0.2}{\376\377\000S\000t\000e\000v\000e\000n\000\040\000S\000.\000\040\000S\000l\000a\000i\000e\000n\000a}{}% 2
\BOOKMARK [1][-]{section.0.3}{\376\377\000T\000h\000e\000\040\000D\000a\000t\000a\000\040\000S\000c\000i\000e\000n\000c\000e\000\040\000D\000e\000s\000i\000g\000n\000\040\000M\000a\000n\000u\000a\000l}{}% 3
\BOOKMARK [1][-]{section.0.4}{\376\377\000P\000r\000e\000f\000a\000c\000e}{}% 4
\BOOKMARK [1][-]{section.0.5}{\376\377\000T\000o\000\040\000t\000h\000e\000\040\000R\000e\000a\000d\000e\000r}{}% 5
\BOOKMARK [1][-]{section.0.6}{\376\377\000T\000o\000\040\000t\000h\000e\000\040\000I\000n\000s\000t\000r\000u\000c\000t\000o\000r}{}% 6
\BOOKMARK [1][-]{section.0.7}{\376\377\000D\000e\000d\000i\000c\000a\000t\000i\000o\000n}{}% 7
\BOOKMARK [1][-]{section.0.8}{\376\377\000A\000c\000k\000n\000o\000w\000l\000e\000d\000g\000m\000e\000n\000t\000s}{}% 8
\BOOKMARK [1][-]{section.0.9}{\376\377\000C\000a\000v\000e\000a\000t}{}% 9
\BOOKMARK [1][-]{section.0.10}{\376\377\000C\000o\000n\000t\000e\000n\000t\000s}{}% 10
\BOOKMARK [1][-]{section.0.11}{\376\377\000W\000h\000a\000t\000\040\000i\000s\000\040\000D\000a\000t\000a\000\040\000S\000c\000i\000e\000n\000c\000e\000?}{}% 11
\BOOKMARK [2][-]{subsection.0.11.1}{\376\377\000C\000o\000m\000p\000u\000t\000e\000r\000\040\000S\000c\000i\000e\000n\000c\000e\000,\000\040\000D\000a\000t\000a\000\040\000S\000c\000i\000e\000n\000c\000e\000,\000\040\000a\000n\000d\000\040\000R\000e\000a\000l\000\040\000S\000c\000i\000e\000n\000c\000e}{section.0.11}% 12
\BOOKMARK [2][-]{subsection.0.11.2}{\376\377\000A\000s\000k\000i\000n\000g\000\040\000I\000n\000t\000e\000r\000e\000s\000t\000i\000n\000g\000\040\000Q\000u\000e\000s\000t\000i\000o\000n\000s\000\040\000f\000r\000o\000m\000\040\000D\000a\000t\000a}{section.0.11}% 13
\BOOKMARK [2][-]{subsection.0.11.3}{\376\377\000T\000h\000e\000\040\000B\000a\000s\000e\000b\000a\000l\000l\000\040\000E\000n\000c\000y\000c\000l\000o\000p\000e\000d\000i\000a}{section.0.11}% 14
\BOOKMARK [2][-]{subsection.0.11.4}{\376\377\000T\000h\000e\000\040\000I\000n\000t\000e\000r\000n\000e\000t\000\040\000M\000o\000v\000i\000e\000\040\000D\000a\000t\000a\000b\000a\000s\000e\000\040\000\050\000I\000M\000D\000b\000\051}{section.0.11}% 15
\BOOKMARK [2][-]{subsection.0.11.5}{\376\377\000G\000o\000o\000g\000l\000e\000\040\000N\000g\000r\000a\000m\000s}{section.0.11}% 16
\BOOKMARK [2][-]{subsection.0.11.6}{\376\377\000N\000e\000w\000\040\000Y\000o\000r\000k\000\040\000T\000a\000x\000i\000\040\000R\000e\000c\000o\000r\000d\000s}{section.0.11}% 17
\BOOKMARK [2][-]{subsection.0.11.7}{\376\377\000P\000r\000o\000p\000e\000r\000t\000i\000e\000s\000\040\000o\000f\000\040\000D\000a\000t\000a}{section.0.11}% 18
\BOOKMARK [2][-]{subsection.0.11.8}{\376\377\000S\000t\000r\000u\000c\000t\000u\000r\000e\000d\000\040\000v\000s\000.\000\040\000U\000n\000s\000t\000r\000u\000c\000t\000u\000r\000e\000d\000\040\000D\000a\000t\000a}{section.0.11}% 19
\BOOKMARK [2][-]{subsection.0.11.9}{\376\377\000Q\000u\000a\000n\000t\000i\000t\000a\000t\000i\000v\000e\000\040\000v\000s\000.\000\040\000C\000a\000t\000e\000g\000o\000r\000i\000c\000a\000l\000\040\000D\000a\000t\000a}{section.0.11}% 20
\BOOKMARK [2][-]{subsection.0.11.10}{\376\377\000B\000i\000g\000\040\000D\000a\000t\000a\000\040\000v\000s\000.\000\040\000L\000i\000t\000t\000l\000e\000\040\000D\000a\000t\000a}{section.0.11}% 21
\BOOKMARK [2][-]{subsection.0.11.11}{\376\377\000C\000l\000a\000s\000s\000i\000f\000i\000c\000a\000t\000i\000o\000n\000\040\000a\000n\000d\000\040\000R\000e\000g\000r\000e\000s\000s\000i\000o\000n}{section.0.11}% 22
\BOOKMARK [2][-]{subsection.0.11.12}{\376\377\000D\000a\000t\000a\000\040\000S\000c\000i\000e\000n\000c\000e\000\040\000T\000e\000l\000e\000v\000i\000s\000i\000o\000n\000:\000\040\000T\000h\000e\000\040\000Q\000u\000a\000n\000t\000\040\000S\000h\000o\000p}{section.0.11}% 23
\BOOKMARK [2][-]{subsection.0.11.13}{\376\377\000K\000a\000g\000g\000l\000e\000\040\000C\000h\000a\000l\000l\000e\000n\000g\000e\000s}{section.0.11}% 24
\BOOKMARK [2][-]{subsection.0.11.14}{\376\377\000A\000b\000o\000u\000t\000\040\000t\000h\000e\000\040\000W\000a\000r\000\040\000S\000t\000o\000r\000i\000e\000s}{section.0.11}% 25
\BOOKMARK [2][-]{subsection.0.11.15}{\376\377\000W\000a\000r\000\040\000S\000t\000o\000r\000y\000:\000\040\000A\000n\000s\000w\000e\000r\000i\000n\000g\000\040\000t\000h\000e\000\040\000R\000i\000g\000h\000t\000\040\000Q\000u\000e\000s\000t\000i\000o\000n}{section.0.11}% 26
\BOOKMARK [2][-]{subsection.0.11.16}{\376\377\000C\000h\000a\000p\000t\000e\000r\000\040\000N\000o\000t\000e\000s}{section.0.11}% 27
\BOOKMARK [1][-]{section.0.12}{\376\377\000I\000d\000e\000n\000t\000i\000f\000y\000i\000n\000g\000\040\000D\000a\000t\000a\000\040\000S\000e\000t\000s}{}% 28
\BOOKMARK [1][-]{section.0.13}{\376\377\000A\000s\000k\000i\000n\000g\000\040\000Q\000u\000e\000s\000t\000i\000o\000n\000s}{}% 29
\BOOKMARK [1][-]{section.0.14}{\376\377\000I\000m\000p\000l\000e\000m\000e\000n\000t\000a\000t\000i\000o\000n\000\040\000P\000r\000o\000j\000e\000c\000t\000s}{}% 30
\BOOKMARK [1][-]{section.0.15}{\376\377\000I\000n\000t\000e\000r\000v\000i\000e\000w\000\040\000Q\000u\000e\000s\000t\000i\000o\000n\000s}{}% 31
\BOOKMARK [1][-]{section.0.16}{\376\377\000K\000a\000g\000g\000l\000e\000\040\000C\000h\000a\000l\000l\000e\000n\000g\000e\000s}{}% 32
\BOOKMARK [1][-]{section.0.17}{\376\377\000M\000a\000t\000h\000e\000m\000a\000t\000i\000c\000a\000l\000\040\000P\000r\000e\000l\000i\000m\000i\000n\000a\000r\000i\000e\000s}{}% 33
\BOOKMARK [2][-]{subsection.0.17.1}{\376\377\000P\000r\000o\000b\000a\000b\000i\000l\000i\000t\000y}{section.0.17}% 34
\BOOKMARK [2][-]{subsection.0.17.2}{\376\377\000P\000r\000o\000b\000a\000b\000i\000l\000i\000t\000y\000\040\000v\000s\000.\000\040\000S\000t\000a\000t\000i\000s\000t\000i\000c\000s}{section.0.17}% 35
\BOOKMARK [2][-]{subsection.0.17.3}{\376\377\000C\000o\000m\000p\000o\000u\000n\000d\000\040\000E\000v\000e\000n\000t\000s\000\040\000a\000n\000d\000\040\000I\000n\000d\000e\000p\000e\000n\000d\000e\000n\000c\000e}{section.0.17}% 36
\BOOKMARK [2][-]{subsection.0.17.4}{\376\377\000C\000o\000n\000d\000i\000t\000i\000o\000n\000a\000l\000\040\000P\000r\000o\000b\000a\000b\000i\000l\000i\000t\000y}{section.0.17}% 37
\BOOKMARK [2][-]{subsection.0.17.5}{\376\377\000P\000r\000o\000b\000a\000b\000i\000l\000i\000t\000y\000\040\000D\000i\000s\000t\000r\000i\000b\000u\000t\000i\000o\000n\000s}{section.0.17}% 38
\BOOKMARK [2][-]{subsection.0.17.6}{\376\377\000D\000e\000s\000c\000r\000i\000p\000t\000i\000v\000e\000\040\000S\000t\000a\000t\000i\000s\000t\000i\000c\000s}{section.0.17}% 39
\BOOKMARK [2][-]{subsection.0.17.7}{\376\377\000C\000e\000n\000t\000r\000a\000l\000i\000t\000y\000\040\000M\000e\000a\000s\000u\000r\000e\000s}{section.0.17}% 40
\BOOKMARK [2][-]{subsection.0.17.8}{\376\377\000V\000a\000r\000i\000a\000b\000i\000l\000i\000t\000y\000\040\000M\000e\000a\000s\000u\000r\000e\000s}{section.0.17}% 41
\BOOKMARK [2][-]{subsection.0.17.9}{\376\377\000I\000n\000t\000e\000r\000p\000r\000e\000t\000i\000n\000g\000\040\000V\000a\000r\000i\000a\000n\000c\000e}{section.0.17}% 42
\BOOKMARK [2][-]{subsection.0.17.10}{\376\377\000C\000h\000a\000r\000a\000c\000t\000e\000r\000i\000z\000i\000n\000g\000\040\000D\000i\000s\000t\000r\000i\000b\000u\000t\000i\000o\000n\000s}{section.0.17}% 43
\BOOKMARK [2][-]{subsection.0.17.11}{\376\377\000C\000o\000r\000r\000e\000l\000a\000t\000i\000o\000n\000\040\000A\000n\000a\000l\000y\000s\000i\000s}{section.0.17}% 44
\BOOKMARK [2][-]{subsection.0.17.12}{\376\377\000C\000o\000r\000r\000e\000l\000a\000t\000i\000o\000n\000\040\000C\000o\000e\000f\000f\000i\000c\000i\000e\000n\000t\000s\000:\000\040\000P\000e\000a\000r\000s\000o\000n\000\040\000a\000n\000d\000\040\000S\000p\000e\000a\000r\000m\000a\000n\000\040\000R\000a\000n\000k}{section.0.17}% 45
\BOOKMARK [1][-]{section.0.18}{\376\377\000T\000h\000e\000\040\000P\000e\000a\000r\000s\000o\000n\000\040\000C\000o\000r\000r\000e\000l\000a\000t\000i\000o\000n\000\040\000C\000o\000e\000f\000f\000i\000c\000i\000e\000n\000t}{}% 46
\BOOKMARK [1][-]{section.0.19}{\376\377\000T\000h\000e\000\040\000S\000p\000e\000a\000r\000m\000a\000n\000\040\000R\000a\000n\000k\000\040\000C\000o\000r\000r\000e\000l\000a\000t\000i\000o\000n\000\040\000C\000o\000e\000f\000f\000i\000c\000i\000e\000n\000t}{}% 47
\BOOKMARK [2][-]{subsection.0.19.1}{\376\377\000T\000h\000e\000\040\000P\000o\000w\000e\000r\000\040\000a\000n\000d\000\040\000S\000i\000g\000n\000i\000f\000i\000c\000a\000n\000c\000e\000\040\000o\000f\000\040\000C\000o\000r\000r\000e\000l\000a\000t\000i\000o\000n}{section.0.19}% 48
\BOOKMARK [2][-]{subsection.0.19.2}{\376\377\000C\000o\000r\000r\000e\000l\000a\000t\000i\000o\000n\000\040\000D\000o\000e\000s\000\040\000N\000o\000t\000\040\000I\000m\000p\000l\000y\000\040\000C\000a\000u\000s\000a\000t\000i\000o\000n\000!}{section.0.19}% 49
\BOOKMARK [2][-]{subsection.0.19.3}{\376\377\000D\000e\000t\000e\000c\000t\000i\000n\000g\000\040\000P\000e\000r\000i\000o\000d\000i\000c\000i\000t\000i\000e\000s\000\040\000b\000y\000\040\000A\000u\000t\000o\000c\000o\000r\000r\000e\000l\000a\000t\000i\000o\000n}{section.0.19}% 50
\BOOKMARK [2][-]{subsection.0.19.4}{\376\377\000L\000o\000g\000a\000r\000i\000t\000h\000m\000s}{section.0.19}% 51
\BOOKMARK [2][-]{subsection.0.19.5}{\376\377\000L\000o\000g\000a\000r\000i\000t\000h\000m\000s\000\040\000a\000n\000d\000\040\000M\000u\000l\000t\000i\000p\000l\000y\000i\000n\000g\000\040\000P\000r\000o\000b\000a\000b\000i\000l\000i\000t\000i\000e\000s}{section.0.19}% 52
\BOOKMARK [2][-]{subsection.0.19.6}{\376\377\000L\000o\000g\000a\000r\000i\000t\000h\000m\000s\000\040\000a\000n\000d\000\040\000R\000a\000t\000i\000o\000s}{section.0.19}% 53
\BOOKMARK [2][-]{subsection.0.19.7}{\376\377\000L\000o\000g\000a\000r\000i\000t\000h\000m\000s\000\040\000a\000n\000d\000\040\000N\000o\000r\000m\000a\000l\000i\000z\000i\000n\000g\000\040\000S\000k\000e\000w\000e\000d\000\040\000D\000i\000s\000t\000r\000i\000b\000u\000t\000i\000o\000n\000s}{section.0.19}% 54
\BOOKMARK [2][-]{subsection.0.19.8}{\376\377\000W\000a\000r\000\040\000S\000t\000o\000r\000y\000:\000\040\000F\000i\000t\000t\000i\000n\000g\000\040\000D\000e\000s\000i\000g\000n\000e\000r\000\040\000G\000e\000n\000e\000s}{section.0.19}% 55
\BOOKMARK [2][-]{subsection.0.19.9}{\376\377\000C\000h\000a\000p\000t\000e\000r\000\040\000N\000o\000t\000e\000s}{section.0.19}% 56
\BOOKMARK [1][-]{section.0.20}{\376\377\000P\000r\000o\000b\000a\000b\000i\000l\000i\000t\000y}{}% 57
\BOOKMARK [1][-]{section.0.21}{\376\377\000S\000t\000a\000t\000i\000s\000t\000i\000c\000s}{}% 58
\BOOKMARK [1][-]{section.0.22}{\376\377\000C\000o\000r\000r\000e\000l\000a\000t\000i\000o\000n\000\040\000A\000n\000a\000l\000y\000s\000i\000s}{}% 59
\BOOKMARK [1][-]{section.0.23}{\376\377\000L\000o\000g\000a\000r\000i\000t\000h\000m\000s}{}% 60
\BOOKMARK [1][-]{section.0.24}{\376\377\000I\000m\000p\000l\000e\000m\000e\000n\000t\000a\000t\000i\000o\000n\000\040\000P\000r\000o\000j\000e\000c\000t\000s}{}% 61
\BOOKMARK [1][-]{section.0.25}{\376\377\000I\000n\000t\000e\000r\000v\000i\000e\000w\000\040\000Q\000u\000e\000s\000t\000i\000o\000n\000s}{}% 62
\BOOKMARK [1][-]{section.0.26}{\376\377\000K\000a\000g\000g\000l\000e\000\040\000C\000h\000a\000l\000l\000e\000n\000g\000e\000s}{}% 63
\BOOKMARK [1][-]{section.0.27}{\376\377\000D\000a\000t\000a\000\040\000M\000u\000n\000g\000i\000n\000g}{}% 64
\BOOKMARK [2][-]{subsection.0.27.1}{\376\377\000L\000a\000n\000g\000u\000a\000g\000e\000s\000\040\000f\000o\000r\000\040\000D\000a\000t\000a\000\040\000S\000c\000i\000e\000n\000c\000e}{section.0.27}% 65
\BOOKMARK [2][-]{subsection.0.27.2}{\376\377\000T\000h\000e\000\040\000I\000m\000p\000o\000r\000t\000a\000n\000c\000e\000\040\000o\000f\000\040\000N\000o\000t\000e\000b\000o\000o\000k\000\040\000E\000n\000v\000i\000r\000o\000n\000m\000e\000n\000t\000s}{section.0.27}% 66
\BOOKMARK [2][-]{subsection.0.27.3}{\376\377\000S\000t\000a\000n\000d\000a\000r\000d\000\040\000D\000a\000t\000a\000\040\000F\000o\000r\000m\000a\000t\000s}{section.0.27}% 67
\BOOKMARK [2][-]{subsection.0.27.4}{\376\377\000C\000o\000l\000l\000e\000c\000t\000i\000n\000g\000\040\000D\000a\000t\000a}{section.0.27}% 68
\BOOKMARK [2][-]{subsection.0.27.5}{\376\377\000H\000u\000n\000t\000i\000n\000g}{section.0.27}% 69
\BOOKMARK [1][-]{section.0.28}{\376\377\000C\000o\000m\000p\000a\000n\000i\000e\000s\000\040\000a\000n\000d\000\040\000P\000r\000o\000p\000r\000i\000e\000t\000a\000r\000y\000\040\000D\000a\000t\000a\000\040\000S\000o\000u\000r\000c\000e\000s}{}% 70
\BOOKMARK [1][-]{section.0.29}{\376\377\000G\000o\000v\000e\000r\000n\000m\000e\000n\000t\000\040\000D\000a\000t\000a\000\040\000S\000o\000u\000r\000c\000e\000s}{}% 71
\BOOKMARK [1][-]{section.0.30}{\376\377\000A\000c\000a\000d\000e\000m\000i\000c\000\040\000D\000a\000t\000a\000\040\000S\000e\000t\000s}{}% 72
\BOOKMARK [1][-]{section.0.31}{\376\377\000S\000w\000e\000a\000t\000\040\000E\000q\000u\000i\000t\000y}{}% 73
\BOOKMARK [2][-]{subsection.0.31.1}{\376\377\000S\000c\000r\000a\000p\000i\000n\000g}{section.0.31}% 74
\BOOKMARK [2][-]{subsection.0.31.2}{\376\377\000L\000o\000g\000g\000i\000n\000g}{section.0.31}% 75
\BOOKMARK [2][-]{subsection.0.31.3}{\376\377\000C\000l\000e\000a\000n\000i\000n\000g\000\040\000D\000a\000t\000a}{section.0.31}% 76
\BOOKMARK [2][-]{subsection.0.31.4}{\376\377\000E\000r\000r\000o\000r\000s\000\040\000v\000s\000.\000\040\000A\000r\000t\000i\000f\000a\000c\000t\000s}{section.0.31}% 77
\BOOKMARK [2][-]{subsection.0.31.5}{\376\377\000D\000a\000t\000a\000\040\000C\000o\000m\000p\000a\000t\000i\000b\000i\000l\000i\000t\000y}{section.0.31}% 78
\BOOKMARK [1][-]{section.0.32}{\376\377\000U\000n\000i\000t\000\040\000C\000o\000n\000v\000e\000r\000s\000i\000o\000n\000s}{}% 79
\BOOKMARK [1][-]{section.0.33}{\376\377\000N\000u\000m\000e\000r\000i\000c\000a\000l\000\040\000R\000e\000p\000r\000e\000s\000e\000n\000t\000a\000t\000i\000o\000n\000\040\000C\000o\000n\000v\000e\000r\000s\000i\000o\000n\000s}{}% 80
\BOOKMARK [1][-]{section.0.34}{\376\377\000N\000a\000m\000e\000\040\000U\000n\000i\000f\000i\000c\000a\000t\000i\000o\000n}{}% 81
\BOOKMARK [1][-]{section.0.35}{\376\377\000T\000i\000m\000e\000/\000D\000a\000t\000e\000\040\000U\000n\000i\000f\000i\000c\000a\000t\000i\000o\000n}{}% 82
\BOOKMARK [1][-]{section.0.36}{\376\377\000F\000i\000n\000a\000n\000c\000i\000a\000l\000\040\000U\000n\000i\000f\000i\000c\000a\000t\000i\000o\000n}{}% 83
\BOOKMARK [2][-]{subsection.0.36.1}{\376\377\000D\000e\000a\000l\000i\000n\000g\000\040\000w\000i\000t\000h\000\040\000M\000i\000s\000s\000i\000n\000g\000\040\000V\000a\000l\000u\000e\000s}{section.0.36}% 84
\BOOKMARK [2][-]{subsection.0.36.2}{\376\377\000O\000u\000t\000l\000i\000e\000r\000\040\000D\000e\000t\000e\000c\000t\000i\000o\000n}{section.0.36}% 85
\BOOKMARK [2][-]{subsection.0.36.3}{\376\377\000W\000a\000r\000\040\000S\000t\000o\000r\000y\000:\000\040\000B\000e\000a\000t\000i\000n\000g\000\040\000t\000h\000e\000\040\000M\000a\000r\000k\000e\000t}{section.0.36}% 86
\BOOKMARK [2][-]{subsection.0.36.4}{\376\377\000C\000r\000o\000w\000d\000s\000o\000u\000r\000c\000i\000n\000g}{section.0.36}% 87
\BOOKMARK [2][-]{subsection.0.36.5}{\376\377\000T\000h\000e\000\040\000P\000e\000n\000n\000y\000\040\000D\000e\000m\000o}{section.0.36}% 88
\BOOKMARK [2][-]{subsection.0.36.6}{\376\377\000W\000h\000e\000n\000\040\000i\000s\000\040\000t\000h\000e\000\040\000C\000r\000o\000w\000d\000\040\000W\000i\000s\000e\000?}{section.0.36}% 89
\BOOKMARK [2][-]{subsection.0.36.7}{\376\377\000M\000e\000c\000h\000a\000n\000i\000s\000m\000s\000\040\000f\000o\000r\000\040\000A\000g\000g\000r\000e\000g\000a\000t\000i\000o\000n}{section.0.36}% 90
\BOOKMARK [2][-]{subsection.0.36.8}{\376\377\000C\000r\000o\000w\000d\000s\000o\000u\000r\000c\000i\000n\000g\000\040\000S\000e\000r\000v\000i\000c\000e\000s}{section.0.36}% 91
\BOOKMARK [2][-]{subsection.0.36.9}{\376\377\000G\000a\000m\000i\000f\000i\000c\000a\000t\000i\000o\000n}{section.0.36}% 92
\BOOKMARK [2][-]{subsection.0.36.10}{\376\377\000C\000h\000a\000p\000t\000e\000r\000\040\000N\000o\000t\000e\000s}{section.0.36}% 93
\BOOKMARK [1][-]{section.0.37}{\376\377\000D\000a\000t\000a\000\040\000M\000u\000n\000g\000i\000n\000g}{}% 94
\BOOKMARK [1][-]{section.0.38}{\376\377\000D\000a\000t\000a\000\040\000S\000o\000u\000r\000c\000e\000s}{}% 95
\BOOKMARK [1][-]{section.0.39}{\376\377\000I\000m\000p\000l\000e\000m\000e\000n\000t\000a\000t\000i\000o\000n\000\040\000P\000r\000o\000j\000e\000c\000t\000s}{}% 96
\BOOKMARK [1][-]{section.0.40}{\376\377\000C\000r\000o\000w\000d\000s\000o\000u\000r\000c\000i\000n\000g}{}% 97
\BOOKMARK [1][-]{section.0.41}{\376\377\000I\000n\000t\000e\000r\000v\000i\000e\000w\000\040\000Q\000u\000e\000s\000t\000i\000o\000n\000s}{}% 98
\BOOKMARK [1][-]{section.0.42}{\376\377\000K\000a\000g\000g\000l\000e\000\040\000C\000h\000a\000l\000l\000e\000n\000g\000e\000s}{}% 99
\BOOKMARK [1][-]{section.0.43}{\376\377\000S\000c\000o\000r\000e\000s\000\040\000a\000n\000d\000\040\000R\000a\000n\000k\000i\000n\000g\000s}{}% 100
\BOOKMARK [2][-]{subsection.0.43.1}{\376\377\000T\000h\000e\000\040\000B\000o\000d\000y\000\040\000M\000a\000s\000s\000\040\000I\000n\000d\000e\000x\000\040\000\050\000B\000M\000I\000\051}{section.0.43}% 101
\BOOKMARK [2][-]{subsection.0.43.2}{\376\377\000D\000e\000v\000e\000l\000o\000p\000i\000n\000g\000\040\000S\000c\000o\000r\000i\000n\000g\000\040\000S\000y\000s\000t\000e\000m\000s}{section.0.43}% 102
\BOOKMARK [2][-]{subsection.0.43.3}{\376\377\000G\000o\000l\000d\000\040\000S\000t\000a\000n\000d\000a\000r\000d\000s\000\040\000a\000n\000d\000\040\000P\000r\000o\000x\000i\000e\000s}{section.0.43}% 103
\BOOKMARK [2][-]{subsection.0.43.4}{\376\377\000S\000c\000o\000r\000e\000s\000\040\000v\000s\000.\000\040\000R\000a\000n\000k\000i\000n\000g\000s}{section.0.43}% 104
\BOOKMARK [2][-]{subsection.0.43.5}{\376\377\000R\000e\000c\000o\000g\000n\000i\000z\000i\000n\000g\000\040\000G\000o\000o\000d\000\040\000S\000c\000o\000r\000i\000n\000g\000\040\000F\000u\000n\000c\000t\000i\000o\000n\000s}{section.0.43}% 105
\BOOKMARK [2][-]{subsection.0.43.6}{\376\377\000Z\000-\000s\000c\000o\000r\000e\000s\000\040\000a\000n\000d\000\040\000N\000o\000r\000m\000a\000l\000i\000z\000a\000t\000i\000o\000n}{section.0.43}% 106
\BOOKMARK [2][-]{subsection.0.43.7}{\376\377\000A\000d\000v\000a\000n\000c\000e\000d\000\040\000R\000a\000n\000k\000i\000n\000g\000\040\000T\000e\000c\000h\000n\000i\000q\000u\000e\000s}{section.0.43}% 107
\BOOKMARK [2][-]{subsection.0.43.8}{\376\377\000E\000l\000o\000\040\000R\000a\000n\000k\000i\000n\000g\000s}{section.0.43}% 108
\BOOKMARK [1][-]{section.0.44}{\376\377\000T\000h\000e\000\040\000L\000o\000g\000i\000t\000\040\000F\000u\000n\000c\000t\000i\000o\000n}{}% 109
\BOOKMARK [2][-]{subsection.0.44.1}{\376\377\000M\000e\000r\000g\000i\000n\000g\000\040\000R\000a\000n\000k\000i\000n\000g\000s}{section.0.44}% 110
\BOOKMARK [2][-]{subsection.0.44.2}{\376\377\000D\000i\000g\000r\000a\000p\000h\000-\000b\000a\000s\000e\000d\000\040\000R\000a\000n\000k\000i\000n\000g\000s}{section.0.44}% 111
\BOOKMARK [2][-]{subsection.0.44.3}{\376\377\000P\000a\000g\000e\000R\000a\000n\000k}{section.0.44}% 112
\BOOKMARK [2][-]{subsection.0.44.4}{\376\377\000W\000a\000r\000\040\000S\000t\000o\000r\000y\000:\000\040\000C\000l\000y\000d\000e\000'\000s\000\040\000R\000e\000v\000e\000n\000g\000e}{section.0.44}% 113
\BOOKMARK [1][-]{section.0.45}{\376\377\000E\000v\000e\000n\000\040\000c\000r\000u\000d\000e\000\040\000m\000a\000t\000h\000e\000m\000a\000t\000i\000c\000a\000l\000\040\000m\000o\000d\000e\000l\000s\000\040\000c\000a\000n\000\040\000h\000a\000v\000e\000\040\000r\000e\000a\000l\000\040\000p\000r\000e\000d\000i\000c\000t\000i\000v\000e\000\040\000p\000o\000w\000e\000r\000.}{}% 114
\BOOKMARK [1][-]{section.0.46}{\376\377\004\074\011\276\011\360\000u\000a\000n\000t\000\040\000u\000s\000e\000s\000\040\000c\000o\000m\000p\000u\000t\000e\000r\000s\000\040\000t\000o\000\040\000p\000r\000e\000d\000i\000c\000t\000\040\000f\000o\000o\000t\000b\000a\000l\000l\000\040\000w\000i\000n\000n\000e\000r\000s}{}% 115
\BOOKMARK [1][-]{section.0.47}{\376\377\000P\000r\000e\000d\000i\000c\000t\000i\000o\000n\000s\000\040\000p\000u\000b\000l\000i\000s\000h\000e\000d}{}% 116
\BOOKMARK [2][-]{subsection.0.47.1}{\376\377\000A\000r\000r\000o\000w\000'\000s\000\040\000I\000m\000p\000o\000s\000s\000i\000b\000i\000l\000i\000t\000y\000\040\000T\000h\000e\000o\000r\000e\000m}{section.0.47}% 117
\BOOKMARK [2][-]{subsection.0.47.2}{\376\377\000W\000a\000r\000\040\000S\000t\000o\000r\000y\000:\000\040\000W\000h\000o\000'\000s\000\040\000B\000i\000g\000g\000e\000r\000?}{section.0.47}% 118
\BOOKMARK [2][-]{subsection.0.47.3}{\376\377\000C\000h\000a\000p\000t\000e\000r\000\040\000N\000o\000t\000e\000s}{section.0.47}% 119
\BOOKMARK [1][-]{section.0.48}{\376\377\000S\000c\000o\000r\000e\000s\000\040\000a\000n\000d\000\040\000R\000a\000n\000k\000i\000n\000g\000s}{}% 120
\BOOKMARK [1][-]{section.0.49}{\376\377\000I\000m\000p\000l\000e\000m\000e\000n\000t\000a\000t\000i\000o\000n\000\040\000P\000r\000o\000j\000e\000c\000t\000s}{}% 121
\BOOKMARK [1][-]{section.0.50}{\376\377\000I\000n\000t\000e\000r\000v\000i\000e\000w\000\040\000Q\000u\000e\000s\000t\000i\000o\000n\000s}{}% 122
\BOOKMARK [1][-]{section.0.51}{\376\377\000K\000a\000g\000g\000l\000e\000\040\000C\000h\000a\000l\000l\000e\000n\000g\000e\000s}{}% 123
\BOOKMARK [1][-]{section.0.52}{\376\377\000S\000t\000a\000t\000i\000s\000t\000i\000c\000a\000l\000\040\000A\000n\000a\000l\000y\000s\000i\000s}{}% 124
\BOOKMARK [2][-]{subsection.0.52.1}{\376\377\000S\000t\000a\000t\000i\000s\000t\000i\000c\000a\000l\000\040\000D\000i\000s\000t\000r\000i\000b\000u\000t\000i\000o\000n\000s}{section.0.52}% 125
\BOOKMARK [2][-]{subsection.0.52.2}{\376\377\000T\000h\000e\000\040\000B\000i\000n\000o\000m\000i\000a\000l\000\040\000D\000i\000s\000t\000r\000i\000b\000u\000t\000i\000o\000n}{section.0.52}% 126
\BOOKMARK [2][-]{subsection.0.52.3}{\376\377\000T\000h\000e\000\040\000N\000o\000r\000m\000a\000l\000\040\000D\000i\000s\000t\000r\000i\000b\000u\000t\000i\000o\000n}{section.0.52}% 127
\BOOKMARK [1][-]{section.0.53}{\376\377\000W\000h\000a\000t\000'\000s\000\040\000N\000o\000r\000m\000a\000l\000?}{}% 128
\BOOKMARK [2][-]{subsection.0.53.1}{\376\377\000I\000m\000p\000l\000i\000c\000a\000t\000i\000o\000n\000s\000\040\000o\000f\000\040\000t\000h\000e\000\040\000N\000o\000r\000m\000a\000l\000\040\000D\000i\000s\000t\000r\000i\000b\000u\000t\000i\000o\000n}{section.0.53}% 129
\BOOKMARK [2][-]{subsection.0.53.2}{\376\377\000P\000o\000i\000s\000s\000o\000n\000\040\000D\000i\000s\000t\000r\000i\000b\000u\000t\000i\000o\000n}{section.0.53}% 130
\BOOKMARK [2][-]{subsection.0.53.3}{\376\377\000P\000o\000w\000e\000r\000\040\000L\000a\000w\000\040\000D\000i\000s\000t\000r\000i\000b\000u\000t\000i\000o\000n\000s}{section.0.53}% 131
\BOOKMARK [2][-]{subsection.0.53.4}{\376\377\000S\000a\000m\000p\000l\000i\000n\000g\000\040\000f\000r\000o\000m\000\040\000D\000i\000s\000t\000r\000i\000b\000u\000t\000i\000o\000n\000s}{section.0.53}% 132
\BOOKMARK [2][-]{subsection.0.53.5}{\376\377\000R\000a\000n\000d\000o\000m\000\040\000S\000a\000m\000p\000l\000i\000n\000g\000\040\000b\000e\000y\000o\000n\000d\000\040\000O\000n\000e\000\040\000D\000i\000m\000e\000n\000s\000i\000o\000n}{section.0.53}% 133
\BOOKMARK [2][-]{subsection.0.53.6}{\376\377\000S\000t\000a\000t\000i\000s\000t\000i\000c\000a\000l\000\040\000S\000i\000g\000n\000i\000f\000i\000c\000a\000n\000c\000e}{section.0.53}% 134
\BOOKMARK [2][-]{subsection.0.53.7}{\376\377\000T\000h\000e\000\040\000S\000i\000g\000n\000i\000f\000i\000c\000a\000n\000c\000e\000\040\000o\000f\000\040\000S\000i\000g\000n\000i\000f\000i\000c\000a\000n\000c\000e}{section.0.53}% 135
\BOOKMARK [2][-]{subsection.0.53.8}{\376\377\000T\000h\000e\000\040\000T\000-\000t\000e\000s\000t\000:\000\040\000C\000o\000m\000p\000a\000r\000i\000n\000g\000\040\000P\000o\000p\000u\000l\000a\000t\000i\000o\000n\000\040\000M\000e\000a\000n\000s}{section.0.53}% 136
\BOOKMARK [1][-]{section.0.54}{\376\377\000W\000h\000y\000\040\000D\000o\000e\000s\000\040\000T\000h\000i\000s\000\040\000W\000o\000r\000k\000?}{}% 137
\BOOKMARK [2][-]{subsection.0.54.1}{\376\377\000T\000h\000e\000\040\000K\000o\000l\000m\000o\000g\000o\000r\000o\000v\000-\000S\000m\000i\000r\000n\000o\000v\000\040\000T\000e\000s\000t}{section.0.54}% 138
\BOOKMARK [1][-]{section.0.55}{\376\377\000N\000o\000r\000m\000a\000l\000i\000t\000y\000\040\000T\000e\000s\000t\000i\000n\000g}{}% 139
\BOOKMARK [2][-]{subsection.0.55.1}{\376\377\000T\000h\000e\000\040\000B\000o\000n\000f\000e\000r\000r\000o\000n\000i\000\040\000C\000o\000r\000r\000e\000c\000t\000i\000o\000n}{section.0.55}% 140
\BOOKMARK [2][-]{subsection.0.55.2}{\376\377\000F\000a\000l\000s\000e\000\040\000D\000i\000s\000c\000o\000v\000e\000r\000y\000\040\000R\000a\000t\000e}{section.0.55}% 141
\BOOKMARK [2][-]{subsection.0.55.3}{\376\377\000W\000a\000r\000\040\000S\000t\000o\000r\000y\000:\000\040\000D\000i\000s\000c\000o\000v\000e\000r\000i\000n\000g\000\040\000t\000h\000e\000\040\000F\000o\000u\000n\000t\000a\000i\000n\000\040\000o\000f\000\040\000Y\000o\000u\000t\000h\000?}{section.0.55}% 142
\BOOKMARK [2][-]{subsection.0.55.4}{\376\377\000P\000e\000r\000m\000u\000t\000a\000t\000i\000o\000n\000\040\000T\000e\000s\000t\000s\000\040\000a\000n\000d\000\040\000P\000-\000v\000a\000l\000u\000e\000s}{section.0.55}% 143
\BOOKMARK [2][-]{subsection.0.55.5}{\376\377\000G\000e\000n\000e\000r\000a\000t\000i\000n\000g\000\040\000R\000a\000n\000d\000o\000m\000\040\000P\000e\000r\000m\000u\000t\000a\000t\000i\000o\000n\000s}{section.0.55}% 144
\BOOKMARK [2][-]{subsection.0.55.6}{\376\377\000D\000i\000M\000a\000g\000g\000i\000o\000'\000s\000\040\000H\000i\000t\000t\000i\000n\000g\000\040\000S\000t\000r\000e\000a\000k}{section.0.55}% 145
\BOOKMARK [2][-]{subsection.0.55.7}{\376\377\000B\000a\000y\000e\000s\000i\000a\000n\000\040\000R\000e\000a\000s\000o\000n\000i\000n\000g}{section.0.55}% 146
\BOOKMARK [2][-]{subsection.0.55.8}{\376\377\000C\000h\000a\000p\000t\000e\000r\000\040\000N\000o\000t\000e\000s}{section.0.55}% 147
\BOOKMARK [2][-]{subsection.0.55.9}{\376\377\000E\000x\000e\000r\000c\000i\000s\000e\000s}{section.0.55}% 148
\BOOKMARK [1][-]{section.0.56}{\376\377\000S\000i\000g\000n\000i\000f\000i\000c\000a\000n\000c\000e\000\040\000T\000e\000s\000t\000i\000n\000g}{}% 149
\BOOKMARK [1][-]{section.0.57}{\376\377\000P\000e\000r\000m\000u\000t\000a\000t\000i\000o\000n\000\040\000T\000e\000s\000t\000s\000\040\000a\000n\000d\000\040\000P\000\040\000-\000v\000a\000l\000u\000e\000s}{}% 150
\BOOKMARK [1][-]{section.0.58}{\376\377\000I\000m\000p\000l\000e\000m\000e\000n\000t\000a\000t\000i\000o\000n\000\040\000P\000r\000o\000j\000e\000c\000t\000s}{}% 151
\BOOKMARK [1][-]{section.0.59}{\376\377\000I\000n\000t\000e\000r\000v\000i\000e\000w\000\040\000Q\000u\000e\000s\000t\000i\000o\000n\000s}{}% 152
\BOOKMARK [1][-]{section.0.60}{\376\377\000K\000a\000g\000g\000l\000e\000\040\000C\000h\000a\000l\000l\000e\000n\000g\000e\000s}{}% 153
\BOOKMARK [1][-]{section.0.61}{\376\377\000V\000i\000s\000u\000a\000l\000i\000z\000i\000n\000g\000\040\000D\000a\000t\000a}{}% 154
\BOOKMARK [2][-]{subsection.0.61.1}{\376\377\000E\000x\000p\000l\000o\000r\000a\000t\000o\000r\000y\000\040\000D\000a\000t\000a\000\040\000A\000n\000a\000l\000y\000s\000i\000s}{section.0.61}% 155
\BOOKMARK [2][-]{subsection.0.61.2}{\376\377\000C\000o\000n\000f\000r\000o\000n\000t\000i\000n\000g\000\040\000a\000\040\000N\000e\000w\000\040\000D\000a\000t\000a\000\040\000S\000e\000t}{section.0.61}% 156
\BOOKMARK [2][-]{subsection.0.61.3}{\376\377\000S\000u\000m\000m\000a\000r\000y\000\040\000S\000t\000a\000t\000i\000s\000t\000i\000c\000s\000\040\000a\000n\000d\000\040\000A\000n\000s\000c\000o\000m\000b\000e\000'\000s\000\040\000Q\000u\000a\000r\000t\000e\000t}{section.0.61}% 157
\BOOKMARK [2][-]{subsection.0.61.4}{\376\377\000V\000i\000s\000u\000a\000l\000i\000z\000a\000t\000i\000o\000n\000\040\000T\000o\000o\000l\000s}{section.0.61}% 158
\BOOKMARK [2][-]{subsection.0.61.5}{\376\377\000D\000e\000v\000e\000l\000o\000p\000i\000n\000g\000\040\000a\000\040\000V\000i\000s\000u\000a\000l\000i\000z\000a\000t\000i\000o\000n\000\040\000A\000e\000s\000t\000h\000e\000t\000i\000c}{section.0.61}% 159
\BOOKMARK [2][-]{subsection.0.61.6}{\376\377\000M\000a\000x\000i\000m\000i\000z\000i\000n\000g\000\040\000D\000a\000t\000a\000-\000I\000n\000k\000\040\000R\000a\000t\000i\000o}{section.0.61}% 160
\BOOKMARK [2][-]{subsection.0.61.7}{\376\377\000M\000i\000n\000i\000m\000i\000z\000i\000n\000g\000\040\000t\000h\000e\000\040\000L\000i\000e\000\040\000F\000a\000c\000t\000o\000r}{section.0.61}% 161
\BOOKMARK [2][-]{subsection.0.61.8}{\376\377\000M\000i\000n\000i\000m\000i\000z\000i\000n\000g\000\040\000C\000h\000a\000r\000t\000j\000u\000n\000k}{section.0.61}% 162
\BOOKMARK [2][-]{subsection.0.61.9}{\376\377\000P\000r\000o\000p\000e\000r\000\040\000S\000c\000a\000l\000i\000n\000g\000\040\000a\000n\000d\000\040\000L\000a\000b\000e\000l\000i\000n\000g}{section.0.61}% 163
\BOOKMARK [2][-]{subsection.0.61.10}{\376\377\000E\000f\000f\000e\000c\000t\000i\000v\000e\000\040\000U\000s\000e\000\040\000o\000f\000\040\000C\000o\000l\000o\000r\000\040\000a\000n\000d\000\040\000S\000h\000a\000d\000i\000n\000g}{section.0.61}% 164
\BOOKMARK [2][-]{subsection.0.61.11}{\376\377\000T\000h\000e\000\040\000P\000o\000w\000e\000r\000\040\000o\000f\000\040\000R\000e\000p\000e\000t\000i\000t\000i\000o\000n}{section.0.61}% 165
\BOOKMARK [2][-]{subsection.0.61.12}{\376\377\000C\000h\000a\000r\000t\000\040\000T\000y\000p\000e\000s}{section.0.61}% 166
\BOOKMARK [2][-]{subsection.0.61.13}{\376\377\000T\000a\000b\000u\000l\000a\000r\000\040\000D\000a\000t\000a}{section.0.61}% 167
\BOOKMARK [2][-]{subsection.0.61.14}{\376\377\000D\000o\000t\000\040\000a\000n\000d\000\040\000L\000i\000n\000e\000\040\000P\000l\000o\000t\000s}{section.0.61}% 168
\BOOKMARK [2][-]{subsection.0.61.15}{\376\377\000S\000c\000a\000t\000t\000e\000r\000\040\000P\000l\000o\000t\000s}{section.0.61}% 169
\BOOKMARK [2][-]{subsection.0.61.16}{\376\377\000B\000a\000r\000\040\000P\000l\000o\000t\000s\000\040\000a\000n\000d\000\040\000P\000i\000e\000\040\000C\000h\000a\000r\000t\000s}{section.0.61}% 170
\BOOKMARK [1][-]{section.0.62}{\376\377\000B\000a\000d\000\040\000P\000i\000e\000\040\000C\000h\000a\000r\000t\000s}{}% 171
\BOOKMARK [2][-]{subsection.0.62.1}{\376\377\000H\000i\000s\000t\000o\000g\000r\000a\000m\000s}{section.0.62}% 172
\BOOKMARK [2][-]{subsection.0.62.2}{\376\377\000D\000a\000t\000a\000\040\000M\000a\000p\000s}{section.0.62}% 173
\BOOKMARK [2][-]{subsection.0.62.3}{\376\377\000G\000r\000e\000a\000t\000\040\000V\000i\000s\000u\000a\000l\000i\000z\000a\000t\000i\000o\000n\000s}{section.0.62}% 174
\BOOKMARK [2][-]{subsection.0.62.4}{\376\377\000M\000a\000r\000e\000y\000'\000s\000\040\000T\000r\000a\000i\000n\000\040\000S\000c\000h\000e\000d\000u\000l\000e}{section.0.62}% 175
\BOOKMARK [2][-]{subsection.0.62.5}{\376\377\000S\000n\000o\000w\000'\000s\000\040\000C\000h\000o\000l\000e\000r\000a\000\040\000M\000a\000p}{section.0.62}% 176
\BOOKMARK [2][-]{subsection.0.62.6}{\376\377\000N\000e\000w\000\040\000Y\000o\000r\000k\000'\000s\000\040\000W\000e\000a\000t\000h\000e\000r\000\040\000Y\000e\000a\000r}{section.0.62}% 177
\BOOKMARK [2][-]{subsection.0.62.7}{\376\377\000R\000e\000a\000d\000i\000n\000g\000\040\000G\000r\000a\000p\000h\000s}{section.0.62}% 178
\BOOKMARK [2][-]{subsection.0.62.8}{\376\377\000T\000h\000e\000\040\000O\000b\000s\000c\000u\000r\000e\000d\000\040\000D\000i\000s\000t\000r\000i\000b\000u\000t\000i\000o\000n}{section.0.62}% 179
\BOOKMARK [2][-]{subsection.0.62.9}{\376\377\000O\000v\000e\000r\000i\000n\000t\000e\000r\000p\000r\000e\000t\000i\000n\000g\000\040\000V\000a\000r\000i\000a\000n\000c\000e}{section.0.62}% 180
\BOOKMARK [2][-]{subsection.0.62.10}{\376\377\000I\000n\000t\000e\000r\000a\000c\000t\000i\000v\000e\000\040\000V\000i\000s\000u\000a\000l\000i\000z\000a\000t\000i\000o\000n}{section.0.62}% 181
\BOOKMARK [2][-]{subsection.0.62.11}{\376\377\000W\000a\000r\000\040\000S\000t\000o\000r\000y\000:\000\040\000T\000e\000x\000t\000M\000a\000p\000p\000i\000n\000g\000\040\000t\000h\000e\000\040\000W\000o\000r\000l\000d}{section.0.62}% 182
\BOOKMARK [2][-]{subsection.0.62.12}{\376\377\000C\000h\000a\000p\000t\000e\000r\000\040\000N\000o\000t\000e\000s}{section.0.62}% 183
\BOOKMARK [1][-]{section.0.63}{\376\377\000E\000x\000p\000l\000o\000r\000a\000t\000o\000r\000y\000\040\000D\000a\000t\000a\000\040\000A\000n\000a\000l\000y\000s\000i\000s}{}% 184
\BOOKMARK [1][-]{section.0.64}{\376\377\000I\000n\000t\000e\000r\000p\000r\000e\000t\000i\000n\000g\000\040\000V\000i\000s\000u\000a\000l\000i\000z\000a\000t\000i\000o\000n\000s}{}% 185
\BOOKMARK [1][-]{section.0.65}{\376\377\000C\000r\000e\000a\000t\000i\000n\000g\000\040\000V\000i\000s\000u\000a\000l\000i\000z\000a\000t\000i\000o\000n\000s}{}% 186
\BOOKMARK [1][-]{section.0.66}{\376\377\000I\000m\000p\000l\000e\000m\000e\000n\000t\000a\000t\000i\000o\000n\000\040\000P\000r\000o\000j\000e\000c\000t\000s}{}% 187
\BOOKMARK [1][-]{section.0.67}{\376\377\000I\000n\000t\000e\000r\000v\000i\000e\000w\000\040\000Q\000u\000e\000s\000t\000i\000o\000n\000s}{}% 188
\BOOKMARK [1][-]{section.0.68}{\376\377\000K\000a\000g\000g\000l\000e\000\040\000C\000h\000a\000l\000l\000e\000n\000g\000e\000s}{}% 189
\BOOKMARK [1][-]{section.0.69}{\376\377\000M\000a\000t\000h\000e\000m\000a\000t\000i\000c\000a\000l\000\040\000M\000o\000d\000e\000l\000s}{}% 190
\BOOKMARK [2][-]{subsection.0.69.1}{\376\377\000P\000h\000i\000l\000o\000s\000o\000p\000h\000i\000e\000s\000\040\000o\000f\000\040\000M\000o\000d\000e\000l\000i\000n\000g}{section.0.69}% 191
\BOOKMARK [2][-]{subsection.0.69.2}{\376\377\000O\000c\000c\000a\000m\000'\000s\000\040\000R\000a\000z\000o\000r}{section.0.69}% 192
\BOOKMARK [2][-]{subsection.0.69.3}{\376\377\000B\000i\000a\000s\000-\000V\000a\000r\000i\000a\000n\000c\000e\000\040\000T\000r\000a\000d\000e\000-\000O\000f\000f\000s}{section.0.69}% 193
\BOOKMARK [2][-]{subsection.0.69.4}{\376\377\000W\000h\000a\000t\000\040\000W\000o\000u\000l\000d\000\040\000N\000a\000t\000e\000\040\000S\000i\000l\000v\000e\000r\000\040\000D\000o\000?}{section.0.69}% 194
\BOOKMARK [2][-]{subsection.0.69.5}{\376\377\000A\000\040\000T\000a\000x\000o\000n\000o\000m\000y\000\040\000o\000f\000\040\000M\000o\000d\000e\000l\000s}{section.0.69}% 195
\BOOKMARK [2][-]{subsection.0.69.6}{\376\377\000L\000i\000n\000e\000a\000r\000\040\000v\000s\000.\000\040\000N\000o\000n\000-\000L\000i\000n\000e\000a\000r\000\040\000M\000o\000d\000e\000l\000s}{section.0.69}% 196
\BOOKMARK [2][-]{subsection.0.69.7}{\376\377\000B\000l\000a\000c\000k\000b\000o\000x\000\040\000v\000s\000.\000\040\000D\000e\000s\000c\000r\000i\000p\000t\000i\000v\000e\000\040\000M\000o\000d\000e\000l\000s}{section.0.69}% 197
\BOOKMARK [2][-]{subsection.0.69.8}{\376\377\000F\000i\000r\000s\000t\000-\000P\000r\000i\000n\000c\000i\000p\000l\000e\000\040\000v\000s\000.\000\040\000D\000a\000t\000a\000-\000D\000r\000i\000v\000e\000n\000\040\000M\000o\000d\000e\000l\000s}{section.0.69}% 198
\BOOKMARK [2][-]{subsection.0.69.9}{\376\377\000S\000t\000o\000c\000h\000a\000s\000t\000i\000c\000\040\000v\000s\000.\000\040\000D\000e\000t\000e\000r\000m\000i\000n\000i\000s\000t\000i\000c\000\040\000M\000o\000d\000e\000l\000s}{section.0.69}% 199
\BOOKMARK [2][-]{subsection.0.69.10}{\376\377\000F\000l\000a\000t\000\040\000v\000s\000.\000\040\000H\000i\000e\000r\000a\000r\000c\000h\000i\000c\000a\000l\000\040\000M\000o\000d\000e\000l\000s}{section.0.69}% 200
\BOOKMARK [2][-]{subsection.0.69.11}{\376\377\000B\000a\000s\000e\000l\000i\000n\000e\000\040\000M\000o\000d\000e\000l\000s}{section.0.69}% 201
\BOOKMARK [2][-]{subsection.0.69.12}{\376\377\000B\000a\000s\000e\000l\000i\000n\000e\000\040\000M\000o\000d\000e\000l\000s\000\040\000f\000o\000r\000\040\000C\000l\000a\000s\000s\000i\000f\000i\000c\000a\000t\000i\000o\000n}{section.0.69}% 202
\BOOKMARK [2][-]{subsection.0.69.13}{\376\377\000B\000a\000s\000e\000l\000i\000n\000e\000\040\000M\000o\000d\000e\000l\000s\000\040\000f\000o\000r\000\040\000V\000a\000l\000u\000e\000\040\000P\000r\000e\000d\000i\000c\000t\000i\000o\000n}{section.0.69}% 203
\BOOKMARK [2][-]{subsection.0.69.14}{\376\377\000E\000v\000a\000l\000u\000a\000t\000i\000n\000g\000\040\000M\000o\000d\000e\000l\000s}{section.0.69}% 204
\BOOKMARK [2][-]{subsection.0.69.15}{\376\377\000E\000v\000a\000l\000u\000a\000t\000i\000n\000g\000\040\000C\000l\000a\000s\000s\000i\000f\000i\000e\000r\000s}{section.0.69}% 205
\BOOKMARK [1][-]{section.0.70}{\376\377\000A\000c\000c\000u\000r\000a\000c\000y\000,\000\040\000P\000r\000e\000c\000i\000s\000i\000o\000n\000,\000\040\000R\000e\000c\000a\000l\000l\000,\000\040\000a\000n\000d\000\040\000F\000-\000S\000c\000o\000r\000e}{}% 206
\BOOKMARK [2][-]{subsection.0.70.1}{\376\377\000R\000e\000c\000e\000i\000v\000e\000r\000-\000O\000p\000e\000r\000a\000t\000o\000r\000\040\000C\000h\000a\000r\000a\000c\000t\000e\000r\000i\000s\000t\000i\000c\000\040\000\050\000R\000O\000C\000\051\000\040\000C\000u\000r\000v\000e\000s}{section.0.70}% 207
\BOOKMARK [2][-]{subsection.0.70.2}{\376\377\000E\000v\000a\000l\000u\000a\000t\000i\000n\000g\000\040\000M\000u\000l\000t\000i\000c\000l\000a\000s\000s\000\040\000S\000y\000s\000t\000e\000m\000s}{section.0.70}% 208
\BOOKMARK [2][-]{subsection.0.70.3}{\376\377\000E\000v\000a\000l\000u\000a\000t\000i\000n\000g\000\040\000V\000a\000l\000u\000e\000\040\000P\000r\000e\000d\000i\000c\000t\000i\000o\000n\000\040\000M\000o\000d\000e\000l\000s}{section.0.70}% 209
\BOOKMARK [1][-]{section.0.71}{\376\377\000E\000r\000r\000o\000r\000\040\000S\000t\000a\000t\000i\000s\000t\000i\000c\000s}{}% 210
\BOOKMARK [2][-]{subsection.0.71.1}{\376\377\000E\000v\000a\000l\000u\000a\000t\000i\000o\000n\000\040\000E\000n\000v\000i\000r\000o\000n\000m\000e\000n\000t\000s}{section.0.71}% 211
\BOOKMARK [2][-]{subsection.0.71.2}{\376\377\000D\000a\000t\000a\000\040\000H\000y\000g\000i\000e\000n\000e\000\040\000f\000o\000r\000\040\000E\000v\000a\000l\000u\000a\000t\000i\000o\000n}{section.0.71}% 212
\BOOKMARK [2][-]{subsection.0.71.3}{\376\377\000A\000m\000p\000l\000i\000f\000y\000i\000n\000g\000\040\000S\000m\000a\000l\000l\000\040\000E\000v\000a\000l\000u\000a\000t\000i\000o\000n\000\040\000S\000e\000t\000s}{section.0.71}% 213
\BOOKMARK [2][-]{subsection.0.71.4}{\376\377\000W\000a\000r\000\040\000S\000t\000o\000r\000y\000:\000\040\0001\0000\0000\000\045\000\040\000A\000c\000c\000u\000r\000a\000c\000y}{section.0.71}% 214
\BOOKMARK [2][-]{subsection.0.71.5}{\376\377\000S\000i\000m\000u\000l\000a\000t\000i\000o\000n\000\040\000M\000o\000d\000e\000l\000s}{section.0.71}% 215
\BOOKMARK [2][-]{subsection.0.71.6}{\376\377\000W\000a\000r\000\040\000S\000t\000o\000r\000y\000:\000\040\000C\000a\000l\000c\000u\000l\000a\000t\000e\000d\000\040\000B\000e\000t\000s}{section.0.71}% 216
\BOOKMARK [2][-]{subsection.0.71.7}{\376\377\000C\000h\000a\000p\000t\000e\000r\000\040\000N\000o\000t\000e\000s}{section.0.71}% 217
\BOOKMARK [1][-]{section.0.72}{\376\377\000P\000r\000o\000p\000e\000r\000t\000i\000e\000s\000\040\000o\000f\000\040\000M\000o\000d\000e\000l\000s}{}% 218
\BOOKMARK [1][-]{section.0.73}{\376\377\000E\000v\000a\000l\000u\000a\000t\000i\000o\000n\000\040\000E\000n\000v\000i\000r\000o\000n\000m\000e\000n\000t\000s}{}% 219
\BOOKMARK [1][-]{section.0.74}{\376\377\000I\000m\000p\000l\000e\000m\000e\000n\000t\000a\000t\000i\000o\000n\000\040\000P\000r\000o\000j\000e\000c\000t\000s}{}% 220
\BOOKMARK [1][-]{section.0.75}{\376\377\000I\000n\000t\000e\000r\000v\000i\000e\000w\000\040\000Q\000u\000e\000s\000t\000i\000o\000n\000s}{}% 221
\BOOKMARK [1][-]{section.0.76}{\376\377\000K\000a\000g\000g\000l\000e\000\040\000C\000h\000a\000l\000l\000e\000n\000g\000e\000s}{}% 222
\BOOKMARK [1][-]{section.0.77}{\376\377\000L\000i\000n\000e\000a\000r\000\040\000A\000l\000g\000e\000b\000r\000a}{}% 223
\BOOKMARK [2][-]{subsection.0.77.1}{\376\377\000T\000h\000e\000\040\000P\000o\000w\000e\000r\000\040\000o\000f\000\040\000L\000i\000n\000e\000a\000r\000\040\000A\000l\000g\000e\000b\000r\000a}{section.0.77}% 224
\BOOKMARK [2][-]{subsection.0.77.2}{\376\377\000I\000n\000t\000e\000r\000p\000r\000e\000t\000i\000n\000g\000\040\000L\000i\000n\000e\000a\000r\000\040\000A\000l\000g\000e\000b\000r\000a\000i\000c\000\040\000F\000o\000r\000m\000u\000l\000a\000e}{section.0.77}% 225
\BOOKMARK [2][-]{subsection.0.77.3}{\376\377\000G\000e\000o\000m\000e\000t\000r\000y\000\040\000a\000n\000d\000\040\000V\000e\000c\000t\000o\000r\000s}{section.0.77}% 226
\BOOKMARK [2][-]{subsection.0.77.4}{\376\377\000V\000i\000s\000u\000a\000l\000i\000z\000i\000n\000g\000\040\000M\000a\000t\000r\000i\000x\000\040\000O\000p\000e\000r\000a\000t\000i\000o\000n\000s}{section.0.77}% 227
\BOOKMARK [2][-]{subsection.0.77.5}{\376\377\000M\000a\000t\000r\000i\000x\000\040\000A\000d\000d\000i\000t\000i\000o\000n}{section.0.77}% 228
\BOOKMARK [2][-]{subsection.0.77.6}{\376\377\000M\000a\000t\000r\000i\000x\000\040\000M\000u\000l\000t\000i\000p\000l\000i\000c\000a\000t\000i\000o\000n}{section.0.77}% 229
\BOOKMARK [2][-]{subsection.0.77.7}{\376\377\000A\000p\000p\000l\000i\000c\000a\000t\000i\000o\000n\000s\000\040\000o\000f\000\040\000M\000a\000t\000r\000i\000x\000\040\000M\000u\000l\000t\000i\000p\000l\000i\000c\000a\000t\000i\000o\000n}{section.0.77}% 230
\BOOKMARK [1][-]{section.0.78}{\376\377\000C\000o\000v\000a\000r\000i\000a\000n\000c\000e\000\040\000M\000a\000t\000r\000i\000c\000e\000s}{}% 231
\BOOKMARK [1][-]{section.0.79}{\376\377\000M\000a\000t\000r\000i\000x\000\040\000M\000u\000l\000t\000i\000p\000l\000i\000c\000a\000t\000i\000o\000n\000\040\000a\000n\000d\000\040\000P\000a\000t\000h\000s}{}% 232
\BOOKMARK [1][-]{section.0.80}{\376\377\000M\000a\000t\000r\000i\000x\000\040\000M\000u\000l\000t\000i\000p\000l\000i\000c\000a\000t\000i\000o\000n\000\040\000a\000n\000d\000\040\000P\000e\000r\000m\000u\000t\000a\000t\000i\000o\000n\000s}{}% 233
\BOOKMARK [1][-]{section.0.81}{\376\377\000R\000o\000t\000a\000t\000i\000n\000g\000\040\000P\000o\000i\000n\000t\000s\000\040\000i\000n\000\040\000S\000p\000a\000c\000e}{}% 234
\BOOKMARK [2][-]{subsection.0.81.1}{\376\377\000I\000d\000e\000n\000t\000i\000t\000y\000\040\000M\000a\000t\000r\000i\000c\000e\000s\000\040\000a\000n\000d\000\040\000I\000n\000v\000e\000r\000s\000i\000o\000n}{section.0.81}% 235
\BOOKMARK [2][-]{subsection.0.81.2}{\376\377\000M\000a\000t\000r\000i\000x\000\040\000I\000n\000v\000e\000r\000s\000i\000o\000n\000\040\000a\000n\000d\000\040\000L\000i\000n\000e\000a\000r\000\040\000S\000y\000s\000t\000e\000m\000s}{section.0.81}% 236
\BOOKMARK [2][-]{subsection.0.81.3}{\376\377\000M\000a\000t\000r\000i\000x\000\040\000R\000a\000n\000k}{section.0.81}% 237
\BOOKMARK [2][-]{subsection.0.81.4}{\376\377\000F\000a\000c\000t\000o\000r\000i\000n\000g\000\040\000M\000a\000t\000r\000i\000c\000e\000s}{section.0.81}% 238
\BOOKMARK [2][-]{subsection.0.81.5}{\376\377\000W\000h\000y\000\040\000F\000a\000c\000t\000o\000r\000\040\000F\000e\000a\000t\000u\000r\000e\000\040\000M\000a\000t\000r\000i\000c\000e\000s\000?}{section.0.81}% 239
\BOOKMARK [2][-]{subsection.0.81.6}{\376\377\000L\000U\000\040\000D\000e\000c\000o\000m\000p\000o\000s\000i\000t\000i\000o\000n\000\040\000a\000n\000d\000\040\000D\000e\000t\000e\000r\000m\000i\000n\000a\000n\000t\000s}{section.0.81}% 240
\BOOKMARK [2][-]{subsection.0.81.7}{\376\377\000E\000i\000g\000e\000n\000v\000a\000l\000u\000e\000s\000\040\000a\000n\000d\000\040\000E\000i\000g\000e\000n\000v\000e\000c\000t\000o\000r\000s}{section.0.81}% 241
\BOOKMARK [2][-]{subsection.0.81.8}{\376\377\000P\000r\000o\000p\000e\000r\000t\000i\000e\000s\000\040\000o\000f\000\040\000E\000i\000g\000e\000n\000v\000a\000l\000u\000e\000s}{section.0.81}% 242
\BOOKMARK [2][-]{subsection.0.81.9}{\376\377\000C\000o\000m\000p\000u\000t\000i\000n\000g\000\040\000E\000i\000g\000e\000n\000v\000a\000l\000u\000e\000s}{section.0.81}% 243
\BOOKMARK [2][-]{subsection.0.81.10}{\376\377\000E\000i\000g\000e\000n\000v\000a\000l\000u\000e\000\040\000D\000e\000c\000o\000m\000p\000o\000s\000i\000t\000i\000o\000n}{section.0.81}% 244
\BOOKMARK [2][-]{subsection.0.81.11}{\376\377\000S\000i\000n\000g\000u\000l\000a\000r\000\040\000V\000a\000l\000u\000e\000\040\000D\000e\000c\000o\000m\000p\000o\000s\000i\000t\000i\000o\000n}{section.0.81}% 245
\BOOKMARK [2][-]{subsection.0.81.12}{\376\377\000P\000r\000i\000n\000c\000i\000p\000a\000l\000\040\000C\000o\000m\000p\000o\000n\000e\000n\000t\000s\000\040\000A\000n\000a\000l\000y\000s\000i\000s}{section.0.81}% 246
\BOOKMARK [2][-]{subsection.0.81.13}{\376\377\000W\000a\000r\000\040\000S\000t\000o\000r\000y\000:\000\040\000T\000h\000e\000\040\000H\000u\000m\000a\000n\000\040\000F\000a\000c\000t\000o\000r\000s}{section.0.81}% 247
\BOOKMARK [2][-]{subsection.0.81.14}{\376\377\000C\000h\000a\000p\000t\000e\000r\000\040\000N\000o\000t\000e\000s}{section.0.81}% 248
\BOOKMARK [1][-]{section.0.82}{\376\377\000B\000a\000s\000i\000c\000\040\000L\000i\000n\000e\000a\000r\000\040\000A\000l\000g\000e\000b\000r\000a}{}% 249
\BOOKMARK [1][-]{section.0.83}{\376\377\000E\000i\000g\000e\000n\000v\000a\000l\000u\000e\000s\000\040\000a\000n\000d\000\040\000E\000i\000g\000e\000n\000v\000e\000c\000t\000o\000r\000s}{}% 250
\BOOKMARK [1][-]{section.0.84}{\376\377\000I\000m\000p\000l\000e\000m\000e\000n\000t\000a\000t\000i\000o\000n\000\040\000P\000r\000o\000j\000e\000c\000t\000s}{}% 251
\BOOKMARK [1][-]{section.0.85}{\376\377\000I\000n\000t\000e\000r\000v\000i\000e\000w\000\040\000Q\000u\000e\000s\000t\000i\000o\000n\000s}{}% 252
\BOOKMARK [1][-]{section.0.86}{\376\377\000K\000a\000g\000g\000l\000e\000\040\000C\000h\000a\000l\000l\000e\000n\000g\000e\000s}{}% 253
\BOOKMARK [1][-]{section.0.87}{\376\377\000L\000i\000n\000e\000a\000r\000\040\000a\000n\000d\000\040\000L\000o\000g\000i\000s\000t\000i\000c\000\040\000R\000e\000g\000r\000e\000s\000s\000i\000o\000n}{}% 254
\BOOKMARK [2][-]{subsection.0.87.1}{\376\377\000L\000i\000n\000e\000a\000r\000\040\000R\000e\000g\000r\000e\000s\000s\000i\000o\000n}{section.0.87}% 255
\BOOKMARK [2][-]{subsection.0.87.2}{\376\377\000L\000i\000n\000e\000a\000r\000\040\000R\000e\000g\000r\000e\000s\000s\000i\000o\000n\000\040\000a\000n\000d\000\040\000D\000u\000a\000l\000i\000t\000y}{section.0.87}% 256
\BOOKMARK [2][-]{subsection.0.87.3}{\376\377\000E\000r\000r\000o\000r\000\040\000i\000n\000\040\000L\000i\000n\000e\000a\000r\000\040\000R\000e\000g\000r\000e\000s\000s\000i\000o\000n}{section.0.87}% 257
\BOOKMARK [2][-]{subsection.0.87.4}{\376\377\000F\000i\000n\000d\000i\000n\000g\000\040\000t\000h\000e\000\040\000O\000p\000t\000i\000m\000a\000l\000\040\000F\000i\000t}{section.0.87}% 258
\BOOKMARK [2][-]{subsection.0.87.5}{\376\377\000B\000e\000t\000t\000e\000r\000\040\000R\000e\000g\000r\000e\000s\000s\000i\000o\000n\000\040\000M\000o\000d\000e\000l\000s}{section.0.87}% 259
\BOOKMARK [2][-]{subsection.0.87.6}{\376\377\000R\000e\000m\000o\000v\000i\000n\000g\000\040\000O\000u\000t\000l\000i\000e\000r\000s}{section.0.87}% 260
\BOOKMARK [2][-]{subsection.0.87.7}{\376\377\000F\000i\000t\000t\000i\000n\000g\000\040\000N\000o\000n\000-\000L\000i\000n\000e\000a\000r\000\040\000F\000u\000n\000c\000t\000i\000o\000n\000s}{section.0.87}% 261
\BOOKMARK [2][-]{subsection.0.87.8}{\376\377\000F\000e\000a\000t\000u\000r\000e\000\040\000a\000n\000d\000\040\000T\000a\000r\000g\000e\000t\000\040\000S\000c\000a\000l\000i\000n\000g}{section.0.87}% 262
\BOOKMARK [1][-]{section.0.88}{\376\377\000F\000e\000a\000t\000u\000r\000e\000\040\000S\000c\000a\000l\000i\000n\000g\000:\000\040\000Z\000-\000S\000c\000o\000r\000e\000s}{}% 263
\BOOKMARK [1][-]{section.0.89}{\376\377\000S\000u\000b\000l\000i\000n\000e\000a\000r\000\040\000F\000e\000a\000t\000u\000r\000e\000\040\000S\000c\000a\000l\000i\000n\000g}{}% 264
\BOOKMARK [1][-]{section.0.90}{\376\377\000S\000u\000b\000l\000i\000n\000e\000a\000r\000\040\000T\000a\000r\000g\000e\000t\000\040\000S\000c\000a\000l\000i\000n\000g}{}% 265
\BOOKMARK [2][-]{subsection.0.90.1}{\376\377\000D\000e\000a\000l\000i\000n\000g\000\040\000w\000i\000t\000h\000\040\000H\000i\000g\000h\000l\000y\000-\000C\000o\000r\000r\000e\000l\000a\000t\000e\000d\000\040\000F\000e\000a\000t\000u\000r\000e\000s}{section.0.90}% 266
\BOOKMARK [2][-]{subsection.0.90.2}{\376\377\000W\000a\000r\000\040\000S\000t\000o\000r\000y\000:\000\040\000T\000a\000x\000i\000\040\000D\000e\000r\000i\000v\000e\000r}{section.0.90}% 267
\BOOKMARK [2][-]{subsection.0.90.3}{\376\377\000R\000e\000g\000r\000e\000s\000s\000i\000o\000n\000\040\000a\000s\000\040\000P\000a\000r\000a\000m\000e\000t\000e\000r\000\040\000F\000i\000t\000t\000i\000n\000g}{section.0.90}% 268
\BOOKMARK [2][-]{subsection.0.90.4}{\376\377\000C\000o\000n\000v\000e\000x\000\040\000P\000a\000r\000a\000m\000e\000t\000e\000r\000\040\000S\000p\000a\000c\000e\000s}{section.0.90}% 269
\BOOKMARK [2][-]{subsection.0.90.5}{\376\377\000G\000r\000a\000d\000i\000e\000n\000t\000\040\000D\000e\000s\000c\000e\000n\000t\000\040\000S\000e\000a\000r\000c\000h}{section.0.90}% 270
\BOOKMARK [1][-]{section.0.91}{\376\377\000G\000r\000a\000d\000i\000e\000n\000t\000\040\000d\000e\000s\000c\000e\000n\000t\000\040\000s\000e\000a\000r\000c\000h\000\040\000i\000n\000\040\000t\000w\000o\000\040\000d\000i\000m\000e\000n\000s\000i\000o\000n\000s}{}% 271
\BOOKMARK [2][-]{subsection.0.91.1}{\376\377\000W\000h\000a\000t\000\040\000i\000s\000\040\000t\000h\000e\000\040\000R\000i\000g\000h\000t\000\040\000L\000e\000a\000r\000n\000i\000n\000g\000\040\000R\000a\000t\000e\000?}{section.0.91}% 272
\BOOKMARK [2][-]{subsection.0.91.2}{\376\377\000S\000t\000o\000c\000h\000a\000s\000t\000i\000c\000\040\000G\000r\000a\000d\000i\000e\000n\000t\000\040\000D\000e\000s\000c\000e\000n\000t}{section.0.91}% 273
\BOOKMARK [2][-]{subsection.0.91.3}{\376\377\000S\000i\000m\000p\000l\000i\000f\000y\000i\000n\000g\000\040\000M\000o\000d\000e\000l\000s\000\040\000t\000h\000r\000o\000u\000g\000h\000\040\000R\000e\000g\000u\000l\000a\000r\000i\000z\000a\000t\000i\000o\000n}{section.0.91}% 274
\BOOKMARK [2][-]{subsection.0.91.4}{\376\377\000R\000i\000d\000g\000e\000\040\000R\000e\000g\000r\000e\000s\000s\000i\000o\000n}{section.0.91}% 275
\BOOKMARK [2][-]{subsection.0.91.5}{\376\377\000L\000A\000S\000S\000O\000\040\000R\000e\000g\000r\000e\000s\000s\000i\000o\000n}{section.0.91}% 276
\BOOKMARK [2][-]{subsection.0.91.6}{\376\377\000T\000r\000a\000d\000e\000-\000O\000f\000f\000s\000\040\000b\000e\000t\000w\000e\000e\000n\000\040\000F\000i\000t\000\040\000a\000n\000d\000\040\000C\000o\000m\000p\000l\000e\000x\000i\000t\000y}{section.0.91}% 277
\BOOKMARK [2][-]{subsection.0.91.7}{\376\377\000C\000l\000a\000s\000s\000i\000f\000i\000c\000a\000t\000i\000o\000n\000\040\000a\000n\000d\000\040\000L\000o\000g\000i\000s\000t\000i\000c\000\040\000R\000e\000g\000r\000e\000s\000s\000i\000o\000n}{section.0.91}% 278
\BOOKMARK [2][-]{subsection.0.91.8}{\376\377\000R\000e\000g\000r\000e\000s\000s\000i\000o\000n\000\040\000f\000o\000r\000\040\000C\000l\000a\000s\000s\000i\000f\000i\000c\000a\000t\000i\000o\000n}{section.0.91}% 279
\BOOKMARK [2][-]{subsection.0.91.9}{\376\377\000D\000e\000c\000i\000s\000i\000o\000n\000\040\000B\000o\000u\000n\000d\000a\000r\000i\000e\000s}{section.0.91}% 280
\BOOKMARK [2][-]{subsection.0.91.10}{\376\377\000L\000o\000g\000i\000s\000t\000i\000c\000\040\000R\000e\000g\000r\000e\000s\000s\000i\000o\000n}{section.0.91}% 281
\BOOKMARK [2][-]{subsection.0.91.11}{\376\377\000I\000s\000s\000u\000e\000s\000\040\000i\000n\000\040\000L\000o\000g\000i\000s\000t\000i\000c\000\040\000C\000l\000a\000s\000s\000i\000f\000i\000c\000a\000t\000i\000o\000n}{section.0.91}% 282
\BOOKMARK [2][-]{subsection.0.91.12}{\376\377\000B\000a\000l\000a\000n\000c\000e\000d\000\040\000T\000r\000a\000i\000n\000i\000n\000g\000\040\000C\000l\000a\000s\000s\000e\000s}{section.0.91}% 283
\BOOKMARK [2][-]{subsection.0.91.13}{\376\377\000M\000u\000l\000t\000i\000-\000C\000l\000a\000s\000s\000\040\000C\000l\000a\000s\000s\000i\000f\000i\000c\000a\000t\000i\000o\000n}{section.0.91}% 284
\BOOKMARK [2][-]{subsection.0.91.14}{\376\377\000H\000i\000e\000r\000a\000r\000c\000h\000i\000c\000a\000l\000\040\000C\000l\000a\000s\000s\000i\000f\000i\000c\000a\000t\000i\000o\000n}{section.0.91}% 285
\BOOKMARK [2][-]{subsection.0.91.15}{\376\377\000P\000a\000r\000t\000i\000t\000i\000o\000n\000\040\000F\000u\000n\000c\000t\000i\000o\000n\000s\000\040\000a\000n\000d\000\040\000M\000u\000l\000t\000i\000n\000o\000m\000i\000a\000l\000\040\000R\000e\000g\000r\000e\000s\000s\000i\000o\000n}{section.0.91}% 286
\BOOKMARK [2][-]{subsection.0.91.16}{\376\377\000C\000h\000a\000p\000t\000e\000r\000\040\000N\000o\000t\000e\000s}{section.0.91}% 287
\BOOKMARK [1][-]{section.0.92}{\376\377\000L\000i\000n\000e\000a\000r\000\040\000R\000e\000g\000r\000e\000s\000s\000i\000o\000n}{}% 288
\BOOKMARK [1][-]{section.0.93}{\376\377\000E\000x\000p\000e\000r\000i\000m\000e\000n\000t\000s\000\040\000w\000i\000t\000h\000\040\000L\000i\000n\000e\000a\000r\000\040\000R\000e\000g\000r\000e\000s\000s\000i\000o\000n}{}% 289
\BOOKMARK [1][-]{section.0.94}{\376\377\000I\000m\000p\000l\000e\000m\000e\000n\000t\000a\000t\000i\000o\000n\000\040\000P\000r\000o\000j\000e\000c\000t\000s}{}% 290
\BOOKMARK [1][-]{section.0.95}{\376\377\000I\000n\000t\000e\000r\000v\000i\000e\000w\000\040\000Q\000u\000e\000s\000t\000i\000o\000n\000s}{}% 291
\BOOKMARK [1][-]{section.0.96}{\376\377\000K\000a\000g\000g\000l\000e\000\040\000C\000h\000a\000l\000l\000e\000n\000g\000e\000s}{}% 292
\BOOKMARK [1][-]{section.0.97}{\376\377\000D\000i\000s\000t\000a\000n\000c\000e\000\040\000a\000n\000d\000\040\000N\000e\000t\000w\000o\000r\000k\000\040\000M\000e\000t\000h\000o\000d\000s}{}% 293
\BOOKMARK [2][-]{subsection.0.97.1}{\376\377\000M\000e\000a\000s\000u\000r\000i\000n\000g\000\040\000D\000i\000s\000t\000a\000n\000c\000e\000s}{section.0.97}% 294
\BOOKMARK [2][-]{subsection.0.97.2}{\376\377\000D\000i\000s\000t\000a\000n\000c\000e\000\040\000M\000e\000t\000r\000i\000c\000s}{section.0.97}% 295
\BOOKMARK [2][-]{subsection.0.97.3}{\376\377\000T\000h\000e\000\040\000L\000_\000k\000\040\000D\000i\000s\000t\000a\000n\000c\000e\000\040\000M\000e\000t\000r\000i\000c}{section.0.97}% 296
\BOOKMARK [2][-]{subsection.0.97.4}{\376\377\000W\000o\000r\000k\000i\000n\000g\000\040\000i\000n\000\040\000H\000i\000g\000h\000e\000r\000\040\000D\000i\000m\000e\000n\000s\000i\000o\000n\000s}{section.0.97}% 297
\BOOKMARK [2][-]{subsection.0.97.5}{\376\377\000D\000i\000m\000e\000n\000s\000i\000o\000n\000a\000l\000\040\000E\000g\000a\000l\000i\000t\000a\000r\000i\000a\000n\000i\000s\000m}{section.0.97}% 298
\BOOKMARK [2][-]{subsection.0.97.6}{\376\377\000P\000o\000i\000n\000t\000s\000\040\000v\000s\000.\000\040\000V\000e\000c\000t\000o\000r\000s}{section.0.97}% 299
\BOOKMARK [2][-]{subsection.0.97.7}{\376\377\000D\000i\000s\000t\000a\000n\000c\000e\000s\000\040\000b\000e\000t\000w\000e\000e\000n\000\040\000P\000r\000o\000b\000a\000b\000i\000l\000i\000t\000y\000\040\000D\000i\000s\000t\000r\000i\000b\000u\000t\000i\000o\000n\000s}{section.0.97}% 300
\BOOKMARK [2][-]{subsection.0.97.8}{\376\377\000N\000e\000a\000r\000e\000s\000t\000\040\000N\000e\000i\000g\000h\000b\000o\000r\000\040\000C\000l\000a\000s\000s\000i\000f\000i\000c\000a\000t\000i\000o\000n}{section.0.97}% 301
\BOOKMARK [2][-]{subsection.0.97.9}{\376\377\000S\000e\000e\000k\000i\000n\000g\000\040\000G\000o\000o\000d\000\040\000A\000n\000a\000l\000o\000g\000i\000e\000s}{section.0.97}% 302
\BOOKMARK [2][-]{subsection.0.97.10}{\376\377\000k\000-\000N\000e\000a\000r\000e\000s\000t\000\040\000N\000e\000i\000g\000h\000b\000o\000r\000s}{section.0.97}% 303
\BOOKMARK [2][-]{subsection.0.97.11}{\376\377\000F\000i\000n\000d\000i\000n\000g\000\040\000N\000e\000a\000r\000e\000s\000t\000\040\000N\000e\000i\000g\000h\000b\000o\000r\000s}{section.0.97}% 304
\BOOKMARK [2][-]{subsection.0.97.12}{\376\377\000L\000o\000c\000a\000l\000i\000t\000y\000\040\000S\000e\000n\000s\000i\000t\000i\000v\000e\000\040\000H\000a\000s\000h\000i\000n\000g}{section.0.97}% 305
\BOOKMARK [2][-]{subsection.0.97.13}{\376\377\000G\000r\000a\000p\000h\000s\000,\000\040\000N\000e\000t\000w\000o\000r\000k\000s\000,\000\040\000a\000n\000d\000\040\000D\000i\000s\000t\000a\000n\000c\000e\000s}{section.0.97}% 306
\BOOKMARK [2][-]{subsection.0.97.14}{\376\377\000W\000e\000i\000g\000h\000t\000e\000d\000\040\000G\000r\000a\000p\000h\000s\000\040\000a\000n\000d\000\040\000I\000n\000d\000u\000c\000e\000d\000\040\000N\000e\000t\000w\000o\000r\000k\000s}{section.0.97}% 307
\BOOKMARK [2][-]{subsection.0.97.15}{\376\377\000T\000a\000l\000k\000i\000n\000g\000\040\000A\000b\000o\000u\000t\000\040\000G\000r\000a\000p\000h\000s}{section.0.97}% 308
\BOOKMARK [2][-]{subsection.0.97.16}{\376\377\000G\000r\000a\000p\000h\000\040\000T\000h\000e\000o\000r\000y}{section.0.97}% 309
\BOOKMARK [2][-]{subsection.0.97.17}{\376\377\000P\000a\000g\000e\000R\000a\000n\000k}{section.0.97}% 310
\BOOKMARK [2][-]{subsection.0.97.18}{\376\377\000C\000l\000u\000s\000t\000e\000r\000i\000n\000g}{section.0.97}% 311
\BOOKMARK [2][-]{subsection.0.97.19}{\376\377\000k\000-\000m\000e\000a\000n\000s\000\040\000C\000l\000u\000s\000t\000e\000r\000i\000n\000g}{section.0.97}% 312
\BOOKMARK [1][-]{section.0.98}{\376\377\000K\000-\000m\000e\000a\000n\000s\000\040\000c\000l\000u\000s\000t\000e\000r\000i\000n\000g}{}% 313
\BOOKMARK [1][-]{section.0.99}{\376\377\000C\000e\000n\000t\000e\000r\000s\000\040\000o\000r\000\040\000C\000e\000n\000t\000r\000o\000i\000d\000s\000?}{}% 314
\BOOKMARK [1][-]{section.0.100}{\376\377\000H\000o\000w\000\040\000M\000a\000n\000y\000\040\000C\000l\000u\000s\000t\000e\000r\000s\000?}{}% 315
\BOOKMARK [1][-]{section.0.101}{\376\377\000E\000x\000p\000e\000c\000t\000a\000t\000i\000o\000n\000\040\000M\000a\000x\000i\000m\000i\000z\000a\000t\000i\000o\000n}{}% 316
\BOOKMARK [2][-]{subsection.0.101.1}{\376\377\000A\000g\000g\000l\000o\000m\000e\000r\000a\000t\000i\000v\000e\000\040\000C\000l\000u\000s\000t\000e\000r\000i\000n\000g}{section.0.101}% 317
\BOOKMARK [1][-]{section.0.102}{\376\377\000U\000s\000i\000n\000g\000\040\000A\000g\000g\000l\000o\000m\000e\000r\000a\000t\000i\000v\000e\000\040\000T\000r\000e\000e\000s}{}% 318
\BOOKMARK [1][-]{section.0.103}{\376\377\000B\000u\000i\000l\000d\000i\000n\000g\000\040\000A\000g\000g\000l\000o\000m\000e\000r\000a\000t\000i\000v\000e\000\040\000C\000l\000u\000s\000t\000e\000r\000\040\000T\000r\000e\000e\000s}{}% 319
\BOOKMARK [2][-]{subsection.0.103.1}{\376\377\000C\000o\000m\000p\000a\000r\000i\000n\000g\000\040\000C\000l\000u\000s\000t\000e\000r\000i\000n\000g\000s}{section.0.103}% 320
\BOOKMARK [2][-]{subsection.0.103.2}{\376\377\000S\000i\000m\000i\000l\000a\000r\000i\000t\000y\000\040\000G\000r\000a\000p\000h\000s\000\040\000a\000n\000d\000\040\000C\000u\000t\000-\000B\000a\000s\000e\000d\000\040\000C\000l\000u\000s\000t\000e\000r\000i\000n\000g}{section.0.103}% 321
\BOOKMARK [1][-]{section.0.104}{\376\377\000C\000u\000t\000s\000\040\000i\000n\000\040\000G\000r\000a\000p\000h\000s}{}% 322
\BOOKMARK [2][-]{subsection.0.104.1}{\376\377\000W\000a\000r\000\040\000S\000t\000o\000r\000y\000:\000\040\000C\000l\000u\000s\000t\000e\000r\000\040\000B\000o\000m\000b\000i\000n\000g}{section.0.104}% 323
\BOOKMARK [2][-]{subsection.0.104.2}{\376\377\000C\000h\000a\000p\000t\000e\000r\000\040\000N\000o\000t\000e\000s}{section.0.104}% 324
\BOOKMARK [1][-]{section.0.105}{\376\377\000D\000i\000s\000t\000a\000n\000c\000e\000\040\000M\000e\000t\000r\000i\000c\000s}{}% 325
\BOOKMARK [1][-]{section.0.106}{\376\377\000N\000e\000a\000r\000e\000s\000t\000\040\000N\000e\000i\000g\000h\000b\000o\000r\000\040\000C\000l\000a\000s\000s\000i\000f\000i\000c\000a\000t\000i\000o\000n}{}% 326
\BOOKMARK [1][-]{section.0.107}{\376\377\000N\000e\000t\000w\000o\000r\000k\000s}{}% 327
\BOOKMARK [1][-]{section.0.108}{\376\377\000C\000l\000u\000s\000t\000e\000r\000i\000n\000g}{}% 328
\BOOKMARK [1][-]{section.0.109}{\376\377\000I\000m\000p\000l\000e\000m\000e\000n\000t\000a\000t\000i\000o\000n\000\040\000P\000r\000o\000j\000e\000c\000t\000s}{}% 329
\BOOKMARK [1][-]{section.0.110}{\376\377\000I\000n\000t\000e\000r\000v\000i\000e\000w\000\040\000Q\000u\000e\000s\000t\000i\000o\000n\000s}{}% 330
\BOOKMARK [1][-]{section.0.111}{\376\377\000K\000a\000g\000g\000l\000e\000\040\000C\000h\000a\000l\000l\000e\000n\000g\000e\000s}{}% 331
\BOOKMARK [1][-]{section.0.112}{\376\377\000M\000a\000c\000h\000i\000n\000e\000\040\000L\000e\000a\000r\000n\000i\000n\000g}{}% 332
\BOOKMARK [2][-]{subsection.0.112.1}{\376\377\000N\000a\000i\000v\000e\000\040\000B\000a\000y\000e\000s}{section.0.112}% 333
\BOOKMARK [2][-]{subsection.0.112.2}{\376\377\000F\000o\000r\000m\000u\000l\000a\000t\000i\000o\000n}{section.0.112}% 334
\BOOKMARK [2][-]{subsection.0.112.3}{\376\377\000D\000e\000a\000l\000i\000n\000g\000\040\000w\000i\000t\000h\000\040\000Z\000e\000r\000o\000\040\000C\000o\000u\000n\000t\000s\000\040\000\050\000D\000i\000s\000c\000o\000u\000n\000t\000i\000n\000g\000\051}{section.0.112}% 335
\BOOKMARK [2][-]{subsection.0.112.4}{\376\377\000D\000e\000c\000i\000s\000i\000o\000n\000\040\000T\000r\000e\000e\000\040\000C\000l\000a\000s\000s\000i\000f\000i\000e\000r\000s}{section.0.112}% 336
\BOOKMARK [2][-]{subsection.0.112.5}{\376\377\000C\000o\000n\000s\000t\000r\000u\000c\000t\000i\000n\000g\000\040\000D\000e\000c\000i\000s\000i\000o\000n\000\040\000T\000r\000e\000e\000s}{section.0.112}% 337
\BOOKMARK [2][-]{subsection.0.112.6}{\376\377\000R\000e\000a\000l\000i\000z\000i\000n\000g\000\040\000E\000x\000c\000l\000u\000s\000i\000v\000e\000\040\000O\000r}{section.0.112}% 338
\BOOKMARK [2][-]{subsection.0.112.7}{\376\377\000E\000n\000s\000e\000m\000b\000l\000e\000s\000\040\000o\000f\000\040\000D\000e\000c\000i\000s\000i\000o\000n\000\040\000T\000r\000e\000e\000s}{section.0.112}% 339
\BOOKMARK [2][-]{subsection.0.112.8}{\376\377\000B\000o\000o\000s\000t\000i\000n\000g\000\040\000a\000n\000d\000\040\000E\000n\000s\000e\000m\000b\000l\000e\000\040\000L\000e\000a\000r\000n\000i\000n\000g}{section.0.112}% 340
\BOOKMARK [2][-]{subsection.0.112.9}{\376\377\000V\000o\000t\000i\000n\000g\000\040\000w\000i\000t\000h\000\040\000C\000l\000a\000s\000s\000i\000f\000i\000e\000r\000s}{section.0.112}% 341
\BOOKMARK [2][-]{subsection.0.112.10}{\376\377\000B\000o\000o\000s\000t\000i\000n\000g\000\040\000A\000l\000g\000o\000r\000i\000t\000h\000m\000s}{section.0.112}% 342
\BOOKMARK [1][-]{section.0.113}{\376\377\000A\000d\000a\000B\000o\000o\000s\000t}{}% 343
\BOOKMARK [2][-]{subsection.0.113.1}{\376\377\000S\000u\000p\000p\000o\000r\000t\000\040\000V\000e\000c\000t\000o\000r\000\040\000M\000a\000c\000h\000i\000n\000e\000s}{section.0.113}% 344
\BOOKMARK [2][-]{subsection.0.113.2}{\376\377\000L\000i\000n\000e\000a\000r\000\040\000S\000V\000M\000s}{section.0.113}% 345
\BOOKMARK [2][-]{subsection.0.113.3}{\376\377\000N\000o\000n\000-\000l\000i\000n\000e\000a\000r\000\040\000S\000V\000M\000s}{section.0.113}% 346
\BOOKMARK [2][-]{subsection.0.113.4}{\376\377\000K\000e\000r\000n\000e\000l\000s}{section.0.113}% 347
\BOOKMARK [2][-]{subsection.0.113.5}{\376\377\000D\000e\000g\000r\000e\000e\000s\000\040\000o\000f\000\040\000S\000u\000p\000e\000r\000v\000i\000s\000i\000o\000n}{section.0.113}% 348
\BOOKMARK [2][-]{subsection.0.113.6}{\376\377\000S\000u\000p\000e\000r\000v\000i\000s\000e\000d\000\040\000L\000e\000a\000r\000n\000i\000n\000g}{section.0.113}% 349
\BOOKMARK [2][-]{subsection.0.113.7}{\376\377\000U\000n\000s\000u\000p\000e\000r\000v\000i\000s\000e\000d\000\040\000L\000e\000a\000r\000n\000i\000n\000g}{section.0.113}% 350
\BOOKMARK [1][-]{section.0.114}{\376\377\000T\000o\000p\000i\000c\000\040\000M\000o\000d\000e\000l\000i\000n\000g}{}% 351
\BOOKMARK [2][-]{subsection.0.114.1}{\376\377\000S\000e\000m\000i\000-\000s\000u\000p\000e\000r\000v\000i\000s\000e\000d\000\040\000L\000e\000a\000r\000n\000i\000n\000g}{section.0.114}% 352
\BOOKMARK [2][-]{subsection.0.114.2}{\376\377\000F\000e\000a\000t\000u\000r\000e\000\040\000E\000n\000g\000i\000n\000e\000e\000r\000i\000n\000g}{section.0.114}% 353
\BOOKMARK [2][-]{subsection.0.114.3}{\376\377\000D\000e\000e\000p\000\040\000L\000e\000a\000r\000n\000i\000n\000g}{section.0.114}% 354
\BOOKMARK [2][-]{subsection.0.114.4}{\376\377\000N\000e\000t\000w\000o\000r\000k\000s\000\040\000a\000n\000d\000\040\000D\000e\000p\000t\000h}{section.0.114}% 355
\BOOKMARK [1][-]{section.0.115}{\376\377\000N\000e\000t\000w\000o\000r\000k\000\040\000D\000e\000p\000t\000h}{}% 356
\BOOKMARK [1][-]{section.0.116}{\376\377\000N\000o\000n\000-\000l\000i\000n\000e\000a\000r\000i\000t\000y}{}% 357
\BOOKMARK [2][-]{subsection.0.116.1}{\376\377\000B\000a\000c\000k\000p\000r\000o\000p\000a\000g\000a\000t\000i\000o\000n}{section.0.116}% 358
\BOOKMARK [2][-]{subsection.0.116.2}{\376\377\000W\000o\000r\000d\000\040\000a\000n\000d\000\040\000G\000r\000a\000p\000h\000\040\000E\000m\000b\000e\000d\000d\000i\000n\000g\000s}{section.0.116}% 359
\BOOKMARK [1][-]{section.0.117}{\376\377\000G\000r\000a\000p\000h\000\040\000E\000m\000b\000e\000d\000d\000i\000n\000g\000s}{}% 360
\BOOKMARK [2][-]{subsection.0.117.1}{\376\377\000W\000a\000r\000\040\000S\000t\000o\000r\000y\000:\000\040\000T\000h\000e\000\040\000N\000a\000m\000e\000\040\000G\000a\000m\000e}{section.0.117}% 361
\BOOKMARK [2][-]{subsection.0.117.2}{\376\377\000C\000h\000a\000p\000t\000e\000r\000\040\000N\000o\000t\000e\000s}{section.0.117}% 362
\BOOKMARK [1][-]{section.0.118}{\376\377\000C\000l\000a\000s\000s\000i\000f\000i\000c\000a\000t\000i\000o\000n}{}% 363
\BOOKMARK [1][-]{section.0.119}{\376\377\000D\000e\000c\000i\000s\000i\000o\000n\000\040\000T\000r\000e\000e\000s}{}% 364
\BOOKMARK [1][-]{section.0.120}{\376\377\000S\000u\000p\000p\000o\000r\000t\000\040\000V\000e\000c\000t\000o\000r\000\040\000M\000a\000c\000h\000i\000n\000e\000s}{}% 365
\BOOKMARK [1][-]{section.0.121}{\376\377\000N\000e\000u\000r\000a\000l\000\040\000N\000e\000t\000w\000o\000r\000k\000s}{}% 366
\BOOKMARK [1][-]{section.0.122}{\376\377\000I\000m\000p\000l\000e\000m\000e\000n\000t\000a\000t\000i\000o\000n\000\040\000P\000r\000o\000j\000e\000c\000t\000s}{}% 367
\BOOKMARK [1][-]{section.0.123}{\376\377\000I\000n\000t\000e\000r\000v\000i\000e\000w\000\040\000Q\000u\000e\000s\000t\000i\000o\000n\000s}{}% 368
\BOOKMARK [1][-]{section.0.124}{\376\377\000K\000a\000g\000g\000l\000e\000\040\000C\000h\000a\000l\000l\000e\000n\000g\000e\000s}{}% 369
\BOOKMARK [1][-]{section.0.125}{\376\377\000B\000i\000g\000\040\000D\000a\000t\000a\000:\000\040\000A\000c\000h\000i\000e\000v\000i\000n\000g\000\040\000S\000c\000a\000l\000e}{}% 370
\BOOKMARK [2][-]{subsection.0.125.1}{\376\377\000W\000h\000a\000t\000\040\000i\000s\000\040\000B\000i\000g\000\040\000D\000a\000t\000a\000?}{section.0.125}% 371
\BOOKMARK [2][-]{subsection.0.125.2}{\376\377\000B\000i\000g\000\040\000D\000a\000t\000a\000\040\000a\000s\000\040\000B\000a\000d\000\040\000D\000a\000t\000a}{section.0.125}% 372
\BOOKMARK [2][-]{subsection.0.125.3}{\376\377\000T\000h\000e\000\040\000T\000h\000r\000e\000e\000\040\000V\000s}{section.0.125}% 373
\BOOKMARK [2][-]{subsection.0.125.4}{\376\377\000W\000a\000r\000\040\000S\000t\000o\000r\000y\000:\000\040\000I\000n\000f\000r\000a\000s\000t\000r\000u\000c\000t\000u\000r\000e\000\040\000M\000a\000t\000t\000e\000r\000s}{section.0.125}% 374
\BOOKMARK [2][-]{subsection.0.125.5}{\376\377\000A\000l\000g\000o\000r\000i\000t\000h\000m\000i\000c\000s\000\040\000f\000o\000r\000\040\000B\000i\000g\000\040\000D\000a\000t\000a}{section.0.125}% 375
\BOOKMARK [2][-]{subsection.0.125.6}{\376\377\000B\000i\000g\000\040\000O\000h\000\040\000A\000n\000a\000l\000y\000s\000i\000s}{section.0.125}% 376
\BOOKMARK [2][-]{subsection.0.125.7}{\376\377\000H\000a\000s\000h\000i\000n\000g}{section.0.125}% 377
\BOOKMARK [2][-]{subsection.0.125.8}{\376\377\000E\000x\000p\000l\000o\000i\000t\000i\000n\000g\000\040\000t\000h\000e\000\040\000S\000t\000o\000r\000a\000g\000e\000\040\000H\000i\000e\000r\000a\000r\000c\000h\000y}{section.0.125}% 378
\BOOKMARK [2][-]{subsection.0.125.9}{\376\377\000S\000t\000r\000e\000a\000m\000i\000n\000g\000\040\000a\000n\000d\000\040\000S\000i\000n\000g\000l\000e\000-\000P\000a\000s\000s\000\040\000A\000l\000g\000o\000r\000i\000t\000h\000m\000s}{section.0.125}% 379
\BOOKMARK [2][-]{subsection.0.125.10}{\376\377\000F\000i\000l\000t\000e\000r\000i\000n\000g\000\040\000a\000n\000d\000\040\000S\000a\000m\000p\000l\000i\000n\000g}{section.0.125}% 380
\BOOKMARK [2][-]{subsection.0.125.11}{\376\377\000D\000e\000t\000e\000r\000m\000i\000n\000i\000s\000t\000i\000c\000\040\000S\000a\000m\000p\000l\000i\000n\000g\000\040\000A\000l\000g\000o\000r\000i\000t\000h\000m\000s}{section.0.125}% 381
\BOOKMARK [2][-]{subsection.0.125.12}{\376\377\000R\000a\000n\000d\000o\000m\000i\000z\000e\000d\000\040\000a\000n\000d\000\040\000S\000t\000r\000e\000a\000m\000\040\000S\000a\000m\000p\000l\000i\000n\000g}{section.0.125}% 382
\BOOKMARK [2][-]{subsection.0.125.13}{\376\377\000P\000a\000r\000a\000l\000l\000e\000l\000i\000s\000m}{section.0.125}% 383
\BOOKMARK [2][-]{subsection.0.125.14}{\376\377\000O\000n\000e\000,\000\040\000T\000w\000o\000,\000\040\000M\000a\000n\000y}{section.0.125}% 384
\BOOKMARK [2][-]{subsection.0.125.15}{\376\377\000D\000a\000t\000a\000\040\000P\000a\000r\000a\000l\000l\000e\000l\000i\000s\000m}{section.0.125}% 385
\BOOKMARK [2][-]{subsection.0.125.16}{\376\377\000G\000r\000i\000d\000\040\000S\000e\000a\000r\000c\000h}{section.0.125}% 386
\BOOKMARK [2][-]{subsection.0.125.17}{\376\377\000C\000l\000o\000u\000d\000\040\000C\000o\000m\000p\000u\000t\000i\000n\000g\000\040\000S\000e\000r\000v\000i\000c\000e\000s}{section.0.125}% 387
\BOOKMARK [2][-]{subsection.0.125.18}{\376\377\000M\000a\000p\000R\000e\000d\000u\000c\000e}{section.0.125}% 388
\BOOKMARK [2][-]{subsection.0.125.19}{\376\377\000M\000a\000p\000-\000R\000e\000d\000u\000c\000e\000\040\000P\000r\000o\000g\000r\000a\000m\000m\000i\000n\000g}{section.0.125}% 389
\BOOKMARK [2][-]{subsection.0.125.20}{\376\377\000M\000a\000p\000R\000e\000d\000u\000c\000e\000\040\000u\000n\000d\000e\000r\000\040\000t\000h\000e\000\040\000H\000o\000o\000d}{section.0.125}% 390
\BOOKMARK [1][-]{section.0.126}{\376\377\000D\000i\000s\000t\000r\000i\000b\000u\000t\000e\000d\000\040\000F\000i\000l\000e\000\040\000S\000y\000s\000t\000e\000m\000s}{}% 391
\BOOKMARK [1][-]{section.0.127}{\376\377\000M\000a\000p\000R\000e\000d\000u\000c\000e\000\040\000R\000u\000n\000t\000i\000m\000e\000\040\000S\000y\000s\000t\000e\000m}{}% 392
\BOOKMARK [1][-]{section.0.128}{\376\377\000L\000a\000y\000e\000r\000s\000\040\000u\000p\000o\000n\000\040\000L\000a\000y\000e\000r\000s}{}% 393
\BOOKMARK [2][-]{subsection.0.128.1}{\376\377\000S\000o\000c\000i\000e\000t\000a\000l\000\040\000a\000n\000d\000\040\000E\000t\000h\000i\000c\000a\000l\000\040\000I\000m\000p\000l\000i\000c\000a\000t\000i\000o\000n\000s}{section.0.128}% 394
\BOOKMARK [2][-]{subsection.0.128.2}{\376\377\000C\000h\000a\000p\000t\000e\000r\000\040\000N\000o\000t\000e\000s}{section.0.128}% 395
\BOOKMARK [1][-]{section.0.129}{\376\377\000P\000a\000r\000a\000l\000l\000e\000l\000\040\000a\000n\000d\000\040\000D\000i\000s\000t\000r\000i\000b\000u\000t\000e\000d\000\040\000P\000r\000o\000c\000e\000s\000s\000i\000n\000g}{}% 396
\BOOKMARK [1][-]{section.0.130}{\376\377\000E\000t\000h\000i\000c\000s}{}% 397
\BOOKMARK [1][-]{section.0.131}{\376\377\000I\000m\000p\000l\000e\000m\000e\000n\000t\000a\000t\000i\000o\000n\000\040\000P\000r\000o\000j\000e\000c\000t\000s}{}% 398
\BOOKMARK [1][-]{section.0.132}{\376\377\000I\000n\000t\000e\000r\000v\000i\000e\000w\000\040\000Q\000u\000e\000s\000t\000i\000o\000n\000s}{}% 399
\BOOKMARK [1][-]{section.0.133}{\376\377\000K\000a\000g\000g\000l\000e\000\040\000C\000h\000a\000l\000l\000e\000n\000g\000e\000s}{}% 400
\BOOKMARK [1][-]{section.0.134}{\376\377\000C\000o\000d\000a}{}% 401
\BOOKMARK [2][-]{subsection.0.134.1}{\376\377\000G\000e\000t\000\040\000a\000\040\000J\000o\000b\000!}{section.0.134}% 402
\BOOKMARK [2][-]{subsection.0.134.2}{\376\377\000G\000o\000\040\000t\000o\000\040\000G\000r\000a\000d\000u\000a\000t\000e\000\040\000S\000c\000h\000o\000o\000l\000!}{section.0.134}% 403
\BOOKMARK [2][-]{subsection.0.134.3}{\376\377\000P\000r\000o\000f\000e\000s\000s\000i\000o\000n\000a\000l\000\040\000C\000o\000n\000s\000u\000l\000t\000i\000n\000g\000\040\000S\000e\000r\000v\000i\000c\000e\000s}{section.0.134}% 404
\BOOKMARK [1][-]{section.0.135}{\376\377\000B\000i\000b\000l\000i\000o\000g\000r\000a\000p\000h\000y}{}% 405
\BOOKMARK [1][-]{section.0.136}{\376\377\000I\000n\000d\000e\000x}{}% 406
