\BOOKMARK [0][-]{chapter.1}{\376\377\000P\000r\000e\000f\000a\000c\000e}{}% 1
\BOOKMARK [0][-]{chapter.2}{\376\377\000A\000c\000k\000n\000o\000w\000l\000e\000d\000g\000m\000e\000n\000t\000s}{}% 2
\BOOKMARK [0][-]{chapter.3}{\376\377\000C\000o\000n\000t\000e\000n\000t\000s}{}% 3
\BOOKMARK [1][-]{section.3.1}{\376\377\000C\000h\000a\000p\000t\000e\000r\000\040\0001\000\040\000\040\000I\000n\000t\000r\000o\000d\000u\000c\000t\000i\000o\000n\000:\000\040\000W\000h\000y\000\040\000C\000y\000b\000e\000r\000s\000e\000c\000u\000r\000i\000t\000y\000?}{chapter.3}% 4
\BOOKMARK [1][-]{section.3.2}{\376\377\000I\000n\000f\000o\000r\000m\000a\000t\000i\000o\000n\000\040\000S\000e\000c\000u\000r\000i\000t\000y\000\040\000a\000n\000d\000\040\000C\000y\000b\000e\000r\000s\000e\000c\000u\000r\000i\000t\000y}{chapter.3}% 5
\BOOKMARK [2][-]{subsection.3.2.1}{\376\377\000T\000h\000e\000\040\000D\000e\000v\000e\000l\000o\000p\000m\000e\000n\000t\000\040\000o\000f\000\040\000t\000h\000e\000\040\000I\000n\000t\000e\000r\000n\000e\000t}{section.3.2}% 6
\BOOKMARK [1][-]{section.3.3}{\376\377\000H\000o\000w\000\040\000D\000o\000\040\000C\000o\000m\000p\000u\000t\000e\000r\000s\000\040\000W\000o\000r\000k\000\040\000T\000o\000g\000e\000t\000h\000e\000r\000?}{chapter.3}% 7
\BOOKMARK [2][-]{subsection.3.3.1}{\376\377\000S\000y\000s\000t\000e\000m\000s\000\040\000o\000f\000\040\000S\000y\000s\000t\000e\000m\000s}{section.3.3}% 8
\BOOKMARK [1][-]{section.3.4}{\376\377\000C\000y\000b\000e\000r\000a\000t\000t\000a\000c\000k\000s\000\040\000T\000o\000d\000a\000y}{chapter.3}% 9
\BOOKMARK [1][-]{section.3.5}{\376\377\000S\000e\000c\000u\000r\000i\000t\000y\000\040\000T\000a\000r\000g\000e\000t\000s}{chapter.3}% 10
\BOOKMARK [2][-]{subsection.3.5.1}{\376\377\000C\000I\000A\000\040\000T\000a\000r\000g\000e\000t\000s}{section.3.5}% 11
\BOOKMARK [2][-]{subsection.3.5.2}{\376\377\000S\000e\000c\000u\000r\000i\000t\000y\000\040\000P\000o\000l\000i\000c\000i\000e\000s}{section.3.5}% 12
\BOOKMARK [2][-]{subsection.3.5.3}{\376\377\000A\000\040\000S\000h\000o\000r\000t\000\040\000N\000o\000t\000e\000\040\000o\000n\000\040\000N\000o\000t\000a\000t\000i\000o\000n}{section.3.5}% 13
\BOOKMARK [1][-]{section.3.6}{\376\377\000P\000s\000y\000c\000h\000o\000l\000o\000g\000i\000c\000a\000l\000\040\000A\000t\000t\000a\000c\000k\000s}{chapter.3}% 14
\BOOKMARK [2][-]{subsection.3.6.1}{\376\377\000C\000u\000r\000i\000o\000s\000i\000t\000y}{section.3.6}% 15
\BOOKMARK [2][-]{subsection.3.6.2}{\376\377\000H\000e\000l\000p\000f\000u\000l\000n\000e\000s\000s}{section.3.6}% 16
\BOOKMARK [2][-]{subsection.3.6.3}{\376\377\000S\000y\000m\000p\000a\000t\000h\000y\000\040\000a\000n\000d\000\040\000H\000a\000t\000e}{section.3.6}% 17
\BOOKMARK [2][-]{subsection.3.6.4}{\376\377\000B\000e\000l\000i\000e\000f\000\040\000i\000n\000\040\000A\000u\000t\000h\000o\000r\000i\000t\000y}{section.3.6}% 18
\BOOKMARK [2][-]{subsection.3.6.5}{\376\377\000U\000n\000c\000e\000r\000t\000a\000i\000n\000t\000y\000\040\000i\000n\000\040\000D\000e\000c\000i\000s\000i\000o\000n\000\040\000M\000a\000k\000i\000n\000g}{section.3.6}% 19
\BOOKMARK [1][-]{section.3.7}{\376\377\000P\000h\000i\000s\000h\000i\000n\000g}{chapter.3}% 20
\BOOKMARK [1][-]{section.3.8}{\376\377\000H\000u\000m\000a\000n\000s\000\040\000v\000s\000.\000\040\000M\000a\000c\000h\000i\000n\000e\000s}{chapter.3}% 21
\BOOKMARK [1][-]{section.3.9}{\376\377\000C\000a\000n\000\040\000P\000s\000y\000c\000h\000o\000l\000o\000g\000i\000c\000a\000l\000\040\000A\000t\000t\000a\000c\000k\000s\000\040\000B\000e\000\040\000P\000r\000e\000v\000e\000n\000t\000e\000d\000?}{chapter.3}% 22
\BOOKMARK [2][-]{subsection.3.9.1}{\376\377\000M\000o\000t\000i\000v\000a\000t\000i\000o\000n}{section.3.9}% 23
\BOOKMARK [2][-]{subsection.3.9.2}{\376\377\000T\000r\000a\000i\000n\000i\000n\000g}{section.3.9}% 24
\BOOKMARK [1][-]{section.3.10}{\376\377\000W\000h\000a\000t\000\040\000I\000s\000\040\000R\000i\000s\000k\000?}{chapter.3}% 25
\BOOKMARK [1][-]{section.3.11}{\376\377\000T\000h\000r\000e\000a\000t\000s\000\040\000i\000n\000\040\000I\000T\000\040\000S\000y\000s\000t\000e\000m\000s}{chapter.3}% 26
\BOOKMARK [1][-]{section.3.12}{\376\377\000R\000i\000s\000k\000\040\000M\000a\000n\000a\000g\000e\000m\000e\000n\000t}{chapter.3}% 27
\BOOKMARK [1][-]{section.3.13}{\376\377\000S\000y\000s\000t\000e\000m\000a\000t\000i\000c\000\040\000S\000e\000c\000u\000r\000i\000t\000y\000\040\000A\000n\000a\000l\000y\000s\000i\000s}{chapter.3}% 28
\BOOKMARK [2][-]{subsection.3.13.1}{\376\377\000I\000S\000O\000/\000I\000E\000C\000\040\0002\0007\0000\0000\0002}{section.3.13}% 29
\BOOKMARK [1][-]{section.3.14}{\376\377\000R\000i\000s\000k\000\040\000M\000a\000n\000a\000g\000e\000m\000e\000n\000t\000\040\000a\000s\000\040\000a\000\040\000P\000D\000C\000A\000\040\000P\000r\000o\000c\000e\000s\000s}{chapter.3}% 30
\BOOKMARK [1][-]{section.3.15}{\376\377\000C\000h\000a\000p\000t\000e\000r\000\040\0004\000\040\000\040\000C\000r\000y\000p\000t\000o\000g\000r\000a\000p\000h\000y}{chapter.3}% 31
\BOOKMARK [1][-]{section.3.16}{\376\377\000S\000o\000m\000e\000\040\000C\000e\000n\000t\000r\000a\000l\000\040\000C\000o\000n\000c\000e\000p\000t\000s}{chapter.3}% 32
\BOOKMARK [2][-]{subsection.3.16.1}{\376\377\000C\000r\000y\000p\000t\000o\000s\000y\000s\000t\000e\000m\000s}{section.3.16}% 33
\BOOKMARK [2][-]{subsection.3.16.2}{\376\377\000C\000r\000y\000p\000t\000a\000n\000a\000l\000y\000s\000i\000s}{section.3.16}% 34
\BOOKMARK [1][-]{section.3.17}{\376\377\000S\000y\000m\000m\000e\000t\000r\000i\000c\000\040\000E\000n\000c\000r\000y\000p\000t\000i\000o\000n}{chapter.3}% 35
\BOOKMARK [2][-]{subsection.3.17.1}{\376\377\000S\000u\000b\000s\000t\000i\000t\000u\000t\000i\000o\000n\000\040\000C\000i\000p\000h\000e\000r\000s}{section.3.17}% 36
\BOOKMARK [2][-]{subsection.3.17.2}{\376\377\000R\000a\000n\000d\000o\000m\000\040\000P\000e\000r\000m\000u\000t\000a\000t\000i\000o\000n}{section.3.17}% 37
\BOOKMARK [2][-]{subsection.3.17.3}{\376\377\000P\000o\000l\000y\000a\000l\000p\000h\000a\000b\000e\000t\000i\000c\000\040\000C\000i\000p\000h\000e\000r\000s}{section.3.17}% 38
\BOOKMARK [2][-]{subsection.3.17.4}{\376\377\000V\000i\000g\000e\000n\000\350\000r\000e\000\040\000C\000i\000p\000h\000e\000r\000s}{section.3.17}% 39
\BOOKMARK [2][-]{subsection.3.17.5}{\376\377\000T\000r\000a\000n\000s\000p\000o\000s\000i\000t\000i\000o\000n\000\040\000C\000i\000p\000h\000e\000r\000s}{section.3.17}% 40
\BOOKMARK [1][-]{section.3.18}{\376\377\000M\000o\000d\000e\000r\000n\000\040\000I\000d\000e\000a\000s}{chapter.3}% 41
\BOOKMARK [2][-]{subsection.3.18.1}{\376\377\000C\000o\000n\000f\000u\000s\000i\000o\000n\000\040\000a\000n\000d\000\040\000D\000i\000f\000f\000u\000s\000i\000o\000n}{section.3.18}% 42
\BOOKMARK [2][-]{subsection.3.18.2}{\376\377\000D\000E\000S}{section.3.18}% 43
\BOOKMARK [2][-]{subsection.3.18.3}{\376\377\000A\000E\000S}{section.3.18}% 44
\BOOKMARK [2][-]{subsection.3.18.4}{\376\377\000S\000y\000m\000m\000e\000t\000r\000i\000c\000\040\000S\000t\000r\000e\000a\000m\000\040\000C\000i\000p\000h\000e\000r\000s}{section.3.18}% 45
\BOOKMARK [1][-]{section.3.19}{\376\377\000A\000s\000y\000m\000m\000e\000t\000r\000i\000c\000\040\000C\000r\000y\000p\000t\000o\000s\000y\000s\000t\000e\000m\000s}{chapter.3}% 46
\BOOKMARK [2][-]{subsection.3.19.1}{\376\377\000T\000r\000a\000p\000d\000o\000o\000r\000\040\000F\000u\000n\000c\000t\000i\000o\000n\000s}{section.3.19}% 47
\BOOKMARK [2][-]{subsection.3.19.2}{\376\377\000M\000o\000d\000u\000l\000a\000r\000\040\000A\000r\000i\000t\000h\000m\000e\000t\000i\000c}{section.3.19}% 48
\BOOKMARK [2][-]{subsection.3.19.3}{\376\377\000T\000h\000e\000\040\000R\000S\000A\000\040\000C\000r\000y\000p\000t\000o\000s\000y\000s\000t\000e\000m}{section.3.19}% 49
\BOOKMARK [1][-]{section.3.20}{\376\377\000A\000\040\000C\000o\000m\000p\000a\000r\000i\000s\000o\000n\000\040\000o\000f\000\040\000P\000K\000C\000S\000\040\000a\000n\000d\000\040\000S\000K\000C\000S}{chapter.3}% 50
\BOOKMARK [1][-]{section.3.21}{\376\377\000C\000h\000a\000p\000t\000e\000r\000\040\0005\000\040\000\040\000A\000p\000p\000l\000i\000e\000d\000\040\000C\000r\000y\000p\000t\000o\000g\000r\000a\000p\000h\000y}{chapter.3}% 51
\BOOKMARK [1][-]{section.3.22}{\376\377\000I\000n\000t\000e\000g\000r\000i\000t\000y}{chapter.3}% 52
\BOOKMARK [2][-]{subsection.3.22.1}{\376\377\000C\000r\000y\000p\000t\000o\000g\000r\000a\000p\000h\000i\000c\000\040\000H\000a\000s\000h\000\040\000F\000u\000n\000c\000t\000i\000o\000n\000s}{section.3.22}% 53
\BOOKMARK [2][-]{subsection.3.22.2}{\376\377\000M\000A\000C}{section.3.22}% 54
\BOOKMARK [1][-]{section.3.23}{\376\377\000E\000l\000e\000c\000t\000r\000o\000n\000i\000c\000\040\000S\000i\000g\000n\000a\000t\000u\000r\000e\000s}{chapter.3}% 55
\BOOKMARK [2][-]{subsection.3.23.1}{\376\377\000V\000e\000r\000i\000f\000i\000c\000a\000t\000i\000o\000n\000\040\000o\000f\000\040\000E\000l\000e\000c\000t\000r\000o\000n\000i\000c\000\040\000S\000i\000g\000n\000a\000t\000u\000r\000e\000s}{section.3.23}% 56
\BOOKMARK [2][-]{subsection.3.23.2}{\376\377\000E\000l\000e\000c\000t\000r\000o\000n\000i\000c\000\040\000S\000i\000g\000n\000a\000t\000u\000r\000e\000s\000\040\000w\000i\000t\000h\000\040\000a\000\040\000P\000K\000C\000S}{section.3.23}% 57
\BOOKMARK [2][-]{subsection.3.23.3}{\376\377\000D\000i\000g\000i\000t\000a\000l\000\040\000S\000i\000g\000n\000a\000t\000u\000r\000e\000\040\000S\000t\000a\000n\000d\000a\000r\000d\000\040\000\050\000D\000S\000S\000\051}{section.3.23}% 58
\BOOKMARK [2][-]{subsection.3.23.4}{\376\377\000P\000l\000a\000n\000n\000i\000n\000g\000\040\000f\000o\000r\000\040\000t\000h\000e\000\040\000F\000u\000t\000u\000r\000e}{section.3.23}% 59
\BOOKMARK [1][-]{section.3.24}{\376\377\000A\000u\000t\000h\000e\000n\000t\000i\000c\000a\000t\000i\000o\000n}{chapter.3}% 60
\BOOKMARK [2][-]{subsection.3.24.1}{\376\377\000T\000y\000p\000e\000s\000\040\000o\000f\000\040\000E\000v\000i\000d\000e\000n\000c\000e}{section.3.24}% 61
\BOOKMARK [2][-]{subsection.3.24.2}{\376\377\000A\000u\000t\000h\000e\000n\000t\000i\000c\000a\000t\000i\000o\000n\000\040\000w\000i\000t\000h\000\040\000a\000n\000\040\000S\000K\000C\000S}{section.3.24}% 62
\BOOKMARK [2][-]{subsection.3.24.3}{\376\377\000A\000u\000t\000h\000e\000n\000t\000i\000c\000a\000t\000i\000o\000n\000\040\000w\000i\000t\000h\000\040\000a\000\040\000P\000K\000C\000S}{section.3.24}% 63
\BOOKMARK [1][-]{section.3.25}{\376\377\000K\000e\000y\000\040\000D\000i\000s\000t\000r\000i\000b\000u\000t\000i\000o\000n}{chapter.3}% 64
\BOOKMARK [2][-]{subsection.3.25.1}{\376\377\000D\000i\000f\000f\000i\000e\000-\000H\000e\000l\000l\000m\000a\000n\000\040\000K\000e\000y\000\040\000A\000g\000r\000e\000e\000m\000e\000n\000t}{section.3.25}% 65
\BOOKMARK [2][-]{subsection.3.25.2}{\376\377\000M\000o\000r\000e\000\040\000S\000e\000c\000u\000r\000e\000\040\000K\000e\000y\000\040\000A\000g\000r\000e\000e\000m\000e\000n\000t\000s}{section.3.25}% 66
\BOOKMARK [1][-]{section.3.26}{\376\377\000C\000e\000r\000t\000i\000f\000i\000c\000a\000t\000e\000s}{chapter.3}% 67
\BOOKMARK [2][-]{subsection.3.26.1}{\376\377\000H\000o\000w\000\040\000A\000r\000e\000\040\000C\000e\000r\000t\000i\000f\000i\000c\000a\000t\000e\000s\000\040\000I\000s\000s\000u\000e\000d\000\040\000i\000n\000\040\000a\000\040\000P\000K\000I\000?}{section.3.26}% 68
\BOOKMARK [2][-]{subsection.3.26.2}{\376\377\000A\000c\000c\000e\000s\000s\000\040\000t\000o\000\040\000C\000e\000r\000t\000i\000f\000i\000c\000a\000t\000e\000s}{section.3.26}% 69
\BOOKMARK [1][-]{section.3.27}{\376\377\000T\000r\000u\000s\000t\000\040\000M\000o\000d\000e\000l\000s}{chapter.3}% 70
\BOOKMARK [2][-]{subsection.3.27.1}{\376\377\000T\000h\000e\000\040\000H\000i\000e\000r\000a\000r\000c\000h\000i\000c\000a\000l\000\040\000T\000r\000u\000s\000t\000\040\000M\000o\000d\000e\000l}{section.3.27}% 71
\BOOKMARK [2][-]{subsection.3.27.2}{\376\377\000T\000h\000e\000\040\000R\000e\000p\000u\000t\000a\000t\000i\000o\000n\000-\000b\000a\000s\000e\000d\000\040\000T\000r\000u\000s\000t\000\040\000M\000o\000d\000e\000l}{section.3.27}% 72
\BOOKMARK [1][-]{section.3.28}{\376\377\000E\000s\000t\000a\000b\000l\000i\000s\000h\000i\000n\000g\000\040\000a\000n\000\040\000I\000d\000e\000n\000t\000i\000t\000y}{chapter.3}% 73
\BOOKMARK [0][-]{chapter.4}{\376\377\000C\000o\000m\000m\000u\000n\000i\000c\000a\000t\000i\000o\000n\000\040\000N\000e\000t\000w\000o\000r\000k\000s}{}% 74
\BOOKMARK [1][-]{section.4.1}{\376\377\000B\000a\000s\000i\000c\000\040\000N\000e\000t\000w\000o\000r\000k\000\040\000C\000o\000n\000c\000e\000p\000t\000s}{chapter.4}% 75
\BOOKMARK [2][-]{subsection.4.1.1}{\376\377\000L\000a\000y\000e\000r\000e\000d\000\040\000A\000r\000c\000h\000i\000t\000e\000c\000t\000u\000r\000e\000s}{section.4.1}% 76
\BOOKMARK [2][-]{subsection.4.1.2}{\376\377\000S\000e\000r\000v\000i\000c\000e\000s}{section.4.1}% 77
\BOOKMARK [2][-]{subsection.4.1.3}{\376\377\000P\000r\000o\000t\000o\000c\000o\000l\000s}{section.4.1}% 78
\BOOKMARK [1][-]{section.4.2}{\376\377\000C\000o\000m\000m\000u\000n\000i\000c\000a\000t\000i\000o\000n\000\040\000i\000n\000\040\000t\000h\000e\000\040\000I\000n\000t\000e\000r\000n\000e\000t}{chapter.4}% 79
\BOOKMARK [2][-]{subsection.4.2.1}{\376\377\000D\000a\000t\000a\000\040\000T\000r\000a\000n\000s\000f\000e\000r\000\040\000B\000e\000t\000w\000e\000e\000n\000\040\000L\000a\000y\000e\000r\000s}{section.4.2}% 80
\BOOKMARK [2][-]{subsection.4.2.2}{\376\377\000A\000d\000d\000r\000e\000s\000s\000i\000n\000g}{section.4.2}% 81
\BOOKMARK [2][-]{subsection.4.2.3}{\376\377\000T\000C\000P\000\040\000a\000n\000d\000\040\000U\000D\000P\000\040\000P\000o\000r\000t\000s}{section.4.2}% 82
\BOOKMARK [2][-]{subsection.4.2.4}{\376\377\000F\000u\000n\000c\000t\000i\000o\000n\000s\000\040\000i\000n\000\040\000T\000C\000P\000\040\000a\000n\000d\000\040\000I\000P}{section.4.2}% 83
\BOOKMARK [2][-]{subsection.4.2.5}{\376\377\000D\000N\000S}{section.4.2}% 84
\BOOKMARK [2][-]{subsection.4.2.6}{\376\377\000H\000o\000w\000\040\000D\000o\000\040\000t\000h\000e\000\040\000L\000a\000y\000e\000r\000s\000\040\000W\000o\000r\000k\000\040\000T\000o\000g\000e\000t\000h\000e\000r\000?}{section.4.2}% 85
\BOOKMARK [1][-]{section.4.3}{\376\377\000T\000e\000c\000h\000n\000o\000l\000o\000g\000y}{chapter.4}% 86
\BOOKMARK [2][-]{subsection.4.3.1}{\376\377\000S\000h\000a\000r\000e\000d\000\040\000C\000a\000b\000l\000e\000-\000b\000a\000s\000e\000d\000\040\000M\000e\000d\000i\000a}{section.4.3}% 87
\BOOKMARK [2][-]{subsection.4.3.2}{\376\377\000W\000i\000r\000e\000l\000e\000s\000s\000\040\000N\000e\000t\000w\000o\000r\000k\000s}{section.4.3}% 88
\BOOKMARK [2][-]{subsection.4.3.3}{\376\377\000M\000o\000b\000i\000l\000e\000\040\000T\000e\000l\000e\000p\000h\000o\000n\000e\000s\000\040\000o\000n\000\040\000t\000h\000e\000\040\000N\000e\000t}{section.4.3}% 89
\BOOKMARK [0][-]{chapter.5}{\376\377\000N\000e\000t\000w\000o\000r\000k\000\040\000A\000p\000p\000l\000i\000c\000a\000t\000i\000o\000n\000s}{}% 90
\BOOKMARK [1][-]{section.5.1}{\376\377\000M\000a\000i\000l\000\040\000T\000r\000a\000n\000s\000f\000e\000r}{chapter.5}% 91
\BOOKMARK [2][-]{subsection.5.1.1}{\376\377\000M\000a\000i\000l\000\040\000R\000e\000l\000a\000y\000s}{section.5.1}% 92
\BOOKMARK [2][-]{subsection.5.1.2}{\376\377\000T\000h\000e\000\040\000S\000t\000r\000u\000c\000t\000u\000r\000e\000\040\000o\000f\000\040\000a\000\040\000M\000a\000i\000l}{section.5.1}% 93
\BOOKMARK [1][-]{section.5.2}{\376\377\000T\000r\000a\000n\000s\000f\000e\000r\000\040\000o\000f\000\040\000W\000e\000b\000\040\000P\000a\000g\000e\000s}{chapter.5}% 94
\BOOKMARK [0][-]{chapter.6}{\376\377\000N\000e\000t\000w\000o\000r\000k\000\040\000S\000e\000c\000u\000r\000i\000t\000y}{}% 95
\BOOKMARK [1][-]{section.6.1}{\376\377\000P\000r\000o\000t\000e\000c\000t\000i\000o\000n\000\040\000B\000a\000s\000e\000d\000\040\000o\000n\000\040\000C\000r\000y\000p\000t\000o\000g\000r\000a\000p\000h\000i\000c\000\040\000M\000e\000t\000h\000o\000d\000s}{chapter.6}% 96
\BOOKMARK [2][-]{subsection.6.1.1}{\376\377\000T\000h\000e\000\040\000A\000p\000p\000l\000i\000c\000a\000t\000i\000o\000n\000\040\000L\000a\000y\000e\000r}{section.6.1}% 97
\BOOKMARK [2][-]{subsection.6.1.2}{\376\377\000T\000h\000e\000\040\000T\000r\000a\000n\000s\000p\000o\000r\000t\000\040\000L\000a\000y\000e\000r}{section.6.1}% 98
\BOOKMARK [2][-]{subsection.6.1.3}{\376\377\000T\000h\000e\000\040\000I\000n\000t\000e\000r\000n\000e\000t\000\040\000L\000a\000y\000e\000r}{section.6.1}% 99
\BOOKMARK [2][-]{subsection.6.1.4}{\376\377\000T\000h\000e\000\040\000L\000i\000n\000k\000\040\000L\000a\000y\000e\000r}{section.6.1}% 100
\BOOKMARK [2][-]{subsection.6.1.5}{\376\377\000T\000h\000e\000\040\000P\000h\000y\000s\000i\000c\000a\000l\000\040\000L\000a\000y\000e\000r}{section.6.1}% 101
\BOOKMARK [1][-]{section.6.2}{\376\377\000E\000n\000c\000r\000y\000p\000t\000i\000o\000n\000\040\000i\000n\000\040\000t\000h\000e\000\040\000A\000p\000p\000l\000i\000c\000a\000t\000i\000o\000n\000\040\000L\000a\000y\000e\000r}{chapter.6}% 102
\BOOKMARK [1][-]{section.6.3}{\376\377\000V\000i\000r\000t\000u\000a\000l\000\040\000P\000r\000i\000v\000a\000t\000e\000\040\000N\000e\000t\000w\000o\000r\000k\000s}{chapter.6}% 103
\BOOKMARK [2][-]{subsection.6.3.1}{\376\377\000T\000u\000n\000n\000e\000l\000i\000n\000g}{section.6.3}% 104
\BOOKMARK [1][-]{section.6.4}{\376\377\000S\000e\000c\000u\000r\000e\000\040\000S\000o\000c\000k\000e\000t\000\040\000L\000a\000y\000e\000r}{chapter.6}% 105
\BOOKMARK [2][-]{subsection.6.4.1}{\376\377\000S\000S\000L\000\040\000P\000r\000o\000t\000o\000c\000o\000l\000\040\000A\000r\000c\000h\000i\000t\000e\000c\000t\000u\000r\000e}{section.6.4}% 106
\BOOKMARK [2][-]{subsection.6.4.2}{\376\377\000S\000S\000L\000/\000T\000L\000S\000\040\000S\000e\000c\000u\000r\000i\000t\000y\000\040\000P\000a\000r\000a\000m\000e\000t\000e\000r\000\040\000S\000e\000t\000s}{section.6.4}% 107
\BOOKMARK [2][-]{subsection.6.4.3}{\376\377\000P\000r\000o\000t\000o\000c\000o\000l\000s\000\040\000S\000e\000c\000u\000r\000e\000d\000\040\000w\000i\000t\000h\000\040\000S\000S\000L\000/\000T\000L\000S}{section.6.4}% 108
\BOOKMARK [1][-]{section.6.5}{\376\377\000R\000i\000s\000k\000s\000\040\000i\000n\000\040\000U\000s\000i\000n\000g\000\040\000C\000e\000r\000t\000i\000f\000i\000c\000a\000t\000e\000s}{chapter.6}% 109
\BOOKMARK [1][-]{section.6.6}{\376\377\000F\000i\000r\000e\000w\000a\000l\000l\000s}{chapter.6}% 110
\BOOKMARK [2][-]{subsection.6.6.1}{\376\377\000T\000y\000p\000e\000s\000\040\000o\000f\000\040\000F\000i\000r\000e\000w\000a\000l\000l}{section.6.6}% 111
\BOOKMARK [2][-]{subsection.6.6.2}{\376\377\000P\000l\000a\000c\000e\000m\000e\000n\000t\000\040\000o\000f\000\040\000F\000i\000r\000e\000w\000a\000l\000l\000s}{section.6.6}% 112
\BOOKMARK [2][-]{subsection.6.6.3}{\376\377\000R\000e\000s\000i\000d\000u\000a\000l\000\040\000R\000i\000s\000k\000s\000\040\000C\000o\000n\000n\000e\000c\000t\000e\000d\000\040\000w\000i\000t\000h\000\040\000F\000i\000r\000e\000w\000a\000l\000l\000s}{section.6.6}% 113
\BOOKMARK [2][-]{subsection.6.6.4}{\376\377\000P\000e\000r\000s\000o\000n\000a\000l\000\040\000F\000i\000r\000e\000w\000a\000l\000l\000s}{section.6.6}% 114
\BOOKMARK [1][-]{section.6.7}{\376\377\000I\000n\000t\000r\000u\000s\000i\000o\000n\000\040\000D\000e\000t\000e\000c\000t\000i\000o\000n\000\040\000S\000y\000s\000t\000e\000m\000s\000\040\000\050\000I\000D\000S\000\051}{chapter.6}% 115
\BOOKMARK [2][-]{subsection.6.7.1}{\376\377\000P\000r\000i\000n\000c\000i\000p\000l\000e\000s\000\040\000o\000f\000\040\000O\000p\000e\000r\000a\000t\000i\000o\000n}{section.6.7}% 116
\BOOKMARK [2][-]{subsection.6.7.2}{\376\377\000N\000e\000t\000w\000o\000r\000k\000\040\000I\000D\000S\000s\000\040\000\050\000N\000I\000D\000S\000\051}{section.6.7}% 117
\BOOKMARK [2][-]{subsection.6.7.3}{\376\377\000H\000o\000s\000t\000\040\000I\000D\000S\000s\000\040\000\050\000H\000I\000D\000S\000\051}{section.6.7}% 118
\BOOKMARK [2][-]{subsection.6.7.4}{\376\377\000D\000e\000v\000e\000l\000o\000p\000m\000e\000n\000t\000\040\000o\000f\000\040\000S\000e\000c\000u\000r\000i\000t\000y\000\040\000i\000n\000\040\000I\000E\000E\000E\000\040\0008\0000\0002\000.\0001\0001}{section.6.7}% 119
\BOOKMARK [2][-]{subsection.6.7.5}{\376\377\000S\000e\000c\000u\000r\000i\000t\000y\000\040\000i\000n\000\040\000B\000l\000u\000e\000t\000o\000o\000t\000h}{section.6.7}% 120
\BOOKMARK [1][-]{section.6.8}{\376\377\000S\000e\000c\000u\000r\000i\000t\000y\000\040\000i\000n\000\040\000t\000h\000e\000\040\000M\000o\000b\000i\000l\000e\000\040\000T\000e\000l\000e\000p\000h\000o\000n\000e\000\040\000N\000e\000t\000w\000o\000r\000k}{chapter.6}% 121
\BOOKMARK [2][-]{subsection.6.8.1}{\376\377\000S\000e\000c\000u\000r\000i\000t\000y\000\040\000i\000n\000\040\000G\000S\000M}{section.6.8}% 122
\BOOKMARK [2][-]{subsection.6.8.2}{\376\377\000C\000a\000n\000\040\000t\000h\000e\000\040\000A\0005\000\040\000F\000u\000n\000c\000t\000i\000o\000n\000s\000\040\000B\000e\000\040\000B\000r\000o\000k\000e\000n\000\040\000i\000n\000\040\000P\000r\000a\000c\000t\000i\000c\000e\000?}{section.6.8}% 123
\BOOKMARK [2][-]{subsection.6.8.3}{\376\377\000S\000e\000c\000u\000r\000i\000t\000y\000\040\000i\000n\000\040\000U\000M\000T\000S}{section.6.8}% 124
\BOOKMARK [2][-]{subsection.6.8.4}{\376\377\000F\000a\000l\000s\000e\000\040\000B\000T\000S\000s\000\040\000a\000n\000d\000\040\000S\000u\000r\000v\000e\000i\000l\000l\000a\000n\000c\000e}{section.6.8}% 125
\BOOKMARK [2][-]{subsection.6.8.5}{\376\377\000I\000s\000\040\000Y\000o\000u\000r\000\040\000M\000o\000b\000i\000l\000e\000\040\000D\000e\000v\000i\000c\000e\000\040\000S\000e\000c\000u\000r\000e\000?}{section.6.8}% 126
\BOOKMARK [1][-]{section.6.9}{\376\377\000D\000e\000n\000i\000a\000l\000\040\000o\000f\000\040\000S\000e\000r\000v\000i\000c\000e\000\040\000\050\000D\000o\000S\000\051\000\040\000A\000t\000t\000a\000c\000k\000s}{chapter.6}% 127
\BOOKMARK [2][-]{subsection.6.9.1}{\376\377\000D\000o\000S\000\040\000A\000t\000t\000a\000c\000k\000s\000\040\000i\000n\000\040\000t\000h\000e\000\040\000A\000p\000p\000l\000i\000c\000a\000t\000i\000o\000n\000\040\000L\000a\000y\000e\000r}{section.6.9}% 128
\BOOKMARK [2][-]{subsection.6.9.2}{\376\377\000D\000o\000S\000\040\000A\000t\000t\000a\000c\000k\000s\000\040\000i\000n\000\040\000t\000h\000e\000\040\000T\000r\000a\000n\000s\000p\000o\000r\000t\000\040\000L\000a\000y\000e\000r}{section.6.9}% 129
\BOOKMARK [2][-]{subsection.6.9.3}{\376\377\000D\000o\000S\000\040\000A\000t\000t\000a\000c\000k\000s\000\040\000i\000n\000\040\000t\000h\000e\000\040\000I\000n\000t\000e\000r\000n\000e\000t\000\040\000L\000a\000y\000e\000r}{section.6.9}% 130
\BOOKMARK [2][-]{subsection.6.9.4}{\376\377\000D\000o\000S\000\040\000A\000t\000t\000a\000c\000k\000s\000\040\000i\000n\000\040\000t\000h\000e\000\040\000L\000i\000n\000k\000\040\000a\000n\000d\000\040\000P\000h\000y\000s\000i\000c\000a\000l\000\040\000L\000a\000y\000e\000r\000s}{section.6.9}% 131
\BOOKMARK [2][-]{subsection.6.9.5}{\376\377\000D\000i\000s\000t\000r\000i\000b\000u\000t\000e\000d\000\040\000D\000o\000S\000\040\000A\000t\000t\000a\000c\000k\000s}{section.6.9}% 132
\BOOKMARK [2][-]{subsection.6.9.6}{\376\377\000P\000e\000r\000m\000a\000n\000e\000n\000t\000\040\000D\000o\000S\000\040\000A\000t\000t\000a\000c\000k\000s}{section.6.9}% 133
\BOOKMARK [2][-]{subsection.6.9.7}{\376\377\000R\000i\000s\000k\000s\000\040\000a\000n\000d\000\040\000C\000o\000u\000n\000t\000e\000r\000m\000e\000a\000s\000u\000r\000e\000s\000\040\000f\000o\000r\000\040\000D\000O\000S\000\040\000A\000t\000t\000a\000c\000k\000s}{section.6.9}% 134
\BOOKMARK [1][-]{section.6.10}{\376\377\000S\000e\000c\000u\000r\000i\000t\000y\000\040\000i\000n\000\040\000D\000N\000S}{chapter.6}% 135
\BOOKMARK [2][-]{subsection.6.10.1}{\376\377\000C\000o\000u\000n\000t\000e\000r\000m\000e\000a\000s\000u\000r\000e\000s\000\040\000f\000o\000r\000\040\000U\000s\000e\000\040\000i\000n\000\040\000D\000N\000S}{section.6.10}% 136
\BOOKMARK [1][-]{section.6.11}{\376\377\000S\000e\000c\000u\000r\000i\000t\000y\000\040\000i\000n\000\040\000S\000M\000T\000P}{chapter.6}% 137
\BOOKMARK [2][-]{subsection.6.11.1}{\376\377\000S\000P\000F}{section.6.11}% 138
\BOOKMARK [2][-]{subsection.6.11.2}{\376\377\000D\000K\000I\000M}{section.6.11}% 139
\BOOKMARK [1][-]{section.6.12}{\376\377\000S\000e\000c\000u\000r\000i\000t\000y\000\040\000i\000n\000\040\000S\000N\000M\000P}{chapter.6}% 140
\BOOKMARK [2][-]{subsection.6.12.1}{\376\377\000R\000i\000s\000k\000s\000\040\000a\000n\000d\000\040\000C\000o\000u\000n\000t\000e\000r\000m\000e\000a\000s\000u\000r\000e\000s\000\040\000i\000n\000\040\000U\000s\000i\000n\000g\000\040\000S\000N\000M\000P}{section.6.12}% 141
\BOOKMARK [1][-]{section.6.13}{\376\377\000E\000v\000a\000l\000u\000a\000t\000i\000o\000n\000\040\000o\000f\000\040\000N\000e\000t\000w\000o\000r\000k\000\040\000S\000e\000c\000u\000r\000i\000t\000y}{chapter.6}% 142
\BOOKMARK [0][-]{chapter.7}{\376\377\000S\000e\000c\000u\000r\000i\000t\000y\000\040\000i\000n\000\040\000O\000p\000e\000r\000a\000t\000i\000n\000g\000\040\000S\000y\000s\000t\000e\000m\000s}{}% 143
\BOOKMARK [1][-]{section.7.1}{\376\377\000U\000s\000e\000r\000\040\000A\000u\000t\000h\000e\000n\000t\000i\000c\000a\000t\000i\000o\000n}{chapter.7}% 144
\BOOKMARK [2][-]{subsection.7.1.1}{\376\377\000B\000i\000o\000m\000e\000t\000r\000i\000c\000\040\000A\000u\000t\000h\000e\000n\000t\000i\000c\000a\000t\000i\000o\000n}{section.7.1}% 145
\BOOKMARK [2][-]{subsection.7.1.2}{\376\377\000P\000a\000s\000s\000w\000o\000r\000d\000s}{section.7.1}% 146
\BOOKMARK [2][-]{subsection.7.1.3}{\376\377\000P\000a\000t\000t\000e\000r\000n\000\040\000L\000o\000c\000k\000s}{section.7.1}% 147
\BOOKMARK [2][-]{subsection.7.1.4}{\376\377\000T\000r\000e\000n\000d\000s\000\040\000i\000n\000\040\000U\000s\000e\000r\000\040\000A\000u\000t\000h\000e\000n\000t\000i\000c\000a\000t\000i\000o\000n}{section.7.1}% 148
\BOOKMARK [2][-]{subsection.7.1.5}{\376\377\000A\000u\000t\000h\000e\000n\000t\000i\000c\000a\000t\000i\000o\000n\000\040\000T\000h\000r\000o\000u\000g\000h\000\040\000t\000h\000e\000\040\000N\000e\000t}{section.7.1}% 149
\BOOKMARK [2][-]{subsection.7.1.6}{\376\377\000W\000h\000o\000\040\000D\000e\000c\000i\000d\000e\000s\000?}{section.7.1}% 150
\BOOKMARK [2][-]{subsection.7.1.7}{\376\377\000A\000c\000c\000e\000s\000s\000\040\000C\000o\000n\000t\000r\000o\000l\000\040\000M\000a\000t\000r\000i\000c\000e\000s}{section.7.1}% 151
\BOOKMARK [2][-]{subsection.7.1.8}{\376\377\000A\000c\000c\000e\000s\000s\000\040\000C\000o\000n\000t\000r\000o\000l\000\040\000L\000i\000s\000t\000s}{section.7.1}% 152
\BOOKMARK [2][-]{subsection.7.1.9}{\376\377\000D\000i\000r\000e\000c\000t\000o\000r\000i\000e\000s}{section.7.1}% 153
\BOOKMARK [2][-]{subsection.7.1.10}{\376\377\000C\000a\000p\000a\000b\000i\000l\000i\000t\000i\000e\000s}{section.7.1}% 154
\BOOKMARK [1][-]{section.7.2}{\376\377\000A\000c\000c\000e\000s\000s\000\040\000C\000o\000n\000t\000r\000o\000l\000\040\000i\000n\000\040\000F\000i\000l\000e\000\040\000S\000y\000s\000t\000e\000m\000s}{chapter.7}% 155
\BOOKMARK [2][-]{subsection.7.2.1}{\376\377\000U\000n\000i\000x\000-\000s\000t\000y\000l\000e\000\040\000F\000i\000l\000e\000\040\000P\000r\000o\000t\000e\000c\000t\000i\000o\000n}{section.7.2}% 156
\BOOKMARK [2][-]{subsection.7.2.2}{\376\377\000s\000e\000t\000u\000i\000d\000\040\000a\000n\000d\000\040\000s\000e\000t\000g\000i\000d}{section.7.2}% 157
\BOOKMARK [2][-]{subsection.7.2.3}{\376\377\000W\000i\000n\000d\000o\000w\000s\000\040\000N\000T\000\040\000A\000C\000L\000s}{section.7.2}% 158
\BOOKMARK [1][-]{section.7.3}{\376\377\000A\000c\000c\000e\000s\000s\000\040\000C\000o\000n\000t\000r\000o\000l\000\040\000f\000o\000r\000\040\000O\000t\000h\000e\000r\000\040\000S\000y\000s\000t\000e\000m\000\040\000C\000o\000m\000p\000o\000n\000e\000n\000t\000s}{chapter.7}% 159
\BOOKMARK [2][-]{subsection.7.3.1}{\376\377\000A\000c\000c\000e\000s\000s\000\040\000C\000o\000n\000t\000r\000o\000l\000\040\000i\000n\000\040\000t\000h\000e\000\040\000M\000e\000m\000o\000r\000y}{section.7.3}% 160
\BOOKMARK [2][-]{subsection.7.3.2}{\376\377\000A\000c\000c\000e\000s\000s\000\040\000C\000o\000n\000t\000r\000o\000l\000\040\000f\000o\000r\000\040\000H\000a\000r\000d\000w\000a\000r\000e\000\040\000U\000n\000i\000t\000s}{section.7.3}% 161
\BOOKMARK [2][-]{subsection.7.3.3}{\376\377\000A\000c\000c\000e\000s\000s\000\040\000C\000o\000n\000t\000r\000o\000l\000\040\000f\000o\000r\000\040\000t\000h\000e\000\040\000C\000P\000U}{section.7.3}% 162
\BOOKMARK [2][-]{subsection.7.3.4}{\376\377\000A\000c\000c\000e\000s\000s\000\040\000C\000o\000n\000t\000r\000o\000l\000\040\000i\000n\000\040\000A\000n\000d\000r\000o\000i\000d}{section.7.3}% 163
\BOOKMARK [2][-]{subsection.7.3.5}{\376\377\000B\000y\000p\000a\000s\000s\000i\000n\000g\000\040\000A\000c\000c\000e\000s\000s\000\040\000C\000o\000n\000t\000r\000o\000l\000:\000\040\000R\000o\000o\000t\000k\000i\000t\000s}{section.7.3}% 164
\BOOKMARK [1][-]{section.7.4}{\376\377\000E\000n\000c\000r\000y\000p\000t\000i\000o\000n\000\040\000i\000n\000\040\000t\000h\000e\000\040\000O\000p\000e\000r\000a\000t\000i\000n\000g\000\040\000S\000y\000s\000t\000e\000m}{chapter.7}% 165
\BOOKMARK [1][-]{section.7.5}{\376\377\000J\000o\000b\000\040\000S\000c\000h\000e\000d\000u\000l\000i\000n\000g}{chapter.7}% 166
\BOOKMARK [1][-]{section.7.6}{\376\377\000U\000p\000d\000a\000t\000i\000n\000g\000\040\000t\000h\000e\000\040\000O\000p\000e\000r\000a\000t\000i\000n\000g\000\040\000S\000y\000s\000t\000e\000m}{chapter.7}% 167
\BOOKMARK [1][-]{section.7.7}{\376\377\000I\000s\000\040\000Y\000o\000u\000r\000\040\000O\000S\000\040\000G\000e\000n\000u\000i\000n\000e\000?}{chapter.7}% 168
\BOOKMARK [1][-]{section.7.8}{\376\377\000W\000h\000a\000t\000\040\000t\000h\000e\000\040\000O\000S\000\040\000C\000a\000n\000n\000o\000t\000\040\000D\000o}{chapter.7}% 169
\BOOKMARK [1][-]{section.7.9}{\376\377\000C\000h\000a\000p\000t\000e\000r\000\040\0001\0000\000\040\000\040\000S\000o\000f\000t\000w\000a\000r\000e\000\040\000s\000e\000c\000u\000r\000i\000t\000y}{chapter.7}% 170
\BOOKMARK [1][-]{section.7.10}{\376\377\000C\000l\000a\000s\000s\000e\000s\000\040\000o\000f\000\040\000S\000e\000c\000u\000r\000i\000t\000y\000\040\000F\000a\000i\000l\000u\000r\000e\000\040\000i\000n\000\040\000S\000o\000f\000t\000w\000a\000r\000e}{chapter.7}% 171
\BOOKMARK [2][-]{subsection.7.10.1}{\376\377\000B\000u\000f\000f\000e\000r\000\040\000O\000v\000e\000r\000f\000l\000o\000w}{section.7.10}% 172
\BOOKMARK [2][-]{subsection.7.10.2}{\376\377\000B\000u\000f\000f\000e\000r\000\040\000O\000v\000e\000r\000f\000l\000o\000w\000\040\000V\000u\000l\000n\000e\000r\000a\000b\000i\000l\000i\000t\000i\000e\000s}{section.7.10}% 173
\BOOKMARK [2][-]{subsection.7.10.3}{\376\377\000I\000n\000c\000o\000m\000p\000l\000e\000t\000e\000\040\000M\000e\000d\000i\000a\000t\000i\000o\000n}{section.7.10}% 174
\BOOKMARK [2][-]{subsection.7.10.4}{\376\377\000T\000i\000m\000e\000-\000o\000f\000-\000c\000h\000e\000c\000k\000\040\000t\000o\000\040\000T\000i\000m\000e\000-\000o\000f\000-\000u\000s\000e\000\040\000\050\000T\000O\000C\000T\000T\000O\000U\000\051}{section.7.10}% 175
\BOOKMARK [2][-]{subsection.7.10.5}{\376\377\000D\000e\000t\000e\000c\000t\000i\000o\000n\000\040\000o\000f\000\040\000P\000r\000o\000g\000r\000a\000m\000m\000i\000n\000g\000\040\000E\000r\000r\000o\000r\000s}{section.7.10}% 176
\BOOKMARK [1][-]{section.7.11}{\376\377\000M\000a\000l\000i\000c\000i\000o\000u\000s\000\040\000C\000o\000d\000e}{chapter.7}% 177
\BOOKMARK [2][-]{subsection.7.11.1}{\376\377\000V\000i\000r\000u\000s\000\040\000A\000t\000t\000a\000c\000k\000s}{section.7.11}% 178
\BOOKMARK [2][-]{subsection.7.11.2}{\376\377\000W\000o\000r\000m\000\040\000a\000t\000t\000a\000c\000k\000s}{section.7.11}% 179
\BOOKMARK [2][-]{subsection.7.11.3}{\376\377\000A\000n\000t\000i\000v\000i\000r\000u\000s\000\040\000S\000y\000s\000t\000e\000m\000s}{section.7.11}% 180
\BOOKMARK [1][-]{section.7.12}{\376\377\000S\000Q\000L\000\040\000I\000n\000j\000e\000c\000t\000i\000o\000n}{chapter.7}% 181
\BOOKMARK [1][-]{section.7.13}{\376\377\000C\000o\000u\000n\000t\000e\000r\000m\000e\000a\000s\000u\000r\000e\000s}{chapter.7}% 182
\BOOKMARK [2][-]{subsection.7.13.1}{\376\377\000L\000D\000A\000P\000\040\000S\000e\000a\000r\000c\000h\000e\000s}{section.7.13}% 183
\BOOKMARK [1][-]{section.7.14}{\376\377\000H\000T\000T\000P\000-\000b\000a\000s\000e\000d\000\040\000A\000p\000p\000l\000i\000c\000a\000t\000i\000o\000n\000s}{chapter.7}% 184
\BOOKMARK [2][-]{subsection.7.14.1}{\376\377\000H\000T\000T\000P\000\040\000A\000u\000t\000h\000e\000n\000t\000i\000c\000a\000t\000i\000o\000n}{section.7.14}% 185
\BOOKMARK [2][-]{subsection.7.14.2}{\376\377\000H\000T\000T\000P\000\040\000C\000o\000o\000k\000i\000e\000s}{section.7.14}% 186
\BOOKMARK [2][-]{subsection.7.14.3}{\376\377\000W\000e\000b\000f\000o\000r\000m\000s}{section.7.14}% 187
\BOOKMARK [2][-]{subsection.7.14.4}{\376\377\000M\000o\000b\000i\000l\000e\000\040\000c\000o\000d\000e}{section.7.14}% 188
\BOOKMARK [2][-]{subsection.7.14.5}{\376\377\000W\000e\000b\000\040\000S\000e\000r\000v\000e\000r\000\040\000V\000u\000l\000n\000e\000r\000a\000b\000i\000l\000i\000t\000i\000e\000s}{section.7.14}% 189
\BOOKMARK [1][-]{section.7.15}{\376\377\000T\000a\000r\000g\000e\000t\000s\000\040\000f\000o\000r\000\040\000S\000o\000f\000t\000w\000a\000r\000e\000\040\000S\000e\000c\000u\000r\000i\000t\000y}{chapter.7}% 190
\BOOKMARK [1][-]{section.7.16}{\376\377\000C\000h\000a\000p\000t\000e\000r\000\040\0001\0001\000\040\000\040\000I\000n\000c\000i\000d\000e\000n\000t\000\040\000H\000a\000n\000d\000l\000i\000n\000g\000\040\000a\000n\000d\000\040\000S\000y\000s\000t\000e\000m\000\040\000A\000v\000a\000i\000l\000a\000b\000i\000l\000i\000t\000y}{chapter.7}% 191
\BOOKMARK [1][-]{section.7.17}{\376\377\000R\000e\000a\000c\000t\000i\000n\000g\000\040\000t\000o\000\040\000S\000e\000c\000u\000r\000i\000t\000y\000\040\000I\000n\000c\000i\000d\000e\000n\000t\000s}{chapter.7}% 192
\BOOKMARK [2][-]{subsection.7.17.1}{\376\377\000I\000n\000c\000i\000d\000e\000n\000t\000\040\000R\000e\000p\000o\000r\000t\000i\000n\000g}{section.7.17}% 193
\BOOKMARK [2][-]{subsection.7.17.2}{\376\377\000I\000n\000v\000e\000s\000t\000i\000g\000a\000t\000i\000o\000n\000\040\000o\000f\000\040\000S\000e\000c\000u\000r\000i\000t\000y\000\040\000I\000n\000c\000i\000d\000e\000n\000t\000s}{section.7.17}% 194
\BOOKMARK [1][-]{section.7.18}{\376\377\000B\000u\000s\000i\000n\000e\000s\000s\000\040\000C\000o\000n\000t\000i\000n\000u\000i\000t\000y\000\040\000P\000l\000a\000n\000n\000i\000n\000g}{chapter.7}% 195
\BOOKMARK [2][-]{subsection.7.18.1}{\376\377\000T\000h\000e\000\040\000B\000C\000P\000\040\000P\000r\000o\000c\000e\000s\000s}{section.7.18}% 196
\BOOKMARK [2][-]{subsection.7.18.2}{\376\377\000B\000C\000P\000\040\000A\000n\000a\000l\000y\000s\000i\000s}{section.7.18}% 197
\BOOKMARK [2][-]{subsection.7.18.3}{\376\377\000B\000C\000P\000\040\000R\000e\000s\000o\000u\000r\000c\000e\000\040\000R\000e\000q\000u\000i\000r\000e\000m\000e\000n\000t\000s}{section.7.18}% 198
\BOOKMARK [1][-]{section.7.19}{\376\377\000D\000i\000s\000a\000s\000t\000e\000r\000\040\000R\000e\000c\000o\000v\000e\000r\000y\000\040\000P\000l\000a\000n\000n\000i\000n\000g}{chapter.7}% 199
\BOOKMARK [2][-]{subsection.7.19.1}{\376\377\000P\000h\000a\000s\000e\000s\000\040\000o\000f\000\040\000R\000e\000c\000o\000v\000e\000r\000y}{section.7.19}% 200
\BOOKMARK [2][-]{subsection.7.19.2}{\376\377\000D\000R\000P\000\040\000S\000t\000r\000a\000t\000e\000g\000i\000e\000s}{section.7.19}% 201
\BOOKMARK [2][-]{subsection.7.19.3}{\376\377\000D\000R\000P\000\040\000T\000e\000s\000t\000i\000n\000g}{section.7.19}% 202
\BOOKMARK [1][-]{section.7.20}{\376\377\000S\000e\000c\000u\000r\000i\000t\000y\000\040\000A\000w\000a\000r\000e\000n\000e\000s\000s}{chapter.7}% 203
\BOOKMARK [1][-]{section.7.21}{\376\377\000C\000o\000m\000p\000u\000t\000e\000r\000\040\000C\000r\000i\000m\000e}{chapter.7}% 204
\BOOKMARK [2][-]{subsection.7.21.1}{\376\377\000W\000h\000i\000c\000h\000\040\000A\000c\000t\000s\000\040\000M\000u\000s\000t\000\040\000B\000e\000\040\000C\000o\000n\000s\000i\000d\000e\000r\000e\000d\000\040\000I\000l\000l\000e\000g\000a\000l\000?}{section.7.21}% 205
\BOOKMARK [2][-]{subsection.7.21.2}{\376\377\000W\000h\000i\000c\000h\000\040\000P\000o\000w\000e\000r\000s\000\040\000M\000u\000s\000t\000\040\000B\000e\000\040\000A\000v\000a\000i\000l\000a\000b\000l\000e\000?}{section.7.21}% 206
\BOOKMARK [2][-]{subsection.7.21.3}{\376\377\000J\000u\000r\000i\000s\000d\000i\000c\000t\000i\000o\000n}{section.7.21}% 207
\BOOKMARK [2][-]{subsection.7.21.4}{\376\377\000I\000n\000t\000e\000r\000n\000a\000t\000i\000o\000n\000a\000l\000\040\000R\000u\000l\000e\000s\000\040\000i\000n\000\040\000t\000h\000e\000\040\000C\000o\000n\000v\000e\000n\000t\000i\000o\000n}{section.7.21}% 208
\BOOKMARK [2][-]{subsection.7.21.5}{\376\377\000A\000n\000t\000i\000-\000t\000e\000r\000r\000o\000r\000\040\000L\000a\000w\000s}{section.7.21}% 209
\BOOKMARK [1][-]{section.7.22}{\376\377\000P\000r\000o\000t\000e\000c\000t\000i\000o\000n\000\040\000o\000f\000\040\000P\000e\000r\000s\000o\000n\000a\000l\000\040\000D\000a\000t\000a}{chapter.7}% 210
\BOOKMARK [2][-]{subsection.7.22.1}{\376\377\000I\000m\000p\000o\000r\000t\000a\000n\000t\000\040\000C\000o\000n\000c\000e\000p\000t\000s}{section.7.22}% 211
\BOOKMARK [2][-]{subsection.7.22.2}{\376\377\000G\000e\000n\000e\000r\000a\000l\000\040\000R\000u\000l\000e\000s}{section.7.22}% 212
\BOOKMARK [2][-]{subsection.7.22.3}{\376\377\000C\000l\000a\000s\000s\000e\000s\000\040\000o\000f\000\040\000P\000e\000r\000s\000o\000n\000a\000l\000\040\000D\000a\000t\000a}{section.7.22}% 213
\BOOKMARK [2][-]{subsection.7.22.4}{\376\377\000T\000r\000a\000n\000s\000f\000e\000r\000\040\000o\000f\000\040\000P\000e\000r\000s\000o\000n\000a\000l\000\040\000D\000a\000t\000a\000\040\000t\000o\000\040\000T\000h\000i\000r\000d\000\040\000C\000o\000u\000n\000t\000r\000i\000e\000s}{section.7.22}% 214
\BOOKMARK [2][-]{subsection.7.22.5}{\376\377\000S\000e\000c\000u\000r\000i\000t\000y\000\040\000o\000f\000\040\000P\000r\000o\000c\000e\000s\000s\000i\000n\000g}{section.7.22}% 215
\BOOKMARK [2][-]{subsection.7.22.6}{\376\377\000L\000e\000a\000k\000a\000g\000e\000s}{section.7.22}% 216
\BOOKMARK [2][-]{subsection.7.22.7}{\376\377\000A\000u\000t\000h\000o\000r\000i\000t\000i\000e\000s}{section.7.22}% 217
\BOOKMARK [2][-]{subsection.7.22.8}{\376\377\000C\000o\000d\000e\000s\000\040\000o\000f\000\040\000C\000o\000n\000d\000u\000c\000t\000\040\000a\000n\000d\000\040\000C\000e\000r\000t\000i\000f\000i\000c\000a\000t\000i\000o\000n}{section.7.22}% 218
\BOOKMARK [2][-]{subsection.7.22.9}{\376\377\000L\000e\000g\000a\000l\000\040\000R\000e\000s\000p\000o\000n\000s\000i\000b\000i\000l\000i\000t\000y\000\040\000a\000n\000d\000\040\000P\000e\000n\000a\000l\000t\000i\000e\000s}{section.7.22}% 219
\BOOKMARK [1][-]{section.7.23}{\376\377\000P\000r\000o\000t\000e\000c\000t\000i\000o\000n\000\040\000o\000f\000\040\000H\000e\000a\000l\000t\000h\000c\000a\000r\000e\000\040\000D\000a\000t\000a}{chapter.7}% 220
\BOOKMARK [2][-]{subsection.7.23.1}{\376\377\000W\000h\000o\000\040\000H\000a\000s\000\040\000A\000c\000c\000e\000s\000s\000\040\000t\000o\000\040\000H\000e\000a\000l\000t\000h\000\040\000D\000a\000t\000a\000?}{section.7.23}% 221
\BOOKMARK [1][-]{section.7.24}{\376\377\000E\000t\000h\000i\000c\000s}{chapter.7}% 222
\BOOKMARK [2][-]{subsection.7.24.1}{\376\377\000D\000a\000t\000a\000m\000i\000n\000i\000n\000g}{section.7.24}% 223
\BOOKMARK [2][-]{subsection.7.24.2}{\376\377\000T\000r\000a\000c\000k\000i\000n\000g}{section.7.24}% 224
\BOOKMARK [2][-]{subsection.7.24.3}{\376\377\000P\000r\000o\000t\000e\000c\000t\000i\000o\000n\000\040\000A\000g\000a\000i\000n\000s\000t\000\040\000B\000r\000e\000a\000c\000h\000e\000s\000\040\000o\000f\000\040\000P\000r\000i\000v\000a\000c\000y}{section.7.24}% 225
\BOOKMARK [0][-]{chapter.8}{\376\377\000A\000p\000p\000e\000n\000d\000i\000x\000\040\000B\000\040\000M\000a\000t\000h\000e\000m\000a\000t\000i\000c\000s}{}% 226
\BOOKMARK [0][-]{chapter.9}{\376\377\000A\000p\000p\000e\000n\000d\000i\000x\000\040\000C\000\040\000A\000c\000r\000o\000n\000y\000m\000s}{}% 227
\BOOKMARK [0][-]{chapter.10}{\376\377\000R\000e\000f\000e\000r\000e\000n\000c\000e\000s}{}% 228
\BOOKMARK [0][-]{chapter.11}{\376\377\000I\000n\000d\000e\000x}{}% 229
