\BOOKMARK [1][-]{section.0.1}{\376\377\000W\000o\000l\000f\000g\000a\000n\000g\000\040\000E\000r\000t\000e\000l}{}% 1
\BOOKMARK [1][-]{section.0.2}{\376\377\000C\000o\000n\000t\000e\000n\000t\000s}{}% 2
\BOOKMARK [2][-]{subsection.0.2.1}{\376\377\000W\000h\000a\000t\000\040\000I\000s\000\040\000A\000r\000t\000i\000f\000i\000c\000i\000a\000l\000\040\000I\000n\000t\000e\000l\000l\000i\000g\000e\000n\000c\000e\000?}{section.0.2}% 3
\BOOKMARK [2][-]{subsection.0.2.2}{\376\377\000B\000r\000a\000i\000n\000\040\000S\000c\000i\000e\000n\000c\000e\000\040\000a\000n\000d\000\040\000P\000r\000o\000b\000l\000e\000m\000\040\000S\000o\000l\000v\000i\000n\000g}{section.0.2}% 4
\BOOKMARK [2][-]{subsection.0.2.3}{\376\377\000T\000h\000e\000\040\000T\000u\000r\000i\000n\000g\000\040\000T\000e\000s\000t\000\040\000a\000n\000d\000\040\000C\000h\000a\000t\000t\000e\000r\000b\000o\000t\000s}{section.0.2}% 5
\BOOKMARK [2][-]{subsection.0.2.4}{\376\377\000T\000h\000e\000\040\000H\000i\000s\000t\000o\000r\000y\000\040\000o\000f\000\040\000A\000I}{section.0.2}% 6
\BOOKMARK [2][-]{subsection.0.2.5}{\376\377\000T\000h\000e\000\040\000F\000i\000r\000s\000t\000\040\000B\000e\000g\000i\000n\000n\000i\000n\000g\000s}{section.0.2}% 7
\BOOKMARK [2][-]{subsection.0.2.6}{\376\377\000L\000o\000g\000i\000c\000\040\000S\000o\000l\000v\000e\000s\000\040\000\050\000A\000l\000m\000o\000s\000t\000\051\000\040\000A\000l\000l\000\040\000P\000r\000o\000b\000l\000e\000m\000s}{section.0.2}% 8
\BOOKMARK [2][-]{subsection.0.2.7}{\376\377\000T\000h\000e\000\040\000N\000e\000w\000\040\000C\000o\000n\000n\000e\000c\000t\000i\000o\000n\000i\000s\000m}{section.0.2}% 9
\BOOKMARK [2][-]{subsection.0.2.8}{\376\377\000R\000e\000a\000s\000o\000n\000i\000n\000g\000\040\000U\000n\000d\000e\000r\000\040\000U\000n\000c\000e\000r\000t\000a\000i\000n\000t\000y}{section.0.2}% 10
\BOOKMARK [2][-]{subsection.0.2.9}{\376\377\000D\000i\000s\000t\000r\000i\000b\000u\000t\000e\000d\000,\000\040\000A\000u\000t\000o\000n\000o\000m\000o\000u\000s\000\040\000a\000n\000d\000\040\000L\000e\000a\000r\000n\000i\000n\000g\000\040\000A\000g\000e\000n\000t\000s}{section.0.2}% 11
\BOOKMARK [2][-]{subsection.0.2.10}{\376\377\000A\000l\000\040\000G\000r\000o\000w\000s\000\040\000U\000p}{section.0.2}% 12
\BOOKMARK [2][-]{subsection.0.2.11}{\376\377\000T\000h\000e\000\040\000A\000l\000\040\000R\000e\000v\000o\000l\000u\000t\000i\000o\000n}{section.0.2}% 13
\BOOKMARK [2][-]{subsection.0.2.12}{\376\377\000A\000I\000\040\000a\000n\000d\000\040\000S\000o\000c\000i\000e\000t\000y}{section.0.2}% 14
\BOOKMARK [2][-]{subsection.0.2.13}{\376\377\000D\000o\000e\000s\000\040\000A\000l\000\040\000D\000e\000s\000t\000r\000o\000y\000\040\000J\000o\000b\000s\000?}{section.0.2}% 15
\BOOKMARK [2][-]{subsection.0.2.14}{\376\377\000A\000l\000\040\000a\000n\000d\000\040\000T\000r\000a\000n\000s\000p\000o\000r\000t\000a\000t\000i\000o\000n}{section.0.2}% 16
\BOOKMARK [2][-]{subsection.0.2.15}{\376\377\000S\000e\000r\000v\000i\000c\000e\000\040\000R\000o\000b\000o\000t\000i\000c\000s}{section.0.2}% 17
\BOOKMARK [2][-]{subsection.0.2.16}{\376\377\000A\000g\000e\000n\000t\000s}{section.0.2}% 18
\BOOKMARK [2][-]{subsection.0.2.17}{\376\377\000K\000n\000o\000w\000l\000e\000d\000g\000e\000-\000B\000a\000s\000e\000d\000\040\000S\000y\000s\000t\000e\000m\000s}{section.0.2}% 19
\BOOKMARK [2][-]{subsection.0.2.18}{\376\377\000E\000x\000e\000r\000c\000i\000s\000e\000s}{section.0.2}% 20
\BOOKMARK [1][-]{section.0.3}{\376\377\000E\000x\000e\000r\000c\000i\000s\000e\000\040\0001\000.\0005}{}% 21
\BOOKMARK [1][-]{section.0.4}{\376\377\205\224\000\040\000E\000x\000e\000r\000c\000i\000s\000e\000\040\0001\000.\0007}{}% 22
\BOOKMARK [1][-]{section.0.5}{\376\377\000P\000r\000o\000p\000o\000s\000i\000t\000i\000o\000n\000a\000l\000\040\000L\000o\000g\000i\000c}{}% 23
\BOOKMARK [2][-]{subsection.0.5.1}{\376\377\000S\000y\000n\000t\000a\000x}{section.0.5}% 24
\BOOKMARK [2][-]{subsection.0.5.2}{\376\377\000S\000e\000m\000a\000n\000t\000i\000c\000s}{section.0.5}% 25
\BOOKMARK [2][-]{subsection.0.5.3}{\376\377\000P\000r\000o\000o\000f\000\040\000S\000y\000s\000t\000e\000m\000s}{section.0.5}% 26
\BOOKMARK [2][-]{subsection.0.5.4}{\376\377\000R\000e\000s\000o\000l\000u\000t\000i\000o\000n}{section.0.5}% 27
\BOOKMARK [2][-]{subsection.0.5.5}{\376\377\000H\000o\000r\000n\000\040\000C\000l\000a\000u\000s\000e\000s}{section.0.5}% 28
\BOOKMARK [2][-]{subsection.0.5.6}{\376\377\000C\000o\000m\000p\000u\000t\000a\000b\000i\000l\000i\000t\000y\000\040\000a\000n\000d\000\040\000C\000o\000m\000p\000l\000e\000x\000i\000t\000y}{section.0.5}% 29
\BOOKMARK [2][-]{subsection.0.5.7}{\376\377\000A\000p\000p\000l\000i\000c\000a\000t\000i\000o\000n\000s\000\040\000a\000n\000d\000\040\000L\000i\000m\000i\000t\000a\000t\000i\000o\000n\000s}{section.0.5}% 30
\BOOKMARK [2][-]{subsection.0.5.8}{\376\377\000E\000x\000e\000r\000c\000i\000s\000e\000s}{section.0.5}% 31
\BOOKMARK [1][-]{section.0.6}{\376\377\000E\000x\000e\000r\000c\000i\000s\000e\000\040\0002\000.\0006}{}% 32
\BOOKMARK [1][-]{section.0.7}{}{}% 33
\BOOKMARK [2][-]{subsection.0.7.1}{\376\377\000S\000y\000n\000t\000a\000x}{section.0.7}% 34
\BOOKMARK [2][-]{subsection.0.7.2}{\376\377\000S\000e\000m\000a\000n\000t\000i\000c\000s}{section.0.7}% 35
\BOOKMARK [1][-]{section.0.8}{\376\377\000D\000e\000f\000i\000n\000i\000t\000i\000o\000n\000\040\0003\000.\0004}{}% 36
\BOOKMARK [2][-]{subsection.0.8.1}{\376\377\000E\000q\000u\000a\000l\000i\000t\000y}{section.0.8}% 37
\BOOKMARK [2][-]{subsection.0.8.2}{\376\377\000Q\000u\000a\000n\000t\000i\000f\000i\000e\000r\000s\000\040\000a\000n\000d\000\040\000N\000o\000r\000m\000a\000l\000\040\000F\000o\000r\000m\000s}{section.0.8}% 38
\BOOKMARK [2][-]{subsection.0.8.3}{\376\377\000P\000r\000o\000o\000f\000\040\000C\000a\000l\000c\000u\000l\000i}{section.0.8}% 39
\BOOKMARK [2][-]{subsection.0.8.4}{\376\377\000R\000e\000s\000o\000l\000u\000t\000i\000o\000n}{section.0.8}% 40
\BOOKMARK [2][-]{subsection.0.8.5}{\376\377\000R\000e\000s\000o\000l\000u\000t\000i\000o\000n\000\040\000S\000t\000r\000a\000t\000e\000g\000i\000e\000s}{section.0.8}% 41
\BOOKMARK [2][-]{subsection.0.8.6}{\376\377\000E\000q\000u\000a\000l\000i\000t\000y}{section.0.8}% 42
\BOOKMARK [2][-]{subsection.0.8.7}{\376\377\000A\000u\000t\000o\000m\000a\000t\000e\000d\000\040\000T\000h\000e\000o\000r\000e\000m\000\040\000P\000r\000o\000v\000e\000r\000s}{section.0.8}% 43
\BOOKMARK [2][-]{subsection.0.8.8}{\376\377\000M\000a\000t\000h\000e\000m\000a\000t\000i\000c\000a\000l\000\040\000E\000x\000a\000m\000p\000l\000e\000s}{section.0.8}% 44
\BOOKMARK [2][-]{subsection.0.8.9}{\376\377\000A\000p\000p\000l\000i\000c\000a\000t\000i\000o\000n\000s}{section.0.8}% 45
\BOOKMARK [2][-]{subsection.0.8.10}{\376\377\000S\000u\000m\000m\000a\000r\000y}{section.0.8}% 46
\BOOKMARK [2][-]{subsection.0.8.11}{\376\377\000E\000x\000e\000r\000c\000i\000s\000e\000s}{section.0.8}% 47
\BOOKMARK [1][-]{section.0.9}{\376\377\000E\000x\000e\000r\000c\000i\000s\000e\000\040\0003\000.\0006}{}% 48
\BOOKMARK [1][-]{section.0.10}{\376\377\000E\000x\000e\000r\000c\000i\000s\000e\000\040\0003\000.\0007}{}% 49
\BOOKMARK [2][-]{subsection.0.10.1}{\376\377\000T\000h\000e\000\040\000S\000e\000a\000r\000c\000h\000\040\000S\000p\000a\000c\000e\000\040\000P\000r\000o\000b\000l\000e\000m}{section.0.10}% 50
\BOOKMARK [2][-]{subsection.0.10.2}{\376\377\000D\000e\000c\000i\000d\000a\000b\000i\000l\000i\000t\000y\000\040\000a\000n\000d\000\040\000I\000n\000c\000o\000m\000p\000l\000e\000t\000e\000n\000e\000s\000s}{section.0.10}% 51
\BOOKMARK [1][-]{section.0.11}{\376\377\000T\000h\000e\000o\000r\000e\000m\000\040\0004\000.\0001\000\040\000T\000h\000e\000\040\000s\000e\000t\000\040\000o\000f\000\040\000v\000a\000l\000i\000d\000\040\000f\000o\000r\000m\000u\000l\000a\000s\000\040\000i\000n\000\040\000f\000i\000r\000s\000t\000-\000o\000r\000d\000e\000r\000\040\000p\000r\000e\000d\000i\000c\000a\000t\000e\000\040\000l\000o\000g\000i\000c\000\040\000i\000s\000\040\000s\000e\000m\000i\000d\000e\000c\000i\000d\000a\000b\000l\000e\000.}{}% 52
\BOOKMARK [2][-]{subsection.0.11.1}{\376\377\000T\000h\000e\000\040\000F\000l\000y\000i\000n\000g\000\040\000P\000e\000n\000g\000u\000i\000n}{section.0.11}% 53
\BOOKMARK [2][-]{subsection.0.11.2}{\376\377\000M\000o\000d\000e\000l\000i\000n\000g\000\040\000U\000n\000c\000e\000r\000t\000a\000i\000n\000t\000y}{section.0.11}% 54
\BOOKMARK [1][-]{section.0.12}{\376\377\205\224\000\040\000E\000x\000e\000r\000c\000i\000s\000e\000\040\0004\000.\0001}{}% 55
\BOOKMARK [1][-]{section.0.13}{\376\377\000E\000x\000e\000r\000c\000i\000s\000e\000\040\0004\000.\0002}{}% 56
\BOOKMARK [1][-]{section.0.14}{}{}% 57
\BOOKMARK [2][-]{subsection.0.14.1}{\376\377\000P\000R\000O\000L\000O\000G\000\040\000S\000y\000s\000t\000e\000m\000s\000\040\000a\000n\000d\000\040\000I\000m\000p\000l\000e\000m\000e\000n\000t\000a\000t\000i\000o\000n\000s}{section.0.14}% 58
\BOOKMARK [2][-]{subsection.0.14.2}{\376\377\000S\000i\000m\000p\000l\000e\000\040\000E\000x\000a\000m\000p\000l\000e\000s}{section.0.14}% 59
\BOOKMARK [2][-]{subsection.0.14.3}{\376\377\000E\000x\000e\000c\000u\000t\000i\000o\000n\000\040\000C\000o\000n\000t\000r\000o\000l\000\040\000a\000n\000d\000\040\000P\000r\000o\000c\000e\000d\000u\000r\000a\000l\000\040\000E\000l\000e\000m\000e\000n\000t\000s}{section.0.14}% 60
\BOOKMARK [2][-]{subsection.0.14.4}{\376\377\000L\000i\000s\000t\000s}{section.0.14}% 61
\BOOKMARK [2][-]{subsection.0.14.5}{\376\377\000S\000e\000l\000f\000-\000m\000o\000d\000i\000f\000y\000i\000n\000g\000\040\000P\000r\000o\000g\000r\000a\000m\000s}{section.0.14}% 62
\BOOKMARK [2][-]{subsection.0.14.6}{\376\377\000A\000\040\000P\000l\000a\000n\000n\000i\000n\000g\000\040\000E\000x\000a\000m\000p\000l\000e}{section.0.14}% 63
\BOOKMARK [2][-]{subsection.0.14.7}{\376\377\000C\000o\000n\000s\000t\000r\000a\000i\000n\000t\000\040\000L\000o\000g\000i\000c\000\040\000P\000r\000o\000g\000r\000a\000m\000m\000i\000n\000g}{section.0.14}% 64
\BOOKMARK [2][-]{subsection.0.14.8}{\376\377\000S\000u\000m\000m\000a\000r\000y}{section.0.14}% 65
\BOOKMARK [2][-]{subsection.0.14.9}{\376\377\000E\000x\000e\000r\000c\000i\000s\000e\000s}{section.0.14}% 66
\BOOKMARK [1][-]{section.0.15}{\376\377\000E\000x\000e\000r\000c\000i\000s\000e\000\040\0005\000.\0002}{}% 67
\BOOKMARK [1][-]{section.0.16}{\376\377\000E\000x\000e\000r\000c\000i\000s\000e\000\040\0005\000.\0003}{}% 68
\BOOKMARK [1][-]{section.0.17}{\376\377\000E\000x\000e\000r\000c\000i\000s\000e\000\040\0005\000.\0004}{}% 69
\BOOKMARK [2][-]{subsection.0.17.1}{\376\377\000I\000n\000t\000r\000o\000d\000u\000c\000t\000i\000o\000n}{section.0.17}% 70
\BOOKMARK [1][-]{section.0.18}{\376\377\000D\000e\000f\000i\000n\000i\000t\000i\000o\000n\000\040\0006\000.\0002}{}% 71
\BOOKMARK [2][-]{subsection.0.18.1}{\376\377\000B\000r\000e\000a\000d\000t\000h\000-\000F\000i\000r\000s\000t\000\040\000S\000e\000a\000r\000c\000h}{section.0.18}% 72
\BOOKMARK [2][-]{subsection.0.18.2}{\376\377\000D\000e\000p\000t\000h\000-\000F\000i\000r\000s\000t\000\040\000S\000e\000a\000r\000c\000h}{section.0.18}% 73
\BOOKMARK [2][-]{subsection.0.18.3}{\376\377\000I\000t\000e\000r\000a\000t\000i\000v\000e\000\040\000D\000e\000e\000p\000e\000n\000i\000n\000g}{section.0.18}% 74
\BOOKMARK [2][-]{subsection.0.18.4}{\376\377\000C\000o\000m\000p\000a\000r\000i\000s\000o\000n}{section.0.18}% 75
\BOOKMARK [2][-]{subsection.0.18.5}{\376\377\000C\000y\000c\000l\000e\000\040\000C\000h\000e\000c\000k}{section.0.18}% 76
\BOOKMARK [2][-]{subsection.0.18.6}{\376\377\000H\000e\000u\000r\000i\000s\000t\000i\000c\000\040\000S\000e\000a\000r\000c\000h}{section.0.18}% 77
\BOOKMARK [2][-]{subsection.0.18.7}{\376\377\000G\000r\000e\000e\000d\000y\000\040\000S\000e\000a\000r\000c\000h}{section.0.18}% 78
\BOOKMARK [2][-]{subsection.0.18.8}{\376\377\000A\000\040\000\040\000-\000S\000e\000a\000r\000c\000h}{section.0.18}% 79
\BOOKMARK [2][-]{subsection.0.18.9}{\376\377\000R\000o\000u\000t\000e\000\040\000P\000l\000a\000n\000n\000i\000n\000g\000\040\000w\000i\000t\000h\000\040\000t\000h\000e\000\040\000A\000\040\000S\000e\000a\000r\000c\000h\000\040\000A\000l\000g\000o\000r\000i\000t\000h\000m}{section.0.18}% 80
\BOOKMARK [2][-]{subsection.0.18.10}{\376\377\000I\000D\000A\000\040\000\040\000-\000S\000e\000a\000r\000c\000h}{section.0.18}% 81
\BOOKMARK [2][-]{subsection.0.18.11}{\376\377\000E\000m\000p\000i\000r\000i\000c\000a\000l\000\040\000C\000o\000m\000p\000a\000r\000i\000s\000o\000n\000\040\000o\000f\000\040\000t\000h\000e\000\040\000S\000e\000a\000r\000c\000h\000\040\000A\000l\000g\000o\000r\000i\000t\000h\000m\000s}{section.0.18}% 82
\BOOKMARK [2][-]{subsection.0.18.12}{\376\377\000S\000u\000m\000m\000a\000r\000y}{section.0.18}% 83
\BOOKMARK [2][-]{subsection.0.18.13}{\376\377\000G\000a\000m\000e\000s\000\040\000w\000i\000t\000h\000\040\000O\000p\000p\000o\000n\000e\000n\000t\000s}{section.0.18}% 84
\BOOKMARK [2][-]{subsection.0.18.14}{\376\377\000M\000i\000n\000i\000m\000a\000x\000\040\000S\000e\000a\000r\000c\000h}{section.0.18}% 85
\BOOKMARK [2][-]{subsection.0.18.15}{\376\377\000A\000l\000p\000h\000a\000-\000B\000e\000t\000a\000-\000P\000r\000u\000n\000i\000n\000g}{section.0.18}% 86
\BOOKMARK [2][-]{subsection.0.18.16}{\376\377\000N\000o\000n\000-\000d\000e\000t\000e\000r\000m\000i\000n\000i\000s\000t\000i\000c\000\040\000G\000a\000m\000e\000s}{section.0.18}% 87
\BOOKMARK [2][-]{subsection.0.18.17}{\376\377\000H\000e\000u\000r\000i\000s\000t\000i\000c\000\040\000E\000v\000a\000l\000u\000a\000t\000i\000o\000n\000\040\000F\000u\000n\000c\000t\000i\000o\000n\000s}{section.0.18}% 88
\BOOKMARK [2][-]{subsection.0.18.18}{\376\377\000L\000e\000a\000r\000n\000i\000n\000g\000\040\000o\000f\000\040\000H\000e\000u\000r\000i\000s\000t\000i\000c\000s}{section.0.18}% 89
\BOOKMARK [2][-]{subsection.0.18.19}{\376\377\000S\000t\000a\000t\000e\000\040\000o\000f\000\040\000t\000h\000e\000\040\000A\000r\000t}{section.0.18}% 90
\BOOKMARK [2][-]{subsection.0.18.20}{\376\377\000C\000h\000e\000s\000s}{section.0.18}% 91
\BOOKMARK [2][-]{subsection.0.18.21}{\376\377\000G\000o}{section.0.18}% 92
\BOOKMARK [1][-]{section.0.19}{\376\377\000E\000x\000e\000r\000c\000i\000s\000e\000\040\0006\000.\0001}{}% 93
\BOOKMARK [1][-]{section.0.20}{\376\377\000E\000x\000e\000r\000c\000i\000s\000e\000\040\0006\000.\0002}{}% 94
\BOOKMARK [1][-]{section.0.21}{\376\377\000E\000x\000e\000r\000c\000i\000s\000e\000\040\0006\000.\0003}{}% 95
\BOOKMARK [1][-]{section.0.22}{\376\377\000E\000x\000e\000r\000c\000i\000s\000e\000\040\0006\000.\0004}{}% 96
\BOOKMARK [1][-]{section.0.23}{\376\377\000\043\000>\000\040\000E\000x\000e\000r\000c\000i\000s\000e\000\040\0006\000.\0006}{}% 97
\BOOKMARK [1][-]{section.0.24}{\376\377\000E\000x\000e\000r\000c\000i\000s\000e\000\040\0006\000.\0007}{}% 98
\BOOKMARK [1][-]{section.0.25}{\376\377\000E\000x\000e\000r\000c\000i\000s\000e\000\040\0006\000.\0001\0001}{}% 99
\BOOKMARK [1][-]{section.0.26}{\376\377\000E\000x\000e\000r\000c\000i\000s\000e\000\040\0006\000.\0001\0006}{}% 100
\BOOKMARK [1][-]{section.0.27}{}{}% 101
\BOOKMARK [2][-]{subsection.0.27.1}{\376\377\000C\000o\000m\000p\000u\000t\000i\000n\000g\000\040\000w\000i\000t\000h\000\040\000P\000r\000o\000b\000a\000b\000i\000l\000i\000t\000i\000e\000s}{section.0.27}% 102
\BOOKMARK [1][-]{section.0.28}{\376\377\000T\000h\000e\000o\000r\000e\000m\000\040\0007\000.\0001}{}% 103
\BOOKMARK [2][-]{subsection.0.28.1}{\376\377\000C\000o\000n\000d\000i\000t\000i\000o\000n\000a\000l\000\040\000P\000r\000o\000b\000a\000b\000i\000l\000i\000t\000y}{section.0.28}% 104
\BOOKMARK [1][-]{section.0.29}{\376\377\000C\000h\000a\000i\000n\000\040\000R\000u\000l\000e}{}% 105
\BOOKMARK [1][-]{section.0.30}{\376\377\000M\000a\000r\000g\000i\000n\000a\000l\000i\000z\000a\000t\000i\000o\000n}{}% 106
\BOOKMARK [1][-]{section.0.31}{\376\377\000B\000a\000y\000e\000s\000'\000\040\000T\000h\000e\000o\000r\000e\000m}{}% 107
\BOOKMARK [1][-]{section.0.32}{\376\377\000E\000x\000a\000m\000p\000l\000e\000\040\0007\000.\0007}{}% 108
\BOOKMARK [2][-]{subsection.0.32.1}{\376\377\000T\000h\000e\000\040\000P\000r\000i\000n\000c\000i\000p\000l\000e\000\040\000o\000f\000\040\000M\000a\000x\000i\000m\000u\000m\000\040\000E\000n\000t\000r\000o\000p\000y}{section.0.32}% 109
\BOOKMARK [2][-]{subsection.0.32.2}{\376\377\000A\000n\000\040\000I\000n\000f\000e\000r\000e\000n\000c\000e\000\040\000R\000u\000l\000e\000\040\000f\000o\000r\000\040\000P\000r\000o\000b\000a\000b\000i\000l\000i\000t\000i\000e\000s}{section.0.32}% 110
\BOOKMARK [2][-]{subsection.0.32.3}{\376\377\000M\000a\000x\000i\000m\000u\000m\000\040\000E\000n\000t\000r\000o\000p\000y\000\040\000W\000i\000t\000h\000o\000u\000t\000\040\000E\000x\000p\000l\000i\000c\000i\000t\000\040\000C\000o\000n\000s\000t\000r\000a\000i\000n\000t\000s}{section.0.32}% 111
\BOOKMARK [2][-]{subsection.0.32.4}{\376\377\000C\000o\000n\000d\000i\000t\000i\000o\000n\000a\000l\000\040\000P\000r\000o\000b\000a\000b\000i\000l\000i\000t\000y\000\040\000V\000e\000r\000s\000u\000s\000\040\000M\000a\000t\000e\000r\000i\000a\000l\000\040\000I\000m\000p\000l\000i\000c\000a\000t\000i\000o\000n}{section.0.32}% 112
\BOOKMARK [2][-]{subsection.0.32.5}{\376\377\000M\000a\000x\000E\000n\000t\000-\000S\000y\000s\000t\000e\000m\000s}{section.0.32}% 113
\BOOKMARK [2][-]{subsection.0.32.6}{\376\377\000T\000h\000e\000\040\000T\000w\000e\000e\000t\000y\000\040\000E\000x\000a\000m\000p\000l\000e}{section.0.32}% 114
\BOOKMARK [2][-]{subsection.0.32.7}{\376\377\000L\000e\000x\000m\000e\000d\000,\000\040\000a\000n\000\040\000E\000x\000p\000e\000r\000t\000\040\000S\000y\000s\000t\000e\000m\000\040\000f\000o\000r\000\040\000D\000i\000a\000g\000n\000o\000s\000i\000n\000g\000\040\000A\000p\000p\000e\000n\000d\000i\000c\000i\000t\000i\000s}{section.0.32}% 115
\BOOKMARK [2][-]{subsection.0.32.8}{\376\377\000A\000p\000p\000e\000n\000d\000i\000c\000i\000t\000i\000s\000\040\000D\000i\000a\000g\000n\000o\000s\000i\000s\000\040\000w\000i\000t\000h\000\040\000F\000o\000r\000m\000a\000l\000\040\000M\000e\000t\000h\000o\000d\000s}{section.0.32}% 116
\BOOKMARK [2][-]{subsection.0.32.9}{\376\377\000H\000y\000b\000r\000i\000d\000\040\000P\000r\000o\000b\000a\000b\000i\000l\000i\000s\000t\000i\000c\000\040\000K\000n\000o\000w\000l\000e\000d\000g\000e\000\040\000B\000a\000s\000e}{section.0.32}% 117
\BOOKMARK [2][-]{subsection.0.32.10}{\376\377\000A\000p\000p\000l\000i\000c\000a\000t\000i\000o\000n\000\040\000o\000f\000\040\000L\000e\000x\000m\000e\000d}{section.0.32}% 118
\BOOKMARK [2][-]{subsection.0.32.11}{\376\377\000F\000u\000n\000c\000t\000i\000o\000n\000\040\000o\000f\000\040\000L\000e\000x\000m\000e\000d}{section.0.32}% 119
\BOOKMARK [1][-]{section.0.33}{\376\377\000L\000e\000a\000r\000n\000i\000n\000g\000\040\000o\000f\000\040\000R\000u\000l\000e\000s\000\040\000b\000y\000\040\000S\000t\000a\000t\000i\000s\000t\000i\000c\000a\000l\000\040\000I\000n\000d\000u\000c\000t\000i\000o\000n}{}% 120
\BOOKMARK [1][-]{section.0.34}{\376\377\000E\000x\000p\000e\000r\000t\000\040\000R\000u\000l\000e\000s}{}% 121
\BOOKMARK [1][-]{section.0.35}{\376\377\000D\000i\000a\000g\000n\000o\000s\000i\000s\000\040\000Q\000u\000e\000r\000i\000e\000s}{}% 122
\BOOKMARK [2][-]{subsection.0.35.1}{\376\377\000R\000i\000s\000k\000\040\000M\000a\000n\000a\000g\000e\000m\000e\000n\000t\000\040\000U\000s\000i\000n\000g\000\040\000t\000h\000e\000\040\000C\000o\000s\000t\000\040\000M\000a\000t\000r\000i\000x}{section.0.35}% 123
\BOOKMARK [1][-]{section.0.36}{\376\377\000C\000o\000s\000t\000\040\000M\000a\000t\000r\000i\000x\000\040\000i\000n\000\040\000t\000h\000e\000\040\000B\000i\000n\000a\000r\000y\000\040\000C\000a\000s\000e}{}% 124
\BOOKMARK [2][-]{subsection.0.36.1}{\376\377\000P\000e\000r\000f\000o\000r\000m\000a\000n\000c\000e}{section.0.36}% 125
\BOOKMARK [2][-]{subsection.0.36.2}{\376\377\000A\000p\000p\000l\000i\000c\000a\000t\000i\000o\000n\000\040\000A\000r\000e\000a\000s\000\040\000a\000n\000d\000\040\000E\000x\000p\000e\000r\000i\000e\000n\000c\000e\000s}{section.0.36}% 126
\BOOKMARK [2][-]{subsection.0.36.3}{\376\377\000R\000e\000a\000s\000o\000n\000i\000n\000g\000\040\000w\000i\000t\000h\000\040\000B\000a\000y\000e\000s\000i\000a\000n\000\040\000N\000e\000t\000w\000o\000r\000k\000s}{section.0.36}% 127
\BOOKMARK [2][-]{subsection.0.36.4}{\376\377\000I\000n\000d\000e\000p\000e\000n\000d\000e\000n\000t\000\040\000V\000a\000r\000i\000a\000b\000l\000e\000s}{section.0.36}% 128
\BOOKMARK [2][-]{subsection.0.36.5}{\376\377\000G\000r\000a\000p\000h\000i\000c\000a\000l\000\040\000R\000e\000p\000r\000e\000s\000e\000n\000t\000a\000t\000i\000o\000n\000\040\000o\000f\000\040\000K\000n\000o\000w\000l\000e\000d\000g\000e\000\040\000a\000s\000\040\000a\000\040\000B\000a\000y\000e\000s\000i\000a\000n\000\040\000N\000e\000t\000w\000o\000r\000k}{section.0.36}% 129
\BOOKMARK [2][-]{subsection.0.36.6}{\376\377\000C\000o\000n\000d\000i\000t\000i\000o\000n\000a\000l\000\040\000I\000n\000d\000e\000p\000e\000n\000d\000e\000n\000c\000e}{section.0.36}% 130
\BOOKMARK [2][-]{subsection.0.36.7}{\376\377\000P\000r\000a\000c\000t\000i\000c\000a\000l\000\040\000A\000p\000p\000l\000i\000c\000a\000t\000i\000o\000n}{section.0.36}% 131
\BOOKMARK [2][-]{subsection.0.36.8}{\376\377\000S\000o\000f\000t\000w\000a\000r\000e\000\040\000f\000o\000r\000\040\000B\000a\000y\000e\000s\000i\000a\000n\000\040\000N\000e\000t\000w\000o\000r\000k\000s}{section.0.36}% 132
\BOOKMARK [2][-]{subsection.0.36.9}{\376\377\000D\000e\000v\000e\000l\000o\000p\000m\000e\000n\000t\000\040\000o\000f\000\040\000B\000a\000y\000e\000s\000i\000a\000n\000\040\000N\000e\000t\000w\000o\000r\000k\000s}{section.0.36}% 133
\BOOKMARK [1][-]{section.0.37}{\376\377\000L\000e\000x\000m\000e\000d\000\040\000a\000s\000\040\000a\000\040\000B\000a\000y\000e\000s\000i\000a\000n\000\040\000N\000e\000t\000w\000o\000r\000k}{}% 134
\BOOKMARK [1][-]{section.0.38}{\376\377\000C\000a\000u\000s\000a\000l\000i\000t\000y\000\040\000a\000n\000d\000\040\000N\000e\000t\000w\000o\000r\000k\000\040\000S\000t\000r\000u\000c\000t\000u\000r\000e}{}% 135
\BOOKMARK [2][-]{subsection.0.38.1}{\376\377\000S\000e\000m\000a\000n\000t\000i\000c\000s\000\040\000o\000f\000\040\000B\000a\000y\000e\000s\000i\000a\000n\000\040\000N\000e\000t\000w\000o\000r\000k\000s}{section.0.38}% 136
\BOOKMARK [2][-]{subsection.0.38.2}{\376\377\000S\000u\000m\000m\000a\000r\000y}{section.0.38}% 137
\BOOKMARK [2][-]{subsection.0.38.3}{\376\377\000E\000x\000e\000r\000c\000i\000s\000e\000s}{section.0.38}% 138
\BOOKMARK [1][-]{section.0.39}{\376\377\000M\000a\000c\000h\000i\000n\000e\000\040\000L\000e\000a\000r\000n\000i\000n\000g\000\040\000a\000n\000d\000\040\000D\000a\000t\000a\000\040\000M\000i\000n\000i\000n\000g}{}% 139
\BOOKMARK [2][-]{subsection.0.39.1}{\376\377\000D\000a\000t\000a\000\040\000A\000n\000a\000l\000y\000s\000i\000s}{section.0.39}% 140
\BOOKMARK [2][-]{subsection.0.39.2}{\376\377\000T\000h\000e\000\040\000P\000e\000r\000c\000e\000p\000t\000r\000o\000n\000,\000\040\000a\000\040\000L\000i\000n\000e\000a\000r\000\040\000C\000l\000a\000s\000s\000i\000f\000i\000e\000r}{section.0.39}% 141
\BOOKMARK [2][-]{subsection.0.39.3}{\376\377\000T\000h\000e\000\040\000L\000e\000a\000r\000n\000i\000n\000g\000\040\000R\000u\000l\000e}{section.0.39}% 142
\BOOKMARK [2][-]{subsection.0.39.4}{\376\377\000O\000p\000t\000i\000m\000i\000z\000a\000t\000i\000o\000n\000\040\000a\000n\000d\000\040\000O\000u\000t\000l\000o\000o\000k}{section.0.39}% 143
\BOOKMARK [2][-]{subsection.0.39.5}{\376\377\000T\000h\000e\000\040\000N\000e\000a\000r\000e\000s\000t\000\040\000N\000e\000i\000g\000h\000b\000o\000r\000\040\000M\000e\000t\000h\000o\000d}{section.0.39}% 144
\BOOKMARK [2][-]{subsection.0.39.6}{\376\377\000T\000w\000o\000\040\000C\000l\000a\000s\000s\000e\000s\000,\000\040\000M\000a\000n\000y\000\040\000C\000l\000a\000s\000s\000e\000s\000,\000\040\000A\000p\000p\000r\000o\000x\000i\000m\000a\000t\000i\000o\000n}{section.0.39}% 145
\BOOKMARK [2][-]{subsection.0.39.7}{\376\377\000D\000i\000s\000t\000a\000n\000c\000e\000\040\000I\000s\000\040\000R\000e\000l\000e\000v\000a\000n\000t}{section.0.39}% 146
\BOOKMARK [2][-]{subsection.0.39.8}{\376\377\000C\000o\000m\000p\000u\000t\000a\000t\000i\000o\000n\000\040\000T\000i\000m\000e\000s}{section.0.39}% 147
\BOOKMARK [2][-]{subsection.0.39.9}{\376\377\000S\000u\000m\000m\000a\000r\000y\000\040\000a\000n\000d\000\040\000O\000u\000t\000l\000o\000o\000k}{section.0.39}% 148
\BOOKMARK [2][-]{subsection.0.39.10}{\376\377\000C\000a\000s\000e\000-\000B\000a\000s\000e\000d\000\040\000R\000e\000a\000s\000o\000n\000i\000n\000g}{section.0.39}% 149
\BOOKMARK [2][-]{subsection.0.39.11}{\376\377\000D\000e\000c\000i\000s\000i\000o\000n\000\040\000T\000r\000e\000e\000\040\000L\000e\000a\000r\000n\000i\000n\000g}{section.0.39}% 150
\BOOKMARK [2][-]{subsection.0.39.12}{\376\377\000A\000\040\000S\000i\000m\000p\000l\000e\000\040\000E\000x\000a\000m\000p\000l\000e}{section.0.39}% 151
\BOOKMARK [2][-]{subsection.0.39.13}{\376\377\000E\000n\000t\000r\000o\000p\000y\000\040\000a\000s\000\040\000a\000\040\000M\000e\000t\000r\000i\000c\000\040\000f\000o\000r\000\040\000I\000n\000f\000o\000r\000m\000a\000t\000i\000o\000n\000\040\000C\000o\000n\000t\000e\000n\000t}{section.0.39}% 152
\BOOKMARK [2][-]{subsection.0.39.14}{\376\377\000I\000n\000f\000o\000r\000m\000a\000t\000i\000o\000n\000\040\000G\000a\000i\000n}{section.0.39}% 153
\BOOKMARK [2][-]{subsection.0.39.15}{\376\377\000A\000p\000p\000l\000i\000c\000a\000t\000i\000o\000n\000\040\000o\000f\000\040\000C\0004\000.\0005}{section.0.39}% 154
\BOOKMARK [2][-]{subsection.0.39.16}{\376\377\000L\000e\000a\000r\000n\000i\000n\000g\000\040\000o\000f\000\040\000A\000p\000p\000e\000n\000d\000i\000c\000i\000t\000i\000s\000\040\000D\000i\000a\000g\000n\000o\000s\000i\000s}{section.0.39}% 155
\BOOKMARK [2][-]{subsection.0.39.17}{\376\377\000C\000o\000n\000t\000i\000n\000u\000o\000u\000s\000\040\000A\000t\000t\000r\000i\000b\000u\000t\000e\000s}{section.0.39}% 156
\BOOKMARK [2][-]{subsection.0.39.18}{\376\377\000P\000r\000u\000n\000i\000n\000g\000-\000C\000u\000t\000t\000i\000n\000g\000\040\000t\000h\000e\000\040\000T\000r\000e\000e}{section.0.39}% 157
\BOOKMARK [2][-]{subsection.0.39.19}{\376\377\000M\000i\000s\000s\000i\000n\000g\000\040\000V\000a\000l\000u\000e\000s}{section.0.39}% 158
\BOOKMARK [2][-]{subsection.0.39.20}{\376\377\000S\000u\000m\000m\000a\000r\000y}{section.0.39}% 159
\BOOKMARK [2][-]{subsection.0.39.21}{\376\377\000C\000r\000o\000s\000s\000-\000V\000a\000l\000i\000d\000a\000t\000i\000o\000n\000\040\000a\000n\000d\000\040\000O\000v\000e\000r\000f\000i\000t\000t\000i\000n\000g}{section.0.39}% 160
\BOOKMARK [2][-]{subsection.0.39.22}{\376\377\000L\000e\000a\000r\000n\000i\000n\000g\000\040\000o\000f\000\040\000B\000a\000y\000e\000s\000i\000a\000n\000\040\000N\000e\000t\000w\000o\000r\000k\000s}{section.0.39}% 161
\BOOKMARK [2][-]{subsection.0.39.23}{\376\377\000L\000e\000a\000r\000n\000i\000n\000g\000\040\000t\000h\000e\000\040\000N\000e\000t\000w\000o\000r\000k\000\040\000S\000t\000r\000u\000c\000t\000u\000r\000e}{section.0.39}% 162
\BOOKMARK [2][-]{subsection.0.39.24}{\376\377\000T\000h\000e\000\040\000N\000a\000i\000v\000e\000\040\000B\000a\000y\000e\000s\000\040\000C\000l\000a\000s\000s\000i\000f\000i\000e\000r}{section.0.39}% 163
\BOOKMARK [2][-]{subsection.0.39.25}{\376\377\000T\000e\000x\000t\000\040\000C\000l\000a\000s\000s\000i\000f\000i\000c\000a\000t\000i\000o\000n\000\040\000w\000i\000t\000h\000\040\000N\000a\000i\000v\000e\000\040\000B\000a\000y\000e\000s}{section.0.39}% 164
\BOOKMARK [2][-]{subsection.0.39.26}{\376\377\000O\000n\000e\000-\000C\000l\000a\000s\000s\000\040\000L\000e\000a\000r\000n\000i\000n\000g}{section.0.39}% 165
\BOOKMARK [2][-]{subsection.0.39.27}{\376\377\000N\000e\000a\000r\000e\000s\000t\000\040\000N\000e\000i\000g\000h\000b\000o\000r\000\040\000D\000a\000t\000a\000\040\000D\000e\000s\000c\000r\000i\000p\000t\000i\000o\000n}{section.0.39}% 166
\BOOKMARK [2][-]{subsection.0.39.28}{\376\377\000C\000l\000u\000s\000t\000e\000r\000i\000n\000g}{section.0.39}% 167
\BOOKMARK [2][-]{subsection.0.39.29}{\376\377\000D\000i\000s\000t\000a\000n\000c\000e\000\040\000M\000e\000t\000r\000i\000c\000s}{section.0.39}% 168
\BOOKMARK [2][-]{subsection.0.39.30}{\376\377\000k\000-\000M\000e\000a\000n\000s\000\040\000a\000n\000d\000\040\000t\000h\000e\000\040\000E\000M\000\040\000A\000l\000g\000o\000r\000i\000t\000h\000m}{section.0.39}% 169
\BOOKMARK [2][-]{subsection.0.39.31}{\376\377\000H\000i\000e\000r\000a\000r\000c\000h\000i\000c\000a\000l\000\040\000C\000l\000u\000s\000t\000e\000r\000i\000n\000g}{section.0.39}% 170
\BOOKMARK [1][-]{section.0.40}{\376\377\000H\000i\000e\000r\000a\000r\000c\000h\000i\000c\000a\000l\000C\000l\000u\000s\000t\000e\000r\000i\000n\000g\000\040\000\050\000b\000o\000l\000d\0000\000m\000u\000\040\000m\000u\000m\000u\000\040\000x\000x\000x\000x\000x\000x\000_\0001\000,\000\040\040\046\000,\000\040\000b\000o\000l\000d\0000\000m\000u\000\040\000m\000u\000m\000u\000\040\000x\000x\000x\000x\000x\000x\000_\000n\000,\000\040\000k\000\051}{}% 171
\BOOKMARK [2][-]{subsection.0.40.1}{\376\377\000H\000o\000w\000\040\000i\000s\000\040\000t\000h\000e\000\040\000N\000u\000m\000b\000e\000r\000\040\000o\000f\000\040\000C\000l\000u\000s\000t\000e\000r\000s\000\040\000D\000e\000t\000e\000r\000m\000i\000n\000e\000d\000?}{section.0.40}% 172
\BOOKMARK [2][-]{subsection.0.40.2}{\376\377\000D\000a\000t\000a\000\040\000M\000i\000n\000i\000n\000g\000\040\000i\000n\000\040\000P\000r\000a\000c\000t\000i\000c\000e}{section.0.40}% 173
\BOOKMARK [2][-]{subsection.0.40.3}{\376\377\000T\000h\000e\000\040\000D\000a\000t\000a\000\040\000M\000i\000n\000i\000n\000g\000\040\000T\000o\000o\000l\000\040\000K\000N\000I\000M\000E}{section.0.40}% 174
\BOOKMARK [2][-]{subsection.0.40.4}{\376\377\000S\000u\000m\000m\000a\000r\000y}{section.0.40}% 175
\BOOKMARK [1][-]{section.0.41}{\376\377\000E\000x\000e\000r\000c\000i\000s\000e\000\040\0008\000.\0001}{}% 176
\BOOKMARK [2][-]{subsection.0.41.1}{\376\377\000T\000h\000e\000\040\000P\000e\000r\000c\000e\000p\000t\000r\000o\000n}{section.0.41}% 177
\BOOKMARK [1][-]{section.0.42}{\376\377\000E\000x\000e\000r\000c\000i\000s\000e\000\040\0008\000.\0005}{}% 178
\BOOKMARK [1][-]{section.0.43}{\376\377\000E\000x\000e\000r\000c\000i\000s\000e\000\040\0008\000.\0006}{}% 179
\BOOKMARK [1][-]{section.0.44}{\376\377\203\334\000E\000x\000e\000r\000c\000i\000s\000e\000\040\0008\000.\0008}{}% 180
\BOOKMARK [1][-]{section.0.45}{\376\377\000E\000x\000e\000r\000c\000i\000s\000e\000\040\0008\000.\0009}{}% 181
\BOOKMARK [2][-]{subsection.0.45.1}{\376\377\000D\000e\000c\000i\000s\000i\000o\000n\000\040\000T\000r\000e\000e\000s}{section.0.45}% 182
\BOOKMARK [1][-]{section.0.46}{\376\377\000E\000x\000e\000r\000c\000i\000s\000e\000\040\0008\000.\0001\0002}{}% 183
\BOOKMARK [1][-]{section.0.47}{\376\377\205\254\000E\000x\000e\000r\000c\000i\000s\000e\000\040\0008\000.\0001\0005}{}% 184
\BOOKMARK [2][-]{subsection.0.47.1}{\376\377\000L\000e\000a\000r\000n\000i\000n\000g\000\040\000o\000f\000\040\000B\000a\000y\000e\000s\000i\000a\000n\000\040\000N\000e\000t\000w\000o\000r\000k\000s}{section.0.47}% 185
\BOOKMARK [2][-]{subsection.0.47.2}{\376\377\000C\000l\000u\000s\000t\000e\000r\000i\000n\000g}{section.0.47}% 186
\BOOKMARK [2][-]{subsection.0.47.3}{\376\377\000D\000a\000t\000a\000\040\000M\000i\000n\000i\000n\000g}{section.0.47}% 187
\BOOKMARK [1][-]{section.0.48}{}{}% 188
\BOOKMARK [2][-]{subsection.0.48.1}{\376\377\000F\000r\000o\000m\000\040\000B\000i\000o\000l\000o\000g\000y\000\040\000t\000o\000\040\000S\000i\000m\000u\000l\000a\000t\000i\000o\000n}{section.0.48}% 189
\BOOKMARK [2][-]{subsection.0.48.2}{\376\377\000T\000h\000e\000\040\000M\000a\000t\000h\000e\000m\000a\000t\000i\000c\000a\000l\000\040\000M\000o\000d\000e\000l}{section.0.48}% 190
\BOOKMARK [2][-]{subsection.0.48.3}{\376\377\000H\000o\000p\000f\000i\000e\000l\000d\000\040\000N\000e\000t\000w\000o\000r\000k\000s}{section.0.48}% 191
\BOOKMARK [2][-]{subsection.0.48.4}{\376\377\000A\000p\000p\000l\000i\000c\000a\000t\000i\000o\000n\000\040\000t\000o\000\040\000a\000\040\000P\000a\000t\000t\000e\000r\000n\000\040\000R\000e\000c\000o\000g\000n\000i\000t\000i\000o\000n\000\040\000E\000x\000a\000m\000p\000l\000e}{section.0.48}% 192
\BOOKMARK [2][-]{subsection.0.48.5}{\376\377\000A\000n\000a\000l\000y\000s\000i\000s}{section.0.48}% 193
\BOOKMARK [2][-]{subsection.0.48.6}{\376\377\000S\000u\000m\000m\000a\000r\000y\000\040\000a\000n\000d\000\040\000O\000u\000t\000l\000o\000o\000k}{section.0.48}% 194
\BOOKMARK [2][-]{subsection.0.48.7}{\376\377\000N\000e\000u\000r\000a\000l\000\040\000A\000s\000s\000o\000c\000i\000a\000t\000i\000v\000e\000\040\000M\000e\000m\000o\000r\000y}{section.0.48}% 195
\BOOKMARK [2][-]{subsection.0.48.8}{\376\377\000C\000o\000r\000r\000e\000l\000a\000t\000i\000o\000n\000\040\000M\000a\000t\000r\000i\000x\000\040\000M\000e\000m\000o\000r\000y}{section.0.48}% 196
\BOOKMARK [2][-]{subsection.0.48.9}{\376\377\000T\000h\000e\000\040\000B\000i\000n\000a\000r\000y\000\040\000H\000e\000b\000b\000\040\000R\000u\000l\000e}{section.0.48}% 197
\BOOKMARK [2][-]{subsection.0.48.10}{\376\377\000A\000\040\000S\000p\000e\000l\000l\000i\000n\000g\000\040\000C\000o\000r\000r\000e\000c\000t\000i\000o\000n\000\040\000P\000r\000o\000g\000r\000a\000m}{section.0.48}% 198
\BOOKMARK [1][-]{section.0.49}{\376\377\000S\000t\000o\000r\000e\000d\000\040\000w\000o\000r\000d\000s\000:}{}% 199
\BOOKMARK [1][-]{section.0.50}{\376\377\000A\000s\000s\000o\000c\000i\000a\000t\000i\000o\000n\000s\000\040\000o\000f\000\040\000t\000h\000e\000\040\000p\000r\000o\000g\000r\000a\000m\000:}{}% 200
\BOOKMARK [2][-]{subsection.0.50.1}{\376\377\000L\000i\000n\000e\000a\000r\000\040\000N\000e\000t\000w\000o\000r\000k\000s\000\040\000w\000i\000t\000h\000\040\000M\000i\000n\000i\000m\000a\000l\000\040\000E\000r\000r\000o\000r\000s}{section.0.50}% 201
\BOOKMARK [2][-]{subsection.0.50.2}{\376\377\000L\000e\000a\000s\000t\000\040\000S\000q\000u\000a\000r\000e\000s\000\040\000M\000e\000t\000h\000o\000d}{section.0.50}% 202
\BOOKMARK [2][-]{subsection.0.50.3}{\376\377\000A\000p\000p\000l\000i\000c\000a\000t\000i\000o\000n\000\040\000t\000o\000\040\000t\000h\000e\000\040\000A\000p\000p\000e\000n\000d\000i\000c\000i\000t\000i\000s\000\040\000D\000a\000t\000a}{section.0.50}% 203
\BOOKMARK [2][-]{subsection.0.50.4}{\376\377\000T\000h\000e\000\040\000D\000e\000l\000t\000a\000\040\000R\000u\000l\000e}{section.0.50}% 204
\BOOKMARK [1][-]{section.0.51}{\376\377\000D\000e\000l\000t\000a\000L\000e\000a\000r\000n\000i\000n\000g\000I\000n\000c\000r\000e\000m\000e\000n\000t\000a\000l\000\050\000T\000r\000a\000i\000n\000i\000n\000g\000E\000x\000a\000m\000p\000l\000e\000s\000,\000\040\000\040\000\051}{}% 205
\BOOKMARK [2][-]{subsection.0.51.1}{\376\377\000C\000o\000m\000p\000a\000r\000i\000s\000o\000n\000\040\000t\000o\000\040\000t\000h\000e\000\040\000P\000e\000r\000c\000e\000p\000t\000r\000o\000n}{section.0.51}% 206
\BOOKMARK [2][-]{subsection.0.51.2}{\376\377\000T\000h\000e\000\040\000B\000a\000c\000k\000p\000r\000o\000p\000a\000g\000a\000t\000i\000o\000n\000\040\000A\000l\000g\000o\000r\000i\000t\000h\000m}{section.0.51}% 207
\BOOKMARK [2][-]{subsection.0.51.3}{\376\377\000N\000E\000T\000t\000a\000l\000k\000:\000\040\000A\000\040\000N\000e\000t\000w\000o\000r\000k\000\040\000L\000e\000a\000r\000n\000s\000\040\000t\000o\000\040\000S\000p\000e\000a\000k}{section.0.51}% 208
\BOOKMARK [2][-]{subsection.0.51.4}{\376\377\000L\000e\000a\000r\000n\000i\000n\000g\000\040\000o\000f\000\040\000H\000e\000u\000r\000i\000s\000t\000i\000c\000s\000\040\000f\000o\000r\000\040\000T\000h\000e\000o\000r\000e\000m\000\040\000P\000r\000o\000v\000e\000r\000s}{section.0.51}% 209
\BOOKMARK [2][-]{subsection.0.51.5}{\376\377\000P\000r\000o\000b\000l\000e\000m\000s\000\040\000a\000n\000d\000\040\000I\000m\000p\000r\000o\000v\000e\000m\000e\000n\000t\000s}{section.0.51}% 210
\BOOKMARK [2][-]{subsection.0.51.6}{\376\377\000S\000u\000p\000p\000o\000r\000t\000\040\000V\000e\000c\000t\000o\000r\000\040\000M\000a\000c\000h\000i\000n\000e\000s}{section.0.51}% 211
\BOOKMARK [2][-]{subsection.0.51.7}{\376\377\000D\000e\000e\000p\000\040\000L\000e\000a\000r\000n\000i\000n\000g}{section.0.51}% 212
\BOOKMARK [2][-]{subsection.0.51.8}{\376\377\000N\000a\000t\000u\000r\000e\000\040\000a\000s\000\040\000E\000x\000a\000m\000p\000l\000e}{section.0.51}% 213
\BOOKMARK [2][-]{subsection.0.51.9}{\376\377\000S\000t\000a\000c\000k\000e\000d\000\040\000D\000e\000n\000o\000i\000s\000i\000n\000g\000\040\000A\000u\000t\000o\000e\000n\000c\000o\000d\000e\000r}{section.0.51}% 214
\BOOKMARK [2][-]{subsection.0.51.10}{\376\377\000O\000t\000h\000e\000r\000\040\000M\000e\000t\000h\000o\000d\000s}{section.0.51}% 215
\BOOKMARK [2][-]{subsection.0.51.11}{\376\377\000S\000y\000s\000t\000e\000m\000s\000\040\000a\000n\000d\000\040\000I\000m\000p\000l\000e\000m\000e\000n\000t\000a\000t\000i\000o\000n\000s}{section.0.51}% 216
\BOOKMARK [2][-]{subsection.0.51.12}{\376\377\000A\000p\000p\000l\000i\000c\000a\000t\000i\000o\000n\000s\000\040\000o\000f\000\040\000D\000e\000e\000p\000\040\000L\000e\000a\000r\000n\000i\000n\000g}{section.0.51}% 217
\BOOKMARK [2][-]{subsection.0.51.13}{\376\377\000C\000r\000e\000a\000t\000i\000v\000i\000t\000y}{section.0.51}% 218
\BOOKMARK [2][-]{subsection.0.51.14}{\376\377\000A\000p\000p\000l\000i\000c\000a\000t\000i\000o\000n\000s\000\040\000o\000f\000\040\000N\000e\000u\000r\000a\000l\000\040\000N\000e\000t\000w\000o\000r\000k\000s}{section.0.51}% 219
\BOOKMARK [2][-]{subsection.0.51.15}{\376\377\000S\000u\000m\000m\000a\000r\000y\000\040\000a\000n\000d\000\040\000O\000u\000t\000l\000o\000o\000k}{section.0.51}% 220
\BOOKMARK [2][-]{subsection.0.51.16}{\376\377\000F\000r\000o\000m\000\040\000B\000i\000o\000l\000o\000g\000y\000\040\000t\000o\000\040\000S\000i\000m\000u\000l\000a\000t\000i\000o\000n}{section.0.51}% 221
\BOOKMARK [2][-]{subsection.0.51.17}{\376\377\000H\000o\000p\000f\000i\000e\000l\000d\000\040\000N\000e\000t\000w\000o\000r\000k\000s}{section.0.51}% 222
\BOOKMARK [1][-]{section.0.52}{\376\377\000\043\000>\000\040\000E\000x\000e\000r\000c\000i\000s\000e\000\040\0009\000.\0004}{}% 223
\BOOKMARK [2][-]{subsection.0.52.1}{\376\377\000B\000a\000c\000k\000p\000r\000o\000p\000a\000g\000a\000t\000i\000o\000n}{section.0.52}% 224
\BOOKMARK [1][-]{section.0.53}{\376\377\000E\000x\000e\000r\000c\000i\000s\000e\000\040\0009\000.\0007}{}% 225
\BOOKMARK [2][-]{subsection.0.53.1}{\376\377\000S\000u\000p\000p\000o\000r\000t\000\040\000V\000e\000c\000t\000o\000r\000\040\000M\000a\000c\000h\000i\000n\000e\000s}{section.0.53}% 226
\BOOKMARK [2][-]{subsection.0.53.2}{\376\377\000I\000n\000t\000r\000o\000d\000u\000c\000t\000i\000o\000n}{section.0.53}% 227
