\BOOKMARK [1][-]{section.0.1}{\376\377\000A\000l\000g\000o\000r\000i\000t\000h\000m\000\040\000D\000e\000s\000i\000g\000n}{}% 1
\BOOKMARK [1][-]{section.0.2}{\376\377\000S\000t\000e\000v\000e\000n\000\040\000S\000.\000\040\000S\000k\000i\000e\000n\000a}{}% 2
\BOOKMARK [1][-]{section.0.3}{\376\377\000T\000h\000e\000\040\000A\000l\000g\000o\000r\000i\000t\000h\000m\000\040\000D\000e\000s\000i\000g\000n\000\040\000M\000a\000n\000u\000a\000l\000\040}{}% 3
\BOOKMARK [1][-]{section.0.4}{\376\377\000P\000r\000e\000f\000a\000c\000e}{}% 4
\BOOKMARK [1][-]{section.0.5}{\376\377\000T\000o\000\040\000t\000h\000e\000\040\000R\000e\000a\000d\000e\000r}{}% 5
\BOOKMARK [1][-]{section.0.6}{\376\377\000T\000o\000\040\000t\000h\000e\000\040\000I\000n\000s\000t\000r\000u\000c\000t\000o\000r}{}% 6
\BOOKMARK [1][-]{section.0.7}{\376\377\000A\000c\000k\000n\000o\000w\000l\000e\000d\000g\000m\000e\000n\000t\000s}{}% 7
\BOOKMARK [1][-]{section.0.8}{\376\377\000C\000a\000v\000e\000a\000t}{}% 8
\BOOKMARK [1][-]{section.0.9}{\376\377\000C\000o\000n\000t\000e\000n\000t\000s}{}% 9
\BOOKMARK [1][-]{section.0.10}{\376\377\000I\000n\000t\000r\000o\000d\000u\000c\000t\000i\000o\000n\000\040\000t\000o\000\040\000A\000l\000g\000o\000r\000i\000t\000h\000m\000\040\000D\000e\000s\000i\000g\000n}{}% 10
\BOOKMARK [1][-]{section.0.11}{\376\377\000P\000r\000o\000b\000l\000e\000m\000:\000\040\000S\000o\000r\000t\000i\000n\000g}{}% 11
\BOOKMARK [2][-]{subsection.0.11.1}{\376\377\000R\000o\000b\000o\000t\000\040\000T\000o\000u\000r\000\040\000O\000p\000t\000i\000m\000i\000z\000a\000t\000i\000o\000n}{section.0.11}% 12
\BOOKMARK [1][-]{section.0.12}{\376\377\000P\000r\000o\000b\000l\000e\000m\000:\000\040\000R\000o\000b\000o\000t\000\040\000T\000o\000u\000r\000\040\000O\000p\000t\000i\000m\000i\000z\000a\000t\000i\000o\000n}{}% 13
\BOOKMARK [1][-]{section.0.13}{\376\377\000C\000l\000o\000s\000e\000s\000t\000P\000a\000i\000r\000\040\000\050\000\040\000P\000\040\000\051}{}% 14
\BOOKMARK [2][-]{subsection.0.13.1}{\376\377\000S\000e\000l\000e\000c\000t\000i\000n\000g\000\040\000t\000h\000e\000\040\000R\000i\000g\000h\000t\000\040\000J\000o\000b\000s}{section.0.13}% 15
\BOOKMARK [2][-]{subsection.0.13.2}{\376\377\000R\000e\000a\000s\000o\000n\000i\000n\000g\000\040\000a\000b\000o\000u\000t\000\040\000C\000o\000r\000r\000e\000c\000t\000n\000e\000s\000s}{section.0.13}% 16
\BOOKMARK [2][-]{subsection.0.13.3}{\376\377\000P\000r\000o\000b\000l\000e\000m\000s\000\040\000a\000n\000d\000\040\000P\000r\000o\000p\000e\000r\000t\000i\000e\000s}{section.0.13}% 17
\BOOKMARK [2][-]{subsection.0.13.4}{\376\377\000E\000x\000p\000r\000e\000s\000s\000i\000n\000g\000\040\000A\000l\000g\000o\000r\000i\000t\000h\000m\000s}{section.0.13}% 18
\BOOKMARK [2][-]{subsection.0.13.5}{\376\377\000D\000e\000m\000o\000n\000s\000t\000r\000a\000t\000i\000n\000g\000\040\000I\000n\000c\000o\000r\000r\000e\000c\000t\000n\000e\000s\000s}{section.0.13}% 19
\BOOKMARK [1][-]{section.0.14}{\376\377\000S\000t\000o\000p\000\040\000a\000n\000d\000\040\000T\000h\000i\000n\000k\000:\000\040\000G\000r\000e\000e\000d\000y\000\040\000M\000o\000v\000i\000e\000\040\000S\000t\000a\000r\000s\000?}{}% 20
\BOOKMARK [2][-]{subsection.0.14.1}{\376\377\000I\000n\000d\000u\000c\000t\000i\000o\000n\000\040\000a\000n\000d\000\040\000R\000e\000c\000u\000r\000s\000i\000o\000n}{section.0.14}% 21
\BOOKMARK [1][-]{section.0.15}{\376\377\000S\000t\000o\000p\000\040\000a\000n\000d\000\040\000T\000h\000i\000n\000k\000:\000\040\000I\000n\000c\000r\000e\000m\000e\000n\000t\000a\000l\000\040\000C\000o\000r\000r\000e\000c\000t\000n\000e\000s\000s}{}% 22
\BOOKMARK [2][-]{subsection.0.15.1}{\376\377\000M\000o\000d\000e\000l\000i\000n\000g\000\040\000t\000h\000e\000\040\000P\000r\000o\000b\000l\000e\000m}{section.0.15}% 23
\BOOKMARK [2][-]{subsection.0.15.2}{\376\377\000C\000o\000m\000b\000i\000n\000a\000t\000o\000r\000i\000a\000l\000\040\000O\000b\000j\000e\000c\000t\000s}{section.0.15}% 24
\BOOKMARK [2][-]{subsection.0.15.3}{\376\377\000R\000e\000c\000u\000r\000s\000i\000v\000e\000\040\000O\000b\000j\000e\000c\000t\000s}{section.0.15}% 25
\BOOKMARK [2][-]{subsection.0.15.4}{\376\377\000P\000r\000o\000o\000f\000\040\000b\000y\000\040\000C\000o\000n\000t\000r\000a\000d\000i\000c\000t\000i\000o\000n}{section.0.15}% 26
\BOOKMARK [2][-]{subsection.0.15.5}{\376\377\000A\000b\000o\000u\000t\000\040\000t\000h\000e\000\040\000W\000a\000r\000\040\000S\000t\000o\000r\000i\000e\000s}{section.0.15}% 27
\BOOKMARK [2][-]{subsection.0.15.6}{\376\377\000W\000a\000r\000\040\000S\000t\000o\000r\000y\000:\000\040\000P\000s\000y\000c\000h\000i\000c\000\040\000M\000o\000d\000e\000l\000i\000n\000g}{section.0.15}% 28
\BOOKMARK [2][-]{subsection.0.15.7}{\376\377\000E\000s\000t\000i\000m\000a\000t\000i\000o\000n}{section.0.15}% 29
\BOOKMARK [1][-]{section.0.16}{\376\377\000C\000h\000a\000p\000t\000e\000r\000\040\000N\000o\000t\000e\000s}{}% 30
\BOOKMARK [1][-]{section.0.17}{\376\377\000F\000i\000n\000d\000i\000n\000g\000\040\000C\000o\000u\000n\000t\000e\000r\000e\000x\000a\000m\000p\000l\000e\000s}{}% 31
\BOOKMARK [1][-]{section.0.18}{\376\377\000P\000r\000o\000o\000f\000s\000\040\000o\000f\000\040\000C\000o\000r\000r\000e\000c\000t\000n\000e\000s\000s}{}% 32
\BOOKMARK [1][-]{section.0.19}{\376\377\000I\000n\000d\000u\000c\000t\000i\000o\000n}{}% 33
\BOOKMARK [1][-]{section.0.20}{\376\377\000E\000s\000t\000i\000m\000a\000t\000i\000o\000n}{}% 34
\BOOKMARK [1][-]{section.0.21}{\376\377\000I\000m\000p\000l\000e\000m\000e\000n\000t\000a\000t\000i\000o\000n\000\040\000P\000r\000o\000j\000e\000c\000t\000s}{}% 35
\BOOKMARK [1][-]{section.0.22}{\376\377\000I\000n\000t\000e\000r\000v\000i\000e\000w\000\040\000P\000r\000o\000b\000l\000e\000m\000s}{}% 36
\BOOKMARK [1][-]{section.0.23}{\376\377\000L\000e\000e\000t\000C\000o\000d\000e}{}% 37
\BOOKMARK [1][-]{section.0.24}{\376\377\000H\000a\000c\000k\000e\000r\000R\000a\000n\000k}{}% 38
\BOOKMARK [1][-]{section.0.25}{\376\377\000P\000r\000o\000g\000r\000a\000m\000m\000i\000n\000g\000\040\000C\000h\000a\000l\000l\000e\000n\000g\000e\000s}{}% 39
\BOOKMARK [1][-]{section.0.26}{\376\377\000A\000l\000g\000o\000r\000i\000t\000h\000m\000\040\000A\000n\000a\000l\000y\000s\000i\000s}{}% 40
\BOOKMARK [2][-]{subsection.0.26.1}{\376\377\000T\000h\000e\000\040\000R\000A\000M\000\040\000M\000o\000d\000e\000l\000\040\000o\000f\000\040\000C\000o\000m\000p\000u\000t\000a\000t\000i\000o\000n}{section.0.26}% 41
\BOOKMARK [2][-]{subsection.0.26.2}{\376\377\000B\000e\000s\000t\000-\000C\000a\000s\000e\000,\000\040\000W\000o\000r\000s\000t\000-\000C\000a\000s\000e\000,\000\040\000a\000n\000d\000\040\000A\000v\000e\000r\000a\000g\000e\000-\000C\000a\000s\000e\000\040\000C\000o\000m\000p\000l\000e\000x\000i\000t\000y}{section.0.26}% 42
\BOOKMARK [2][-]{subsection.0.26.3}{\376\377\000T\000h\000e\000\040\000B\000i\000g\000\040\000O\000h\000\040\000N\000o\000t\000a\000t\000i\000o\000n}{section.0.26}% 43
\BOOKMARK [1][-]{section.0.27}{\376\377\000S\000t\000o\000p\000\040\000a\000n\000d\000\040\000T\000h\000i\000n\000k\000:\000\040\000B\000a\000c\000k\000\040\000t\000o\000\040\000t\000h\000e\000\040\000D\000e\000f\000i\000n\000i\000t\000i\000o\000n}{}% 44
\BOOKMARK [1][-]{section.0.28}{\376\377\000S\000t\000o\000p\000\040\000a\000n\000d\000\040\000T\000h\000i\000n\000k\000:\000\040\000H\000i\000p\000\040\000t\000o\000\040\000t\000h\000e\000\040\000S\000q\000u\000a\000r\000e\000s\000?}{}% 45
\BOOKMARK [2][-]{subsection.0.28.1}{\376\377\000G\000r\000o\000w\000t\000h\000\040\000R\000a\000t\000e\000s\000\040\000a\000n\000d\000\040\000D\000o\000m\000i\000n\000a\000n\000c\000e\000\040\000R\000e\000l\000a\000t\000i\000o\000n\000s}{section.0.28}% 46
\BOOKMARK [2][-]{subsection.0.28.2}{\376\377\000D\000o\000m\000i\000n\000a\000n\000c\000e\000\040\000R\000e\000l\000a\000t\000i\000o\000n\000s}{section.0.28}% 47
\BOOKMARK [2][-]{subsection.0.28.3}{\376\377\000W\000o\000r\000k\000i\000n\000g\000\040\000w\000i\000t\000h\000\040\000t\000h\000e\000\040\000B\000i\000g\000\040\000O\000h}{section.0.28}% 48
\BOOKMARK [2][-]{subsection.0.28.4}{\376\377\000A\000d\000d\000i\000n\000g\000\040\000F\000u\000n\000c\000t\000i\000o\000n\000s}{section.0.28}% 49
\BOOKMARK [2][-]{subsection.0.28.5}{\376\377\000M\000u\000l\000t\000i\000p\000l\000y\000i\000n\000g\000\040\000F\000u\000n\000c\000t\000i\000o\000n\000s}{section.0.28}% 50
\BOOKMARK [1][-]{section.0.29}{\376\377\000S\000t\000o\000p\000\040\000a\000n\000d\000\040\000T\000h\000i\000n\000k\000:\000\040\000T\000r\000a\000n\000s\000i\000t\000i\000v\000e\000\040\000E\000x\000p\000e\000r\000i\000e\000n\000c\000e}{}% 51
\BOOKMARK [2][-]{subsection.0.29.1}{\376\377\000R\000e\000a\000s\000o\000n\000i\000n\000g\000\040\000a\000b\000o\000u\000t\000\040\000E\000f\000f\000i\000c\000i\000e\000n\000c\000y}{section.0.29}% 52
\BOOKMARK [2][-]{subsection.0.29.2}{\376\377\000S\000e\000l\000e\000c\000t\000i\000o\000n\000\040\000S\000o\000r\000t}{section.0.29}% 53
\BOOKMARK [1][-]{section.0.30}{\376\377\000P\000r\000o\000v\000i\000n\000g\000\040\000t\000h\000e\000\040\000T\000h\000e\000t\000a}{}% 54
\BOOKMARK [2][-]{subsection.0.30.1}{\376\377\000I\000n\000s\000e\000r\000t\000i\000o\000n\000\040\000S\000o\000r\000t}{section.0.30}% 55
\BOOKMARK [1][-]{section.0.31}{\376\377\000P\000r\000o\000v\000i\000n\000g\000\040\000t\000h\000e\000\040\000T\000h\000e\000t\000a}{}% 56
\BOOKMARK [2][-]{subsection.0.31.1}{\376\377\000S\000t\000r\000i\000n\000g\000\040\000P\000a\000t\000t\000e\000r\000n\000\040\000M\000a\000t\000c\000h\000i\000n\000g}{section.0.31}% 57
\BOOKMARK [1][-]{section.0.32}{\376\377\000P\000r\000o\000b\000l\000e\000m\000:\000\040\000S\000u\000b\000s\000t\000r\000i\000n\000g\000\040\000P\000a\000t\000t\000e\000r\000n\000\040\000M\000a\000t\000c\000h\000i\000n\000g}{}% 58
\BOOKMARK [1][-]{section.0.33}{\376\377\000P\000r\000o\000v\000i\000n\000g\000\040\000t\000h\000e\000\040\000T\000h\000e\000t\000a}{}% 59
\BOOKMARK [2][-]{subsection.0.33.1}{\376\377\000M\000a\000t\000r\000i\000x\000\040\000M\000u\000l\000t\000i\000p\000l\000i\000c\000a\000t\000i\000o\000n}{section.0.33}% 60
\BOOKMARK [1][-]{section.0.34}{\376\377\000P\000r\000o\000b\000l\000e\000m\000:\000\040\000M\000a\000t\000r\000i\000x\000\040\000M\000u\000l\000t\000i\000p\000l\000i\000c\000a\000t\000i\000o\000n}{}% 61
\BOOKMARK [2][-]{subsection.0.34.1}{\376\377\000S\000u\000m\000m\000a\000t\000i\000o\000n\000s}{section.0.34}% 62
\BOOKMARK [1][-]{section.0.35}{\376\377\000S\000t\000o\000p\000\040\000a\000n\000d\000\040\000T\000h\000i\000n\000k\000:\000\040\000F\000a\000c\000t\000o\000r\000i\000a\000l\000\040\000F\000o\000r\000m\000u\000l\000a\000e}{}% 63
\BOOKMARK [2][-]{subsection.0.35.1}{\376\377\000L\000o\000g\000a\000r\000i\000t\000h\000m\000s\000\040\000a\000n\000d\000\040\000T\000h\000e\000i\000r\000\040\000A\000p\000p\000l\000i\000c\000a\000t\000i\000o\000n\000s}{section.0.35}% 64
\BOOKMARK [2][-]{subsection.0.35.2}{\376\377\000L\000o\000g\000a\000r\000i\000t\000h\000m\000s\000\040\000a\000n\000d\000\040\000B\000i\000n\000a\000r\000y\000\040\000S\000e\000a\000r\000c\000h}{section.0.35}% 65
\BOOKMARK [2][-]{subsection.0.35.3}{\376\377\000L\000o\000g\000a\000r\000i\000t\000h\000m\000s\000\040\000a\000n\000d\000\040\000T\000r\000e\000e\000s}{section.0.35}% 66
\BOOKMARK [2][-]{subsection.0.35.4}{\376\377\000L\000o\000g\000a\000r\000i\000t\000h\000m\000s\000\040\000a\000n\000d\000\040\000B\000i\000t\000s}{section.0.35}% 67
\BOOKMARK [2][-]{subsection.0.35.5}{\376\377\000L\000o\000g\000a\000r\000i\000t\000h\000m\000s\000\040\000a\000n\000d\000\040\000M\000u\000l\000t\000i\000p\000l\000i\000c\000a\000t\000i\000o\000n}{section.0.35}% 68
\BOOKMARK [2][-]{subsection.0.35.6}{\376\377\000F\000a\000s\000t\000\040\000E\000x\000p\000o\000n\000e\000n\000t\000i\000a\000t\000i\000o\000n}{section.0.35}% 69
\BOOKMARK [2][-]{subsection.0.35.7}{\376\377\000L\000o\000g\000a\000r\000i\000t\000h\000m\000s\000\040\000a\000n\000d\000\040\000S\000u\000m\000m\000a\000t\000i\000o\000n\000s}{section.0.35}% 70
\BOOKMARK [2][-]{subsection.0.35.8}{\376\377\000L\000o\000g\000a\000r\000i\000t\000h\000m\000s\000\040\000a\000n\000d\000\040\000C\000r\000i\000m\000i\000n\000a\000l\000\040\000J\000u\000s\000t\000i\000c\000e}{section.0.35}% 71
\BOOKMARK [2][-]{subsection.0.35.9}{\376\377\000P\000r\000o\000p\000e\000r\000t\000i\000e\000s\000\040\000o\000f\000\040\000L\000o\000g\000a\000r\000i\000t\000h\000m\000s}{section.0.35}% 72
\BOOKMARK [1][-]{section.0.36}{\376\377\000S\000t\000o\000p\000\040\000a\000n\000d\000\040\000T\000h\000i\000n\000k\000:\000\040\000I\000m\000p\000o\000r\000t\000a\000n\000c\000e\000\040\000o\000f\000\040\000a\000n\000\040\000E\000v\000e\000n\000\040\000S\000p\000l\000i\000t}{}% 73
\BOOKMARK [2][-]{subsection.0.36.1}{\376\377\000W\000a\000r\000\040\000S\000t\000o\000r\000y\000:\000\040\000M\000y\000s\000t\000e\000r\000y\000\040\000o\000f\000\040\000t\000h\000e\000\040\000P\000y\000r\000a\000m\000i\000d\000s}{section.0.36}% 74
\BOOKMARK [2][-]{subsection.0.36.2}{\376\377\000A\000d\000v\000a\000n\000c\000e\000d\000\040\000A\000n\000a\000l\000y\000s\000i\000s\000\040\000\050\000*\000\051}{section.0.36}% 75
\BOOKMARK [2][-]{subsection.0.36.3}{\376\377\000E\000s\000o\000t\000e\000r\000i\000c\000\040\000F\000u\000n\000c\000t\000i\000o\000n\000s}{section.0.36}% 76
\BOOKMARK [2][-]{subsection.0.36.4}{\376\377\000L\000i\000m\000i\000t\000s\000\040\000a\000n\000d\000\040\000D\000o\000m\000i\000n\000a\000n\000c\000e\000\040\000R\000e\000l\000a\000t\000i\000o\000n\000s}{section.0.36}% 77
\BOOKMARK [1][-]{section.0.37}{\376\377\000C\000h\000a\000p\000t\000e\000r\000\040\000N\000o\000t\000e\000s}{}% 78
\BOOKMARK [1][-]{section.0.38}{\376\377\000P\000r\000o\000g\000r\000a\000m\000\040\000A\000n\000a\000l\000y\000s\000i\000s}{}% 79
\BOOKMARK [1][-]{section.0.39}{\376\377\000B\000i\000g\000\040\000O\000h}{}% 80
\BOOKMARK [1][-]{section.0.40}{\376\377\000S\000u\000m\000m\000a\000t\000i\000o\000n\000s}{}% 81
\BOOKMARK [1][-]{section.0.41}{\376\377\000L\000o\000g\000a\000r\000i\000t\000h\000m\000s}{}% 82
\BOOKMARK [1][-]{section.0.42}{\376\377\000I\000n\000t\000e\000r\000v\000i\000e\000w\000\040\000P\000r\000o\000b\000l\000e\000m\000s}{}% 83
\BOOKMARK [1][-]{section.0.43}{\376\377\000L\000e\000e\000t\000C\000o\000d\000e}{}% 84
\BOOKMARK [1][-]{section.0.44}{\376\377\000H\000a\000c\000k\000e\000r\000R\000a\000n\000k}{}% 85
\BOOKMARK [1][-]{section.0.45}{\376\377\000P\000r\000o\000g\000r\000a\000m\000m\000i\000n\000g\000\040\000C\000h\000a\000l\000l\000e\000n\000g\000e\000s}{}% 86
\BOOKMARK [1][-]{section.0.46}{\376\377\000D\000a\000t\000a\000\040\000S\000t\000r\000u\000c\000t\000u\000r\000e\000s}{}% 87
\BOOKMARK [2][-]{subsection.0.46.1}{\376\377\000C\000o\000n\000t\000i\000g\000u\000o\000u\000s\000\040\000v\000s\000.\000\040\000L\000i\000n\000k\000e\000d\000\040\000D\000a\000t\000a\000\040\000S\000t\000r\000u\000c\000t\000u\000r\000e\000s}{section.0.46}% 88
\BOOKMARK [2][-]{subsection.0.46.2}{\376\377\000A\000r\000r\000a\000y\000s}{section.0.46}% 89
\BOOKMARK [2][-]{subsection.0.46.3}{\376\377\000P\000o\000i\000n\000t\000e\000r\000s\000\040\000a\000n\000d\000\040\000L\000i\000n\000k\000e\000d\000\040\000S\000t\000r\000u\000c\000t\000u\000r\000e\000s}{section.0.46}% 90
\BOOKMARK [1][-]{section.0.47}{\376\377\000S\000e\000a\000r\000c\000h\000i\000n\000g\000\040\000a\000\040\000L\000i\000s\000t}{}% 91
\BOOKMARK [1][-]{section.0.48}{\376\377\000I\000n\000s\000e\000r\000t\000i\000o\000n\000\040\000i\000n\000t\000o\000\040\000a\000\040\000L\000i\000s\000t}{}% 92
\BOOKMARK [1][-]{section.0.49}{\376\377\000D\000e\000l\000e\000t\000i\000o\000n\000\040\000F\000r\000o\000m\000\040\000a\000\040\000L\000i\000s\000t}{}% 93
\BOOKMARK [2][-]{subsection.0.49.1}{\376\377\000C\000o\000m\000p\000a\000r\000i\000s\000o\000n}{section.0.49}% 94
\BOOKMARK [2][-]{subsection.0.49.2}{\376\377\000C\000o\000n\000t\000a\000i\000n\000e\000r\000s\000:\000\040\000S\000t\000a\000c\000k\000s\000\040\000a\000n\000d\000\040\000Q\000u\000e\000u\000e\000s}{section.0.49}% 95
\BOOKMARK [2][-]{subsection.0.49.3}{\376\377\000D\000i\000c\000t\000i\000o\000n\000a\000r\000i\000e\000s}{section.0.49}% 96
\BOOKMARK [1][-]{section.0.50}{\376\377\000S\000t\000o\000p\000\040\000a\000n\000d\000\040\000T\000h\000i\000n\000k\000:\000\040\000C\000o\000m\000p\000a\000r\000i\000n\000g\000\040\000D\000i\000c\000t\000i\000o\000n\000a\000r\000y\000\040\000I\000m\000p\000l\000e\000m\000e\000n\000t\000a\000t\000i\000o\000n\000s\000\040\000\050\000I\000\051}{}% 97
\BOOKMARK [1][-]{section.0.51}{\376\377\000S\000t\000o\000p\000\040\000a\000n\000d\000\040\000T\000h\000i\000n\000k\000:\000\040\000C\000o\000m\000p\000a\000r\000i\000n\000g\000\040\000D\000i\000c\000t\000i\000o\000n\000a\000r\000y\000\040\000I\000m\000p\000l\000e\000m\000e\000n\000t\000a\000t\000i\000o\000n\000s\000\040\000\050\000I\000I\000\051}{}% 98
\BOOKMARK [2][-]{subsection.0.51.1}{\376\377\000B\000i\000n\000a\000r\000y\000\040\000S\000e\000a\000r\000c\000h\000\040\000T\000r\000e\000e\000s}{section.0.51}% 99
\BOOKMARK [2][-]{subsection.0.51.2}{\376\377\000I\000m\000p\000l\000e\000m\000e\000n\000t\000i\000n\000g\000\040\000B\000i\000n\000a\000r\000y\000\040\000S\000e\000a\000r\000c\000h\000\040\000T\000r\000e\000e\000s}{section.0.51}% 100
\BOOKMARK [1][-]{section.0.52}{\376\377\000S\000e\000a\000r\000c\000h\000i\000n\000g\000\040\000i\000n\000\040\000a\000\040\000T\000r\000e\000e}{}% 101
\BOOKMARK [1][-]{section.0.53}{\376\377\000F\000i\000n\000d\000i\000n\000g\000\040\000M\000i\000n\000i\000m\000u\000m\000\040\000a\000n\000d\000\040\000M\000a\000x\000i\000m\000u\000m\000\040\000E\000l\000e\000m\000e\000n\000t\000s\000\040\000i\000n\000\040\000a\000\040\000T\000r\000e\000e}{}% 102
\BOOKMARK [1][-]{section.0.54}{\376\377\000T\000r\000a\000v\000e\000r\000s\000a\000l\000\040\000i\000n\000\040\000a\000\040\000T\000r\000e\000e}{}% 103
\BOOKMARK [1][-]{section.0.55}{\376\377\000I\000n\000s\000e\000r\000t\000i\000o\000n\000\040\000i\000n\000\040\000a\000\040\000T\000r\000e\000e}{}% 104
\BOOKMARK [1][-]{section.0.56}{\376\377\000D\000e\000l\000e\000t\000i\000o\000n\000\040\000f\000r\000o\000m\000\040\000a\000\040\000T\000r\000e\000e}{}% 105
\BOOKMARK [2][-]{subsection.0.56.1}{\376\377\000H\000o\000w\000\040\000G\000o\000o\000d\000\040\000a\000r\000e\000\040\000B\000i\000n\000a\000r\000y\000\040\000S\000e\000a\000r\000c\000h\000\040\000T\000r\000e\000e\000s\000?}{section.0.56}% 106
\BOOKMARK [2][-]{subsection.0.56.2}{\376\377\000B\000a\000l\000a\000n\000c\000e\000d\000\040\000S\000e\000a\000r\000c\000h\000\040\000T\000r\000e\000e\000s}{section.0.56}% 107
\BOOKMARK [1][-]{section.0.57}{\376\377\000S\000t\000o\000p\000\040\000a\000n\000d\000\040\000T\000h\000i\000n\000k\000:\000\040\000E\000x\000p\000l\000o\000i\000t\000i\000n\000g\000\040\000B\000a\000l\000a\000n\000c\000e\000d\000\040\000S\000e\000a\000r\000c\000h\000\040\000T\000r\000e\000e\000s}{}% 108
\BOOKMARK [2][-]{subsection.0.57.1}{\376\377\000P\000r\000i\000o\000r\000i\000t\000y\000\040\000Q\000u\000e\000u\000e\000s}{section.0.57}% 109
\BOOKMARK [1][-]{section.0.58}{\376\377\000S\000t\000o\000p\000\040\000a\000n\000d\000\040\000T\000h\000i\000n\000k\000:\000\040\000B\000a\000s\000i\000c\000\040\000P\000r\000i\000o\000r\000i\000t\000y\000\040\000Q\000u\000e\000u\000e\000\040\000I\000m\000p\000l\000e\000m\000e\000n\000t\000a\000t\000i\000o\000n\000s}{}% 110
\BOOKMARK [2][-]{subsection.0.58.1}{\376\377\000W\000a\000r\000\040\000S\000t\000o\000r\000y\000:\000\040\000S\000t\000r\000i\000p\000p\000i\000n\000g\000\040\000T\000r\000i\000a\000n\000g\000u\000l\000a\000t\000i\000o\000n\000s}{section.0.58}% 111
\BOOKMARK [2][-]{subsection.0.58.2}{\376\377\000H\000a\000s\000h\000i\000n\000g}{section.0.58}% 112
\BOOKMARK [2][-]{subsection.0.58.3}{\376\377\000C\000o\000l\000l\000i\000s\000i\000o\000n\000\040\000R\000e\000s\000o\000l\000u\000t\000i\000o\000n}{section.0.58}% 113
\BOOKMARK [2][-]{subsection.0.58.4}{\376\377\000D\000u\000p\000l\000i\000c\000a\000t\000e\000\040\000D\000e\000t\000e\000c\000t\000i\000o\000n\000\040\000v\000i\000a\000\040\000H\000a\000s\000h\000i\000n\000g}{section.0.58}% 114
\BOOKMARK [2][-]{subsection.0.58.5}{\376\377\000O\000t\000h\000e\000r\000\040\000H\000a\000s\000h\000i\000n\000g\000\040\000T\000r\000i\000c\000k\000s}{section.0.58}% 115
\BOOKMARK [2][-]{subsection.0.58.6}{\376\377\000C\000a\000n\000o\000n\000i\000c\000a\000l\000i\000z\000a\000t\000i\000o\000n}{section.0.58}% 116
\BOOKMARK [2][-]{subsection.0.58.7}{\376\377\000C\000o\000m\000p\000a\000c\000t\000i\000o\000n}{section.0.58}% 117
\BOOKMARK [2][-]{subsection.0.58.8}{\376\377\000S\000p\000e\000c\000i\000a\000l\000i\000z\000e\000d\000\040\000D\000a\000t\000a\000\040\000S\000t\000r\000u\000c\000t\000u\000r\000e\000s}{section.0.58}% 118
\BOOKMARK [2][-]{subsection.0.58.9}{\376\377\000W\000a\000r\000\040\000S\000t\000o\000r\000y\000:\000\040\000S\000t\000r\000i\000n\000g\000\040\000'\000e\000m\000\040\000U\000p}{section.0.58}% 119
\BOOKMARK [1][-]{section.0.59}{\376\377\000C\000h\000a\000p\000t\000e\000r\000\040\000N\000o\000t\000e\000s}{}% 120
\BOOKMARK [1][-]{section.0.60}{\376\377\000S\000t\000a\000c\000k\000s\000,\000\040\000Q\000u\000e\000u\000e\000s\000,\000\040\000a\000n\000d\000\040\000L\000i\000s\000t\000s}{}% 121
\BOOKMARK [1][-]{section.0.61}{\376\377\000E\000l\000e\000m\000e\000n\000t\000a\000r\000y\000\040\000D\000a\000t\000a\000\040\000S\000t\000r\000u\000c\000t\000u\000r\000e\000s}{}% 122
\BOOKMARK [1][-]{section.0.62}{\376\377\000T\000r\000e\000e\000s\000\040\000a\000n\000d\000\040\000O\000t\000h\000e\000r\000\040\000D\000i\000c\000t\000i\000o\000n\000a\000r\000y\000\040\000S\000t\000r\000u\000c\000t\000u\000r\000e\000s}{}% 123
\BOOKMARK [1][-]{section.0.63}{\376\377\000A\000p\000p\000l\000i\000c\000a\000t\000i\000o\000n\000s\000\040\000o\000f\000\040\000T\000r\000e\000e\000\040\000S\000t\000r\000u\000c\000t\000u\000r\000e\000s}{}% 124
\BOOKMARK [1][-]{section.0.64}{\376\377\000I\000m\000p\000l\000e\000m\000e\000n\000t\000a\000t\000i\000o\000n\000\040\000P\000r\000o\000j\000e\000c\000t\000s}{}% 125
\BOOKMARK [1][-]{section.0.65}{\376\377\000I\000n\000t\000e\000r\000v\000i\000e\000w\000\040\000P\000r\000o\000b\000l\000e\000m\000s}{}% 126
\BOOKMARK [1][-]{section.0.66}{\376\377\000L\000e\000e\000t\000C\000o\000d\000e}{}% 127
\BOOKMARK [1][-]{section.0.67}{\376\377\000H\000a\000c\000k\000e\000r\000R\000a\000n\000k}{}% 128
\BOOKMARK [1][-]{section.0.68}{\376\377\000P\000r\000o\000g\000r\000a\000m\000m\000i\000n\000g\000\040\000C\000h\000a\000l\000l\000e\000n\000g\000e\000s}{}% 129
\BOOKMARK [1][-]{section.0.69}{\376\377\000S\000o\000r\000t\000i\000n\000g}{}% 130
\BOOKMARK [2][-]{subsection.0.69.1}{\376\377\000A\000p\000p\000l\000i\000c\000a\000t\000i\000o\000n\000s\000\040\000o\000f\000\040\000S\000o\000r\000t\000i\000n\000g}{section.0.69}% 131
\BOOKMARK [1][-]{section.0.70}{\376\377\000S\000t\000o\000p\000\040\000a\000n\000d\000\040\000T\000h\000i\000n\000k\000:\000\040\000F\000i\000n\000d\000i\000n\000g\000\040\000t\000h\000e\000\040\000I\000n\000t\000e\000r\000s\000e\000c\000t\000i\000o\000n}{}% 132
\BOOKMARK [1][-]{section.0.71}{\376\377\000S\000t\000o\000p\000\040\000a\000n\000d\000\040\000T\000h\000i\000n\000k\000:\000\040\000M\000a\000k\000i\000n\000g\000\040\000a\000\040\000H\000a\000s\000h\000\040\000o\000f\000\040\000t\000h\000e\000\040\000P\000r\000o\000b\000l\000e\000m\000?}{}% 133
\BOOKMARK [2][-]{subsection.0.71.1}{\376\377\000P\000r\000a\000g\000m\000a\000t\000i\000c\000s\000\040\000o\000f\000\040\000S\000o\000r\000t\000i\000n\000g}{section.0.71}% 134
\BOOKMARK [2][-]{subsection.0.71.2}{\376\377\000H\000e\000a\000p\000s\000o\000r\000t\000:\000\040\000F\000a\000s\000t\000\040\000S\000o\000r\000t\000i\000n\000g\000\040\000v\000i\000a\000\040\000D\000a\000t\000a\000\040\000S\000t\000r\000u\000c\000t\000u\000r\000e\000s}{section.0.71}% 135
\BOOKMARK [2][-]{subsection.0.71.3}{\376\377\000H\000e\000a\000p\000s}{section.0.71}% 136
\BOOKMARK [1][-]{section.0.72}{\376\377\000S\000t\000o\000p\000\040\000a\000n\000d\000\040\000T\000h\000i\000n\000k\000:\000\040\000W\000h\000o\000'\000s\000\040\000W\000h\000e\000r\000e\000\040\000i\000n\000\040\000t\000h\000e\000\040\000H\000e\000a\000p\000?}{}% 137
\BOOKMARK [2][-]{subsection.0.72.1}{\376\377\000C\000o\000n\000s\000t\000r\000u\000c\000t\000i\000n\000g\000\040\000H\000e\000a\000p\000s}{section.0.72}% 138
\BOOKMARK [2][-]{subsection.0.72.2}{\376\377\000E\000x\000t\000r\000a\000c\000t\000i\000n\000g\000\040\000t\000h\000e\000\040\000M\000i\000n\000i\000m\000u\000m}{section.0.72}% 139
\BOOKMARK [2][-]{subsection.0.72.3}{\376\377\000F\000a\000s\000t\000e\000r\000\040\000H\000e\000a\000p\000\040\000C\000o\000n\000s\000t\000r\000u\000c\000t\000i\000o\000n\000\040\000\050\000*\000\051}{section.0.72}% 140
\BOOKMARK [1][-]{section.0.73}{\376\377\000S\000t\000o\000p\000\040\000a\000n\000d\000\040\000T\000h\000i\000n\000k\000:\000\040\000W\000h\000e\000r\000e\000\040\000i\000n\000\040\000t\000h\000e\000\040\000H\000e\000a\000p\000?}{}% 141
\BOOKMARK [2][-]{subsection.0.73.1}{\376\377\000S\000o\000r\000t\000i\000n\000g\000\040\000b\000y\000\040\000I\000n\000c\000r\000e\000m\000e\000n\000t\000a\000l\000\040\000I\000n\000s\000e\000r\000t\000i\000o\000n}{section.0.73}% 142
\BOOKMARK [2][-]{subsection.0.73.2}{\376\377\000W\000a\000r\000\040\000S\000t\000o\000r\000y\000:\000\040\000G\000i\000v\000e\000\040\000m\000e\000\040\000a\000\040\000T\000i\000c\000k\000e\000t\000\040\000o\000n\000\040\000a\000n\000\040\000A\000i\000r\000p\000l\000a\000n\000e}{section.0.73}% 143
\BOOKMARK [2][-]{subsection.0.73.3}{\376\377\000M\000e\000r\000g\000e\000s\000o\000r\000t\000:\000\040\000S\000o\000r\000t\000i\000n\000g\000\040\000b\000y\000\040\000D\000i\000v\000i\000d\000e\000\040\000a\000n\000d\000\040\000C\000o\000n\000q\000u\000e\000r}{section.0.73}% 144
\BOOKMARK [1][-]{section.0.74}{\376\377\000I\000m\000p\000l\000e\000m\000e\000n\000t\000a\000t\000i\000o\000n}{}% 145
\BOOKMARK [2][-]{subsection.0.74.1}{\376\377\000Q\000u\000i\000c\000k\000s\000o\000r\000t\000:\000\040\000S\000o\000r\000t\000i\000n\000g\000\040\000b\000y\000\040\000R\000a\000n\000d\000o\000m\000i\000z\000a\000t\000i\000o\000n}{section.0.74}% 146
\BOOKMARK [2][-]{subsection.0.74.2}{\376\377\000I\000n\000t\000u\000i\000t\000i\000o\000n\000:\000\040\000T\000h\000e\000\040\000E\000x\000p\000e\000c\000t\000e\000d\000\040\000C\000a\000s\000e\000\040\000f\000o\000r\000\040\000Q\000u\000i\000c\000k\000s\000o\000r\000t}{section.0.74}% 147
\BOOKMARK [2][-]{subsection.0.74.3}{\376\377\000R\000a\000n\000d\000o\000m\000i\000z\000e\000d\000\040\000A\000l\000g\000o\000r\000i\000t\000h\000m\000s}{section.0.74}% 148
\BOOKMARK [1][-]{section.0.75}{\376\377\000S\000t\000o\000p\000\040\000a\000n\000d\000\040\000T\000h\000i\000n\000k\000:\000\040\000N\000u\000t\000s\000\040\000a\000n\000d\000\040\000B\000o\000l\000t\000s}{}% 149
\BOOKMARK [2][-]{subsection.0.75.1}{\376\377\000I\000s\000\040\000Q\000u\000i\000c\000k\000s\000o\000r\000t\000\040\000R\000e\000a\000l\000l\000y\000\040\000Q\000u\000i\000c\000k\000?}{section.0.75}% 150
\BOOKMARK [2][-]{subsection.0.75.2}{\376\377\000D\000i\000s\000t\000r\000i\000b\000u\000t\000i\000o\000n\000\040\000S\000o\000r\000t\000:\000\040\000S\000o\000r\000t\000i\000n\000g\000\040\000v\000i\000a\000\040\000B\000u\000c\000k\000e\000t\000i\000n\000g}{section.0.75}% 151
\BOOKMARK [2][-]{subsection.0.75.3}{\376\377\000L\000o\000w\000e\000r\000\040\000B\000o\000u\000n\000d\000s\000\040\000f\000o\000r\000\040\000S\000o\000r\000t\000i\000n\000g}{section.0.75}% 152
\BOOKMARK [2][-]{subsection.0.75.4}{\376\377\000W\000a\000r\000\040\000S\000t\000o\000r\000y\000:\000\040\000S\000k\000i\000e\000n\000a\000\040\000f\000o\000r\000\040\000t\000h\000e\000\040\000D\000e\000f\000e\000n\000s\000e}{section.0.75}% 153
\BOOKMARK [1][-]{section.0.76}{\376\377\000C\000h\000a\000p\000t\000e\000r\000\040\000N\000o\000t\000e\000s}{}% 154
\BOOKMARK [1][-]{section.0.77}{\376\377\000A\000p\000p\000l\000i\000c\000a\000t\000i\000o\000n\000s\000\040\000o\000f\000\040\000S\000o\000r\000t\000i\000n\000g\000:\000\040\000N\000u\000m\000b\000e\000r\000s}{}% 155
\BOOKMARK [1][-]{section.0.78}{\376\377\000A\000p\000p\000l\000i\000c\000a\000t\000i\000o\000n\000s\000\040\000o\000f\000\040\000S\000o\000r\000t\000i\000n\000g\000:\000\040\000I\000n\000t\000e\000r\000v\000a\000l\000s\000\040\000a\000n\000d\000\040\000S\000e\000t\000s}{}% 156
\BOOKMARK [1][-]{section.0.79}{\376\377\000H\000e\000a\000p\000s}{}% 157
\BOOKMARK [1][-]{section.0.80}{\376\377\000Q\000u\000i\000c\000k\000s\000o\000r\000t}{}% 158
\BOOKMARK [1][-]{section.0.81}{\376\377\000M\000e\000r\000g\000e\000s\000o\000r\000t}{}% 159
\BOOKMARK [1][-]{section.0.82}{\376\377\000O\000t\000h\000e\000r\000\040\000S\000o\000r\000t\000i\000n\000g\000\040\000A\000l\000g\000o\000r\000i\000t\000h\000m\000s}{}% 160
\BOOKMARK [1][-]{section.0.83}{\376\377\000L\000o\000w\000e\000r\000\040\000B\000o\000u\000n\000d\000s}{}% 161
\BOOKMARK [1][-]{section.0.84}{\376\377\000S\000e\000a\000r\000c\000h\000i\000n\000g}{}% 162
\BOOKMARK [1][-]{section.0.85}{\376\377\000I\000m\000p\000l\000e\000m\000e\000n\000t\000a\000t\000i\000o\000n\000\040\000C\000h\000a\000l\000l\000e\000n\000g\000e\000s}{}% 163
\BOOKMARK [1][-]{section.0.86}{\376\377\000I\000n\000t\000e\000r\000v\000i\000e\000w\000\040\000P\000r\000o\000b\000l\000e\000m\000s}{}% 164
\BOOKMARK [1][-]{section.0.87}{\376\377\000L\000e\000e\000t\000C\000o\000d\000e}{}% 165
\BOOKMARK [1][-]{section.0.88}{\376\377\000H\000a\000c\000k\000e\000r\000R\000a\000n\000k}{}% 166
\BOOKMARK [1][-]{section.0.89}{\376\377\000P\000r\000o\000g\000r\000a\000m\000m\000i\000n\000g\000\040\000C\000h\000a\000l\000l\000e\000n\000g\000e\000s}{}% 167
\BOOKMARK [1][-]{section.0.90}{\376\377\000D\000i\000v\000i\000d\000e\000\040\000a\000n\000d\000\040\000C\000o\000n\000q\000u\000e\000r}{}% 168
\BOOKMARK [2][-]{subsection.0.90.1}{\376\377\000B\000i\000n\000a\000r\000y\000\040\000S\000e\000a\000r\000c\000h\000\040\000a\000n\000d\000\040\000R\000e\000l\000a\000t\000e\000d\000\040\000A\000l\000g\000o\000r\000i\000t\000h\000m\000s}{section.0.90}% 169
\BOOKMARK [2][-]{subsection.0.90.2}{\376\377\000C\000o\000u\000n\000t\000i\000n\000g\000\040\000O\000c\000c\000u\000r\000r\000e\000n\000c\000e\000s}{section.0.90}% 170
\BOOKMARK [2][-]{subsection.0.90.3}{\376\377\000O\000n\000e\000-\000S\000i\000d\000e\000d\000\040\000B\000i\000n\000a\000r\000y\000\040\000S\000e\000a\000r\000c\000h}{section.0.90}% 171
\BOOKMARK [2][-]{subsection.0.90.4}{\376\377\000S\000q\000u\000a\000r\000e\000\040\000a\000n\000d\000\040\000O\000t\000h\000e\000r\000\040\000R\000o\000o\000t\000s}{section.0.90}% 172
\BOOKMARK [2][-]{subsection.0.90.5}{\376\377\000W\000a\000r\000\040\000S\000t\000o\000r\000y\000:\000\040\000F\000i\000n\000d\000i\000n\000g\000\040\000t\000h\000e\000\040\000B\000u\000g\000\040\000i\000n\000\040\000t\000h\000e\000\040\000B\000u\000g}{section.0.90}% 173
\BOOKMARK [2][-]{subsection.0.90.6}{\376\377\000R\000e\000c\000u\000r\000r\000e\000n\000c\000e\000\040\000R\000e\000l\000a\000t\000i\000o\000n\000s}{section.0.90}% 174
\BOOKMARK [2][-]{subsection.0.90.7}{\376\377\000D\000i\000v\000i\000d\000e\000-\000a\000n\000d\000-\000C\000o\000n\000q\000u\000e\000r\000\040\000R\000e\000c\000u\000r\000r\000e\000n\000c\000e\000s}{section.0.90}% 175
\BOOKMARK [2][-]{subsection.0.90.8}{\376\377\000S\000o\000l\000v\000i\000n\000g\000\040\000D\000i\000v\000i\000d\000e\000-\000a\000n\000d\000-\000C\000o\000n\000q\000u\000e\000r\000\040\000R\000e\000c\000u\000r\000r\000e\000n\000c\000e\000s}{section.0.90}% 176
\BOOKMARK [2][-]{subsection.0.90.9}{\376\377\000F\000a\000s\000t\000\040\000M\000u\000l\000t\000i\000p\000l\000i\000c\000a\000t\000i\000o\000n}{section.0.90}% 177
\BOOKMARK [2][-]{subsection.0.90.10}{\376\377\000L\000a\000r\000g\000e\000s\000t\000\040\000S\000u\000b\000r\000a\000n\000g\000e\000\040\000a\000n\000d\000\040\000C\000l\000o\000s\000e\000s\000t\000\040\000P\000a\000i\000r}{section.0.90}% 178
\BOOKMARK [2][-]{subsection.0.90.11}{\376\377\000P\000a\000r\000a\000l\000l\000e\000l\000\040\000A\000l\000g\000o\000r\000i\000t\000h\000m\000s}{section.0.90}% 179
\BOOKMARK [2][-]{subsection.0.90.12}{\376\377\000D\000a\000t\000a\000\040\000P\000a\000r\000a\000l\000l\000e\000l\000i\000s\000m}{section.0.90}% 180
\BOOKMARK [2][-]{subsection.0.90.13}{\376\377\000P\000i\000t\000f\000a\000l\000l\000s\000\040\000o\000f\000\040\000P\000a\000r\000a\000l\000l\000e\000l\000i\000s\000m}{section.0.90}% 181
\BOOKMARK [2][-]{subsection.0.90.14}{\376\377\000W\000a\000r\000\040\000S\000t\000o\000r\000y\000:\000\040\000G\000o\000i\000n\000g\000\040\000N\000o\000w\000h\000e\000r\000e\000\040\000F\000a\000s\000t}{section.0.90}% 182
\BOOKMARK [2][-]{subsection.0.90.15}{\376\377\000C\000o\000n\000v\000o\000l\000u\000t\000i\000o\000n\000\040\000\050\000*\000\051}{section.0.90}% 183
\BOOKMARK [2][-]{subsection.0.90.16}{\376\377\000A\000p\000p\000l\000i\000c\000a\000t\000i\000o\000n\000s\000\040\000o\000f\000\040\000C\000o\000n\000v\000o\000l\000u\000t\000i\000o\000n}{section.0.90}% 184
\BOOKMARK [2][-]{subsection.0.90.17}{\376\377\000F\000a\000s\000t\000\040\000P\000o\000l\000y\000n\000o\000m\000i\000a\000l\000\040\000M\000u\000l\000t\000i\000p\000l\000i\000c\000a\000t\000i\000o\000n\000\040\000\050\000*\000*\000\051}{section.0.90}% 185
\BOOKMARK [1][-]{section.0.91}{\376\377\000C\000h\000a\000p\000t\000e\000r\000\040\000N\000o\000t\000e\000s}{}% 186
\BOOKMARK [1][-]{section.0.92}{\376\377\000B\000i\000n\000a\000r\000y\000\040\000S\000e\000a\000r\000c\000h}{}% 187
\BOOKMARK [1][-]{section.0.93}{\376\377\000D\000i\000v\000i\000d\000e\000\040\000a\000n\000d\000\040\000C\000o\000n\000q\000u\000e\000r\000\040\000A\000l\000g\000o\000r\000i\000t\000h\000m\000s}{}% 188
\BOOKMARK [1][-]{section.0.94}{\376\377\000R\000e\000c\000u\000r\000r\000e\000n\000c\000e\000\040\000R\000e\000l\000a\000t\000i\000o\000n\000s}{}% 189
\BOOKMARK [1][-]{section.0.95}{\376\377\000L\000e\000e\000t\000C\000o\000d\000e}{}% 190
\BOOKMARK [1][-]{section.0.96}{\376\377\000H\000a\000c\000k\000e\000r\000R\000a\000n\000k}{}% 191
\BOOKMARK [1][-]{section.0.97}{\376\377\000P\000r\000o\000g\000r\000a\000m\000m\000i\000n\000g\000\040\000C\000h\000a\000l\000l\000e\000n\000g\000e\000s}{}% 192
\BOOKMARK [1][-]{section.0.98}{\376\377\000H\000a\000s\000h\000i\000n\000g\000\040\000a\000n\000d\000\040\000R\000a\000n\000d\000o\000m\000i\000z\000e\000d\000\040\000A\000l\000g\000o\000r\000i\000t\000h\000m\000s}{}% 193
\BOOKMARK [1][-]{section.0.99}{\376\377\000S\000t\000o\000p\000\040\000a\000n\000d\000\040\000T\000h\000i\000n\000k\000:\000\040\000Q\000u\000i\000c\000k\000s\000o\000r\000t\000\040\000C\000i\000t\000y}{}% 194
\BOOKMARK [2][-]{subsection.0.99.1}{\376\377\000P\000r\000o\000b\000a\000b\000i\000l\000i\000t\000y\000\040\000R\000e\000v\000i\000e\000w}{section.0.99}% 195
\BOOKMARK [2][-]{subsection.0.99.2}{\376\377\000P\000r\000o\000b\000a\000b\000i\000l\000i\000t\000y}{section.0.99}% 196
\BOOKMARK [2][-]{subsection.0.99.3}{\376\377\000C\000o\000m\000p\000o\000u\000n\000d\000\040\000E\000v\000e\000n\000t\000s\000\040\000a\000n\000d\000\040\000I\000n\000d\000e\000p\000e\000n\000d\000e\000n\000c\000e}{section.0.99}% 197
\BOOKMARK [2][-]{subsection.0.99.4}{\376\377\000C\000o\000n\000d\000i\000t\000i\000o\000n\000a\000l\000\040\000P\000r\000o\000b\000a\000b\000i\000l\000i\000t\000y}{section.0.99}% 198
\BOOKMARK [2][-]{subsection.0.99.5}{\376\377\000P\000r\000o\000b\000a\000b\000i\000l\000i\000t\000y\000\040\000D\000i\000s\000t\000r\000i\000b\000u\000t\000i\000o\000n\000s}{section.0.99}% 199
\BOOKMARK [2][-]{subsection.0.99.6}{\376\377\000M\000e\000a\000n\000\040\000a\000n\000d\000\040\000V\000a\000r\000i\000a\000n\000c\000e}{section.0.99}% 200
\BOOKMARK [2][-]{subsection.0.99.7}{\376\377\000T\000o\000s\000s\000i\000n\000g\000\040\000C\000o\000i\000n\000s}{section.0.99}% 201
\BOOKMARK [1][-]{section.0.100}{\376\377\000S\000t\000o\000p\000\040\000a\000n\000d\000\040\000T\000h\000i\000n\000k\000:\000\040\000R\000a\000n\000d\000o\000m\000\040\000W\000a\000l\000k\000s\000\040\000o\000n\000\040\000a\000\040\000P\000a\000t\000h}{}% 202
\BOOKMARK [2][-]{subsection.0.100.1}{\376\377\000U\000n\000d\000e\000r\000s\000t\000a\000n\000d\000i\000n\000g\000\040\000B\000a\000l\000l\000s\000\040\000a\000n\000d\000\040\000B\000i\000n\000s}{section.0.100}% 203
\BOOKMARK [2][-]{subsection.0.100.2}{\376\377\000T\000h\000e\000\040\000C\000o\000u\000p\000o\000n\000\040\000C\000o\000l\000l\000e\000c\000t\000o\000r\000'\000s\000\040\000P\000r\000o\000b\000l\000e\000m}{section.0.100}% 204
\BOOKMARK [1][-]{section.0.101}{\376\377\000S\000t\000o\000p\000\040\000a\000n\000d\000\040\000T\000h\000i\000n\000k\000:\000\040\000C\000o\000v\000e\000r\000i\000n\000g\000\040\000T\000i\000m\000e\000\040\000f\000o\000r\000\040\000K\000n}{}% 205
\BOOKMARK [2][-]{subsection.0.101.1}{\376\377\000W\000h\000y\000\040\000i\000s\000\040\000H\000a\000s\000h\000i\000n\000g\000\040\000a\000\040\000R\000a\000n\000d\000o\000m\000i\000z\000e\000d\000\040\000A\000l\000g\000o\000r\000i\000t\000h\000m\000?}{section.0.101}% 206
\BOOKMARK [2][-]{subsection.0.101.2}{\376\377\000B\000l\000o\000o\000m\000\040\000F\000i\000l\000t\000e\000r\000s}{section.0.101}% 207
\BOOKMARK [2][-]{subsection.0.101.3}{\376\377\000T\000h\000e\000\040\000B\000i\000r\000t\000h\000d\000a\000y\000\040\000P\000a\000r\000a\000d\000o\000x\000\040\000a\000n\000d\000\040\000P\000e\000r\000f\000e\000c\000t\000\040\000H\000a\000s\000h\000i\000n\000g}{section.0.101}% 208
\BOOKMARK [2][-]{subsection.0.101.4}{\376\377\000M\000i\000n\000w\000i\000s\000e\000\040\000H\000a\000s\000h\000i\000n\000g}{section.0.101}% 209
\BOOKMARK [1][-]{section.0.102}{\376\377\000S\000t\000o\000p\000\040\000a\000n\000d\000\040\000T\000h\000i\000n\000k\000:\000\040\000E\000s\000t\000i\000m\000a\000t\000i\000n\000g\000\040\000P\000o\000p\000u\000l\000a\000t\000i\000o\000n\000\040\000S\000i\000z\000e}{}% 210
\BOOKMARK [2][-]{subsection.0.102.1}{\376\377\000E\000f\000f\000i\000c\000i\000e\000n\000t\000\040\000S\000t\000r\000i\000n\000g\000\040\000M\000a\000t\000c\000h\000i\000n\000g}{section.0.102}% 211
\BOOKMARK [2][-]{subsection.0.102.2}{\376\377\000P\000r\000i\000m\000a\000l\000i\000t\000y\000\040\000T\000e\000s\000t\000i\000n\000g}{section.0.102}% 212
\BOOKMARK [2][-]{subsection.0.102.3}{\376\377\000W\000a\000r\000\040\000S\000t\000o\000r\000y\000:\000\040\000G\000i\000v\000i\000n\000g\000\040\000K\000n\000u\000t\000h\000\040\000t\000h\000e\000\040\000M\000i\000d\000d\000l\000e\000\040\000I\000n\000i\000t\000i\000a\000l}{section.0.102}% 213
\BOOKMARK [2][-]{subsection.0.102.4}{\376\377\000W\000h\000e\000r\000e\000\040\000d\000o\000\040\000R\000a\000n\000d\000o\000m\000\040\000N\000u\000m\000b\000e\000r\000s\000\040\000C\000o\000m\000e\000\040\000F\000r\000o\000m\000?}{section.0.102}% 214
\BOOKMARK [1][-]{section.0.103}{\376\377\000C\000h\000a\000p\000t\000e\000r\000\040\000N\000o\000t\000e\000s}{}% 215
\BOOKMARK [1][-]{section.0.104}{\376\377\000P\000r\000o\000b\000a\000b\000i\000l\000i\000t\000y}{}% 216
\BOOKMARK [1][-]{section.0.105}{\376\377\000H\000a\000s\000h\000i\000n\000g}{}% 217
\BOOKMARK [1][-]{section.0.106}{\376\377\000R\000a\000n\000d\000o\000m\000i\000z\000e\000d\000\040\000A\000l\000g\000o\000r\000i\000t\000h\000m\000s}{}% 218
\BOOKMARK [1][-]{section.0.107}{\376\377\000L\000e\000e\000t\000C\000o\000d\000e}{}% 219
\BOOKMARK [1][-]{section.0.108}{\376\377\000H\000a\000c\000k\000e\000r\000R\000a\000n\000k}{}% 220
\BOOKMARK [1][-]{section.0.109}{\376\377\000P\000r\000o\000g\000r\000a\000m\000m\000i\000n\000g\000\040\000C\000h\000a\000l\000l\000e\000n\000g\000e\000s}{}% 221
\BOOKMARK [1][-]{section.0.110}{\376\377\000G\000r\000a\000p\000h\000\040\000T\000r\000a\000v\000e\000r\000s\000a\000l}{}% 222
\BOOKMARK [2][-]{subsection.0.110.1}{\376\377\000F\000l\000a\000v\000o\000r\000s\000\040\000o\000f\000\040\000G\000r\000a\000p\000h\000s}{section.0.110}% 223
\BOOKMARK [2][-]{subsection.0.110.2}{\376\377\000T\000h\000e\000\040\000F\000r\000i\000e\000n\000d\000s\000h\000i\000p\000\040\000G\000r\000a\000p\000h}{section.0.110}% 224
\BOOKMARK [2][-]{subsection.0.110.3}{\376\377\000D\000a\000t\000a\000\040\000S\000t\000r\000u\000c\000t\000u\000r\000e\000s\000\040\000f\000o\000r\000\040\000G\000r\000a\000p\000h\000s}{section.0.110}% 225
\BOOKMARK [2][-]{subsection.0.110.4}{\376\377\000W\000a\000r\000\040\000S\000t\000o\000r\000y\000:\000\040\000I\000\040\000w\000a\000s\000\040\000a\000\040\000V\000i\000c\000t\000i\000m\000\040\000o\000f\000\040\000M\000o\000o\000r\000e\000'\000s\000\040\000L\000a\000w}{section.0.110}% 226
\BOOKMARK [2][-]{subsection.0.110.5}{\376\377\000W\000a\000r\000\040\000S\000t\000o\000r\000y\000:\000\040\000G\000e\000t\000t\000i\000n\000g\000\040\000t\000h\000e\000\040\000G\000r\000a\000p\000h}{section.0.110}% 227
\BOOKMARK [2][-]{subsection.0.110.6}{\376\377\000T\000r\000a\000v\000e\000r\000s\000i\000n\000g\000\040\000a\000\040\000G\000r\000a\000p\000h}{section.0.110}% 228
\BOOKMARK [2][-]{subsection.0.110.7}{\376\377\000B\000r\000e\000a\000d\000t\000h\000-\000F\000i\000r\000s\000t\000\040\000S\000e\000a\000r\000c\000h}{section.0.110}% 229
\BOOKMARK [1][-]{section.0.111}{\376\377\000I\000m\000p\000l\000e\000m\000e\000n\000t\000a\000t\000i\000o\000n}{}% 230
\BOOKMARK [2][-]{subsection.0.111.1}{\376\377\000E\000x\000p\000l\000o\000i\000t\000i\000n\000g\000\040\000T\000r\000a\000v\000e\000r\000s\000a\000l}{section.0.111}% 231
\BOOKMARK [2][-]{subsection.0.111.2}{\376\377\000F\000i\000n\000d\000i\000n\000g\000\040\000P\000a\000t\000h\000s}{section.0.111}% 232
\BOOKMARK [2][-]{subsection.0.111.3}{\376\377\000A\000p\000p\000l\000i\000c\000a\000t\000i\000o\000n\000s\000\040\000o\000f\000\040\000B\000r\000e\000a\000d\000t\000h\000-\000F\000i\000r\000s\000t\000\040\000S\000e\000a\000r\000c\000h}{section.0.111}% 233
\BOOKMARK [2][-]{subsection.0.111.4}{\376\377\000C\000o\000n\000n\000e\000c\000t\000e\000d\000\040\000C\000o\000m\000p\000o\000n\000e\000n\000t\000s}{section.0.111}% 234
\BOOKMARK [2][-]{subsection.0.111.5}{\376\377\000T\000w\000o\000-\000C\000o\000l\000o\000r\000i\000n\000g\000\040\000G\000r\000a\000p\000h\000s}{section.0.111}% 235
\BOOKMARK [2][-]{subsection.0.111.6}{\376\377\000D\000e\000p\000t\000h\000-\000F\000i\000r\000s\000t\000\040\000S\000e\000a\000r\000c\000h}{section.0.111}% 236
\BOOKMARK [1][-]{section.0.112}{\376\377\000I\000m\000p\000l\000e\000m\000e\000n\000t\000a\000t\000i\000o\000n}{}% 237
\BOOKMARK [2][-]{subsection.0.112.1}{\376\377\000A\000p\000p\000l\000i\000c\000a\000t\000i\000o\000n\000s\000\040\000o\000f\000\040\000D\000e\000p\000t\000h\000-\000F\000i\000r\000s\000t\000\040\000S\000e\000a\000r\000c\000h}{section.0.112}% 238
\BOOKMARK [2][-]{subsection.0.112.2}{\376\377\000F\000i\000n\000d\000i\000n\000g\000\040\000C\000y\000c\000l\000e\000s}{section.0.112}% 239
\BOOKMARK [2][-]{subsection.0.112.3}{\376\377\000A\000r\000t\000i\000c\000u\000l\000a\000t\000i\000o\000n\000\040\000V\000e\000r\000t\000i\000c\000e\000s}{section.0.112}% 240
\BOOKMARK [2][-]{subsection.0.112.4}{\376\377\000D\000e\000p\000t\000h\000-\000F\000i\000r\000s\000t\000\040\000S\000e\000a\000r\000c\000h\000\040\000o\000n\000\040\000D\000i\000r\000e\000c\000t\000e\000d\000\040\000G\000r\000a\000p\000h\000s}{section.0.112}% 241
\BOOKMARK [2][-]{subsection.0.112.5}{\376\377\000T\000o\000p\000o\000l\000o\000g\000i\000c\000a\000l\000\040\000S\000o\000r\000t\000i\000n\000g}{section.0.112}% 242
