\BOOKMARK [1][-]{section.0.1}{\376\377\000t\000o\000\040\000A\000s\000s\000e\000m\000b\000l\000y}{}% 1
\BOOKMARK [1][-]{section.0.2}{\376\377\000A\000\040\000C\000o\000n\000c\000i\000s\000e\000\040\000I\000n\000t\000r\000o\000d\000u\000c\000t\000i\000o\000n}{}% 2
\BOOKMARK [1][-]{section.0.3}{\376\377\000A\000d\000v\000i\000s\000o\000r\000y\000\040\000E\000d\000i\000t\000o\000r\000s}{}% 3
\BOOKMARK [1][-]{section.0.4}{\376\377\000G\000u\000i\000d\000e\000\040\000t\000o\000\040\000A\000s\000s\000e\000m\000b\000l\000y\000\040\000L\000a\000n\000g\000u\000a\000g\000e\000\040}{}% 4
\BOOKMARK [1][-]{section.0.5}{\376\377\000P\000u\000r\000p\000o\000s\000e}{}% 5
\BOOKMARK [1][-]{section.0.6}{\376\377\000N\000e\000e\000d}{}% 6
\BOOKMARK [1][-]{section.0.7}{\376\377\000I\000m\000p\000o\000r\000t\000a\000n\000c\000e\000\040\000o\000f\000\040\000A\000s\000s\000e\000m\000b\000l\000y\000\040\000L\000a\000n\000g\000u\000a\000g\000e}{}% 7
\BOOKMARK [1][-]{section.0.8}{\376\377\000C\000o\000m\000p\000a\000r\000i\000s\000o\000n\000\040\000t\000o\000\040\000C\000o\000m\000p\000u\000t\000e\000r\000\040\000O\000r\000g\000a\000n\000i\000z\000a\000t\000i\000o\000n\000\040\000a\000n\000d\000\040\000O\000t\000h\000e\000r\000\040\000A\000s\000s\000e\000m\000b\000l\000y\000\040\000L\000a\000n\000g\000u\000a\000g\000e\000\040\000T\000e\000x\000t\000b\000o\000o\000k\000s}{}% 8
\BOOKMARK [1][-]{section.0.9}{\376\377\000F\000e\000a\000t\000u\000r\000e\000s\000\040\000o\000f\000\040\000T\000h\000i\000s\000\040\000T\000e\000x\000t}{}% 9
\BOOKMARK [1][-]{section.0.10}{\376\377\000F\000e\000a\000t\000u\000r\000e\000s\000\040\000N\000e\000w\000\040\000t\000o\000\040\000t\000h\000e\000\040\000S\000e\000c\000o\000n\000d\000\040\000E\000d\000i\000t\000i\000o\000n}{}% 10
\BOOKMARK [1][-]{section.0.11}{\376\377\000B\000r\000i\000e\000f\000\040\000O\000v\000e\000r\000v\000i\000e\000w\000\040\000o\000f\000\040\000t\000h\000e\000\040\000C\000h\000a\000p\000t\000e\000r\000s\000\040\000a\000n\000d\000\040\000A\000p\000p\000e\000n\000d\000i\000c\000e\000s}{}% 11
\BOOKMARK [1][-]{section.0.12}{\376\377\000S\000c\000o\000p\000e}{}% 12
\BOOKMARK [1][-]{section.0.13}{\376\377\000A\000u\000d\000i\000e\000n\000c\000e}{}% 13
\BOOKMARK [1][-]{section.0.14}{\376\377\000A\000c\000k\000n\000o\000w\000l\000e\000d\000g\000e\000m\000e\000n\000t\000s}{}% 14
\BOOKMARK [1][-]{section.0.15}{\376\377\000F\000e\000e\000d\000b\000a\000c\000k}{}% 15
\BOOKMARK [0][-]{chapter.1}{\376\377\000I\000t\000e\000r\000a\000t\000i\000o\000n\000\040\000S\000t\000r\000u\000c\000t\000u\000r\000e\000s}{}% 16
\BOOKMARK [1][-]{section.1.1}{\376\377\000P\000r\000e\000-\000t\000e\000s\000t\000\040\000L\000o\000o\000p\000\040\000S\000t\000r\000u\000c\000t\000u\000r\000e}{chapter.1}% 17
\BOOKMARK [1][-]{section.1.2}{\376\377\000P\000o\000s\000t\000-\000t\000e\000s\000t\000\040\000L\000o\000o\000p\000\040\000S\000t\000r\000u\000c\000t\000u\000r\000e\000s}{chapter.1}% 18
\BOOKMARK [1][-]{section.1.3}{\376\377\000F\000i\000x\000e\000d\000-\000I\000t\000e\000r\000a\000t\000i\000o\000n\000\040\000L\000o\000o\000p\000\040\000S\000t\000r\000u\000c\000t\000u\000r\000e\000s}{chapter.1}% 19
\BOOKMARK [1][-]{section.1.4}{\376\377\000L\000o\000o\000p\000s\000\040\000a\000n\000d\000\040\000I\000n\000p\000u\000t\000/\000O\000u\000t\000p\000u\000t}{chapter.1}% 20
\BOOKMARK [1][-]{section.1.5}{\376\377\000N\000e\000s\000t\000e\000d\000\040\000L\000o\000o\000p\000s}{chapter.1}% 21
\BOOKMARK [1][-]{section.1.6}{\376\377\000C\000o\000m\000p\000l\000e\000t\000e\000\040\000P\000r\000o\000g\000r\000a\000m\000:\000\040\000I\000m\000p\000l\000e\000m\000e\000n\000t\000i\000n\000g\000\040\000t\000h\000e\000\040\000P\000o\000w\000e\000r\000\040\000F\000u\000n\000c\000t\000i\000o\000n}{chapter.1}% 22
\BOOKMARK [1][-]{section.1.7}{\376\377\000S\000u\000m\000m\000a\000r\000y}{chapter.1}% 23
\BOOKMARK [1][-]{section.1.8}{\376\377\000E\000x\000e\000r\000c\000i\000s\000e\000s\000\040\000\050\000I\000t\000e\000m\000s\000\040\000M\000a\000r\000k\000e\000d\000\040\000w\000i\000t\000h\000\040\000a\000n\000\040\000*\000\040\000H\000a\000v\000e\000\040\000S\000o\000l\000u\000t\000i\000o\000n\000s\000\040\000i\000n\000\040\000A\000p\000p\000e\000n\000d\000i\000x\000\040\000D\000\051}{chapter.1}% 24
\BOOKMARK [1][-]{section.1.9}{\376\377\000I\000n\000t\000r\000o\000d\000u\000c\000t\000i\000o\000n}{chapter.1}% 25
\BOOKMARK [1][-]{section.1.10}{\376\377\000L\000o\000g\000i\000c\000\040\000I\000n\000s\000t\000r\000u\000c\000t\000i\000o\000n\000s}{chapter.1}% 26
\BOOKMARK [1][-]{section.1.11}{\376\377\000L\000o\000g\000i\000c\000a\000l\000\040\000S\000h\000i\000f\000t\000\040\000I\000n\000s\000t\000r\000u\000c\000t\000i\000o\000n\000s}{chapter.1}% 27
\BOOKMARK [1][-]{section.1.12}{\376\377\000A\000r\000i\000t\000h\000m\000e\000t\000i\000c\000\040\000S\000h\000i\000f\000t\000\040\000I\000n\000s\000t\000r\000u\000c\000t\000i\000o\000n\000s}{chapter.1}% 28
\BOOKMARK [1][-]{section.1.13}{\376\377\000R\000o\000t\000a\000t\000e\000\040\000I\000n\000s\000t\000r\000u\000c\000t\000i\000o\000n\000s}{chapter.1}% 29
\BOOKMARK [1][-]{section.1.14}{\376\377\000S\000t\000a\000c\000k\000\040\000O\000p\000e\000r\000a\000t\000i\000o\000n\000s}{chapter.1}% 30
\BOOKMARK [1][-]{section.1.15}{\376\377\000S\000w\000a\000p\000p\000i\000n\000g\000\040\000U\000s\000i\000n\000g\000\040\000R\000e\000g\000i\000s\000t\000e\000r\000s\000,\000\040\000t\000h\000e\000\040\000S\000t\000a\000c\000k\000,\000\040\000a\000n\000d\000\040\000t\000h\000e\000\040\000x\000c\000h\000g\000\040\000I\000n\000s\000t\000r\000u\000c\000t\000i\000o\000n}{chapter.1}% 31
\BOOKMARK [1][-]{section.1.16}{\376\377\000C\000o\000m\000p\000l\000e\000t\000e\000\040\000P\000r\000o\000g\000r\000a\000m\000:\000\040\000S\000i\000m\000u\000l\000a\000t\000i\000n\000g\000\040\000a\000n\000\040\000O\000C\000R\000\040\000M\000a\000c\000h\000i\000n\000e}{chapter.1}% 32
\BOOKMARK [1][-]{section.1.17}{\376\377\000S\000a\000m\000p\000l\000e\000\040\000I\000n\000p\000u\000t\000/\000O\000u\000t\000p\000u\000t}{chapter.1}% 33
\BOOKMARK [1][-]{section.1.18}{\376\377\000S\000u\000m\000m\000a\000r\000y}{chapter.1}% 34
\BOOKMARK [1][-]{section.1.19}{\376\377\000E\000x\000e\000r\000c\000i\000s\000e\000s\000\040\000\050\000I\000t\000e\000m\000s\000\040\000M\000a\000r\000k\000e\000d\000\040\000w\000i\000t\000h\000\040\000a\000n\000\040\000*\000\040\000H\000a\000v\000e\000\040\000S\000o\000l\000u\000t\000i\000o\000n\000s\000\040\000i\000n\000\040\000A\000p\000p\000e\000n\000d\000i\000x\000\040\000D\000\051}{chapter.1}% 35
\BOOKMARK [1][-]{section.1.20}{\376\377\000B\000i\000t\000\040\000M\000e\000s\000s\000a\000g\000e}{chapter.1}% 36
\BOOKMARK [1][-]{section.1.21}{\376\377\000P\000r\000o\000c\000e\000d\000u\000r\000e\000s\000\040\000a\000n\000d\000\040\000M\000a\000c\000r\000o\000s}{chapter.1}% 37
\BOOKMARK [1][-]{section.1.22}{\376\377\000P\000r\000o\000c\000e\000d\000u\000r\000e\000s}{chapter.1}% 38
\BOOKMARK [1][-]{section.1.23}{\376\377\000c\000a\000l\000l\000\040\000p\000n\000a\000m\000e}{chapter.1}% 39
\BOOKMARK [1][-]{section.1.24}{\376\377\000C\000o\000m\000p\000l\000e\000t\000e\000\040\000P\000r\000o\000g\000r\000a\000m\000:\000\040\000I\000m\000p\000l\000e\000m\000e\000n\000t\000i\000n\000g\000\040\000t\000h\000e\000\040\000P\000o\000w\000e\000r\000\040\000F\000u\000n\000c\000t\000i\000o\000n\000\040\000i\000n\000\040\000a\000\040\000P\000r\000o\000c\000e\000d\000u\000r\000e}{chapter.1}% 40
\BOOKMARK [1][-]{section.1.25}{\376\377\000S\000a\000v\000i\000n\000g\000\040\000a\000n\000d\000\040\000R\000e\000s\000t\000o\000r\000i\000n\000g\000\040\000R\000e\000g\000i\000s\000t\000e\000r\000s}{chapter.1}% 41
\BOOKMARK [1][-]{section.1.26}{\376\377\000M\000a\000c\000r\000o\000s}{chapter.1}% 42
\BOOKMARK [1][-]{section.1.27}{\376\377\000C\000o\000n\000d\000i\000t\000i\000o\000n\000a\000l\000\040\000A\000s\000s\000e\000m\000b\000l\000y}{chapter.1}% 43
\BOOKMARK [1][-]{section.1.28}{\376\377\000S\000w\000a\000p\000\040\000M\000a\000c\000r\000o\000\040\000R\000e\000v\000i\000s\000i\000t\000e\000d\000\040\000U\000s\000i\000n\000g\000\040\000C\000o\000n\000d\000i\000t\000i\000o\000n\000a\000l\000\040\000A\000s\000s\000e\000m\000b\000l\000y}{chapter.1}% 44
\BOOKMARK [1][-]{section.1.29}{\376\377\000P\000o\000w\000e\000r\000\040\000F\000u\000n\000c\000t\000i\000o\000n\000\040\000M\000a\000c\000r\000o\000\040\000U\000s\000i\000n\000g\000\040\000C\000o\000n\000d\000i\000t\000i\000o\000n\000a\000l\000\040\000A\000s\000s\000e\000m\000b\000l\000y}{chapter.1}% 45
\BOOKMARK [1][-]{section.1.30}{\376\377\000C\000o\000m\000p\000l\000e\000t\000e\000\040\000P\000r\000o\000g\000r\000a\000m\000:\000\040\000I\000m\000p\000l\000e\000m\000e\000n\000t\000i\000n\000g\000\040\000a\000\040\000M\000a\000c\000r\000o\000\040\000C\000a\000l\000c\000u\000l\000a\000t\000o\000r}{chapter.1}% 46
\BOOKMARK [1][-]{section.1.31}{\376\377\000S\000u\000m\000m\000a\000r\000y}{chapter.1}% 47
\BOOKMARK [1][-]{section.1.32}{\376\377\000E\000x\000e\000r\000c\000i\000s\000e\000s\000\040\000\050\000I\000t\000e\000m\000s\000\040\000M\000a\000r\000k\000e\000d\000\040\000w\000i\000t\000h\000\040\000a\000n\000\040\000*\000\040\000H\000a\000v\000e\000\040\000S\000o\000l\000u\000t\000i\000o\000n\000s\000\040\000i\000n\000\040\000A\000p\000p\000e\000n\000d\000i\000x\000\040\000D\000\051}{chapter.1}% 48
\BOOKMARK [1][-]{section.1.33}{\376\377\000A\000r\000r\000a\000y\000s}{chapter.1}% 49
\BOOKMARK [1][-]{section.1.34}{\376\377\000A\000r\000r\000a\000y\000\040\000D\000e\000c\000l\000a\000r\000a\000t\000i\000o\000n\000\040\000a\000n\000d\000\040\000A\000d\000d\000r\000e\000s\000s\000i\000n\000g}{chapter.1}% 50
\BOOKMARK [1][-]{section.1.35}{\376\377\000I\000n\000d\000e\000x\000i\000n\000g\000\040\000U\000s\000i\000n\000g\000\040\000t\000h\000e\000\040\000B\000a\000s\000e\000\040\000R\000e\000g\000i\000s\000t\000e\000r}{chapter.1}% 51
\BOOKMARK [1][-]{section.1.36}{\376\377\000S\000e\000a\000r\000c\000h\000i\000n\000g}{chapter.1}% 52
\BOOKMARK [1][-]{section.1.37}{\376\377\000I\000n\000d\000e\000x\000i\000n\000g\000\040\000U\000s\000i\000n\000g\000\040\000t\000h\000e\000\040\000e\000s\000i\000\040\000a\000n\000d\000\040\000e\000d\000i\000\040\000R\000e\000g\000i\000s\000t\000e\000r\000s}{chapter.1}% 53
\BOOKMARK [1][-]{section.1.38}{\376\377\000L\000e\000n\000g\000t\000h\000o\000f\000\040\000a\000n\000d\000\040\000S\000i\000z\000e\000o\000f\000\040\000O\000p\000e\000r\000a\000t\000o\000r\000s}{chapter.1}% 54
\BOOKMARK [1][-]{section.1.39}{\376\377\000C\000o\000m\000p\000l\000e\000t\000e\000\040\000P\000r\000o\000g\000r\000a\000m\000:\000\040\000I\000m\000p\000l\000e\000m\000e\000n\000t\000i\000n\000g\000\040\000a\000\040\000Q\000u\000e\000u\000e}{chapter.1}% 55
\BOOKMARK [1][-]{section.1.40}{\376\377\000C\000o\000m\000p\000l\000e\000t\000e\000\040\000P\000r\000o\000g\000r\000a\000m\000:\000\040\000I\000m\000p\000l\000e\000m\000e\000n\000t\000i\000n\000g\000\040\000t\000h\000e\000\040\000S\000e\000l\000e\000c\000t\000i\000o\000n\000\040\000S\000o\000r\000t}{chapter.1}% 56
\BOOKMARK [1][-]{section.1.41}{\376\377\000S\000u\000m\000m\000a\000r\000y}{chapter.1}% 57
\BOOKMARK [1][-]{section.1.42}{\376\377\000E\000x\000e\000r\000c\000i\000s\000e\000s\000\040\000\050\000I\000t\000e\000m\000s\000\040\000M\000a\000r\000k\000e\000d\000\040\000w\000i\000t\000h\000\040\000a\000n\000\040\000*\000\040\000H\000a\000v\000e\000\040\000S\000o\000l\000u\000t\000i\000o\000n\000s\000\040\000i\000n\000\040\000A\000p\000p\000e\000n\000d\000i\000x\000\040\000D\000\051}{chapter.1}% 58
\BOOKMARK [1][-]{section.1.43}{\376\377\000I\000n\000t\000r\000o\000d\000u\000c\000t\000i\000o\000n}{chapter.1}% 59
\BOOKMARK [1][-]{section.1.44}{\376\377\000S\000t\000r\000i\000n\000g\000\040\000I\000n\000s\000t\000r\000u\000c\000t\000i\000o\000n\000s\000:\000\040\000M\000o\000v\000i\000n\000g\000\040\000S\000t\000r\000i\000n\000g\000s\000\040\000\050\000m\000o\000v\000s\000b\000\051}{chapter.1}% 60
\BOOKMARK [1][-]{section.1.45}{\376\377\000S\000t\000r\000i\000n\000g\000\040\000I\000n\000s\000t\000r\000u\000c\000t\000i\000o\000n\000s\000:\000\040\000S\000c\000a\000n\000n\000i\000n\000g\000\040\000\050\000s\000c\000a\000s\000b\000\051\000,\000\040\000S\000t\000o\000r\000i\000n\000g\000\040\000\050\000s\000t\000o\000s\000b\000\051\000,\000\040\000a\000n\000d\000\040\000L\000o\000a\000d\000i\000n\000g\000\040\000\050\000l\000o\000d\000s\000b\000\051}{chapter.1}% 61
\BOOKMARK [1][-]{section.1.46}{\376\377\000A\000r\000r\000a\000y\000\040\000o\000f\000\040\000S\000t\000r\000i\000n\000g\000s}{chapter.1}% 62
\BOOKMARK [1][-]{section.1.47}{\376\377\000S\000t\000r\000i\000n\000g\000\040\000I\000n\000s\000t\000r\000u\000c\000t\000i\000o\000n\000s\000:\000\040\000C\000o\000m\000p\000a\000r\000i\000n\000g\000\040\000S\000t\000r\000i\000n\000g\000s\000\040\000\050\000c\000m\000p\000s\000b\000\051}{chapter.1}% 63
\BOOKMARK [1][-]{section.1.48}{\376\377\000C\000o\000m\000p\000l\000e\000t\000e\000\040\000P\000r\000o\000g\000r\000a\000m\000:\000\040\000S\000e\000a\000r\000c\000h\000i\000n\000g\000\040\000a\000n\000\040\000A\000r\000r\000a\000y\000\040\000o\000f\000\040\000S\000t\000r\000i\000n\000g\000s}{chapter.1}% 64
\BOOKMARK [1][-]{section.1.49}{\376\377\000S\000u\000m\000m\000a\000r\000y}{chapter.1}% 65
\BOOKMARK [1][-]{section.1.50}{\376\377\000E\000x\000e\000r\000c\000i\000s\000e\000s\000\040\000\050\000I\000t\000e\000m\000s\000\040\000M\000a\000r\000k\000e\000d\000\040\000w\000i\000t\000h\000\040\000a\000n\000\040\000*\000\040\000H\000a\000v\000e\000\040\000S\000o\000l\000u\000t\000i\000o\000n\000s\000\040\000i\000n\000\040\000A\000p\000p\000e\000n\000d\000i\000x\000\040\000D\000\051}{chapter.1}% 66
\BOOKMARK [2][-]{subsection.1.50.1}{\376\377\000F\000l\000o\000a\000t\000i\000n\000g\000-\000P\000o\000i\000n\000t\000\040\000I\000n\000s\000t\000r\000u\000c\000t\000i\000o\000n\000s}{section.1.50}% 67
\BOOKMARK [1][-]{section.1.51}{\376\377\000M\000e\000m\000o\000r\000y\000\040\000S\000t\000o\000r\000a\000g\000e}{chapter.1}% 68
\BOOKMARK [1][-]{section.1.52}{\376\377\000F\000l\000o\000a\000t\000i\000n\000g\000-\000P\000o\000i\000n\000t\000\040\000R\000e\000g\000i\000s\000t\000e\000r\000\040\000S\000t\000a\000c\000k}{chapter.1}% 69
\BOOKMARK [1][-]{section.1.53}{\376\377\000P\000u\000s\000h\000i\000n\000g\000\040\000a\000n\000d\000\040\000P\000o\000p\000p\000i\000n\000g}{chapter.1}% 70
\BOOKMARK [1][-]{section.1.54}{\376\377\000S\000i\000m\000p\000l\000e\000\040\000A\000r\000i\000t\000h\000m\000e\000t\000i\000c\000\040\000E\000x\000p\000r\000e\000s\000s\000i\000o\000n\000s}{chapter.1}% 71
\BOOKMARK [1][-]{section.1.55}{\376\377\000C\000o\000m\000p\000l\000e\000x\000\040\000A\000r\000i\000t\000h\000m\000e\000t\000i\000c\000\040\000E\000x\000p\000r\000e\000s\000s\000i\000o\000n\000s}{chapter.1}% 72
\BOOKMARK [1][-]{section.1.56}{\376\377\000M\000i\000x\000i\000n\000g\000\040\000F\000l\000o\000a\000t\000i\000n\000g\000-\000P\000o\000i\000n\000t\000\040\000a\000n\000d\000\040\000I\000n\000t\000e\000g\000e\000r\000s}{chapter.1}% 73
\BOOKMARK [1][-]{section.1.57}{\376\377\000I\000n\000p\000u\000t\000/\000O\000u\000t\000p\000u\000t}{chapter.1}% 74
\BOOKMARK [2][-]{subsection.1.57.1}{\376\377\000f\000l\000o\000a\000t\000\040\000a\000n\000d\000\040\000r\000e\000a\000l\0004}{section.1.57}% 75
\BOOKMARK [2][-]{subsection.1.57.2}{\376\377\000d\000o\000u\000b\000l\000e\000\040\000a\000n\000d\000\040\000r\000e\000a\000l\0008}{section.1.57}% 76
\BOOKMARK [2][-]{subsection.1.57.3}{\376\377\000l\000o\000n\000g\000\040\000d\000o\000u\000b\000l\000e\000\040\000a\000n\000d\000\040\000r\000e\000a\000l\0001\0000}{section.1.57}% 77
\BOOKMARK [2][-]{subsection.1.57.4}{\376\377\000I\000n\000l\000i\000n\000e\000\040\000A\000s\000s\000e\000m\000b\000l\000y}{section.1.57}% 78
\BOOKMARK [1][-]{section.1.58}{\376\377\000C\000o\000m\000p\000a\000r\000i\000s\000o\000n\000s\000\040\000a\000n\000d\000\040\000S\000e\000l\000e\000c\000t\000i\000o\000n\000\040\000S\000t\000r\000u\000c\000t\000u\000r\000e\000s}{chapter.1}% 79
\BOOKMARK [1][-]{section.1.59}{\376\377\000C\000o\000m\000p\000l\000e\000t\000e\000\040\000P\000r\000o\000g\000r\000a\000m\000:\000\040\000I\000m\000p\000l\000e\000m\000e\000n\000t\000i\000n\000g\000\040\000a\000n\000\040\000I\000t\000e\000r\000a\000t\000i\000o\000n\000\040\000S\000t\000r\000u\000c\000t\000u\000r\000e}{chapter.1}% 80
\BOOKMARK [1][-]{section.1.60}{\376\377\000C\000o\000m\000p\000l\000e\000t\000e\000\040\000P\000r\000o\000g\000r\000a\000m\000:\000\040\000I\000m\000p\000l\000e\000m\000e\000n\000t\000i\000n\000g\000\040\000a\000n\000\040\000A\000r\000r\000a\000y}{chapter.1}% 81
\BOOKMARK [1][-]{section.1.61}{\376\377\000S\000u\000m\000m\000a\000r\000y}{chapter.1}% 82
\BOOKMARK [1][-]{section.1.62}{\376\377\000E\000x\000e\000r\000c\000i\000s\000e\000s\000\040\000\050\000I\000t\000e\000m\000s\000\040\000M\000a\000r\000k\000e\000d\000\040\000w\000i\000t\000h\000\040\000a\000n\000\040\000*\000\040\000H\000a\000v\000e\000\040\000S\000o\000l\000u\000t\000i\000o\000n\000s\000\040\000i\000n\000\040\000A\000p\000p\000e\000n\000d\000i\000x\000\040\000D\000\051}{chapter.1}% 83
\BOOKMARK [1][-]{section.1.63}{\376\377\000-\000B\000i\000t\000\040\000P\000r\000o\000c\000e\000s\000s\000i\000n\000g}{chapter.1}% 84
\BOOKMARK [1][-]{section.1.64}{\376\377\000F\000o\000u\000r\000\040\000G\000e\000n\000e\000r\000a\000l\000\040\000P\000u\000r\000p\000o\000s\000e\000\040\000R\000e\000g\000i\000s\000t\000e\000r\000s}{chapter.1}% 85
\BOOKMARK [1][-]{section.1.65}{\376\377\000O\000t\000h\000e\000r\000\040\0006\0004\000-\000B\000i\000t\000\040\000R\000e\000g\000i\000s\000t\000e\000r\000s}{chapter.1}% 86
\BOOKMARK [2][-]{subsection.1.65.1}{\376\377\000-\000B\000i\000t\000\040\000I\000n\000t\000e\000g\000e\000r\000\040\000O\000u\000t\000p\000u\000t}{section.1.65}% 87
\BOOKMARK [2][-]{subsection.1.65.2}{\376\377\000-\000B\000i\000t\000\040\000I\000n\000t\000e\000g\000e\000r\000\040\000I\000n\000p\000u\000t}{section.1.65}% 88
\BOOKMARK [1][-]{section.1.66}{\376\377\000L\000o\000g\000i\000c\000\040\000a\000n\000d\000\040\000A\000r\000i\000t\000h\000m\000e\000t\000i\000c\000\040\000A\000p\000p\000l\000i\000c\000a\000t\000i\000o\000n\000s}{chapter.1}% 89
\BOOKMARK [2][-]{subsection.1.66.1}{\376\377\000S\000h\000i\000f\000t\000\040\000a\000n\000d\000\040\000R\000o\000t\000a\000t\000e}{section.1.66}% 90
\BOOKMARK [2][-]{subsection.1.66.2}{\376\377\000L\000o\000g\000i\000c}{section.1.66}% 91
\BOOKMARK [2][-]{subsection.1.66.3}{\376\377\000A\000r\000i\000t\000h\000m\000e\000t\000i\000c}{section.1.66}% 92
\BOOKMARK [1][-]{section.1.67}{\376\377\000C\000o\000n\000t\000r\000o\000l\000\040\000S\000t\000r\000u\000c\000t\000u\000r\000e\000s}{chapter.1}% 93
\BOOKMARK [1][-]{section.1.68}{\376\377\000A\000r\000r\000a\000y\000s}{chapter.1}% 94
\BOOKMARK [1][-]{section.1.69}{\376\377\000P\000r\000o\000c\000e\000d\000u\000r\000e\000s\000\040\000a\000n\000d\000\040\000M\000a\000c\000r\000o\000s}{chapter.1}% 95
\BOOKMARK [2][-]{subsection.1.69.1}{\376\377\000C\000a\000l\000l\000i\000n\000g\000\040\0006\0004\000-\000B\000i\000t\000\040\000P\000r\000o\000c\000e\000d\000u\000r\000e\000s}{section.1.69}% 96
\BOOKMARK [2][-]{subsection.1.69.2}{\376\377\000U\000s\000i\000n\000g\000\040\000a\000\040\000M\000a\000c\000r\000o\000\040\000t\000o\000\040\000C\000a\000l\000l\000\040\000p\000r\000i\000n\000t\000f}{section.1.69}% 97
\BOOKMARK [1][-]{section.1.70}{\376\377\000C\000o\000m\000p\000l\000e\000t\000e\000\040\000P\000r\000o\000g\000r\000a\000m\000:\000\040\000R\000e\000v\000e\000r\000s\000i\000n\000g\000\040\000a\000n\000\040\000A\000r\000r\000a\000y}{chapter.1}% 98
\BOOKMARK [1][-]{section.1.71}{\376\377\000S\000u\000m\000m\000a\000r\000y}{chapter.1}% 99
\BOOKMARK [1][-]{section.1.72}{\376\377\000E\000x\000e\000r\000c\000i\000s\000e\000s\000\040\000\050\000I\000t\000e\000m\000s\000\040\000M\000a\000r\000k\000e\000d\000\040\000w\000i\000t\000h\000\040\000a\000n\000\040\000*\000\040\000H\000a\000v\000e\000\040\000S\000o\000l\000u\000t\000i\000o\000n\000s\000\040\000i\000n\000\040\000A\000p\000p\000e\000n\000d\000i\000x\000\040\000D\000\051}{chapter.1}% 100
\BOOKMARK [1][-]{section.1.73}{\376\377\000I\000n\000t\000r\000o\000d\000u\000c\000t\000i\000o\000n}{chapter.1}% 101
\BOOKMARK [1][-]{section.1.74}{\376\377\000i\000n\000c\000\040\000a\000n\000d\000\040\000d\000e\000c\000\040\000I\000n\000s\000t\000r\000u\000c\000t\000i\000o\000n\000s}{chapter.1}% 102
\BOOKMARK [1][-]{section.1.75}{\376\377\000m\000o\000v\000\040\000I\000n\000s\000t\000r\000u\000c\000t\000i\000o\000n}{chapter.1}% 103
\BOOKMARK [1][-]{section.1.76}{\376\377\000a\000d\000d\000\040\000a\000n\000d\000\040\000s\000u\000b\000\040\000I\000n\000s\000t\000r\000u\000c\000t\000i\000o\000n\000s}{chapter.1}% 104
\BOOKMARK [1][-]{section.1.77}{\376\377\000m\000o\000v\000\040\000o\000f\000f\000s\000e\000t\000\040\000a\000n\000d\000\040\000l\000e\000a\000\040\000I\000n\000s\000t\000r\000u\000c\000t\000i\000o\000n\000s}{chapter.1}% 105
\BOOKMARK [1][-]{section.1.78}{\376\377\000j\000m\000p\000\040\000I\000n\000s\000t\000r\000u\000c\000t\000i\000o\000n\000s}{chapter.1}% 106
\BOOKMARK [1][-]{section.1.79}{\376\377\000I\000n\000s\000t\000r\000u\000c\000t\000i\000o\000n\000\040\000T\000i\000m\000i\000n\000g\000s}{chapter.1}% 107
\BOOKMARK [1][-]{section.1.80}{\376\377\000F\000l\000o\000a\000t\000i\000n\000g\000-\000P\000o\000i\000n\000t\000\040\000a\000n\000d\000\040\0006\0004\000-\000B\000i\000t\000\040\000I\000n\000s\000t\000r\000u\000c\000t\000i\000o\000n\000s}{chapter.1}% 108
\BOOKMARK [2][-]{subsection.1.80.1}{\376\377\000F\000l\000o\000a\000t\000i\000n\000g\000-\000P\000o\000i\000n\000t\000\040\000I\000n\000s\000t\000r\000u\000c\000t\000i\000o\000n\000s}{section.1.80}% 109
