\BOOKMARK [0][-]{chapter.1}{\376\377\000P\000r\000e\000f\000a\000c\000e}{}% 1
\BOOKMARK [0][-]{chapter.2}{\376\377\000C\000o\000n\000t\000e\000n\000t\000s}{}% 2
\BOOKMARK [0][-]{chapter.3}{\376\377\000W\000h\000a\000t\000\040\000i\000s\000\040\000D\000a\000t\000a\000\040\000S\000c\000i\000e\000n\000c\000e\000?}{}% 3
\BOOKMARK [1][-]{section.3.1}{\376\377\000A\000s\000k\000i\000n\000g\000\040\000I\000n\000t\000e\000r\000e\000s\000t\000i\000n\000g\000\040\000Q\000u\000e\000s\000t\000i\000o\000n\000s\000\040\000f\000r\000o\000m\000\040\000D\000a\000t\000a}{chapter.3}% 4
\BOOKMARK [2][-]{subsection.3.1.1}{\376\377\000T\000h\000e\000\040\000B\000a\000s\000e\000b\000a\000l\000l\000\040\000E\000n\000c\000y\000c\000l\000o\000p\000e\000d\000i\000a}{section.3.1}% 5
\BOOKMARK [2][-]{subsection.3.1.2}{\376\377\000T\000h\000e\000\040\000I\000n\000t\000e\000r\000n\000e\000t\000\040\000M\000o\000v\000i\000e\000\040\000D\000a\000t\000a\000b\000a\000s\000e\000\040\000\050\000I\000M\000D\000b\000\051}{section.3.1}% 6
\BOOKMARK [2][-]{subsection.3.1.3}{\376\377\000G\000o\000o\000g\000l\000e\000\040\000N\000g\000r\000a\000m\000s}{section.3.1}% 7
\BOOKMARK [2][-]{subsection.3.1.4}{\376\377\000N\000e\000w\000\040\000Y\000o\000r\000k\000\040\000T\000a\000x\000i\000\040\000R\000e\000c\000o\000r\000d\000s}{section.3.1}% 8
\BOOKMARK [1][-]{section.3.2}{\376\377\000P\000r\000o\000p\000e\000r\000t\000i\000e\000s\000\040\000o\000f\000\040\000D\000a\000t\000a}{chapter.3}% 9
\BOOKMARK [2][-]{subsection.3.2.1}{\376\377\000S\000t\000r\000u\000c\000t\000u\000r\000e\000d\000\040\000v\000s\000.\000\040\000U\000n\000s\000t\000r\000u\000c\000t\000u\000r\000e\000d\000\040\000D\000a\000t\000a}{section.3.2}% 10
\BOOKMARK [2][-]{subsection.3.2.2}{\376\377\000Q\000u\000a\000n\000t\000i\000t\000a\000t\000i\000v\000e\000\040\000v\000s\000.\000\040\000C\000a\000t\000e\000g\000o\000r\000i\000c\000a\000l\000\040\000D\000a\000t\000a}{section.3.2}% 11
\BOOKMARK [2][-]{subsection.3.2.3}{\376\377\000B\000i\000g\000\040\000D\000a\000t\000a\000\040\000v\000s\000.\000\040\000L\000i\000t\000t\000l\000e\000\040\000D\000a\000t\000a}{section.3.2}% 12
\BOOKMARK [1][-]{section.3.3}{\376\377\000D\000a\000t\000a\000\040\000S\000c\000i\000e\000n\000c\000e\000\040\000T\000e\000l\000e\000v\000i\000s\000i\000o\000n\000:\000\040\000T\000h\000e\000\040\000Q\000u\000a\000n\000t\000\040\000S\000h\000o\000p}{chapter.3}% 13
\BOOKMARK [2][-]{subsection.3.3.1}{\376\377\000K\000a\000g\000g\000l\000e\000\040\000C\000h\000a\000l\000l\000e\000n\000g\000e\000s}{section.3.3}% 14
\BOOKMARK [1][-]{section.3.4}{\376\377\000A\000b\000o\000u\000t\000\040\000t\000h\000e\000\040\000W\000a\000r\000\040\000S\000t\000o\000r\000i\000e\000s}{chapter.3}% 15
\BOOKMARK [1][-]{section.3.5}{\376\377\000W\000a\000r\000\040\000S\000t\000o\000r\000y\000:\000\040\000A\000n\000s\000w\000e\000r\000i\000n\000g\000\040\000t\000h\000e\000\040\000R\000i\000g\000h\000t\000\040\000Q\000u\000e\000s\000t\000i\000o\000n}{chapter.3}% 16
\BOOKMARK [1][-]{section.3.6}{\376\377\000E\000x\000e\000r\000c\000i\000s\000e\000s}{chapter.3}% 17
\BOOKMARK [0][-]{chapter.4}{\376\377\000M\000a\000t\000h\000e\000m\000a\000t\000i\000c\000a\000l\000\040\000P\000r\000e\000l\000i\000m\000i\000n\000a\000r\000i\000e\000s}{}% 18
\BOOKMARK [1][-]{section.4.1}{\376\377\000P\000r\000o\000b\000a\000b\000i\000l\000i\000t\000y}{chapter.4}% 19
\BOOKMARK [2][-]{subsection.4.1.1}{\376\377\000P\000r\000o\000b\000a\000b\000i\000l\000i\000t\000y\000\040\000v\000s\000.\000\040\000S\000t\000a\000t\000i\000s\000t\000i\000c\000s}{section.4.1}% 20
\BOOKMARK [2][-]{subsection.4.1.2}{\376\377\000C\000o\000m\000p\000o\000u\000n\000d\000\040\000E\000v\000e\000n\000t\000s\000\040\000a\000n\000d\000\040\000I\000n\000d\000e\000p\000e\000n\000d\000e\000n\000c\000e}{section.4.1}% 21
\BOOKMARK [2][-]{subsection.4.1.3}{\376\377\000C\000o\000n\000d\000i\000t\000i\000o\000n\000a\000l\000\040\000P\000r\000o\000b\000a\000b\000i\000l\000i\000t\000y}{section.4.1}% 22
\BOOKMARK [2][-]{subsection.4.1.4}{\376\377\000P\000r\000o\000b\000a\000b\000i\000l\000i\000t\000y\000\040\000D\000i\000s\000t\000r\000i\000b\000u\000t\000i\000o\000n\000s}{section.4.1}% 23
\BOOKMARK [1][-]{section.4.2}{\376\377\000D\000e\000s\000c\000r\000i\000p\000t\000i\000v\000e\000\040\000S\000t\000a\000t\000i\000s\000t\000i\000c\000s}{chapter.4}% 24
\BOOKMARK [2][-]{subsection.4.2.1}{\376\377\000C\000e\000n\000t\000r\000a\000l\000i\000t\000y\000\040\000M\000e\000a\000s\000u\000r\000e\000s}{section.4.2}% 25
\BOOKMARK [2][-]{subsection.4.2.2}{\376\377\000V\000a\000r\000i\000a\000b\000i\000l\000i\000t\000y\000\040\000M\000e\000a\000s\000u\000r\000e\000s}{section.4.2}% 26
\BOOKMARK [2][-]{subsection.4.2.3}{\376\377\000I\000n\000t\000e\000r\000p\000r\000e\000t\000i\000n\000g\000\040\000V\000a\000r\000i\000a\000n\000c\000e}{section.4.2}% 27
\BOOKMARK [2][-]{subsection.4.2.4}{\376\377\000C\000h\000a\000r\000a\000c\000t\000e\000r\000i\000z\000i\000n\000g\000\040\000D\000i\000s\000t\000r\000i\000b\000u\000t\000i\000o\000n\000s}{section.4.2}% 28
\BOOKMARK [1][-]{section.4.3}{\376\377\000C\000o\000r\000r\000e\000l\000a\000t\000i\000o\000n\000\040\000A\000n\000a\000l\000y\000s\000i\000s}{chapter.4}% 29
\BOOKMARK [2][-]{subsection.4.3.1}{\376\377\000C\000o\000r\000r\000e\000l\000a\000t\000i\000o\000n\000\040\000D\000o\000e\000s\000\040\000N\000o\000t\000\040\000I\000m\000p\000l\000y\000\040\000C\000a\000u\000s\000a\000t\000i\000o\000n\000!}{section.4.3}% 30
\BOOKMARK [2][-]{subsection.4.3.2}{\376\377\000D\000e\000t\000e\000c\000t\000i\000n\000g\000\040\000P\000e\000r\000i\000o\000d\000i\000c\000i\000t\000i\000e\000s\000\040\000b\000y\000\040\000A\000u\000t\000o\000c\000o\000r\000r\000e\000l\000a\000t\000i\000o\000n}{section.4.3}% 31
\BOOKMARK [1][-]{section.4.4}{\376\377\000L\000o\000g\000a\000r\000i\000t\000h\000m\000s}{chapter.4}% 32
\BOOKMARK [2][-]{subsection.4.4.1}{\376\377\000L\000o\000g\000a\000r\000i\000t\000h\000m\000s\000\040\000a\000n\000d\000\040\000M\000u\000l\000t\000i\000p\000l\000y\000i\000n\000g\000\040\000P\000r\000o\000b\000a\000b\000i\000l\000i\000t\000i\000e\000s}{section.4.4}% 33
\BOOKMARK [2][-]{subsection.4.4.2}{\376\377\000L\000o\000g\000a\000r\000i\000t\000h\000m\000s\000\040\000a\000n\000d\000\040\000R\000a\000t\000i\000o\000s}{section.4.4}% 34
\BOOKMARK [2][-]{subsection.4.4.3}{\376\377\000L\000o\000g\000a\000r\000i\000t\000h\000m\000s\000\040\000a\000n\000d\000\040\000N\000o\000r\000m\000a\000l\000i\000z\000i\000n\000g\000\040\000S\000k\000e\000w\000e\000d\000\040\000D\000i\000s\000t\000r\000i\000b\000u\000t\000i\000o\000n\000s}{section.4.4}% 35
\BOOKMARK [1][-]{section.4.5}{\376\377\000W\000a\000r\000\040\000S\000t\000o\000r\000y\000:\000\040\000F\000i\000t\000t\000i\000n\000g\000\040\000D\000e\000s\000i\000g\000n\000e\000r\000\040\000G\000e\000n\000e\000s}{chapter.4}% 36
\BOOKMARK [1][-]{section.4.6}{\376\377\000E\000x\000e\000r\000c\000i\000s\000e\000s}{chapter.4}% 37
\BOOKMARK [0][-]{chapter.5}{\376\377\000D\000a\000t\000a\000\040\000M\000u\000n\000g\000i\000n\000g}{}% 38
\BOOKMARK [1][-]{section.5.1}{\376\377\000L\000a\000n\000g\000u\000a\000g\000e\000s\000\040\000f\000o\000r\000\040\000D\000a\000t\000a\000\040\000S\000c\000i\000e\000n\000c\000e}{chapter.5}% 39
\BOOKMARK [2][-]{subsection.5.1.1}{\376\377\000T\000h\000e\000\040\000I\000m\000p\000o\000r\000t\000a\000n\000c\000e\000\040\000o\000f\000\040\000N\000o\000t\000e\000b\000o\000o\000k\000\040\000E\000n\000v\000i\000r\000o\000n\000m\000e\000n\000t\000s}{section.5.1}% 40
\BOOKMARK [2][-]{subsection.5.1.2}{\376\377\000S\000t\000a\000n\000d\000a\000r\000d\000\040\000D\000a\000t\000a\000\040\000F\000o\000r\000m\000a\000t\000s}{section.5.1}% 41
\BOOKMARK [1][-]{section.5.2}{\376\377\000C\000o\000l\000l\000e\000c\000t\000i\000n\000g\000\040\000D\000a\000t\000a}{chapter.5}% 42
\BOOKMARK [2][-]{subsection.5.2.1}{\376\377\000H\000u\000n\000t\000i\000n\000g}{section.5.2}% 43
\BOOKMARK [2][-]{subsection.5.2.2}{\376\377\000S\000c\000r\000a\000p\000i\000n\000g}{section.5.2}% 44
\BOOKMARK [2][-]{subsection.5.2.3}{\376\377\000L\000o\000g\000g\000i\000n\000g}{section.5.2}% 45
\BOOKMARK [1][-]{section.5.3}{\376\377\000C\000l\000e\000a\000n\000i\000n\000g\000\040\000D\000a\000t\000a}{chapter.5}% 46
\BOOKMARK [2][-]{subsection.5.3.1}{\376\377\000E\000r\000r\000o\000r\000s\000\040\000v\000s\000.\000\040\000A\000r\000t\000i\000f\000a\000c\000t\000s}{section.5.3}% 47
\BOOKMARK [2][-]{subsection.5.3.2}{\376\377\000D\000a\000t\000a\000\040\000C\000o\000m\000p\000a\000t\000i\000b\000i\000l\000i\000t\000y}{section.5.3}% 48
\BOOKMARK [2][-]{subsection.5.3.3}{\376\377\000D\000e\000a\000l\000i\000n\000g\000\040\000w\000i\000t\000h\000\040\000M\000i\000s\000s\000i\000n\000g\000\040\000V\000a\000l\000u\000e\000s}{section.5.3}% 49
\BOOKMARK [2][-]{subsection.5.3.4}{\376\377\000O\000u\000t\000l\000i\000e\000r\000\040\000D\000e\000t\000e\000c\000t\000i\000o\000n}{section.5.3}% 50
\BOOKMARK [1][-]{section.5.4}{\376\377\000W\000a\000r\000\040\000S\000t\000o\000r\000y\000:\000\040\000B\000e\000a\000t\000i\000n\000g\000\040\000t\000h\000e\000\040\000M\000a\000r\000k\000e\000t}{chapter.5}% 51
\BOOKMARK [1][-]{section.5.5}{\376\377\000C\000r\000o\000w\000d\000s\000o\000u\000r\000c\000i\000n\000g}{chapter.5}% 52
\BOOKMARK [2][-]{subsection.5.5.1}{\376\377\000T\000h\000e\000\040\000P\000e\000n\000n\000y\000\040\000D\000e\000m\000o}{section.5.5}% 53
\BOOKMARK [2][-]{subsection.5.5.2}{\376\377\000W\000h\000e\000n\000\040\000i\000s\000\040\000t\000h\000e\000\040\000C\000r\000o\000w\000d\000\040\000W\000i\000s\000e\000?}{section.5.5}% 54
\BOOKMARK [2][-]{subsection.5.5.3}{\376\377\000M\000e\000c\000h\000a\000n\000i\000s\000m\000s\000\040\000f\000o\000r\000\040\000A\000g\000g\000r\000e\000g\000a\000t\000i\000o\000n}{section.5.5}% 55
\BOOKMARK [2][-]{subsection.5.5.4}{\376\377\000C\000r\000o\000w\000d\000s\000o\000u\000r\000c\000i\000n\000g\000\040\000S\000e\000r\000v\000i\000c\000e\000s}{section.5.5}% 56
\BOOKMARK [1][-]{section.5.6}{\376\377\000E\000x\000e\000r\000c\000i\000s\000e\000s}{chapter.5}% 57
\BOOKMARK [0][-]{chapter.6}{\376\377\000S\000c\000o\000r\000e\000s\000\040\000a\000n\000d\000\040\000R\000a\000n\000k\000i\000n\000g\000s}{}% 58
\BOOKMARK [1][-]{section.6.1}{\376\377\000T\000h\000e\000\040\000B\000o\000d\000y\000\040\000M\000a\000s\000s\000\040\000I\000n\000d\000e\000x\000\040\000\050\000B\000M\000I\000\051}{chapter.6}% 59
\BOOKMARK [1][-]{section.6.2}{\376\377\000D\000e\000v\000e\000l\000o\000p\000i\000n\000g\000\040\000S\000c\000o\000r\000i\000n\000g\000\040\000S\000y\000s\000t\000e\000m\000s}{chapter.6}% 60
\BOOKMARK [2][-]{subsection.6.2.1}{\376\377\000G\000o\000l\000d\000\040\000S\000t\000a\000n\000d\000a\000r\000d\000s\000\040\000a\000n\000d\000\040\000P\000r\000o\000x\000i\000e\000s}{section.6.2}% 61
\BOOKMARK [2][-]{subsection.6.2.2}{\376\377\000S\000c\000o\000r\000e\000s\000\040\000v\000s\000.\000\040\000R\000a\000n\000k\000i\000n\000g\000s}{section.6.2}% 62
\BOOKMARK [2][-]{subsection.6.2.3}{\376\377\000R\000e\000c\000o\000g\000n\000i\000z\000i\000n\000g\000\040\000G\000o\000o\000d\000\040\000S\000c\000o\000r\000i\000n\000g\000\040\000F\000u\000n\000c\000t\000i\000o\000n\000s}{section.6.2}% 63
\BOOKMARK [1][-]{section.6.3}{\376\377\000Z\000-\000s\000c\000o\000r\000e\000s\000\040\000a\000n\000d\000\040\000N\000o\000r\000m\000a\000l\000i\000z\000a\000t\000i\000o\000n}{chapter.6}% 64
\BOOKMARK [1][-]{section.6.4}{\376\377\000A\000d\000v\000a\000n\000c\000e\000d\000\040\000R\000a\000n\000k\000i\000n\000g\000\040\000T\000e\000c\000h\000n\000i\000q\000u\000e\000s}{chapter.6}% 65
\BOOKMARK [2][-]{subsection.6.4.1}{\376\377\000E\000l\000o\000\040\000R\000a\000n\000k\000i\000n\000g\000s}{section.6.4}% 66
\BOOKMARK [2][-]{subsection.6.4.2}{\376\377\000M\000e\000r\000g\000i\000n\000g\000\040\000R\000a\000n\000k\000i\000n\000g\000s}{section.6.4}% 67
\BOOKMARK [2][-]{subsection.6.4.3}{\376\377\000D\000i\000g\000r\000a\000p\000h\000-\000b\000a\000s\000e\000d\000\040\000R\000a\000n\000k\000i\000n\000g\000s}{section.6.4}% 68
\BOOKMARK [2][-]{subsection.6.4.4}{\376\377\000P\000a\000g\000e\000R\000a\000n\000k}{section.6.4}% 69
\BOOKMARK [1][-]{section.6.5}{\376\377\000W\000a\000r\000\040\000S\000t\000o\000r\000y\000:\000\040\000C\000l\000y\000d\000e\000'\000s\000\040\000R\000e\000v\000e\000n\000g\000e}{chapter.6}% 70
\BOOKMARK [1][-]{section.6.6}{\376\377\000A\000r\000r\000o\000w\000'\000s\000\040\000I\000m\000p\000o\000s\000s\000i\000b\000i\000l\000i\000t\000y\000\040\000T\000h\000e\000o\000r\000e\000m}{chapter.6}% 71
\BOOKMARK [1][-]{section.6.7}{\376\377\000W\000a\000r\000\040\000S\000t\000o\000r\000y\000:\000\040\000W\000h\000o\000'\000s\000\040\000B\000i\000g\000g\000e\000r\000?}{chapter.6}% 72
\BOOKMARK [1][-]{section.6.8}{\376\377\000E\000x\000e\000r\000c\000i\000s\000e\000s}{chapter.6}% 73
\BOOKMARK [0][-]{chapter.7}{\376\377\000S\000t\000a\000t\000i\000s\000t\000i\000c\000a\000l\000\040\000A\000n\000a\000l\000y\000s\000i\000s}{}% 74
\BOOKMARK [1][-]{section.7.1}{\376\377\000S\000t\000a\000t\000i\000s\000t\000i\000c\000a\000l\000\040\000D\000i\000s\000t\000r\000i\000b\000u\000t\000i\000o\000n\000s}{chapter.7}% 75
\BOOKMARK [2][-]{subsection.7.1.1}{\376\377\000T\000h\000e\000\040\000B\000i\000n\000o\000m\000i\000a\000l\000\040\000D\000i\000s\000t\000r\000i\000b\000u\000t\000i\000o\000n}{section.7.1}% 76
\BOOKMARK [2][-]{subsection.7.1.2}{\376\377\000T\000h\000e\000\040\000N\000o\000r\000m\000a\000l\000\040\000D\000i\000s\000t\000r\000i\000b\000u\000t\000i\000o\000n}{section.7.1}% 77
\BOOKMARK [2][-]{subsection.7.1.3}{\376\377\000I\000m\000p\000l\000i\000c\000a\000t\000i\000o\000n\000s\000\040\000o\000f\000\040\000t\000h\000e\000\040\000N\000o\000r\000m\000a\000l\000\040\000D\000i\000s\000t\000r\000i\000b\000u\000t\000i\000o\000n}{section.7.1}% 78
\BOOKMARK [2][-]{subsection.7.1.4}{\376\377\000P\000o\000i\000s\000s\000o\000n\000\040\000D\000i\000s\000t\000r\000i\000b\000u\000t\000i\000o\000n}{section.7.1}% 79
\BOOKMARK [2][-]{subsection.7.1.5}{\376\377\000P\000o\000w\000e\000r\000\040\000L\000a\000w\000\040\000D\000i\000s\000t\000r\000i\000b\000u\000t\000i\000o\000n\000s}{section.7.1}% 80
\BOOKMARK [1][-]{section.7.2}{\376\377\000S\000a\000m\000p\000l\000i\000n\000g\000\040\000f\000r\000o\000m\000\040\000D\000i\000s\000t\000r\000i\000b\000u\000t\000i\000o\000n\000s}{chapter.7}% 81
\BOOKMARK [2][-]{subsection.7.2.1}{\376\377\000R\000a\000n\000d\000o\000m\000\040\000S\000a\000m\000p\000l\000i\000n\000g\000\040\000b\000e\000y\000o\000n\000d\000\040\000O\000n\000e\000\040\000D\000i\000m\000e\000n\000s\000i\000o\000n}{section.7.2}% 82
\BOOKMARK [2][-]{subsection.7.2.2}{\376\377\000T\000h\000e\000\040\000T\000-\000t\000e\000s\000t\000:\000\040\000C\000o\000m\000p\000a\000r\000i\000n\000g\000\040\000P\000o\000p\000u\000l\000a\000t\000i\000o\000n\000\040\000M\000e\000a\000n\000s}{section.7.2}% 83
\BOOKMARK [2][-]{subsection.7.2.3}{\376\377\000T\000h\000e\000\040\000K\000o\000l\000m\000o\000g\000o\000r\000o\000v\000-\000S\000m\000i\000r\000n\000o\000v\000\040\000T\000e\000s\000t}{section.7.2}% 84
\BOOKMARK [2][-]{subsection.7.2.4}{\376\377\000T\000h\000e\000\040\000B\000o\000n\000f\000e\000r\000r\000o\000n\000i\000\040\000C\000o\000r\000r\000e\000c\000t\000i\000o\000n}{section.7.2}% 85
\BOOKMARK [2][-]{subsection.7.2.5}{\376\377\000F\000a\000l\000s\000e\000\040\000D\000i\000s\000c\000o\000v\000e\000r\000y\000\040\000R\000a\000t\000e}{section.7.2}% 86
\BOOKMARK [1][-]{section.7.3}{\376\377\000W\000a\000r\000\040\000S\000t\000o\000r\000y\000:\000\040\000D\000i\000s\000c\000o\000v\000e\000r\000i\000n\000g\000\040\000t\000h\000e\000\040\000F\000o\000u\000n\000t\000a\000i\000n\000\040\000o\000f\000\040\000Y\000o\000u\000t\000h\000?}{chapter.7}% 87
\BOOKMARK [2][-]{subsection.7.3.1}{\376\377\000G\000e\000n\000e\000r\000a\000t\000i\000n\000g\000\040\000R\000a\000n\000d\000o\000m\000\040\000P\000e\000r\000m\000u\000t\000a\000t\000i\000o\000n\000s}{section.7.3}% 88
\BOOKMARK [2][-]{subsection.7.3.2}{\376\377\000D\000i\000M\000a\000g\000g\000i\000o\000'\000s\000\040\000H\000i\000t\000t\000i\000n\000g\000\040\000S\000t\000r\000e\000a\000k}{section.7.3}% 89
\BOOKMARK [1][-]{section.7.4}{\376\377\000B\000a\000y\000e\000s\000i\000a\000n\000\040\000R\000e\000a\000s\000o\000n\000i\000n\000g}{chapter.7}% 90
\BOOKMARK [1][-]{section.7.5}{\376\377\000E\000x\000e\000r\000c\000i\000s\000e\000s}{chapter.7}% 91
\BOOKMARK [0][-]{chapter.8}{\376\377\000V\000i\000s\000u\000a\000l\000i\000z\000i\000n\000g\000\040\000D\000a\000t\000a}{}% 92
\BOOKMARK [1][-]{section.8.1}{\376\377\000E\000x\000p\000l\000o\000r\000a\000t\000o\000r\000y\000\040\000D\000a\000t\000a\000\040\000A\000n\000a\000l\000y\000s\000i\000s}{chapter.8}% 93
\BOOKMARK [2][-]{subsection.8.1.1}{\376\377\000C\000o\000n\000f\000r\000o\000n\000t\000i\000n\000g\000\040\000a\000\040\000N\000e\000w\000\040\000D\000a\000t\000a\000\040\000S\000e\000t}{section.8.1}% 94
\BOOKMARK [2][-]{subsection.8.1.2}{\376\377\000S\000u\000m\000m\000a\000r\000y\000\040\000S\000t\000a\000t\000i\000s\000t\000i\000c\000s\000\040\000a\000n\000d\000\040\000A\000n\000s\000c\000o\000m\000b\000e\000'\000s\000\040\000Q\000u\000a\000r\000t\000e\000t}{section.8.1}% 95
\BOOKMARK [2][-]{subsection.8.1.3}{\376\377\000V\000i\000s\000u\000a\000l\000i\000z\000a\000t\000i\000o\000n\000\040\000T\000o\000o\000l\000s}{section.8.1}% 96
\BOOKMARK [1][-]{section.8.2}{\376\377\000D\000e\000v\000e\000l\000o\000p\000i\000n\000g\000\040\000a\000\040\000V\000i\000s\000u\000a\000l\000i\000z\000a\000t\000i\000o\000n\000\040\000A\000e\000s\000t\000h\000e\000t\000i\000c}{chapter.8}% 97
\BOOKMARK [2][-]{subsection.8.2.1}{\376\377\000M\000a\000x\000i\000m\000i\000z\000i\000n\000g\000\040\000D\000a\000t\000a\000-\000I\000n\000k\000\040\000R\000a\000t\000i\000o}{section.8.2}% 98
\BOOKMARK [2][-]{subsection.8.2.2}{\376\377\000M\000i\000n\000i\000m\000i\000z\000i\000n\000g\000\040\000t\000h\000e\000\040\000L\000i\000e\000\040\000F\000a\000c\000t\000o\000r}{section.8.2}% 99
\BOOKMARK [2][-]{subsection.8.2.3}{\376\377\000M\000i\000n\000i\000m\000i\000z\000i\000n\000g\000\040\000C\000h\000a\000r\000t\000j\000u\000n\000k}{section.8.2}% 100
\BOOKMARK [2][-]{subsection.8.2.4}{\376\377\000P\000r\000o\000p\000e\000r\000\040\000S\000c\000a\000l\000i\000n\000g\000\040\000a\000n\000d\000\040\000L\000a\000b\000e\000l\000i\000n\000g}{section.8.2}% 101
\BOOKMARK [2][-]{subsection.8.2.5}{\376\377\000T\000h\000e\000\040\000P\000o\000w\000e\000r\000\040\000o\000f\000\040\000R\000e\000p\000e\000t\000i\000t\000i\000o\000n}{section.8.2}% 102
\BOOKMARK [1][-]{section.8.3}{\376\377\000C\000h\000a\000r\000t\000\040\000T\000y\000p\000e\000s}{chapter.8}% 103
\BOOKMARK [2][-]{subsection.8.3.1}{\376\377\000T\000a\000b\000u\000l\000a\000r\000\040\000D\000a\000t\000a}{section.8.3}% 104
\BOOKMARK [2][-]{subsection.8.3.2}{\376\377\000D\000o\000t\000\040\000a\000n\000d\000\040\000L\000i\000n\000e\000\040\000P\000l\000o\000t\000s}{section.8.3}% 105
\BOOKMARK [2][-]{subsection.8.3.3}{\376\377\000S\000c\000a\000t\000t\000e\000r\000\040\000P\000l\000o\000t\000s}{section.8.3}% 106
\BOOKMARK [2][-]{subsection.8.3.4}{\376\377\000B\000a\000r\000\040\000P\000l\000o\000t\000s\000\040\000a\000n\000d\000\040\000P\000i\000e\000\040\000C\000h\000a\000r\000t\000s}{section.8.3}% 107
\BOOKMARK [2][-]{subsection.8.3.5}{\376\377\000H\000i\000s\000t\000o\000g\000r\000a\000m\000s}{section.8.3}% 108
\BOOKMARK [2][-]{subsection.8.3.6}{\376\377\000D\000a\000t\000a\000\040\000M\000a\000p\000s}{section.8.3}% 109
\BOOKMARK [1][-]{section.8.4}{\376\377\000G\000r\000e\000a\000t\000\040\000V\000i\000s\000u\000a\000l\000i\000z\000a\000t\000i\000o\000n\000s}{chapter.8}% 110
\BOOKMARK [2][-]{subsection.8.4.1}{\376\377\000M\000a\000r\000e\000y\000'\000s\000\040\000T\000r\000a\000i\000n\000\040\000S\000c\000h\000e\000d\000u\000l\000e}{section.8.4}% 111
\BOOKMARK [2][-]{subsection.8.4.2}{\376\377\000S\000n\000o\000w\000'\000s\000\040\000C\000h\000o\000l\000e\000r\000a\000\040\000M\000a\000p}{section.8.4}% 112
\BOOKMARK [2][-]{subsection.8.4.3}{\376\377\000N\000e\000w\000\040\000Y\000o\000r\000k\000'\000s\000\040\000W\000e\000a\000t\000h\000e\000r\000\040\000Y\000e\000a\000r}{section.8.4}% 113
\BOOKMARK [1][-]{section.8.5}{\376\377\000R\000e\000a\000d\000i\000n\000g\000\040\000G\000r\000a\000p\000h\000s}{chapter.8}% 114
\BOOKMARK [2][-]{subsection.8.5.1}{\376\377\000T\000h\000e\000\040\000O\000b\000s\000c\000u\000r\000e\000d\000\040\000D\000i\000s\000t\000r\000i\000b\000u\000t\000i\000o\000n}{section.8.5}% 115
\BOOKMARK [2][-]{subsection.8.5.2}{\376\377\000O\000v\000e\000r\000i\000n\000t\000e\000r\000p\000r\000e\000t\000i\000n\000g\000\040\000V\000a\000r\000i\000a\000n\000c\000e}{section.8.5}% 116
\BOOKMARK [1][-]{section.8.6}{\376\377\000I\000n\000t\000e\000r\000a\000c\000t\000i\000v\000e\000\040\000V\000i\000s\000u\000a\000l\000i\000z\000a\000t\000i\000o\000n}{chapter.8}% 117
\BOOKMARK [1][-]{section.8.7}{\376\377\000W\000a\000r\000\040\000S\000t\000o\000r\000y\000:\000\040\000T\000e\000x\000t\000M\000a\000p\000p\000i\000n\000g\000\040\000t\000h\000e\000\040\000W\000o\000r\000l\000d}{chapter.8}% 118
\BOOKMARK [1][-]{section.8.8}{\376\377\000E\000x\000e\000r\000c\000i\000s\000e\000s}{chapter.8}% 119
\BOOKMARK [0][-]{chapter.9}{\376\377\000M\000a\000t\000h\000e\000m\000a\000t\000i\000c\000a\000l\000\040\000M\000o\000d\000e\000l\000s}{}% 120
\BOOKMARK [1][-]{section.9.1}{\376\377\000P\000h\000i\000l\000o\000s\000o\000p\000h\000i\000e\000s\000\040\000o\000f\000\040\000M\000o\000d\000e\000l\000i\000n\000g}{chapter.9}% 121
\BOOKMARK [2][-]{subsection.9.1.1}{\376\377\000O\000c\000c\000a\000m\000'\000s\000\040\000R\000a\000z\000o\000r}{section.9.1}% 122
\BOOKMARK [2][-]{subsection.9.1.2}{\376\377\000W\000h\000a\000t\000\040\000W\000o\000u\000l\000d\000\040\000N\000a\000t\000e\000\040\000S\000i\000l\000v\000e\000r\000\040\000D\000o\000?}{section.9.1}% 123
\BOOKMARK [1][-]{section.9.2}{\376\377\000A\000\040\000T\000a\000x\000o\000n\000o\000m\000y\000\040\000o\000f\000\040\000M\000o\000d\000e\000l\000s}{chapter.9}% 124
\BOOKMARK [2][-]{subsection.9.2.1}{\376\377\000L\000i\000n\000e\000a\000r\000\040\000v\000s\000.\000\040\000N\000o\000n\000-\000L\000i\000n\000e\000a\000r\000\040\000M\000o\000d\000e\000l\000s}{section.9.2}% 125
\BOOKMARK [2][-]{subsection.9.2.2}{\376\377\000B\000l\000a\000c\000k\000b\000o\000x\000\040\000v\000s\000.\000\040\000D\000e\000s\000c\000r\000i\000p\000t\000i\000v\000e\000\040\000M\000o\000d\000e\000l\000s}{section.9.2}% 126
\BOOKMARK [2][-]{subsection.9.2.3}{\376\377\000F\000i\000r\000s\000t\000-\000P\000r\000i\000n\000c\000i\000p\000l\000e\000\040\000v\000s\000.\000\040\000D\000a\000t\000a\000-\000D\000r\000i\000v\000e\000n\000\040\000M\000o\000d\000e\000l\000s}{section.9.2}% 127
\BOOKMARK [2][-]{subsection.9.2.4}{\376\377\000S\000t\000o\000c\000h\000a\000s\000t\000i\000c\000\040\000v\000s\000.\000\040\000D\000e\000t\000e\000r\000m\000i\000n\000i\000s\000t\000i\000c\000\040\000M\000o\000d\000e\000l\000s}{section.9.2}% 128
\BOOKMARK [2][-]{subsection.9.2.5}{\376\377\000F\000l\000a\000t\000\040\000v\000s\000.\000\040\000H\000i\000e\000r\000a\000r\000c\000h\000i\000c\000a\000l\000\040\000M\000o\000d\000e\000l\000s}{section.9.2}% 129
\BOOKMARK [1][-]{section.9.3}{\376\377\000B\000a\000s\000e\000l\000i\000n\000e\000\040\000M\000o\000d\000e\000l\000s}{chapter.9}% 130
\BOOKMARK [2][-]{subsection.9.3.1}{\376\377\000B\000a\000s\000e\000l\000i\000n\000e\000\040\000M\000o\000d\000e\000l\000s\000\040\000f\000o\000r\000\040\000V\000a\000l\000u\000e\000\040\000P\000r\000e\000d\000i\000c\000t\000i\000o\000n}{section.9.3}% 131
\BOOKMARK [1][-]{section.9.4}{\376\377\000E\000v\000a\000l\000u\000a\000t\000i\000n\000g\000\040\000M\000o\000d\000e\000l\000s}{chapter.9}% 132
\BOOKMARK [2][-]{subsection.9.4.1}{\376\377\000R\000e\000c\000e\000i\000v\000e\000r\000-\000O\000p\000e\000r\000a\000t\000o\000r\000\040\000C\000h\000a\000r\000a\000c\000t\000e\000r\000i\000s\000t\000i\000c\000\040\000\050\000R\000O\000C\000\051\000\040\000C\000u\000r\000v\000e\000s}{section.9.4}% 133
\BOOKMARK [2][-]{subsection.9.4.2}{\376\377\000E\000v\000a\000l\000u\000a\000t\000i\000n\000g\000\040\000M\000u\000l\000t\000i\000c\000l\000a\000s\000s\000\040\000S\000y\000s\000t\000e\000m\000s}{section.9.4}% 134
\BOOKMARK [2][-]{subsection.9.4.3}{\376\377\000E\000v\000a\000l\000u\000a\000t\000i\000n\000g\000\040\000V\000a\000l\000u\000e\000\040\000P\000r\000e\000d\000i\000c\000t\000i\000o\000n\000\040\000M\000o\000d\000e\000l\000s}{section.9.4}% 135
\BOOKMARK [1][-]{section.9.5}{\376\377\000E\000v\000a\000l\000u\000a\000t\000i\000o\000n\000\040\000E\000n\000v\000i\000r\000o\000n\000m\000e\000n\000t\000s}{chapter.9}% 136
\BOOKMARK [2][-]{subsection.9.5.1}{\376\377\000D\000a\000t\000a\000\040\000H\000y\000g\000i\000e\000n\000e\000\040\000f\000o\000r\000\040\000E\000v\000a\000l\000u\000a\000t\000i\000o\000n}{section.9.5}% 137
\BOOKMARK [2][-]{subsection.9.5.2}{\376\377\000A\000m\000p\000l\000i\000f\000y\000i\000n\000g\000\040\000S\000m\000a\000l\000l\000\040\000E\000v\000a\000l\000u\000a\000t\000i\000o\000n\000\040\000S\000e\000t\000s}{section.9.5}% 138
\BOOKMARK [1][-]{section.9.6}{\376\377\000S\000i\000m\000u\000l\000a\000t\000i\000o\000n\000\040\000M\000o\000d\000e\000l\000s}{chapter.9}% 139
\BOOKMARK [1][-]{section.9.7}{\376\377\000W\000a\000r\000\040\000S\000t\000o\000r\000y\000:\000\040\000C\000a\000l\000c\000u\000l\000a\000t\000e\000d\000\040\000B\000e\000t\000s}{chapter.9}% 140
\BOOKMARK [1][-]{section.9.8}{\376\377\000E\000x\000e\000r\000c\000i\000s\000e\000s}{chapter.9}% 141
\BOOKMARK [0][-]{chapter.10}{\376\377\000L\000i\000n\000e\000a\000r\000\040\000A\000l\000g\000e\000b\000r\000a}{}% 142
\BOOKMARK [1][-]{section.10.1}{\376\377\000T\000h\000e\000\040\000P\000o\000w\000e\000r\000\040\000o\000f\000\040\000L\000i\000n\000e\000a\000r\000\040\000A\000l\000g\000e\000b\000r\000a}{chapter.10}% 143
\BOOKMARK [2][-]{subsection.10.1.1}{\376\377\000I\000n\000t\000e\000r\000p\000r\000e\000t\000i\000n\000g\000\040\000L\000i\000n\000e\000a\000r\000\040\000A\000l\000g\000e\000b\000r\000a\000i\000c\000\040\000F\000o\000r\000m\000u\000l\000a\000e}{section.10.1}% 144
\BOOKMARK [2][-]{subsection.10.1.2}{\376\377\000G\000e\000o\000m\000e\000t\000r\000y\000\040\000a\000n\000d\000\040\000V\000e\000c\000t\000o\000r\000s}{section.10.1}% 145
\BOOKMARK [1][-]{section.10.2}{\376\377\000V\000i\000s\000u\000a\000l\000i\000z\000i\000n\000g\000\040\000M\000a\000t\000r\000i\000x\000\040\000O\000p\000e\000r\000a\000t\000i\000o\000n\000s}{chapter.10}% 146
\BOOKMARK [2][-]{subsection.10.2.1}{\376\377\000M\000a\000t\000r\000i\000x\000\040\000A\000d\000d\000i\000t\000i\000o\000n}{section.10.2}% 147
\BOOKMARK [2][-]{subsection.10.2.2}{\376\377\000M\000a\000t\000r\000i\000x\000\040\000M\000u\000l\000t\000i\000p\000l\000i\000c\000a\000t\000i\000o\000n}{section.10.2}% 148
\BOOKMARK [2][-]{subsection.10.2.3}{\376\377\000A\000p\000p\000l\000i\000c\000a\000t\000i\000o\000n\000s\000\040\000o\000f\000\040\000M\000a\000t\000r\000i\000x\000\040\000M\000u\000l\000t\000i\000p\000l\000i\000c\000a\000t\000i\000o\000n}{section.10.2}% 149
\BOOKMARK [2][-]{subsection.10.2.4}{\376\377\000I\000d\000e\000n\000t\000i\000t\000y\000\040\000M\000a\000t\000r\000i\000c\000e\000s\000\040\000a\000n\000d\000\040\000I\000n\000v\000e\000r\000s\000i\000o\000n}{section.10.2}% 150
\BOOKMARK [2][-]{subsection.10.2.5}{\376\377\000M\000a\000t\000r\000i\000x\000\040\000I\000n\000v\000e\000r\000s\000i\000o\000n\000\040\000a\000n\000d\000\040\000L\000i\000n\000e\000a\000r\000\040\000S\000y\000s\000t\000e\000m\000s}{section.10.2}% 151
\BOOKMARK [2][-]{subsection.10.2.6}{\376\377\000M\000a\000t\000r\000i\000x\000\040\000R\000a\000n\000k}{section.10.2}% 152
\BOOKMARK [1][-]{section.10.3}{\376\377\000F\000a\000c\000t\000o\000r\000i\000n\000g\000\040\000M\000a\000t\000r\000i\000c\000e\000s}{chapter.10}% 153
\BOOKMARK [2][-]{subsection.10.3.1}{\376\377\000W\000h\000y\000\040\000F\000a\000c\000t\000o\000r\000\040\000F\000e\000a\000t\000u\000r\000e\000\040\000M\000a\000t\000r\000i\000c\000e\000s\000?}{section.10.3}% 154
\BOOKMARK [2][-]{subsection.10.3.2}{\376\377\000L\000U\000\040\000D\000e\000c\000o\000m\000p\000o\000s\000i\000t\000i\000o\000n\000\040\000a\000n\000d\000\040\000D\000e\000t\000e\000r\000m\000i\000n\000a\000n\000t\000s}{section.10.3}% 155
\BOOKMARK [1][-]{section.10.4}{\376\377\000E\000i\000g\000e\000n\000v\000a\000l\000u\000e\000s\000\040\000a\000n\000d\000\040\000E\000i\000g\000e\000n\000v\000e\000c\000t\000o\000r\000s}{chapter.10}% 156
\BOOKMARK [2][-]{subsection.10.4.1}{\376\377\000P\000r\000o\000p\000e\000r\000t\000i\000e\000s\000\040\000o\000f\000\040\000E\000i\000g\000e\000n\000v\000a\000l\000u\000e\000s}{section.10.4}% 157
\BOOKMARK [2][-]{subsection.10.4.2}{\376\377\000C\000o\000m\000p\000u\000t\000i\000n\000g\000\040\000E\000i\000g\000e\000n\000v\000a\000l\000u\000e\000s}{section.10.4}% 158
\BOOKMARK [1][-]{section.10.5}{\376\377\000E\000i\000g\000e\000n\000v\000a\000l\000u\000e\000\040\000D\000e\000c\000o\000m\000p\000o\000s\000i\000t\000i\000o\000n}{chapter.10}% 159
\BOOKMARK [2][-]{subsection.10.5.1}{\376\377\000S\000i\000n\000g\000u\000l\000a\000r\000\040\000V\000a\000l\000u\000e\000\040\000D\000e\000c\000o\000m\000p\000o\000s\000i\000t\000i\000o\000n}{section.10.5}% 160
\BOOKMARK [2][-]{subsection.10.5.2}{\376\377\000P\000r\000i\000n\000c\000i\000p\000a\000l\000\040\000C\000o\000m\000p\000o\000n\000e\000n\000t\000s\000\040\000A\000n\000a\000l\000y\000s\000i\000s}{section.10.5}% 161
\BOOKMARK [1][-]{section.10.6}{\376\377\000W\000a\000r\000\040\000S\000t\000o\000r\000y\000:\000\040\000T\000h\000e\000\040\000H\000u\000m\000a\000n\000\040\000F\000a\000c\000t\000o\000r\000s}{chapter.10}% 162
\BOOKMARK [1][-]{section.10.7}{\376\377\000E\000x\000e\000r\000c\000i\000s\000e\000s}{chapter.10}% 163
\BOOKMARK [0][-]{chapter.11}{\376\377\000L\000i\000n\000e\000a\000r\000\040\000a\000n\000d\000\040\000L\000o\000g\000i\000s\000t\000i\000c\000\040\000R\000e\000g\000r\000e\000s\000s\000i\000o\000n}{}% 164
\BOOKMARK [1][-]{section.11.1}{\376\377\000L\000i\000n\000e\000a\000r\000\040\000R\000e\000g\000r\000e\000s\000s\000i\000o\000n}{chapter.11}% 165
\BOOKMARK [2][-]{subsection.11.1.1}{\376\377\000L\000i\000n\000e\000a\000r\000\040\000R\000e\000g\000r\000e\000s\000s\000i\000o\000n\000\040\000a\000n\000d\000\040\000D\000u\000a\000l\000i\000t\000y}{section.11.1}% 166
\BOOKMARK [2][-]{subsection.11.1.2}{\376\377\000E\000r\000r\000o\000r\000\040\000i\000n\000\040\000L\000i\000n\000e\000a\000r\000\040\000R\000e\000g\000r\000e\000s\000s\000i\000o\000n}{section.11.1}% 167
\BOOKMARK [2][-]{subsection.11.1.3}{\376\377\000F\000i\000n\000d\000i\000n\000g\000\040\000t\000h\000e\000\040\000O\000p\000t\000i\000m\000a\000l\000\040\000F\000i\000t}{section.11.1}% 168
\BOOKMARK [1][-]{section.11.2}{\376\377\000B\000e\000t\000t\000e\000r\000\040\000R\000e\000g\000r\000e\000s\000s\000i\000o\000n\000\040\000M\000o\000d\000e\000l\000s}{chapter.11}% 169
\BOOKMARK [2][-]{subsection.11.2.1}{\376\377\000R\000e\000m\000o\000v\000i\000n\000g\000\040\000O\000u\000t\000l\000i\000e\000r\000s}{section.11.2}% 170
\BOOKMARK [2][-]{subsection.11.2.2}{\376\377\000F\000i\000t\000t\000i\000n\000g\000\040\000N\000o\000n\000-\000L\000i\000n\000e\000a\000r\000\040\000F\000u\000n\000c\000t\000i\000o\000n\000s}{section.11.2}% 171
\BOOKMARK [2][-]{subsection.11.2.3}{\376\377\000F\000e\000a\000t\000u\000r\000e\000\040\000a\000n\000d\000\040\000T\000a\000r\000g\000e\000t\000\040\000S\000c\000a\000l\000i\000n\000g}{section.11.2}% 172
\BOOKMARK [2][-]{subsection.11.2.4}{\376\377\000D\000e\000a\000l\000i\000n\000g\000\040\000w\000i\000t\000h\000\040\000H\000i\000g\000h\000l\000y\000-\000C\000o\000r\000r\000e\000l\000a\000t\000e\000d\000\040\000F\000e\000a\000t\000u\000r\000e\000s}{section.11.2}% 173
\BOOKMARK [1][-]{section.11.3}{\376\377\000W\000a\000r\000\040\000S\000t\000o\000r\000y\000:\000\040\000T\000a\000x\000i\000\040\000D\000e\000r\000i\000v\000e\000r}{chapter.11}% 174
\BOOKMARK [1][-]{section.11.4}{\376\377\000R\000e\000g\000r\000e\000s\000s\000i\000o\000n\000\040\000a\000s\000\040\000P\000a\000r\000a\000m\000e\000t\000e\000r\000\040\000F\000i\000t\000t\000i\000n\000g}{chapter.11}% 175
\BOOKMARK [2][-]{subsection.11.4.1}{\376\377\000C\000o\000n\000v\000e\000x\000\040\000P\000a\000r\000a\000m\000e\000t\000e\000r\000\040\000S\000p\000a\000c\000e\000s}{section.11.4}% 176
\BOOKMARK [2][-]{subsection.11.4.2}{\376\377\000G\000r\000a\000d\000i\000e\000n\000t\000\040\000D\000e\000s\000c\000e\000n\000t\000\040\000S\000e\000a\000r\000c\000h}{section.11.4}% 177
\BOOKMARK [2][-]{subsection.11.4.3}{\376\377\000W\000h\000a\000t\000\040\000i\000s\000\040\000t\000h\000e\000\040\000R\000i\000g\000h\000t\000\040\000L\000e\000a\000r\000n\000i\000n\000g\000\040\000R\000a\000t\000e\000?}{section.11.4}% 178
\BOOKMARK [2][-]{subsection.11.4.4}{\376\377\000S\000t\000o\000c\000h\000a\000s\000t\000i\000c\000\040\000G\000r\000a\000d\000i\000e\000n\000t\000\040\000D\000e\000s\000c\000e\000n\000t}{section.11.4}% 179
\BOOKMARK [1][-]{section.11.5}{\376\377\000S\000i\000m\000p\000l\000i\000f\000y\000i\000n\000g\000\040\000M\000o\000d\000e\000l\000s\000\040\000t\000h\000r\000o\000u\000g\000h\000\040\000R\000e\000g\000u\000l\000a\000r\000i\000z\000a\000t\000i\000o\000n}{chapter.11}% 180
\BOOKMARK [2][-]{subsection.11.5.1}{\376\377\000R\000i\000d\000g\000e\000\040\000R\000e\000g\000r\000e\000s\000s\000i\000o\000n}{section.11.5}% 181
\BOOKMARK [2][-]{subsection.11.5.2}{\376\377\000L\000A\000S\000S\000O\000\040\000R\000e\000g\000r\000e\000s\000s\000i\000o\000n}{section.11.5}% 182
\BOOKMARK [2][-]{subsection.11.5.3}{\376\377\000D\000e\000c\000i\000s\000i\000o\000n\000\040\000B\000o\000u\000n\000d\000a\000r\000i\000e\000s}{section.11.5}% 183
\BOOKMARK [2][-]{subsection.11.5.4}{\376\377\000L\000o\000g\000i\000s\000t\000i\000c\000\040\000R\000e\000g\000r\000e\000s\000s\000i\000o\000n}{section.11.5}% 184
\BOOKMARK [2][-]{subsection.11.5.5}{\376\377\000B\000a\000l\000a\000n\000c\000e\000d\000\040\000T\000r\000a\000i\000n\000i\000n\000g\000\040\000C\000l\000a\000s\000s\000e\000s}{section.11.5}% 185
\BOOKMARK [2][-]{subsection.11.5.6}{\376\377\000P\000a\000r\000t\000i\000t\000i\000o\000n\000\040\000F\000u\000n\000c\000t\000i\000o\000n\000s\000\040\000a\000n\000d\000\040\000M\000u\000l\000t\000i\000n\000o\000m\000i\000a\000l\000\040\000R\000e\000g\000r\000e\000s\000s\000i\000o\000n}{section.11.5}% 186
\BOOKMARK [1][-]{section.11.6}{\376\377\000E\000x\000e\000r\000c\000i\000s\000e\000s}{chapter.11}% 187
\BOOKMARK [0][-]{chapter.12}{\376\377\000D\000i\000s\000t\000a\000n\000c\000e\000\040\000a\000n\000d\000\040\000N\000e\000t\000w\000o\000r\000k\000\040\000M\000e\000t\000h\000o\000d\000s}{}% 188
\BOOKMARK [1][-]{section.12.1}{\376\377\000M\000e\000a\000s\000u\000r\000i\000n\000g\000\040\000D\000i\000s\000t\000a\000n\000c\000e\000s}{chapter.12}% 189
\BOOKMARK [2][-]{subsection.12.1.1}{\376\377\000D\000i\000s\000t\000a\000n\000c\000e\000\040\000M\000e\000t\000r\000i\000c\000s}{section.12.1}% 190
\BOOKMARK [2][-]{subsection.12.1.2}{\376\377\000W\000o\000r\000k\000i\000n\000g\000\040\000i\000n\000\040\000H\000i\000g\000h\000e\000r\000\040\000D\000i\000m\000e\000n\000s\000i\000o\000n\000s}{section.12.1}% 191
\BOOKMARK [2][-]{subsection.12.1.3}{\376\377\000D\000i\000m\000e\000n\000s\000i\000o\000n\000a\000l\000\040\000E\000g\000a\000l\000i\000t\000a\000r\000i\000a\000n\000i\000s\000m}{section.12.1}% 192
\BOOKMARK [2][-]{subsection.12.1.4}{\376\377\000P\000o\000i\000n\000t\000s\000\040\000v\000s\000.\000\040\000V\000e\000c\000t\000o\000r\000s}{section.12.1}% 193
\BOOKMARK [2][-]{subsection.12.1.5}{\376\377\000D\000i\000s\000t\000a\000n\000c\000e\000s\000\040\000b\000e\000t\000w\000e\000e\000n\000\040\000P\000r\000o\000b\000a\000b\000i\000l\000i\000t\000y\000\040\000D\000i\000s\000t\000r\000i\000b\000u\000t\000i\000o\000n\000s}{section.12.1}% 194
\BOOKMARK [2][-]{subsection.12.1.6}{\376\377\000S\000e\000e\000k\000i\000n\000g\000\040\000G\000o\000o\000d\000\040\000A\000n\000a\000l\000o\000g\000i\000e\000s}{section.12.1}% 195
\BOOKMARK [2][-]{subsection.12.1.7}{\376\377\000F\000i\000n\000d\000i\000n\000g\000\040\000N\000e\000a\000r\000e\000s\000t\000\040\000N\000e\000i\000g\000h\000b\000o\000r\000s}{section.12.1}% 196
\BOOKMARK [2][-]{subsection.12.1.8}{\376\377\000L\000o\000c\000a\000l\000i\000t\000y\000\040\000S\000e\000n\000s\000i\000t\000i\000v\000e\000\040\000H\000a\000s\000h\000i\000n\000g}{section.12.1}% 197
\BOOKMARK [1][-]{section.12.2}{\376\377\000G\000r\000a\000p\000h\000s\000,\000\040\000N\000e\000t\000w\000o\000r\000k\000s\000,\000\040\000a\000n\000d\000\040\000D\000i\000s\000t\000a\000n\000c\000e\000s}{chapter.12}% 198
\BOOKMARK [2][-]{subsection.12.2.1}{\376\377\000W\000e\000i\000g\000h\000t\000e\000d\000\040\000G\000r\000a\000p\000h\000s\000\040\000a\000n\000d\000\040\000I\000n\000d\000u\000c\000e\000d\000\040\000N\000e\000t\000w\000o\000r\000k\000s}{section.12.2}% 199
\BOOKMARK [2][-]{subsection.12.2.2}{\376\377\000T\000a\000l\000k\000i\000n\000g\000\040\000A\000b\000o\000u\000t\000\040\000G\000r\000a\000p\000h\000s}{section.12.2}% 200
\BOOKMARK [2][-]{subsection.12.2.3}{\376\377\000G\000r\000a\000p\000h\000\040\000T\000h\000e\000o\000r\000y}{section.12.2}% 201
\BOOKMARK [1][-]{section.12.3}{\376\377\000P\000a\000g\000e\000R\000a\000n\000k}{chapter.12}% 202
\BOOKMARK [1][-]{section.12.4}{\376\377\000C\000l\000u\000s\000t\000e\000r\000i\000n\000g}{chapter.12}% 203
\BOOKMARK [2][-]{subsection.12.4.1}{\376\377\000A\000g\000g\000l\000o\000m\000e\000r\000a\000t\000i\000v\000e\000\040\000C\000l\000u\000s\000t\000e\000r\000i\000n\000g}{section.12.4}% 204
\BOOKMARK [2][-]{subsection.12.4.2}{\376\377\000C\000o\000m\000p\000a\000r\000i\000n\000g\000\040\000C\000l\000u\000s\000t\000e\000r\000i\000n\000g\000s}{section.12.4}% 205
\BOOKMARK [2][-]{subsection.12.4.3}{\376\377\000S\000i\000m\000i\000l\000a\000r\000i\000t\000y\000\040\000G\000r\000a\000p\000h\000s\000\040\000a\000n\000d\000\040\000C\000u\000t\000-\000B\000a\000s\000e\000d\000\040\000C\000l\000u\000s\000t\000e\000r\000i\000n\000g}{section.12.4}% 206
\BOOKMARK [1][-]{section.12.5}{\376\377\000W\000a\000r\000\040\000S\000t\000o\000r\000y\000:\000\040\000C\000l\000u\000s\000t\000e\000r\000\040\000B\000o\000m\000b\000i\000n\000g}{chapter.12}% 207
\BOOKMARK [1][-]{section.12.6}{\376\377\000E\000x\000e\000r\000c\000i\000s\000e\000s}{chapter.12}% 208
\BOOKMARK [0][-]{chapter.13}{\376\377\000M\000a\000c\000h\000i\000n\000e\000\040\000L\000e\000a\000r\000n\000i\000n\000g}{}% 209
\BOOKMARK [1][-]{section.13.1}{\376\377\000N\000a\000i\000v\000e\000\040\000B\000a\000y\000e\000s}{chapter.13}% 210
\BOOKMARK [2][-]{subsection.13.1.1}{\376\377\000F\000o\000r\000m\000u\000l\000a\000t\000i\000o\000n}{section.13.1}% 211
\BOOKMARK [2][-]{subsection.13.1.2}{\376\377\000D\000e\000a\000l\000i\000n\000g\000\040\000w\000i\000t\000h\000\040\000Z\000e\000r\000o\000\040\000C\000o\000u\000n\000t\000s\000\040\000\050\000D\000i\000s\000c\000o\000u\000n\000t\000i\000n\000g\000\051}{section.13.1}% 212
\BOOKMARK [2][-]{subsection.13.1.3}{\376\377\000C\000o\000n\000s\000t\000r\000u\000c\000t\000i\000n\000g\000\040\000D\000e\000c\000i\000s\000i\000o\000n\000\040\000T\000r\000e\000e\000s}{section.13.1}% 213
\BOOKMARK [2][-]{subsection.13.1.4}{\376\377\000R\000e\000a\000l\000i\000z\000i\000n\000g\000\040\000E\000x\000c\000l\000u\000s\000i\000v\000e\000\040\000O\000r}{section.13.1}% 214
\BOOKMARK [2][-]{subsection.13.1.5}{\376\377\000E\000n\000s\000e\000m\000b\000l\000e\000s\000\040\000o\000f\000\040\000D\000e\000c\000i\000s\000i\000o\000n\000\040\000T\000r\000e\000e\000s}{section.13.1}% 215
\BOOKMARK [1][-]{section.13.2}{\376\377\000B\000o\000o\000s\000t\000i\000n\000g\000\040\000a\000n\000d\000\040\000E\000n\000s\000e\000m\000b\000l\000e\000\040\000L\000e\000a\000r\000n\000i\000n\000g}{chapter.13}% 216
\BOOKMARK [2][-]{subsection.13.2.1}{\376\377\000B\000o\000o\000s\000t\000i\000n\000g\000\040\000A\000l\000g\000o\000r\000i\000t\000h\000m\000s}{section.13.2}% 217
\BOOKMARK [1][-]{section.13.3}{\376\377\000S\000u\000p\000p\000o\000r\000t\000\040\000V\000e\000c\000t\000o\000r\000\040\000M\000a\000c\000h\000i\000n\000e\000s}{chapter.13}% 218
\BOOKMARK [2][-]{subsection.13.3.1}{\376\377\000L\000i\000n\000e\000a\000r\000\040\000S\000V\000M\000s}{section.13.3}% 219
\BOOKMARK [2][-]{subsection.13.3.2}{\376\377\000N\000o\000n\000-\000l\000i\000n\000e\000a\000r\000\040\000S\000V\000M\000s}{section.13.3}% 220
\BOOKMARK [2][-]{subsection.13.3.3}{\376\377\000K\000e\000r\000n\000e\000l\000s}{section.13.3}% 221
\BOOKMARK [1][-]{section.13.4}{\376\377\000D\000e\000g\000r\000e\000e\000s\000\040\000o\000f\000\040\000S\000u\000p\000e\000r\000v\000i\000s\000i\000o\000n}{chapter.13}% 222
\BOOKMARK [2][-]{subsection.13.4.1}{\376\377\000S\000u\000p\000e\000r\000v\000i\000s\000e\000d\000\040\000L\000e\000a\000r\000n\000i\000n\000g}{section.13.4}% 223
\BOOKMARK [2][-]{subsection.13.4.2}{\376\377\000U\000n\000s\000u\000p\000e\000r\000v\000i\000s\000e\000d\000\040\000L\000e\000a\000r\000n\000i\000n\000g}{section.13.4}% 224
\BOOKMARK [2][-]{subsection.13.4.3}{\376\377\000S\000e\000m\000i\000-\000s\000u\000p\000e\000r\000v\000i\000s\000e\000d\000\040\000L\000e\000a\000r\000n\000i\000n\000g}{section.13.4}% 225
\BOOKMARK [2][-]{subsection.13.4.4}{\376\377\000F\000e\000a\000t\000u\000r\000e\000\040\000E\000n\000g\000i\000n\000e\000e\000r\000i\000n\000g}{section.13.4}% 226
\BOOKMARK [1][-]{section.13.5}{\376\377\000D\000e\000e\000p\000\040\000L\000e\000a\000r\000n\000i\000n\000g}{chapter.13}% 227
\BOOKMARK [2][-]{subsection.13.5.1}{\376\377\000N\000e\000t\000w\000o\000r\000k\000s\000\040\000a\000n\000d\000\040\000D\000e\000p\000t\000h}{section.13.5}% 228
\BOOKMARK [2][-]{subsection.13.5.2}{\376\377\000B\000a\000c\000k\000p\000r\000o\000p\000a\000g\000a\000t\000i\000o\000n}{section.13.5}% 229
\BOOKMARK [2][-]{subsection.13.5.3}{\376\377\000W\000o\000r\000d\000\040\000a\000n\000d\000\040\000G\000r\000a\000p\000h\000\040\000E\000m\000b\000e\000d\000d\000i\000n\000g\000s}{section.13.5}% 230
\BOOKMARK [1][-]{section.13.6}{\376\377\000W\000a\000r\000\040\000S\000t\000o\000r\000y\000:\000\040\000T\000h\000e\000\040\000N\000a\000m\000e\000\040\000G\000a\000m\000e}{chapter.13}% 231
\BOOKMARK [1][-]{section.13.7}{\376\377\000E\000x\000e\000r\000c\000i\000s\000e\000s}{chapter.13}% 232
\BOOKMARK [0][-]{chapter.14}{\376\377\000B\000i\000g\000\040\000D\000a\000t\000a\000:\000\040\000A\000c\000h\000i\000e\000v\000i\000n\000g\000\040\000S\000c\000a\000l\000e}{}% 233
\BOOKMARK [1][-]{section.14.1}{\376\377\000W\000h\000a\000t\000\040\000i\000s\000\040\000B\000i\000g\000\040\000D\000a\000t\000a\000?}{chapter.14}% 234
\BOOKMARK [2][-]{subsection.14.1.1}{\376\377\000B\000i\000g\000\040\000D\000a\000t\000a\000\040\000a\000s\000\040\000B\000a\000d\000\040\000D\000a\000t\000a}{section.14.1}% 235
\BOOKMARK [2][-]{subsection.14.1.2}{\376\377\000T\000h\000e\000\040\000T\000h\000r\000e\000e\000\040\000V\000s}{section.14.1}% 236
\BOOKMARK [1][-]{section.14.2}{\376\377\000W\000a\000r\000\040\000S\000t\000o\000r\000y\000:\000\040\000I\000n\000f\000r\000a\000s\000t\000r\000u\000c\000t\000u\000r\000e\000\040\000M\000a\000t\000t\000e\000r\000s}{chapter.14}% 237
\BOOKMARK [1][-]{section.14.3}{\376\377\000A\000l\000g\000o\000r\000i\000t\000h\000m\000i\000c\000s\000\040\000f\000o\000r\000\040\000B\000i\000g\000\040\000D\000a\000t\000a}{chapter.14}% 238
\BOOKMARK [2][-]{subsection.14.3.1}{\376\377\000B\000i\000g\000\040\000O\000h\000\040\000A\000n\000a\000l\000y\000s\000i\000s}{section.14.3}% 239
\BOOKMARK [2][-]{subsection.14.3.2}{\376\377\000H\000a\000s\000h\000i\000n\000g}{section.14.3}% 240
\BOOKMARK [2][-]{subsection.14.3.3}{\376\377\000E\000x\000p\000l\000o\000i\000t\000i\000n\000g\000\040\000t\000h\000e\000\040\000S\000t\000o\000r\000a\000g\000e\000\040\000H\000i\000e\000r\000a\000r\000c\000h\000y}{section.14.3}% 241
\BOOKMARK [2][-]{subsection.14.3.4}{\376\377\000S\000t\000r\000e\000a\000m\000i\000n\000g\000\040\000a\000n\000d\000\040\000S\000i\000n\000g\000l\000e\000-\000P\000a\000s\000s\000\040\000A\000l\000g\000o\000r\000i\000t\000h\000m\000s}{section.14.3}% 242
\BOOKMARK [1][-]{section.14.4}{\376\377\000F\000i\000l\000t\000e\000r\000i\000n\000g\000\040\000a\000n\000d\000\040\000S\000a\000m\000p\000l\000i\000n\000g}{chapter.14}% 243
\BOOKMARK [2][-]{subsection.14.4.1}{\376\377\000D\000e\000t\000e\000r\000m\000i\000n\000i\000s\000t\000i\000c\000\040\000S\000a\000m\000p\000l\000i\000n\000g\000\040\000A\000l\000g\000o\000r\000i\000t\000h\000m\000s}{section.14.4}% 244
\BOOKMARK [2][-]{subsection.14.4.2}{\376\377\000R\000a\000n\000d\000o\000m\000i\000z\000e\000d\000\040\000a\000n\000d\000\040\000S\000t\000r\000e\000a\000m\000\040\000S\000a\000m\000p\000l\000i\000n\000g}{section.14.4}% 245
\BOOKMARK [1][-]{section.14.5}{\376\377\000P\000a\000r\000a\000l\000l\000e\000l\000i\000s\000m}{chapter.14}% 246
\BOOKMARK [2][-]{subsection.14.5.1}{\376\377\000O\000n\000e\000,\000\040\000T\000w\000o\000,\000\040\000M\000a\000n\000y}{section.14.5}% 247
\BOOKMARK [2][-]{subsection.14.5.2}{\376\377\000D\000a\000t\000a\000\040\000P\000a\000r\000a\000l\000l\000e\000l\000i\000s\000m}{section.14.5}% 248
\BOOKMARK [2][-]{subsection.14.5.3}{\376\377\000G\000r\000i\000d\000\040\000S\000e\000a\000r\000c\000h}{section.14.5}% 249
\BOOKMARK [2][-]{subsection.14.5.4}{\376\377\000C\000l\000o\000u\000d\000\040\000C\000o\000m\000p\000u\000t\000i\000n\000g\000\040\000S\000e\000r\000v\000i\000c\000e\000s}{section.14.5}% 250
\BOOKMARK [1][-]{section.14.6}{\376\377\000M\000a\000p\000R\000e\000d\000u\000c\000e}{chapter.14}% 251
\BOOKMARK [2][-]{subsection.14.6.1}{\376\377\000M\000a\000p\000-\000R\000e\000d\000u\000c\000e\000\040\000P\000r\000o\000g\000r\000a\000m\000m\000i\000n\000g}{section.14.6}% 252
\BOOKMARK [2][-]{subsection.14.6.2}{\376\377\000M\000a\000p\000R\000e\000d\000u\000c\000e\000\040\000u\000n\000d\000e\000r\000\040\000t\000h\000e\000\040\000H\000o\000o\000d}{section.14.6}% 253
\BOOKMARK [1][-]{section.14.7}{\376\377\000S\000o\000c\000i\000e\000t\000a\000l\000\040\000a\000n\000d\000\040\000E\000t\000h\000i\000c\000a\000l\000\040\000I\000m\000p\000l\000i\000c\000a\000t\000i\000o\000n\000s}{chapter.14}% 254
\BOOKMARK [1][-]{section.14.8}{\376\377\000E\000x\000e\000r\000c\000i\000s\000e\000s}{chapter.14}% 255
\BOOKMARK [0][-]{chapter.15}{\376\377\000C\000o\000d\000a}{}% 256
\BOOKMARK [1][-]{section.15.1}{\376\377\000G\000e\000t\000\040\000a\000\040\000J\000o\000b\000!}{chapter.15}% 257
\BOOKMARK [1][-]{section.15.2}{\376\377\000G\000o\000\040\000t\000o\000\040\000G\000r\000a\000d\000u\000a\000t\000e\000\040\000S\000c\000h\000o\000o\000l\000!}{chapter.15}% 258
\BOOKMARK [1][-]{section.15.3}{\376\377\000P\000r\000o\000f\000e\000s\000s\000i\000o\000n\000a\000l\000\040\000C\000o\000n\000s\000u\000l\000t\000i\000n\000g\000\040\000S\000e\000r\000v\000i\000c\000e\000s}{chapter.15}% 259
\BOOKMARK [0][-]{chapter.16}{\376\377\000B\000i\000b\000l\000i\000o\000g\000r\000a\000p\000h\000y}{}% 260
\BOOKMARK [0][-]{chapter.17}{\376\377\000I\000n\000d\000e\000x}{}% 261
