\BOOKMARK [1][-]{section.0.1}{\376\377\000t\000o\000\040\000A\000s\000s\000e\000m\000b\000l\000y}{}% 1
\BOOKMARK [1][-]{section.0.2}{\376\377\000A\000\040\000C\000o\000n\000c\000i\000s\000e\000\040\000I\000n\000t\000r\000o\000d\000u\000c\000t\000i\000o\000n}{}% 2
\BOOKMARK [1][-]{section.0.3}{\376\377\000A\000d\000v\000i\000s\000o\000r\000y\000\040\000E\000d\000i\000t\000o\000r\000s}{}% 3
\BOOKMARK [1][-]{section.0.4}{\376\377\000G\000u\000i\000d\000e\000\040\000t\000o\000\040\000A\000s\000s\000e\000m\000b\000l\000y\000\040\000L\000a\000n\000g\000u\000a\000g\000e\000\040}{}% 4
\BOOKMARK [1][-]{section.0.5}{\376\377\000P\000u\000r\000p\000o\000s\000e}{}% 5
\BOOKMARK [1][-]{section.0.6}{\376\377\000N\000e\000e\000d}{}% 6
\BOOKMARK [1][-]{section.0.7}{\376\377\000I\000m\000p\000o\000r\000t\000a\000n\000c\000e\000\040\000o\000f\000\040\000A\000s\000s\000e\000m\000b\000l\000y\000\040\000L\000a\000n\000g\000u\000a\000g\000e}{}% 7
\BOOKMARK [1][-]{section.0.8}{\376\377\000C\000o\000m\000p\000a\000r\000i\000s\000o\000n\000\040\000t\000o\000\040\000C\000o\000m\000p\000u\000t\000e\000r\000\040\000O\000r\000g\000a\000n\000i\000z\000a\000t\000i\000o\000n\000\040\000a\000n\000d\000\040\000O\000t\000h\000e\000r\000\040\000A\000s\000s\000e\000m\000b\000l\000y\000\040\000L\000a\000n\000g\000u\000a\000g\000e\000\040\000T\000e\000x\000t\000b\000o\000o\000k\000s}{}% 8
\BOOKMARK [1][-]{section.0.9}{\376\377\000F\000e\000a\000t\000u\000r\000e\000s\000\040\000o\000f\000\040\000T\000h\000i\000s\000\040\000T\000e\000x\000t}{}% 9
\BOOKMARK [1][-]{section.0.10}{\376\377\000F\000e\000a\000t\000u\000r\000e\000s\000\040\000N\000e\000w\000\040\000t\000o\000\040\000t\000h\000e\000\040\000S\000e\000c\000o\000n\000d\000\040\000E\000d\000i\000t\000i\000o\000n}{}% 10
\BOOKMARK [1][-]{section.0.11}{\376\377\000B\000r\000i\000e\000f\000\040\000O\000v\000e\000r\000v\000i\000e\000w\000\040\000o\000f\000\040\000t\000h\000e\000\040\000C\000h\000a\000p\000t\000e\000r\000s\000\040\000a\000n\000d\000\040\000A\000p\000p\000e\000n\000d\000i\000c\000e\000s}{}% 11
\BOOKMARK [1][-]{section.0.12}{\376\377\000S\000c\000o\000p\000e}{}% 12
\BOOKMARK [1][-]{section.0.13}{\376\377\000A\000u\000d\000i\000e\000n\000c\000e}{}% 13
\BOOKMARK [1][-]{section.0.14}{\376\377\000A\000c\000k\000n\000o\000w\000l\000e\000d\000g\000e\000m\000e\000n\000t\000s}{}% 14
\BOOKMARK [1][-]{section.0.15}{\376\377\000F\000e\000e\000d\000b\000a\000c\000k}{}% 15
\BOOKMARK [0][-]{chapter.1}{\376\377\000I\000t\000e\000r\000a\000t\000i\000o\000n\000\040\000S\000t\000r\000u\000c\000t\000u\000r\000e\000s}{}% 16
\BOOKMARK [1][-]{section.1.1}{\376\377\000P\000r\000e\000-\000t\000e\000s\000t\000\040\000L\000o\000o\000p\000\040\000S\000t\000r\000u\000c\000t\000u\000r\000e}{chapter.1}% 17
\BOOKMARK [1][-]{section.1.2}{\376\377\000P\000o\000s\000t\000-\000t\000e\000s\000t\000\040\000L\000o\000o\000p\000\040\000S\000t\000r\000u\000c\000t\000u\000r\000e\000s}{chapter.1}% 18
\BOOKMARK [1][-]{section.1.3}{\376\377\000F\000i\000x\000e\000d\000-\000I\000t\000e\000r\000a\000t\000i\000o\000n\000\040\000L\000o\000o\000p\000\040\000S\000t\000r\000u\000c\000t\000u\000r\000e\000s}{chapter.1}% 19
\BOOKMARK [1][-]{section.1.4}{\376\377\000L\000o\000o\000p\000s\000\040\000a\000n\000d\000\040\000I\000n\000p\000u\000t\000/\000O\000u\000t\000p\000u\000t}{chapter.1}% 20
\BOOKMARK [1][-]{section.1.5}{\376\377\000N\000e\000s\000t\000e\000d\000\040\000L\000o\000o\000p\000s}{chapter.1}% 21
\BOOKMARK [1][-]{section.1.6}{\376\377\000C\000o\000m\000p\000l\000e\000t\000e\000\040\000P\000r\000o\000g\000r\000a\000m\000:\000\040\000I\000m\000p\000l\000e\000m\000e\000n\000t\000i\000n\000g\000\040\000t\000h\000e\000\040\000P\000o\000w\000e\000r\000\040\000F\000u\000n\000c\000t\000i\000o\000n}{chapter.1}% 22
\BOOKMARK [1][-]{section.1.7}{\376\377\000S\000u\000m\000m\000a\000r\000y}{chapter.1}% 23
\BOOKMARK [1][-]{section.1.8}{\376\377\000E\000x\000e\000r\000c\000i\000s\000e\000s\000\040\000\050\000I\000t\000e\000m\000s\000\040\000M\000a\000r\000k\000e\000d\000\040\000w\000i\000t\000h\000\040\000a\000n\000\040\000*\000\040\000H\000a\000v\000e\0