\BOOKMARK [1][-]{section.0.1}{\376\377\000P\000r\000e\000f\000a\000c\000e}{}% 1
\BOOKMARK [0][-]{chapter.1}{\376\377\000T\000o\000\040\000t\000h\000e\000\040\000R\000e\000a\000d\000e\000r}{}% 2
\BOOKMARK [0][-]{chapter.2}{\376\377\000T\000o\000\040\000t\000h\000e\000\040\000I\000n\000s\000t\000r\000u\000c\000t\000o\000r}{}% 3
\BOOKMARK [0][-]{chapter.3}{\376\377\000A\000c\000k\000n\000o\000w\000l\000e\000d\000g\000m\000e\000n\000t\000s}{}% 4
\BOOKMARK [0][-]{chapter.4}{\376\377\000C\000a\000v\000e\000a\000t}{}% 5
\BOOKMARK [1][-]{section.4.1}{\376\377\000C\000o\000n\000t\000e\000n\000t\000s}{chapter.4}% 6
\BOOKMARK [0][-]{chapter.5}{\376\377\000I\000n\000t\000r\000o\000d\000u\000c\000t\000i\000o\000n\000\040\000t\000o\000\040\000A\000l\000g\000o\000r\000i\000t\000h\000m\000\040\000D\000e\000s\000i\000g\000n}{}% 7
\BOOKMARK [1][-]{section.5.1}{\376\377\000R\000o\000b\000o\000t\000\040\000T\000o\000u\000r\000\040\000O\000p\000t\000i\000m\000i\000z\000a\000t\000i\000o\000n}{chapter.5}% 8
\BOOKMARK [1][-]{section.5.2}{\376\377\000S\000e\000l\000e\000c\000t\000i\000n\000g\000\040\000t\000h\000e\000\040\000R\000i\000g\000h\000t\000\040\000J\000o\000b\000s}{chapter.5}% 9
\BOOKMARK [1][-]{section.5.3}{\376\377\000R\000e\000a\000s\000o\000n\000i\000n\000g\000\040\000a\000b\000o\000u\000t\000\040\000C\000o\000r\000r\000e\000c\000t\000n\000e\000s\000s}{chapter.5}% 10
\BOOKMARK [2][-]{subsection.5.3.1}{\376\377\000P\000r\000o\000b\000l\000e\000m\000s\000\040\000a\000n\000d\000\040\000P\000r\000o\000p\000e\000r\000t\000i\000e\000s}{section.5.3}% 11
\BOOKMARK [2][-]{subsection.5.3.2}{\376\377\000E\000x\000p\000r\000e\000s\000s\000i\000n\000g\000\040\000A\000l\000g\000o\000r\000i\000t\000h\000m\000s}{section.5.3}% 12
\BOOKMARK [2][-]{subsection.5.3.3}{\376\377\000D\000e\000m\000o\000n\000s\000t\000r\000a\000t\000i\000n\000g\000\040\000I\000n\000c\000o\000r\000r\000e\000c\000t\000n\000e\000s\000s}{section.5.3}% 13
\BOOKMARK [1][-]{section.5.4}{\376\377\000I\000n\000d\000u\000c\000t\000i\000o\000n\000\040\000a\000n\000d\000\040\000R\000e\000c\000u\000r\000s\000i\000o\000n}{chapter.5}% 14
\BOOKMARK [1][-]{section.5.5}{\376\377\000M\000o\000d\000e\000l\000i\000n\000g\000\040\000t\000h\000e\000\040\000P\000r\000o\000b\000l\000e\000m}{chapter.5}% 15
\BOOKMARK [2][-]{subsection.5.5.1}{\376\377\000C\000o\000m\000b\000i\000n\000a\000t\000o\000r\000i\000a\000l\000\040\000O\000b\000j\000e\000c\000t\000s}{section.5.5}% 16
\BOOKMARK [2][-]{subsection.5.5.2}{\376\377\000R\000e\000c\000u\000r\000s\000i\000v\000e\000\040\000O\000b\000j\000e\000c\000t\000s}{section.5.5}% 17
\BOOKMARK [1][-]{section.5.6}{\376\377\000P\000r\000o\000o\000f\000\040\000b\000y\000\040\000C\000o\000n\000t\000r\000a\000d\000i\000c\000t\000i\000o\000n}{chapter.5}% 18
\BOOKMARK [1][-]{section.5.7}{\376\377\000A\000b\000o\000u\000t\000\040\000t\000h\000e\000\040\000W\000a\000r\000\040\000S\000t\000o\000r\000i\000e\000s}{chapter.5}% 19
\BOOKMARK [1][-]{section.5.8}{\376\377\000W\000a\000r\000\040\000S\000t\000o\000r\000y\000:\000\040\000P\000s\000y\000c\000h\000i\000c\000\040\000M\000o\000d\000e\000l\000i\000n\000g}{chapter.5}% 20
\BOOKMARK [1][-]{section.5.9}{\376\377\000E\000s\000t\000i\000m\000a\000t\000i\000o\000n}{chapter.5}% 21
\BOOKMARK [1][-]{section.5.10}{\376\377\000E\000x\000e\000r\000c\000i\000s\000e\000s}{chapter.5}% 22
\BOOKMARK [0][-]{chapter.6}{\376\377\000A\000l\000g\000o\000r\000i\000t\000h\000m\000\040\000A\000n\000a\000l\000y\000s\000i\000s}{}% 23
\BOOKMARK [1][-]{section.6.1}{\376\377\000T\000h\000e\000\040\000R\000A\000M\000\040\000M\000o\000d\000e\000l\000\040\000o\000f\000\040\000C\000o\000m\000p\000u\000t\000a\000t\000i\000o\000n}{chapter.6}% 24
\BOOKMARK [2][-]{subsection.6.1.1}{\376\377\000B\000e\000s\000t\000-\000C\000a\000s\000e\000,\000\040\000W\000o\000r\000s\000t\000-\000C\000a\000s\000e\000,\000\040\000a\000n\000d\000\040\000A\000v\000e\000r\000a\000g\000e\000-\000C\000a\000s\000e\000\040\000C\000o\000m\000p\000l\000e\000x\000i\000t\000y}{section.6.1}% 25
\BOOKMARK [1][-]{section.6.2}{\376\377\000T\000h\000e\000\040\000B\000i\000g\000\040\000O\000h\000\040\000N\000o\000t\000a\000t\000i\000o\000n}{chapter.6}% 26
\BOOKMARK [1][-]{section.6.3}{\376\377\000G\000r\000o\000w\000t\000h\000\040\000R\000a\000t\000e\000s\000\040\000a\000n\000d\000\040\000D\000o\000m\000i\000n\000a\000n\000c\000e\000\040\000R\000e\000l\000a\000t\000i\000o\000n\000s}{chapter.6}% 27
\BOOKMARK [2][-]{subsection.6.3.1}{\376\377\000D\000o\000m\000i\000n\000a\000n\000c\000e\000\040\000R\000e\000l\000a\000t\000i\000o\000n\000s}{section.6.3}% 28
\BOOKMARK [1][-]{section.6.4}{\376\377\000W\000o\000r\000k\000i\000n\000g\000\040\000w\000i\000t\000h\000\040\000t\000h\000e\000\040\000B\000i\000g\000\040\000O\000h}{chapter.6}% 29
\BOOKMARK [2][-]{subsection.6.4.1}{\376\377\000A\000d\000d\000i\000n\000g\000\040\000F\000u\000n\000c\000t\000i\000o\000n\000s}{section.6.4}% 30
\BOOKMARK [2][-]{subsection.6.4.2}{\376\377\000M\000u\000l\000t\000i\000p\000l\000y\000i\000n\000g\000\040\000F\000u\000n\000c\000t\000i\000o\000n\000s}{section.6.4}% 31
\BOOKMARK [2][-]{subsection.6.4.3}{\376\377\000S\000e\000l\000e\000c\000t\000i\000o\000n\000\040\000S\000o\000r\000t}{section.6.4}% 32
\BOOKMARK [2][-]{subsection.6.4.4}{\376\377\000I\000n\000s\000e\000r\000t\000i\000o\000n\000\040\000S\000o\000r\000t}{section.6.4}% 33
\BOOKMARK [2][-]{subsection.6.4.5}{\376\377\000S\000t\000r\000i\000n\000g\000\040\000P\000a\000t\000t\000e\000r\000n\000\040\000M\000a\000t\000c\000h\000i\000n\000g}{section.6.4}% 34
\BOOKMARK [2][-]{subsection.6.4.6}{\376\377\000M\000a\000t\000r\000i\000x\000\040\000M\000u\000l\000t\000i\000p\000l\000i\000c\000a\000t\000i\000o\000n}{section.6.4}% 35
\BOOKMARK [1][-]{section.6.5}{\376\377\000S\000u\000m\000m\000a\000t\000i\000o\000n\000s}{chapter.6}% 36
\BOOKMARK [1][-]{section.6.6}{\376\377\000L\000o\000g\000a\000r\000i\000t\000h\000m\000s\000\040\000a\000n\000d\000\040\000T\000h\000e\000i\000r\000\040\000A\000p\000p\000l\000i\000c\000a\000t\000i\000o\000n\000s}{chapter.6}% 37
\BOOKMARK [2][-]{subsection.6.6.1}{\376\377\000L\000o\000g\000a\000r\000i\000t\000h\000m\000s\000\040\000a\000n\000d\000\040\000B\000i\000n\000a\000r\000y\000\040\000S\000e\000a\000r\000c\000h}{section.6.6}% 38
\BOOKMARK [2][-]{subsection.6.6.2}{\376\377\000L\000o\000g\000a\000r\000i\000t\000h\000m\000s\000\040\000a\000n\000d\000\040\000T\000r\000e\000e\000s}{section.6.6}% 39
\BOOKMARK [2][-]{subsection.6.6.3}{\376\377\000L\000o\000g\000a\000r\000i\000t\000h\000m\000s\000\040\000a\000n\000d\000\040\000B\000i\000t\000s}{section.6.6}% 40
\BOOKMARK [2][-]{subsection.6.6.4}{\376\377\000L\000o\000g\000a\000r\000i\000t\000h\000m\000s\000\040\000a\000n\000d\000\040\000M\000u\000l\000t\000i\000p\000l\000i\000c\000a\000t\000i\000o\000n}{section.6.6}% 41
\BOOKMARK [2][-]{subsection.6.6.5}{\376\377\000F\000a\000s\000t\000\040\000E\000x\000p\000o\000n\000e\000n\000t\000i\000a\000t\000i\000o\000n}{section.6.6}% 42
\BOOKMARK [2][-]{subsection.6.6.6}{\376\377\000L\000o\000g\000a\000r\000i\000t\000h\000m\000s\000\040\000a\000n\000d\000\040\000S\000u\000m\000m\000a\000t\000i\000o\000n\000s}{section.6.6}% 43
\BOOKMARK [2][-]{subsection.6.6.7}{\376\377\000L\000o\000g\000a\000r\000i\000t\000h\000m\000s\000\040\000a\000n\000d\000\040\000C\000r\000i\000m\000i\000n\000a\000l\000\040\000J\000u\000s\000t\000i\000c\000e}{section.6.6}% 44
\BOOKMARK [1][-]{section.6.7}{\376\377\000P\000r\000o\000p\000e\000r\000t\000i\000e\000s\000\040\000o\000f\000\040\000L\000o\000g\000a\000r\000i\000t\000h\000m\000s}{chapter.6}% 45
\BOOKMARK [1][-]{section.6.8}{\376\377\000W\000a\000r\000\040\000S\000t\000o\000r\000y\000:\000\040\000M\000y\000s\000t\000e\000r\000y\000\040\000o\000f\000\040\000t\000h\000e\000\040\000P\000y\000r\000a\000m\000i\000d\000s}{chapter.6}% 46
\BOOKMARK [1][-]{section.6.9}{\376\377\000A\000d\000v\000a\000n\000c\000e\000d\000\040\000A\000n\000a\000l\000y\000s\000i\000s\000\040\000\050\000*\000\051}{chapter.6}% 47
\BOOKMARK [2][-]{subsection.6.9.1}{\376\377\000E\000s\000o\000t\000e\000r\000i\000c\000\040\000F\000u\000n\000c\000t\000i\000o\000n\000s}{section.6.9}% 48
\BOOKMARK [2][-]{subsection.6.9.2}{\376\377\000L\000i\000m\000i\000t\000s\000\040\000a\000n\000d\000\040\000D\000o\000m\000i\000n\000a\000n\000c\000e\000\040\000R\000e\000l\000a\000t\000i\000o\000n\000s}{section.6.9}% 49
\BOOKMARK [1][-]{section.6.10}{\376\377\000E\000x\000e\000r\000c\000i\000s\000e\000s}{chapter.6}% 50
\BOOKMARK [0][-]{chapter.7}{\376\377\000D\000a\000t\000a\000\040\000S\000t\000r\000u\000c\000t\000u\000r\000e\000s}{}% 51
\BOOKMARK [1][-]{section.7.1}{\376\377\000C\000o\000n\000t\000i\000g\000u\000o\000u\000s\000\040\000v\000s\000.\000\040\000L\000i\000n\000k\000e\000d\000\040\000D\000a\000t\000a\000\040\000S\000t\000r\000u\000c\000t\000u\000r\000e\000s}{chapter.7}% 52
\BOOKMARK [2][-]{subsection.7.1.1}{\376\377\000A\000r\000r\000a\000y\000s}{section.7.1}% 53
\BOOKMARK [2][-]{subsection.7.1.2}{\376\377\000P\000o\000i\000n\000t\000e\000r\000s\000\040\000a\000n\000d\000\040\000L\000i\000n\000k\000e\000d\000\040\000S\000t\000r\000u\000c\000t\000u\000r\000e\000s}{section.7.1}% 54
\BOOKMARK [2][-]{subsection.7.1.3}{\376\377\000C\000o\000m\000p\000a\000r\000i\000s\000o\000n}{section.7.1}% 55
\BOOKMARK [1][-]{section.7.2}{\376\377\000C\000o\000n\000t\000a\000i\000n\000e\000r\000s\000:\000\040\000S\000t\000a\000c\000k\000s\000\040\000a\000n\000d\000\040\000Q\000u\000e\000u\000e\000s}{chapter.7}% 56
\BOOKMARK [1][-]{section.7.3}{\376\377\000D\000i\000c\000t\000i\000o\000n\000a\000r\000i\000e\000s}{chapter.7}% 57
\BOOKMARK [1][-]{section.7.4}{\376\377\000B\000i\000n\000a\000r\000y\000\040\000S\000e\000a\000r\000c\000h\000\040\000T\000r\000e\000e\000s}{chapter.7}% 58
\BOOKMARK [2][-]{subsection.7.4.1}{\376\377\000I\000m\000p\000l\000e\000m\000e\000n\000t\000i\000n\000g\000\040\000B\000i\000n\000a\000r\000y\000\040\000S\000e\000a\000r\000c\000h\000\040\000T\000r\000e\000e\000s}{section.7.4}% 59
\BOOKMARK [2][-]{subsection.7.4.2}{\376\377\000H\000o\000w\000\040\000G\000o\000o\000d\000\040\000a\000r\000e\000\040\000B\000i\000n\000a\000r\000y\000\040\000S\000e\000a\000r\000c\000h\000\040\000T\000r\000e\000e\000s\000?}{section.7.4}% 60
\BOOKMARK [2][-]{subsection.7.4.3}{\376\377\000B\000a\000l\000a\000n\000c\000e\000d\000\040\000S\000e\000a\000r\000c\000h\000\040\000T\000r\000e\000e\000s}{section.7.4}% 61
\BOOKMARK [1][-]{section.7.5}{\376\377\000P\000r\000i\000o\000r\000i\000t\000y\000\040\000Q\000u\000e\000u\000e\000s}{chapter.7}% 62
\BOOKMARK [1][-]{section.7.6}{\376\377\000W\000a\000r\000\040\000S\000t\000o\000r\000y\000:\000\040\000S\000t\000r\000i\000p\000p\000i\000n\000g\000\040\000T\000r\000i\000a\000n\000g\000u\000l\000a\000t\000i\000o\000n\000s}{chapter.7}% 63
\BOOKMARK [1][-]{section.7.7}{\376\377\000H\000a\000s\000h\000i\000n\000g}{chapter.7}% 64
\BOOKMARK [2][-]{subsection.7.7.1}{\376\377\000C\000o\000l\000l\000i\000s\000i\000o\000n\000\040\000R\000e\000s\000o\000l\000u\000t\000i\000o\000n}{section.7.7}% 65
\BOOKMARK [2][-]{subsection.7.7.2}{\376\377\000D\000u\000p\000l\000i\000c\000a\000t\000e\000\040\000D\000e\000t\000e\000c\000t\000i\000o\000n\000\040\000v\000i\000a\000\040\000H\000a\000s\000h\000i\000n\000g}{section.7.7}% 66
\BOOKMARK [2][-]{subsection.7.7.3}{\376\377\000O\000t\000h\000e\000r\000\040\000H\000a\000s\000h\000i\000n\000g\000\040\000T\000r\000i\000c\000k\000s}{section.7.7}% 67
\BOOKMARK [2][-]{subsection.7.7.4}{\376\377\000C\000a\000n\000o\000n\000i\000c\000a\000l\000i\000z\000a\000t\000i\000o\000n}{section.7.7}% 68
\BOOKMARK [2][-]{subsection.7.7.5}{\376\377\000C\000o\000m\000p\000a\000c\000t\000i\000o\000n}{section.7.7}% 69
\BOOKMARK [1][-]{section.7.8}{\376\377\000S\000p\000e\000c\000i\000a\000l\000i\000z\000e\000d\000\040\000D\000a\000t\000a\000\040\000S\000t\000r\000u\000c\000t\000u\000r\000e\000s}{chapter.7}% 70
\BOOKMARK [1][-]{section.7.9}{\376\377\000W\000a\000r\000\040\000S\000t\000o\000r\000y\000:\000\040\000S\000t\000r\000i\000n\000g\000\040\000'\000e\000m\000\040\000U\000p}{chapter.7}% 71
\BOOKMARK [1][-]{section.7.10}{\376\377\000E\000x\000e\000r\000c\000i\000s\000e\000s}{chapter.7}% 72
\BOOKMARK [0][-]{chapter.8}{\376\377\000S\000o\000r\000t\000i\000n\000g}{}% 73
\BOOKMARK [1][-]{section.8.1}{\376\377\000A\000p\000p\000l\000i\000c\000a\000t\000i\000o\000n\000s\000\040\000o\000f\000\040\000S\000o\000r\000t\000i\000n\000g}{chapter.8}% 74
\BOOKMARK [1][-]{section.8.2}{\376\377\000P\000r\000a\000g\000m\000a\000t\000i\000c\000s\000\040\000o\000f\000\040\000S\000o\000r\000t\000i\000n\000g}{chapter.8}% 75
\BOOKMARK [1][-]{section.8.3}{\376\377\000H\000e\000a\000p\000s\000o\000r\000t\000:\000\040\000F\000a\000s\000t\000\040\000S\000o\000r\000t\000i\000n\000g\000\040\000v\000i\000a\000\040\000D\000a\000t\000a\000\040\000S\000t\000r\000u\000c\000t\000u\000r\000e\000s}{chapter.8}% 76
\BOOKMARK [2][-]{subsection.8.3.1}{\376\377\000H\000e\000a\000p\000s}{section.8.3}% 77
\BOOKMARK [2][-]{subsection.8.3.2}{\376\377\000C\000o\000n\000s\000t\000r\000u\000c\000t\000i\000n\000g\000\040\000H\000e\000a\000p\000s}{section.8.3}% 78
\BOOKMARK [2][-]{subsection.8.3.3}{\376\377\000E\000x\000t\000r\000a\000c\000t\000i\000n\000g\000\040\000t\000h\000e\000\040\000M\000i\000n\000i\000m\000u\000m}{section.8.3}% 79
\BOOKMARK [2][-]{subsection.8.3.4}{\376\377\000F\000a\000s\000t\000e\000r\000\040\000H\000e\000a\000p\000\040\000C\000o\000n\000s\000t\000r\000u\000c\000t\000i\000o\000n\000\040\000\050\000*\000\051}{section.8.3}% 80
\BOOKMARK [2][-]{subsection.8.3.5}{\376\377\000S\000o\000r\000t\000i\000n\000g\000\040\000b\000y\000\040\000I\000n\000c\000r\000e\000m\000e\000n\000t\000a\000l\000\040\000I\000n\000s\000e\000r\000t\000i\000o\000n}{section.8.3}% 81
\BOOKMARK [1][-]{section.8.4}{\376\377\000W\000a\000r\000\040\000S\000t\000o\000r\000y\000:\000\040\000G\000i\000v\000e\000\040\000m\000e\000\040\000a\000\040\000T\000i\000c\000k\000e\000t\000\040\000o\000n\000\040\000a\000n\000\040\000A\000i\000r\000p\000l\000a\000n\000e}{chapter.8}% 82
\BOOKMARK [1][-]{section.8.5}{\376\377\000M\000e\000r\000g\000e\000s\000o\000r\000t\000:\000\040\000S\000o\000r\000t\000i\000n\000g\000\040\000b\000y\000\040\000D\000i\000v\000i\000d\000e\000\040\000a\000n\000d\000\040\000C\000o\000n\000q\000u\000e\000r}{chapter.8}% 83
\BOOKMARK [1][-]{section.8.6}{\376\377\000Q\000u\000i\000c\000k\000s\000o\000r\000t\000:\000\040\000S\000o\000r\000t\000i\000n\000g\000\040\000b\000y\000\040\000R\000a\000n\000d\000o\000m\000i\000z\000a\000t\000i\000o\000n}{chapter.8}% 84
\BOOKMARK [2][-]{subsection.8.6.1}{\376\377\000I\000n\000t\000u\000i\000t\000i\000o\000n\000:\000\040\000T\000h\000e\000\040\000E\000x\000p\000e\000c\000t\000e\000d\000\040\000C\000a\000s\000e\000\040\000f\000o\000r\000\040\000Q\000u\000i\000c\000k\000s\000o\000r\000t}{section.8.6}% 85
\BOOKMARK [2][-]{subsection.8.6.2}{\376\377\000R\000a\000n\000d\000o\000m\000i\000z\000e\000d\000\040\000A\000l\000g\000o\000r\000i\000t\000h\000m\000s}{section.8.6}% 86
\BOOKMARK [2][-]{subsection.8.6.3}{\376\377\000I\000s\000\040\000Q\000u\000i\000c\000k\000s\000o\000r\000t\000\040\000R\000e\000a\000l\000l\000y\000\040\000Q\000u\000i\000c\000k\000?}{section.8.6}% 87
\BOOKMARK [1][-]{section.8.7}{\376\377\000D\000i\000s\000t\000r\000i\000b\000u\000t\000i\000o\000n\000\040\000S\000o\000r\000t\000:\000\040\000S\000o\000r\000t\000i\000n\000g\000\040\000v\000i\000a\000\040\000B\000u\000c\000k\000e\000t\000i\000n\000g}{chapter.8}% 88
\BOOKMARK [2][-]{subsection.8.7.1}{\376\377\000L\000o\000w\000e\000r\000\040\000B\000o\000u\000n\000d\000s\000\040\000f\000o\000r\000\040\000S\000o\000r\000t\000i\000n\000g}{section.8.7}% 89
\BOOKMARK [1][-]{section.8.8}{\376\377\000W\000a\000r\000\040\000S\000t\000o\000r\000y\000:\000\040\000S\000k\000i\000e\000n\000a\000\040\000f\000o\000r\000\040\000t\000h\000e\000\040\000D\000e\000f\000e\000n\000s\000e}{chapter.8}% 90
\BOOKMARK [1][-]{section.8.9}{\376\377\000E\000x\000e\000r\000c\000i\000s\000e\000s}{chapter.8}% 91
\BOOKMARK [1][-]{section.8.10}{\376\377\000S\000e\000a\000r\000c\000h\000i\000n\000g}{chapter.8}% 92
\BOOKMARK [0][-]{chapter.9}{\376\377\000D\000i\000v\000i\000d\000e\000\040\000a\000n\000d\000\040\000C\000o\000n\000q\000u\000e\000r}{}% 93
\BOOKMARK [1][-]{section.9.1}{\376\377\000B\000i\000n\000a\000r\000y\000\040\000S\000e\000a\000r\000c\000h\000\040\000a\000n\000d\000\040\000R\000e\000l\000a\000t\000e\000d\000\040\000A\000l\000g\000o\000r\000i\000t\000h\000m\000s}{chapter.9}% 94
\BOOKMARK [2][-]{subsection.9.1.1}{\376\377\000C\000o\000u\000n\000t\000i\000n\000g\000\040\000O\000c\000c\000u\000r\000r\000e\000n\000c\000e\000s}{section.9.1}% 95
\BOOKMARK [2][-]{subsection.9.1.2}{\376\377\000O\000n\000e\000-\000S\000i\000d\000e\000d\000\040\000B\000i\000n\000a\000r\000y\000\040\000S\000e\000a\000r\000c\000h}{section.9.1}% 96
\BOOKMARK [2][-]{subsection.9.1.3}{\376\377\000S\000q\000u\000a\000r\000e\000\040\000a\000n\000d\000\040\000O\000t\000h\000e\000r\000\040\000R\000o\000o\000t\000s}{section.9.1}% 97
\BOOKMARK [1][-]{section.9.2}{\376\377\000W\000a\000r\000\040\000S\000t\000o\000r\000y\000:\000\040\000F\000i\000n\000d\000i\000n\000g\000\040\000t\000h\000e\000\040\000B\000u\000g\000\040\000i\000n\000\040\000t\000h\000e\000\040\000B\000u\000g}{chapter.9}% 98
\BOOKMARK [1][-]{section.9.3}{\376\377\000R\000e\000c\000u\000r\000r\000e\000n\000c\000e\000\040\000R\000e\000l\000a\000t\000i\000o\000n\000s}{chapter.9}% 99
\BOOKMARK [2][-]{subsection.9.3.1}{\376\377\000D\000i\000v\000i\000d\000e\000-\000a\000n\000d\000-\000C\000o\000n\000q\000u\000e\000r\000\040\000R\000e\000c\000u\000r\000r\000e\000n\000c\000e\000s}{section.9.3}% 100
\BOOKMARK [1][-]{section.9.4}{\376\377\000S\000o\000l\000v\000i\000n\000g\000\040\000D\000i\000v\000i\000d\000e\000-\000a\000n\000d\000-\000C\000o\000n\000q\000u\000e\000r\000\040\000R\000e\000c\000u\000r\000r\000e\000n\000c\000e\000s}{chapter.9}% 101
\BOOKMARK [1][-]{section.9.5}{\376\377\000F\000a\000s\000t\000\040\000M\000u\000l\000t\000i\000p\000l\000i\000c\000a\000t\000i\000o\000n}{chapter.9}% 102
\BOOKMARK [1][-]{section.9.6}{\376\377\000L\000a\000r\000g\000e\000s\000t\000\040\000S\000u\000b\000r\000a\000n\000g\000e\000\040\000a\000n\000d\000\040\000C\000l\000o\000s\000e\000s\000t\000\040\000P\000a\000i\000r}{chapter.9}% 103
\BOOKMARK [1][-]{section.9.7}{\376\377\000P\000a\000r\000a\000l\000l\000e\000l\000\040\000A\000l\000g\000o\000r\000i\000t\000h\000m\000s}{chapter.9}% 104
\BOOKMARK [2][-]{subsection.9.7.1}{\376\377\000D\000a\000t\000a\000\040\000P\000a\000r\000a\000l\000l\000e\000l\000i\000s\000m}{section.9.7}% 105
\BOOKMARK [2][-]{subsection.9.7.2}{\376\377\000P\000i\000t\000f\000a\000l\000l\000s\000\040\000o\000f\000\040\000P\000a\000r\000a\000l\000l\000e\000l\000i\000s\000m}{section.9.7}% 106
\BOOKMARK [1][-]{section.9.8}{\376\377\000W\000a\000r\000\040\000S\000t\000o\000r\000y\000:\000\040\000G\000o\000i\000n\000g\000\040\000N\000o\000w\000h\000e\000r\000e\000\040\000F\000a\000s\000t}{chapter.9}% 107
\BOOKMARK [1][-]{section.9.9}{\376\377\000C\000o\000n\000v\000o\000l\000u\000t\000i\000o\000n\000\040\000\050\000*\000\051}{chapter.9}% 108
\BOOKMARK [2][-]{subsection.9.9.1}{\376\377\000A\000p\000p\000l\000i\000c\000a\000t\000i\000o\000n\000s\000\040\000o\000f\000\040\000C\000o\000n\000v\000o\000l\000u\000t\000i\000o\000n}{section.9.9}% 109
\BOOKMARK [2][-]{subsection.9.9.2}{\376\377\000F\000a\000s\000t\000\040\000P\000o\000l\000y\000n\000o\000m\000i\000a\000l\000\040\000M\000u\000l\000t\000i\000p\000l\000i\000c\000a\000t\000i\000o\000n\000\040\000\050\000*\000*\000\051}{section.9.9}% 110
\BOOKMARK [1][-]{section.9.10}{\376\377\000E\000x\000e\000r\000c\000i\000s\000e\000s}{chapter.9}% 111
\BOOKMARK [0][-]{chapter.10}{\376\377\000H\000a\000s\000h\000i\000n\000g\000\040\000a\000n\000d\000\040\000R\000a\000n\000d\000o\000m\000i\000z\000e\000d\000\040\000A\000l\000g\000o\000r\000i\000t\000h\000m\000s}{}% 112
\BOOKMARK [1][-]{section.10.1}{\376\377\000P\000r\000o\000b\000a\000b\000i\000l\000i\000t\000y\000\040\000R\000e\000v\000i\000e\000w}{chapter.10}% 113
\BOOKMARK [2][-]{subsection.10.1.1}{\376\377\000P\000r\000o\000b\000a\000b\000i\000l\000i\000t\000y}{section.10.1}% 114
\BOOKMARK [2][-]{subsection.10.1.2}{\376\377\000C\000o\000m\000p\000o\000u\000n\000d\000\040\000E\000v\000e\000n\000t\000s\000\040\000a\000n\000d\000\040\000I\000n\000d\000e\000p\000e\000n\000d\000e\000n\000c\000e}{section.10.1}% 115
\BOOKMARK [2][-]{subsection.10.1.3}{\376\377\000C\000o\000n\000d\000i\000t\000i\000o\000n\000a\000l\000\040\000P\000r\000o\000b\000a\000b\000i\000l\000i\000t\000y}{section.10.1}% 116
\BOOKMARK [2][-]{subsection.10.1.4}{\376\377\000P\000r\000o\000b\000a\000b\000i\000l\000i\000t\000y\000\040\000D\000i\000s\000t\000r\000i\000b\000u\000t\000i\000o\000n\000s}{section.10.1}% 117
\BOOKMARK [2][-]{subsection.10.1.5}{\376\377\000M\000e\000a\000n\000\040\000a\000n\000d\000\040\000V\000a\000r\000i\000a\000n\000c\000e}{section.10.1}% 118
\BOOKMARK [2][-]{subsection.10.1.6}{\376\377\000T\000o\000s\000s\000i\000n\000g\000\040\000C\000o\000i\000n\000s}{section.10.1}% 119
\BOOKMARK [1][-]{section.10.2}{\376\377\000U\000n\000d\000e\000r\000s\000t\000a\000n\000d\000i\000n\000g\000\040\000B\000a\000l\000l\000s\000\040\000a\000n\000d\000\040\000B\000i\000n\000s}{chapter.10}% 120
\BOOKMARK [2][-]{subsection.10.2.1}{\376\377\000T\000h\000e\000\040\000C\000o\000u\000p\000o\000n\000\040\000C\000o\000l\000l\000e\000c\000t\000o\000r\000'\000s\000\040\000P\000r\000o\000b\000l\000e\000m}{section.10.2}% 121
\BOOKMARK [1][-]{section.10.3}{\376\377\000W\000h\000y\000\040\000i\000s\000\040\000H\000a\000s\000h\000i\000n\000g\000\040\000a\000\040\000R\000a\000n\000d\000o\000m\000i\000z\000e\000d\000\040\000A\000l\000g\000o\000r\000i\000t\000h\000m\000?}{chapter.10}% 122
\BOOKMARK [1][-]{section.10.4}{\376\377\000B\000l\000o\000o\000m\000\040\000F\000i\000l\000t\000e\000r\000s}{chapter.10}% 123
\BOOKMARK [1][-]{section.10.5}{\376\377\000T\000h\000e\000\040\000B\000i\000r\000t\000h\000d\000a\000y\000\040\000P\000a\000r\000a\000d\000o\000x\000\040\000a\000n\000d\000\040\000P\000e\000r\000f\000e\000c\000t\000\040\000H\000a\000s\000h\000i\000n\000g}{chapter.10}% 124
\BOOKMARK [1][-]{section.10.6}{\376\377\000M\000i\000n\000w\000i\000s\000e\000\040\000H\000a\000s\000h\000i\000n\000g}{chapter.10}% 125
\BOOKMARK [1][-]{section.10.7}{\376\377\000E\000f\000f\000i\000c\000i\000e\000n\000t\000\040\000S\000t\000r\000i\000n\000g\000\040\000M\000a\000t\000c\000h\000i\000n\000g}{chapter.10}% 126
\BOOKMARK [1][-]{section.10.8}{\376\377\000P\000r\000i\000m\000a\000l\000i\000t\000y\000\040\000T\000e\000s\000t\000i\000n\000g}{chapter.10}% 127
\BOOKMARK [1][-]{section.10.9}{\376\377\000W\000a\000r\000\040\000S\000t\000o\000r\000y\000:\000\040\000G\000i\000v\000i\000n\000g\000\040\000K\000n\000u\000t\000h\000\040\000t\000h\000e\000\040\000M\000i\000d\000d\000l\000e\000\040\000I\000n\000i\000t\000i\000a\000l}{chapter.10}% 128
\BOOKMARK [1][-]{section.10.10}{\376\377\000W\000h\000e\000r\000e\000\040\000d\000o\000\040\000R\000a\000n\000d\000o\000m\000\040\000N\000u\000m\000b\000e\000r\000s\000\040\000C\000o\000m\000e\000\040\000F\000r\000o\000m\000?}{chapter.10}% 129
\BOOKMARK [1][-]{section.10.11}{\376\377\000E\000x\000e\000r\000c\000i\000s\000e\000s}{chapter.10}% 130
\BOOKMARK [0][-]{chapter.11}{\376\377\000G\000r\000a\000p\000h\000\040\000T\000r\000a\000v\000e\000r\000s\000a\000l}{}% 131
\BOOKMARK [1][-]{section.11.1}{\376\377\000F\000l\000a\000v\000o\000r\000s\000\040\000o\000f\000\040\000G\000r\000a\000p\000h\000s}{chapter.11}% 132
\BOOKMARK [2][-]{subsection.11.1.1}{\376\377\000T\000h\000e\000\040\000F\000r\000i\000e\000n\000d\000s\000h\000i\000p\000\040\000G\000r\000a\000p\000h}{section.11.1}% 133
\BOOKMARK [1][-]{section.11.2}{\376\377\000D\000a\000t\000a\000\040\000S\000t\000r\000u\000c\000t\000u\000r\000e\000s\000\040\000f\000o\000r\000\040\000G\000r\000a\000p\000h\000s}{chapter.11}% 134
\BOOKMARK [1][-]{section.11.3}{\376\377\000W\000a\000r\000\040\000S\000t\000o\000r\000y\000:\000\040\000I\000\040\000w\000a\000s\000\040\000a\000\040\000V\000i\000c\000t\000i\000m\000\040\000o\000f\000\040\000M\000o\000o\000r\000e\000'\000s\000\040\000L\000a\000w}{chapter.11}% 135
\BOOKMARK [1][-]{section.11.4}{\376\377\000W\000a\000r\000\040\000S\000t\000o\000r\000y\000:\000\040\000G\000e\000t\000t\000i\000n\000g\000\040\000t\000h\000e\000\040\000G\000r\000a\000p\000h}{chapter.11}% 136
\BOOKMARK [1][-]{section.11.5}{\376\377\000T\000r\000a\000v\000e\000r\000s\000i\000n\000g\000\040\000a\000\040\000G\000r\000a\000p\000h}{chapter.11}% 137
\BOOKMARK [1][-]{section.11.6}{\376\377\000B\000r\000e\000a\000d\000t\000h\000-\000F\000i\000r\000s\000t\000\040\000S\000e\000a\000r\000c\000h}{chapter.11}% 138
\BOOKMARK [2][-]{subsection.11.6.1}{\376\377\000E\000x\000p\000l\000o\000i\000t\000i\000n\000g\000\040\000T\000r\000a\000v\000e\000r\000s\000a\000l}{section.11.6}% 139
\BOOKMARK [2][-]{subsection.11.6.2}{\376\377\000F\000i\000n\000d\000i\000n\000g\000\040\000P\000a\000t\000h\000s}{section.11.6}% 140
\BOOKMARK [1][-]{section.11.7}{\376\377\000A\000p\000p\000l\000i\000c\000a\000t\000i\000o\000n\000s\000\040\000o\000f\000\040\000B\000r\000e\000a\000d\000t\000h\000-\000F\000i\000r\000s\000t\000\040\000S\000e\000a\000r\000c\000h}{chapter.11}% 141
\BOOKMARK [2][-]{subsection.11.7.1}{\376\377\000C\000o\000n\000n\000e\000c\000t\000e\000d\000\040\000C\000o\000m\000p\000o\000n\000e\000n\000t\000s}{section.11.7}% 142
\BOOKMARK [2][-]{subsection.11.7.2}{\376\377\000T\000w\000o\000-\000C\000o\000l\000o\000r\000i\000n\000g\000\040\000G\000r\000a\000p\000h\000s}{section.11.7}% 143
\BOOKMARK [1][-]{section.11.8}{\376\377\000D\000e\000p\000t\000h\000-\000F\000i\000r\000s\000t\000\040\000S\000e\000a\000r\000c\000h}{chapter.11}% 144
\BOOKMARK [1][-]{section.11.9}{\376\377\000A\000p\000p\000l\000i\000c\000a\000t\000i\000o\000n\000s\000\040\000o\000f\000\040\000D\000e\000p\000t\000h\000-\000F\000i\000r\000s\000t\000\040\000S\000e\000a\000r\000c\000h}{chapter.11}% 145
\BOOKMARK [2][-]{subsection.11.9.1}{\376\377\000F\000i\000n\000d\000i\000n\000g\000\040\000C\000y\000c\000l\000e\000s}{section.11.9}% 146
\BOOKMARK [2][-]{subsection.11.9.2}{\376\377\000A\000r\000t\000i\000c\000u\000l\000a\000t\000i\000o\000n\000\040\000V\000e\000r\000t\000i\000c\000e\000s}{section.11.9}% 147
\BOOKMARK [1][-]{section.11.10}{\376\377\000D\000e\000p\000t\000h\000-\000F\000i\000r\000s\000t\000\040\000S\000e\000a\000r\000c\000h\000\040\000o\000n\000\040\000D\000i\000r\000e\000c\000t\000e\000d\000\040\000G\000r\000a\000p\000h\000s}{chapter.11}% 148
\BOOKMARK [2][-]{subsection.11.10.1}{\376\377\000T\000o\000p\000o\000l\000o\000g\000i\000c\000a\000l\000\040\000S\000o\000r\000t\000i\000n\000g}{section.11.10}% 149
\BOOKMARK [2][-]{subsection.11.10.2}{\376\377\000S\000t\000r\000o\000n\000g\000l\000y\000\040\000C\000o\000n\000n\000e\000c\000t\000e\000d\000\040\000C\000o\000m\000p\000o\000n\000e\000n\000t\000s}{section.11.10}% 150
\BOOKMARK [1][-]{section.11.11}{\376\377\000E\000x\000e\000r\000c\000i\000s\000e\000s}{chapter.11}% 151
\BOOKMARK [0][-]{chapter.12}{\376\377\000W\000e\000i\000g\000h\000t\000e\000d\000\040\000G\000r\000a\000p\000h\000\040\000A\000l\000g\000o\000r\000i\000t\000h\000m\000s}{}% 152
\BOOKMARK [1][-]{section.12.1}{\376\377\000M\000i\000n\000i\000m\000u\000m\000\040\000S\000p\000a\000n\000n\000i\000n\000g\000\040\000T\000r\000e\000e\000s}{chapter.12}% 153
\BOOKMARK [2][-]{subsection.12.1.1}{\376\377\000P\000r\000i\000m\000'\000s\000\040\000A\000l\000g\000o\000r\000i\000t\000h\000m}{section.12.1}% 154
\BOOKMARK [2][-]{subsection.12.1.2}{\376\377\000K\000r\000u\000s\000k\000a\000l\000'\000s\000\040\000A\000l\000g\000o\000r\000i\000t\000h\000m}{section.12.1}% 155
\BOOKMARK [2][-]{subsection.12.1.3}{\376\377\000V\000a\000r\000i\000a\000t\000i\000o\000n\000s\000\040\000o\000n\000\040\000M\000i\000n\000i\000m\000u\000m\000\040\000S\000p\000a\000n\000n\000i\000n\000g\000\040\000T\000r\000e\000e\000s}{section.12.1}% 156
\BOOKMARK [1][-]{section.12.2}{\376\377\000W\000a\000r\000\040\000S\000t\000o\000r\000y\000:\000\040\000N\000o\000t\000h\000i\000n\000g\000\040\000b\000u\000t\000\040\000N\000e\000t\000s}{chapter.12}% 157
\BOOKMARK [1][-]{section.12.3}{\376\377\000S\000h\000o\000r\000t\000e\000s\000t\000\040\000P\000a\000t\000h\000s}{chapter.12}% 158
\BOOKMARK [2][-]{subsection.12.3.1}{\376\377\000D\000i\000j\000k\000s\000t\000r\000a\000'\000s\000\040\000A\000l\000g\000o\000r\000i\000t\000h\000m}{section.12.3}% 159
\BOOKMARK [2][-]{subsection.12.3.2}{\376\377\000A\000l\000l\000-\000P\000a\000i\000r\000s\000\040\000S\000h\000o\000r\000t\000e\000s\000t\000\040\000P\000a\000t\000h}{section.12.3}% 160
\BOOKMARK [2][-]{subsection.12.3.3}{\376\377\000T\000r\000a\000n\000s\000i\000t\000i\000v\000e\000\040\000C\000l\000o\000s\000u\000r\000e}{section.12.3}% 161
\BOOKMARK [1][-]{section.12.4}{\376\377\000W\000a\000r\000\040\000S\000t\000o\000r\000y\000:\000\040\000D\000i\000a\000l\000i\000n\000g\000\040\000f\000o\000r\000\040\000D\000o\000c\000u\000m\000e\000n\000t\000s}{chapter.12}% 162
\BOOKMARK [1][-]{section.12.5}{\376\377\000N\000e\000t\000w\000o\000r\000k\000\040\000F\000l\000o\000w\000s\000\040\000a\000n\000d\000\040\000B\000i\000p\000a\000r\000t\000i\000t\000e\000\040\000M\000a\000t\000c\000h\000i\000n\000g}{chapter.12}% 163
\BOOKMARK [2][-]{subsection.12.5.1}{\376\377\000B\000i\000p\000a\000r\000t\000i\000t\000e\000\040\000M\000a\000t\000c\000h\000i\000n\000g}{section.12.5}% 164
\BOOKMARK [2][-]{subsection.12.5.2}{\376\377\000C\000o\000m\000p\000u\000t\000i\000n\000g\000\040\000N\000e\000t\000w\000o\000r\000k\000\040\000F\000l\000o\000w\000s}{section.12.5}% 165
\BOOKMARK [1][-]{section.12.6}{\376\377\000R\000a\000n\000d\000o\000m\000i\000z\000e\000d\000\040\000M\000i\000n\000-\000C\000u\000t}{chapter.12}% 166
\BOOKMARK [1][-]{section.12.7}{\376\377\000D\000e\000s\000i\000g\000n\000\040\000G\000r\000a\000p\000h\000s\000,\000\040\000N\000o\000t\000\040\000A\000l\000g\000o\000r\000i\000t\000h\000m\000s}{chapter.12}% 167
\BOOKMARK [1][-]{section.12.8}{\376\377\000E\000x\000e\000r\000c\000i\000s\000e\000s}{chapter.12}% 168
\BOOKMARK [0][-]{chapter.13}{\376\377\000C\000o\000m\000b\000i\000n\000a\000t\000o\000r\000i\000a\000l\000\040\000S\000e\000a\000r\000c\000h}{}% 169
\BOOKMARK [1][-]{section.13.1}{\376\377\000B\000a\000c\000k\000t\000r\000a\000c\000k\000i\000n\000g}{chapter.13}% 170
\BOOKMARK [1][-]{section.13.2}{\376\377\000E\000x\000a\000m\000p\000l\000e\000s\000\040\000o\000f\000\040\000B\000a\000c\000k\000t\000r\000a\000c\000k\000i\000n\000g}{chapter.13}% 171
\BOOKMARK [2][-]{subsection.13.2.1}{\376\377\000C\000o\000n\000s\000t\000r\000u\000c\000t\000i\000n\000g\000\040\000A\000l\000l\000\040\000S\000u\000b\000s\000e\000t\000s}{section.13.2}% 172
\BOOKMARK [2][-]{subsection.13.2.2}{\376\377\000C\000o\000n\000s\000t\000r\000u\000c\000t\000i\000n\000g\000\040\000A\000l\000l\000\040\000P\000e\000r\000m\000u\000t\000a\000t\000i\000o\000n\000s}{section.13.2}% 173
\BOOKMARK [2][-]{subsection.13.2.3}{\376\377\000C\000o\000n\000s\000t\000r\000u\000c\000t\000i\000n\000g\000\040\000A\000l\000l\000\040\000P\000a\000t\000h\000s\000\040\000i\000n\000\040\000a\000\040\000G\000r\000a\000p\000h}{section.13.2}% 174
\BOOKMARK [1][-]{section.13.3}{\376\377\000S\000e\000a\000r\000c\000h\000\040\000P\000r\000u\000n\000i\000n\000g}{chapter.13}% 175
\BOOKMARK [1][-]{section.13.4}{\376\377\000S\000u\000d\000o\000k\000u}{chapter.13}% 176
\BOOKMARK [1][-]{section.13.5}{\376\377\000W\000a\000r\000\040\000S\000t\000o\000r\000y\000:\000\040\000C\000o\000v\000e\000r\000i\000n\000g\000\040\000C\000h\000e\000s\000s\000b\000o\000a\000r\000d\000s}{chapter.13}% 177
\BOOKMARK [1][-]{section.13.6}{\376\377\000B\000e\000s\000t\000-\000F\000i\000r\000s\000t\000\040\000S\000e\000a\000r\000c\000h}{chapter.13}% 178
\BOOKMARK [1][-]{section.13.7}{\376\377\000T\000h\000e\000\040\000A\000*\000\040\000H\000e\000u\000r\000i\000s\000t\000i\000c}{chapter.13}% 179
\BOOKMARK [1][-]{section.13.8}{\376\377\000E\000x\000e\000r\000c\000i\000s\000e\000s}{chapter.13}% 180
\BOOKMARK [0][-]{chapter.14}{\376\377\000D\000y\000n\000a\000m\000i\000c\000\040\000P\000r\000o\000g\000r\000a\000m\000m\000i\000n\000g}{}% 181
\BOOKMARK [1][-]{section.14.1}{\376\377\000C\000a\000c\000h\000i\000n\000g\000\040\000v\000s\000.\000\040\000C\000o\000m\000p\000u\000t\000a\000t\000i\000o\000n}{chapter.14}% 182
\BOOKMARK [2][-]{subsection.14.1.1}{\376\377\000F\000i\000b\000o\000n\000a\000c\000c\000i\000\040\000N\000u\000m\000b\000e\000r\000s\000\040\000b\000y\000\040\000R\000e\000c\000u\000r\000s\000i\000o\000n}{section.14.1}% 183
\BOOKMARK [2][-]{subsection.14.1.2}{\376\377\000F\000i\000b\000o\000n\000a\000c\000c\000i\000\040\000N\000u\000m\000b\000e\000r\000s\000\040\000b\000y\000\040\000C\000a\000c\000h\000i\000n\000g}{section.14.1}% 184
\BOOKMARK [2][-]{subsection.14.1.3}{\376\377\000F\000i\000b\000o\000n\000a\000c\000c\000i\000\040\000N\000u\000m\000b\000e\000r\000s\000\040\000b\000y\000\040\000D\000y\000n\000a\000m\000i\000c\000\040\000P\000r\000o\000g\000r\000a\000m\000m\000i\000n\000g}{section.14.1}% 185
\BOOKMARK [2][-]{subsection.14.1.4}{\376\377\000B\000i\000n\000o\000m\000i\000a\000l\000\040\000C\000o\000e\000f\000f\000i\000c\000i\000e\000n\000t\000s}{section.14.1}% 186
\BOOKMARK [1][-]{section.14.2}{\376\377\000A\000p\000p\000r\000o\000x\000i\000m\000a\000t\000e\000\040\000S\000t\000r\000i\000n\000g\000\040\000M\000a\000t\000c\000h\000i\000n\000g}{chapter.14}% 187
\BOOKMARK [2][-]{subsection.14.2.1}{\376\377\000E\000d\000i\000t\000\040\000D\000i\000s\000t\000a\000n\000c\000e\000\040\000b\000y\000\040\000R\000e\000c\000u\000r\000s\000i\000o\000n}{section.14.2}% 188
\BOOKMARK [2][-]{subsection.14.2.2}{\376\377\000E\000d\000i\000t\000\040\000D\000i\000s\000t\000a\000n\000c\000e\000\040\000b\000y\000\040\000D\000y\000n\000a\000m\000i\000c\000\040\000P\000r\000o\000g\000r\000a\000m\000m\000i\000n\000g}{section.14.2}% 189
\BOOKMARK [2][-]{subsection.14.2.3}{\376\377\000R\000e\000c\000o\000n\000s\000t\000r\000u\000c\000t\000i\000n\000g\000\040\000t\000h\000e\000\040\000P\000a\000t\000h}{section.14.2}% 190
\BOOKMARK [2][-]{subsection.14.2.4}{\376\377\000V\000a\000r\000i\000e\000t\000i\000e\000s\000\040\000o\000f\000\040\000E\000d\000i\000t\000\040\000D\000i\000s\000t\000a\000n\000c\000e}{section.14.2}% 191
\BOOKMARK [1][-]{section.14.3}{\376\377\000L\000o\000n\000g\000e\000s\000t\000\040\000I\000n\000c\000r\000e\000a\000s\000i\000n\000g\000\040\000S\000u\000b\000s\000e\000q\000u\000e\000n\000c\000e}{chapter.14}% 192
\BOOKMARK [1][-]{section.14.4}{\376\377\000W\000a\000r\000\040\000S\000t\000o\000r\000y\000:\000\040\000T\000e\000x\000t\000\040\000C\000o\000m\000p\000r\000e\000s\000s\000i\000o\000n\000\040\000f\000o\000r\000\040\000B\000a\000r\000\040\000C\000o\000d\000e\000s}{chapter.14}% 193
\BOOKMARK [1][-]{section.14.5}{\376\377\000U\000n\000o\000r\000d\000e\000r\000e\000d\000\040\000P\000a\000r\000t\000i\000t\000i\000o\000n\000\040\000o\000r\000\040\000S\000u\000b\000s\000e\000t\000\040\000S\000u\000m}{chapter.14}% 194
\BOOKMARK [1][-]{section.14.6}{\376\377\000W\000a\000r\000\040\000S\000t\000o\000r\000y\000:\000\040\000T\000h\000e\000\040\000B\000a\000l\000a\000n\000c\000e\000\040\000o\000f\000\040\000P\000o\000w\000e\000r}{chapter.14}% 195
\BOOKMARK [1][-]{section.14.7}{\376\377\000T\000h\000e\000\040\000O\000r\000d\000e\000r\000e\000d\000\040\000P\000a\000r\000t\000i\000t\000i\000o\000n\000\040\000P\000r\000o\000b\000l\000e\000m}{chapter.14}% 196
\BOOKMARK [1][-]{section.14.8}{\376\377\000P\000a\000r\000s\000i\000n\000g\000\040\000C\000o\000n\000t\000e\000x\000t\000-\000F\000r\000e\000e\000\040\000G\000r\000a\000m\000m\000a\000r\000s}{chapter.14}% 197
\BOOKMARK [1][-]{section.14.9}{\376\377\000L\000i\000m\000i\000t\000a\000t\000i\000o\000n\000s\000\040\000o\000f\000\040\000D\000y\000n\000a\000m\000i\000c\000\040\000P\000r\000o\000g\000r\000a\000m\000m\000i\000n\000g\000:\000\040\000T\000S\000P}{chapter.14}% 198
\BOOKMARK [2][-]{subsection.14.9.1}{\376\377\000W\000h\000e\000n\000\040\000i\000s\000\040\000D\000y\000n\000a\000m\000i\000c\000\040\000P\000r\000o\000g\000r\000a\000m\000m\000i\000n\000g\000\040\000C\000o\000r\000r\000e\000c\000t\000?}{section.14.9}% 199
\BOOKMARK [2][-]{subsection.14.9.2}{\376\377\000W\000h\000e\000n\000\040\000i\000s\000\040\000D\000y\000n\000a\000m\000i\000c\000\040\000P\000r\000o\000g\000r\000a\000m\000m\000i\000n\000g\000\040\000E\000f\000f\000i\000c\000i\000e\000n\000t\000?}{section.14.9}% 200
\BOOKMARK [1][-]{section.14.10}{\376\377\000W\000a\000r\000\040\000S\000t\000o\000r\000y\000:\000\040\000W\000h\000a\000t\000'\000s\000\040\000P\000a\000s\000t\000\040\000i\000s\000\040\000P\000r\000o\000l\000o\000g}{chapter.14}% 201
\BOOKMARK [1][-]{section.14.11}{\376\377\000E\000x\000e\000r\000c\000i\000s\000e\000s}{chapter.14}% 202
\BOOKMARK [0][-]{chapter.15}{\376\377\000N\000P\000-\000C\000o\000m\000p\000l\000e\000t\000e\000n\000e\000s\000s}{}% 203
\BOOKMARK [1][-]{section.15.1}{\376\377\000P\000r\000o\000b\000l\000e\000m\000s\000\040\000a\000n\000d\000\040\000R\000e\000d\000u\000c\000t\000i\000o\000n\000s}{chapter.15}% 204
\BOOKMARK [2][-]{subsection.15.1.1}{\376\377\000T\000h\000e\000\040\000K\000e\000y\000\040\000I\000d\000e\000a}{section.15.1}% 205
\BOOKMARK [2][-]{subsection.15.1.2}{\376\377\000D\000e\000c\000i\000s\000i\000o\000n\000\040\000P\000r\000o\000b\000l\000e\000m\000s}{section.15.1}% 206
\BOOKMARK [1][-]{section.15.2}{\376\377\000R\000e\000d\000u\000c\000t\000i\000o\000n\000s\000\040\000f\000o\000r\000\040\000A\000l\000g\000o\000r\000i\000t\000h\000m\000s}{chapter.15}% 207
\BOOKMARK [2][-]{subsection.15.2.1}{\376\377\000C\000l\000o\000s\000e\000s\000t\000\040\000P\000a\000i\000r}{section.15.2}% 208
\BOOKMARK [2][-]{subsection.15.2.2}{\376\377\000L\000o\000n\000g\000e\000s\000t\000\040\000I\000n\000c\000r\000e\000a\000s\000i\000n\000g\000\040\000S\000u\000b\000s\000e\000q\000u\000e\000n\000c\000e}{section.15.2}% 209
\BOOKMARK [2][-]{subsection.15.2.3}{\376\377\000L\000e\000a\000s\000t\000\040\000C\000o\000m\000m\000o\000n\000\040\000M\000u\000l\000t\000i\000p\000l\000e}{section.15.2}% 210
\BOOKMARK [2][-]{subsection.15.2.4}{\376\377\000C\000o\000n\000v\000e\000x\000\040\000H\000u\000l\000l\000\040\000\050\000*\000\051}{section.15.2}% 211
\BOOKMARK [1][-]{section.15.3}{\376\377\000E\000l\000e\000m\000e\000n\000t\000a\000r\000y\000\040\000H\000a\000r\000d\000n\000e\000s\000s\000\040\000R\000e\000d\000u\000c\000t\000i\000o\000n\000s}{chapter.15}% 212
\BOOKMARK [2][-]{subsection.15.3.1}{\376\377\000H\000a\000m\000i\000l\000t\000o\000n\000i\000a\000n\000\040\000C\000y\000c\000l\000e}{section.15.3}% 213
\BOOKMARK [2][-]{subsection.15.3.2}{\376\377\000I\000n\000d\000e\000p\000e\000n\000d\000e\000n\000t\000\040\000S\000e\000t\000\040\000a\000n\000d\000\040\000V\000e\000r\000t\000e\000x\000\040\000C\000o\000v\000e\000r}{section.15.3}% 214
\BOOKMARK [2][-]{subsection.15.3.3}{\376\377\000C\000l\000i\000q\000u\000e}{section.15.3}% 215
\BOOKMARK [1][-]{section.15.4}{\376\377\000S\000a\000t\000i\000s\000f\000i\000a\000b\000i\000l\000i\000t\000y}{chapter.15}% 216
\BOOKMARK [1][-]{section.15.5}{\376\377\000C\000r\000e\000a\000t\000i\000v\000e\000\040\000R\000e\000d\000u\000c\000t\000i\000o\000n\000s\000\040\000f\000r\000o\000m\000\040\000S\000A\000T}{chapter.15}% 217
\BOOKMARK [2][-]{subsection.15.5.1}{\376\377\000V\000e\000r\000t\000e\000x\000\040\000C\000o\000v\000e\000r}{section.15.5}% 218
\BOOKMARK [2][-]{subsection.15.5.2}{\376\377\000I\000n\000t\000e\000g\000e\000r\000\040\000P\000r\000o\000g\000r\000a\000m\000m\000i\000n\000g}{section.15.5}% 219
\BOOKMARK [1][-]{section.15.6}{\376\377\000T\000h\000e\000\040\000A\000r\000t\000\040\000o\000f\000\040\000P\000r\000o\000v\000i\000n\000g\000\040\000H\000a\000r\000d\000n\000e\000s\000s}{chapter.15}% 220
\BOOKMARK [1][-]{section.15.7}{\376\377\000W\000a\000r\000\040\000S\000t\000o\000r\000y\000:\000\040\000H\000a\000r\000d\000\040\000A\000g\000a\000i\000n\000s\000t\000\040\000t\000h\000e\000\040\000C\000l\000o\000c\000k}{chapter.15}% 221
\BOOKMARK [1][-]{section.15.8}{\376\377\000W\000a\000r\000\040\000S\000t\000o\000r\000y\000:\000\040\000A\000n\000d\000\040\000T\000h\000e\000n\000\040\000I\000\040\000F\000a\000i\000l\000e\000d}{chapter.15}% 222
\BOOKMARK [1][-]{section.15.9}{\376\377\000P\000\040\000v\000s\000.\000\040\000N\000P}{chapter.15}% 223
\BOOKMARK [2][-]{subsection.15.9.1}{\376\377\000V\000e\000r\000i\000f\000i\000c\000a\000t\000i\000o\000n\000\040\000v\000s\000.\000\040\000D\000i\000s\000c\000o\000v\000e\000r\000y}{section.15.9}% 224
\BOOKMARK [2][-]{subsection.15.9.2}{\376\377\000T\000h\000e\000\040\000C\000l\000a\000s\000s\000e\000s\000\040\000P\000\040\000a\000n\000d\000\040\000N\000P}{section.15.9}% 225
\BOOKMARK [2][-]{subsection.15.9.3}{\376\377\000W\000h\000y\000\040\000S\000a\000t\000i\000s\000f\000i\000a\000b\000i\000l\000i\000t\000y\000\040\000i\000s\000\040\000H\000a\000r\000d}{section.15.9}% 226
\BOOKMARK [2][-]{subsection.15.9.4}{\376\377\000N\000P\000-\000h\000a\000r\000d\000\040\000v\000s\000.\000\040\000N\000P\000-\000c\000o\000m\000p\000l\000e\000t\000e\000?}{section.15.9}% 227
\BOOKMARK [1][-]{section.15.10}{\376\377\000E\000x\000e\000r\000c\000i\000s\000e\000s}{chapter.15}% 228
\BOOKMARK [0][-]{chapter.16}{\376\377\000D\000e\000a\000l\000i\000n\000g\000\040\000w\000i\000t\000h\000\040\000H\000a\000r\000d\000\040\000P\000r\000o\000b\000l\000e\000m\000s}{}% 229
\BOOKMARK [1][-]{section.16.1}{\376\377\000A\000p\000p\000r\000o\000x\000i\000m\000a\000t\000i\000o\000n\000\040\000A\000l\000g\000o\000r\000i\000t\000h\000m\000s}{chapter.16}% 230
\BOOKMARK [1][-]{section.16.2}{\376\377\000A\000p\000p\000r\000o\000x\000i\000m\000a\000t\000i\000n\000g\000\040\000V\000e\000r\000t\000e\000x\000\040\000C\000o\000v\000e\000r}{chapter.16}% 231
\BOOKMARK [2][-]{subsection.16.2.1}{\376\377\000A\000\040\000R\000a\000n\000d\000o\000m\000i\000z\000e\000d\000\040\000V\000e\000r\000t\000e\000x\000\040\000C\000o\000v\000e\000r\000\040\000H\000e\000u\000r\000i\000s\000t\000i\000c}{section.16.2}% 232
\BOOKMARK [1][-]{section.16.3}{\376\377\000E\000u\000c\000l\000i\000d\000e\000a\000n\000\040\000T\000S\000P}{chapter.16}% 233
\BOOKMARK [2][-]{subsection.16.3.1}{\376\377\000T\000h\000e\000\040\000C\000h\000r\000i\000s\000t\000o\000f\000i\000d\000e\000s\000\040\000H\000e\000u\000r\000i\000s\000t\000i\000c}{section.16.3}% 234
\BOOKMARK [1][-]{section.16.4}{\376\377\000W\000h\000e\000n\000\040\000A\000v\000e\000r\000a\000g\000e\000\040\000i\000s\000\040\000G\000o\000o\000d\000\040\000E\000n\000o\000u\000g\000h}{chapter.16}% 235
\BOOKMARK [2][-]{subsection.16.4.1}{\376\377\000M\000a\000x\000i\000m\000u\000m\000\040\000A\000c\000y\000c\000l\000i\000c\000\040\000S\000u\000b\000g\000r\000a\000p\000h}{section.16.4}% 236
\BOOKMARK [1][-]{section.16.5}{\376\377\000S\000e\000t\000\040\000C\000o\000v\000e\000r}{chapter.16}% 237
\BOOKMARK [1][-]{section.16.6}{\376\377\000H\000e\000u\000r\000i\000s\000t\000i\000c\000\040\000S\000e\000a\000r\000c\000h\000\040\000M\000e\000t\000h\000o\000d\000s}{chapter.16}% 238
\BOOKMARK [2][-]{subsection.16.6.1}{\376\377\000R\000a\000n\000d\000o\000m\000\040\000S\000a\000m\000p\000l\000i\000n\000g}{section.16.6}% 239
\BOOKMARK [2][-]{subsection.16.6.2}{\376\377\000L\000o\000c\000a\000l\000\040\000S\000e\000a\000r\000c\000h}{section.16.6}% 240
\BOOKMARK [2][-]{subsection.16.6.3}{\376\377\000S\000i\000m\000u\000l\000a\000t\000e\000d\000\040\000A\000n\000n\000e\000a\000l\000i\000n\000g}{section.16.6}% 241
\BOOKMARK [2][-]{subsection.16.6.4}{\376\377\000A\000p\000p\000l\000i\000c\000a\000t\000i\000o\000n\000s\000\040\000o\000f\000\040\000S\000i\000m\000u\000l\000a\000t\000e\000d\000\040\000A\000n\000n\000e\000a\000l\000i\000n\000g}{section.16.6}% 242
\BOOKMARK [1][-]{section.16.7}{\376\377\000I\000n\000d\000e\000p\000e\000n\000d\000e\000n\000t\000\040\000S\000e\000t}{chapter.16}% 243
\BOOKMARK [1][-]{section.16.8}{\376\377\000W\000a\000r\000\040\000S\000t\000o\000r\000y\000:\000\040\000O\000n\000l\000y\000\040\000i\000t\000\040\000i\000s\000\040\000N\000o\000t\000\040\000a\000\040\000R\000a\000d\000i\000o}{chapter.16}% 244
\BOOKMARK [1][-]{section.16.9}{\376\377\000W\000a\000r\000\040\000S\000t\000o\000r\000y\000:\000\040\000A\000n\000n\000e\000a\000l\000i\000n\000g\000\040\000A\000r\000r\000a\000y\000s}{chapter.16}% 245
\BOOKMARK [1][-]{section.16.10}{\376\377\000G\000e\000n\000e\000t\000i\000c\000\040\000A\000l\000g\000o\000r\000i\000t\000h\000m\000s\000\040\000a\000n\000d\000\040\000O\000t\000h\000e\000r\000\040\000H\000e\000u\000r\000i\000s\000t\000i\000c\000s}{chapter.16}% 246
\BOOKMARK [1][-]{section.16.11}{\376\377\000Q\000u\000a\000n\000t\000u\000m\000\040\000C\000o\000m\000p\000u\000t\000i\000n\000g}{chapter.16}% 247
\BOOKMARK [2][-]{subsection.16.11.1}{\376\377\000P\000r\000o\000p\000e\000r\000t\000i\000e\000s\000\040\000o\000f\000\040\000"\000Q\000u\000a\000n\000t\000u\000m\000"\000\040\000C\000o\000m\000p\000u\000t\000e\000r\000s}{section.16.11}% 248
\BOOKMARK [2][-]{subsection.16.11.2}{\376\377\000G\000r\000o\000v\000e\000r\000'\000s\000\040\000A\000l\000g\000o\000r\000i\000t\000h\000m\000\040\000f\000o\000r\000\040\000D\000a\000t\000a\000b\000a\000s\000e\000\040\000S\000e\000a\000r\000c\000h}{section.16.11}% 249
\BOOKMARK [2][-]{subsection.16.11.3}{\376\377\000T\000h\000e\000\040\000F\000a\000s\000t\000e\000r\000\040\000"\000F\000o\000u\000r\000i\000e\000r\000\040\000T\000r\000a\000n\000s\000f\000o\000r\000m\000"}{section.16.11}% 250
\BOOKMARK [2][-]{subsection.16.11.4}{\376\377\000S\000h\000o\000r\000'\000s\000\040\000A\000l\000g\000o\000r\000i\000t\000h\000m\000\040\000f\000o\000r\000\040\000I\000n\000t\000e\000g\000e\000r\000\040\000F\000a\000c\000t\000o\000r\000i\000z\000a\000t\000i\000o\000n}{section.16.11}% 251
\BOOKMARK [2][-]{subsection.16.11.5}{\376\377\000P\000r\000o\000s\000p\000e\000c\000t\000s\000\040\000f\000o\000r\000\040\000Q\000u\000a\000n\000t\000u\000m\000\040\000C\000o\000m\000p\000u\000t\000i\000n\000g}{section.16.11}% 252
\BOOKMARK [1][-]{section.16.12}{\376\377\000E\000x\000e\000r\000c\000i\000s\000e\000s}{chapter.16}% 253
\BOOKMARK [0][-]{chapter.17}{\376\377\000H\000o\000w\000\040\000t\000o\000\040\000D\000e\000s\000i\000g\000n\000\040\000A\000l\000g\000o\000r\000i\000t\000h\000m\000s}{}% 254
\BOOKMARK [1][-]{section.17.1}{\376\377\000P\000r\000e\000p\000a\000r\000i\000n\000g\000\040\000f\000o\000r\000\040\000T\000e\000c\000h\000\040\000C\000o\000m\000p\000a\000n\000y\000\040\000I\000n\000t\000e\000r\000v\000i\000e\000w\000s}{chapter.17}% 255
\BOOKMARK [0][-]{chapter.18}{\376\377\000A\000\040\000C\000a\000t\000a\000l\000o\000g\000\040\000o\000f\000\040\000A\000l\000g\000o\000r\000i\000t\000h\000m\000i\000c\000\040\000P\000r\000o\000b\000l\000e\000m\000s}{}% 256
\BOOKMARK [0][-]{chapter.19}{\376\377\000D\000a\000t\000a\000\040\000S\000t\000r\000u\000c\000t\000u\000r\000e\000s}{}% 257
\BOOKMARK [1][-]{section.19.1}{\376\377\000I\000n\000p\000u\000t\000\040\042\356}{chapter.19}% 258
\BOOKMARK [1][-]{section.19.2}{\376\377\000D\000i\000c\000t\000i\000o\000n\000a\000r\000i\000e\000s}{chapter.19}% 259
\BOOKMARK [1][-]{section.19.3}{\376\377\000P\000r\000i\000o\000r\000i\000t\000y\000\040\000Q\000u\000e\000u\000e\000s}{chapter.19}% 260
\BOOKMARK [1][-]{section.19.4}{\376\377\000S\000u\000f\000f\000i\000x\000\040\000T\000r\000e\000e\000s\000\040\000a\000n\000d\000\040\000A\000r\000r\000a\000y\000s}{chapter.19}% 261
\BOOKMARK [1][-]{section.19.5}{\376\377\000G\000r\000a\000p\000h\000\040\000D\000a\000t\000a\000\040\000S\000t\000r\000u\000c\000t\000u\000r\000e\000s}{chapter.19}% 262
\BOOKMARK [1][-]{section.19.6}{\376\377\000S\000e\000t\000\040\000D\000a\000t\000a\000\040\000S\000t\000r\000u\000c\000t\000u\000r\000e\000s}{chapter.19}% 263
\BOOKMARK [1][-]{section.19.7}{\376\377\000K\000d\000-\000T\000r\000e\000e\000s}{chapter.19}% 264
\BOOKMARK [0][-]{chapter.20}{\376\377\000N\000u\000m\000e\000r\000i\000c\000a\000l\000\040\000P\000r\000o\000b\000l\000e\000m\000s}{}% 265
\BOOKMARK [1][-]{section.20.1}{\376\377\000S\000o\000l\000v\000i\000n\000g\000\040\000L\000i\000n\000e\000a\000r\000\040\000E\000q\000u\000a\000t\000i\000o\000n\000s}{chapter.20}% 266
\BOOKMARK [1][-]{section.20.2}{\376\377\000B\000a\000n\000d\000w\000i\000d\000t\000h\000\040\000R\000e\000d\000u\000c\000t\000i\000o\000n}{chapter.20}% 267
\BOOKMARK [1][-]{section.20.3}{\376\377\000M\000a\000t\000r\000i\000x\000\040\000M\000u\000l\000t\000i\000p\000l\000i\000c\000a\000t\000i\000o\000n}{chapter.20}% 268
\BOOKMARK [1][-]{section.20.4}{\376\377\000D\000e\000t\000e\000r\000m\000i\000n\000a\000n\000t\000s\000\040\000a\000n\000d\000\040\000P\000e\000r\000m\000a\000n\000e\000n\000t\000s}{chapter.20}% 269
\BOOKMARK [1][-]{section.20.5}{\376\377\000C\000o\000n\000s\000t\000r\000a\000i\000n\000e\000d\000/\000U\000n\000c\000o\000n\000s\000t\000r\000a\000i\000n\000e\000d\000\040\000O\000p\000t\000i\000m\000i\000z\000a\000t\000i\000o\000n}{chapter.20}% 270
\BOOKMARK [1][-]{section.20.6}{\376\377\000L\000i\000n\000e\000a\000r\000\040\000P\000r\000o\000g\000r\000a\000m\000m\000i\000n\000g}{chapter.20}% 271
\BOOKMARK [1][-]{section.20.7}{\376\377\000R\000a\000n\000d\000o\000m\000\040\000N\000u\000m\000b\000e\000r\000\040\000G\000e\000n\000e\000r\000a\000t\000i\000o\000n}{chapter.20}% 272
\BOOKMARK [1][-]{section.20.8}{\376\377\000F\000a\000c\000t\000o\000r\000i\000n\000g\000\040\000a\000n\000d\000\040\000P\000r\000i\000m\000a\000l\000i\000t\000y\000\040\000T\000e\000s\000t\000i\000n\000g}{chapter.20}% 273
\BOOKMARK [1][-]{section.20.9}{\376\377\000A\000r\000b\000i\000t\000r\000a\000r\000y\000-\000P\000r\000e\000c\000i\000s\000i\000o\000n\000\040\000A\000r\000i\000t\000h\000m\000e\000t\000i\000c}{chapter.20}% 274
\BOOKMARK [1][-]{section.20.10}{\376\377\000K\000n\000a\000p\000s\000a\000c\000k\000\040\000P\000r\000o\000b\000l\000e\000m}{chapter.20}% 275
\BOOKMARK [1][-]{section.20.11}{\376\377\000D\000i\000s\000c\000r\000e\000t\000e\000\040\000F\000o\000u\000r\000i\000e\000r\000\040\000T\000r\000a\000n\000s\000f\000o\000r\000m}{chapter.20}% 276
\BOOKMARK [0][-]{chapter.21}{\376\377\000C\000o\000m\000b\000i\000n\000a\000t\000o\000r\000i\000a\000l\000\040\000P\000r\000o\000b\000l\000e\000m\000s}{}% 277
\BOOKMARK [1][-]{section.21.1}{\376\377\000S\000o\000r\000t\000i\000n\000g}{chapter.21}% 278
\BOOKMARK [1][-]{section.21.2}{\376\377\000M\000e\000d\000i\000a\000n\000\040\000a\000n\000d\000\040\000S\000e\000l\000e\000c\000t\000i\000o\000n}{chapter.21}% 279
\BOOKMARK [1][-]{section.21.3}{\376\377\000G\000e\000n\000e\000r\000a\000t\000i\000n\000g\000\040\000P\000e\000r\000m\000u\000t\000a\000t\000i\000o\000n\000s}{chapter.21}% 280
\BOOKMARK [1][-]{section.21.4}{\376\377\000G\000e\000n\000e\000r\000a\000t\000i\000n\000g\000\040\000S\000u\000b\000s\000e\000t\000s}{chapter.21}% 281
\BOOKMARK [1][-]{section.21.5}{\376\377\000G\000e\000n\000e\000r\000a\000t\000i\000n\000g\000\040\000P\000a\000r\000t\000i\000t\000i\000o\000n\000s}{chapter.21}% 282
\BOOKMARK [1][-]{section.21.6}{\376\377\000G\000e\000n\000e\000r\000a\000t\000i\000n\000g\000\040\000G\000r\000a\000p\000h\000s}{chapter.21}% 283
\BOOKMARK [1][-]{section.21.7}{\376\377\000C\000a\000l\000e\000n\000d\000r\000i\000c\000a\000l\000\040\000C\000a\000l\000c\000u\000l\000a\000t\000i\000o\000n\000s}{chapter.21}% 284
\BOOKMARK [1][-]{section.21.8}{\376\377\000J\000o\000b\000\040\000S\000c\000h\000e\000d\000u\000l\000i\000n\000g}{chapter.21}% 285
\BOOKMARK [1][-]{section.21.9}{\376\377\000S\000a\000t\000i\000s\000f\000i\000a\000b\000i\000l\000i\000t\000y}{chapter.21}% 286
\BOOKMARK [0][-]{chapter.22}{\376\377\000G\000r\000a\000p\000h\000\040\000P\000r\000o\000b\000l\000e\000m\000s\000:\000\040\000P\000o\000l\000y\000n\000o\000m\000i\000a\000l\000\040\000T\000i\000m\000e}{}% 287
\BOOKMARK [1][-]{section.22.1}{\376\377\000C\000o\000n\000n\000e\000c\000t\000e\000d\000\040\000C\000o\000m\000p\000o\000n\000e\000n\000t\000s}{chapter.22}% 288
\BOOKMARK [1][-]{section.22.2}{\376\377\000T\000o\000p\000o\000l\000o\000g\000i\000c\000a\000l\000\040\000S\000o\000r\000t\000i\000n\000g}{chapter.22}% 289
\BOOKMARK [1][-]{section.22.3}{\376\377\000M\000i\000n\000i\000m\000u\000m\000\040\000S\000p\000a\000n\000n\000i\000n\000g\000\040\000T\000r\000e\000e}{chapter.22}% 290
\BOOKMARK [1][-]{section.22.4}{\376\377\000S\000h\000o\000r\000t\000e\000s\000t\000\040\000P\000a\000t\000h}{chapter.22}% 291
\BOOKMARK [1][-]{section.22.5}{\376\377\000T\000r\000a\000n\000s\000i\000t\000i\000v\000e\000\040\000C\000l\000o\000s\000u\000r\000e\000\040\000a\000n\000d\000\040\000R\000e\000d\000u\000c\000t\000i\000o\000n}{chapter.22}% 292
\BOOKMARK [1][-]{section.22.6}{\376\377\000M\000a\000t\000c\000h\000i\000n\000g}{chapter.22}% 293
\BOOKMARK [1][-]{section.22.7}{\376\377\000E\000u\000l\000e\000r\000i\000a\000n\000\040\000C\000y\000c\000l\000e\000/\000C\000h\000i\000n\000e\000s\000e\000\040\000P\000o\000s\000t\000m\000a\000n}{chapter.22}% 294
\BOOKMARK [1][-]{section.22.8}{\376\377\000E\000d\000g\000e\000\040\000a\000n\000d\000\040\000V\000e\000r\000t\000e\000x\000\040\000C\000o\000n\000n\000e\000c\000t\000i\000v\000i\000t\000y}{chapter.22}% 295
\BOOKMARK [1][-]{section.22.9}{\376\377\000N\000e\000t\000w\000o\000r\000k\000\040\000F\000l\000o\000w}{chapter.22}% 296
\BOOKMARK [1][-]{section.22.10}{\376\377\000D\000r\000a\000w\000i\000n\000g\000\040\000G\000r\000a\000p\000h\000s\000\040\000N\000i\000c\000e\000l\000y}{chapter.22}% 297
\BOOKMARK [1][-]{section.22.11}{\376\377\000D\000r\000a\000w\000i\000n\000g\000\040\000T\000r\000e\000e\000s}{chapter.22}% 298
\BOOKMARK [1][-]{section.22.12}{\376\377\000P\000l\000a\000n\000a\000r\000i\000t\000y\000\040\000D\000e\000t\000e\000c\000t\000i\000o\000n\000\040\000a\000n\000d\000\040\000E\000m\000b\000e\000d\000d\000i\000n\000g}{chapter.22}% 299
\BOOKMARK [0][-]{chapter.23}{\376\377\000G\000r\000a\000p\000h\000\040\000P\000r\000o\000b\000l\000e\000m\000s\000:\000\040\000N\000P\000-\000H\000a\000r\000d}{}% 300
\BOOKMARK [1][-]{section.23.1}{\376\377\000C\000l\000i\000q\000u\000e}{chapter.23}% 301
\BOOKMARK [1][-]{section.23.2}{\376\377\000V\000e\000r\000t\000e\000x\000\040\000C\000o\000v\000e\000r}{chapter.23}% 302
\BOOKMARK [1][-]{section.23.3}{\376\377\000T\000r\000a\000v\000e\000l\000i\000n\000g\000\040\000S\000a\000l\000e\000s\000m\000a\000n\000\040\000P\000r\000o\000b\000l\000e\000m}{chapter.23}% 303
\BOOKMARK [1][-]{section.23.4}{\376\377\000H\000a\000m\000i\000l\000t\000o\000n\000i\000a\000n\000\040\000C\000y\000c\000l\000e}{chapter.23}% 304
\BOOKMARK [1][-]{section.23.5}{\376\377\000G\000r\000a\000p\000h\000\040\000P\000a\000r\000t\000i\000t\000i\000o\000n}{chapter.23}% 305
\BOOKMARK [1][-]{section.23.6}{\376\377\000V\000e\000r\000t\000e\000x\000\040\000C\000o\000l\000o\000r\000i\000n\000g}{chapter.23}% 306
\BOOKMARK [1][-]{section.23.7}{\376\377\000E\000d\000g\000e\000\040\000C\000o\000l\000o\000r\000i\000n\000g}{chapter.23}% 307
\BOOKMARK [1][-]{section.23.8}{\376\377\000G\000r\000a\000p\000h\000\040\000I\000s\000o\000m\000o\000r\000p\000h\000i\000s\000m}{chapter.23}% 308
\BOOKMARK [1][-]{section.23.9}{\376\377\000S\000t\000e\000i\000n\000e\000r\000\040\000T\000r\000e\000e}{chapter.23}% 309
\BOOKMARK [1][-]{section.23.10}{\376\377\000F\000e\000e\000d\000b\000a\000c\000k\000\040\000E\000d\000g\000e\000/\000V\000e\000r\000t\000e\000x\000\040\000S\000e\000t}{chapter.23}% 310
\BOOKMARK [0][-]{chapter.24}{\376\377\000C\000o\000m\000p\000u\000t\000a\000t\000i\000o\000n\000a\000l\000\040\000G\000e\000o\000m\000e\000t\000r\000y}{}% 311
\BOOKMARK [1][-]{section.24.1}{\376\377\000R\000o\000b\000u\000s\000t\000\040\000G\000e\000o\000m\000e\000t\000r\000i\000c\000\040\000P\000r\000i\000m\000i\000t\000i\000v\000e\000s}{chapter.24}% 312
\BOOKMARK [1][-]{section.24.2}{\376\377\000C\000o\000n\000v\000e\000x\000\040\000H\000u\000l\000l}{chapter.24}% 313
\BOOKMARK [1][-]{section.24.3}{\376\377\000T\000r\000i\000a\000n\000g\000u\000l\000a\000t\000i\000o\000n}{chapter.24}% 314
\BOOKMARK [1][-]{section.24.4}{\376\377\000V\000o\000r\000o\000n\000o\000i\000\040\000D\000i\000a\000g\000r\000a\000m\000s}{chapter.24}% 315
\BOOKMARK [1][-]{section.24.5}{\376\377\000N\000e\000a\000r\000e\000s\000t\000-\000N\000e\000i\000g\000h\000b\000o\000r\000\040\000S\000e\000a\000r\000c\000h}{chapter.24}% 316
\BOOKMARK [1][-]{section.24.6}{\376\377\000R\000a\000n\000g\000e\000\040\000S\000e\000a\000r\000c\000h}{chapter.24}% 317
\BOOKMARK [1][-]{section.24.7}{\376\377\000P\000o\000i\000n\000t\000\040\000L\000o\000c\000a\000t\000i\000o\000n}{chapter.24}% 318
\BOOKMARK [1][-]{section.24.8}{\376\377\000I\000n\000t\000e\000r\000s\000e\000c\000t\000i\000o\000n\000\040\000D\000e\000t\000e\000c\000t\000i\000o\000n}{chapter.24}% 319
\BOOKMARK [1][-]{section.24.9}{\376\377\000B\000i\000n\000\040\000P\000a\000c\000k\000i\000n\000g}{chapter.24}% 320
\BOOKMARK [1][-]{section.24.10}{\376\377\000M\000e\000d\000i\000a\000l\000-\000A\000x\000i\000s\000\040\000T\000r\000a\000n\000s\000f\000o\000r\000m}{chapter.24}% 321
\BOOKMARK [1][-]{section.24.11}{\376\377\000P\000o\000l\000y\000g\000o\000n\000\040\000P\000a\000r\000t\000i\000t\000i\000o\000n\000i\000n\000g}{chapter.24}% 322
\BOOKMARK [1][-]{section.24.12}{\376\377\000S\000i\000m\000p\000l\000i\000f\000y\000i\000n\000g\000\040\000P\000o\000l\000y\000g\000o\000n\000s}{chapter.24}% 323
\BOOKMARK [1][-]{section.24.13}{\376\377\000S\000h\000a\000p\000e\000\040\000S\000i\000m\000i\000l\000a\000r\000i\000t\000y}{chapter.24}% 324
\BOOKMARK [1][-]{section.24.14}{\376\377\000M\000o\000t\000i\000o\000n\000\040\000P\000l\000a\000n\000n\000i\000n\000g}{chapter.24}% 325
\BOOKMARK [1][-]{section.24.15}{\376\377\000M\000a\000i\000n\000t\000a\000i\000n\000i\000n\000g\000\040\000L\000i\000n\000e\000\040\000A\000r\000r\000a\000n\000g\000e\000m\000e\000n\000t\000s}{chapter.24}% 326
\BOOKMARK [1][-]{section.24.16}{\376\377\000M\000i\000n\000k\000o\000w\000s\000k\000i\000\040\000S\000u\000m}{chapter.24}% 327
\BOOKMARK [0][-]{chapter.25}{\376\377\000S\000e\000t\000\040\000a\000n\000d\000\040\000S\000t\000r\000i\000n\000g\000\040\000P\000r\000o\000b\000l\000e\000m\000s}{}% 328
\BOOKMARK [1][-]{section.25.1}{\376\377\000S\000e\000t\000\040\000C\000o\000v\000e\000r}{chapter.25}% 329
\BOOKMARK [1][-]{section.25.2}{\376\377\000S\000e\000t\000\040\000P\000a\000c\000k\000i\000n\000g}{chapter.25}% 330
\BOOKMARK [1][-]{section.25.3}{\376\377\000S\000t\000r\000i\000n\000g\000\040\000M\000a\000t\000c\000h\000i\000n\000g}{chapter.25}% 331
\BOOKMARK [1][-]{section.25.4}{\376\377\000A\000p\000p\000r\000o\000x\000i\000m\000a\000t\000e\000\040\000S\000t\000r\000i\000n\000g\000\040\000M\000a\000t\000c\000h\000i\000n\000g}{chapter.25}% 332
\BOOKMARK [1][-]{section.25.5}{\376\377\000T\000e\000x\000t\000\040\000C\000o\000m\000p\000r\000e\000s\000s\000i\000o\000n}{chapter.25}% 333
\BOOKMARK [1][-]{section.25.6}{\376\377\000C\000r\000y\000p\000t\000o\000g\000r\000a\000p\000h\000y}{chapter.25}% 334
\BOOKMARK [1][-]{section.25.7}{\376\377\000F\000i\000n\000i\000t\000e\000\040\000S\000t\000a\000t\000e\000\040\000M\000a\000c\000h\000i\000n\000e\000\040\000M\000i\000n\000i\000m\000i\000z\000a\000t\000i\000o\000n}{chapter.25}% 335
\BOOKMARK [1][-]{section.25.8}{\376\377\000L\000o\000n\000g\000e\000s\000t\000\040\000C\000o\000m\000m\000o\000n\000\040\000S\000u\000b\000s\000t\000r\000i\000n\000g\000/\000S\000u\000b\000s\000e\000q\000u\000e\000n\000c\000e}{chapter.25}% 336
\BOOKMARK [1][-]{section.25.9}{\376\377\000I\000n\000p\000u\000t\000\040\000\040\000O\000u\000t\000p\000u\000t}{chapter.25}% 337
\BOOKMARK [1][-]{section.25.10}{\376\377\000S\000h\000o\000r\000t\000e\000s\000t\000\040\000C\000o\000m\000m\000o\000n\000\040\000S\000u\000p\000e\000r\000s\000t\000r\000i\000n\000g}{chapter.25}% 338
\BOOKMARK [0][-]{chapter.26}{\376\377\000A\000l\000g\000o\000r\000i\000t\000h\000m\000i\000c\000\040\000R\000e\000s\000o\000u\000r\000c\000e\000s}{}% 339
\BOOKMARK [1][-]{section.26.1}{\376\377\000A\000l\000g\000o\000r\000i\000t\000h\000m\000\040\000L\000i\000b\000r\000a\000r\000i\000e\000s}{chapter.26}% 340
\BOOKMARK [2][-]{subsection.26.1.1}{\376\377\000L\000E\000D\000A}{section.26.1}% 341
\BOOKMARK [2][-]{subsection.26.1.2}{\376\377\000C\000G\000A\000L}{section.26.1}% 342
\BOOKMARK [2][-]{subsection.26.1.3}{\376\377\000B\000o\000o\000s\000t\000\040\000G\000r\000a\000p\000h\000\040\000L\000i\000b\000r\000a\000r\000y}{section.26.1}% 343
\BOOKMARK [2][-]{subsection.26.1.4}{\376\377\000N\000e\000t\000l\000i\000b}{section.26.1}% 344
\BOOKMARK [2][-]{subsection.26.1.5}{\376\377\000C\000o\000l\000l\000e\000c\000t\000e\000d\000\040\000A\000l\000g\000o\000r\000i\000t\000h\000m\000s\000\040\000o\000f\000\040\000t\000h\000e\000\040\000A\000C\000M}{section.26.1}% 345
\BOOKMARK [2][-]{subsection.26.1.6}{\376\377\000G\000i\000t\000H\000u\000b\000\040\000a\000n\000d\000\040\000S\000o\000u\000r\000c\000e\000F\000o\000r\000g\000e}{section.26.1}% 346
\BOOKMARK [2][-]{subsection.26.1.7}{\376\377\000T\000h\000e\000\040\000S\000t\000a\000n\000f\000o\000r\000d\000\040\000G\000r\000a\000p\000h\000B\000a\000s\000e}{section.26.1}% 347
\BOOKMARK [2][-]{subsection.26.1.8}{\376\377\000C\000o\000m\000b\000i\000n\000a\000t\000o\000r\000i\000c\000a}{section.26.1}% 348
\BOOKMARK [2][-]{subsection.26.1.9}{\376\377\000P\000r\000o\000g\000r\000a\000m\000s\000\040\000f\000r\000o\000m\000\040\000B\000o\000o\000k\000s}{section.26.1}% 349
\BOOKMARK [1][-]{section.26.2}{\376\377\000D\000a\000t\000a\000\040\000S\000o\000u\000r\000c\000e\000s}{chapter.26}% 350
\BOOKMARK [1][-]{section.26.3}{\376\377\000O\000n\000l\000i\000n\000e\000\040\000B\000i\000b\000l\000i\000o\000g\000r\000a\000p\000h\000i\000c\000\040\000R\000e\000s\000o\000u\000r\000c\000e\000s}{chapter.26}% 351
\BOOKMARK [1][-]{section.26.4}{\376\377\000P\000r\000o\000f\000e\000s\000s\000i\000o\000n\000a\000l\000\040\000C\000o\000n\000s\000u\000l\000t\000i\000n\000g\000\040\000S\000e\000r\000v\000i\000c\000e\000s}{chapter.26}% 352
\BOOKMARK [1][-]{section.26.5}{\376\377\000B\000i\000b\000l\000i\000o\000g\000r\000a\000p\000h\000y}{chapter.26}% 353
\BOOKMARK [1][-]{section.26.6}{\376\377\000I\000n\000d\000e\000x}{chapter.26}% 354
