\BOOKMARK [1][-]{section.1}{\376\377\000t\000o\000\040\000A\000s\000s\000e\000m\000b\000l\000y}{}% 1
\BOOKMARK [1][-]{section.2}{\376\377\000A\000\040\000C\000o\000n\000c\000i\000s\000e\000\040\000I\000n\000t\000r\000o\000d\000u\000c\000t\000i\000o\000n}{}% 2
\BOOKMARK [1][-]{section.3}{\376\377\000A\000d\000v\000i\000s\000o\000r\000y\000\040\000E\000d\000i\000t\000o\000r\000s}{}% 3
\BOOKMARK [1][-]{section.4}{\376\377\000G\000u\000i\000d\000e\000\040\000t\000o\000\040\000A\000s\000s\000e\000m\000b\000l\000y\000\040\000L\000a\000n\000g\000u\000a\000g\000e\000\040}{}% 4
\BOOKMARK [2][-]{subsection.4.1}{\376\377\000P\000u\000r\000p\000o\000s\000e}{section.4}% 5
\BOOKMARK [2][-]{subsection.4.2}{\376\377\000N\000e\000e\000d}{section.4}% 6
\BOOKMARK [2][-]{subsection.4.3}{\376\377\000I\000m\000p\000o\000r\000t\000a\000n\000c\000e\000\040\000o\000f\000\040\000A\000s\000s\000e\000m\000b\000l\000y\000\040\000L\000a\000n\000g\000u\000a\000g\000e}{section.4}% 7
\BOOKMARK [2][-]{subsection.4.4}{\376\377\000C\000o\000m\000p\000a\000r\000i\000s\000o\000n\000\040\000t\000o\000\040\000C\000o\000m\000p\000u\000t\000e\000r\000\040\000O\000r\000g\000a\000n\000i\000z\000a\000t\000i\000o\000n\000\040\000a\000n\000d\000\040\000O\000t\000h\000e\000r\000\040\000A\000s\000s\000e\000m\000b\000l\000y\000\040\000L\000a\000n\000g\000u\000a\000g\000e\000\040\000T\000e\000x\000t\000b\000o\000o\000k\000s}{section.4}% 8
\BOOKMARK [2][-]{subsection.4.5}{\376\377\000F\000e\000a\000t\000u\000r\000e\000s\000\040\000o\000f\000\040\000T\000h\000i\000s\000\040\000T\000e\000x\000t}{section.4}% 9
\BOOKMARK [2][-]{subsection.4.6}{\376\377\000F\000e\000a\000t\000u\000r\000e\000s\000\040\000N\000e\000w\000\040\000t\000o\000\040\000t\000h\000e\000\040\000S\000e\000c\000o\000n\000d\000\040\000E\000d\000i\000t\000i\000o\000n}{section.4}% 10
\BOOKMARK [2][-]{subsection.4.7}{\376\377\000B\000r\000i\000e\000f\000\040\000O\000v\000e\000r\000v\000i\000e\000w\000\040\000o\000f\000\040\000t\000h\000e\000\040\000C\000h\000a\000p\000t\000e\000r\000s\000\040\000a\000n\000d\000\040\000A\000p\000p\000e\000n\000d\000i\000c\000e\000s}{section.4}% 11
\BOOKMARK [2][-]{subsection.4.8}{\376\377\000S\000c\000o\000p\000e}{section.4}% 12
\BOOKMARK [2][-]{subsection.4.9}{\376\377\000A\000u\000d\000i\000e\000n\000c\000e}{section.4}% 13
\BOOKMARK [2][-]{subsection.4.10}{\376\377\000A\000c\000k\000n\000o\000w\000l\000e\000d\000g\000e\000m\000e\000n\000t\000s}{section.4}% 14
\BOOKMARK [2][-]{subsection.4.11}{\376\377\000F\000e\000e\000d\000b\000a\000c\000k}{section.4}% 15
\BOOKMARK [1][-]{section.5}{\376\377\000I\000n\000p\000u\000t\000\040\000a\000n\000d\000\040\000O\000u\000t\000p\000u\000t}{}% 16
\BOOKMARK [2][-]{subsection.5.1}{\376\377\000A\000d\000d\000i\000t\000i\000o\000n\000\040\000a\000n\000d\000\040\000S\000u\000b\000t\000r\000a\000c\000t\000i\000o\000n}{section.5}% 17
\BOOKMARK [2][-]{subsection.5.2}{\376\377\000M\000u\000l\000t\000i\000p\000l\000i\000c\000a\000t\000i\000o\000n\000\040\000a\000n\000d\000\040\000D\000i\000v\000i\000s\000i\000o\000n}{section.5}% 18
\BOOKMARK [2][-]{subsection.5.3}{\376\377\000I\000m\000p\000l\000e\000m\000e\000n\000t\000i\000n\000g\000\040\000U\000n\000a\000r\000y\000\040\000O\000p\000e\000r\000a\000t\000o\000r\000s\000:\000\040\000I\000n\000c\000r\000e\000m\000e\000n\000t\000,\000\040\000D\000e\000c\000r\000e\000m\000e\000n\000t\000,\000\040\000a\000n\000d\000\040\000N\000e\000g\000a\000t\000i\000o\000n}{section.5}% 19
\BOOKMARK [2][-]{subsection.5.4}{\376\377\000O\000r\000d\000e\000r\000\040\000o\000f\000\040\000O\000p\000e\000r\000a\000t\000i\000o\000n\000s\000\040\000w\000i\000t\000h\000\040\000B\000i\000n\000a\000r\000y\000\040\000a\000n\000d\000\040\000U\000n\000a\000r\000y\000\040\000O\000p\000e\000r\000a\000t\000o\000r\000s}{section.5}% 20
\BOOKMARK [2][-]{subsection.5.5}{\376\377\000C\000o\000m\000p\000l\000e\000t\000e\000\040\000P\000r\000o\000g\000r\000a\000m\000:\000\040\000I\000m\000p\000l\000e\000m\000e\000n\000t\000i\000n\000g\000\040\000I\000/\000O\000\040\000a\000n\000d\000\040\000A\000r\000i\000t\000h\000m\000e\000t\000i\000c}{section.5}% 21
\BOOKMARK [2][-]{subsection.5.6}{\376\377\000S\000u\000m\000m\000a\000r\000y}{section.5}% 22
\BOOKMARK [2][-]{subsection.5.7}{\376\377\000E\000x\000e\000r\000c\000i\000s\000e\000s\000\040\000\050\000I\000t\000e\000m\000s\000\040\000M\000a\000r\000k\000e\000d\000\040\000w\000i\000t\000h\000\040\000a\000n\000\040\000*\000\040\000H\000a\000v\000e\000\040\000S\000o\000l\000u\000t\000i\000o\000n\000s\000\040\000i\000n\000\040\000A\000p\000p\000e\000n\000d\000i\000x\000\040\000D\000\051}{section.5}% 23
\BOOKMARK [1][-]{section.6}{\376\377\000I\000n\000p\000u\000t\000\040\000a\000n\000d\000\040\000O\000u\000t\000p\000u\000t}{}% 24
\BOOKMARK [2][-]{subsection.6.1}{\376\377\000I\000n\000t\000r\000o\000d\000u\000c\000t\000i\000o\000n}{section.6}% 25
\BOOKMARK [2][-]{subsection.6.2}{\376\377\000I\000f\000-\000T\000h\000e\000n\000\040\000S\000t\000r\000u\000c\000t\000u\000r\000e}{section.6}% 26
\BOOKMARK [2][-]{subsection.6.3}{\376\377\000I\000f\000-\000T\000h\000e\000n\000-\000E\000l\000s\000e\000\040\000S\000t\000r\000u\000c\000t\000u\000r\000e}{section.6}% 27
\BOOKMARK [2][-]{subsection.6.4}{\376\377\000N\000e\000s\000t\000e\000d\000\040\000I\000f\000\040\000S\000t\000r\000u\000c\000t\000u\000r\000e\000s}{section.6}% 28
\BOOKMARK [2][-]{subsection.6.5}{\376\377\000C\000a\000s\000e\000\040\000S\000t\000r\000u\000c\000t\000u\000r\000e}{section.6}% 29
\BOOKMARK [2][-]{subsection.6.6}{\376\377\000C\000h\000a\000r\000a\000c\000t\000e\000r\000s\000\040\000a\000n\000d\000\040\000L\000o\000g\000i\000c\000a\000l\000\040\000O\000p\000e\000r\000a\000t\000i\000o\000n\000s}{section.6}% 30
\BOOKMARK [2][-]{subsection.6.7}{\376\377\000A\000r\000i\000t\000h\000m\000e\000t\000i\000c\000\040\000E\000x\000p\000r\000e\000s\000s\000i\000o\000n\000s\000\040\000i\000n\000\040\000H\000i\000g\000h\000-\000L\000e\000v\000e\000l\000\040\000D\000i\000r\000e\000c\000t\000i\000v\000e\000s}{section.6}% 31
\BOOKMARK [2][-]{subsection.6.8}{\376\377\000C\000o\000m\000p\000l\000e\000t\000e\000\040\000P\000r\000o\000g\000r\000a\000m\000:\000\040\000U\000s\000i\000n\000g\000\040\000S\000e\000l\000e\000c\000t\000i\000o\000n\000\040\000S\000t\000r\000u\000c\000t\000u\000r\000e\000s\000\040\000a\000n\000d\000\040\000I\000/\000O}{section.6}% 32
\BOOKMARK [2][-]{subsection.6.9}{\376\377\000S\000u\000m\000m\000a\000r\000y}{section.6}% 33
\BOOKMARK [2][-]{subsection.6.10}{\376\377\000E\000x\000e\000r\000c\000i\000s\000e\000s\000\040\000\050\000I\000t\000e\000m\000s\000\040\000M\000a\000r\000k\000e\000d\000\040\000w\000i\000t\000h\000\040\000a\000n\000\040\000*\000\040\000H\000a\000v\000e\000\040\000S\000o\000l\000u\000t\000i\000o\000n\000s\000\040\000i\000n\000\040\000A\000p\000p\000e\000n\000d\000i\000x\000\040\000D\000\051}{section.6}% 34
\BOOKMARK [1][-]{section.7}{\376\377\000I\000t\000e\000r\000a\000t\000i\000o\000n\000\040\000S\000t\000r\000u\000c\000t\000u\000r\000e\000s}{}% 35
\BOOKMARK [2][-]{subsection.7.1}{\376\377\000P\000r\000e\000-\000t\000e\000s\000t\000\040\000L\000o\000o\000p\000\040\000S\000t\000r\000u\000c\000t\000u\000r\000e}{section.7}% 36
\BOOKMARK [2][-]{subsection.7.2}{\376\377\000P\000o\000s\000t\000-\000t\000e\000s\000t\000\040\000L\000o\000o\000p\000\040\000S\000t\000r\000u\000c\000t\000u\000r\000e\000s}{section.7}% 37
\BOOKMARK [2][-]{subsection.7.3}{\376\377\000F\000i\000x\000e\000d\000-\000I\000t\000e\000r\000a\000t\000i\000o\000n\000\040\000L\000o\000o\000p\000\040\000S\000t\000r\000u\000c\000t\000u\000r\000e\000s}{section.7}% 38
\BOOKMARK [2][-]{subsection.7.4}{\376\377\000L\000o\000o\000p\000s\000\040\000a\000n\000d\000\040\000I\000n\000p\000u\000t\000/\000O\000u\000t\000p\000u\000t}{section.7}% 39
\BOOKMARK [2][-]{subsection.7.5}{\376\377\000N\000e\000s\000t\000e\000d\000\040\000L\000o\000o\000p\000s}{section.7}% 40
\BOOKMARK [2][-]{subsection.7.6}{\376\377\000C\000o\000m\000p\000l\000e\000t\000e\000\040\000P\000r\000o\000g\000r\000a\000m\000:\000\040\000I\000m\000p\000l\000e\000m\000e\000n\000t\000i\000n\000g\000\040\000t\000h\000e\000\040\000P\000o\000w\000e\000r\000\040\000F\000u\000n\000c\000t\000i\000o\000n}{section.7}% 41
\BOOKMARK [2][-]{subsection.7.7}{\376\377\000S\000u\000m\000m\000a\000r\000y}{section.7}% 42
\BOOKMARK [2][-]{subsection.7.8}{\376\377\000E\000x\000e\000r\000c\000i\000s\000e\000s\000\040\000\050\000I\000t\000e\000m\000s\000\040\000M\000a\000r\000k\000e\000d\000\040\000w\000i\000t\000h\000\040\000a\000n\000\040\000*\000\040\000H\000a\000v\000e\000\040\000S\000o\000l\000u\000t\000i\000o\000n\000s\000\040\000i\000n\000\040\000A\000p\000p\000e\000n\000d\000i\000x\000\040\000D\000\051}{section.7}% 43
\BOOKMARK [2][-]{subsection.7.9}{\376\377\000I\000n\000t\000r\000o\000d\000u\000c\000t\000i\000o\000n}{section.7}% 44
\BOOKMARK [2][-]{subsection.7.10}{\376\377\000L\000o\000g\000i\000c\000\040\000I\000n\000s\000t\000r\000u\000c\000t\000i\000o\000n\000s}{section.7}% 45
\BOOKMARK [2][-]{subsection.7.11}{\376\377\000L\000o\000g\000i\000c\000a\000l\000\040\000S\000h\000i\000f\000t\000\040\000I\000n\000s\000t\000r\000u\000c\000t\000i\000o\000n\000s}{section.7}% 46
\BOOKMARK [2][-]{subsection.7.12}{\376\377\000A\000r\000i\000t\000h\000m\000e\000t\000i\000c\000\040\000S\000h\000i\000f\000t\000\040\000I\000n\000s\000t\000r\000u\000c\000t\000i\000o\000n\000s}{section.7}% 47
\BOOKMARK [2][-]{subsection.7.13}{\376\377\000R\000o\000t\000a\000t\000e\000\040\000I\000n\000s\000t\000r\000u\000c\000t\000i\000o\000n\000s}{section.7}% 48
\BOOKMARK [2][-]{subsection.7.14}{\376\377\000S\000t\000a\000c\000k\000\040\000O\000p\000e\000r\000a\000t\000i\000o\000n\000s}{section.7}% 49
\BOOKMARK [2][-]{subsection.7.15}{\376\377\000S\000w\000a\000p\000p\000i\000n\000g\000\040\000U\000s\000i\000n\000g\000\040\000R\000e\000g\000i\000s\000t\000e\000r\000s\000,\000\040\000t\000h\000e\000\040\000S\000t\000a\000c\000k\000,\000\040\000a\000n\000d\000\040\000t\000h\000e\000\040\000x\000c\000h\000g\000\040\000I\000n\000s\000t\000r\000u\000c\000t\000i\000o\000n}{section.7}% 50
\BOOKMARK [2][-]{subsection.7.16}{\376\377\000C\000o\000m\000p\000l\000e\000t\000e\000\040\000P\000r\000o\000g\000r\000a\000m\000:\000\040\000S\000i\000m\000u\000l\000a\000t\000i\000n\000g\000\040\000a\000n\000\040\000O\000C\000R\000\040\000M\000a\000c\000h\000i\000n\000e}{section.7}% 51
\BOOKMARK [1][-]{section.8}{\376\377\000S\000a\000m\000p\000l\000e\000\040\000I\000n\000p\000u\000t\000/\000O\000u\000t\000p\000u\000t}{}% 52
\BOOKMARK [2][-]{subsection.8.1}{\376\377\000S\000u\000m\000m\000a\000r\000y}{section.8}% 53
\BOOKMARK [2][-]{subsection.8.2}{\376\377\000E\000x\000e\000r\000c\000i\000s\000e\000s\000\040\000\050\000I\000t\000e\000m\000s\000\040\000M\000a\000r\000k\000e\000d\000\040\000w\000i\000t\000h\000\040\000a\000n\000\040\000*\000\040\000H\000a\000v\000e\000\040\000S\000o\000l\000u\000t\000i\000o\000n\000s\000\040\000i\000n\000\040\000A\000p\000p\000e\000n\000d\000i\000x\000\040\000D\000\051}{section.8}% 54
\BOOKMARK [1][-]{section.9}{\376\377\000B\000i\000t\000\040\000M\000e\000s\000s\000a\000g\000e}{}% 55
\BOOKMARK [2][-]{subsection.9.1}{\376\377\000P\000r\000o\000c\000e\000d\000u\000r\000e\000s\000\040\000a\000n\000d\000\040\000M\000a\000c\000r\000o\000s}{section.9}% 56
\BOOKMARK [2][-]{subsection.9.2}{\376\377\000P\000r\000o\000c\000e\000d\000u\000r\000e\000s}{section.9}% 57
\BOOKMARK [1][-]{section.10}{\376\377\000c\000a\000l\000l\000\040\000p\000n\000a\000m\000e}{}% 58
\BOOKMARK [2][-]{subsection.10.1}{\376\377\000C\000o\000m\000p\000l\000e\000t\000e\000\040\000P\000r\000o\000g\000r\000a\000m\000:\000\040\000I\000m\000p\000l\000e\000m\000e\000n\000t\000i\000n\000g\000\040\000t\000h\000e\000\040\000P\000o\000w\000e\000r\000\040\000F\000u\000n\000c\000t\000i\000o\000n\000\040\000i\000n\000\040\000a\000\040\000P\000r\000o\000c\000e\000d\000u\000r\000e}{section.10}% 59
\BOOKMARK [2][-]{subsection.10.2}{\376\377\000S\000a\000v\000i\000n\000g\000\040\000a\000n\000d\000\040\000R\000e\000s\000t\000o\000r\000i\000n\000g\000\040\000R\000e\000g\000i\000s\000t\000e\000r\000s}{section.10}% 60
\BOOKMARK [2][-]{subsection.10.3}{\376\377\000M\000a\000c\000r\000o\000s}{section.10}% 61
\BOOKMARK [2][-]{subsection.10.4}{\376\377\000C\000o\000n\000d\000i\000t\000i\000o\000n\000a\000l\000\040\000A\000s\000s\000e\000m\000b\000l\000y}{section.10}% 62
\BOOKMARK [2][-]{subsection.10.5}{\376\377\000S\000w\000a\000p\000\040\000M\000a\000c\000r\000o\000\040\000R\000e\000v\000i\000s\000i\000t\000e\000d\000\040\000U\000s\000i\000n\000g\000\040\000C\000o\000n\000d\000i\000t\000i\000o\000n\000a\000l\000\040\000A\000s\000s\000e\000m\000b\000l\000y}{section.10}% 63
\BOOKMARK [2][-]{subsection.10.6}{\376\377\000P\000o\000w\000e\000r\000\040\000F\000u\000n\000c\000t\000i\000o\000n\000\040\000M\000a\000c\000r\000o\000\040\000U\000s\000i\000n\000g\000\040\000C\000o\000n\000d\000i\000t\000i\000o\000n\000a\000l\000\040\000A\000s\000s\000e\000m\000b\000l\000y}{section.10}% 64
\BOOKMARK [2][-]{subsection.10.7}{\376\377\000C\000o\000m\000p\000l\000e\000t\000e\000\040\000P\000r\000o\000g\000r\000a\000m\000:\000\040\000I\000m\000p\000l\000e\000m\000e\000n\000t\000i\000n\000g\000\040\000a\000\040\000M\000a\000c\000r\000o\000\040\000C\000a\000l\000c\000u\000l\000a\000t\000o\000r}{section.10}% 65
\BOOKMARK [2][-]{subsection.10.8}{\376\377\000S\000u\000m\000m\000a\000r\000y}{section.10}% 66
\BOOKMARK [2][-]{subsection.10.9}{\376\377\000E\000x\000e\000r\000c\000i\000s\000e\000s\000\040\000\050\000I\000t\000e\000m\000s\000\040\000M\000a\000r\000k\000e\000d\000\040\000w\000i\000t\000h\000\040\000a\000n\000\040\000*\000\040\000H\000a\000v\000e\000\040\000S\000o\000l\000u\000t\000i\000o\000n\000s\000\040\000i\000n\000\040\000A\000p\000p\000e\000n\000d\000i\000x\000\040\000D\000\051}{section.10}% 67
\BOOKMARK [2][-]{subsection.10.10}{\376\377\000A\000r\000r\000a\000y\000s}{section.10}% 68
\BOOKMARK [2][-]{subsection.10.11}{\376\377\000A\000r\000r\000a\000y\000\040\000D\000e\000c\000l\000a\000r\000a\000t\000i\000o\000n\000\040\000a\000n\000d\000\040\000A\000d\000d\000r\000e\000s\000s\000i\000n\000g}{section.10}% 69
\BOOKMARK [2][-]{subsection.10.12}{\376\377\000I\000n\000d\000e\000x\000i\000n\000g\000\040\000U\000s\000i\000n\000g\000\040\000t\000h\000e\000\040\000B\000a\000s\000e\000\040\000R\000e\000g\000i\000s\000t\000e\000r}{section.10}% 70
\BOOKMARK [2][-]{subsection.10.13}{\376\377\000S\000e\000a\000r\000c\000h\000i\000n\000g}{section.10}% 71
\BOOKMARK [2][-]{subsection.10.14}{\376\377\000I\000n\000d\000e\000x\000i\000n\000g\000\040\000U\000s\000i\000n\000g\000\040\000t\000h\000e\000\040\000e\000s\000i\000\040\000a\000n\000d\000\040\000e\000d\000i\000\040\000R\000e\000g\000i\000s\000t\000e\000r\000s}{section.10}% 72
\BOOKMARK [2][-]{subsection.10.15}{\376\377\000L\000e\000n\000g\000t\000h\000o\000f\000\040\000a\000n\000d\000\040\000S\000i\000z\000e\000o\000f\000\040\000O\000p\000e\000r\000a\000t\000o\000r\000s}{section.10}% 73
\BOOKMARK [2][-]{subsection.10.16}{\376\377\000C\000o\000m\000p\000l\000e\000t\000e\000\040\000P\000r\000o\000g\000r\000a\000m\000:\000\040\000I\000m\000p\000l\000e\000m\000e\000n\000t\000i\000n\000g\000\040\000a\000\040\000Q\000u\000e\000u\000e}{section.10}% 74
\BOOKMARK [2][-]{subsection.10.17}{\376\377\000C\000o\000m\000p\000l\000e\000t\000e\000\040\000P\000r\000o\000g\000r\000a\000m\000:\000\040\000I\000m\000p\000l\000e\000m\000e\000n\000t\000i\000n\000g\000\040\000t\000h\000e\000\040\000S\000e\000l\000e\000c\000t\000i\000o\000n\000\040\000S\000o\000r\000t}{section.10}% 75
\BOOKMARK [2][-]{subsection.10.18}{\376\377\000S\000u\000m\000m\000a\000r\000y}{section.10}% 76
\BOOKMARK [2][-]{subsection.10.19}{\376\377\000E\000x\000e\000r\000c\000i\000s\000e\000s\000\040\000\050\000I\000t\000e\000m\000s\000\040\000M\000a\000r\000k\000e\000d\000\040\000w\000i\000t\000h\000\040\000a\000n\000\040\000*\000\040\000H\000a\000v\000e\000\040\000S\000o\000l\000u\000t\000i\000o\000n\000s\000\040\000i\000n\000\040\000A\000p\000p\000e\000n\000d\000i\000x\000\040\000D\000\051}{section.10}% 77
\BOOKMARK [2][-]{subsection.10.20}{\376\377\000I\000n\000t\000r\000o\000d\000u\000c\000t\000i\000o\000n}{section.10}% 78
\BOOKMARK [2][-]{subsection.10.21}{\376\377\000S\000t\000r\000i\000n\000g\000\040\000I\000n\000s\000t\000r\000u\000c\000t\000i\000o\000n\000s\000:\000\040\000M\000o\000v\000i\000n\000g\000\040\000S\000t\000r\000i\000n\000g\000s\000\040\000\050\000m\000o\000v\000s\000b\000\051}{section.10}% 79
\BOOKMARK [2][-]{subsection.10.22}{\376\377\000S\000t\000r\000i\000n\000g\000\040\000I\000n\000s\000t\000r\000u\000c\000t\000i\000o\000n\000s\000:\000\040\000S\000c\000a\000n\000n\000i\000n\000g\000\040\000\050\000s\000c\000a\000s\000b\000\051\000,\000\040\000S\000t\000o\000r\000i\000n\000g\000\040\000\050\000s\000t\000o\000s\000b\000\051\000,\000\040\000a\000n\000d\000\040\000L\000o\000a\000d\000i\000n\000g\000\040\000\050\000l\000o\000d\000s\000b\000\051}{section.10}% 80
\BOOKMARK [2][-]{subsection.10.23}{\376\377\000A\000r\000r\000a\000y\000\040\000o\000f\000\040\000S\000t\000r\000i\000n\000g\000s}{section.10}% 81
\BOOKMARK [1][-]{section.11}{\376\377\000n\000a\000m\000e\000s\0001}{}% 82
\BOOKMARK [2][-]{subsection.11.1}{\376\377\000S\000t\000r\000i\000n\000g\000\040\000I\000n\000s\000t\000r\000u\000c\000t\000i\000o\000n\000s\000:\000\040\000C\000o\000m\000p\000a\000r\000i\000n\000g\000\040\000S\000t\000r\000i\000n\000g\000s\000\040\000\050\000c\000m\000p\000s\000b\000\051}{section.11}% 83
\BOOKMARK [2][-]{subsection.11.2}{\376\377\000C\000o\000m\000p\000l\000e\000t\000e\000\040\000P\000r\000o\000g\000r\000a\000m\000:\000\040\000S\000e\000a\000r\000c\000h\000i\000n\000g\000\040\000a\000n\000\040\000A\000r\000r\000a\000y\000\040\000o\000f\000\040\000S\000t\000r\000i\000n\000g\000s}{section.11}% 84
\BOOKMARK [2][-]{subsection.11.3}{\376\377\000S\000u\000m\000m\000a\000r\000y}{section.11}% 85
\BOOKMARK [2][-]{subsection.11.4}{\376\377\000E\000x\000e\000r\000c\000i\000s\000e\000s\000\040\000\050\000I\000t\000e\000m\000s\000\040\000M\000a\000r\000k\000e\000d\000\040\000w\000i\000t\000h\000\040\000a\000n\000\040\000*\000\040\000H\000a\000v\000e\000\040\000S\000o\000l\000u\000t\000i\000o\000n\000s\000\040\000i\000n\000\040\000A\000p\000p\000e\000n\000d\000i\000x\000\040\000D\000\051}{section.11}% 86
\BOOKMARK [1][-]{section.12}{\376\377\000F\000l\000o\000a\000t\000i\000n\000g\000-\000P\000o\000i\000n\000t\000\040\000I\000n\000s\000t\000r\000u\000c\000t\000i\000o\000n\000s}{}% 87
\BOOKMARK [2][-]{subsection.12.1}{\376\377\000M\000e\000m\000o\000r\000y\000\040\000S\000t\000o\000r\000a\000g\000e}{section.12}% 88
\BOOKMARK [2][-]{subsection.12.2}{\376\377\000F\000l\000o\000a\000t\000i\000n\000g\000-\000P\000o\000i\000n\000t\000\040\000R\000e\000g\000i\000s\000t\000e\000r\000\040\000S\000t\000a\000c\000k}{section.12}% 89
\BOOKMARK [2][-]{subsection.12.3}{\376\377\000P\000u\000s\000h\000i\000n\000g\000\040\000a\000n\000d\000\040\000P\000o\000p\000p\000i\000n\000g}{section.12}% 90
\BOOKMARK [2][-]{subsection.12.4}{\376\377\000S\000i\000m\000p\000l\000e\000\040\000A\000r\000i\000t\000h\000m\000e\000t\000i\000c\000\040\000E\000x\000p\000r\000e\000s\000s\000i\000o\000n\000s}{section.12}% 91
\BOOKMARK [2][-]{subsection.12.5}{\376\377\000C\000o\000m\000p\000l\000e\000x\000\040\000A\000r\000i\000t\000h\000m\000e\000t\000i\000c\000\040\000E\000x\000p\000r\000e\000s\000s\000i\000o\000n\000s}{section.12}% 92
\BOOKMARK [2][-]{subsection.12.6}{\376\377\000M\000i\000x\000i\000n\000g\000\040\000F\000l\000o\000a\000t\000i\000n\000g\000-\000P\000o\000i\000n\000t\000\040\000a\000n\000d\000\040\000I\000n\000t\000e\000g\000e\000r\000s}{section.12}% 93
\BOOKMARK [2][-]{subsection.12.7}{\376\377\000I\000n\000p\000u\000t\000/\000O\000u\000t\000p\000u\000t}{section.12}% 94
\BOOKMARK [2][-]{subsection.12.8}{\376\377\000f\000l\000o\000a\000t\000\040\000a\000n\000d\000\040\000r\000e\000a\000l\0004}{section.12}% 95
\BOOKMARK [2][-]{subsection.12.9}{\376\377\000d\000o\000u\000b\000l\000e\000\040\000a\000n\000d\000\040\000r\000e\000a\000l\0008}{section.12}% 96
\BOOKMARK [2][-]{subsection.12.10}{\376\377\000l\000o\000n\000g\000\040\000d\000o\000u\000b\000l\000e\000\040\000a\000n\000d\000\040\000r\000e\000a\000l\0001\0000}{section.12}% 97
\BOOKMARK [2][-]{subsection.12.11}{\376\377\000I\000n\000l\000i\000n\000e\000\040\000A\000s\000s\000e\000m\000b\000l\000y}{section.12}% 98
\BOOKMARK [2][-]{subsection.12.12}{\376\377\000C\000o\000m\000p\000a\000r\000i\000s\000o\000n\000s\000\040\000a\000n\000d\000\040\000S\000e\000l\000e\000c\000t\000i\000o\000n\000\040\000S\000t\000r\000u\000c\000t\000u\000r\000e\000s}{section.12}% 99
\BOOKMARK [2][-]{subsection.12.13}{\376\377\000C\000o\000m\000p\000l\000e\000t\000e\000\040\000P\000r\000o\000g\000r\000a\000m\000:\000\040\000I\000m\000p\000l\000e\000m\000e\000n\000t\000i\000n\000g\000\040\000a\000n\000\040\000I\000t\000e\000r\000a\000t\000i\000o\000n\000\040\000S\000t\000r\000u\000c\000t\000u\000r\000e}{section.12}% 100
\BOOKMARK [2][-]{subsection.12.14}{\376\377\000C\000o\000m\000p\000l\000e\000t\000e\000\040\000P\000r\000o\000g\000r\000a\000m\000:\000\040\000I\000m\000p\000l\000e\000m\000e\000n\000t\000i\000n\000g\000\040\000a\000n\000\040\000A\000r\000r\000a\000y}{section.12}% 101
\BOOKMARK [2][-]{subsection.12.15}{\376\377\000S\000u\000m\000m\000a\000r\000y}{section.12}% 102
\BOOKMARK [2][-]{subsection.12.16}{\376\377\000E\000x\000e\000r\000c\000i\000s\000e\000s\000\040\000\050\000I\000t\000e\000m\000s\000\040\000M\000a\000r\000k\000e\000d\000\040\000w\000i\000t\000h\000\040\000a\000n\000\040\000*\000\040\000H\000a\000v\000e\000\040\000S\000o\000l\000u\000t\000i\000o\000n\000s\000\040\000i\000n\000\040\000A\000p\000p\000e\000n\000d\000i\000x\000\040\000D\000\051}{section.12}% 103
\BOOKMARK [1][-]{section.13}{\376\377\000-\000B\000i\000t\000\040\000P\000r\000o\000c\000e\000s\000s\000i\000n\000g}{}% 104
\BOOKMARK [2][-]{subsection.13.1}{\376\377\000F\000o\000u\000r\000\040\000G\000e\000n\000e\000r\000a\000l\000\040\000P\000u\000r\000p\000o\000s\000e\000\040\000R\000e\000g\000i\000s\000t\000e\000r\000s}{section.13}% 105
\BOOKMARK [2][-]{subsection.13.2}{\376\377\000O\000t\000h\000e\000r\000\040\0006\0004\000-\000B\000i\000t\000\040\000R\000e\000g\000i\000s\000t\000e\000r\000s}{section.13}% 106
\BOOKMARK [2][-]{subsection.13.3}{\376\377\0006\0004\000-\000B\000i\000t\000\040\000I\000n\000t\000e\000g\000e\000r\000\040\000O\000u\000t\000p\000u\000t}{section.13}% 107
\BOOKMARK [2][-]{subsection.13.4}{\376\377\0006\0004\000-\000B\000i\000t\000\040\000I\000n\000t\000e\000g\000e\000r\000\040\000I\000n\000p\000u\000t}{section.13}% 108
\BOOKMARK [2][-]{subsection.13.5}{\376\377\000L\000o\000g\000i\000c\000\040\000a\000n\000d\000\040\000A\000r\000i\000t\000h\000m\000e\000t\000i\000c\000\040\000A\000p\000p\000l\000i\000c\000a\000t\000i\000o\000n\000s}{section.13}% 109
\BOOKMARK [2][-]{subsection.13.6}{\376\377\000S\000h\000i\000f\000t\000\040\000a\000n\000d\000\040\000R\000o\000t\000a\000t\000e}{section.13}% 110
\BOOKMARK [2][-]{subsection.13.7}{\376\377\000L\000o\000g\000i\000c}{section.13}% 111
\BOOKMARK [2][-]{subsection.13.8}{\376\377\000A\000r\000i\000t\000h\000m\000e\000t\000i\000c}{section.13}% 112
\BOOKMARK [2][-]{subsection.13.9}{\376\377\000C\000o\000n\000t\000r\000o\000l\000\040\000S\000t\000r\000u\000c\000t\000u\000r\000e\000s}{section.13}% 113
\BOOKMARK [2][-]{subsection.13.10}{\376\377\000A\000r\000r\000a\000y\000s}{section.13}% 114
\BOOKMARK [2][-]{subsection.13.11}{\376\377\000P\000r\000o\000c\000e\000d\000u\000r\000e\000s\000\040\000a\000n\000d\000\040\000M\000a\000c\000r\000o\000s}{section.13}% 115
\BOOKMARK [2][-]{subsection.13.12}{\376\377\000C\000a\000l\000l\000i\000n\000g\000\040\0006\0004\000-\000B\000i\000t\000\040\000P\000r\000o\000c\000e\000d\000u\000r\000e\000s}{section.13}% 116
\BOOKMARK [2][-]{subsection.13.13}{\376\377\000U\000s\000i\000n\000g\000\040\000a\000\040\000M\000a\000c\000r\000o\000\040\000t\000o\000\040\000C\000a\000l\000l\000\040\000p\000r\000i\000n\000t\000f}{section.13}% 117
\BOOKMARK [2][-]{subsection.13.14}{\376\377\000C\000o\000m\000p\000l\000e\000t\000e\000\040\000P\000r\000o\000g\000r\000a\000m\000:\000\040\000R\000e\000v\000e\000r\000s\000i\000n\000g\000\040\000a\000n\000\040\000A\000r\000r\000a\000y}{section.13}% 118
\BOOKMARK [2][-]{subsection.13.15}{\376\377\000S\000u\000m\000m\000a\000r\000y}{section.13}% 119
\BOOKMARK [2][-]{subsection.13.16}{\376\377\000E\000x\000e\000r\000c\000i\000s\000e\000s\000\040\000\050\000I\000t\000e\000m\000s\000\040\000M\000a\000r\000k\000e\000d\000\040\000w\000i\000t\000h\000\040\000a\000n\000\040\000*\000\040\000H\000a\000v\000e\000\040\000S\000o\000l\000u\000t\000i\000o\000n\000s\000\040\000i\000n\000\040\000A\000p\000p\000e\000n\000d\000i\000x\000\040\000D\000\051}{section.13}% 120
\BOOKMARK [2][-]{subsection.13.17}{\376\377\000I\000n\000t\000r\000o\000d\000u\000c\000t\000i\000o\000n}{section.13}% 121
\BOOKMARK [2][-]{subsection.13.18}{\376\377\000i\000n\000c\000\040\000a\000n\000d\000\040\000d\000e\000c\000\040\000I\000n\000s\000t\000r\000u\000c\000t\000i\000o\000n\000s}{section.13}% 122
\BOOKMARK [2][-]{subsection.13.19}{\376\377\000m\000o\000v\000\040\000I\000n\000s\000t\000r\000u\000c\000t\000i\000o\000n}{section.13}% 123
\BOOKMARK [2][-]{subsection.13.20}{\376\377\000a\000d\000d\000\040\000a\000n\000d\000\040\000s\000u\000b\000\040\000I\000n\000s\000t\000r\000u\000c\000t\000i\000o\000n\000s}{section.13}% 124
\BOOKMARK [2][-]{subsection.13.21}{\376\377\000m\000o\000v\000\040\000o\000f\000f\000s\000e\000t\000\040\000a\000n\000d\000\040\000l\000e\000a\000\040\000I\000n\000s\000t\000r\000u\000c\000t\000i\000o\000n\000s}{section.13}% 125
\BOOKMARK [2][-]{subsection.13.22}{\376\377\000j\000m\000p\000\040\000I\000n\000s\000t\000r\000u\000c\000t\000i\000o\000n\000s}{section.13}% 126
\BOOKMARK [2][-]{subsection.13.23}{\376\377\000I\000n\000s\000t\000r\000u\000c\000t\000i\000o\000n\000\040\000T\000i\000m\000i\000n\000g\000s}{section.13}% 127
\BOOKMARK [2][-]{subsection.13.24}{\376\377\000F\000l\000o\000a\000t\000i\000n\000g\000-\000P\000o\000i\000n\000t\000\040\000a\000n\000d\000\040\0006\0004\000-\000B\000i\000t\000\040\000I\000n\000s\000t\000r\000u\000c\000t\000i\000o\000n\000s}{section.13}% 128
\BOOKMARK [2][-]{subsection.13.25}{\376\377\000F\000l\000o\000a\000t\000i\000n\000g\000-\000P\000o\000i\000n\000t\000\040\000I\000n\000s\000t\000r\000u\000c\000t\000i\000o\000n\000s}{section.13}% 129
\BOOKMARK [2][-]{subsection.13.26}{\376\377\0006\0004\000-\000B\000i\000t\000\040\000I\000n\000s\000t\000r\000u\000c\000t\000i\000o\000n\000s}{section.13}% 130
\BOOKMARK [2][-]{subsection.13.27}{\376\377\000M\000e\000m\000o\000r\000y\000\040\000A\000d\000d\000r\000e\000s\000s\000i\000n\000g}{section.13}% 131
\BOOKMARK [2][-]{subsection.13.28}{\376\377\000C\000o\000m\000p\000l\000e\000t\000e\000\040\000P\000r\000o\000g\000r\000a\000m\000:\000\040\0003\0002\000-\000B\000i\000t\000\040\000A\000s\000s\000e\000m\000b\000l\000y\000\040\000L\000i\000s\000t\000i\000n\000g}{section.13}% 132
\BOOKMARK [2][-]{subsection.13.29}{\376\377\000C\000o\000m\000p\000l\000e\000t\000e\000\040\000P\000r\000o\000g\000r\000a\000m\000:\000\040\000F\000l\000o\000a\000t\000i\000n\000g\000-\000P\000o\000i\000n\000t\000\040\000a\000n\000d\000\040\0006\0004\000-\000B\000i\000t\000\040\000A\000s\000s\000e\000m\000b\000l\000y\000\040\000L\000i\000s\000t\000i\000n\000g}{section.13}% 133
\BOOKMARK [2][-]{subsection.13.30}{\376\377\000S\000u\000m\000m\000a\000r\000y}{section.13}% 134
\BOOKMARK [2][-]{subsection.13.31}{\376\377\000E\000x\000e\000r\000c\000i\000s\000e\000s\000\040\000\050\000I\000t\000e\000m\000s\000\040\000M\000a\000r\000k\000e\000d\000\040\000w\000i\000t\000h\000\040\000a\000n\000\040\000*\000\040\000H\000a\000v\000e\000\040\000S\000o\000l\000u\000t\000i\000o\000n\000s\000\040\000i\000n\000\040\000A\000p\000p\000e\000n\000d\000i\000x\000\040\000D\000\051}{section.13}% 135
\BOOKMARK [1][-]{section.14}{\376\377\000A\000p\000p\000e\000n\000d\000i\000x\000\040\000A\000:\000\040\000D\000i\000r\000e\000c\000t\000i\000o\000n\000s\000\040\000f\000o\000r\000\040\000M\000A\000S\000M\000\040\000i\000n\000\040\000V\000i\000s\000u\000a\000l\000\040\000S\000t\000u\000d\000i\000o\000\040\0002\0000\0001\0009\000\040\000C\000o\000m\000m\000u\000n\000i\000t\000y\000\040\000E\000d\000i\000t\000i\000o\000n}{}% 136
\BOOKMARK [1][-]{section.15}{\376\377\000A\000.\000\040\0001\000\040\000C\000\040\000P\000r\000o\000g\000r\000a\000m\000s\000\040\000w\000i\000t\000h\000\040\000I\000n\000l\000i\000n\000e\000\040\000A\000s\000s\000e\000m\000b\000l\000y}{}% 137
\BOOKMARK [1][-]{section.16}{\376\377\000A\000.\000\040\0002\000\040\0003\0002\000-\000B\000i\000t\000\040\000I\000n\000t\000e\000g\000e\000r\000\040\000a\000n\000d\000\040\000F\000l\000o\000a\000t\000i\000n\000g\000-\000P\000o\000i\000n\000t\000\040\000M\000A\000S\000M\000\040\000P\000r\000o\000g\000r\000a\000m\000s}{}% 138
\BOOKMARK [1][-]{section.17}{\376\377\000A\000.\000\040\0003\000\040\0006\0004\000-\000B\000i\000t\000\040\000I\000n\000t\000e\000g\000e\000r\000\040\000M\000A\000S\000M\000\040\000P\000r\000o\000g\000r\000a\000m\000s}{}% 139
\BOOKMARK [1][-]{section.18}{\376\377\000A\000.\000\040\0004\000\040\000M\000A\000S\000M\000\040\000A\000s\000s\000e\000m\000b\000l\000y\000\040\000L\000i\000s\000t\000i\000n\000g\000s\000\040\000\050\000.\0001\000s\000t\000\040\000F\000i\000l\000e\000\051}{}% 140
\BOOKMARK [1][-]{section.19}{\376\377\000A\000p\000p\000e\000n\000d\000i\000x\000\040\000B\000:\000\040\000B\000i\000n\000a\000r\000y\000,\000\040\000H\000e\000x\000a\000d\000e\000c\000i\000m\000a\000l\000,\000\040\000L\000o\000g\000i\000c\000,\000\040\000A\000r\000i\000t\000h\000m\000e\000t\000i\000c\000,\000\040\000a\000n\000d\000\040\000D\000a\000t\000a\000\040\000R\000e\000p\000r\000e\000s\000e\000n\000t\000a\000t\000i\000o\000n}{}% 141
\BOOKMARK [1][-]{section.20}{\376\377\000B\000.\000\040\0001\000\040\000D\000e\000c\000i\000m\000a\000l\000\040\000a\000n\000d\000\040\000B\000i\000n\000a\000r\000y\000\040\000N\000u\000m\000b\000e\000r\000s}{}% 142
\BOOKMARK [1][-]{section.21}{\376\377\000B\000.\000\040\0002\000\040\000H\000e\000x\000a\000d\000e\000c\000i\000m\000a\000l\000\040\000N\000u\000m\000b\000e\000r\000s}{}% 143
\BOOKMARK [1][-]{section.22}{\376\377\000B\000.\000\040\0003\000\040\000O\000v\000e\000r\000v\000i\000e\000w\000\040\000o\000f\000\040\000L\000o\000g\000i\000c}{}% 144
\BOOKMARK [1][-]{section.23}{\376\377\000B\000.\000\040\0004\000\040\000U\000n\000s\000i\000g\000n\000e\000d\000\040\000N\000u\000m\000b\000e\000r\000s\000\040\000a\000n\000d\000\040\000A\000d\000d\000i\000t\000i\000o\000n}{}% 145
\BOOKMARK [1][-]{section.24}{\376\377\000B\000.\000\040\0005\000\040\000S\000i\000g\000n\000e\000d\000\040\000N\000u\000m\000b\000e\000r\000s}{}% 146
\BOOKMARK [1][-]{section.25}{\376\377\000B\000.\000\040\0006\000\040\000A\000d\000d\000i\000t\000i\000o\000n\000\040\000a\000n\000d\000\040\000S\000u\000b\000t\000r\000a\000c\000t\000i\000o\000n\000\040\000o\000f\000\040\000S\000i\000g\000n\000e\000d\000\040\000N\000u\000m\000b\000e\000r\000s}{}% 147
\BOOKMARK [1][-]{section.26}{}{}% 148
\BOOKMARK [1][-]{section.27}{\376\377\000B\000.\000\040\0007\000\040\000F\000l\000o\000a\000t\000i\000n\000g\000-\000P\000o\000i\000n\000t\000\040\000N\000u\000m\000b\000e\000r\000s}{}% 149
\BOOKMARK [1][-]{section.28}{}{}% 150
\BOOKMARK [1][-]{section.29}{}{}% 151
\BOOKMARK [1][-]{section.30}{\376\377\000B\000.\000\040\0008\000\040\000C\000h\000a\000r\000a\000c\000t\000e\000r\000s}{}% 152
\BOOKMARK [1][-]{section.31}{\376\377\000B\000.\000\040\0009\000\040\000H\000e\000x\000/\000A\000S\000C\000I\000I\000\040\000T\000a\000b\000l\000e}{}% 153
\BOOKMARK [1][-]{section.32}{\376\377\000B\000.\000\040\0001\0000\000\040\000S\000u\000m\000m\000a\000r\000y}{}% 154
\BOOKMARK [1][-]{section.33}{\376\377\000B\000.\000\040\0001\0001\000\040\000E\000x\000e\000r\000c\000i\000s\000e\000s\000\040\000\050\000I\000t\000e\000m\000s\000\040\000M\000a\000r\000k\000e\000d\000\040\000w\000i\000t\000h\000\040\000a\000n\000\040\000*\000\040\000H\000a\000v\000e\000\040\000S\000o\000l\000u\000t\000i\000o\000n\000s\000\040\000i\000n\000\040\000A\000p\000p\000e\000n\000d\000i\000x\000\040\000D\000\051}{}% 155
\BOOKMARK [1][-]{section.34}{\376\377\000A\000p\000p\000e\000n\000d\000i\000x\000\040\000C\000:\000\040\000S\000e\000l\000e\000c\000t\000e\000d\000\040\000A\000s\000s\000e\000m\000b\000l\000y\000\040\000L\000a\000n\000g\000u\000a\000g\000e\000\040\000I\000n\000s\000t\000r\000u\000c\000t\000i\000o\000n\000s}{}% 156
\BOOKMARK [1][-]{section.35}{\376\377\000I\000n\000s\000t\000r\000u\000c\000t\000i\000o\000n\000\040\000O\000p\000e\000r\000a\000n\000d\000s\000\040\000S\000t\000a\000t\000u\000s\000\040\000f\000l\000a\000g\000s\000\040\000a\000f\000f\000e\000c\000t\000e\000d\000\040\000i\000n\000\040\000e\000f\000l\000a\000g\000s\000\040\000r\000e\000g\000i\000s\000t\000e\000r}{}% 157
\BOOKMARK [1][-]{section.36}{\376\377\000c\000m\000p\000s\000b\000\040\000n\000o\000n\000e\000\040\000C\000,\000O\000,\000Z\000,\000S\000\040\000a\000r\000e\000\040\000m\000o\000d\000i\000f\000i\000e\000d}{}% 158
\BOOKMARK [1][-]{section.37}{\376\377\000i\000n\000c}{}% 159
\BOOKMARK [1][-]{section.38}{\376\377\000I\000n\000s\000t\000r\000u\000c\000t\000i\000o\000n\000:\000\040\000D\000e\000s\000c\000r\000i\000p\000t\000i\000o\000n\000:}{}% 160
\BOOKMARK [1][-]{section.39}{\376\377\000t\000e\000s\000t}{}% 161
\BOOKMARK [1][-]{section.40}{\376\377\000.\000A\000.\000\040\000C\000o\000r\000r\000e\000c\000t}{}% 162
\BOOKMARK [1][-]{section.41}{\376\377\000C\000h\000a\000p\000t\000e\000r\000\040\0002}{}% 163
\BOOKMARK [1][-]{section.42}{\376\377\000C\000h\000a\000p\000t\000e\000r\000\040\0003}{}% 164
\BOOKMARK [1][-]{section.43}{\376\377\000C\000h\000a\000p\000t\000e\000r\000\040\0004}{}% 165
\BOOKMARK [1][-]{section.44}{\376\377\000C\000h\000a\000p\000t\000e\000r\000\040\0005}{}% 166
\BOOKMARK [1][-]{section.45}{\376\377\000C\000h\000a\000p\000t\000e\000r\000\040\0006}{}% 167
\BOOKMARK [1][-]{section.46}{\376\377\000C\000h\000a\000p\000t\000e\000r\000\040\0007}{}% 168
\BOOKMARK [1][-]{section.47}{\376\377\000C\000h\000a\000p\000t\000e\000r\000\040\0008}{}% 169
\BOOKMARK [1][-]{section.48}{\376\377\000C\000h\000a\000p\000t\000e\000r\000\040\0009}{}% 170
\BOOKMARK [1][-]{section.49}{\376\377\000C\000h\000a\000p\000t\000e\000r\0001\0000}{}% 171
\BOOKMARK [1][-]{section.50}{\376\377\000C\000h\000a\000p\000t\000e\000r\0001\0001}{}% 172
\BOOKMARK [1][-]{section.51}{\376\377\000C\000h\000a\000p\000t\000e\000r\0001\0002}{}% 173
\BOOKMARK [1][-]{section.52}{\376\377\000A\000p\000p\000e\000n\000d\000i\000x\000\040\000B}{}% 174
\BOOKMARK [1][-]{section.53}{\376\377\000G\000l\000o\000s\000s\000a\000r\000y}{}% 175
\BOOKMARK [1][-]{section.54}{\376\377\000R\000e\000f\000e\000r\000e\000n\000c\000e\000s}{}% 176
\BOOKMARK [1][-]{section.55}{\376\377\000A}{}% 177
\BOOKMARK [1][-]{section.56}{\376\377\000B}{}% 178
\BOOKMARK [1][-]{section.57}{\376\377\000C}{}% 179
\BOOKMARK [1][-]{section.58}{\376\377\000D}{}% 180
\BOOKMARK [1][-]{section.59}{\376\377\000E}{}% 181
\BOOKMARK [1][-]{section.60}{\376\377\000F}{}% 182
\BOOKMARK [1][-]{section.61}{\376\377\000H}{}% 183
\BOOKMARK [1][-]{section.62}{\376\377\000I}{}% 184
\BOOKMARK [1][-]{section.63}{\376\377\000J}{}% 185
\BOOKMARK [1][-]{section.64}{\376\377\000L}{}% 186
\BOOKMARK [1][-]{section.65}{\376\377\000M}{}% 187
\BOOKMARK [1][-]{section.66}{\376\377\000N}{}% 188
\BOOKMARK [1][-]{section.67}{}{}% 189
\BOOKMARK [1][-]{section.68}{\376\377\000P}{}% 190
\BOOKMARK [1][-]{section.69}{\376\377\000Q}{}% 191
\BOOKMARK [1][-]{section.70}{\376\377\000R}{}% 192
\BOOKMARK [1][-]{section.71}{\376\377\000S}{}% 193
\BOOKMARK [1][-]{section.72}{\376\377\000T}{}% 194
\BOOKMARK [1][-]{section.73}{\376\377\000U}{}% 195
\BOOKMARK [1][-]{section.74}{\376\377\000V}{}% 196
\BOOKMARK [1][-]{section.75}{\376\377\000W}{}% 197
\BOOKMARK [1][-]{section.76}{\376\377\000X}{}% 198
\BOOKMARK [1][-]{section.77}{\376\377\000Z}{}% 199
