This is XeTeX, Version 3.141592653-2.6-0.999997 (TeX Live 2025) (preloaded format=xelatex 2025.9.28)  10 OCT 2025 20:29
entering extended mode
 restricted \write18 enabled.
 %&-line parsing enabled.
**"/Users/aliasgar/Desktop/Ali Asgar/Stony Brook/Advanced Project/local/files/a
lgorithms/original/algorithms_final.tex"

(/Users/aliasgar/Desktop/Ali Asgar/Stony Brook/Advanced Project/local/files/alg
orithms/original/algorithms_final.tex
LaTeX2e <2025-06-01> patch level 1
L3 programming layer <2025-09-02>
(/usr/local/texlive/2025/texmf-dist/tex/latex/base/book.cls
Document Class: book 2025/01/22 v1.4n Standard LaTeX document class
(/usr/local/texlive/2025/texmf-dist/tex/latex/base/bk10.clo
File: bk10.clo 2025/01/22 v1.4n Standard LaTeX file (size option)
)
\c@part=\count271
\c@chapter=\count272
\c@section=\count273
\c@subsection=\count274
\c@subsubsection=\count275
\c@paragraph=\count276
\c@subparagraph=\count277
\c@figure=\count278
\c@table=\count279
\abovecaptionskip=\skip49
\belowcaptionskip=\skip50
\bibindent=\dimen148
)
(/usr/local/texlive/2025/texmf-dist/tex/latex/base/inputenc.sty
Package: inputenc 2024/02/08 v1.3d Input encoding file
\inpenc@prehook=\toks17
\inpenc@posthook=\toks18


Package inputenc Warning: inputenc package ignored with utf8 based engines.

) (/usr/local/texlive/2025/texmf-dist/tex/latex/base/fontenc.sty
Package: fontenc 2024/12/21 v2.1c Standard LaTeX package
LaTeX Font Info:    Trying to load font information for T1+lmr on input line 11
6.

(/usr/local/texlive/2025/texmf-dist/tex/latex/lm/t1lmr.fd
File: t1lmr.fd 2015/05/01 v1.6.1 Font defs for Latin Modern
))
(/usr/local/texlive/2025/texmf-dist/tex/latex/graphics/graphicx.sty
Package: graphicx 2024/12/31 v1.2e Enhanced LaTeX Graphics (DPC,SPQR)

(/usr/local/texlive/2025/texmf-dist/tex/latex/graphics/keyval.sty
Package: keyval 2022/05/29 v1.15 key=value parser (DPC)
\KV@toks@=\toks19
)
(/usr/local/texlive/2025/texmf-dist/tex/latex/graphics/graphics.sty
Package: graphics 2024/08/06 v1.4g Standard LaTeX Graphics (DPC,SPQR)

(/usr/local/texlive/2025/texmf-dist/tex/latex/graphics/trig.sty
Package: trig 2023/12/02 v1.11 sin cos tan (DPC)
)
(/usr/local/texlive/2025/texmf-dist/tex/latex/graphics-cfg/graphics.cfg
File: graphics.cfg 2016/06/04 v1.11 sample graphics configuration
)
Package graphics Info: Driver file: xetex.def on input line 106.

(/usr/local/texlive/2025/texmf-dist/tex/latex/graphics-def/xetex.def
File: xetex.def 2022/09/22 v5.0n Graphics/color driver for xetex
))
\Gin@req@height=\dimen149
\Gin@req@width=\dimen150
)
(/usr/local/texlive/2025/texmf-dist/tex/latex/adjustbox/adjustbox.sty
Package: adjustbox 2025/02/26 v1.3c Adjusting TeX boxes (trim, clip, ...)

(/usr/local/texlive/2025/texmf-dist/tex/latex/xkeyval/xkeyval.sty
Package: xkeyval 2022/06/16 v2.9 package option processing (HA)

(/usr/local/texlive/2025/texmf-dist/tex/generic/xkeyval/xkeyval.tex
(/usr/local/texlive/2025/texmf-dist/tex/generic/xkeyval/xkvutils.tex
\XKV@toks=\toks20
\XKV@tempa@toks=\toks21
)
\XKV@depth=\count280
File: xkeyval.tex 2014/12/03 v2.7a key=value parser (HA)
))
(/usr/local/texlive/2025/texmf-dist/tex/latex/adjustbox/adjcalc.sty
Package: adjcalc 2012/05/16 v1.1 Provides advanced setlength with multiple back
-ends (calc, etex, pgfmath)
)
(/usr/local/texlive/2025/texmf-dist/tex/latex/adjustbox/trimclip.sty
Package: trimclip 2025/02/21 v1.2a Trim and clip general TeX material

(/usr/local/texlive/2025/texmf-dist/tex/latex/collectbox/collectbox.sty
Package: collectbox 2022/10/17 v0.4c Collect macro arguments as boxes
\collectedbox=\box53
)
\tc@llx=\dimen151
\tc@lly=\dimen152
\tc@urx=\dimen153
\tc@ury=\dimen154
Package trimclip Info: Using driver 'tc-xetex.def'.

(/usr/local/texlive/2025/texmf-dist/tex/latex/adjustbox/tc-xetex.def
File: tc-xetex.def 2019/01/04 v2.2 Clipping driver for xetex
))
\adjbox@Width=\dimen155
\adjbox@Height=\dimen156
\adjbox@Depth=\dimen157
\adjbox@Totalheight=\dimen158
\adjbox@pwidth=\dimen159
\adjbox@pheight=\dimen160
\adjbox@pdepth=\dimen161
\adjbox@ptotalheight=\dimen162

(/usr/local/texlive/2025/texmf-dist/tex/latex/ifoddpage/ifoddpage.sty
Package: ifoddpage 2022/10/18 v1.2 Conditionals for odd/even page detection
\c@checkoddpage=\count281
)
(/usr/local/texlive/2025/texmf-dist/tex/latex/varwidth/varwidth.sty
Package: varwidth 2009/03/30 ver 0.92;  Variable-width minipages
\@vwid@box=\box54
\sift@deathcycles=\count282
\@vwid@loff=\dimen163
\@vwid@roff=\dimen164
)
==> First Aid for varwidth.sty applied!
) (/usr/local/texlive/2025/texmf-dist/tex/latex/hyperref/hyperref.sty
Package: hyperref 2025-07-12 v7.01o Hypertext links for LaTeX

(/usr/local/texlive/2025/texmf-dist/tex/generic/iftex/iftex.sty
Package: iftex 2024/12/12 v1.0g TeX engine tests
)
(/usr/local/texlive/2025/texmf-dist/tex/latex/kvsetkeys/kvsetkeys.sty
Package: kvsetkeys 2022-10-05 v1.19 Key value parser (HO)
)
(/usr/local/texlive/2025/texmf-dist/tex/generic/kvdefinekeys/kvdefinekeys.sty
Package: kvdefinekeys 2019-12-19 v1.6 Define keys (HO)
)
(/usr/local/texlive/2025/texmf-dist/tex/generic/pdfescape/pdfescape.sty
Package: pdfescape 2019/12/09 v1.15 Implements pdfTeX's escape features (HO)

(/usr/local/texlive/2025/texmf-dist/tex/generic/ltxcmds/ltxcmds.sty
Package: ltxcmds 2023-12-04 v1.26 LaTeX kernel commands for general use (HO)
)
(/usr/local/texlive/2025/texmf-dist/tex/generic/pdftexcmds/pdftexcmds.sty
Package: pdftexcmds 2020-06-27 v0.33 Utility functions of pdfTeX for LuaTeX (HO
)

(/usr/local/texlive/2025/texmf-dist/tex/generic/infwarerr/infwarerr.sty
Package: infwarerr 2019/12/03 v1.5 Providing info/warning/error messages (HO)
)
Package pdftexcmds Info: \pdf@primitive is available.
Package pdftexcmds Info: \pdf@ifprimitive is available.
Package pdftexcmds Info: \pdfdraftmode not found.
))
(/usr/local/texlive/2025/texmf-dist/tex/latex/hycolor/hycolor.sty
Package: hycolor 2020-01-27 v1.10 Color options for hyperref/bookmark (HO)
)
(/usr/local/texlive/2025/texmf-dist/tex/latex/hyperref/nameref.sty
Package: nameref 2025-06-21 v2.57 Cross-referencing by name of section

(/usr/local/texlive/2025/texmf-dist/tex/latex/refcount/refcount.sty
Package: refcount 2019/12/15 v3.6 Data extraction from label references (HO)
)
(/usr/local/texlive/2025/texmf-dist/tex/generic/gettitlestring/gettitlestring.s
ty
Package: gettitlestring 2019/12/15 v1.6 Cleanup title references (HO)
 (/usr/local/texlive/2025/texmf-dist/tex/latex/kvoptions/kvoptions.sty
Package: kvoptions 2022-06-15 v3.15 Key value format for package options (HO)
))
\c@section@level=\count283
)
(/usr/local/texlive/2025/texmf-dist/tex/latex/etoolbox/etoolbox.sty
Package: etoolbox 2025/02/11 v2.5l e-TeX tools for LaTeX (JAW)
\etb@tempcnta=\count284
)
(/usr/local/texlive/2025/texmf-dist/tex/generic/stringenc/stringenc.sty
Package: stringenc 2019/11/29 v1.12 Convert strings between diff. encodings (HO
)
)
\@linkdim=\dimen165
\Hy@linkcounter=\count285
\Hy@pagecounter=\count286

(/usr/local/texlive/2025/texmf-dist/tex/latex/hyperref/pd1enc.def
File: pd1enc.def 2025-07-12 v7.01o Hyperref: PDFDocEncoding definition (HO)
)
(/usr/local/texlive/2025/texmf-dist/tex/generic/intcalc/intcalc.sty
Package: intcalc 2019/12/15 v1.3 Expandable calculations with integers (HO)
)
\Hy@SavedSpaceFactor=\count287

(/usr/local/texlive/2025/texmf-dist/tex/latex/hyperref/puenc.def
File: puenc.def 2025-07-12 v7.01o Hyperref: PDF Unicode definition (HO)
)
Package hyperref Info: Hyper figures OFF on input line 4195.
Package hyperref Info: Link nesting OFF on input line 4200.
Package hyperref Info: Hyper index ON on input line 4203.
Package hyperref Info: Plain pages OFF on input line 4210.
Package hyperref Info: Backreferencing OFF on input line 4215.
Package hyperref Info: Implicit mode ON; LaTeX internals redefined.
Package hyperref Info: Bookmarks ON on input line 4462.
\c@Hy@tempcnt=\count288

(/usr/local/texlive/2025/texmf-dist/tex/latex/url/url.sty
\Urlmuskip=\muskip17
Package: url 2013/09/16  ver 3.4  Verb mode for urls, etc.
)
LaTeX Info: Redefining \url on input line 4801.
\XeTeXLinkMargin=\dimen166

(/usr/local/texlive/2025/texmf-dist/tex/generic/bitset/bitset.sty
Package: bitset 2019/12/09 v1.3 Handle bit-vector datatype (HO)

(/usr/local/texlive/2025/texmf-dist/tex/generic/bigintcalc/bigintcalc.sty
Package: bigintcalc 2019/12/15 v1.5 Expandable calculations on big integers (HO
)
))
\Fld@menulength=\count289
\Field@Width=\dimen167
\Fld@charsize=\dimen168
Package hyperref Info: Hyper figures OFF on input line 6078.
Package hyperref Info: Link nesting OFF on input line 6083.
Package hyperref Info: Hyper index ON on input line 6086.
Package hyperref Info: backreferencing OFF on input line 6093.
Package hyperref Info: Link coloring OFF on input line 6098.
Package hyperref Info: Link coloring with OCG OFF on input line 6103.
Package hyperref Info: PDF/A mode OFF on input line 6108.
\Hy@abspage=\count290
\c@Item=\count291
\c@Hfootnote=\count292
)
Package hyperref Info: Driver (autodetected): hxetex.

(/usr/local/texlive/2025/texmf-dist/tex/latex/hyperref/hxetex.def
File: hxetex.def 2025-07-12 v7.01o Hyperref driver for XeTeX
\pdfm@box=\box55
\c@Hy@AnnotLevel=\count293
\HyField@AnnotCount=\count294
\Fld@listcount=\count295
\c@bookmark@seq@number=\count296

(/usr/local/texlive/2025/texmf-dist/tex/latex/rerunfilecheck/rerunfilecheck.sty
Package: rerunfilecheck 2025-06-21 v1.11 Rerun checks for auxiliary files (HO)

(/usr/local/texlive/2025/texmf-dist/tex/generic/uniquecounter/uniquecounter.sty
Package: uniquecounter 2019/12/15 v1.4 Provide unlimited unique counter (HO)
)
Package uniquecounter Info: New unique counter `rerunfilecheck' on input line 2
84.
)
\Hy@SectionHShift=\skip51
)
Package hyperref Info: Option `colorlinks' set `true' on input line 8.
 (/usr/local/texlive/2025/texmf-dist/tex/latex/amsmath/amsmath.sty
Package: amsmath 2025/06/16 v2.17y AMS math features
\@mathmargin=\skip52

For additional information on amsmath, use the `?' option.
(/usr/local/texlive/2025/texmf-dist/tex/latex/amsmath/amstext.sty
Package: amstext 2024/11/17 v2.01 AMS text

(/usr/local/texlive/2025/texmf-dist/tex/latex/amsmath/amsgen.sty
File: amsgen.sty 1999/11/30 v2.0 generic functions
\@emptytoks=\toks22
\ex@=\dimen169
))
(/usr/local/texlive/2025/texmf-dist/tex/latex/amsmath/amsbsy.sty
Package: amsbsy 1999/11/29 v1.2d Bold Symbols
\pmbraise@=\dimen170
)
(/usr/local/texlive/2025/texmf-dist/tex/latex/amsmath/amsopn.sty
Package: amsopn 2022/04/08 v2.04 operator names
)
\inf@bad=\count297
LaTeX Info: Redefining \frac on input line 233.
\uproot@=\count298
\leftroot@=\count299
LaTeX Info: Redefining \overline on input line 398.
LaTeX Info: Redefining \colon on input line 409.
\classnum@=\count300
\DOTSCASE@=\count301
LaTeX Info: Redefining \ldots on input line 495.
LaTeX Info: Redefining \dots on input line 498.
LaTeX Info: Redefining \cdots on input line 619.
\Mathstrutbox@=\box56
\strutbox@=\box57
LaTeX Info: Redefining \big on input line 721.
LaTeX Info: Redefining \Big on input line 722.
LaTeX Info: Redefining \bigg on input line 723.
LaTeX Info: Redefining \Bigg on input line 724.
\big@size=\dimen171
LaTeX Font Info:    Redeclaring font encoding OML on input line 742.
LaTeX Font Info:    Redeclaring font encoding OMS on input line 743.
\macc@depth=\count302
LaTeX Info: Redefining \bmod on input line 904.
LaTeX Info: Redefining \pmod on input line 909.
LaTeX Info: Redefining \smash on input line 939.
LaTeX Info: Redefining \relbar on input line 969.
LaTeX Info: Redefining \Relbar on input line 970.
\c@MaxMatrixCols=\count303
\dotsspace@=\muskip18
\c@parentequation=\count304
\dspbrk@lvl=\count305
\tag@help=\toks23
\row@=\count306
\column@=\count307
\maxfields@=\count308
\andhelp@=\toks24
\eqnshift@=\dimen172
\alignsep@=\dimen173
\tagshift@=\dimen174
\tagwidth@=\dimen175
\totwidth@=\dimen176
\lineht@=\dimen177
\@envbody=\toks25
\multlinegap=\skip53
\multlinetaggap=\skip54
\mathdisplay@stack=\toks26
LaTeX Info: Redefining \[ on input line 2949.
LaTeX Info: Redefining \] on input line 2950.
)
(/usr/local/texlive/2025/texmf-dist/tex/latex/amsfonts/amsfonts.sty
Package: amsfonts 2013/01/14 v3.01 Basic AMSFonts support
\symAMSa=\mathgroup4
\symAMSb=\mathgroup5
LaTeX Font Info:    Redeclaring math symbol \hbar on input line 98.
LaTeX Font Info:    Overwriting math alphabet `\mathfrak' in version `bold'
(Font)                  U/euf/m/n --> U/euf/b/n on input line 106.
)
(/usr/local/texlive/2025/texmf-dist/tex/latex/amsfonts/amssymb.sty
Package: amssymb 2013/01/14 v3.01 AMS font symbols
)
(/usr/local/texlive/2025/texmf-dist/tex/latex/mhchem/mhchem.sty
Package: mhchem 2024/01/29 v4.10 for typesetting chemical formulae

(/usr/local/texlive/2025/texmf-dist/tex/latex/l3kernel/expl3.sty
Package: expl3 2025-09-02 L3 programming layer (loader) 

(/usr/local/texlive/2025/texmf-dist/tex/latex/l3backend/l3backend-xetex.def
File: l3backend-xetex.def 2025-06-09 L3 backend support: XeTeX
\g__graphics_track_int=\count309
\g__pdfannot_backend_int=\count310
\g__pdfannot_backend_link_int=\count311
))
(/usr/local/texlive/2025/texmf-dist/tex/latex/l3packages/l3keys2e/l3keys2e.sty
Package: l3keys2e 2024-08-16 LaTeX2e option processing using LaTeX3 keys
) (/usr/local/texlive/2025/texmf-dist/tex/latex/tools/calc.sty
Package: calc 2025/03/01 v4.3b Infix arithmetic (KKT,FJ)
\calc@Acount=\count312
\calc@Bcount=\count313
\calc@Adimen=\dimen178
\calc@Bdimen=\dimen179
\calc@Askip=\skip55
\calc@Bskip=\skip56
LaTeX Info: Redefining \setlength on input line 86.
LaTeX Info: Redefining \addtolength on input line 87.
\calc@Ccount=\count314
\calc@Cskip=\skip57
)
(/usr/local/texlive/2025/texmf-dist/tex/latex/chemgreek/chemgreek.sty
(/usr/local/texlive/2025/texmf-dist/tex/latex/l3packages/xparse/xparse.sty
Package: xparse 2024-08-16 L3 Experimental document command parser
)
Package: chemgreek 2020/01/16 v1.1a interface for upright Greek letters for use
 in chemistry (CN)
\l__chemgreek_tmpa_int=\count315
\g__chemgreek_tmpa_int=\count316
)
\l__mhchem_ce_distanceFromLastComma_int=\count317
\__mhchem_arrow_extPgfLength_skip=\skip58
\mhchem@minispace@tmp=\skip59
\mhchem@minibackspace@tmp=\skip60
\mhchem@bondwidth=\skip61
\mhchem@bondheight=\skip62
\mhchem@smallbondwidth@tmpA=\skip63
\mhchem@smallbondwidth@tmpB=\skip64
\mhchem@smallbondwidth=\skip65
\mhchem@bondtmp@minussidebearingleft=\skip66
\mhchem@bondtmp@minussidebearingright=\skip67
\l__mhchem_option_version_int=\count318
\mhchem@option@minusmathsidebearingleft=\dimen180
\mhchem@option@minusmathsidebearingright=\dimen181
\mhchem@option@minustextsidebearingleft=\dimen182
\mhchem@option@minustextsidebearingright=\dimen183
)
(/usr/local/texlive/2025/texmf-dist/tex/latex/stmaryrd/stmaryrd.sty
Package: stmaryrd 1994/03/03 St Mary's Road symbol package
\symstmry=\mathgroup6
LaTeX Font Info:    Overwriting symbol font `stmry' in version `bold'
(Font)                  U/stmry/m/n --> U/stmry/b/n on input line 89.
)
(/usr/local/texlive/2025/texmf-dist/tex/latex/multirow/multirow.sty
Package: multirow 2024/11/12 v2.9 Span multiple rows of a table
\multirow@colwidth=\skip68
\multirow@cntb=\count319
\multirow@dima=\skip69
\bigstrutjot=\dimen184
)
(/usr/local/texlive/2025/texmf-dist/tex/latex/fvextra/fvextra.sty
Package: fvextra 2025/05/29 v1.13.2 fvextra - extensions and patches for fancyv
rb

(/usr/local/texlive/2025/texmf-dist/tex/latex/fancyvrb/fancyvrb.sty
Package: fancyvrb 2025/07/28 4.6 verbatim text (tvz,hv)
\FV@CodeLineNo=\count320
\FV@InFile=\read2
\FV@TabBox=\box58
\c@FancyVerbLine=\count321
\FV@StepNumber=\count322
\FV@OutFile=\write3
)
(/usr/local/texlive/2025/texmf-dist/tex/latex/upquote/upquote.sty
Package: upquote 2012/04/19 v1.3 upright-quote and grave-accent glyphs in verba
tim

(/usr/local/texlive/2025/texmf-dist/tex/latex/base/textcomp.sty
Package: textcomp 2024/04/24 v2.1b Standard LaTeX package
))
(/usr/local/texlive/2025/texmf-dist/tex/latex/lineno/lineno.sty
Package: lineno 2025/05/13 line numbers on paragraphs v5.5
\linenopenalty=\count323
\output=\toks27
\linenoprevgraf=\count324
\linenumbersep=\dimen185
\linenumberwidth=\dimen186
\c@linenumber=\count325
\c@pagewiselinenumber=\count326
\c@LN@truepage=\count327
\c@internallinenumber=\count328
\c@internallinenumbers=\count329
\quotelinenumbersep=\dimen187
\bframerule=\dimen188
\bframesep=\dimen189
\bframebox=\box59
\@LN@amsmath@ams@eqpen=\count330
)
\c@FancyVerbWriteLine=\count331
\c@FancyVerbBufferLine=\count332
\c@FV@TrueTabGroupLevel=\count333
\c@FV@TrueTabCounter=\count334
\FV@TabBox@Group=\box60
\FV@bgcolorstructbox=\box61
\FV@TmpLength=\skip70
\c@FV@HighlightLinesStart=\count335
\c@FV@HighlightLinesStop=\count336
\FV@LoopCount=\count337
\FV@NCharsBox=\box62
\FV@BreakIndent=\dimen190
\FV@BreakIndentNChars=\count338
\FV@BreakSymbolSepLeft=\dimen191
\FV@BreakSymbolSepLeftNChars=\count339
\FV@BreakSymbolSepRight=\dimen192
\FV@BreakSymbolSepRightNChars=\count340
\FV@BreakSymbolIndentLeft=\dimen193
\FV@BreakSymbolIndentLeftNChars=\count341
\FV@BreakSymbolIndentRight=\dimen194
\FV@BreakSymbolIndentRightNChars=\count342
\c@FancyVerbLineBreakLast=\count343
\FV@LineBox=\box63
\FV@LineIndentBox=\box64
\c@FV@BreakBufferDepth=\count344
\FV@LineWidth=\dimen195
)
(/usr/local/texlive/2025/texmf-dist/tex/latex/csquotes/csquotes.sty
Package: csquotes 2024-04-04 v5.2o context-sensitive quotations (JAW)
\csq@reset=\count345
\csq@gtype=\count346
\csq@glevel=\count347
\csq@qlevel=\count348
\csq@maxlvl=\count349
\csq@tshold=\count350
\csq@ltx@everypar=\toks28

(/usr/local/texlive/2025/texmf-dist/tex/latex/csquotes/csquotes.def
File: csquotes.def 2024-04-04 v5.2o csquotes generic definitions (JAW)
)
Package csquotes Info: Trying to load configuration file 'csquotes.cfg'...
Package csquotes Info: ... configuration file loaded successfully.

(/usr/local/texlive/2025/texmf-dist/tex/latex/csquotes/csquotes.cfg
File: csquotes.cfg 
))
(/usr/local/texlive/2025/texmf-dist/tex/latex/base/makeidx.sty
Package: makeidx 2021/10/04 v1.0m Standard LaTeX package
)
\@indexfile=\write4
\openout4 = `algorithms_final.idx'.


Writing index file algorithms_final.idx
Package csquotes Info: Checking for multilingual support...
Package csquotes Info: ... none found.

(/Users/aliasgar/Desktop/Ali Asgar/Stony Brook/Advanced Project/local/files/alg
orithms/original/algorithms_final.aux)
Runaway argument?
{\contentsline {figure}{\numberline {4.8}{\ignorespaces An undirected\ETC.
! File ended while scanning use of \@writefile.
<inserted text> 
                \par 
l.48 \begin{document}
                     
I suspect you have forgotten a `}', causing me
to read past where you wanted me to stop.
I'll try to recover; but if the error is serious,
you'd better type `E' or `X' now and fix your file.

\openout1 = `algorithms_final.aux'.

LaTeX Font Info:    Checking defaults for OML/cmm/m/it on input line 48.
LaTeX Font Info:    ... okay on input line 48.
LaTeX Font Info:    Checking defaults for OMS/cmsy/m/n on input line 48.
LaTeX Font Info:    ... okay on input line 48.
LaTeX Font Info:    Checking defaults for OT1/cmr/m/n on input line 48.
LaTeX Font Info:    ... okay on input line 48.
LaTeX Font Info:    Checking defaults for T1/cmr/m/n on input line 48.
LaTeX Font Info:    ... okay on input line 48.
LaTeX Font Info:    Checking defaults for TS1/cmr/m/n on input line 48.
LaTeX Font Info:    ... okay on input line 48.
LaTeX Font Info:    Checking defaults for TU/lmr/m/n on input line 48.
LaTeX Font Info:    ... okay on input line 48.
LaTeX Font Info:    Checking defaults for OMX/cmex/m/n on input line 48.
LaTeX Font Info:    ... okay on input line 48.
LaTeX Font Info:    Checking defaults for U/cmr/m/n on input line 48.
LaTeX Font Info:    ... okay on input line 48.
LaTeX Font Info:    Checking defaults for PD1/pdf/m/n on input line 48.
LaTeX Font Info:    ... okay on input line 48.
LaTeX Font Info:    Checking defaults for PU/pdf/m/n on input line 48.
LaTeX Font Info:    ... okay on input line 48.
(/usr/local/texlive/2025/texmf-dist/tex/latex/graphics/color.sty
Package: color 2025/01/14 v1.3e Standard LaTeX Color (DPC)

(/usr/local/texlive/2025/texmf-dist/tex/latex/graphics-cfg/color.cfg
File: color.cfg 2016/01/02 v1.6 sample color configuration
)
Package color Info: Driver file: xetex.def on input line 149.

(/usr/local/texlive/2025/texmf-dist/tex/latex/graphics/mathcolor.ltx))
Package hyperref Info: Link coloring ON on input line 48.

(/Users/aliasgar/Desktop/Ali Asgar/Stony Brook/Advanced Project/local/files/alg
orithms/original/algorithms_final.out)
Runaway argument?
{\376\377\000I\000m\000p\000l\000e\000m\000e\000n\000t\000a\000t\000i\ETC.
! File ended while scanning use of \@@BOOKMARK.
<inserted text> 
                \par 
l.48 \begin{document}
                     
I suspect you have forgotten a `}', causing me
to read past where you wanted me to stop.
I'll try to recover; but if the error is serious,
you'd better type `E' or `X' now and fix your file.


(/Users/aliasgar/Desktop/Ali Asgar/Stony Brook/Advanced Project/local/files/alg
orithms/original/algorithms_final.out)
Runaway argument?
{\376\377\000I\000m\000p\000l\000e\000m\000e\000n\000t\000a\000t\000i\ETC.
! File ended while scanning use of \@@BOOKMARK.
<inserted text> 
                \par 
l.48 \begin{document}
                     
I suspect you have forgotten a `}', causing me
to read past where you wanted me to stop.
I'll try to recover; but if the error is serious,
you'd better type `E' or `X' now and fix your file.

\@outlinefile=\write5
\openout5 = `algorithms_final.out'.


Package chemgreek Info: Activating mapping `default' on line 48.

LaTeX Font Info:    Trying to load font information for U+msa on input line 51.

(/usr/local/texlive/2025/texmf-dist/tex/latex/amsfonts/umsa.fd
File: umsa.fd 2013/01/14 v3.01 AMS symbols A
)
LaTeX Font Info:    Trying to load font information for U+msb on input line 51.


(/usr/local/texlive/2025/texmf-dist/tex/latex/amsfonts/umsb.fd
File: umsb.fd 2013/01/14 v3.01 AMS symbols B
)
LaTeX Font Info:    Trying to load font information for U+stmry on input line 5
1.

(/usr/local/texlive/2025/texmf-dist/tex/latex/stmaryrd/Ustmry.fd)

[1



]

[2

]
(/Users/aliasgar/Desktop/Ali Asgar/Stony Brook/Advanced Project/local/files/alg
orithms/original/algorithms_final.toc)
\tf@toc=\write6
\openout6 = `algorithms_final.toc'.



[3]

[4

]

! LaTeX Error: File `2025_03_24_35eff77eaa66f5ad98acg-001' not found.

See the LaTeX manual or LaTeX Companion for explanation.
Type  H <return>  for immediate help.
 ...                                              
                                                  
l.60 ...dth]{2025_03_24_35eff77eaa66f5ad98acg-001}
                                                  
I could not locate the file with any of these extensions:
.pdf,.PDF,.ai,.AI,.png,.PNG,.jpg,.JPG,.jpeg,.JPEG,.jp2,.JP2,.jpf,.JPF,.bmp,.BMP
,.ps,.PS,.eps,.EPS,.mps,.MPS
Try typing  <return>  to proceed.
If that doesn't work, type  X <return>  to quit.


Underfull \hbox (badness 10000) in paragraph at lines 66--70

 []



[1]

[2]
Chapter 1.


[3

]
Overfull \hbox (7.93391pt too wide) in paragraph at lines 120--121
[]\T1/lmr/m/n/10 Three as-pects of \T1/lmr/m/it/10 The Al-go-rithm De-sign Man-
ual \T1/lmr/m/n/10 have been par-tic-u-larly beloved:
 []



[4]

[5]

[6]

[7]

[8

]
(/Users/aliasgar/Desktop/Ali Asgar/Stony Brook/Advanced Project/local/files/alg
orithms/original/algorithms_final.toc)
\tf@toc=\write7
\openout7 = `algorithms_final.toc'.



[9]

[10

]
Chapter 2.

Package hyperref Warning: Difference (2) between bookmark levels is greater 
(hyperref)                than one, level fixed on input line 177.



[11]
Overfull \hbox (2.18367pt too wide) in paragraph at lines 195--196
[]\T1/lmr/m/it/10 Take-Home Les-son: \T1/lmr/m/n/10 Al-go-rithms can be un-der-
stood and stud-ied in a language-
 []


! LaTeX Error: File `2025_03_24_35eff77eaa66f5ad98acg-050' not found.

See the LaTeX manual or LaTeX Companion for explanation.
Type  H <return>  for immediate help.
 ...                                              
                                                  
l.204 ...th]{2025_03_24_35eff77eaa66f5ad98acg-050}
                                                  
I could not locate the file with any of these extensions:
.pdf,.PDF,.ai,.AI,.png,.PNG,.jpg,.JPG,.jpeg,.JPEG,.jp2,.JP2,.jpf,.JPF,.bmp,.BMP
,.ps,.PS,.eps,.EPS,.mps,.MPS
Try typing  <return>  to proceed.
If that doesn't work, type  X <return>  to quit.



[12]

[13]

! LaTeX Error: File `2025_03_24_35eff77eaa66f5ad98acg-052' not found.

See the LaTeX manual or LaTeX Companion for explanation.
Type  H <return>  for immediate help.
 ...                                              
                                                  
l.247 ...er]{2025_03_24_35eff77eaa66f5ad98acg-052}
                                                  
I could not locate the file with any of these extensions:
.pdf,.PDF,.ai,.AI,.png,.PNG,.jpg,.JPG,.jpeg,.JPEG,.jp2,.JP2,.jpf,.JPF,.bmp,.BMP
,.ps,.PS,.eps,.EPS,.mps,.MPS
Try typing  <return>  to proceed.
If that doesn't work, type  X <return>  to quit.


! LaTeX Error: File `2025_03_24_35eff77eaa66f5ad98acg-052(1)' not found.

See the LaTeX manual or LaTeX Companion for explanation.
Type  H <return>  for immediate help.
 ...                                              
                                                  
l.253 ...{2025_03_24_35eff77eaa66f5ad98acg-052(1)}
                                                  
I could not locate the file with any of these extensions:
.pdf,.PDF,.ai,.AI,.png,.PNG,.jpg,.JPG,.jpeg,.JPEG,.jp2,.JP2,.jpf,.JPF,.bmp,.BMP
,.ps,.PS,.eps,.EPS,.mps,.MPS
Try typing  <return>  to proceed.
If that doesn't work, type  X <return>  to quit.



[14]

[15]
Overfull \hbox (64.35954pt too wide) in paragraph at lines 312--332
 [] 
 []



[16]

[17]

[18]

[19]
LaTeX Font Info:    Trying to load font information for T1+lmtt on input line 4
25.
 (/usr/local/texlive/2025/texmf-dist/tex/latex/lm/t1lmtt.fd
File: t1lmtt.fd 2015/05/01 v1.6.1 Font defs for Latin Modern
)

! LaTeX Error: File `2025\_03\_24\_35eff77eaa66f5ad98acg-059' not found.

See the LaTeX manual or LaTeX Companion for explanation.
Type  H <return>  for immediate help.
 ...                                              
                                                  
l.455 ...{2025\_03\_24\_35eff77eaa66f5ad98acg-059}
                                                  
I could not locate the file with any of these extensions:
.pdf,.PDF,.ai,.AI,.png,.PNG,.jpg,.JPG,.jpeg,.JPEG,.jp2,.JP2,.jpf,.JPF,.bmp,.BMP
,.ps,.PS,.eps,.EPS,.mps,.MPS
Try typing  <return>  to proceed.
If that doesn't work, type  X <return>  to quit.



[20]

[21]

[22]

[23]

[24]

[25]

[26]

! LaTeX Error: File `2025_03_24_35eff77eaa66f5ad98acg-066' not found.

See the LaTeX manual or LaTeX Companion for explanation.
Type  H <return>  for immediate help.
 ...                                              
                                                  
l.681 ...er]{2025_03_24_35eff77eaa66f5ad98acg-066}
                                                  
I could not locate the file with any of these extensions:
.pdf,.PDF,.ai,.AI,.png,.PNG,.jpg,.JPG,.jpeg,.JPEG,.jp2,.JP2,.jpf,.JPF,.bmp,.BMP
,.ps,.PS,.eps,.EPS,.mps,.MPS
Try typing  <return>  to proceed.
If that doesn't work, type  X <return>  to quit.



[27]
Overfull \hbox (1.76485pt too wide) in paragraph at lines 739--740
[]\T1/lmr/m/n/10 The Har-monic num-bers prove im-por-tant, be-cause they usu-al
ly ex-plain "where
 []



[28]

[29]

[30]

[31]

[32]

[33]
Missing character: There is no — ("2014) in font ec-lmr10!
Missing character: There is no — ("2014) in font ec-lmr10!


[34]

[35]
Overfull \hbox (108.91133pt too wide) detected at line 957
[][]
 []


Overfull \hbox (1.40651pt too wide) in paragraph at lines 962--963
[]\T1/lmr/m/n/10 The book \T1/lmr/m/it/10 Con-crete Math-e-mat-ics \T1/lmr/m/n/
10 by Gra-ham, Knuth, and Patash-nik [GKP89]
 []

Missing character: There is no — ("2014) in font ec-lmr10!


[36]

[37]
Underfull \hbox (badness 10000) in paragraph at lines 1043--1045

 []


Overfull \hbox (4.57657pt too wide) in paragraph at lines 1084--1093
[]\T1/lmr/m/n/10 2-9. [3] For each of the fol-low-ing pairs of func-tions, $\OM
L/cmm/m/it/10 f\OT1/cmr/m/n/10 (\OML/cmm/m/it/10 n\OT1/cmr/m/n/10 )$ \T1/lmr/m/
n/10 is in $\OML/cmm/m/it/10 O\OT1/cmr/m/n/10 (\OML/cmm/m/it/10 g\OT1/cmr/m/n/1
0 (\OML/cmm/m/it/10 n\OT1/cmr/m/n/10 ))\OML/cmm/m/it/10 ; \OT1/cmr/m/n/10 
(\OML/cmm/m/it/10 g\OT1/cmr/m/n/10 (\OML/cmm/m/it/10 n\OT1/cmr/m/n/10 ))$\T1/lm
r/m/n/10 ,
 []



[38]
Overfull \hbox (24.12068pt too wide) in paragraph at lines 1133--1134
[]\T1/lmr/m/n/10 2-21. [5] Prove that for all $\OML/cmm/m/it/10 k \OMS/cmsy/m/n
/10 ^^U \OT1/cmr/m/n/10 0$ \T1/lmr/m/n/10 and all sets of real con-stants $\OMS
/cmsy/m/n/10 f\OML/cmm/m/it/10 a[]; a[]; [] ; a[]; a[]\OMS/cmsy/m/n/10 g$\T1/lm
r/m/n/10 , 
 []



[39]

[40]
Overfull \hbox (3.6848pt too wide) in paragraph at lines 1223--1228
[]\T1/lmr/m/n/10 2-33. [5] Place the fol-low-ing func-tions into in-creas-ing o
r-der: $\OML/cmm/m/it/10 f[]\OT1/cmr/m/n/10 (\OML/cmm/m/it/10 n\OT1/cmr/m/n/10 
) = \OML/cmm/m/it/10 n[] [][] n$\T1/lmr/m/n/10 ,
 []



[41]
LaTeX Font Info:    Trying to load font information for TS1+lmtt on input line 
1272.
 (/usr/local/texlive/2025/texmf-dist/tex/latex/lm/ts1lmtt.fd
File: ts1lmtt.fd 2015/05/01 v1.6.1 Font defs for Latin Modern
)

[42]

[43]

[44]
Chapter 3.

Package hyperref Warning: Difference (2) between bookmark levels is greater 
(hyperref)                than one, level fixed on input line 1345.



[45

]

[46]

! LaTeX Error: File `2025_03_24_35eff77eaa66f5ad98acg-088' not found.

See the LaTeX manual or LaTeX Companion for explanation.
Type  H <return>  for immediate help.
 ...                                              
                                                  
l.1389 ...r]{2025_03_24_35eff77eaa66f5ad98acg-088}
                                                  
I could not locate the file with any of these extensions:
.pdf,.PDF,.ai,.AI,.png,.PNG,.jpg,.JPG,.jpeg,.JPEG,.jp2,.JP2,.jpf,.JPF,.bmp,.BMP
,.ps,.PS,.eps,.EPS,.mps,.MPS
Try typing  <return>  to proceed.
If that doesn't work, type  X <return>  to quit.



[47]

[48]

[49]
Overfull \hbox (0.13956pt too wide) in paragraph at lines 1489--1490
[]\T1/lmr/m/n/10 Space ef-fi-ciency: linked struc-tures re-quire ex-tra mem-ory
 for stor-ing pointer
 []

Missing character: There is no — ("2014) in font ec-lmr10!
Missing character: There is no — ("2014) in font ec-lmr10!


[50]

[51]

[52]


Overfull \hbox (28.85931pt too wide) has occurred while \output is active
\T1/lmr/m/sl/10 3.4.  STOP AND THINK: COMPARING DICTIONARY IMPLEMENTATIONS (I) 
\T1/lmr/m/n/10 53
 []

[53]

[54]

! LaTeX Error: File `2025_03_24_35eff77eaa66f5ad98acg-096' not found.

See the LaTeX manual or LaTeX Companion for explanation.
Type  H <return>  for immediate help.
 ...                                              
                                                  
l.1649 ...r]{2025_03_24_35eff77eaa66f5ad98acg-096}
                                                  
I could not locate the file with any of these extensions:
.pdf,.PDF,.ai,.AI,.png,.PNG,.jpg,.JPG,.jpeg,.JPEG,.jp2,.JP2,.jpf,.JPF,.bmp,.BMP
,.ps,.PS,.eps,.EPS,.mps,.MPS
Try typing  <return>  to proceed.
If that doesn't work, type  X <return>  to quit.


! LaTeX Error: File `2025_03_24_35eff77eaa66f5ad98acg-097' not found.

See the LaTeX manual or LaTeX Companion for explanation.
Type  H <return>  for immediate help.
 ...                                              
                                                  
l.1668 ...r]{2025_03_24_35eff77eaa66f5ad98acg-097}
                                                  
I could not locate the file with any of these extensions:
.pdf,.PDF,.ai,.AI,.png,.PNG,.jpg,.JPG,.jpeg,.JPEG,.jp2,.JP2,.jpf,.JPF,.bmp,.BMP
,.ps,.PS,.eps,.EPS,.mps,.MPS
Try typing  <return>  to proceed.
If that doesn't work, type  X <return>  to quit.




Overfull \hbox (32.7481pt too wide) has occurred while \output is active
\T1/lmr/m/sl/10 3.5.  STOP AND THINK: COMPARING DICTIONARY IMPLEMENTATIONS (II)
 \T1/lmr/m/n/10 55
 []

[55]
Missing character: There is no — ("2014) in font ec-lmr10!

! LaTeX Error: File `2025_03_24_35eff77eaa66f5ad98acg-098' not found.

See the LaTeX manual or LaTeX Companion for explanation.
Type  H <return>  for immediate help.
 ...                                              
                                                  
l.1686 ...r]{2025_03_24_35eff77eaa66f5ad98acg-098}
                                                  
I could not locate the file with any of these extensions:
.pdf,.PDF,.ai,.AI,.png,.PNG,.jpg,.JPG,.jpeg,.JPEG,.jp2,.JP2,.jpf,.JPF,.bmp,.BMP
,.ps,.PS,.eps,.EPS,.mps,.MPS
Try typing  <return>  to proceed.
If that doesn't work, type  X <return>  to quit.



[56]

[57]

[58]

! LaTeX Error: File `2025_03_24_35eff77eaa66f5ad98acg-101' not found.

See the LaTeX manual or LaTeX Companion for explanation.
Type  H <return>  for immediate help.
 ...                                              
                                                  
l.1787 ...r]{2025_03_24_35eff77eaa66f5ad98acg-101}
                                                  
I could not locate the file with any of these extensions:
.pdf,.PDF,.ai,.AI,.png,.PNG,.jpg,.JPG,.jpeg,.JPEG,.jp2,.JP2,.jpf,.JPF,.bmp,.BMP
,.ps,.PS,.eps,.EPS,.mps,.MPS
Try typing  <return>  to proceed.
If that doesn't work, type  X <return>  to quit.



[59]

[60]
Overfull \hbox (9.96664pt too wide) in paragraph at lines 1820--1820
[]\T1/lmr/bx/n/14.4 Stop and Think: Ex-ploit-ing Bal-anced Search
 []


Overfull \hbox (199.22572pt too wide) in paragraph at lines 1841--1856
 [] 
 []



[61]
Overfull \hbox (4.05602pt too wide) in paragraph at lines 1875--1876
[]\T1/lmr/m/n/10 Naturally oc-cur-ring pro-cesses are of-ten in-for-mally mod-e
led by pri-or-ity queues.
 []



[62]

! LaTeX Error: File `2025\_03\_24\_35eff77eaa66f5ad98acg-105' not found.

See the LaTeX manual or LaTeX Companion for explanation.
Type  H <return>  for immediate help.
 ...                                              
                                                  
l.1892 ...2025\_03\_24\_35eff77eaa66f5ad98acg-105}
                                                  
I could not locate the file with any of these extensions:
.pdf,.PDF,.ai,.AI,.png,.PNG,.jpg,.JPG,.jpeg,.JPEG,.jp2,.JP2,.jpf,.JPF,.bmp,.BMP
,.ps,.PS,.eps,.EPS,.mps,.MPS
Try typing  <return>  to proceed.
If that doesn't work, type  X <return>  to quit.


! LaTeX Error: File `2025_03_24_35eff77eaa66f5ad98acg-106' not found.

See the LaTeX manual or LaTeX Companion for explanation.
Type  H <return>  for immediate help.
 ...                                              
                                                  
l.1931 ...r]{2025_03_24_35eff77eaa66f5ad98acg-106}
                                                  
I could not locate the file with any of these extensions:
.pdf,.PDF,.ai,.AI,.png,.PNG,.jpg,.JPG,.jpeg,.JPEG,.jp2,.JP2,.jpf,.JPF,.bmp,.BMP
,.ps,.PS,.eps,.EPS,.mps,.MPS
Try typing  <return>  to proceed.
If that doesn't work, type  X <return>  to quit.




Overfull \hbox (11.01147pt too wide) has occurred while \output is active
\T1/lmr/m/sl/10 3.12.  STOP AND THINK: BASIC PRIORITY QUEUE IMPLEMENTATIONS \T1
/lmr/m/n/10 63
 []

[63]

! LaTeX Error: File `2025_03_24_35eff77eaa66f5ad98acg-107' not found.

See the LaTeX manual or LaTeX Companion for explanation.
Type  H <return>  for immediate help.
 ...                                              
                                                  
l.1947 ...r]{2025_03_24_35eff77eaa66f5ad98acg-107}
                                                  
I could not locate the file with any of these extensions:
.pdf,.PDF,.ai,.AI,.png,.PNG,.jpg,.JPG,.jpeg,.JPEG,.jp2,.JP2,.jpf,.JPF,.bmp,.BMP
,.ps,.PS,.eps,.EPS,.mps,.MPS
Try typing  <return>  to proceed.
If that doesn't work, type  X <return>  to quit.



[64]


Overfull \hbox (11.01147pt too wide) has occurred while \output is active
\T1/lmr/m/sl/10 3.12.  STOP AND THINK: BASIC PRIORITY QUEUE IMPLEMENTATIONS \T1
/lmr/m/n/10 65
 []

[65]

[66]
Underfull \hbox (badness 10000) in paragraph at lines 2026--2028

 []


! LaTeX Error: File `2025_03_24_35eff77eaa66f5ad98acg-110' not found.

See the LaTeX manual or LaTeX Companion for explanation.
Type  H <return>  for immediate help.
 ...                                              
                                                  
l.2032 ...h]{2025_03_24_35eff77eaa66f5ad98acg-110}
                                                  
I could not locate the file with any of these extensions:
.pdf,.PDF,.ai,.AI,.png,.PNG,.jpg,.JPG,.jpeg,.JPEG,.jp2,.JP2,.jpf,.JPF,.bmp,.BMP
,.ps,.PS,.eps,.EPS,.mps,.MPS
Try typing  <return>  to proceed.
If that doesn't work, type  X <return>  to quit.




Overfull \hbox (11.01147pt too wide) has occurred while \output is active
\T1/lmr/m/sl/10 3.12.  STOP AND THINK: BASIC PRIORITY QUEUE IMPLEMENTATIONS \T1
/lmr/m/n/10 67
 []

[67]

[68]


Overfull \hbox (11.01147pt too wide) has occurred while \output is active
\T1/lmr/m/sl/10 3.12.  STOP AND THINK: BASIC PRIORITY QUEUE IMPLEMENTATIONS \T1
/lmr/m/n/10 69
 []

[69]
Missing character: There is no — ("2014) in font ec-lmr10!


[70]

! LaTeX Error: File `2025_03_24_35eff77eaa66f5ad98acg-115' not found.

See the LaTeX manual or LaTeX Companion for explanation.
Type  H <return>  for immediate help.
 ...                                              
                                                  
l.2156 ...h]{2025_03_24_35eff77eaa66f5ad98acg-115}
                                                  
I could not locate the file with any of these extensions:
.pdf,.PDF,.ai,.AI,.png,.PNG,.jpg,.JPG,.jpeg,.JPEG,.jp2,.JP2,.jpf,.JPF,.bmp,.BMP
,.ps,.PS,.eps,.EPS,.mps,.MPS
Try typing  <return>  to proceed.
If that doesn't work, type  X <return>  to quit.




Overfull \hbox (11.01147pt too wide) has occurred while \output is active
\T1/lmr/m/sl/10 3.12.  STOP AND THINK: BASIC PRIORITY QUEUE IMPLEMENTATIONS \T1
/lmr/m/n/10 71
 []

[71]

[72]

! LaTeX Error: File `2025_03_24_35eff77eaa66f5ad98acg-117' not found.

See the LaTeX manual or LaTeX Companion for explanation.
Type  H <return>  for immediate help.
 ...                                              
                                                  
l.2193 ...h]{2025_03_24_35eff77eaa66f5ad98acg-117}
                                                  
I could not locate the file with any of these extensions:
.pdf,.PDF,.ai,.AI,.png,.PNG,.jpg,.JPG,.jpeg,.JPEG,.jp2,.JP2,.jpf,.JPF,.bmp,.BMP
,.ps,.PS,.eps,.EPS,.mps,.MPS
Try typing  <return>  to proceed.
If that doesn't work, type  X <return>  to quit.




Overfull \hbox (11.01147pt too wide) has occurred while \output is active
\T1/lmr/m/sl/10 3.12.  STOP AND THINK: BASIC PRIORITY QUEUE IMPLEMENTATIONS \T1
/lmr/m/n/10 73
 []

[73]

[74]
Missing character: There is no ă ("103) in font ec-lmr10!
Missing character: There is no ş ("15F) in font ec-lmr10!


[75]

[76]

[77]

[78]

[79]
Overfull \hbox (9.46275pt too wide) in paragraph at lines 2399--2400
[]\T1/lmr/m/n/10 3-3. [][]https://leetcode.com/problems/construct-binary-tree-f
rom-preorder-and-
 []



[80]

[81]

! LaTeX Error: File `2025_03_24_35eff77eaa66f5ad98acg-127' not found.

See the LaTeX manual or LaTeX Companion for explanation.
Type  H <return>  for immediate help.
 ...                                              
                                                  
l.2461 ...r]{2025_03_24_35eff77eaa66f5ad98acg-127}
                                                  
I could not locate the file with any of these extensions:
.pdf,.PDF,.ai,.AI,.png,.PNG,.jpg,.JPG,.jpeg,.JPEG,.jp2,.JP2,.jpf,.JPF,.bmp,.BMP
,.ps,.PS,.eps,.EPS,.mps,.MPS
Try typing  <return>  to proceed.
If that doesn't work, type  X <return>  to quit.



[82]

[83]

[84]

[85]

[86]

! LaTeX Error: File `2025_03_24_35eff77eaa66f5ad98acg-133' not found.

See the LaTeX manual or LaTeX Companion for explanation.
Type  H <return>  for immediate help.
 ...                                              
                                                  
l.2595 ...h]{2025_03_24_35eff77eaa66f5ad98acg-133}
                                                  
I could not locate the file with any of these extensions:
.pdf,.PDF,.ai,.AI,.png,.PNG,.jpg,.JPG,.jpeg,.JPEG,.jp2,.JP2,.jpf,.JPF,.bmp,.BMP
,.ps,.PS,.eps,.EPS,.mps,.MPS
Try typing  <return>  to proceed.
If that doesn't work, type  X <return>  to quit.



[87]

[88]
Overfull \hbox (5.6227pt too wide) in paragraph at lines 2635--2635
[]\T1/lmr/bx/n/14.4 Stop and Think: Who's Where in the Heap? 
 []



[89]

[90]

[91]

[92]

[93]
Missing character: There is no ’ ("2019) in font ec-lmr10!
Missing character: There is no ’ ("2019) in font ec-lmr10!
Missing character: There is no “ ("201C) in font ec-lmr10!
Missing character: There is no ” ("201D) in font ec-lmr10!


[94]
Missing character: There is no “ ("201C) in font ec-lmr10!
Missing character: There is no ” ("201D) in font ec-lmr10!
Missing character: There is no “ ("201C) in font ec-lmr10!
Missing character: There is no ’ ("2019) in font ec-lmr10!
Missing character: There is no – ("2013) in font ec-lmr10!
Missing character: There is no ’ ("2019) in font ec-lmr10!
Missing character: There is no ” ("201D) in font ec-lmr10!
Missing character: There is no — ("2014) in font ec-lmr10!
Missing character: There is no ’ ("2019) in font ec-lmr10!
Missing character: There is no – ("2013) in font ec-lmr10!
Missing character: There is no ’ ("2019) in font ec-lmr10!
Missing character: There is no – ("2013) in font ec-lmr10!
Missing character: There is no “ ("201C) in font ec-lmr10!
Missing character: There is no ” ("201D) in font ec-lmr10!
Missing character: There is no “ ("201C) in font ec-lmr10!
Missing character: There is no ” ("201D) in font ec-lmr10!
Missing character: There is no “ ("201C) in font ec-lmr10!


[95]

[96]

! LaTeX Error: File `2025_03_24_35eff77eaa66f5ad98acg-144' not found.

See the LaTeX manual or LaTeX Companion for explanation.
Type  H <return>  for immediate help.
 ...                                              
                                                  
l.2914 ...r]{2025_03_24_35eff77eaa66f5ad98acg-144}
                                                  
I could not locate the file with any of these extensions:
.pdf,.PDF,.ai,.AI,.png,.PNG,.jpg,.JPG,.jpeg,.JPEG,.jp2,.JP2,.jpf,.JPF,.bmp,.BMP
,.ps,.PS,.eps,.EPS,.mps,.MPS
Try typing  <return>  to proceed.
If that doesn't work, type  X <return>  to quit.



[97]
Overfull \hbox (3.66614pt too wide) in paragraph at lines 2935--2936
\T1/lmr/m/n/10 The divide-and-conquer merge-sort rou-tine fol-lows nat-u-rally 
from the pseu-docode: 
 []



[98]
Overfull \hbox (22.49893pt too wide) in paragraph at lines 2974--2974
[]    \T1/lmtt/m/n/10 queue buffer1, buffer2; /* buffers to hold elements for m
erging */[] 
 []



[99]

! LaTeX Error: File `2025_03_24_35eff77eaa66f5ad98acg-147' not found.

See the LaTeX manual or LaTeX Companion for explanation.
Type  H <return>  for immediate help.
 ...                                              
                                                  
l.2996 ...r]{2025_03_24_35eff77eaa66f5ad98acg-147}
                                                  
I could not locate the file with any of these extensions:
.pdf,.PDF,.ai,.AI,.png,.PNG,.jpg,.JPG,.jpeg,.JPEG,.jp2,.JP2,.jpf,.JPF,.bmp,.BMP
,.ps,.PS,.eps,.EPS,.mps,.MPS
Try typing  <return>  to proceed.
If that doesn't work, type  X <return>  to quit.


! LaTeX Error: File `2025_03_24_35eff77eaa66f5ad98acg-148' not found.

See the LaTeX manual or LaTeX Companion for explanation.
Type  H <return>  for immediate help.
 ...                                              
                                                  
l.3024 ...r]{2025_03_24_35eff77eaa66f5ad98acg-148}
                                                  
I could not locate the file with any of these extensions:
.pdf,.PDF,.ai,.AI,.png,.PNG,.jpg,.JPG,.jpeg,.JPEG,.jp2,.JP2,.jpf,.JPF,.bmp,.BMP
,.ps,.PS,.eps,.EPS,.mps,.MPS
Try typing  <return>  to proceed.
If that doesn't work, type  X <return>  to quit.



[100]

! LaTeX Error: File `2025_03_24_35eff77eaa66f5ad98acg-149' not found.

See the LaTeX manual or LaTeX Companion for explanation.
Type  H <return>  for immediate help.
 ...                                              
                                                  
l.3043 ...h]{2025_03_24_35eff77eaa66f5ad98acg-149}
                                                  
I could not locate the file with any of these extensions:
.pdf,.PDF,.ai,.AI,.png,.PNG,.jpg,.JPG,.jpeg,.JPEG,.jp2,.JP2,.jpf,.JPF,.bmp,.BMP
,.ps,.PS,.eps,.EPS,.mps,.MPS
Try typing  <return>  to proceed.
If that doesn't work, type  X <return>  to quit.



[101]
Missing character: There is no “ ("201C) in font ec-lmr10!
Missing character: There is no ” ("201D) in font ec-lmr10!


[102]

[103]

! LaTeX Error: File `2025_03_24_35eff77eaa66f5ad98acg-152' not found.

See the LaTeX manual or LaTeX Companion for explanation.
Type  H <return>  for immediate help.
 ...                                              
                                                  
l.3110 ...h]{2025_03_24_35eff77eaa66f5ad98acg-152}
                                                  
I could not locate the file with any of these extensions:
.pdf,.PDF,.ai,.AI,.png,.PNG,.jpg,.JPG,.jpeg,.JPEG,.jp2,.JP2,.jpf,.JPF,.bmp,.BMP
,.ps,.PS,.eps,.EPS,.mps,.MPS
Try typing  <return>  to proceed.
If that doesn't work, type  X <return>  to quit.



[104]

! LaTeX Error: File `2025_03_24_35eff77eaa66f5ad98acg-153' not found.

See the LaTeX manual or LaTeX Companion for explanation.
Type  H <return>  for immediate help.
 ...                                              
                                                  
l.3127 ...h]{2025_03_24_35eff77eaa66f5ad98acg-153}
                                                  
I could not locate the file with any of these extensions:
.pdf,.PDF,.ai,.AI,.png,.PNG,.jpg,.JPG,.jpeg,.JPEG,.jp2,.JP2,.jpf,.JPF,.bmp,.BMP
,.ps,.PS,.eps,.EPS,.mps,.MPS
Try typing  <return>  to proceed.
If that doesn't work, type  X <return>  to quit.



[105]

[106]

[107]
Overfull \hbox (4.25069pt too wide) in paragraph at lines 3178--3188
\T1/lmr/m/n/10 For ex-am-ple: (1,blue), (3,red), (4,blue), (6,yel-low), (9,red)
 should be-come (3,red),
 []



[108]
Missing character: There is no ’ ("2019) in font ec-lmr10!
Missing character: There is no ’ ("2019) in font ec-lmr10!


[109]

[110]
Underfull \vbox (badness 1436) has occurred while \output is active []



[111]

[112]

[113]
Missing character: There is no — ("2014) in font ec-lmr10!

Overfull \hbox (4.40689pt too wide) in paragraph at lines 3346--3347
[]\T1/lmr/m/n/10 4-3. [][]https://www.hackerrank.com/challenges/organizing-cont
ainers-of-balls/[][] 
 []



[114]
Overfull \hbox (11.99896pt too wide) in paragraph at lines 3389--3389
[]\T1/lmtt/m/n/10 int binary_search(item_type s[], item_type key, int low, int 
high) {[] 
 []



[115]

[116]

! LaTeX Error: File `2025_03_24_35eff77eaa66f5ad98acg-167' not found.

See the LaTeX manual or LaTeX Companion for explanation.
Type  H <return>  for immediate help.
 ...                                              
                                                  
l.3435 ...r]{2025_03_24_35eff77eaa66f5ad98acg-167}
                                                  
I could not locate the file with any of these extensions:
.pdf,.PDF,.ai,.AI,.png,.PNG,.jpg,.JPG,.jpeg,.JPEG,.jp2,.JP2,.jpf,.JPF,.bmp,.BMP
,.ps,.PS,.eps,.EPS,.mps,.MPS
Try typing  <return>  to proceed.
If that doesn't work, type  X <return>  to quit.



[117]

[118]

[119]

! LaTeX Error: File `2025_03_24_35eff77eaa66f5ad98acg-170' not found.

See the LaTeX manual or LaTeX Companion for explanation.
Type  H <return>  for immediate help.
 ...                                              
                                                  
l.3506 ...h]{2025_03_24_35eff77eaa66f5ad98acg-170}
                                                  
I could not locate the file with any of these extensions:
.pdf,.PDF,.ai,.AI,.png,.PNG,.jpg,.JPG,.jpeg,.JPEG,.jp2,.JP2,.jpf,.JPF,.bmp,.BMP
,.ps,.PS,.eps,.EPS,.mps,.MPS
Try typing  <return>  to proceed.
If that doesn't work, type  X <return>  to quit.



[120]
Overfull \hbox (4.63147pt too wide) in paragraph at lines 3523--3526
[]\T1/lmr/m/n/10 Figure 5.2 shows the re-cur-sion tree as-so-ci-ated with a typ
-i-cal $\OML/cmm/m/it/10 T\OT1/cmr/m/n/10 (\OML/cmm/m/it/10 n\OT1/cmr/m/n/10 ) 
= \OML/cmm/m/it/10 aT\OT1/cmr/m/n/10 (\OML/cmm/m/it/10 n=b\OT1/cmr/m/n/10 ) +
 []



[121]

[122]

! LaTeX Error: File `2025_03_24_35eff77eaa66f5ad98acg-173' not found.

See the LaTeX manual or LaTeX Companion for explanation.
Type  H <return>  for immediate help.
 ...                                              
                                                  
l.3586 ...h]{2025_03_24_35eff77eaa66f5ad98acg-173}
                                                  
I could not locate the file with any of these extensions:
.pdf,.PDF,.ai,.AI,.png,.PNG,.jpg,.JPG,.jpeg,.JPEG,.jp2,.JP2,.jpf,.JPF,.bmp,.BMP
,.ps,.PS,.eps,.EPS,.mps,.MPS
Try typing  <return>  to proceed.
If that doesn't work, type  X <return>  to quit.

Missing character: There is no – ("2013) in font ec-lmr10!

! LaTeX Error: File `2025_03_24_35eff77eaa66f5ad98acg-174' not found.

See the LaTeX manual or LaTeX Companion for explanation.
Type  H <return>  for immediate help.
 ...                                              
                                                  
l.3611 ...h]{2025_03_24_35eff77eaa66f5ad98acg-174}
                                                  
I could not locate the file with any of these extensions:
.pdf,.PDF,.ai,.AI,.png,.PNG,.jpg,.JPG,.jpeg,.JPEG,.jp2,.JP2,.jpf,.JPF,.bmp,.BMP
,.ps,.PS,.eps,.EPS,.mps,.MPS
Try typing  <return>  to proceed.
If that doesn't work, type  X <return>  to quit.



[123]

[124]

[125]

[126]
Underfull \vbox (badness 3138) has occurred while \output is active []



[127]

! LaTeX Error: File `2025_03_24_35eff77eaa66f5ad98acg-179' not found.

See the LaTeX manual or LaTeX Companion for explanation.
Type  H <return>  for immediate help.
 ...                                              
                                                  
l.3736 ...h]{2025_03_24_35eff77eaa66f5ad98acg-179}
                                                  
I could not locate the file with any of these extensions:
.pdf,.PDF,.ai,.AI,.png,.PNG,.jpg,.JPG,.jpeg,.JPEG,.jp2,.JP2,.jpf,.JPF,.bmp,.BMP
,.ps,.PS,.eps,.EPS,.mps,.MPS
Try typing  <return>  to proceed.
If that doesn't work, type  X <return>  to quit.



[128]

[129]
Missing character: There is no — ("2014) in font ec-lmr10!


[130]

[131]

[132]

[133]

[134]

[135]
Underfull \hbox (badness 10000) in paragraph at lines 3960--3961

 []



[136]

! LaTeX Error: File `2025_03_24_35eff77eaa66f5ad98acg-189' not found.

See the LaTeX manual or LaTeX Companion for explanation.
Type  H <return>  for immediate help.
 ...                                              
                                                  
l.4021 ...h]{2025_03_24_35eff77eaa66f5ad98acg-189}
                                                  
I could not locate the file with any of these extensions:
.pdf,.PDF,.ai,.AI,.png,.PNG,.jpg,.JPG,.jpeg,.JPEG,.jp2,.JP2,.jpf,.JPF,.bmp,.BMP
,.ps,.PS,.eps,.EPS,.mps,.MPS
Try typing  <return>  to proceed.
If that doesn't work, type  X <return>  to quit.



[137]

! LaTeX Error: File `2025_03_24_35eff77eaa66f5ad98acg-191' not found.

See the LaTeX manual or LaTeX Companion for explanation.
Type  H <return>  for immediate help.
 ...                                              
                                                  
l.4097 ...h]{2025_03_24_35eff77eaa66f5ad98acg-191}
                                                  
I could not locate the file with any of these extensions:
.pdf,.PDF,.ai,.AI,.png,.PNG,.jpg,.JPG,.jpeg,.JPEG,.jp2,.JP2,.jpf,.JPF,.bmp,.BMP
,.ps,.PS,.eps,.EPS,.mps,.MPS
Try typing  <return>  to proceed.
If that doesn't work, type  X <return>  to quit.



[138]

! LaTeX Error: File `2025_03_24_35eff77eaa66f5ad98acg-192' not found.

See the LaTeX manual or LaTeX Companion for explanation.
Type  H <return>  for immediate help.
 ...                                              
                                                  
l.4125 ...h]{2025_03_24_35eff77eaa66f5ad98acg-192}
                                                  
I could not locate the file with any of these extensions:
.pdf,.PDF,.ai,.AI,.png,.PNG,.jpg,.JPG,.jpeg,.JPEG,.jp2,.JP2,.jpf,.JPF,.bmp,.BMP
,.ps,.PS,.eps,.EPS,.mps,.MPS
Try typing  <return>  to proceed.
If that doesn't work, type  X <return>  to quit.



[139]

! LaTeX Error: File `2025_03_24_35eff77eaa66f5ad98acg-193' not found.

See the LaTeX manual or LaTeX Companion for explanation.
Type  H <return>  for immediate help.
 ...                                              
                                                  
l.4145 ...r]{2025_03_24_35eff77eaa66f5ad98acg-193}
                                                  
I could not locate the file with any of these extensions:
.pdf,.PDF,.ai,.AI,.png,.PNG,.jpg,.JPG,.jpeg,.JPEG,.jp2,.JP2,.jpf,.JPF,.bmp,.BMP
,.ps,.PS,.eps,.EPS,.mps,.MPS
Try typing  <return>  to proceed.
If that doesn't work, type  X <return>  to quit.



[140]

[141]

[142]

Package hyperref Warning: Token not allowed in a PDF string (Unicode):
(hyperref)                removing `math shift' on input line 4232.


Package hyperref Warning: Token not allowed in a PDF string (Unicode):
(hyperref)                removing `subscript' on input line 4232.


Package hyperref Warning: Token not allowed in a PDF string (Unicode):
(hyperref)                removing `math shift' on input line 4232.



[143]

! LaTeX Error: File `2025_03_24_35eff77eaa66f5ad98acg-198' not found.

See the LaTeX manual or LaTeX Companion for explanation.
Type  H <return>  for immediate help.
 ...                                              
                                                  
l.4279 ...h]{2025_03_24_35eff77eaa66f5ad98acg-198}
                                                  
I could not locate the file with any of these extensions:
.pdf,.PDF,.ai,.AI,.png,.PNG,.jpg,.JPG,.jpeg,.JPEG,.jp2,.JP2,.jpf,.JPF,.bmp,.BMP
,.ps,.PS,.eps,.EPS,.mps,.MPS
Try typing  <return>  to proceed.
If that doesn't work, type  X <return>  to quit.



[144]

[145]

! LaTeX Error: File `2025\_03\_24\_35eff77eaa66f5ad98acg-199' not found.

See the LaTeX manual or LaTeX Companion for explanation.
Type  H <return>  for immediate help.
 ...                                              
                                                  
l.4297 ...2025\_03\_24\_35eff77eaa66f5ad98acg-199}
                                                  
I could not locate the file with any of these extensions:
.pdf,.PDF,.ai,.AI,.png,.PNG,.jpg,.JPG,.jpeg,.JPEG,.jp2,.JP2,.jpf,.JPF,.bmp,.BMP
,.ps,.PS,.eps,.EPS,.mps,.MPS
Try typing  <return>  to proceed.
If that doesn't work, type  X <return>  to quit.


! LaTeX Error: File `2025\_03\_24\_35eff77eaa66f5ad98acg-200' not found.

See the LaTeX manual or LaTeX Companion for explanation.
Type  H <return>  for immediate help.
 ...                                              
                                                  
l.4318 ...2025\_03\_24\_35eff77eaa66f5ad98acg-200}
                                                  
I could not locate the file with any of these extensions:
.pdf,.PDF,.ai,.AI,.png,.PNG,.jpg,.JPG,.jpeg,.JPEG,.jp2,.JP2,.jpf,.JPF,.bmp,.BMP
,.ps,.PS,.eps,.EPS,.mps,.MPS
Try typing  <return>  to proceed.
If that doesn't work, type  X <return>  to quit.



[146]

! LaTeX Error: File `2025_03_24_35eff77eaa66f5ad98acg-201' not found.

See the LaTeX manual or LaTeX Companion for explanation.
Type  H <return>  for immediate help.
 ...                                              
                                                  
l.4341 ...r]{2025_03_24_35eff77eaa66f5ad98acg-201}
                                                  
I could not locate the file with any of these extensions:
.pdf,.PDF,.ai,.AI,.png,.PNG,.jpg,.JPG,.jpeg,.JPEG,.jp2,.JP2,.jpf,.JPF,.bmp,.BMP
,.ps,.PS,.eps,.EPS,.mps,.MPS
Try typing  <return>  to proceed.
If that doesn't work, type  X <return>  to quit.



[147]

[148]
Overfull \hbox (7.97284pt too wide) in paragraph at lines 4383--4383
[]\T1/lmr/bx/n/14.4 Stop and Think: Es-ti-mat-ing Pop-u-la-tion Size 
 []



[149]

[150]

[151]
Missing character: There is no — ("2014) in font ec-lmr10!


[152]

[153]

[154]

[155]
Overfull \hbox (11.85117pt too wide) in paragraph at lines 4565--4568
\T1/lmr/m/n/10 6-3. [][]https://leetcode.com/problems/random-point-in-non-overl
apping-rectangles/[][] 
 []



[156]
Chapter 4.
Missing character: There is no — ("2014) in font ec-lmr10!

! LaTeX Error: File `2025\_03\_24\_35eff77eaa66f5ad98acg-211' not found.

See the LaTeX manual or LaTeX Companion for explanation.
Type  H <return>  for immediate help.
 ...                                              
                                                  
l.4592 ...2025\_03\_24\_35eff77eaa66f5ad98acg-211}
                                                  
I could not locate the file with any of these extensions:
.pdf,.PDF,.ai,.AI,.png,.PNG,.jpg,.JPG,.jpeg,.JPEG,.jp2,.JP2,.jpf,.JPF,.bmp,.BMP
,.ps,.PS,.eps,.EPS,.mps,.MPS
Try typing  <return>  to proceed.
If that doesn't work, type  X <return>  to quit.


! LaTeX Error: File `2025\_03\_24\_35eff77eaa66f5ad98acg-212' not found.

See the LaTeX manual or LaTeX Companion for explanation.
Type  H <return>  for immediate help.
 ...                                              
                                                  
l.4598 ...2025\_03\_24\_35eff77eaa66f5ad98acg-212}
                                                  
I could not locate the file with any of these extensions:
.pdf,.PDF,.ai,.AI,.png,.PNG,.jpg,.JPG,.jpeg,.JPEG,.jp2,.JP2,.jpf,.JPF,.bmp,.BMP
,.ps,.PS,.eps,.EPS,.mps,.MPS
Try typing  <return>  to proceed.
If that doesn't work, type  X <return>  to quit.



[157

]

Package hyperref Warning: Difference (2) between bookmark levels is greater 
(hyperref)                than one, level fixed on input line 4606.

Missing character: There is no — ("2014) in font ec-lmr10!


[158]

[159]

! LaTeX Error: File `2025_03_24_35eff77eaa66f5ad98acg-215' not found.

See the LaTeX manual or LaTeX Companion for explanation.
Type  H <return>  for immediate help.
 ...                                              
                                                  
l.4652 ...h]{2025_03_24_35eff77eaa66f5ad98acg-215}
                                                  
I could not locate the file with any of these extensions:
.pdf,.PDF,.ai,.AI,.png,.PNG,.jpg,.JPG,.jpeg,.JPEG,.jp2,.JP2,.jpf,.JPF,.bmp,.BMP
,.ps,.PS,.eps,.EPS,.mps,.MPS
Try typing  <return>  to proceed.
If that doesn't work, type  X <return>  to quit.



[160]

[161]

! LaTeX Error: File `2025_03_24_35eff77eaa66f5ad98acg-217' not found.

See the LaTeX manual or LaTeX Companion for explanation.
Type  H <return>  for immediate help.
 ...                                              
                                                  
l.4716 ...h]{2025_03_24_35eff77eaa66f5ad98acg-217}
                                                  
I could not locate the file with any of these extensions:
.pdf,.PDF,.ai,.AI,.png,.PNG,.jpg,.JPG,.jpeg,.JPEG,.jp2,.JP2,.jpf,.JPF,.bmp,.BMP
,.ps,.PS,.eps,.EPS,.mps,.MPS
Try typing  <return>  to proceed.
If that doesn't work, type  X <return>  to quit.



[162]

[163]
Overfull \hbox (158.99854pt too wide) in paragraph at lines 4798--4798
[]    \T1/lmtt/m/n/10 for (i = 1; i <= MAXV; i++) {\index{bipartite graph recog
nition}\index{connected components}[] 
 []



[164]

! LaTeX Error: File `2025_03_24_35eff77eaa66f5ad98acg-221' not found.

See the LaTeX manual or LaTeX Companion for explanation.
Type  H <return>  for immediate help.
 ...                                              
                                                  
l.4839 ...h]{2025_03_24_35eff77eaa66f5ad98acg-221}
                                                  
I could not locate the file with any of these extensions:
.pdf,.PDF,.ai,.AI,.png,.PNG,.jpg,.JPG,.jpeg,.JPEG,.jp2,.JP2,.jpf,.JPF,.bmp,.BMP
,.ps,.PS,.eps,.EPS,.mps,.MPS
Try typing  <return>  to proceed.
If that doesn't work, type  X <return>  to quit.



[165]
! Too many }'s.
l.4862 ... support constant-time write operations}
                                                  
You've closed more groups than you opened.
Such booboos are generally harmless, so keep going.


Overfull \hbox (17.3884pt too wide) in paragraph at lines 4866--4876
 [][] 
 []

Missing character: There is no ’ ("2019) in font ec-lmr10!


[166]
Missing character: There is no ’ ("2019) in font ec-lmr10!

! LaTeX Error: File `2025_03_24_35eff77eaa66f5ad98acg-223' not found.

See the LaTeX manual or LaTeX Companion for explanation.
Type  H <return>  for immediate help.
 ...                                              
                                                  
l.4893 ...r]{2025_03_24_35eff77eaa66f5ad98acg-223}
                                                  
I could not locate the file with any of these extensions:
.pdf,.PDF,.ai,.AI,.png,.PNG,.jpg,.JPG,.jpeg,.JPEG,.jp2,.JP2,.jpf,.JPF,.bmp,.BMP
,.ps,.PS,.eps,.EPS,.mps,.MPS
Try typing  <return>  to proceed.
If that doesn't work, type  X <return>  to quit.



[167]
Overfull \hbox (1.94542pt too wide) in paragraph at lines 4903--4904
\T1/lmr/m/n/10 tions for both \T1/lmr/m/it/10 Com-bi-na-tor-ica \T1/lmr/m/n/10 
ver-sions. The test graphs were sparse (grid graphs),
 []



[168]

! LaTeX Error: File `2025_03_24_35eff77eaa66f5ad98acg-225' not found.

See the LaTeX manual or LaTeX Companion for explanation.
Type  H <return>  for immediate help.
 ...                                              
                                                  
l.4926 ...r]{2025_03_24_35eff77eaa66f5ad98acg-225}
                                                  
I could not locate the file with any of these extensions:
.pdf,.PDF,.ai,.AI,.png,.PNG,.jpg,.JPG,.jpeg,.JPEG,.jp2,.JP2,.jpf,.JPF,.bmp,.BMP
,.ps,.PS,.eps,.EPS,.mps,.MPS
Try typing  <return>  to proceed.
If that doesn't work, type  X <return>  to quit.



[169]

[170]

! LaTeX Error: File `2025_03_24_35eff77eaa66f5ad98acg-228' not found.

See the LaTeX manual or LaTeX Companion for explanation.
Type  H <return>  for immediate help.
 ...                                              
                                                  
l.4998 ...r]{2025_03_24_35eff77eaa66f5ad98acg-228}
                                                  
I could not locate the file with any of these extensions:
.pdf,.PDF,.ai,.AI,.png,.PNG,.jpg,.JPG,.jpeg,.JPEG,.jp2,.JP2,.jpf,.JPF,.bmp,.BMP
,.ps,.PS,.eps,.EPS,.mps,.MPS
Try typing  <return>  to proceed.
If that doesn't work, type  X <return>  to quit.



[171]

[172]
Overfull \hbox (53.99884pt too wide) in paragraph at lines 5083--5083
[]            \T1/lmtt/m/n/10 if ((!processed[y]) || g->directed) {\index{verte
x connectivity}[] 
 []



[173]

[174]

[175]

[176]

[177]

[178]
Underfull \hbox (badness 10000) in paragraph at lines 5270--5271

 []


! LaTeX Error: File `2025_03_24_35eff77eaa66f5ad98acg-236' not found.

See the LaTeX manual or LaTeX Companion for explanation.
Type  H <return>  for immediate help.
 ...                                              
                                                  
l.5274 ...r]{2025_03_24_35eff77eaa66f5ad98acg-236}
                                                  
I could not locate the file with any of these extensions:
.pdf,.PDF,.ai,.AI,.png,.PNG,.jpg,.JPG,.jpeg,.JPEG,.jp2,.JP2,.jpf,.JPF,.bmp,.BMP
,.ps,.PS,.eps,.EPS,.mps,.MPS
Try typing  <return>  to proceed.
If that doesn't work, type  X <return>  to quit.



[179]
Overfull \hbox (53.99884pt too wide) in paragraph at lines 5335--5335
[]        \T1/lmtt/m/n/10 } else if (((!processed[y]) && (parent[v] != y)) || (
g->directed)) {[] 
 []


Underfull \vbox (badness 1648) has occurred while \output is active []



[180]

! LaTeX Error: File `2025_03_24_35eff77eaa66f5ad98acg-239' not found.

See the LaTeX manual or LaTeX Companion for explanation.
Type  H <return>  for immediate help.
 ...                                              
                                                  
l.5359 ...r]{2025_03_24_35eff77eaa66f5ad98acg-239}
                                                  
I could not locate the file with any of these extensions:
.pdf,.PDF,.ai,.AI,.png,.PNG,.jpg,.JPG,.jpeg,.JPEG,.jp2,.JP2,.jpf,.JPF,.bmp,.BMP
,.ps,.PS,.eps,.EPS,.mps,.MPS
Try typing  <return>  to proceed.
If that doesn't work, type  X <return>  to quit.



[181]

! LaTeX Error: File `2025_03_24_35eff77eaa66f5ad98acg-240' not found.

See the LaTeX manual or LaTeX Companion for explanation.
Type  H <return>  for immediate help.
 ...                                              
                                                  
l.5386 ...r]{2025_03_24_35eff77eaa66f5ad98acg-240}
                                                  
I could not locate the file with any of these extensions:
.pdf,.PDF,.ai,.AI,.png,.PNG,.jpg,.JPG,.jpeg,.JPEG,.jp2,.JP2,.jpf,.JPF,.bmp,.BMP
,.ps,.PS,.eps,.EPS,.mps,.MPS
Try typing  <return>  to proceed.
If that doesn't work, type  X <return>  to quit.



[182]
Overfull \hbox (22.49893pt too wide) in paragraph at lines 5401--5401
[]\T1/lmtt/m/n/10 int reachable_ancestor[MAXV+1]; /* earliest reachable ancesto
r of v */[] 
 []


! LaTeX Error: File `2025_03_24_35eff77eaa66f5ad98acg-241' not found.

See the LaTeX manual or LaTeX Companion for explanation.
Type  H <return>  for immediate help.
 ...                                              
                                                  
l.5405 ...h]{2025_03_24_35eff77eaa66f5ad98acg-241}
                                                  
I could not locate the file with any of these extensions:
.pdf,.PDF,.ai,.AI,.png,.PNG,.jpg,.JPG,.jpeg,.JPEG,.jp2,.JP2,.jpf,.JPF,.bmp,.BMP
,.ps,.PS,.eps,.EPS,.mps,.MPS
Try typing  <return>  to proceed.
If that doesn't work, type  X <return>  to quit.


Overfull \hbox (274.4982pt too wide) in paragraph at lines 5430--5430
[]        \T1/lmtt/m/n/10 if (entry_time[y] < entry_time[reachable_ancestor[x]]
) {\index{discussion section}\index{problem descriptions}[] 
 []



[183]
Overfull \hbox (1.499pt too wide) in paragraph at lines 5471--5471
[]    \T1/lmtt/m/n/10 root = (parent[parent[v]] == -1); /* is parent[v] the roo
t? */[] 
 []


Overfull \hbox (6.74898pt too wide) in paragraph at lines 5471--5471
[]            \T1/lmtt/m/n/10 printf("parent articulation vertex: %d \n", paren
t[v]);[] 
 []


Overfull \hbox (1.499pt too wide) in paragraph at lines 5471--5471
[]            \T1/lmtt/m/n/10 printf("bridge articulation vertex: %d \n",parent
[v]);[] 
 []


Overfull \hbox (6.74898pt too wide) in paragraph at lines 5471--5471
[]            \T1/lmtt/m/n/10 if (tree_out_degree[v] > 0) { /* is v is not a le
af? */[] 
 []


! LaTeX Error: File `2025_03_24_35eff77eaa66f5ad98acg-243(1)' not found.

See the LaTeX manual or LaTeX Companion for explanation.
Type  H <return>  for immediate help.
 ...                                              
                                                  
l.5475 ...2025_03_24_35eff77eaa66f5ad98acg-243(1)}
                                                  
I could not locate the file with any of these extensions:
.pdf,.PDF,.ai,.AI,.png,.PNG,.jpg,.JPG,.jpeg,.JPEG,.jp2,.JP2,.jpf,.JPF,.bmp,.BMP
,.ps,.PS,.eps,.EPS,.mps,.MPS
Try typing  <return>  to proceed.
If that doesn't work, type  X <return>  to quit.


! LaTeX Error: File `2025_03_24_35eff77eaa66f5ad98acg-243' not found.

See the LaTeX manual or LaTeX Companion for explanation.
Type  H <return>  for immediate help.
 ...                                              
                                                  
l.5478 ...h]{2025_03_24_35eff77eaa66f5ad98acg-243}
                                                  
I could not locate the file with any of these extensions:
.pdf,.PDF,.ai,.AI,.png,.PNG,.jpg,.JPG,.jpeg,.JPEG,.jp2,.JP2,.jpf,.JPF,.bmp,.BMP
,.ps,.PS,.eps,.EPS,.mps,.MPS
Try typing  <return>  to proceed.
If that doesn't work, type  X <return>  to quit.


! LaTeX Error: File `2025_03_24_35eff77eaa66f5ad98acg-243(3)' not found.

See the LaTeX manual or LaTeX Companion for explanation.
Type  H <return>  for immediate help.
 ...                                              
                                                  
l.5481 ...2025_03_24_35eff77eaa66f5ad98acg-243(3)}
                                                  
I could not locate the file with any of these extensions:
.pdf,.PDF,.ai,.AI,.png,.PNG,.jpg,.JPG,.jpeg,.JPEG,.jp2,.JP2,.jpf,.JPF,.bmp,.BMP
,.ps,.PS,.eps,.EPS,.mps,.MPS
Try typing  <return>  to proceed.
If that doesn't work, type  X <return>  to quit.


! LaTeX Error: File `2025_03_24_35eff77eaa66f5ad98acg-243(2)' not found.

See the LaTeX manual or LaTeX Companion for explanation.
Type  H <return>  for immediate help.
 ...                                              
                                                  
l.5484 ...2025_03_24_35eff77eaa66f5ad98acg-243(2)}
                                                  
I could not locate the file with any of these extensions:
.pdf,.PDF,.ai,.AI,.png,.PNG,.jpg,.JPG,.jpeg,.JPEG,.jp2,.JP2,.jpf,.JPF,.bmp,.BMP
,.ps,.PS,.eps,.EPS,.mps,.MPS
Try typing  <return>  to proceed.
If that doesn't work, type  X <return>  to quit.



[184]

[185]

! LaTeX Error: File `2025\_03\_24\_35eff77eaa66f5ad98acg-245' not found.

See the LaTeX manual or LaTeX Companion for explanation.
Type  H <return>  for immediate help.
 ...                                              
                                                  
l.5529 ...2025\_03\_24\_35eff77eaa66f5ad98acg-245}
                                                  
I could not locate the file with any of these extensions:
.pdf,.PDF,.ai,.AI,.png,.PNG,.jpg,.JPG,.jpeg,.JPEG,.jp2,.JP2,.jpf,.JPF,.bmp,.BMP
,.ps,.PS,.eps,.EPS,.mps,.MPS
Try typing  <return>  to proceed.
If that doesn't work, type  X <return>  to quit.



[186]

[187]
Missing character: There is no — ("2014) in font ec-lmr10!

Underfull \hbox (badness 10000) in paragraph at lines 5594--5611

 []


LaTeX Warning: File `https://cdn.mathpix.com/cropped/2025_03_24_35eff77eaa66f5a
d98acg-248.jpg?height=391&width=399&top_left_y=272&top_left_x=469' not found on
 input line 5627.


! LaTeX Error: File `https://cdn.mathpix.com/cropped/2025_03_24_35eff77eaa66f5a
d98acg-248.jpg?height=391&width=399&top_left_y=272&top_left_x=469' not found.

See the LaTeX manual or LaTeX Companion for explanation.
Type  H <return>  for immediate help.
 ...                                              
                                                  
l.5627 ...width=399&top_left_y=272&top_left_x=469}
                                                  
Try typing  <return>  to proceed.
If that doesn't work, type  X <return>  to quit.


! LaTeX Error: Cannot determine size of graphic in https://cdn.mathpix.com/crop
ped/2025_03_24_35eff77eaa66f5ad98acg-248.jpg?height=391&width=399&top_left_y=27
2&top_left_x=469 (no BoundingBox).

See the LaTeX manual or LaTeX Companion for explanation.
Type  H <return>  for immediate help.
 ...                                              
                                                  
l.5627 ...width=399&top_left_y=272&top_left_x=469}
                                                  
Try typing  <return>  to proceed.
If that doesn't work, type  X <return>  to quit.

File: https://cdn.mathpix.com/cropped/2025_03_24_35eff77eaa66f5ad98acg-248.jpg?
height=391&width=399&top_left_y=272&top_left_x=469 Graphic file (type eps)
<https://cdn.mathpix.com/cropped/2025_03_24_35eff77eaa66f5ad98acg-248.jpg?heigh
t=391&width=399&top_left_y=272&top_left_x=469>

LaTeX Warning: File `https://cdn.mathpix.com/cropped/2025_03_24_35eff77eaa66f5a
d98acg-248.jpg?height=484&width=238&top_left_y=201&top_left_x=884' not found on
 input line 5633.


! LaTeX Error: File `https://cdn.mathpix.com/cropped/2025_03_24_35eff77eaa66f5a
d98acg-248.jpg?height=484&width=238&top_left_y=201&top_left_x=884' not found.

See the LaTeX manual or LaTeX Companion for explanation.
Type  H <return>  for immediate help.
 ...                                              
                                                  
l.5633 ...width=238&top_left_y=201&top_left_x=884}
                                                  
Try typing  <return>  to proceed.
If that doesn't work, type  X <return>  to quit.


! LaTeX Error: Cannot determine size of graphic in https://cdn.mathpix.com/crop
ped/2025_03_24_35eff77eaa66f5ad98acg-248.jpg?height=484&width=238&top_left_y=20
1&top_left_x=884 (no BoundingBox).

See the LaTeX manual or LaTeX Companion for explanation.
Type  H <return>  for immediate help.
 ...                                              
                                                  
l.5633 ...width=238&top_left_y=201&top_left_x=884}
                                                  
Try typing  <return>  to proceed.
If that doesn't work, type  X <return>  to quit.

File: https://cdn.mathpix.com/cropped/2025_03_24_35eff77eaa66f5ad98acg-248.jpg?
height=484&width=238&top_left_y=201&top_left_x=884 Graphic file (type eps)
<https://cdn.mathpix.com/cropped/2025_03_24_35eff77eaa66f5ad98acg-248.jpg?heigh
t=484&width=238&top_left_y=201&top_left_x=884>

LaTeX Warning: File `https://cdn.mathpix.com/cropped/2025_03_24_35eff77eaa66f5a
d98acg-248.jpg?height=319&width=345&top_left_y=254&top_left_x=1115' not found o
n input line 5639.


! LaTeX Error: File `https://cdn.mathpix.com/cropped/2025_03_24_35eff77eaa66f5a
d98acg-248.jpg?height=319&width=345&top_left_y=254&top_left_x=1115' not found.

See the LaTeX manual or LaTeX Companion for explanation.
Type  H <return>  for immediate help.
 ...                                              
                                                  
l.5639 ...idth=345&top_left_y=254&top_left_x=1115}
                                                  
Try typing  <return>  to proceed.
If that doesn't work, type  X <return>  to quit.


! LaTeX Error: Cannot determine size of graphic in https://cdn.mathpix.com/crop
ped/2025_03_24_35eff77eaa66f5ad98acg-248.jpg?height=319&width=345&top_left_y=25
4&top_left_x=1115 (no BoundingBox).

See the LaTeX manual or LaTeX Companion for explanation.
Type  H <return>  for immediate help.
 ...                                              
                                                  
l.5639 ...idth=345&top_left_y=254&top_left_x=1115}
                                                  
Try typing  <return>  to proceed.
If that doesn't work, type  X <return>  to quit.

File: https://cdn.mathpix.com/cropped/2025_03_24_35eff77eaa66f5ad98acg-248.jpg?
height=319&width=345&top_left_y=254&top_left_x=1115 Graphic file (type eps)
<https://cdn.mathpix.com/cropped/2025_03_24_35eff77eaa66f5ad98acg-248.jpg?heigh
t=319&width=345&top_left_y=254&top_left_x=1115>


[188]

[189]
! Missing $ inserted.
<inserted text> 
                $
l.5689 ...e introductory textbooks by Barabasi [B^
                                                  {+}16] and Newman [New18].
I've inserted a begin-math/end-math symbol since I think
you left one out. Proceed, with fingers crossed.

! Missing $ inserted.
<inserted text> 
                $
l.5690 
       
I've inserted a begin-math/end-math symbol since I think
you left one out. Proceed, with fingers crossed.


LaTeX Warning: File `https://cdn.mathpix.com/cropped/2025_03_24_35eff77eaa66f5a
d98acg-250.jpg?height=449&width=1052&top_left_y=202&top_left_x=437' not found o
n input line 5696.


! LaTeX Error: File `https://cdn.mathpix.com/cropped/2025_03_24_35eff77eaa66f5a
d98acg-250.jpg?height=449&width=1052&top_left_y=202&top_left_x=437' not found.

See the LaTeX manual or LaTeX Companion for explanation.
Type  H <return>  for immediate help.
 ...                                              
                                                  
l.5696 ...idth=1052&top_left_y=202&top_left_x=437}
                                                  
Try typing  <return>  to proceed.
If that doesn't work, type  X <return>  to quit.


! LaTeX Error: Cannot determine size of graphic in https://cdn.mathpix.com/crop
ped/2025_03_24_35eff77eaa66f5ad98acg-250.jpg?height=449&width=1052&top_left_y=2
02&top_left_x=437 (no BoundingBox).

See the LaTeX manual or LaTeX Companion for explanation.
Type  H <return>  for immediate help.
 ...                                              
                                                  
l.5696 ...idth=1052&top_left_y=202&top_left_x=437}
                                                  
Try typing  <return>  to proceed.
If that doesn't work, type  X <return>  to quit.

File: https://cdn.mathpix.com/cropped/2025_03_24_35eff77eaa66f5ad98acg-250.jpg?
height=449&width=1052&top_left_y=202&top_left_x=437 Graphic file (type eps)
<https://cdn.mathpix.com/cropped/2025_03_24_35eff77eaa66f5ad98acg-250.jpg?heigh
t=449&width=1052&top_left_y=202&top_left_x=437>

LaTeX Warning: `h' float specifier changed to `ht'.

! Missing endcsname inserted.
<to be read again> 
                   &
l.5707 ...dth=527\&top_left_y=983\&top_left_x=703}
                                                  
The control sequence marked <to be read again> should
not appear between \csname and \endcsname.

! Use of ??? doesn't match its definition.
<argument> ???  
                ! LaTeX Error: & invalid in file name. Lost: width=527&top_l...
l.5707 ...dth=527\&top_left_y=983\&top_left_x=703}
                                                  
If you say, e.g., `\def\a1{...}', then you must always
put `1' after `\a', since control sequence names are
made up of letters only. The macro here has not been
followed by the required stuff, so I'm ignoring it.

! Missing endcsname inserted.
<to be read again> 
                   &
l.5707 ...dth=527\&top_left_y=983\&top_left_x=703}
                                                  
The control sequence marked <to be read again> should
not appear between \csname and \endcsname.

! Use of ??? doesn't match its definition.
<argument> ???  
                ! LaTeX Error: & invalid in file name. Lost: width=527&top_l...
l.5707 ...dth=527\&top_left_y=983\&top_left_x=703}
                                                  
If you say, e.g., `\def\a1{...}', then you must always
put `1' after `\a', since control sequence names are
made up of letters only. The macro here has not been
followed by the required stuff, so I'm ignoring it.

! Missing endcsname inserted.
<to be read again> 
                   &
l.5707 ...dth=527\&top_left_y=983\&top_left_x=703}
                                                  
The control sequence marked <to be read again> should
not appear between \csname and \endcsname.

! Use of ??? doesn't match its definition.
<argument> ???  
                ! LaTeX Error: & invalid in file name. Lost: width=527&top_l...
l.5707 ...dth=527\&top_left_y=983\&top_left_x=703}
                                                  
If you say, e.g., `\def\a1{...}', then you must always
put `1' after `\a', since control sequence names are
made up of letters only. The macro here has not been
followed by the required stuff, so I'm ignoring it.


LaTeX Warning: File `https://cdn.mathpix.com/cropped/2025_03_24_35eff77eaa66f5a
d98acg-250.jpg?height=419\&width=527\&top_left_y=983\&top_left_x=703' not found
 on input line 5707.


! LaTeX Error: File `https://cdn.mathpix.com/cropped/2025_03_24_35eff77eaa66f5a
d98acg-250.jpg?height=419' not found.

See the LaTeX manual or LaTeX Companion for explanation.
Type  H <return>  for immediate help.
 ...                                              
                                                  
l.5707 ...dth=527\&top_left_y=983\&top_left_x=703}
                                                  
Try typing  <return>  to proceed.
If that doesn't work, type  X <return>  to quit.


! LaTeX Error: Cannot determine size of graphic in https://cdn.mathpix.com/crop
ped/2025_03_24_35eff77eaa66f5ad98acg-250.jpg?height=419 (no BoundingBox).

See the LaTeX manual or LaTeX Companion for explanation.
Type  H <return>  for immediate help.
 ...                                              
                                                  
l.5707 ...dth=527\&top_left_y=983\&top_left_x=703}
                                                  
Try typing  <return>  to proceed.
If that doesn't work, type  X <return>  to quit.

File: https://cdn.mathpix.com/cropped/2025_03_24_35eff77eaa66f5ad98acg-250.jpg?
height=419 Graphic file (type eps)
<https://cdn.mathpix.com/cropped/2025_03_24_35eff77eaa66f5ad98acg-250.jpg?heigh
t=419>


[190]

[191]
! Missing endcsname inserted.
<to be read again> 
                   &
l.5724 ...th=1052\&top_left_y=199\&top_left_x=251}
                                                  
The control sequence marked <to be read again> should
not appear between \csname and \endcsname.

! Use of ??? doesn't match its definition.
<argument> ???  
                ! LaTeX Error: & invalid in file name. Lost: width=1052&top_...
l.5724 ...th=1052\&top_left_y=199\&top_left_x=251}
                                                  
If you say, e.g., `\def\a1{...}', then you must always
put `1' after `\a', since control sequence names are
made up of letters only. The macro here has not been
followed by the required stuff, so I'm ignoring it.

! Missing endcsname inserted.
<to be read again> 
                   &
l.5724 ...th=1052\&top_left_y=199\&top_left_x=251}
                                                  
The control sequence marked <to be read again> should
not appear between \csname and \endcsname.

