\BOOKMARK [1][-]{section.0.1}{\376\377\000T\000E\000X\000T\000S\000\040\000I\000N\000\040\000C\000O\000M\000P\000U\000T\000E\000R\000\040\000S\000C\000I\000E\000N\000C\000E}{}% 1
\BOOKMARK [1][-]{section.0.2}{\376\377\000A\000l\000g\000o\000r\000i\000t\000h\000m\000\040\000D\000e\000s\000i\000g\000n}{}% 2
\BOOKMARK [1][-]{section.0.3}{\376\377\000S\000t\000e\000v\000e\000n\000\040\000S\000.\000\040\000S\000k\000i\000e\000n\000a}{}% 3
\BOOKMARK [1][-]{section.0.4}{\376\377\000T\000h\000e\000\040\000A\000l\000g\000o\000r\000i\000t\000h\000m\000\040\000D\000e\000s\000i\000g\000n\000\040\000M\000a\000n\000u\000a\000l}{}% 4
\BOOKMARK [0][-]{chapter.1}{\376\377\000P\000r\000e\000f\000a\000c\000e}{}% 5
\BOOKMARK [1][-]{section.1.1}{\376\377\000T\000o\000\040\000t\000h\000e\000\040\000R\000e\000a\000d\000e\000r}{chapter.1}% 6
\BOOKMARK [1][-]{section.1.2}{\376\377\000T\000o\000\040\000t\000h\000e\000\040\000I\000n\000s\000t\000r\000u\000c\000t\000o\000r}{chapter.1}% 7
\BOOKMARK [1][-]{section.1.3}{\376\377\000A\000c\000k\000n\000o\000w\000l\000e\000d\000g\000m\000e\000n\000t\000s}{chapter.1}% 8
\BOOKMARK [1][-]{section.1.4}{\376\377\000C\000a\000v\000e\000a\000t}{chapter.1}% 9
\BOOKMARK [0][-]{chapter.2}{\376\377\000A\000l\000g\000o\000r\000i\000t\000h\000m\000\040\000A\000n\000a\000l\000y\000s\000i\000s}{}% 10
\BOOKMARK [1][-]{subsection.2.0.1}{\376\377\000T\000h\000e\000\040\000R\000A\000M\000\040\000M\000o\000d\000e\000l\000\040\000o\000f\000\040\000C\000o\000m\000p\000u\000t\000a\000t\000i\000o\000n}{chapter.2}% 11
\BOOKMARK [2][-]{subsection.2.0.2}{\376\377\000T\000h\000e\000\040\000B\000i\000g\000\040\000O\000h\000\040\000N\000o\000t\000a\000t\000i\000o\000n}{subsection.2.0.1}% 12
\BOOKMARK [1][-]{section.2.1}{\376\377\000S\000t\000o\000p\000\040\000a\000n\000d\000\040\000T\000h\000i\000n\000k\000:\000\040\000B\000a\000c\000k\000\040\000t\000o\000\040\000t\000h\000e\000\040\000D\000e\000f\000i\000n\000i\000t\000i\000o\000n}{chapter.2}% 13
\BOOKMARK [1][-]{section.2.2}{\376\377\000S\000t\000o\000p\000\040\000a\000n\000d\000\040\000T\000h\000i\000n\000k\000:\000\040\000H\000i\000p\000\040\000t\000o\000\040\000t\000h\000e\000\040\000S\000q\000u\000a\000r\000e\000s\000?}{chapter.2}% 14
\BOOKMARK [2][-]{subsection.2.2.1}{\376\377\000G\000r\000o\000w\000t\000h\000\040\000R\000a\000t\000e\000s\000\040\000a\000n\000d\000\040\000D\000o\000m\000i\000n\000a\000n\000c\000e\000\040\000R\000e\000l\000a\000t\000i\000o\000n\000s}{section.2.2}% 15
\BOOKMARK [2][-]{subsection.2.2.2}{\376\377\000W\000o\000r\000k\000i\000n\000g\000\040\000w\000i\000t\000h\000\040\000t\000h\000e\000\040\000B\000i\000g\000\040\000O\000h}{section.2.2}% 16
\BOOKMARK [1][-]{section.2.3}{\376\377\000S\000t\000o\000p\000\040\000a\000n\000d\000\040\000T\000h\000i\000n\000k\000:\000\040\000T\000r\000a\000n\000s\000i\000t\000i\000v\000e\000\040\000E\000x\000p\000e\000r\000i\000e\000n\000c\000e}{chapter.2}% 17
\BOOKMARK [2][-]{subsection.2.3.1}{\376\377\000R\000e\000a\000s\000o\000n\000i\000n\000g\000\040\000a\000b\000o\000u\000t\000\040\000E\000f\000f\000i\000c\000i\000e\000n\000c\000y}{section.2.3}% 18
\BOOKMARK [1][-]{section.2.4}{\376\377\000P\000r\000o\000v\000i\000n\000g\000\040\000t\000h\000e\000\040\000T\000h\000e\000t\000a}{chapter.2}% 19
\BOOKMARK [1][-]{section.2.5}{\376\377\000P\000r\000o\000b\000l\000e\000m\000:\000\040\000S\000u\000b\000s\000t\000r\000i\000n\000g\000\040\000P\000a\000t\000t\000e\000r\000n\000\040\000M\000a\000t\000c\000h\000i\000n\000g}{chapter.2}% 20
\BOOKMARK [2][-]{subsection.2.5.1}{\376\377\000M\000a\000t\000r\000i\000x\000\040\000M\000u\000l\000t\000i\000p\000l\000i\000c\000a\000t\000i\000o\000n}{section.2.5}% 21
\BOOKMARK [1][-]{section.2.6}{\376\377\000P\000r\000o\000b\000l\000e\000m\000:\000\040\000M\000a\000t\000r\000i\000x\000\040\000M\000u\000l\000t\000i\000p\000l\000i\000c\000a\000t\000i\000o\000n}{chapter.2}% 22
\BOOKMARK [2][-]{subsection.2.6.1}{\376\377\000S\000u\000m\000m\000a\000t\000i\000o\000n\000s}{section.2.6}% 23
\BOOKMARK [1][-]{section.2.7}{\376\377\000S\000t\000o\000p\000\040\000a\000n\000d\000\040\000T\000h\000i\000n\000k\000:\000\040\000F\000a\000c\000t\000o\000r\000i\000a\000l\000\040\000F\000o\000r\000m\000u\000l\000a\000e}{chapter.2}% 24
\BOOKMARK [2][-]{subsection.2.7.1}{\376\377\000L\000o\000g\000a\000r\000i\000t\000h\000m\000s\000\040\000a\000n\000d\000\040\000T\000h\000e\000i\000r\000\040\000A\000p\000p\000l\000i\000c\000a\000t\000i\000o\000n\000s}{section.2.7}% 25
\BOOKMARK [2][-]{subsection.2.7.2}{\376\377\000P\000r\000o\000p\000e\000r\000t\000i\000e\000s\000\040\000o\000f\000\040\000L\000o\000g\000a\000r\000i\000t\000h\000m\000s}{section.2.7}% 26
\BOOKMARK [1][-]{section.2.8}{\376\377\000S\000t\000o\000p\000\040\000a\000n\000d\000\040\000T\000h\000i\000n\000k\000:\000\040\000I\000m\000p\000o\000r\000t\000a\000n\000c\000e\000\040\000o\000f\000\040\000a\000n\000\040\000E\000v\000e\000n\000\040\000S\000p\000l\000i\000t}{chapter.2}% 27
\BOOKMARK [2][-]{subsection.2.8.1}{\376\377\000W\000a\000r\000\040\000S\000t\000o\000r\000y\000:\000\040\000M\000y\000s\000t\000e\000r\000y\000\040\000o\000f\000\040\000t\000h\000e\000\040\000P\000y\000r\000a\000m\000i\000d\000s}{section.2.8}% 28
\BOOKMARK [2][-]{subsection.2.8.2}{\376\377\000A\000d\000v\000a\000n\000c\000e\000d\000\040\000A\000n\000a\000l\000y\000s\000i\000s\000\040\000\050\000*\000\051}{section.2.8}% 29
\BOOKMARK [1][-]{section.2.9}{\376\377\000C\000h\000a\000p\000t\000e\000r\000\040\000N\000o\000t\000e\000s}{chapter.2}% 30
\BOOKMARK [1][-]{section.2.10}{\376\377\000P\000r\000o\000g\000r\000a\000m\000\040\000A\000n\000a\000l\000y\000s\000i\000s}{chapter.2}% 31
\BOOKMARK [1][-]{section.2.11}{\376\377\000B\000i\000g\000\040\000O\000h}{chapter.2}% 32
\BOOKMARK [1][-]{section.2.12}{\376\377\000L\000o\000g\000a\000r\000i\000t\000h\000m\000s}{chapter.2}% 33
\BOOKMARK [1][-]{section.2.13}{\376\377\000I\000n\000t\000e\000r\000v\000i\000e\000w\000\040\000P\000r\000o\000b\000l\000e\000m\000s}{chapter.2}% 34
\BOOKMARK [1][-]{section.2.14}{\376\377\000L\000e\000e\000t\000C\000o\000d\000e}{chapter.2}% 35
\BOOKMARK [1][-]{section.2.15}{\376\377\000H\000a\000c\000k\000e\000r\000R\000a\000n\000k}{chapter.2}% 36
\BOOKMARK [1][-]{section.2.16}{\376\377\000P\000r\000o\000g\000r\000a\000m\000m\000i\000n\000g\000\040\000C\000h\000a\000l\000l\000e\000n\000g\000e\000s}{chapter.2}% 37
\BOOKMARK [0][-]{chapter.3}{\376\377\000D\000a\000t\000a\000\040\000S\000t\000r\000u\000c\000t\000u\000r\000e\000s}{}% 38
\BOOKMARK [1][-]{subsection.3.0.1}{\376\377\000C\000o\000n\000t\000i\000g\000u\000o\000u\000s\000\040\000v\000s\000.\000\040\000L\000i\000n\000k\000e\000d\000\040\000D\000a\000t\000a\000\040\000S\000t\000r\000u\000c\000t\000u\000r\000e\000s}{chapter.3}% 39
\BOOKMARK [1][-]{section.3.1}{\376\377\000S\000e\000a\000r\000c\000h\000i\000n\000g\000\040\000a\000\040\000L\000i\000s\000t}{chapter.3}% 40
\BOOKMARK [1][-]{section.3.2}{\376\377\000I\000n\000s\000e\000r\000t\000i\000o\000n\000\040\000i\000n\000t\000o\000\040\000a\000\040\000L\000i\000s\000t}{chapter.3}% 41
\BOOKMARK [1][-]{section.3.3}{\376\377\000D\000e\000l\000e\000t\000i\000o\000n\000\040\000F\000r\000o\000m\000\040\000a\000\040\000L\000i\000s\000t}{chapter.3}% 42
\BOOKMARK [2][-]{subsection.3.3.1}{\376\377\000C\000o\000n\000t\000a\000i\000n\000e\000r\000s\000:\000\040\000S\000t\000a\000c\000k\000s\000\040\000a\000n\000d\000\040\000Q\000u\000e\000u\000e\000s}{section.3.3}% 43
\BOOKMARK [2][-]{subsection.3.3.2}{\376\377\000D\000i\000c\000t\000i\000o\000n\000a\000r\000i\000e\000s}{section.3.3}% 44
\BOOKMARK [1][-]{section.3.4}{\376\377\000S\000t\000o\000p\000\040\000a\000n\000d\000\040\000T\000h\000i\000n\000k\000:\000\040\000C\000o\000m\000p\000a\000r\000i\000n\000g\000\040\000D\000i\000c\000t\000i\000o\000n\000a\000r\000y\000\040\000I\000m\000p\000l\000e\000m\000e\000n\000t\000a\000t\000i\000o\000n\000s\000\040\000\050\000I\000\051}{chapter.3}% 45
\BOOKMARK [1][-]{section.3.5}{\376\377\000S\000t\000o\000p\000\040\000a\000n\000d\000\040\000T\000h\000i\000n\000k\000:\000\040\000C\000o\000m\000p\000a\000r\000i\000n\000g\000\040\000D\000i\000c\000t\000i\000o\000n\000a\000r\000y\000\040\000I\000m\000p\000l\000e\000m\000e\000n\000t\000a\000t\000i\000o\000n\000s\000\040\000\050\000I\000I\000\051}{chapter.3}% 46
\BOOKMARK [2][-]{subsection.3.5.1}{\376\377\000B\000i\000n\000a\000r\000y\000\040\000S\000e\000a\000r\000c\000h\000\040\000T\000r\000e\000e\000s}{section.3.5}% 47
\BOOKMARK [1][-]{section.3.6}{\376\377\000S\000e\000a\000r\000c\000h\000i\000n\000g\000\040\000i\000n\000\040\000a\000\040\000T\000r\000e\000e}{chapter.3}% 48
\BOOKMARK [1][-]{section.3.7}{\376\377\000F\000i\000n\000d\000i\000n\000g\000\040\000M\000i\000n\000i\000m\000u\000m\000\040\000a\000n\000d\000\040\000M\000a\000x\000i\000m\000u\000m\000\040\000E\000l\000e\000m\000e\000n\000t\000s\000\040\000i\000n\000\040\000a\000\040\000T\000r\000e\000e}{chapter.3}% 49
\BOOKMARK [1][-]{section.3.8}{\376\377\000T\000r\000a\000v\000e\000r\000s\000a\000l\000\040\000i\000n\000\040\000a\000\040\000T\000r\000e\000e}{chapter.3}% 50
\BOOKMARK [1][-]{section.3.9}{\376\377\000I\000n\000s\000e\000r\000t\000i\000o\000n\000\040\000i\000n\000\040\000a\000\040\000T\000r\000e\000e}{chapter.3}% 51
\BOOKMARK [1][-]{section.3.10}{\376\377\000D\000e\000l\000e\000t\000i\000o\000n\000\040\000f\000r\000o\000m\000\040\000a\000\040\000T\000r\000e\000e}{chapter.3}% 52
\BOOKMARK [1][-]{section.3.11}{\376\377\000S\000t\000o\000p\000\040\000a\000n\000d\000\040\000T\000h\000i\000n\000k\000:\000\040\000E\000x\000p\000l\000o\000i\000t\000i\000n\000g\000\040\000B\000a\000l\000a\000n\000c\000e\000d\000\040\000S\000e\000a\000r\000c\000h\000\040\000T\000r\000e\000e\000s}{chapter.3}% 53
\BOOKMARK [2][-]{subsection.3.11.1}{\376\377\000P\000r\000i\000o\000r\000i\000t\000y\000\040\000Q\000u\000e\000u\000e\000s}{section.3.11}% 54
\BOOKMARK [1][-]{section.3.12}{\376\377\000S\000t\000o\000p\000\040\000a\000n\000d\000\040\000T\000h\000i\000n\000k\000:\000\040\000B\000a\000s\000i\000c\000\040\000P\000r\000i\000o\000r\000i\000t\000y\000\040\000Q\000u\000e\000u\000e\000\040\000I\000m\000p\000l\000e\000m\000e\000n\000t\000a\000t\000i\000o\000n\000s}{chapter.3}% 55
\BOOKMARK [2][-]{subsection.3.12.1}{\376\377\000W\000a\000r\000\040\000S\000t\000o\000r\000y\000:\000\040\000S\000t\000r\000i\000p\000p\000i\000n\000g\000\040\000T\000r\000i\000a\000n\000g\000u\000l\000a\000t\000i\000o\000n\000s}{section.3.12}% 56
\BOOKMARK [2][-]{subsection.3.12.2}{\376\377\000H\000a\000s\000h\000i\000n\000g}{section.3.12}% 57
\BOOKMARK [2][-]{subsection.3.12.3}{\376\377\000S\000p\000e\000c\000i\000a\000l\000i\000z\000e\000d\000\040\000D\000a\000t\000a\000\040\000S\000t\000r\000u\000c\000t\000u\000r\000e\000s}{section.3.12}% 58
\BOOKMARK [2][-]{subsection.3.12.4}{\376\377\000W\000a\000r\000\040\000S\000t\000o\000r\000y\000:\000\040\000S\000t\000r\000i\000n\000g\000\040\000'\000e\000m\000\040\000U\000p}{section.3.12}% 59
\BOOKMARK [1][-]{section.3.13}{\376\377\000C\000h\000a\000p\000t\000e\000r\000\040\000N\000o\000t\000e\000s}{chapter.3}% 60
\BOOKMARK [1][-]{section.3.14}{\376\377\000S\000t\000a\000c\000k\000s\000,\000\040\000Q\000u\000e\000u\000e\000s\000,\000\040\000a\000n\000d\000\040\000L\000i\000s\000t\000s}{chapter.3}% 61
\BOOKMARK [1][-]{section.3.15}{\376\377\000E\000l\000e\000m\000e\000n\000t\000a\000r\000y\000\040\000D\000a\000t\000a\000\040\000S\000t\000r\000u\000c\000t\000u\000r\000e\000s}{chapter.3}% 62
\BOOKMARK [1][-]{section.3.16}{\376\377\000T\000r\000e\000e\000s\000\040\000a\000n\000d\000\040\000O\000t\000h\000e\000r\000\040\000D\000i\000c\000t\000i\000o\000n\000a\000r\000y\000\040\000S\000t\000r\000u\000c\000t\000u\000r\000e\000s}{chapter.3}% 63
\BOOKMARK [1][-]{section.3.17}{\376\377\000A\000p\000p\000l\000i\000c\000a\000t\000i\000o\000n\000s\000\040\000o\000f\000\040\000T\000r\000e\000e\000\040\000S\000t\000r\000u\000c\000t\000u\000r\000e\000s}{chapter.3}% 64
\BOOKMARK [1][-]{section.3.18}{\376\377\000I\000m\000p\000l\000e\000m\000e\000n\000t\000a\000t\000i\000o\000n\000\040\000P\000r\000o\000j\000e\000c\000t\000s}{chapter.3}% 65
\BOOKMARK [1][-]{section.3.19}{\376\377\000I\000n\000t\000e\000r\000v\000i\000e\000w\000\040\000P\000r\000o\000b\000l\000e\000m\000s}{chapter.3}% 66
\BOOKMARK [1][-]{section.3.20}{\376\377\000L\000e\000e\000t\000C\000o\000d\000e}{chapter.3}% 67
\BOOKMARK [1][-]{section.3.21}{\376\377\000H\000a\000c\000k\000e\000r\000R\000a\000n\000k}{chapter.3}% 68
\BOOKMARK [1][-]{section.3.22}{\376\377\000P\000r\000o\000g\000r\000a\000m\000m\000i\000n\000g\000\040\000C\000h\000a\000l\000l\000e\000n\000g\000e\000s}{chapter.3}% 69
\BOOKMARK [2][-]{subsection.3.22.1}{\376\377\000S\000o\000r\000t\000i\000n\000g}{section.3.22}% 70
\BOOKMARK [2][-]{subsection.3.22.2}{\376\377\000A\000p\000p\000l\000i\000c\000a\000t\000i\000o\000n\000s\000\040\000o\000f\000\040\000S\000o\000r\000t\000i\000n\000g}{section.3.22}% 71
\BOOKMARK [1][-]{section.3.23}{\376\377\000S\000t\000o\000p\000\040\000a\000n\000d\000\040\000T\000h\000i\000n\000k\000:\000\040\000F\000i\000n\000d\000i\000n\000g\000\040\000t\000h\000e\000\040\000I\000n\000t\000e\000r\000s\000e\000c\000t\000i\000o\000n}{chapter.3}% 72
\BOOKMARK [1][-]{section.3.24}{\376\377\000S\000t\000o\000p\000\040\000a\000n\000d\000\040\000T\000h\000i\000n\000k\000:\000\040\000M\000a\000k\000i\000n\000g\000\040\000a\000\040\000H\000a\000s\000h\000\040\000o\000f\000\040\000t\000h\000e\000\040\000P\000r\000o\000b\000l\000e\000m\000?}{chapter.3}% 73
\BOOKMARK [2][-]{subsection.3.24.1}{\376\377\000P\000r\000a\000g\000m\000a\000t\000i\000c\000s\000\040\000o\000f\000\040\000S\000o\000r\000t\000i\000n\000g}{section.3.24}% 74
\BOOKMARK [2][-]{subsection.3.24.2}{\376\377\000H\000e\000a\000p\000s\000o\000r\000t\000:\000\040\000F\000a\000s\000t\000\040\000S\000o\000r\000t\000i\000n\000g\000\040\000v\000i\000a\000\040\000D\000a\000t\000a\000\040\000S\000t\000r\000u\000c\000t\000u\000r\000e\000s}{section.3.24}% 75
\BOOKMARK [1][-]{section.3.25}{\376\377\000S\000t\000o\000p\000\040\000a\000n\000d\000\040\000T\000h\000i\000n\000k\000:\000\040\000W\000h\000o\000'\000s\000\040\000W\000h\000e\000r\000e\000\040\000i\000n\000\040\000t\000h\000e\000\040\000H\000e\000a\000p\000?}{chapter.3}% 76
\BOOKMARK [1][-]{section.3.26}{\376\377\000S\000t\000o\000p\000\040\000a\000n\000d\000\040\000T\000h\000i\000n\000k\000:\000\040\000W\000h\000e\000r\000e\000\040\000i\000n\000\040\000t\000h\000e\000\040\000H\000e\000a\000p\000?}{chapter.3}% 77
\BOOKMARK [2][-]{subsection.3.26.1}{\376\377\000W\000a\000r\000\040\000S\000t\000o\000r\000y\000:\000\040\000G\000i\000v\000e\000\040\000m\000e\000\040\000a\000\040\000T\000i\000c\000k\000e\000t\000\040\000o\000n\000\040\000a\000n\000\040\000A\000i\000r\000p\000l\000a\000n\000e}{section.3.26}% 78
\BOOKMARK [2][-]{subsection.3.26.2}{\376\377\000M\000e\000r\000g\000e\000s\000o\000r\000t\000:\000\040\000S\000o\000r\000t\000i\000n\000g\000\040\000b\000y\000\040\000D\000i\000v\000i\000d\000e\000\040\000a\000n\000d\000\040\000C\000o\000n\000q\000u\000e\000r}{section.3.26}% 79
\BOOKMARK [1][-]{section.3.27}{\376\377\000I\000m\000p\000l\000e\000m\000e\000n\000t\000a\000t\000i\000o\000n}{chapter.3}% 80
\BOOKMARK [2][-]{subsection.3.27.1}{\376\377\000Q\000u\000i\000c\000k\000s\000o\000r\000t\000:\000\040\000S\000o\000r\000t\000i\000n\000g\000\040\000b\000y\000\040\000R\000a\000n\000d\000o\000m\000i\000z\000a\000t\000i\000o\000n}{section.3.27}% 81
\BOOKMARK [1][-]{section.3.28}{\376\377\000S\000t\000o\000p\000\040\000a\000n\000d\000\040\000T\000h\000i\000n\000k\000:\000\040\000N\000u\000t\000s\000\040\000a\000n\000d\000\040\000B\000o\000l\000t\000s}{chapter.3}% 82
\BOOKMARK [2][-]{subsection.3.28.1}{\376\377\000D\000i\000s\000t\000r\000i\000b\000u\000t\000i\000o\000n\000\040\000S\000o\000r\000t\000:\000\040\000S\000o\000r\000t\000i\000n\000g\000\040\000v\000i\000a\000\040\000B\000u\000c\000k\000e\000t\000i\000n\000g}{section.3.28}% 83
\BOOKMARK [2][-]{subsection.3.28.2}{\376\377\000W\000a\000r\000\040\000S\000t\000o\000r\000y\000:\000\040\000S\000k\000i\000e\000n\000a\000\040\000f\000o\000r\000\040\000t\000h\000e\000\040\000D\000e\000f\000e\000n\000s\000e}{section.3.28}% 84
\BOOKMARK [1][-]{section.3.29}{\376\377\000A\000p\000p\000l\000i\000c\000a\000t\000i\000o\000n\000s\000\040\000o\000f\000\040\000S\000o\000r\000t\000i\000n\000g\000:\000\040\000N\000u\000m\000b\000e\000r\000s}{chapter.3}% 85
\BOOKMARK [1][-]{section.3.30}{\376\377\000A\000p\000p\000l\000i\000c\000a\000t\000i\000o\000n\000s\000\040\000o\000f\000\040\000S\000o\000r\000t\000i\000n\000g\000:\000\040\000I\000n\000t\000e\000r\000v\000a\000l\000s\000\040\000a\000n\000d\000\040\000S\000e\000t\000s}{chapter.3}% 86
\BOOKMARK [1][-]{section.3.31}{\376\377\000Q\000u\000i\000c\000k\000s\000o\000r\000t}{chapter.3}% 87
\BOOKMARK [1][-]{section.3.32}{\376\377\000M\000e\000r\000g\000e\000s\000o\000r\000t}{chapter.3}% 88
\BOOKMARK [1][-]{section.3.33}{\376\377\000O\000t\000h\000e\000r\000\040\000S\000o\000r\000t\000i\000n\000g\000\040\000A\000l\000g\000o\000r\000i\000t\000h\000m\000s}{chapter.3}% 89
\BOOKMARK [1][-]{section.3.34}{\376\377\000L\000o\000w\000e\000r\000\040\000B\000o\000u\000n\000d\000s}{chapter.3}% 90
\BOOKMARK [2][-]{subsection.3.34.1}{\376\377\000S\000e\000a\000r\000c\000h\000i\000n\000g}{section.3.34}% 91
\BOOKMARK [1][-]{section.3.35}{\376\377\000I\000m\000p\000l\000e\000m\000e\000n\000t\000a\000t\000i\000o\000n\000\040\000C\000h\000a\000l\000l\000e\000n\000g\000e\000s}{chapter.3}% 92
\BOOKMARK [1][-]{section.3.36}{\376\377\000D\000i\000v\000i\000d\000e\000\040\000a\000n\000d\000\040\000C\000o\000n\000q\000u\000e\000r}{chapter.3}% 93
\BOOKMARK [2][-]{subsection.3.36.1}{\376\377\000B\000i\000n\000a\000r\000y\000\040\000S\000e\000a\000r\000c\000h\000\040\000a\000n\000d\000\040\000R\000e\000l\000a\000t\000e\000d\000\040\000A\000l\000g\000o\000r\000i\000t\000h\000m\000s}{section.3.36}% 94
\BOOKMARK [2][-]{subsection.3.36.2}{\376\377\000W\000a\000r\000\040\000S\000t\000o\000r\000y\000:\000\040\000F\000i\000n\000d\000i\000n\000g\000\040\000t\000h\000e\000\040\000B\000u\000g\000\040\000i\000n\000\040\000t\000h\000e\000\040\000B\000u\000g}{section.3.36}% 95
\BOOKMARK [2][-]{subsection.3.36.3}{\376\377\000R\000e\000c\000u\000r\000r\000e\000n\000c\000e\000\040\000R\000e\000l\000a\000t\000i\000o\000n\000s}{section.3.36}% 96
\BOOKMARK [2][-]{subsection.3.36.4}{\376\377\000S\000o\000l\000v\000i\000n\000g\000\040\000D\000i\000v\000i\000d\000e\000-\000a\000n\000d\000-\000C\000o\000n\000q\000u\000e\000r\000\040\000R\000e\000c\000u\000r\000r\000e\000n\000c\000e\000s}{section.3.36}% 97
\BOOKMARK [2][-]{subsection.3.36.5}{\376\377\000F\000a\000s\000t\000\040\000M\000u\000l\000t\000i\000p\000l\000i\000c\000a\000t\000i\000o\000n}{section.3.36}% 98
\BOOKMARK [2][-]{subsection.3.36.6}{\376\377\000L\000a\000r\000g\000e\000s\000t\000\040\000S\000u\000b\000r\000a\000n\000g\000e\000\040\000a\000n\000d\000\040\000C\000l\000o\000s\000e\000s\000t\000\040\000P\000a\000i\000r}{section.3.36}% 99
\BOOKMARK [2][-]{subsection.3.36.7}{\376\377\000P\000a\000r\000a\000l\000l\000e\000l\000\040\000A\000l\000g\000o\000r\000i\000t\000h\000m\000s}{section.3.36}% 100
\BOOKMARK [2][-]{subsection.3.36.8}{\376\377\000W\000a\000r\000\040\000S\000t\000o\000r\000y\000:\000\040\000G\000o\000i\000n\000g\000\040\000N\000o\000w\000h\000e\000r\000e\000\040\000F\000a\000s\000t}{section.3.36}% 101
\BOOKMARK [2][-]{subsection.3.36.9}{\376\377\000C\000o\000n\000v\000o\000l\000u\000t\000i\000o\000n\000\040\000\050\000*\000\051}{section.3.36}% 102
\BOOKMARK [1][-]{section.3.37}{\376\377\000B\000i\000n\000a\000r\000y\000\040\000S\000e\000a\000r\000c\000h}{chapter.3}% 103
\BOOKMARK [1][-]{section.3.38}{\376\377\000D\000i\000v\000i\000d\000e\000\040\000a\000n\000d\000\040\000C\000o\000n\000q\000u\000e\000r\000\040\000A\000l\000g\000o\000r\000i\000t\000h\000m\000s}{chapter.3}% 104
\BOOKMARK [1][-]{section.3.39}{\376\377\000H\000a\000s\000h\000i\000n\000g\000\040\000a\000n\000d\000\040\000R\000a\000n\000d\000o\000m\000i\000z\000e\000d\000\040\000A\000l\000g\000o\000r\000i\000t\000h\000m\000s}{chapter.3}% 105
\BOOKMARK [1][-]{section.3.40}{\376\377\000S\000t\000o\000p\000\040\000a\000n\000d\000\040\000T\000h\000i\000n\000k\000:\000\040\000Q\000u\000i\000c\000k\000s\000o\000r\000t\000\040\000C\000i\000t\000y}{chapter.3}% 106
\BOOKMARK [2][-]{subsection.3.40.1}{\376\377\000P\000r\000o\000b\000a\000b\000i\000l\000i\000t\000y\000\040\000R\000e\000v\000i\000e\000w}{section.3.40}% 107
\BOOKMARK [1][-]{section.3.41}{\376\377\000S\000t\000o\000p\000\040\000a\000n\000d\000\040\000T\000h\000i\000n\000k\000:\000\040\000R\000a\000n\000d\000o\000m\000\040\000W\000a\000l\000k\000s\000\040\000o\000n\000\040\000a\000\040\000P\000a\000t\000h}{chapter.3}% 108
\BOOKMARK [2][-]{subsection.3.41.1}{\376\377\000U\000n\000d\000e\000r\000s\000t\000a\000n\000d\000i\000n\000g\000\040\000B\000a\000l\000l\000s\000\040\000a\000n\000d\000\040\000B\000i\000n\000s}{section.3.41}% 109
\BOOKMARK [1][-]{section.3.42}{\376\377\000S\000t\000o\000p\000\040\000a\000n\000d\000\040\000T\000h\000i\000n\000k\000:\000\040\000C\000o\000v\000e\000r\000i\000n\000g\000\040\000T\000i\000m\000e\000\040\000f\000o\000r\000\040\000K\000n}{chapter.3}% 110
\BOOKMARK [2][-]{subsection.3.42.1}{\376\377\000W\000h\000y\000\040\000i\000s\000\040\000H\000a\000s\000h\000i\000n\000g\000\040\000a\000\040\000R\000a\000n\000d\000o\000m\000i\000z\000e\000d\000\040\000A\000l\000g\000o\000r\000i\000t\000h\000m\000?}{section.3.42}% 111
\BOOKMARK [2][-]{subsection.3.42.2}{\376\377\000B\000l\000o\000o\000m\000\040\000F\000i\000l\000t\000e\000r\000s}{section.3.42}% 112
\BOOKMARK [2][-]{subsection.3.42.3}{\376\377\000T\000h\000e\000\040\000B\000i\000r\000t\000h\000d\000a\000y\000\040\000P\000a\000r\000a\000d\000o\000x\000\040\000a\000n\000d\000\040\000P\000e\000r\000f\000e\000c\000t\000\040\000H\000a\000s\000h\000i\000n\000g}{section.3.42}% 113
\BOOKMARK [2][-]{subsection.3.42.4}{\376\377\000M\000i\000n\000w\000i\000s\000e\000\040\000H\000a\000s\000h\000i\000n\000g}{section.3.42}% 114
\BOOKMARK [1][-]{section.3.43}{\376\377\000S\000t\000o\000p\000\040\000a\000n\000d\000\040\000T\000h\000i\000n\000k\000:\000\040\000E\000s\000t\000i\000m\000a\000t\000i\000n\000g\000\040\000P\000o\000p\000u\000l\000a\000t\000i\000o\000n\000\040\000S\000i\000z\000e}{chapter.3}% 115
\BOOKMARK [2][-]{subsection.3.43.1}{\376\377\000E\000f\000f\000i\000c\000i\000e\000n\000t\000\040\000S\000t\000r\000i\000n\000g\000\040\000M\000a\000t\000c\000h\000i\000n\000g}{section.3.43}% 116
\BOOKMARK [2][-]{subsection.3.43.2}{\376\377\000P\000r\000i\000m\000a\000l\000i\000t\000y\000\040\000T\000e\000s\000t\000i\000n\000g}{section.3.43}% 117
\BOOKMARK [2][-]{subsection.3.43.3}{\376\377\000W\000a\000r\000\040\000S\000t\000o\000r\000y\000:\000\040\000G\000i\000v\000i\000n\000g\000\040\000K\000n\000u\000t\000h\000\040\000t\000h\000e\000\040\000M\000i\000d\000d\000l\000e\000\040\000I\000n\000i\000t\000i\000a\000l}{section.3.43}% 118
\BOOKMARK [2][-]{subsection.3.43.4}{\376\377\000W\000h\000e\000r\000e\000\040\000d\000o\000\040\000R\000a\000n\000d\000o\000m\000\040\000N\000u\000m\000b\000e\000r\000s\000\040\000C\000o\000m\000e\000\040\000F\000r\000o\000m\000?}{section.3.43}% 119
\BOOKMARK [0][-]{chapter.4}{\376\377\000G\000r\000a\000p\000h\000\040\000T\000r\000a\000v\000e\000r\000s\000a\000l}{}% 120
\BOOKMARK [1][-]{subsection.4.0.1}{\376\377\000F\000l\000a\000v\000o\000r\000s\000\040\000o\000f\000\040\000G\000r\000a\000p\000h\000s}{chapter.4}% 121
\BOOKMARK [2][-]{subsection.4.0.2}{\376\377\000D\000a\000t\000a\000\040\000S\000t\000r\000u\000c\000t\000u\000r\000e\000s\000\040\000f\000o\000r\000\040\000G\000r\000a\000p\000h\000s}{subsection.4.0.1}% 122
\BOOKMARK [2][-]{subsection.4.0.3}{\376\377\000W\000a\000r\000\040\000S\000t\000o\000r\000y\000:\000\040\000I\000\040\000w\000a\000s\000\040\000a\000\040\000V\000i\000c\000t\000i\000m\000\040\000o\000f\000\040\000M\000o\000o\000r\000e\000'\000s\000\040\000L\000a\000w}{subsection.4.0.1}% 123
\BOOKMARK [2][-]{subsection.4.0.4}{\376\377\000W\000a\000r\000\040\000S\000t\000o\000r\000y\000:\000\040\000G\000e\000t\000t\000i\000n\000g\000\040\000t\000h\000e\000\040\000G\000r\000a\000p\000h}{subsection.4.0.1}% 124
\BOOKMARK [2][-]{subsection.4.0.5}{\376\377\000T\000r\000a\000v\000e\000r\000s\000i\000n\000g\000\040\000a\000\040\000G\000r\000a\000p\000h}{subsection.4.0.1}% 125
\BOOKMARK [2][-]{subsection.4.0.6}{\376\377\000B\000r\000e\000a\000d\000t\000h\000-\000F\000i\000r\000s\000t\000\040\000S\000e\000a\000r\000c\000h}{subsection.4.0.1}% 126
\BOOKMARK [1][-]{section.4.1}{\376\377\000I\000m\000p\000l\000e\000m\000e\000n\000t\000a\000t\000i\