\BOOKMARK [1][-]{section.0.1}{\376\377\000T\000E\000X\000T\000S\000\040\000I\000N\000\040\000C\000O\000M\000P\000U\000T\000E\000R\000\040\000S\000C\000I\000E\000N\000C\000E}{}% 1
\BOOKMARK [1][-]{section.0.2}{\376\377\000T\000H\000E}{}% 2
\BOOKMARK [1][-]{section.0.3}{\376\377\000D\000a\000t\000a\000\040\000S\000c\000i\000e\000n\000c\000e\000\040\000D\000e\000s\000i\000g\000n}{}% 3
\BOOKMARK [1][-]{section.0.4}{\376\377\000S\000t\000e\000v\000e\000n\000\040\000S\000.\000\040\000S\000l\000a\000i\000e\000n\000a}{}% 4
\BOOKMARK [1][-]{section.0.5}{\376\377\000S\000t\000e\000v\000e\000n\000\040\000S\000.\000\040\000S\000k\000i\000e\000n\000a}{}% 5
\BOOKMARK [1][-]{section.0.6}{\376\377\000T\000h\000e\000\040\000D\000a\000t\000a\000\040\000S\000c\000i\000e\000n\000c\000e\000\040\000D\000e\000s\000i\000g\000n\000\040\000M\000a\000n\000u\000a\000l}{}% 6
\BOOKMARK [1][-]{section.0.7}{\376\377\000P\000r\000e\000f\000a\000c\000e}{}% 7
\BOOKMARK [1][-]{section.0.8}{\376\377\000T\000o\000\040\000t\000h\000e\000\040\000R\000e\000a\000d\000e\000r}{}% 8
\BOOKMARK [1][-]{section.0.9}{\376\377\000T\000o\000\040\000t\000h\000e\000\040\000I\000n\000s\000t\000r\000u\000c\000t\000o\000r}{}% 9
\BOOKMARK [1][-]{section.0.10}{\376\377\000D\000e\000d\000i\000c\000a\000t\000i\000o\000n}{}% 10
\BOOKMARK [1][-]{section.0.11}{\376\377\000A\000c\000k\000n\000o\000w\000l\000e\000d\000g\000m\000e\000n\000t\000s}{}% 11
\BOOKMARK [1][-]{section.0.12}{\376\377\000C\000a\000v\000e\000a\000t}{}% 12
\BOOKMARK [1][-]{section.0.13}{\376\377\000C\000o\000n\000t\000e\000n\000t\000s}{}% 13
\BOOKMARK [1][-]{section.0.14}{\376\377\000C\000h\000a\000p\000t\000e\000r}{}% 14
\BOOKMARK [1][-]{section.0.15}{\376\377\000W\000h\000a\000t\000\040\000i\000s\000\040\000D\000a\000t\000a\000\040\000S\000c\000i\000e\000n\000c\000e\000?}{}% 15
\BOOKMARK [2][-]{subsection.0.15.1}{\376\377\000C\000o\000m\000p\000u\000t\000e\000r\000\040\000S\000c\000i\000e\000n\000c\000e\000,\000\040\000D\000a\000t\000a\000\040\000S\000c\000i\000e\000n\000c\000e\000,\000\040\000a\000n\000d\000\040\000R\000e\000a\000l\000\040\000S\000c\000i\000e\000n\000c\000e}{section.0.15}% 16
\BOOKMARK [2][-]{subsection.0.15.2}{\376\377\000A\000s\000k\000i\000n\000g\000\040\000I\000n\000t\000e\000r\000e\000s\000t\000i\000n\000g\000\040\000Q\000u\000e\000s\000t\000i\000o\000n\000s\000\040\000f\000r\000o\000m\000\040\000D\000a\000t\000a}{section.0.15}% 17
\BOOKMARK [2][-]{subsection.0.15.3}{\376\377\000T\000h\000e\000\040\000B\000a\000s\000e\000b\000a\000l\000l\000\040\000E\000n\000c\000y\000c\000l\000o\000p\000e\000d\000i\000a}{section.0.15}% 18
\BOOKMARK [2][-]{subsection.0.15.4}{\376\377\000T\000h\000e\000\040\000I\000n\000t\000e\000r\000n\000e\000t\000\040\000M\000o\000v\000i\000e\000\040\000D\000a\000t\000a\000b\000a\000s\000e\000\040\000\050\000I\000M\000D\000b\000\051}{section.0.15}% 19
\BOOKMARK [2][-]{subsection.0.15.5}{\376\377\000G\000o\000o\000g\000l\000e\000\040\000N\000g\000r\000a\000m\000s}{section.0.15}% 20
\BOOKMARK [2][-]{subsection.0.15.6}{\376\377\000N\000e\000w\000\040\000Y\000o\000r\000k\000\040\000T\000a\000x\000i\000\040\000R\000e\000c\000o\000r\000d\000s}{section.0.15}% 21
\BOOKMARK [2][-]{subsection.0.15.7}{\376\377\000P\000r\000o\000p\000e\000r\000t\000i\000e\000s\000\040\000o\000f\000\040\000D\000a\000t\000a}{section.0.15}% 22
\BOOKMARK [2][-]{subsection.0.15.8}{\376\377\000S\000t\000r\000u\000c\000t\000u\000r\000e\000d\000\040\000v\000s\000.\000\040\000U\000n\000s\000t\000r\000u\000c\000t\000u\000r\000e\000d\000\040\000D\000a\000t\000a}{section.0.15}% 23
\BOOKMARK [2][-]{subsection.0.15.9}{\376\377\000Q\000u\000a\000n\000t\000i\000t\000a\000t\000i\000v\000e\000\040\000v\000s\000.\000\040\000C\000a\000t\000e\000g\000o\000r\000i\000c\000a\000l\000\040\000D\000a\000t\000a}{section.0.15}% 24
\BOOKMARK [2][-]{subsection.0.15.10}{\376\377\000B\000i\000g\000\040\000D\000a\000t\000a\000\040\000v\000s\000.\000\040\000L\000i\000t\000t\000l\000e\000\040\000D\000a\000t\000a}{section.0.15}% 25
\BOOKMARK [2][-]{subsection.0.15.11}{\376\377\000C\000l\000a\000s\000s\000i\000f\000i\000c\000a\000t\000i\000o\000n\000\040\000a\000n\000d\000\040\000R\000e\000g\000r\000e\000s\000s\000i\000o\000n}{section.0.15}% 26
\BOOKMARK [2][-]{subsection.0.15.12}{\376\377\000D\000a\000t\000a\000\040\000S\000c\000i\000e\000n\000c\000e\000\040\000T\000e\000l\000e\000v\000i\000s\000i\000o\000n\000:\000\040\000T\000h\000e\000\040\000Q\000u\000a\000n\000t\000\040\000S\000h\000o\000p}{section.0.15}% 27
\BOOKMARK [2][-]{subsection.0.15.13}{\376\377\000K\000a\000g\000g\000l\000e\000\040\000C\000h\000a\000l\000l\000e\000n\000g\000e\000s}{section.0.15}% 28
\BOOKMARK [2][-]{subsection.0.15.14}{\376\377\000A\000b\000o\000u\000t\000\040\000t\000h\000e\000\040\000W\000a\000r\000\040\000S\000t\000o\000r\000i\000e\000s}{section.0.15}% 29
\BOOKMARK [2][-]{subsection.0.15.15}{\376\377\000W\000a\000r\000\040\000S\000t\000o\000r\000y\000:\000\040\000A\000n\000s\000w\000e\000r\000i\000n\000g\000\040\000t\000h\000e\000\040\000R\000i\000g\000h\000t\000\040\000Q\000u\000e\000s\000t\000i\000o\000n}{section.0.15}% 30
\BOOKMARK [2][-]{subsection.0.15.16}{\376\377\000C\000h\000a\000p\000t\000e\000r\000\040\000N\000o\000t\000e\000s}{section.0.15}% 31
\BOOKMARK [2][-]{subsection.0.15.17}{\376\377\000E\000x\000e\000r\000c\000i\000s\000e\000s}{section.0.15}% 32
\BOOKMARK [1][-]{section.0.16}{\376\377\000I\000d\000e\000n\000t\000i\000f\000y\000i\000n\000g\000\040\000D\000a\000t\000a\000\040\000S\000e\000t\000s}{}% 33
\BOOKMARK [1][-]{section.0.17}{\376\377\000A\000s\000k\000i\000n\000g\000\040\000Q\000u\000e\000s\000t\000i\000o\000n\000s}{}% 34
\BOOKMARK [1][-]{section.0.18}{\376\377\000I\000m\000p\000l\000e\000m\000e\000n\000t\000a\000t\000i\000o\000n\000\040\000P\000r\000o\000j\000e\000c\000t\000s}{}% 35
\BOOKMARK [1][-]{section.0.19}{\376\377\000I\000n\000t\000e\000r\000v\000i\000e\000w\000\040\000Q\000u\000e\000s\000t\000i\000o\000n\000s}{}% 36
\BOOKMARK [1][-]{section.0.20}{\376\377\000K\000a\000g\000g\000l\000e\000\040\000C\000h\000a\000l\000l\000e\000n\000g\000e\000s}{}% 37
\BOOKMARK [0][-]{chapter.1}{\376\377\000M\000a\000t\000h\000e\000m\000a\000t\000i\000c\000a\000l\000\040\000P\000r\000e\000l\000i\000m\000i\000n\000a\000r\000i\000e\000s}{}% 38
\BOOKMARK [1][-]{section.1.1}{\376\377\000P\000r\000o\000b\000a\000b\000i\000l\000i\000t\000y}{chapter.1}% 39
\BOOKMARK [2][-]{subsection.1.1.1}{\376\377\000P\000r\000o\000b\000a\000b\000i\000l\000i\000t\000y\000\040\000v\000s\000.\000\040\000S\000t\000a\000t\000i\000s\000t\000i\000c\000s}{section.1.1}% 40
\BOOKMARK [2][-]{subsection.1.1.2}{\376\377\000C\000o\000m\000p\000o\000u\000n\000d\000\040\000E\000v\000e\000n\000t\000s\000\040\000a\000n\000d\000\040\000I\000n\000d\000e\000p\000e\000n\000d\000e\000n\000c\000e}{section.1.1}% 41
\BOOKMARK [2][-]{subsection.1.1.3}{\376\377\000C\000o\000n\000d\000i\000t\000i\000o\000n\000a\000l\000\040\000P\000r\000o\000b\000a\000b\000i\000l\000i\000t\000y}{section.1.1}% 42
\BOOKMARK [2][-]{subsection.1.1.4}{\376\377\000P\000r\000o\000b\000a\000b\000i\000l\000i\000t\000y\000\040\000D\000i\000s\000t\000r\000i\000b\000u\000t\000i\000o\000n\000s}{section.1.1}% 43
\BOOKMARK [2][-]{subsection.1.1.5}{\376\377\000D\000e\000s\000c\000r\000i\000p\000t\000i\000v\000e\000\040\000S\000t\000a\000t\000i\000s\000t\000i\000c\000s}{section.1.1}% 44
\BOOKMARK [2][-]{subsection.1.1.6}{\376\377\000C\000e\000n\000t\000r\000a\000l\000i\000t\000y\000\040\000M\000e\000a\000s\000u\000r\000e\000s}{section.1.1}% 45
\BOOKMARK [2][-]{subsection.1.1.7}{\376\377\000V\000a\000r\000i\000a\000b\000i\000l\000i\000t\000y\000\040\000M\000e\000a\000s\000u\000r\000e\000s}{section.1.1}% 46
\BOOKMARK [2][-]{subsection.1.1.8}{\376\377\000I\000n\000t\000e\000r\000p\000r\000e\000t\000i\000n\000g\000\040\000V\000a\000r\000i\000a\000n\000c\000e}{section.1.1}% 47
\BOOKMARK [2][-]{subsection.1.1.9}{\376\377\000C\000h\000a\000r\000a\000c\000t\000e\000r\000i\000z\000i\000n\000g\000\040\000D\000i\000s\000t\000r\000i\000b\000u\000t\000i\000o\000n\000s}{section.1.1}% 48
\BOOKMARK [2][-]{subsection.1.1.10}{\376\377\000C\000o\000r\000r\000e\000l\000a\000t\000i\000o\000n\000\040\000A\000n\000a\000l\000y\000s\000i\000s}{section.1.1}% 49
\BOOKMARK [2][-]{subsection.1.1.11}{\376\377\000C\000o\000r\000r\000e\000l\000a\000t\000i\000o\000n\000\040\000C\000o\000e\000f\000f\000i\000c\000i\000e\000n\000t\000s\000:\000\040\000P\000e\000a\000r\000s\000o\000n\000\040\000a\000n\000d\000\040\000S\000p\000e\000a\000r\000m\000a\000n\000\040\000R\000a\000n\000k}{section.1.1}% 50
\BOOKMARK [1][-]{section.1.2}{\376\377\000T\000h\000e\000\040\000P\000e\000a\000r\000s\000o\000n\000\040\000C\000o\000r\000r\000e\000l\000a\000t\000i\000o\000n\000\040\000C\000o\000e\000f\000f\000i\000c\000i\000e\000n\000t}{chapter.1}% 51
\BOOKMARK [1][-]{section.1.3}{\376\377\000T\000h\000e\000\040\000S\000p\000e\000a\000r\000m\000a\000n\000\040\000R\000a\000n\000k\000\040\000C\000o\000r\000r\000e\000l\000a\000t\000i\000o\000n\000\040\000C\000o\000e\000f\000f\000i\000c\000i\000e\000n\000t}{chapter.1}% 52
\BOOKMARK [2][-]{subsection.1.3.1}{\376\377\000T\000h\000e\000\040\000P\000o\000w\000e\000r\000\040\000a\000n\000d\000\040\000S\000i\000g\000n\000i\000f\000i\000c\000a\000n\000c\000e\000\040\000o\000f\000\040\000C\000o\000r\000r\000e\000l\000a\000t\000i\000o\000n}{section.1.3}% 53
\BOOKMARK [2][-]{subsection.1.3.2}{\376\377\000C\000o\000r\000r\000e\000l\000a\000t\000i\000o\000n\000\040\000D\000o\000e\000s\000\040\000N\000o\000t\000\040\000I\000m\000p\000l\000y\000\040\000C\000a\000u\000s\000a\000t\000i\000o\000n\000!}{section.1.3}% 54
\BOOKMARK [2][-]{subsection.1.3.3}{\376\377\000D\000e\000t\000e\000c\000t\000i\000n\000g\000\040\000P\000e\000r\000i\000o\000d\000i\000c\000i\000t\000i\000e\000s\000\040\000b\000y\000\040\000A\000u\000t\000o\000c\000o\000r\000r\000e\000l\000a\000t\000i\000o\000n}{section.1.3}% 55
\BOOKMARK [2][-]{subsection.1.3.4}{\376\377\000L\000o\000g\000a\000r\000i\000t\000h\000m\000s}{section.1.3}% 56
\BOOKMARK [2][-]{subsection.1.3.5}{\376\377\000L\000o\000g\000a\000r\000i\000t\000h\000m\000s\000\040\000a\000n\000d\000\040\000M\000u\000l\000t\000i\000p\000l\000y\000i\000n\000g\000\040\000P\000r\000o\000b\000a\000b\000i\000l\000i\000t\000i\000e\000s}{section.1.3}% 57
\BOOKMARK [2][-]{subsection.1.3.6}{\376\377\000L\000o\000g\000a\000r\000i\000t\000h\000m\000s\000\040\000a\000n\000d\000\040\000R\000a\000t\000i\000o\000s}{section.1.3}% 58
\BOOKMARK [2][-]{subsection.1.3.7}{\376\377\000L\000o\000g\000a\000r\000i\000t\000h\000m\000s\000\040\000a\000n\000d\000\040\000N\000o\000r\000m\000a\000l\000i\000z\000i\000n\000g\000\040\000S\000k\000e\000w\000e\000d\000\040\000D\000i\000s\000t\000r\000i\000b\000u\000t\000i\000o\000n\000s}{section.1.3}% 59
\BOOKMARK [2][-]{subsection.1.3.8}{\376\377\000W\000a\000r\000\040\000S\000t\000o\000r\000y\000:\000\040\000F\000i\000t\000t\000i\000n\000g\000\040\000D\000e\000s\000i\000g\000n\000e\000r\000\040\000G\000e\000n\000e\000s}{section.1.3}% 60
\BOOKMARK [2][-]{subsection.1.3.9}{\376\377\000C\000h\000a\000p\000t\000e\000r\000\040\000N\000o\000t\000e\000s}{section.1.3}% 61
\BOOKMARK [2][-]{subsection.1.3.10}{\376\377\000E\000x\000e\000r\000c\000i\000s\000e\000s}{section.1.3}% 62
\BOOKMARK [1][-]{section.1.4}{\376\377\000S\000t\000a\000t\000i\000s\000t\000i\000c\000s}{chapter.1}% 63
\BOOKMARK [1][-]{section.1.5}{\376\377\000I\000m\000p\000l\000e\000m\000e\000n\000t\000a\000t\000i\000o\000n\000\040\000P\000r\000o\000j\000e\000c\000t\000s}{chapter.1}% 64
\BOOKMARK [1][-]{section.1.6}{\376\377\000I\000n\000t\000e\000r\000v\000i\000e\000w\000\040\000Q\000u\000e\000s\000t\000i\000o\000n\000s}{chapter.1}% 65
\BOOKMARK [1][-]{section.1.7}{\376\377\000K\000a\000g\000g\000l\000e\000\040\000C\000h\000a\000l\000l\000e\000n\000g\000e\000s}{chapter.1}% 66
\BOOKMARK [0][-]{chapter.2}{\376\377\000D\000a\000t\000a\000\040\000M\000u\000n\000g\000i\000n\000g}{}% 67
\BOOKMARK [1][-]{section.2.1}{\376\377\000L\000a\000n\000g\000u\000a\000g\000e\000s\000\040\000f\000o\000r\000\040\000D\000a\000t\000a\000\040\000S\000c\000i\000e\000n\000c\000e}{chapter.2}% 68
\BOOKMARK [2][-]{subsection.2.1.1}{\376\377\000T\000h\000e\000\040\000I\000m\000p\000o\000r\000t\000a\000n\000c\000e\000\040\000o\000f\000\040\000N\000o\000t\000e\000b\000o\000o\000k\000\040\000E\000n\000v\000i\000r\000o\000n\000m\000e\000n\000t\000s}{section.2.1}% 69
\BOOKMARK [2][-]{subsection.2.1.2}{\376\377\000S\000t\000a\000n\000d\000a\000r\000d\000\040\000D\000a\000t\000a\000\040\000F\000o\000r\000m\000a\000t\000s}{section.2.1}% 70
\BOOKMARK [2][-]{subsection.2.1.3}{\376\377\000C\000o\000l\000l\000e\000c\000t\000i\000n\000g\000\040\000D\000a\000t\000a}{section.2.1}% 71
\BOOKMARK [2][-]{subsection.2.1.4}{\376\377\000H\000u\000n\000t\000i\000n\000g}{section.2.1}% 72
\BOOKMARK [1][-]{section.2.2}{\376\377\000C\000o\000m\000p\000a\000n\000i\000e\000s\000\040\000a\000n\000d\000\040\000P\000r\000o\000p\000r\000i\000e\000t\000a\000r\000y\000\040\000D\000a\000t\000a\000\040\000S\000o\000u\000r\000c\000e\000s}{chapter.2}% 73
\BOOKMARK [1][-]{section.2.3}{\376\377\000G\000o\000v\000e\000r\000n\000m\000e\000n\000t\000\040\000D\000a\000t\000a\000\040\000S\000o\000u\000r\000c\000e\000s}{chapter.2}% 74
\BOOKMARK [1][-]{section.2.4}{\376\377\000A\000c\000a\000d\000e\000m\000i\000c\000\040\000D\000a\000t\000a\000\040\000S\000e\000t\000s}{chapter.2}% 75
\BOOKMARK [1][-]{section.2.5}{\376\377\000S\000w\000e\000a\000t\000\040\000E\000q\000u\000i\000t\000y}{chapter.2}% 76
\BOOKMARK [2][-]{subsection.2.5.1}{\376\377\000S\000c\000r\000a\000p\000i\000n\000g}{section.2.5}% 77
\BOOKMARK [2][-]{subsection.2.5.2}{\376\377\000L\000o\000g\000g\000i\000n\000g}{section.2.5}% 78
\BOOKMARK [2][-]{subsection.2.5.3}{\376\377\000C\000l\000e\000a\000n\000i\000n\000g\000\040\000D\000a\000t\000a}{section.2.5}% 79
\BOOKMARK [2][-]{subsection.2.5.4}{\376\377\000E\000r\000r\000o\000r\000s\000\040\000v\000s\000.\000\040\000A\000r\000t\000i\000f\000a\000c\000t\000s}{section.2.5}% 80
\BOOKMARK [2][-]{subsection.2.5.5}{\376\377\000D\000a\000t\000a\000\040\000C\000o\000m\000p\000a\000t\000i\000b\000i\000l\000i\000t\000y}{section.2.5}% 81
\BOOKMARK [1][-]{section.2.6}{\376\377\000U\000n\000i\000t\000\040\000C\000o\000n\000v\000e\000r\000s\000i\000o\000n\000s}{chapter.2}% 82
\BOOKMARK [1][-]{section.2.7}{\376\377\000N\000u\000m\000e\000r\000i\000c\000a\000l\000\040\000R\000e\000p\000r\000e\000s\000e\000n\000t\000a\000t\000i\000o\000n\000\040\000C\000o\000n\000v\000e\000r\000s\000i\000o\000n\000s}{chapter.2}% 83
\BOOKMARK [1][-]{section.2.8}{\376\377\000N\000a\000m\000e\000\040\000U\000n\000i\000f\000i\000c\000a\000t\000i\000o\000n}{chapter.2}% 84
\BOOKMARK [1][-]{section.2.9}{\376\377\000T\000i\000m\000e\000/\000D\000a\000t\000e\000\040\000U\000n\000i\000f\000i\000c\000a\000t\000i\000o\000n}{chapter.2}% 85
\BOOKMARK [1][-]{section.2.10}{\376\377\000F\000i\000n\000a\000n\000c\000i\000a\000l\000\040\000U\000n\000i\000f\000i\000c\000a\000t\000i\000o\000n}{chapter.2}% 86
\BOOKMARK [2][-]{subsection.2.10.1}{\376\377\000D\000e\000a\000l\000i\000n\000g\000\040\000w\000i\000t\000h\000\040\000M\000i\000s\000s\000i\000n\000g\000\040\000V\000a\000l\000u\000e\000s}{section.2.10}% 87
\BOOKMARK [2][-]{subsection.2.10.2}{\376\377\000O\000u\000t\000l\000i\000e\000r\000\040\000D\000e\000t\000e\000c\000t\000i\000o\000n}{section.2.10}% 88
\BOOKMARK [2][-]{subsection.2.10.3}{\376\377\000W\000a\000r\000\040\000S\000t\000o\000r\000y\000:\000\040\000B\000e\000a\000t\000i\000n\000g\000\040\000t\000h\000e\000\040\000M\000a\000r\000k\000e\000t}{section.2.10}% 89
\BOOKMARK [2][-]{subsection.2.10.4}{\376\377\000C\000r\000o\000w\000d\000s\000o\000u\000r\000c\000i\000n\000g}{section.2.10}% 90
\BOOKMARK [2][-]{subsection.2.10.5}{\376\377\000T\000h\000e\000\040\000P\000e\000n\000n\000y\000\040\000D\000e\000m\000o}{section.2.10}% 91
\BOOKMARK [2][-]{subsection.2.10.6}{\376\377\000W\000h\000e\000n\000\040\000i\000s\000\040\000t\000h\000e\000\040\000C\000r\000o\000w\000d\000\040\000W\000i\000s\000e\000?}{section.2.10}% 92
\BOOKMARK [2][-]{subsection.2.10.7}{\376\377\000M\000e\000c\000h\000a\000n\000i\000s\000m\000s\000\040\000f\000o\000r\000\040\000A\000g\000g\000r\000e\000g\000a\000t\000i\000o\000n}{section.2.10}% 93
\BOOKMARK [2][-]{subsection.2.10.8}{\376\377\000C\000r\000o\000w\000d\000s\000o\000u\000r\000c\000i\000n\000g\000\040\000S\000e\000r\000v\000i\000c\000e\000s}{section.2.10}% 94
\BOOKMARK [2][-]{subsection.2.10.9}{\376\377\000G\000a\000m\000i\000f\000i\000c\000a\000t\000i\000o\000n}{section.2.10}% 95
\BOOKMARK [2][-]{subsection.2.10.10}{\376\377\000C\000h\000a\000p\000t\000e\000r\000\040\000N\000o\000t\000e\000s}{section.2.10}% 96
\BOOKMARK [2][-]{subsection.2.10.11}{\376\377\000E\000x\000e\000r\000c\000i\000s\000e\000s}{section.2.10}% 97
\BOOKMARK [1][-]{section.2.11}{\376\377\000D\000a\000t\000a\000\040\000M\000u\000n\000g\000i\000n\000g}{chapter.2}% 98
\BOOKMARK [1][-]{section.2.12}{\376\377\000D\000a\000t\000a\000\040\000S\000o\000u\000r\000c\000e\000s}{chapter.2}% 99
\BOOKMARK [1][-]{section.2.13}{\376\377\000I\000m\000p\000l\000e\000m\000e\000n\000t\000a\000t\000i\000o\000n\000\040\000P\000r\000o\000j\000e\000c\000t\000s}{chapter.2}% 100
\BOOKMARK [1][-]{section.2.14}{\376\377\000I\000n\000t\000e\000r\000v\000i\000e\000w\000\040\000Q\000u\000e\000s\000t\000i\000o\000n\000s}{chapter.2}% 101
\BOOKMARK [1][-]{section.2.15}{\376\377\000K\000a\000g\000g\000l\000e\000\040\000C\000h\000a\000l\000l\000e\000n\000g\000e\000s}{chapter.2}% 102
\BOOKMARK [0][-]{chapter.3}{\376\377\000S\000c\000o\000r\000e\000s\000\040\000a\000n\000d\000\040\000R\000a\000n\000k\000i\000n\000g\000s}{}% 103
\BOOKMARK [1][-]{subsection.3.0.1}{\376\377\000T\000h\000e\000\040\000B\000o\000d\000y\000\040\000M\000a\000s\000s\000\040\000I\000n\000d\000e\000x\000\040\000\050\000B\000M\000I\000\051}{chapter.3}% 104
\BOOKMARK [2][-]{subsection.3.0.2}{\376\377\000D\000e\000v\000e\000l\000o\000p\000i\000n\000g\000\040\000S\000c\000o\000r\000i\000n\000g\000\040\000S\000y\000s\000t\000e\000m\000s}{subsection.3.0.1}% 105
\BOOKMARK [2][-]{subsection.3.0.3}{\376\377\000G\000o\000l\000d\000\040\000S\000t\000a\000n\000d\000a\000r\000d\000s\000\040\000a\000n\000d\000\040\000P\000r\000o\000x\000i\000e\000s}{subsection.3.0.1}% 106
\BOOKMARK [2][-]{subsection.3.0.4}{\376\377\000S\000c\000o\000r\000e\000s\000\040\000v\000s\000.\000\040\000R\000a\000n\000k\000i\000n\000g\000s}{subsection.3.0.1}% 107
\BOOKMARK [2][-]{subsection.3.0.5}{\376\377\000R\000e\000c\000o\000g\000n\000i\000z\000i\000n\000g\000\040\000G\000o\000o\000d\000\040\000S\000c\000o\000r\000i\000n\000g\000\040\000F\000u\000n\000c\000t\000i\000o\000n\000s}{subsection.3.0.1}% 108
\BOOKMARK [2][-]{subsection.3.0.6}{\376\377\000Z\000-\000s\000c\000o\000r\000e\000s\000\040\000a\000n\000d\000\040\000N\000o\000r\000m\000a\000l\000i\000z\000a\000t\000i\000o\000n}{subsection.3.0.1}% 109
\BOOKMARK [2][-]{subsection.3.0.7}{\376\377\000A\000d\000v\000a\000n\000c\000e\000d\000\040\000R\000a\000n\000k\000i\000n\000g\000\040\000T\000e\000c\000h\000n\000i\000q\000u\000e\000s}{subsection.3.0.1}% 110
\BOOKMARK [2][-]{subsection.3.0.8}{\376\377\000E\000l\000o\000\040\000R\000a\000n\000k\000i\000n\000g\000s}{subsection.3.0.1}% 111
\BOOKMARK [1][-]{section.3.1}{\376\377\000T\000h\000e\000\040\000L\000o\000g\000i\000t\000\040\000F\000u\000n\000c\000t\000i\000o\000n}{chapter.3}% 112
\BOOKMARK [2][-]{subsection.3.1.1}{\376\377\000M\000e\000r\000g\000i\000n\000g\000\040\000R\000a\000n\000k\000i\000n\000g\000s}{section.3.1}% 113
\BOOKMARK [2][-]{subsection.3.1.2}{\376\377\000D\000i\000g\000r\000a\000p\000h\000-\000b\000a\000s\000e\000d\000\040\000R\000a\000n\000k\000i\000n\000g\000s}{section.3.1}% 114
\BOOKMARK [2][-]{subsection.3.1.3}{\376\377\000P\000a\000g\000e\000R\000a\000n\000k}{section.3.1}% 115
\BOOKMARK [2][-]{subsection.3.1.4}{\376\377\000W\000a\000r\000\040\000S\000t\000o\000r\000y\000:\000\040\000C\000l\000y\000d\000e\000'\000s\000\040\000R\000e\000v\000e\000n\000g\000e}{section.3.1}% 116
\BOOKMARK [1][-]{section.3.2}{\376\377\000E\000v\000e\000n\000\040\000c\000r\000u\000d\000e\000\040\000m\000a\000t\000h\000e\000m\000a\000t\000i\000c\000a\000l\000\040\000m\000o\000d\000e\000l\000s\000\040\000c\000a\000n\000\040\000h\000a\000v\000e\000\040\000r\000e\000a\000l\000\040\000p\000r\000e\000d\000i\000c\000t\000i\000v\000e\000\040\000p\000o\000w\000e\000r\000.}{chapter.3}% 117
\BOOKMARK [1][-]{section.3.3}{\376\377\004\074\011\276\011\360\000u\000a\000n\000t\000\040\000u\000s\000e\000s\000\040\000c\000o\000m\000p\000u\000t\000e\000r\000s\000\040\000t\000o\000\040\000p\000r\000e\000d\000i\000c\000t\000\040\000f\000o\000o\000t\000b\000a\000l\000l\000\040\000w\000i\000n\000n\000e\000r\000s}{chapter.3}% 118
\BOOKMARK [1][-]{section.3.4}{\376\377\000P\000r\000e\000d\000i\000c\000t\000i\000o\000n\000s\000\040\000p\000u\000b\000l\000i\000s\000h\000e\000d}{chapter.3}% 119
\BOOKMARK [2][-]{subsection.3.4.1}{\376\377\000A\000r\000r\000o\000w\000'\000s\000\040\000I\000m\000p\000o\000s\000s\000i\000b\000i\000l\000i\000t\000y\000\040\000T\000h\000e\000o\000r\000e\000m}{section.3.4}% 120
\BOOKMARK [2][-]{subsection.3.4.2}{\376\377\000W\000a\000r\000\040\000S\000t\000o\000r\000y\000:\000\040\000W\000h\000o\000'\000s\000\040\000B\000i\000g\000g\000e\000r\000?}{section.3.4}% 121
\BOOKMARK [2][-]{subsection.3.4.3}{\376\377\000C\000h\000a\000p\000t\000e\000r\000\040\000N\000o\000t\000e\000s}{section.3.4}% 122
\BOOKMARK [2][-]{subsection.3.4.4}{\376\377\000E\000x\000e\000r\000c\000i\000s\000e\000s}{section.3.4}% 123
\BOOKMARK [1][-]{section.3.5}{\376\377\000S\000c\000o\000r\000e\000s\000\040\000a\000n\000d\000\040\000R\000a\000n\000k\000i\000n\000g\000s}{chapter.3}% 124
\BOOKMARK [1][-]{section.3.6}{\376\377\000I\000m\000p\000l\000e\000m\000e\000n\000t\000a\000t\000i\000o\000n\000\040\000P\000r\000o\000j\000e\000c\000t\000s}{chapter.3}% 125
\BOOKMARK [1][-]{section.3.7}{\376\377\000I\000n\000t\000e\000r\000v\000i\000e\000w\000\040\000Q\000u\000e\000s\000t\000i\000o\000n\000s}{chapter.3}% 126
\BOOKMARK [1][-]{section.3.8}{\376\377\000K\000a\000g\000g\000l\000e\000\040\000C\000h\000a\000l\000l\000e\000n\000g\000e\000s}{chapter.3}% 127
\BOOKMARK [1][-]{section.3.9}{\376\377\000S\000t\000a\000t\000i\000s\000t\000i\000c\000a\000l\000\040\000A\000n\000a\000l\000y\000s\000i\000s}{chapter.3}% 128
\BOOKMARK [2][-]{subsection.3.9.1}{\376\377\000S\000t\000a\000t\000i\000s\000t\000i\000c\000a\000l\000\040\000D\000i\000s\000t\000r\000i\000b\000u\000t\000i\000o\000n\000s}{section.3.9}% 129
\BOOKMARK [2][-]{subsection.3.9.2}{\376\377\000T\000h\000e\000\040\000B\000i\000n\000o\000m\000i\000a\000l\000\040\000D\000i\000s\000t\000r\000i\000b\000u\000t\000i\000o\000n}{section.3.9}% 130
\BOOKMARK [2][-]{subsection.3.9.3}{\376\377\000T\000h\000e\000\040\000N\000o\000r\000m\000a\000l\000\040\000D\000i\000s\000t\000r\000i\000b\000u\000t\000i\000o\000n}{section.3.9}% 131
\BOOKMARK [1][-]{section.3.10}{\376\377\000W\000h\000a\000t\000'\000s\000\040\000N\000o\000r\000m\000a\000l\000?}{chapter.3}% 132
\BOOKMARK [2][-]{subsection.3.10.1}{\376\377\000I\000m\000p\000l\000i\000c\000a\000t\000i\000o\000n\000s\000\040\000o\000f\000\040\000t\000h\000e\000\040\000N\000o\000r\000m\000a\000l\000\040\000D\000i\000s\000t\000r\000i\000b\000u\000t\000i\000o\000n}{section.3.10}% 133
\BOOKMARK [2][-]{subsection.3.10.2}{\376\377\000P\000o\000i\000s\000s\000o\000n\000\040\000D\000i\000s\000t\000r\000i\000b\000u\000t\000i\000o\000n}{section.3.10}% 134
\BOOKMARK [2][-]{subsection.3.10.3}{\376\377\000P\000o\000w\000e\000r\000\040\000L\000a\000w\000\040\000D\000i\000s\000t\000r\000i\000b\000u\000t\000i\000o\000n\000s}{section.3.10}% 135
\BOOKMARK [2][-]{subsection.3.10.4}{\376\377\000S\000a\000m\000p\000l\000i\000n\000g\000\040\000f\000r\000o\000m\000\040\000D\000i\000s\000t\000r\000i\000b\000u\000t\000i\000o\000n\000s}{section.3.10}% 136
\BOOKMARK [2][-]{subsection.3.10.5}{\376\377\000R\000a\000n\000d\000o\000m\000\040\000S\000a\000m\000p\000l\000i\000n\000g\000\040\000b\000e\000y\000o\000n\000d\000\040\000O\000n\000e\000\040\000D\000i\000m\000e\000n\000s\000i\000o\000n}{section.3.10}% 137
\BOOKMARK [2][-]{subsection.3.10.6}{\376\377\000S\000t\000a\000t\000i\000s\000t\000i\000c\000a\000l\000\040\000S\000i\000g\000n\000i\000f\000i\000c\000a\000n\000c\000e}{section.3.10}% 138
\BOOKMARK [2][-]{subsection.3.10.7}{\376\377\000T\000h\000e\000\040\000S\000i\000g\000n\000i\000f\000i\000c\000a\000n\000c\000e\000\040\000o\000f\000\040\000S\000i\000g\000n\000i\000f\000i\000c\000a\000n\000c\000e}{section.3.10}% 139
\BOOKMARK [2][-]{subsection.3.10.8}{\376\377\000T\000h\000e\000\040\000T\000-\000t\000e\000s\000t\000:\000\040\000C\000o\000m\000p\000a\000r\000i\000n\000g\000\040\000P\000o\000p\000u\000l\000a\000t\000i\000o\000n\000\040\000M\000e\000a\000n\000s}{section.3.10}% 140
\BOOKMARK [1][-]{section.3.11}{\376\377\000W\000h\000y\000\040\000D\000o\000e\000s\000\040\000T\000h\000i\000s\000\040\000W\000o\000r\000k\000?}{chapter.3}% 141
\BOOKMARK [2][-]{subsection.3.11.1}{\376\377\000T\000h\000e\000\040\000K\000o\000l\000m\000o\000g\000o\000r\000o\000v\000-\000S\000m\000i\000r\000n\000o\000v\000\040\000T\000e\000s\000t}{section.3.11}% 142
\BOOKMARK [1][-]{section.3.12}{\376\377\000N\000o\000r\000m\000a\000l\000i\000t\000y\000\040\000T\000e\000s\000t\000i\000n\000g}{chapter.3}% 143
\BOOKMARK [2][-]{subsection.3.12.1}{\376\377\000T\000h\000e\000\040\000B\000o\000n\000f\000e\000r\000r\000o\000n\000i\000\040\000C\000o\000r\000r\000e\000c\000t\000i\000o\000n}{section.3.12}% 144
\BOOKMARK [2][-]{subsection.3.12.2}{\376\377\000F\000a\000l\000s\000e\000\040\000D\000i\000s\000c\000o\000v\000e\000r\000y\000\040\000R\000a\000t\000e}{section.3.12}% 145
\BOOKMARK [2][-]{subsection.3.12.3}{\376\377\000W\000a\000r\000\040\000S\000t\000o\000r\000y\000:\000\040\000D\000i\000s\000c\000o\000v\000e\000r\000i\000n\000g\000\040\000t\000h\000e\000\040\000F\000o\000u\000n\000t\000a\000i\000n\000\040\000o\000f\000\040\000Y\000o\000u\000t\000h\000?}{section.3.12}% 146
\BOOKMARK [2][-]{subsection.3.12.4}{\376\377\000P\000e\000r\000m\000u\000t\000a\000t\000i\000o\000n\000\040\000T\000e\000s\000t\000s\000\040\000a\000n\000d\000\040\000P\000-\000v\000a\000l\000u\000e\000s}{section.3.12}% 147
\BOOKMARK [2][-]{subsection.3.12.5}{\376\377\000G\000e\000n\000e\000r\000a\000t\000i\000n\000g\000\040\000R\000a\000n\000d\000o\000m\000\040\000P\000e\000r\000m\000u\000t\000a\000t\000i\000o\000n\000s}{section.3.12}% 148
\BOOKMARK [2][-]{subsection.3.12.6}{\376\377\000D\000i\000M\000a\000g\000g\000i\000o\000'\000s\000\040\000H\000i\000t\000t\000i\000n\000g\000\040\000S\000t\000r\000e\000a\000k}{section.3.12}% 149
\BOOKMARK [2][-]{subsection.3.12.7}{\376\377\000B\000a\000y\000e\000s\000i\000a\000n\000\040\000R\000e\000a\000s\000o\000n\000i\000n\000g}{section.3.12}% 150
\BOOKMARK [1][-]{section.3.13}{\376\377\000S\000i\000g\000n\000i\000f\000i\000c\000a\000n\000c\000e\000\040\000T\000e\000s\000t\000i\000n\000g}{chapter.3}% 151
\BOOKMARK [1][-]{section.3.14}{\376\377\000P\000e\000r\000m\000u\000t\000a\000t\000i\000o\000n\000\040\000T\000e\000s\000t\000s\000\040\000a\000n\000d\000\040\000P\000\040\000-\000v\000a\000l\000u\000e\000s}{chapter.3}% 152
\BOOKMARK [1][-]{section.3.15}{\376\377\000C\000h\000a\000p\000t\000e\000r\000\040\0006}{chapter.3}% 153
\BOOKMARK [1][-]{section.3.16}{\376\377\000V\000i\000s\000u\000a\000l\000i\000z\000i\000n\000g\000\040\000D\000a\000t\000a}{chapter.3}% 154
\BOOKMARK [2][-]{subsection.3.16.1}{\376\377\000E\000x\000p\000l\000o\000r\000a\000t\000o\000r\000y\000\040\000D\000a\000t\000a\000\040\000A\000n\000a\000l\000y\000s\000i\000s}{section.3.16}% 155
\BOOKMARK [2][-]{subsection.3.16.2}{\376\377\000C\000o\000n\000f\000r\000o\000n\000t\000i\000n\000g\000\040\000a\000\040\000N\000e\000w\000\040\000D\000a\000t\000a\000\040\000S\000e\000t}{section.3.16}% 156
\BOOKMARK [2][-]{subsection.3.16.3}{\376\377\000S\000u\000m\000m\000a\000r\000y\000\040\000S\000t\000a\000t\000i\000s\000t\000i\000c\000s\000\040\000a\000n\000d\000\040\000A\000n\000s\000c\000o\000m\000b\000e\000'\000s\000\040\000Q\000u\000a\000r\000t\000e\000t}{section.3.16}% 157
\BOOKMARK [2][-]{subsection.3.16.4}{\376\377\000V\000i\000s\000u\000a\000l\000i\000z\000a\000t\000i\000o\000n\000\040\000T\000o\000o\000l\000s}{section.3.16}% 158
\BOOKMARK [2][-]{subsection.3.16.5}{\376\377\000D\000e\000v\000e\000l\000o\000p\000i\000n\000g\000\040\000a\000\040\000V\000i\000s\000u\000a\000l\000i\000z\000a\000t\000i\000o\000n\000\040\000A\000e\000s\000t\000h\000e\000t\000i\000c}{section.3.16}% 159
\BOOKMARK [2][-]{subsection.3.16.6}{\376\377\000M\000a\000x\000i\000m\000i\000z\000i\000n\000g\000\040\000D\000a\000t\000a\000-\000I\000n\000k\000\040\000R\000a\000t\000i\000o}{section.3.16}% 160
\BOOKMARK [2][-]{subsection.3.16.7}{\376\377\000M\000i\000n\000i\000m\000i\000z\000i\000n\000g\000\040\000t\000h\000e\000\040\000L\000i\000e\000\040\000F\000a\000c\000t\000o\000r}{section.3.16}% 161
\BOOKMARK [2][-]{subsection.3.16.8}{\376\377\000M\000i\000n\000i\000m\000i\000z\000i\000n\000g\000\040\000C\000h\000a\000r\000t\000j\000u\000n\000k}{section.3.16}% 162
\BOOKMARK [2][-]{subsection.3.16.9}{\376\377\000P\000r\000o\000p\000e\000r\000\040\000S\000c\000a\000l\000i\000n\000g\000\040\000a\000n\000d\000\040\000L\000a\000b\000e\000l\000i\000n\000g}{section.3.16}% 163
\BOOKMARK [2][-]{subsection.3.16.10}{\376\377\000E\000f\000f\000e\000c\000t\000i\000v\000e\000\040\000U\000s\000e\000\040\000o\000f\000\040\000C\000o\000l\000o\000r\000\040\000a\000n\000d\000\040\000S\000h\000a\000d\000i\000n\000g}{section.3.16}% 164
\BOOKMARK [2][-]{subsection.3.16.11}{\376\377\000T\000h\000e\000\040\000P\000o\000w\000e\000r\000\040\000o\000f\000\040\000R\000e\000p\000e\000t\000i\000t\000i\000o\000n}{section.3.16}% 165
\BOOKMARK [2][-]{subsection.3.16.12}{\376\377\000C\000h\000a\000r\000t\000\040\000T\000y\000p\000e\000s}{section.3.16}% 166
\BOOKMARK [2][-]{subsection.3.16.13}{\376\377\000T\000a\000b\000u\000l\000a\000r\000\040\000D\000a\000t\000a}{section.3.16}% 167
\BOOKMARK [2][-]{subsection.3.16.14}{\376\377\000D\000o\000t\000\040\000a\000n\000d\000\040\000L\000i\000n\000e\000\040\000P\000l\000o\000t\000s}{section.3.16}% 168
\BOOKMARK [2][-]{subsection.3.16.15}{\376\377\000S\000c\000a\000t\000t\000e\000r\000\040\000P\000l\000o\000t\000s}{section.3.16}% 169
\BOOKMARK [2][-]{subsection.3.16.16}{\376\377\000B\000a\000r\000\040\000P\000l\000o\000t\000s\000\040\000a\000n\000d\000\040\000P\000i\000e\000\040\000C\000h\000a\000r\000t\000s}{section.3.16}% 170
\BOOKMARK [1][-]{section.3.17}{\376\377\000B\000a\000d\000\040\000P\000i\000e\000\040\000C\000h\000a\000r\000t\000s}{chapter.3}% 171
\BOOKMARK [2][-]{subsection.3.17.1}{\376\377\000H\000i\000s\000t\000o\000g\000r\000a\000m\000s}{section.3.17}% 172
\BOOKMARK [2][-]{subsection.3.17.2}{\376\377\000D\000a\000t\000a\000\040\000M\000a\000p\000s}{section.3.17}% 173
\BOOKMARK [2][-]{subsection.3.17.3}{\376\377\000G\000r\000e\000a\000t\000\040\000V\000i\000s\000u\000a\000l\000i\000z\000a\000t\000i\000o\000n\000s}{section.3.17}% 174
\BOOKMARK [2][-]{subsection.3.17.4}{\376\377\000M\000a\000r\000e\000y\000'\000s\000\040\000T\000r\000a\000i\000n\000\040\000S\000c\000h\000e\000d\000u\000l\000e}{section.3.17}% 175
\BOOKMARK [2][-]{subsection.3.17.5}{\376\377\000S\000n\000o\000w\000'\000s\000\040\000C\000h\000o\000l\000e\000r\000a\000\040\000M\000a\000p}{section.3.17}% 176
\BOOKMARK [2][-]{subsection.3.17.6}{\376\377\000N\000e\000w\000\040\000Y\000o\000r\000k\000'\000s\000\040\000W\000e\000a\000t\000h\000e\000r\000\040\000Y\000e\000a\000r}{section.3.17}% 177
\BOOKMARK [2][-]{subsection.3.17.7}{\376\377\000R\000e\000a\000d\000i\000n\000g\000\040\000G\000r\000a\000p\000h\000s}{section.3.17}% 178
\BOOKMARK [2][-]{subsection.3.17.8}{\376\377\000T\000h\000e\000\040\000O\000b\000s\000c\000u\000r\000e\000d\000\040\000D\000i\000s\000t\000r\000i\000b\000u\000t\000i\000o\000n}{section.3.17}% 179
\BOOKMARK [2][-]{subsection.3.17.9}{\376\377\000O\000v\000e\000r\000i\000n\000t\000e\000r\000p\000r\000e\000t\000i\000n\000g\000\040\000V\000a\000r\000i\000a\000n\000c\000e}{section.3.17}% 180
\BOOKMARK [2][-]{subsection.3.17.10}{\376\377\000I\000n\000t\000e\000r\000a\000c\000t\000i\000v\000e\000\040\000V\000i\000s\000u\000a\000l\000i\000z\000a\000t\000i\000o\000n}{section.3.17}% 181
\BOOKMARK [2][-]{subsection.3.17.11}{\376\377\000W\000a\000r\000\040\000S\000t\000o\000r\000y\000:\000\040\000T\000e\000x\000t\000M\000a\000p\000p\000i\000n\000g\000\040\000t\000h\000e\000\040\000W\000o\000r\000l\000d}{section.3.17}% 182
\BOOKMARK [1][-]{section.3.18}{\376\377\000I\000n\000t\000e\000r\000p\000r\000e\000t\000i\000n\000g\000\040\000V\000i\000s\000u\000a\000l\000i\000z\000a\000t\000i\000o\000n\000s}{chapter.3}% 183
\BOOKMARK [1][-]{section.3.19}{\376\377\000C\000r\000e\000a\000t\000i\000n\000g\000\040\000V\000i\000s\000u\000a\000l\000i\000z\000a\000t\000i\000o\000n\000s}{chapter.3}% 184
\BOOKMARK [0][-]{chapter.4}{\376\377\000M\000a\000t\000h\000e\000m\000a\000t\000i\000c\000a\000l\000\040\000M\000o\000d\000e\000l\000s}{}% 185
\BOOKMARK [1][-]{section.4.1}{\376\377\000P\000h\000i\000l\000o\000s\000o\000p\000h\000i\000e\000s\000\040\000o\000f\000\040\000M\000o\000d\000e\000l\000i\000n\000g}{chapter.4}% 186
\BOOKMARK [2][-]{subsection.4.1.1}{\376\377\000O\000c\000c\000a\000m\000'\000s\000\040\000R\000a\000z\000o\000r}{section.4.1}% 187
\BOOKMARK [2][-]{subsection.4.1.2}{\376\377\000B\000i\000a\000s\040\023\000V\000a\000r\000i\000a\000n\000c\000e\000\040\000T\000r\000a\000d\000e\000-\000O\000f\000f\000s}{section.4.1}% 188
\BOOKMARK [2][-]{subsection.4.1.3}{\376\377\000W\000h\000a\000t\000\040\000W\000o\000u\000l\000d\000\040\000N\000a\000t\000e\000\040\000S\000i\000l\000v\000e\000r\000\040\000D\000o\000?}{section.4.1}% 189
\BOOKMARK [2][-]{subsection.4.1.4}{\376\377\000A\000\040\000T\000a\000x\000o\000n\000o\000m\000y\000\040\000o\000f\000\040\000M\000o\000d\000e\000l\000s}{section.4.1}% 190
\BOOKMARK [2][-]{subsection.4.1.5}{\376\377\000L\000i\000n\000e\000a\000r\000\040\000v\000s\000.\000\040\000N\000o\000n\000-\000L\000i\000n\000e\000a\000r\000\040\000M\000o\000d\000e\000l\000s}{section.4.1}% 191
\BOOKMARK [2][-]{subsection.4.1.6}{\376\377\000B\000l\000a\000c\000k\000b\000o\000x\000\040\000v\000s\000.\000\040\000D\000e\000s\000c\000r\000i\000p\000t\000i\000v\000e\000\040\000M\000o\000d\000e\000l\000s}{section.4.1}% 192
\BOOKMARK [2][-]{subsection.4.1.7}{\376\377\000F\000i\000r\000s\000t\000-\000P\000r\000i\000n\000c\000i\000p\000l\000e\000\040\000v\000s\000.\000\040\000D\000a\000t\000a\000-\000D\000r\000i\000v\000e\000n\000\040\000M\000o\000d\000e\000l\000s}{section.4.1}% 193
\BOOKMARK [2][-]{subsection.4.1.8}{\376\377\000S\000t\000o\000c\000h\000a\000s\000t\000i\000c\000\040\000v\000s\000.\000\040\000D\000e\000t\000e\000r\000m\000i\000n\000i\000s\000t\000i\000c\000\040\000M\000o\000d\000e\000l\000s}{section.4.1}% 194
\BOOKMARK [2][-]{subsection.4.1.9}{\376\377\000F\000l\000a\000t\000\040\000v\000s\000.\000\040\000H\000i\000e\000r\000a\000r\000c\000h\000i\000c\000a\000l\000\040\000M\000o\000d\000e\000l\000s}{section.4.1}% 195
\BOOKMARK [2][-]{subsection.4.1.10}{\376\377\000B\000a\000s\000e\000l\000i\000n\000e\000\040\000M\000o\000d\000e\000l\000s}{section.4.1}% 196
\BOOKMARK [2][-]{subsection.4.1.11}{\376\377\000B\000a\000s\000e\000l\000i\000n\000e\000\040\000M\000o\000d\000e\000l\000s\000\040\000f\000o\000r\000\040\000C\000l\000a\000s\000s\000i\000f\000i\000c\000a\000t\000i\000o\000n}{section.4.1}% 197
\BOOKMARK [2][-]{subsection.4.1.12}{\376\377\000B\000a\000s\000e\000l\000i\000n\000e\000\040\000M\000o\000d\000e\000l\000s\000\040\000f\000o\000r\000\040\000V\000a\000l\000u\000e\000\040\000P\000r\000e\000d\000i\000c\000t\000i\000o\000n}{section.4.1}% 198
\BOOKMARK [2][-]{subsection.4.1.13}{\376\377\000E\000v\000a\000l\000u\000a\000t\000i\000n\000g\000\040\000M\000o\000d\000e\000l\000s}{section.4.1}% 199
\BOOKMARK [2][-]{subsection.4.1.14}{\376\377\000E\000v\000a\000l\000u\000a\000t\000i\000n\000g\000\040\000C\000l\000a\000s\000s\000i\000f\000i\000e\000r\000s}{section.4.1}% 200
\BOOKMARK [1][-]{section.4.2}{\376\377\000A\000c\000c\000u\000r\000a\000c\000y\000,\000\040\000P\000r\000e\000c\000i\000s\000i\000o\000n\000,\000\040\000R\000e\000c\000a\000l\000l\000,\000\040\000a\000n\000d\000\040\000F\000-\000S\000c\000o\000r\000e}{chapter.4}% 201
\BOOKMARK [2][-]{subsection.4.2.1}{\376\377\000R\000e\000c\000e\000i\000v\000e\000r\000-\000O\000p\000e\000r\000a\000t\000o\000r\000\040\000C\000h\000a\000r\000a\000c\000t\000e\000r\000i\000s\000t\000i\000c\000\040\000\050\000R\000O\000C\000\051\000\040\000C\000u\000r\000v\000e\000s}{section.4.2}% 202
\BOOKMARK [2][-]{subsection.4.2.2}{\376\377\000E\000v\000a\000l\000u\000a\000t\000i\000n\000g\000\040\000M\000u\000l\000t\000i\000c\000l\000a\000s\000s\000\040\000S\000y\000s\000t\000e\000m\000s}{section.4.2}% 203
\BOOKMARK [2][-]{subsection.4.2.3}{\376\377\000E\000v\000a\000l\000u\000a\000t\000i\000n\000g\000\040\000V\000a\000l\000u\000e\000\040\000P\000r\000e\000d\000i\000c\000t\000i\000o\000n\000\040\000M\000o\000d\000e\000l\000s}{section.4.2}% 204
\BOOKMARK [1][-]{section.4.3}{\376\377\000E\000r\000r\000o\000r\000\040\000S\000t\000a\000t\000i\000s\000t\000i\000c\000s}{chapter.4}% 205
\BOOKMARK [2][-]{subsection.4.3.1}{\376\377\000E\000v\000a\000l\000u\000a\000t\000i\000o\000n\000\040\000E\000n\000v\000i\000r\000o\000n\000m\000e\000n\000t\000s}{section.4.3}% 206
\BOOKMARK [2][-]{subsection.4.3.2}{\376\377\000D\000a\000t\000a\000\040\000H\000y\000g\000i\000e\000n\000e\000\040\000f\000o\000r\000\040\000E\000v\000a\000l\000u\000a\000t\000i\000o\000n}{section.4.3}% 207
\BOOKMARK [2][-]{subsection.4.3.3}{\376\377\000A\000m\000p\000l\000i\000f\000y\000i\000n\000g\000\040\000S\000m\000a\000l\000l\000\040\000E\000v\000a\000l\000u\000a\000t\000i\000o\000n\000\040\000S\000e\000t\000s}{section.4.3}% 208
\BOOKMARK [2][-]{subsection.4.3.4}{\376\377\000W\000a\000r\000\040\000S\000t\000o\000r\000y\000:\000\040\0001\0000\0000\000\045\000\040\000A\000c\000c\000u\000r\000a\000c\000y}{section.4.3}% 209
\BOOKMARK [2][-]{subsection.4.3.5}{\376\377\000S\000i\000m\000u\000l\000a\000t\000i\000o\000n\000\040\000M\000o\000d\000e\000l\000s}{section.4.3}% 210
\BOOKMARK [2][-]{subsection.4.3.6}{\376\377\000W\000a\000r\000\040\000S\000t\000o\000r\000y\000:\000\040\000C\000a\000l\000c\000u\000l\000a\000t\000e\000d\000\040\000B\000e\000t\000s}{section.4.3}% 211
\BOOKMARK [2][-]{subsection.4.3.7}{\376\377\000C\000h\000a\000p\000t\000e\000r\000\040\000N\000o\000t\000e\000s}{section.4.3}% 212
\BOOKMARK [2][-]{subsection.4.3.8}{\376\377\000E\000x\000e\000r\000c\000i\000s\000e\000s}{section.4.3}% 213
\BOOKMARK [1][-]{section.4.4}{\376\377\000P\000r\000o\000p\000e\000r\000t\000i\000e\000s\000\040\000o\000f\000\040\000M\000o\000d\000e\000l\000s}{chapter.4}% 214
\BOOKMARK [1][-]{section.4.5}{\376\377\000I\000m\000p\000l\000e\000m\000e\000n\000t\000a\000t\000i\000o\000n\000\040\000P\000r\000o\000j\000e\000c\000t\000s}{chapter.4}% 215
\BOOKMARK [1][-]{section.4.6}{\376\377\000I\000n\000t\000e\000r\000v\000i\000e\000w\000\040\000Q\000u\000e\000s\000t\000i\000o\000n\000s}{chapter.4}% 216
\BOOKMARK [1][-]{section.4.7}{\376\377\000K\000a\000g\000g\000l\000e\000\040\000C\000h\000a\000l\000l\000e\000n\000g\000e\000s}{chapter.4}% 217
\BOOKMARK [1][-]{section.4.8}{\376\377\000L\000i\000n\000e\000a\000r\000\040\000A\000l\000g\000e\000b\000r\000a}{chapter.4}% 218
\BOOKMARK [2][-]{subsection.4.8.1}{\376\377\000T\000h\000e\000\040\000P\000o\000w\000e\000r\000\040\000o\000f\000\040\000L\000i\000n\000e\000a\000r\000\040\000A\000l\000g\000e\000b\000r\000a}{section.4.8}% 219
\BOOKMARK [2][-]{subsection.4.8.2}{\376\377\000I\000n\000t\000e\000r\000p\000r\000e\000t\000i\000n\000g\000\040\000L\000i\000n\000e\000a\000r\000\040\000A\000l\000g\000e\000b\000r\000a\000i\000c\000\040\000F\000o\000r\000m\000u\000l\000a\000e}{section.4.8}% 220
\BOOKMARK [2][-]{subsection.4.8.3}{\376\377\000G\000e\000o\000m\000e\000t\000r\000y\000\040\000a\000n\000d\000\040\000V\000e\000c\000t\000o\000r\000s}{section.4.8}% 221
\BOOKMARK [2][-]{subsection.4.8.4}{\376\377\000V\000i\000s\000u\000a\000l\000i\000z\000i\000n\000g\000\040\000M\000a\000t\000r\000i\000x\000\040\000O\000p\000e\000r\000a\000t\000i\000o\000n\000s}{section.4.8}% 222
\BOOKMARK [2][-]{subsection.4.8.5}{\376\377\000M\000a\000t\000r\000i\000x\000\040\000A\000d\000d\000i\000t\000i\000o\000n}{section.4.8}% 223
\BOOKMARK [2][-]{subsection.4.8.6}{\376\377\000M\000a\000t\000r\000i\000x\000\040\000M\000u\000l\000t\000i\000p\000l\000i\000c\000a\000t\000i\000o\000n}{section.4.8}% 224
\BOOKMARK [2][-]{subsection.4.8.7}{\376\377\000A\000p\000p\000l\000i\000c\000a\000t\000i\000o\000n\000s\000\040\000o\000f\000\040\000M\000a\000t\000r\000i\000x\000\040\000M\000u\000l\000t\000i\000p\000l\000i\000c\000a\000t\000i\000o\000n}{section.4.8}% 225
\BOOKMARK [1][-]{section.4.9}{\376\377\000C\000o\000v\000a\000r\000i\000a\000n\000c\000e\000\040\000M\000a\000t\000r\000i\000c\000e\000s}{chapter.4}% 226
\BOOKMARK [1][-]{section.4.10}{\376\377\000M\000a\000t\000r\000i\000x\000\040\000M\000u\000l\000t\000i\000p\000l\000i\000c\000a\000t\000i\000o\000n\000\040\000a\000n\000d\000\040\000P\000a\000t\000h\000s}{chapter.4}% 227
\BOOKMARK [1][-]{section.4.11}{\376\377\000M\000a\000t\000r\000i\000x\000\040\000M\000u\000l\000t\000i\000p\000l\000i\000c\000a\000t\000i\000o\000n\000\040\000a\000n\000d\000\040\000P\000e\000r\000m\000u\000t\000a\000t\000i\000o\000n\000s}{chapter.4}% 228
\BOOKMARK [1][-]{section.4.12}{\376\377\000R\000o\000t\000a\000t\000i\000n\000g\000\040\000P\000o\000i\000n\000t\000s\000\040\000i\000n\000\040\000S\000p\000a\000c\000e}{chapter.4}% 229
\BOOKMARK [2][-]{subsection.4.12.1}{\376\377\000I\000d\000e\000n\000t\000i\000t\000y\000\040\000M\000a\000t\000r\000i\000c\000e\000s\000\040\000a\000n\000d\000\040\000I\000n\000v\000e\000r\000s\000i\000o\000n}{section.4.12}% 230
\BOOKMARK [2][-]{subsection.4.12.2}{\376\377\000M\000a\000t\000r\000i\000x\000\040\000I\000n\000v\000e\000r\000s\000i\000o\000n\000\040\000a\000n\000d\000\040\000L\000i\000n\000e\000a\000r\000\040\000S\000y\000s\000t\000e\000m\000s}{section.4.12}% 231
\BOOKMARK [2][-]{subsection.4.12.3}{\376\377\000M\000a\000t\000r\000i\000x\000\040\000R\000a\000n\000k}{section.4.12}% 232
\BOOKMARK [2][-]{subsection.4.12.4}{\376\377\000F\000a\000c\000t\000o\000r\000i\000n\000g\000\040\000M\000a\000t\000r\000i\000c\000e\000s}{section.4.12}% 233
\BOOKMARK [2][-]{subsection.4.12.5}{\376\377\000W\000h\000y\000\040\000F\000a\000c\000t\000o\000r\000\040\000F\000e\000a\000t\000u\000r\000e\000\040\000M\000a\000t\000r\000i\000c\000e\000s\000?}{section.4.12}% 234
\BOOKMARK [2][-]{subsection.4.12.6}{\376\377\000L\000U\000\040\000D\000e\000c\000o\000m\000p\000o\000s\000i\000t\000i\000o\000n\000\040\000a\000n\000d\000\040\000D\000e\000t\000e\000r\000m\000i\000n\000a\000n\000t\000s}{section.4.12}% 235
\BOOKMARK [2][-]{subsection.4.12.7}{\376\377\000E\000i\000g\000e\000n\000v\000a\000l\000u\000e\000s\000\040\000a\000n\000d\000\040\000E\000i\000g\000e\000n\000v\000e\000c\000t\000o\000r\000s}{section.4.12}% 236
\BOOKMARK [2][-]{subsection.4.12.8}{\376\377\000C\000o\000m\000p\000u\000t\000i\000n\000g\000\040\000E\000i\000g\000e\000n\000v\000a\000l\000u\000e\000s}{section.4.12}% 237
\BOOKMARK [2][-]{subsection.4.12.9}{\376\377\000E\000i\000g\000e\000n\000v\000a\000l\000u\000e\000\040\000D\000e\000c\000o\000m\000p\000o\000s\000i\000t\000i\000o\000n}{section.4.12}% 238
\BOOKMARK [2][-]{subsection.4.12.10}{\376\377\000S\000i\000n\000g\000u\000l\000a\000r\000\040\000V\000a\000l\000u\000e\000\040\000D\000e\000c\000o\000m\000p\000o\000s\000i\000t\000i\000o\000n}{section.4.12}% 239
\BOOKMARK [2][-]{subsection.4.12.11}{\376\377\000P\000r\000i\000n\000c\000i\000p\000a\000l\000\040\000C\000o\000m\000p\000o\000n\000e\000n\000t\000s\000\040\000A\000n\000a\000l\000y\000s\000i\000s}{section.4.12}% 240
\BOOKMARK [2][-]{subsection.4.12.12}{\376\377\000W\000a\000r\000\040\000S\000t\000o\000r\000y\000:\000\040\000T\000h\000e\000\040\000H\000u\000m\000a\000n\000\040\000F\000a\000c\000t\000o\000r\000s}{section.4.12}% 241
\BOOKMARK [1][-]{section.4.13}{\376\377\000B\000a\000s\000i\000c\000\040\000L\000i\000n\000e\000a\000r\000\040\000A\000l\000g\000e\000b\000r\000a}{chapter.4}% 242
\BOOKMARK [1][-]{section.4.14}{\376\377\000L\000i\000n\000e\000a\000r\000\040\000a\000n\000d\000\040\000L\000o\000g\000i\000s\000t\000i\000c\000\040\000R\000e\000g\000r\000e\000s\000s\000i\000o\000n}{chapter.4}% 243
\BOOKMARK [2][-]{subsection.4.14.1}{\376\377\000L\000i\000n\000e\000a\000r\000\040\000R\000e\000g\000r\000e\000s\000s\000i\000o\000n}{section.4.14}% 244
\BOOKMARK [2][-]{subsection.4.14.2}{\376\377\000L\000i\000n\000e\000a\000r\000\040\000R\000e\000g\000r\000e\000s\000s\000i\000o\000n\000\040\000a\000n\000d\000\040\000D\000u\000a\000l\000i\000t\000y}{section.4.14}% 245
\BOOKMARK [2][-]{subsection.4.14.3}{\376\377\000E\000r\000r\000o\000r\000\040\000i\000n\000\040\000L\000i\000n\000e\000a\000r\000\040\000R\000e\000g\000r\000e\000s\000s\000i\000o\000n}{section.4.14}% 246
\BOOKMARK [2][-]{subsection.4.14.4}{\376\377\000F\000i\000n\000d\000i\000n\000g\000\040\000t\000h\000e\000\040\000O\000p\000t\000i\000m\000a\000l\000\040\000F\000i\000t}{section.4.14}% 247
\BOOKMARK [2][-]{subsection.4.14.5}{\376\377\000B\000e\000t\000t\000e\000r\000\040\000R\000e\000g\000r\000e\000s\000s\000i\000o\000n\000\040\000M\000o\000d\000e\000l\000s}{section.4.14}% 248
\BOOKMARK [2][-]{subsection.4.14.6}{\376\377\000R\000e\000m\000o\000v\000i\000n\000g\000\040\000O\000u\000t\000l\000i\000e\000r\000s}{section.4.14}% 249
\BOOKMARK [2][-]{subsection.4.14.7}{\376\377\000F\000i\000t\000t\000i\000n\000g\000\040\000N\000o\000n\000-\000L\000i\000n\000e\000a\000r\000\040\000F\000u\000n\000c\000t\000i\000o\000n\000s}{section.4.14}% 250
\BOOKMARK [2][-]{subsection.4.14.8}{\376\377\000F\000e\000a\000t\000u\000r\000e\000\040\000a\000n\000d\000\040\000T\000a\000r\000g\000e\000t\000\040\000S\000c\000a\000l\000i\000n\000g}{section.4.14}% 251
\BOOKMARK [1][-]{section.4.15}{\376\377\000F\000e\000a\000t\000u\000r\000e\000\040\000S\000c\000a\000l\000i\000n\000g\000:\000\040\000Z\000-\000S\000c\000o\000r\000e\000s}{chapter.4}% 252
\BOOKMARK [1][-]{section.4.16}{\376\377\000S\000u\000b\000l\000i\000n\000e\000a\000r\000\040\000F\000e\000a\000t\000u\000r\000e\000\040\000S\000c\000a\000l\000i\000n\000g}{chapter.4}% 253
\BOOKMARK [1][-]{section.4.17}{\376\377\000S\000u\000b\000l\000i\000n\000e\000a\000r\000\040\000T\000a\000r\000g\000e\000t\000\040\000S\000c\000a\000l\000i\000n\000g}{chapter.4}% 254
\BOOKMARK [2][-]{subsection.4.17.1}{\376\377\000D\000e\000a\000l\000i\000n\000g\000\040\000w\000i\000t\000h\000\040\000H\000i\000g\000h\000l\000y\000-\000C\000o\000r\000r\000e\000l\000a\000t\000e\000d\000\040\000F\000e\000a\000t\000u\000r\000e\000s}{section.4.17}% 255
\BOOKMARK [2][-]{subsection.4.17.2}{\376\377\000W\000a\000r\000\040\000S\000t\000o\000r\000y\000:\000\040\000T\000a\000x\000i\000\040\000D\000e\000r\000i\000v\000e\000r}{section.4.17}% 256
\BOOKMARK [2][-]{subsection.4.17.3}{\376\377\000R\000e\000g\000r\000e\000s\000s\000i\000o\000n\000\040\000a\000s\000\040\000P\000a\000r\000a\000m\000e\000t\000e\000r\000\040\000F\000i\000t\000t\000i\000n\000g}{section.4.17}% 257
\BOOKMARK [2][-]{subsection.4.17.4}{\376\377\000C\000o\000n\000v\000e\000x\000\040\000P\000a\000r\000a\000m\000e\000t\000e\000r\000\040\000S\000p\000a\000c\000e\000s}{section.4.17}% 258
\BOOKMARK [2][-]{subsection.4.17.5}{\376\377\000G\000r\000a\000d\000i\000e\000n\000t\000\040\000D\000e\000s\000c\000e\000n\000t\000\040\000S\000e\000a\000r\000c\000h}{section.4.17}% 259
\BOOKMARK [1][-]{section.4.18}{\376\377\000G\000r\000a\000d\000i\000e\000n\000t\000\040\000d\000e\000s\000c\000e\000n\000t\000\040\000s\000e\000a\000r\000c\000h\000\040\000i\000n\000\040\000t\000w\000o\000\040\000d\000i\000m\000e\000n\000s\000i\000o\000n\000s}{chapter.4}% 260
\BOOKMARK [2][-]{subsection.4.18.1}{\376\377\000W\000h\000a\000t\000\040\000i\000s\000\040\000t\000h\000e\000\040\000R\000i\000g\000h\000t\000\040\000L\000e\000a\000r\000n\000i\000n\000g\000\040\000R\000a\000t\000e\000?}{section.4.18}% 261
\BOOKMARK [2][-]{subsection.4.18.2}{\376\377\000S\000t\000o\000c\000h\000a\000s\000t\000i\000c\000\040\000G\000r\000a\000d\000i\000e\000n\000t\000\040\000D\000e\000s\000c\000e\000n\000t}{section.4.18}% 262
\BOOKMARK [2][-]{subsection.4.18.3}{\376\377\000S\000i\000m\000p\000l\000i\000f\000y\000i\000n\000g\000\040\000M\000o\000d\000e\000l\000s\000\040\000t\000h\000r\000o\000u\000g\000h\000\040\000R\000e\000g\000u\000l\000a\000r\000i\000z\000a\000t\000i\000o\000n}{section.4.18}% 263
\BOOKMARK [2][-]{subsection.4.18.4}{\376\377\000R\000i\000d\000g\000e\000\040\000R\000e\000g\000r\000e\000s\000s\000i\000o\000n}{section.4.18}% 264
\BOOKMARK [2][-]{subsection.4.18.5}{\376\377\000L\000A\000S\000S\000O\000\040\000R\000e\000g\000r\000e\000s\000s\000i\000o\000n}{section.4.18}% 265
\BOOKMARK [2][-]{subsection.4.18.6}{\376\377\000T\000r\000a\000d\000e\000-\000O\000f\000f\000s\000\040\000b\000e\000t\000w\000e\000e\000n\000\040\000F\000i\000t\000\040\000a\000n\000d\000\040\000C\000o\000m\000p\000l\000e\000x\000i\000t\000y}{section.4.18}% 266
\BOOKMARK [2][-]{subsection.4.18.7}{\376\377\000C\000l\000a\000s\000s\000i\000f\000i\000c\000a\000t\000i\000o\000n\000\040\000a\000n\000d\000\040\000L\000o\000g\000i\000s\000t\000i\000c\000\040\000R\000e\000g\000r\000e\000s\000s\000i\000o\000n}{section.4.18}% 267
\BOOKMARK [2][-]{subsection.4.18.8}{\376\377\000R\000e\000g\000r\000e\000s\000s\000i\000o\000n\000\040\000f\000o\000r\000\040\000C\000l\000a\000s\000s\000i\000f\000i\000c\000a\000t\000i\000o\000n}{section.4.18}% 268
\BOOKMARK [2][-]{subsection.4.18.9}{\376\377\000D\000e\000c\000i\000s\000i\000o\000n\000\040\000B\000o\000u\000n\000d\000a\000r\000i\000e\000s}{section.4.18}% 269
\BOOKMARK [2][-]{subsection.4.18.10}{\376\377\000L\000o\000g\000i\000s\000t\000i\000c\000\040\000R\000e\000g\000r\000e\000s\000s\000i\000o\000n}{section.4.18}% 270
\BOOKMARK [2][-]{subsection.4.18.11}{\376\377\000I\000s\000s\000u\000e\000s\000\040\000i\000n\000\040\000L\000o\000g\000i\000s\000t\000i\000c\000\040\000C\000l\000a\000s\000s\000i\000f\000i\000c\000a\000t\000i\000o\000n}{section.4.18}% 271
\BOOKMARK [2][-]{subsection.4.18.12}{\376\377\000B\000a\000l\000a\000n\000c\000e\000d\000\040\000T\000r\000a\000i\000n\000i\000n\000g\000\040\000C\000l\000a\000s\000s\000e\000s}{section.4.18}% 272
\BOOKMARK [2][-]{subsection.4.18.13}{\376\377\000M\000u\000l\000t\000i\000-\000C\000l\000a\000s\000s\000\040\000C\000l\000a\000s\000s\000i\000f\000i\000c\000a\000t\000i\000o\000n}{section.4.18}% 273
\BOOKMARK [2][-]{subsection.4.18.14}{\376\377\000H\000i\000e\000r\000a\000r\000c\000h\000i\000c\000a\000l\000\040\000C\000l\000a\000s\000s\000i\000f\000i\000c\000a\000t\000i\000o\000n}{section.4.18}% 274
\BOOKMARK [2][-]{subsection.4.18.15}{\376\377\000P\000a\000r\000t\000i\000t\000i\000o\000n\000\040\000F\000u\000n\000c\000t\000i\000o\000n\000s\000\040\000a\000n\000d\000\040\000M\000u\000l\000t\000i\000n\000o\000m\000i\000a\000l\000\040\000R\000e\000g\000r\000e\000s\000s\000i\000o\000n}{section.4.18}% 275
\BOOKMARK [1][-]{section.4.19}{\376\377\000E\000x\000p\000e\000r\000i\000m\000e\000n\000t\000s\000\040\000w\000i\000t\000h\000\040\000L\000i\000n\000e\000a\000r\000\040\000R\000e\000g\000r\000e\000s\000s\000i\000o\000n}{chapter.4}% 276
\BOOKMARK [0][-]{chapter.5}{\376\377\000D\000i\000s\000t\000a\000n\000c\000e\000\040\000a\000n\000d\000\040\000N\000e\000t\000w\000o\000r\000k\000\040\000M\000e\000t\000h\000o\000d\000s}{}% 277
\BOOKMARK [1][-]{section.5.1}{\376\377\000M\000e\000a\000s\000u\000r\000i\000n\000g\000\040\000D\000i\000s\000t\000a\000n\000c\000e\000s}{chapter.5}% 278
\BOOKMARK [2][-]{subsection.5.1.1}{\376\377\000D\000i\000s\000t\000a\000n\000c\000e\000\040\000M\000e\000t\000r\000i\000c\000s}{section.5.1}% 279
\BOOKMARK [2][-]{subsection.5.1.2}{\376\377\000T\000h\000e\000\040\000L\000_\000k\000\040\000D\000i\000s\000t\000a\000n\000c\000e\000\040\000M\000e\000t\000r\000i\000c}{section.5.1}% 280
\BOOKMARK [2][-]{subsection.5.1.3}{\376\377\000W\000o\000r\000k\000i\000n\000g\000\040\000i\000n\000\040\000H\000i\000g\000h\000e\000r\000\040\000D\000i\000m\000e\000n\000s\000i\000o\000n\000s}{section.5.1}% 281
\BOOKMARK [2][-]{subsection.5.1.4}{\376\377\000D\000i\000m\000e\000n\000s\000i\000o\000n\000a\000l\000\040\000E\000g\000a\000l\000i\000t\000a\000r\000i\000a\000n\000i\000s\000m}{section.5.1}% 282
\BOOKMARK [2][-]{subsection.5.1.5}{\376\377\000P\000o\000i\000n\000t\000s\000\040\000v\000s\000.\000\040\000V\000e\000c\000t\000o\000r\000s}{section.5.1}% 283
\BOOKMARK [2][-]{subsection.5.1.6}{\376\377\000D\000i\000s\000t\000a\000n\000c\000e\000s\000\040\000b\000e\000t\000w\000e\000e\000n\000\040\000P\000r\000o\000b\000a\000b\000i\000l\000i\000t\000y\000\040\000D\000i\000s\000t\000r\000i\000b\000u\000t\000i\000o\000n\000s}{section.5.1}% 284
\BOOKMARK [2][-]{subsection.5.1.7}{\376\377\000N\000e\000a\000r\000e\000s\000t\000\040\000N\000e\000i\000g\000h\000b\000o\000r\000\040\000C\000l\000a\000s\000s\000i\000f\000i\000c\000a\000t\000i\000o\000n}{section.5.1}% 285
\BOOKMARK [2][-]{subsection.5.1.8}{\376\377\000S\000e\000e\000k\000i\000n\000g\000\040\000G\000o\000o\000d\000\040\000A\000n\000a\000l\000o\000g\000i\000e\000s}{section.5.1}% 286
\BOOKMARK [2][-]{subsection.5.1.9}{\376\377\000k\000-\000N\000e\000a\000r\000e\000s\000t\000\040\000N\000e\000i\000g\000h\000b\000o\000r\000s}{section.5.1}% 287
\BOOKMARK [2][-]{subsection.5.1.10}{\376\377\000F\000i\000n\000d\000i\000n\000g\000\040\000N\000e\000a\000r\000e\000s\000t\000\040\000N\000e\000i\000g\000h\000b\000o\000r\000s}{section.5.1}% 288
\BOOKMARK [2][-]{subsection.5.1.11}{\376\377\000L\000o\000c\000a\000l\000i\000t\000y\000\040\000S\000e\000n\000s\000i\000t\000i\000v\000e\000\040\000H\000a\000s\000h\000i\000n\000g}{section.5.1}% 289
\BOOKMARK [2][-]{subsection.5.1.12}{\376\377\000G\000r\000a\000p\000h\000s\000,\000\040\000N\000e\000t\000w\000o\000r\000k\000s\000,\000\040\000a\000n\000d\000\040\000D\000i\000s\000t\000a\000n\000c\000e\000s}{section.5.1}% 290
\BOOKMARK [2][-]{subsection.5.1.13}{\376\377\000W\000e\000i\000g\000h\000t\000e\000d\000\040\000G\000r\000a\000p\000h\000s\000\040\000a\000n\000d\000\040\000I\000n\000d\000u\000c\000e\000d\000\040\000N\000e\000t\000w\000o\000r\000k\000s}{section.5.1}% 291
\BOOKMARK [2][-]{subsection.5.1.14}{\376\377\000T\000a\000l\000k\000i\000n\000g\000\040\000A\000b\000o\000u\000t\000\040\000G\000r\000a\000p\000h\000s}{section.5.1}% 292
\BOOKMARK [2][-]{subsection.5.1.15}{\376\377\000G\000r\000a\000p\000h\000\040\000T\000h\000e\000o\000r\000y}{section.5.1}% 293
\BOOKMARK [2][-]{subsection.5.1.16}{\376\377\000P\000a\000g\000e\000R\000a\000n\000k}{section.5.1}% 294
\BOOKMARK [2][-]{subsection.5.1.17}{\376\377\000C\000l\000u\000s\000t\000e\000r\000i\000n\000g}{section.5.1}% 295
\BOOKMARK [2][-]{subsection.5.1.18}{\376\377\000k\000-\000m\000e\000a\000n\000s\000\040\000C\000l\000u\000s\000t\000e\000r\000i\000n\000g}{section.5.1}% 296
\BOOKMARK [1][-]{section.5.2}{\376\377\000K\000-\000m\000e\000a\000n\000s\000\040\000c\000l\000u\000s\000t\000e\000r\000i\000n\000g}{chapter.5}% 297
\BOOKMARK [1][-]{section.5.3}{\376\377\000C\000e\000n\000t\000e\000r\000s\000\040\000o\000r\000\040\000C\000e\000n\000t\000r\000o\000i\000d\000s\000?}{chapter.5}% 298
\BOOKMARK [1][-]{section.5.4}{\376\377\000H\000o\000w\000\040\000M\000a\000n\000y\000\040\000C\000l\000u\000s\000t\000e\000r\000s\000?}{chapter.5}% 299
\BOOKMARK [1][-]{section.5.5}{\376\377\000E\000x\000p\000e\000c\000t\000a\000t\000i\000o\000n\000\040\000M\000a\000x\000i\000m\000i\000z\000a\000t\000i\000o\000n}{chapter.5}% 300
\BOOKMARK [2][-]{subsection.5.5.1}{\376\377\000A\000g\000g\000l\000o\000m\000e\000r\000a\000t\000i\000v\000e\000\040\000C\000l\000u\000s\000t\000e\000r\000i\000n\000g}{section.5.5}% 301
\BOOKMARK [1][-]{section.5.6}{\376\377\000U\000s\000i\000n\000g\000\040\000A\000g\000g\000l\000o\000m\000e\000r\000a\000t\000i\000v\000e\000\040\000T\000r\000e\000e\000s}{chapter.5}% 302
\BOOKMARK [1][-]{section.5.7}{\376\377\000B\000u\000i\000l\000d\000i\000n\000g\000\040\000A\000g\000g\000l\000o\000m\000e\000r\000a\000t\000i\000v\000e\000\040\000C\000l\000u\000s\000t\000e\000r\000\040\000T\000r\000e\000e\000s}{chapter.5}% 303
\BOOKMARK [2][-]{subsection.5.7.1}{\376\377\000C\000o\000m\000p\000a\000r\000i\000n\000g\000\040\000C\000l\000u\000s\000t\000e\000r\000i\000n\000g\000s}{section.5.7}% 304
\BOOKMARK [2][-]{subsection.5.7.2}{\376\377\000S\000i\000m\000i\000l\000a\000r\000i\000t\000y\000\040\000G\000r\000a\000p\000h\000s\000\040\000a\000n\000d\000\040\000C\000u\000t\000-\000B\000a\000s\000e\000d\000\040\000C\000l\000u\000s\000t\000e\000r\000i\000n\000g}{section.5.7}% 305
\BOOKMARK [1][-]{section.5.8}{\376\377\000C\000u\000t\000s\000\040\000i\000n\000\040\000G\000r\000a\000p\000h\000s}{chapter.5}% 306
\BOOKMARK [2][-]{subsection.5.8.1}{\376\377\000W\000a\000r\000\040\000S\000t\000o\000r\000y\000:\000\040\000C\000l\000u\000s\000t\000e\000r\000\040\000B\000o\000m\000b\000i\000n\000g}{section.5.8}% 307
\BOOKMARK [2][-]{subsection.5.8.2}{\376\377\000C\000h\000a\000p\000t\000e\000r\000\040\000N\000o\000t\000e\000s}{section.5.8}% 308
\BOOKMARK [2][-]{subsection.5.8.3}{\376\377\000E\000x\000e\000r\000c\000i\000s\000e\000s}{section.5.8}% 309
\BOOKMARK [1][-]{section.5.9}{\376\377\000N\000e\000t\000w\000o\000r\000k\000s}{chapter.5}% 310
\BOOKMARK [1][-]{section.5.10}{\376\377\000I\000m\000p