\BOOKMARK [1][-]{section.0.1}{\376\377\000W\000o\000l\000f\000g\000a\000n\000g\000\040\000E\000r\000t\000e\000l}{}% 1
\BOOKMARK [0][-]{chapter.1}{\376\377\000C\000o\000n\000t\000e\000n\000t\000s}{}% 2
\BOOKMARK [1][-]{section.1.1}{\376\377\000W\000h\000a\000t\000\040\000I\000s\000\040\000A\000r\000t\000i\000f\000i\000c\000i\000a\000l\000\040\000I\000n\000t\000e\000l\000l\000i\000g\000e\000n\000c\000e\000?}{chapter.1}% 3
\BOOKMARK [2][-]{subsection.1.1.1}{\376\377\000B\000r\000a\000i\000n\000\040\000S\000c\000i\000e\000n\000c\000e\000\040\000a\000n\000d\000\040\000P\000r\000o\000b\000l\000e\000m\000\040\000S\000o\000l\000v\000i\000n\000g}{section.1.1}% 4
\BOOKMARK [2][-]{subsection.1.1.2}{\376\377\000T\000h\000e\000\040\000T\000u\000r\000i\000n\000g\000\040\000T\000e\000s\000t\000\040\000a\000n\000d\000\040\000C\000h\000a\000t\000t\000e\000r\000b\000o\000t\000s}{section.1.1}% 5
\BOOKMARK [1][-]{section.1.2}{\376\377\000T\000h\000e\000\040\000H\000i\000s\000t\000o\000r\000y\000\040\000o\000f\000\040\000A\000I}{chapter.1}% 6
\BOOKMARK [2][-]{subsection.1.2.1}{\376\377\000T\000h\000e\000\040\000F\000i\000r\000s\000t\000\040\000B\000e\000g\000i\000n\000n\000i\000n\000g\000s}{section.1.2}% 7
\BOOKMARK [2][-]{subsection.1.2.2}{\376\377\000L\000o\000g\000i\000c\000\040\000S\000o\000l\000v\000e\000s\000\040\000\050\000A\000l\000m\000o\000s\000t\000\051\000\040\000A\000l\000l\000\040\000P\000r\000o\000b\000l\000e\000m\000s}{section.1.2}% 8
\BOOKMARK [2][-]{subsection.1.2.3}{\376\377\000T\000h\000e\000\040\000N\000e\000w\000\040\000C\000o\000n\000n\000e\000c\000t\000i\000o\000n\000i\000s\000m}{section.1.2}% 9
\BOOKMARK [2][-]{subsection.1.2.4}{\376\377\000R\000e\000a\000s\000o\000n\000i\000n\000g\000\040\000U\000n\000d\000e\000r\000\040\000U\000n\000c\000e\000r\000t\000a\000i\000n\000t\000y}{section.1.2}% 10
\BOOKMARK [2][-]{subsection.1.2.5}{\376\377\000D\000i\000s\000t\000r\000i\000b\000u\000t\000e\000d\000,\000\040\000A\000u\000t\000o\000n\000o\000m\000o\000u\000s\000\040\000a\000n\000d\000\040\000L\000e\000a\000r\000n\000i\000n\000g\000\040\000A\000g\000e\000n\000t\000s}{section.1.2}% 11
\BOOKMARK [2][-]{subsection.1.2.6}{\376\377\000A\000l\000\040\000G\000r\000o\000w\000s\000\040\000U\000p}{section.1.2}% 12
\BOOKMARK [2][-]{subsection.1.2.7}{\376\377\000T\000h\000e\000\040\000A\000l\000\040\000R\000e\000v\000o\000l\000u\000t\000i\000o\000n}{section.1.2}% 13
\BOOKMARK [1][-]{section.1.3}{\376\377\000A\000I\000\040\000a\000n\000d\000\040\000S\000o\000c\000i\000e\000t\000y}{chapter.1}% 14
\BOOKMARK [2][-]{subsection.1.3.1}{\376\377\000D\000o\000e\000s\000\040\000A\000l\000\040\000D\000e\000s\000t\000r\000o\000y\000\040\000J\000o\000b\000s\000?}{section.1.3}% 15
\BOOKMARK [2][-]{subsection.1.3.2}{\376\377\000A\000l\000\040\000a\000n\000d\000\040\000T\000r\000a\000n\000s\000p\000o\000r\000t\000a\000t\000i\000o\000n}{section.1.3}% 16
\BOOKMARK [2][-]{subsection.1.3.3}{\376\377\000S\000e\000r\000v\000i\000c\000e\000\040\000R\000o\000b\000o\000t\000i\000c\000s}{section.1.3}% 17
\BOOKMARK [1][-]{section.1.4}{\376\377\000A\000g\000e\000n\000t\000s}{chapter.1}% 18
\BOOKMARK [1][-]{section.1.5}{\376\377\000K\000n\000o\000w\000l\000e\000d\000g\000e\000-\000B\000a\000s\000e\000d\000\040\000S\000y\000s\000t\000e\000m\000s}{chapter.1}% 19
\BOOKMARK [1][-]{section.1.6}{\376\377\000E\000x\000e\000r\000c\000i\000s\000e\000s}{chapter.1}% 20
\BOOKMARK [1][-]{section.1.7}{\376\377\000E\000x\000e\000r\000c\000i\000s\000e\000\040\0001\000.\0005}{chapter.1}% 21
\BOOKMARK [1][-]{section.1.8}{\376\377\205\224\000\040\000E\000x\000e\000r\000c\000i\000s\000e\000\040\0001\000.\0007}{chapter.1}% 22
\BOOKMARK [1][-]{section.1.9}{\376\377\000P\000r\000o\000p\000o\000s\000i\000t\000i\000o\000n\000a\000l\000\040\000L\000o\000g\000i\000c}{chapter.1}% 23
\BOOKMARK [1][-]{section.1.10}{\376\377\000S\000y\000n\000t\000a\000x}{chapter.1}% 24
\BOOKMARK [1][-]{section.1.11}{\376\377\000S\000e\000m\000a\000n\000t\000i\000c\000s}{chapter.1}% 25
\BOOKMARK [1][-]{section.1.12}{\376\377\000P\000r\000o\000o\000f\000\040\000S\000y\000s\000t\000e\000m\000s}{chapter.1}% 26
\BOOKMARK [1][-]{section.1.13}{\376\377\000R\000e\000s\000o\000l\000u\000t\000i\000o\000n}{chapter.1}% 27
\BOOKMARK [1][-]{section.1.14}{\376\377\000H\000o\000r\000n\000\040\000C\000l\000a\000u\000s\000e\000s}{chapter.1}% 28
\BOOKMARK [1][-]{section.1.15}{\376\377\000C\000o\000m\000p\000u\000t\000a\000b\000i\000l\000i\000t\000y\000\040\000a\000n\000d\000\040\000C\000o\000m\000p\000l\000e\000x\000i\000t\000y}{chapter.1}% 29
\BOOKMARK [1][-]{section.1.16}{\376\377\000A\000p\000p\000l\000i\000c\000a\000t\000i\000o\000n\000s\000\040\000a\000n\000d\000\040\000L\000i\000m\000i\000t\000a\000t\000i\000o\000n\000s}{chapter.1}% 30
\BOOKMARK [1][-]{section.1.17}{\376\377\000E\000x\000e\000r\000c\000i\000s\000e\000s}{chapter.1}% 31
\BOOKMARK [1][-]{section.1.18}{\376\377\000E\000x\000e\000r\000c\000i\000s\000e\000\040\0002\000.\0006}{chapter.1}% 32
\BOOKMARK [1][-]{section.1.19}{}{chapter.1}% 33
\BOOKMARK [1][-]{section.1.20}{\376\377\000S\000y\000n\000t\000a\000x}{chapter.1}% 34
\BOOKMARK [1][-]{section.1.21}{\376\377\000S\000e\000m\000a\000n\000t\000i\000c\000s}{chapter.1}% 35
\BOOKMARK [1][-]{section.1.22}{\376\377\000D\000e\000f\000i\000n\000i\000t\000i\000o\000n\000\040\0003\000.\0004}{chapter.1}% 36
\BOOKMARK [2][-]{subsection.1.22.1}{\376\377\000E\000q\000u\000a\000l\000i\000t\000y}{section.1.22}% 37
\BOOKMARK [1][-]{section.1.23}{\376\377\000Q\000u\000a\000n\000t\000i\000f\000i\000e\000r\000s\000\040\000a\000n\000d\000\040\000N\000o\000r\000m\000a\000l\000\040\000F\000o\000r\000m\000s}{chapter.1}% 38
\BOOKMARK [1][-]{section.1.24}{\376\377\000P\000r\000o\000o\000f\000\040\000C\000a\000l\000c\000u\000l\000i}{chapter.1}% 39
\BOOKMARK [1][-]{section.1.25}{\376\377\000R\000e\000s\000o\000l\000u\000t\000i\000o\000n}{chapter.1}% 40
\BOOKMARK [2][-]{subsection.1.25.1}{\376\377\000R\000e\000s\000o\000l\000u\000t\000i\000o\000n\000\040\000S\000t\000r\000a\000t\000e\000g\000i\000e\000s}{section.1.25}% 41
\BOOKMARK [2][-]{subsection.1.25.2}{\376\377\000E\000q\000u\000a\000l\000i\000t\000y}{section.1.25}% 42
\BOOKMARK [1][-]{section.1.26}{\376\377\000A\000u\000t\000o\000m\000a\000t\000e\000d\000\040\000T\000h\000e\000o\000r\000e\000m\000\040\000P\000r\000o\000v\000e\000r\000s}{chapter.1}% 43
\BOOKMARK [1][-]{section.1.27}{\376\377\000M\000a\000t\000h\000e\000m\000a\000t\000i\000c\000a\000l\000\040\000E\000x\000a\000m\000p\000l\000e\000s}{chapter.1}% 44
\BOOKMARK [1][-]{section.1.28}{\376\377\000A\000p\000p\000l\000i\000c\000a\000t\000i\000o\000n\000s}{chapter.1}% 45
\BOOKMARK [1][-]{section.1.29}{\376\377\000S\000u\000m\000m\000a\000r\000y}{chapter.1}% 46
\BOOKMARK [1][-]{section.1.30}{\376\377\000E\000x\000e\000r\000c\000i\000s\000e\000s}{chapter.1}% 47
\BOOKMARK [1][-]{section.1.31}{\376\377\000E\000x\000e\000r\000c\000i\000s\000e\000\040\0003\000.\0006}{chapter.1}% 48
\BOOKMARK [1][-]{section.1.32}{\376\377\000E\000x\000e\000r\000c\000i\000s\000e\000\040\0003\000.\0007}{chapter.1}% 49
\BOOKMARK [1][-]{section.1.33}{\376\377\000T\000h\000e\000\040\000S\000e\000a\000r\000c\000h\000\040\000S\000p\000a\000c\000e\000\040\000P\000r\000o\000b\000l\000e\000m}{chapter.1}% 50
\BOOKMARK [1][-]{section.1.34}{\376\377\000D\000e\000c\000i\000d\000a\000b\000i\000l\000i\000t\000y\000\040\000a\000n\000d\000\040\000I\000n\000c\000o\000m\000p\000l\000e\000t\000e\000n\000e\000s\000s}{chapter.1}% 51
\BOOKMARK [1][-]{section.1.35}{\376\377\000T\000h\000e\000o\000r\000e\000m\000\040\0004\000.\0001\000\040\000T\000h\000e\000\040\000s\000e\000t\000\040\000o\000f\000\040\000v\000a\000l\000i\000d\000\040\000f\000o\000r\000m\000u\000l\000a\000s\000\040\000i\000n\000\040\000f\000i\000r\000s\000t\000-\000o\000r\000d\000e\000r\000\040\000p\000r\000e\000d\000i\000c\000a\000t\000e\000\040\000l\000o\000g\000i\000c\000\040\000i\000s\000\040\000s\000e\000m\000i\000d\000e\000c\000i\000d\000a\000b\000l\000e\000.}{chapter.1}% 52
\BOOKMARK [1][-]{section.1.36}{\376\377\000T\000h\000e\000\040\000F\000l\000y\000i\000n\000g\000\040\000P\000e\000n\000g\000u\000i\000n}{chapter.1}% 53
\BOOKMARK [1][-]{section.1.37}{\376\377\000M\000o\000d\000e\000l\000i\000n\000g\000\040\000U\000n\000c\000e\000r\000t\000a\000i\000n\000t\000y}{chapter.1}% 54
\BOOKMARK [1][-]{section.1.38}{\376\377\205\224\000\040\000E\000x\000e\000r\000c\000i\000s\000e\000\040\0004\000.\0001}{chapter.1}% 55
\BOOKMARK [1][-]{section.1.39}{\376\377\000E\000x\000e\000r\000c\000i\000s\000e\000\040\0004\000.\0002}{chapter.1}% 56
\BOOKMARK [1][-]{section.1.40}{}{chapter.1}% 57
\BOOKMARK [1][-]{section.1.41}{\376\377\000P\000R\000O\000L\000O\000G\000\040\000S\000y\000s\000t\000e\000m\000s\000\040\000a\000n\000d\000\040\000I\000m\000p\000l\000e\000m\000e\000n\000t\000a\000t\000i\000o\000n\000s}{chapter.1}% 58
\BOOKMARK [1][-]{section.1.42}{\376\377\000S\000i\000m\000p\000l\000e\000\040\000E\000x\000a\000m\000p\000l\000e\000s}{chapter.1}% 59
\BOOKMARK [1][-]{section.1.43}{\376\377\000E\000x\000e\000c\000u\000t\000i\000o\000n\000\040\000C\000o\000n\000t\000r\000o\000l\000\040\000a\000n\000d\000\040\000P\000r\000o\000c\000e\000d\000u\000r\000a\000l\000\040\000E\000l\000e\000m\000e\000n\000t\000s}{chapter.1}% 60
\BOOKMARK [1][-]{section.1.44}{\376\377\000L\000i\000s\000t\000s}{chapter.1}% 61
\BOOKMARK [1][-]{section.1.45}{\376\377\000S\000e\000l\000f\000-\000m\000o\000d\000i\000f\000y\000i\000n\000g\000\040\000P\000r\000o\000g\000r\000a\000m\000s}{chapter.1}% 62
\BOOKMARK [1][-]{section.1.46}{\376\377\000A\000\040\000P\000l\000a\000n\000n\000i\000n\000g\000\040\000E\000x\000a\000m\000p\000l\000e}{chapter.1}% 63
\BOOKMARK [1][-]{section.1.47}{\376\377\000C\000o\000n\000s\000t\000r\000a\000i\000n\000t\000\040\000L\000o\000g\000i\000c\000\040\000P\000r\000o\000g\000r\000a\000m\000m\000i\000n\000g}{chapter.1}% 64
\BOOKMARK [1][-]{section.1.48}{\376\377\000S\000u\000m\000m\000a\000r\000y}{chapter.1}% 65
\BOOKMARK [1][-]{section.1.49}{\376\377\000E\000x\000e\000r\000c\000i\000s\000e\000s}{chapter.1}% 66
\BOOKMARK [1][-]{section.1.50}{\376\377\000E\000x\000e\000r\000c\000i\000s\000e\000\040\0005\000.\0002}{chapter.1}% 67
\BOOKMARK [1][-]{section.1.51}{\376\377\000E\000x\000e\000r\000c\000i\000s\000e\000\040\0005\000.\0003}{chapter.1}% 68
\BOOKMARK [1][-]{section.1.52}{\376\377\000E\000x\000e\000r\000c\000i\000s\000e\000\040\0005\000.\0004}{chapter.1}% 69
\BOOKMARK [1][-]{section.1.53}{\376\377\000I\000n\000t\000r\000o\000d\000u\000c\000t\000i\000o\000n}{chapter.1}% 70
\BOOKMARK [1][-]{section.1.54}{\376\377\000D\000e\000f\000i\000n\000i\000t\000i\000o\000n\000\040\0006\000.\0002}{chapter.1}% 71
\BOOKMARK [2][-]{subsection.1.54.1}{\376\377\000B\000r\000e\000a\000d\000t\000h\000-\000F\000i\000r\000s\000t\000\040\000S\000e\000a\000r\000c\000h}{section.1.54}% 72
\BOOKMARK [2][-]{subsection.1.54.2}{\376\377\000D\000e\000p\000t\000h\000-\000F\000i\000r\000s\000t\000\040\000S\000e\000a\000r\000c\000h}{section.1.54}% 73
\BOOKMARK [2][-]{subsection.1.54.3}{\376\377\000I\000t\000e\000r\000a\000t\000i\000v\000e\000\040\000D\000e\000e\000p\000e\000n\000i\000n\000g}{section.1.54}% 74
\BOOKMARK [2][-]{subsection.1.54.4}{\376\377\000C\000o\000m\000p\000a\000r\000i\000s\000o\000n}{section.1.54}% 75
\BOOKMARK [2][-]{subsection.1.54.5}{\376\377\000C\000y\000c\000l\000e\000\040\000C\000h\000e\000c\000k}{section.1.54}% 76
\BOOKMARK [1][-]{section.1.55}{\376\377\000H\000e\000u\000r\000i\000s\000t\000i\000c\000\040\000S\000e\000a\000r\000c\000h}{chapter.1}% 77
\BOOKMARK [2][-]{subsection.1.55.1}{\376\377\000G\000r\000e\000e\000d\000y\000\040\000S\000e\000a\000r\000c\000h}{section.1.55}% 78
\BOOKMARK [2][-]{subsection.1.55.2}{\376\377\000A\000\040\000\040\000-\000S\000e\000a\000r\000c\000h}{section.1.55}% 79
\BOOKMARK [2][-]{subsection.1.55.3}{\376\377\000R\000o\000u\000t\000e\000\040\000P\000l\000a\000n\000n\000i\000n\000g\000\040\000w\000i\000t\000h\000\040\000t\000h\000e\000\040\000A\000\040\000S\000e\000a\000r\000c\000h\000\040\000A\000l\000g\000o\000r\000i\000t\000h\000m}{section.1.55}% 80
\BOOKMARK [2][-]{subsection.1.55.4}{\376\377\000I\000D\000A\000\040\000\040\000-\000S\000e\000a\000r\000c\000h}{section.1.55}% 81
\BOOKMARK [2][-]{subsection.1.55.5}{\376\377\000E\000m\000p\000i\000r\000i\000c\000a\000l\000\040\000C\000o\000m\000p\000a\000r\000i\000s\000o\000n\000\040\000o\000f\000\040\000t\000h\000e\000\040\000S\000e\000a\000r\000c\000h\000\040\000A\000l\000g\000o\000r\000i\000t\000h\000m\000s}{section.1.55}% 82
\BOOKMARK [1][-]{section.1.56}{\376\377\000S\000u\000m\000m\000a\000r\000y}{chapter.1}% 83
\BOOKMARK [1][-]{section.1.57}{\376\377\000G\000a\000m\000e\000s\000\040\000w\000i\000t\000h\000\040\000O\000p\000p\000o\000n\000e\000n\000t\000s}{chapter.1}% 84
\BOOKMARK [2][-]{subsection.1.57.1}{\376\377\000M\000i\000n\000i\000m\000a\000x\000\040\000S\000e\000a\000r\000c\000h}{section.1.57}% 85
\BOOKMARK [2][-]{subsection.1.57.2}{\376\377\000A\000l\000p\000h\000a\000-\000B\000e\000t\000a\000-\000P\000r\000u\000n\000i\000n\000g}{section.1.57}% 86
\BOOKMARK [2][-]{subsection.1.57.3}{\376\377\000N\000o\000n\000-\000d\000e\000t\000e\000r\000m\000i\000n\000i\000s\000t\000i\000c\000\040\000G\000a\000m\000e\000s}{section.1.57}% 87
\BOOKMARK [1][-]{section.1.58}{\376\377\000H\000e\000u\000r\000i\000s\000t\000i\000c\000\040\000E\000v\000a\000l\000u\000a\000t\000i\000o\000n\000\040\000F\000u\000n\000c\000t\000i\000o\000n\000s}{chapter.1}% 88
\BOOKMARK [2][-]{subsection.1.58.1}{\376\377\000L\000e\000a\000r\000n\000i\000n\000g\000\040\000o\000f\000\040\000H\000e\000u\000r\000i\000s\000t\000i\000c\000s}{section.1.58}% 89
\BOOKMARK [1][-]{section.1.59}{\376\377\000S\000t\000a\000t\000e\000\040\000o\000f\000\040\000t\000h\000e\000\040\000A\000r\000t}{chapter.1}% 90
\BOOKMARK [2][-]{subsection.1.59.1}{\376\377\000C\000h\000e\000s\000s}{section.1.59}% 91
\BOOKMARK [2][-]{subsection.1.59.2}{\376\377\000G\000o}{section.1.59}% 92
\BOOKMARK [1][-]{section.1.60}{\376\377\000E\000x\000e\000r\000c\000i\000s\000e\000\040\0006\000.\0001}{chapter.1}% 93
\BOOKMARK [1][-]{section.1.61}{\376\377\000E\000x\000e\000r\000c\000i\000s\000e\000\040\0006\000.\0002}{chapter.1}% 94
\BOOKMARK [1][-]{section.1.62}{\376\377\000E\000x\000e\000r\000c\000i\000s\000e\000\040\0006\000.\0003}{chapter.1}% 95
\BOOKMARK [1][-]{section.1.63}{\376\377\000E\000x\000e\000r\000c\000i\000s\000e\000\040\0006\000.\0004}{chapter.1}% 96
\BOOKMARK [1][-]{section.1.64}{\376\377\000\043\000>\000\040\000E\000x\000e\000r\000c\000i\000s\000e\000\040\0006\000.\0006}{chapter.1}% 97
\BOOKMARK [1][-]{section.1.65}{\376\377\000E\000x\000e\000r\000c\000i\000s\000e\000\040\0006\000.\0007}{chapter.1}% 98
\BOOKMARK [1][-]{section.1.66}{\376\377\000E\000x\000e\000r\000c\000i\000s\000e\000\040\0006\000.\0001\0001}{chapter.1}% 99
\BOOKMARK [1][-]{section.1.67}{\376\377\000E\000x\000e\000r\000c\000i\000s\000e\000\040\0006\000.\0001\0006}{chapter.1}% 100
\BOOKMARK [1][-]{section.1.68}{}{chapter.1}% 101
\BOOKMARK [1][-]{section.1.69}{\376\377\000C\000o\000m\000p\000u\000t\000i\000n\000g\000\040\000w\000i\000t\000h\000\040\000P\000r\000o\000b\000a\000b\000i\000l\000i\000t\000i\000e\000s}{chapter.1}% 102
\BOOKMARK [1][-]{section.1.70}{\376\377\000T\000h\000e\000o\000r\000e\000m\000\040\0007\000.\0001}{chapter.1}% 103
\BOOKMARK [2][-]{subsection.1.70.1}{\376\377\000C\000o\000n\000d\000i\000t\000i\000o\000n\000a\000l\000\040\000P\000r\000o\000b\000a\000b\000i\000l\000i\000t\000y}{section.1.70}% 104
\BOOKMARK [1][-]{section.1.71}{\376\377\000C\000h\000a\000i\000n\000\040\000R\000u\000l\000e}{chapter.1}% 105
\BOOKMARK [1][-]{section.1.72}{\376\377\000M\000a\000r\000g\000i\000n\000a\000l\000i\000z\000a\000t\000i\000o\000n}{chapter.1}% 106
\BOOKMARK [1][-]{section.1.73}{\376\377\000B\000a\000y\000e\000s\000'\000\040\000T\000h\000e\000o\000r\000e\000m}{chapter.1}% 107
\BOOKMARK [1][-]{section.1.74}{\376\377\000E\000x\000a\000m\000p\000l\000e\000\040\0007\000.\0007}{chapter.1}% 108
\BOOKMARK [1][-]{section.1.75}{\376\377\000T\000h\000e\000\040\000P\000r\000i\000n\000c\000i\000p\000l\000e\000\040\000o\000f\000\040\000M\000a\000x\000i\000m\000u\000m\000\040\000E\000n\000t\000r\000o\000p\000y}{chapter.1}% 109
\BOOKMARK [2][-]{subsection.1.75.1}{\376\377\000A\000n\000\040\000I\000n\000f\000e\000r\000e\000n\000c\000e\000\040\000R\000u\000l\000e\000\040\000f\000o\000r\000\040\000P\000r\000o\000b\000a\000b\000i\000l\000i\000t\000i\000e\000s}{section.1.75}% 110
\BOOKMARK [2][-]{subsection.1.75.2}{\376\377\000M\000a\000x\000i\000m\000u\000m\000\040\000E\000n\000t\000r\000o\000p\000y\000\040\000W\000i\000t\000h\000o\000u\000t\000\040\000E\000x\000p\000l\000i\000c\000i\000t\000\040\000C\000o\000n\000s\000t\000r\000a\000i\000n\000t\000s}{section.1.75}% 111
\BOOKMARK [2][-]{subsection.1.75.3}{\376\377\000C\000o\000n\000d\000i\000t\000i\000o\000n\000a\000l\000\040\000P\000r\000o\000b\000a\000b\000i\000l\000i\000t\000y\000\040\000V\000e\000r\000s\000u\000s\000\040\000M\000a\000t\000e\000r\000i\000a\000l\000\040\000I\000m\000p\000l\000i\000c\000a\000t\000i\000o\000n}{section.1.75}% 112
\BOOKMARK [2][-]{subsection.1.75.4}{\376\377\000M\000a\000x\000E\000n\000t\000-\000S\000y\000s\000t\000e\000m\000s}{section.1.75}% 113
\BOOKMARK [2][-]{subsection.1.75.5}{\376\377\000T\000h\000e\000\040\000T\000w\000e\000e\000t\000y\000\040\000E\000x\000a\000m\000p\000l\000e}{section.1.75}% 114
\BOOKMARK [1][-]{section.1.76}{\376\377\000L\000e\000x\000m\000e\000d\000,\000\040\000a\000n\000\040\000E\000x\000p\000e\000r\000t\000\040\000S\000y\000s\000t\000e\000m\000\040\000f\000o\000r\000\040\000D\000i\000a\000g\000n\000o\000s\000i\000n\000g\000\040\000A\000p\000p\000e\000n\000d\000i\000c\000i\000t\000i\000s}{chapter.1}% 115
\BOOKMARK [2][-]{subsection.1.76.1}{\376\377\000A\000p\000p\000e\000n\000d\000i\000c\000i\000t\000i\000s\000\040\000D\000i\000a\000g\000n\000o\000s\000i\000s\000\040\000w\000i\000t\000h\000\040\000F\000o\000r\000m\000a\000l\000\040\000M\000e\000t\000h\000o\000d\000s}{section.1.76}% 116
\BOOKMARK [2][-]{subsection.1.76.2}{\376\377\000H\000y\000b\000r\000i\000d\000\040\000P\000r\000o\000b\000a\000b\000i\000l\000i\000s\000t\000i\000c\000\040\000K\000n\000o\000w\000l\000e\000d\000g\000e\000\040\000B\000a\000s\000e}{section.1.76}% 117
\BOOKMARK [2][-]{subsection.1.76.3}{\376\377\000A\000p\000p\000l\000i\000c\000a\000t\000i\000o\000n\000\040\000o\000f\000\040\000L\000e\000x\000m\000e\000d}{section.1.76}% 118
\BOOKMARK [2][-]{subsection.1.76.4}{\376\377\000F\000u\000n\000c\000t\000i\000o\000n\000\040\000o\000f\000\040\000L\000e\000x\000m\000e\000d}{section.1.76}% 119
\BOOKMARK [1][-]{section.1.77}{\376\377\000L\000e\000a\000r\000n\000i\000n\000g\000\040\000o\000f\000\040\000R\000u\000l\000e\000s\000\040\000b\000y\000\040\000S\000t\000a\000t\000i\000s\000t\000i\000c\000a\000l\000\040\000I\000n\000d\000u\000c\000t\000i\000o\000n}{chapter.1}% 120
\BOOKMARK [1][-]{section.1.78}{\376\377\000E\000x\000p\000e\000r\000t\000\040\000R\000u\000l\000e\000s}{chapter.1}% 121
\BOOKMARK [1][-]{section.1.79}{\376\377\000D\000i\000a\000g\000n\000o\000s\000i\000s\000\040\000Q\000u\000e\000r\000i\000e\000s}{chapter.1}% 122
\BOOKMARK [2][-]{subsection.1.79.1}{\376\377\000R\000i\000s\000k\000\040\000M\000a\000n\000a\000g\000e\000m\000e\000n\000t\000\040\000U\000s\000i\000n\000g\000\040\000t\000h\000e\000\040\000C\000o\000s\000t\000\040\000M\000a\000t\000r\000i\000x}{section.1.79}% 123
\BOOKMARK [1][-]{section.1.80}{\376\377\000C\000o\000s\000t\000\040\000M\000a\000t\000r\000i\000x\000\040\000i\000n\000\040\000t\000h\000e\000\040\000B\000i\000n\000a\000r\000y\000\040\000C\000a\000s\000e}{chapter.1}% 124
\BOOKMARK [2][-]{subsection.1.80.1}{\376\377\000P\000e\000r\000f\000o\000r\000m\000a\000n\000c\000e}{section.1.80}% 125
\BOOKMARK [2][-]{subsection.1.80.2}{\376\377\000A\000p\000p\000l\000i\000c\000a\000t\000i\000o\000n\000\040\000A\000r\000e\000a\000s\000\040\000a\000n\000d\000\040\000E\000x\000p\000e\000r\000i\000e\000n\000c\000e\000s}{section.1.80}% 126
\BOOKMARK [1][-]{section.1.81}{\376\377\000R\000e\000a\000s\000o\000n\000i\000n\000g\000\040\000w\000i\000t\000h\000\040\000B\000a\000y\000e\000s\000i\000a\000n\000\040\000N\000e\000t\000w\000o\000r\000k\000s}{chapter.1}% 127
\BOOKMARK [2][-]{subsection.1.81.1}{\376\377\000I\000n\000d\000e\000p\000e\000n\000d\000e\000n\000t\000\040\000V\000a\000r\000i\000a\000b\000l\000e\000s}{section.1.81}% 128
\BOOKMARK [2][-]{subsection.1.81.2}{\376\377\000G\000r\000a\000p\000h\000i\000c\000a\000l\000\040\000R\000e\000p\000r\000e\000s\000e\000n\000t\000a\000t\000i\000o\000n\000\040\000o\000f\000\040\000K\000n\000o\000w\000l\000e\000d\000g\000e\000\040\000a\000s\000\040\000a\000\040\000B\000a\000y\000e\000s\000i\000a\000n\000\040\000N\000e\000t\000w\000o\000r\000k}{section.1.81}% 129
\BOOKMARK [2][-]{subsection.1.81.3}{\376\377\000C\000o\000n\000d\000i\000t\000i\000o\000n\000a\000l\000\040\000I\000n\000d\000e\000p\000e\000n\000d\000e\000n\000c\000e}{section.1.81}% 130
\BOOKMARK [2][-]{subsection.1.81.4}{\376\377\000P\000r\000a\000c\000t\000i\000c\000a\000l\000\040\000A\000p\000p\000l\000i\000c\000a\000t\000i\000o\000n}{section.1.81}% 131
\BOOKMARK [2][-]{subsection.1.81.5}{\376\377\000S\000o\000f\000t\000w\000a\000r\000e\000\040\000f\000o\000r\000\040\000B\000a\000y\000e\000s\000i\000a\000n\000\040\000N\000e\000t\000w\000o\000r\000k\000s}{section.1.81}% 132
\BOOKMARK [2][-]{subsection.1.81.6}{\376\377\000D\000e\000v\000e\000l\000o\000p\000m\000e\000n\000t\000\040\000o\000f\000\040\000B\000a\000y\000e\000s\000i\000a\000n\000\040\000N\000e\000t\000w\000o\000r\000k\000s}{section.1.81}% 133
\BOOKMARK [1][-]{section.1.82}{\376\377\000L\000e\000x\000m\000e\000d\000\040\000a\000s\000\040\000a\000\040\000B\000a\000y\000e\000s\000i\000a\000n\000\040\000N\000e\000t\000w\000o\000r\000k}{chapter.1}% 134
\BOOKMARK [1][-]{section.1.83}{\376\377\000C\000a\000u\000s\000a\000l\000i\000t\000y\000\040\000a\000n\000d\000\040\000N\000e\000t\000w\000o\000r\000k\000\040\000S\000t\000r\000u\000c\000t\000u\000r\000e}{chapter.1}% 135
\BOOKMARK [2][-]{subsection.1.83.1}{\376\377\000S\000e\000m\000a\000n\000t\000i\000c\000s\000\040\000o\000f\000\040\000B\000a\000y\000e\000s\000i\000a\000n\000\040\000N\000e\000t\000w\000o\000r\000k\000s}{section.1.83}% 136
\BOOKMARK [1][-]{section.1.84}{\376\377\000S\000u\000m\000m\000a\000r\000y}{chapter.1}% 137
\BOOKMARK [1][-]{section.1.85}{\376\377\000E\000x\000e\000r\000c\000i\000s\000e\000s}{chapter.1}% 138
\BOOKMARK [1][-]{section.1.86}{\376\377\000M\000a\000c\000h\000i\000n\000e\000\040\000L\000e\000a\000r\000n\000i\000n\000g\000\040\000a\000n\000d\000\040\000D\000a\000t\000a\000\040\000M\000i\000n\000i\000n\000g}{chapter.1}% 139
\BOOKMARK [1][-]{section.1.87}{\376\377\000D\000a\000t\000a\000\040\000A\000n\000a\000l\000y\000s\000i\000s}{chapter.1}% 140
\BOOKMARK [2][-]{subsection.1.87.1}{\376\377\000T\000h\000e\000\040\000P\000e\000r\000c\000e\000p\000t\000r\000o\000n\000,\000\040\000a\000\040\000L\000i\000n\000e\000a\000r\000\040\000C\000l\000a\000s\000s\000i\000f\000i\000e\000r}{section.1.87}% 141
\BOOKMARK [2][-]{subsection.1.87.2}{\376\377\000T\000h\000e\000\040\000L\000e\000a\000r\000n\000i\000n\000g\000\040\000R\000u\000l\000e}{section.1.87}% 142
\BOOKMARK [2][-]{subsection.1.87.3}{\376\377\000O\000p\000t\000i\000m\000i\000z\000a\000t\000i\000o\000n\000\040\000a\000n\000d\000\040\000O\000u\000t\000l\000o\000o\000k}{section.1.87}% 143
\BOOKMARK [1][-]{section.1.88}{\376\377\000T\000h\000e\000\040\000N\000e\000a\000r\000e\000s\000t\000\040\000N\000e\000i\000g\000h\000b\000o\000r\000\040\000M\000e\000t\000h\000o\000d}{chapter.1}% 144
\BOOKMARK [2][-]{subsection.1.88.1}{\376\377\000T\000w\000o\000\040\000C\000l\000a\000s\000s\000e\000s\000,\000\040\000M\000a\000n\000y\000\040\000C\000l\000a\000s\000s\000e\000s\000,\000\040\000A\000p\000p\000r\000o\000x\000i\000m\000a\000t\000i\000o\000n}{section.1.88}% 145
\BOOKMARK [2][-]{subsection.1.88.2}{\376\377\000D\000i\000s\000t\000a\000n\000c\000e\000\040\000I\000s\000\040\000R\000e\000l\000e\000v\000a\000n\000t}{section.1.88}% 146
\BOOKMARK [2][-]{subsection.1.88.3}{\376\377\000C\000o\000m\000p\000u\000t\000a\000t\000i\000o\000n\000\040\000T\000i\000m\000e\000s}{section.1.88}% 147
\BOOKMARK [1][-]{section.1.89}{\376\377\000S\000u\000m\000m\000a\000r\000y\000\040\000a\000n\000d\000\040\000O\000u\000t\000l\000o\000o\000k}{chapter.1}% 148
\BOOKMARK [2][-]{subsection.1.89.1}{\376\377\000C\000a\000s\000e\000-\000B\000a\000s\000e\000d\000\040\000R\000e\000a\000s\000o\000n\000i\000n\000g}{section.1.89}% 149
\BOOKMARK [1][-]{section.1.90}{\376\377\000D\000e\000c\000i\000s\000i\000o\000n\000\040\000T\000r\000e\000e\000\040\000L\000e\000a\000r\000n\000i\000n\000g}{chapter.1}% 150
\BOOKMARK [2][-]{subsection.1.90.1}{\376\377\000A\000\040\000S\000i\000m\000p\000l\000e\000\040\000E\000x\000a\000m\000p\000l\000e}{section.1.90}% 151
\BOOKMARK [2][-]{subsection.1.90.2}{\376\377\000E\000n\000t\000r\000o\000p\000y\000\040\000a\000s\000\040\000a\000\040\000M\000e\000t\000r\000i\000c\000\040\000f\000o\000r\000\040\000I\000n\000f\000o\000r\000m\000a\000t\000i\000o\000n\000\040\000C\000o\000n\000t\000e\000n\000t}{section.1.90}% 152
\BOOKMARK [2][-]{subsection.1.90.3}{\376\377\000I\000n\000f\000o\000r\000m\000a\000t\000i\000o\000n\000\040\000G\000a\000i\000n}{section.1.90}% 153
\BOOKMARK [2][-]{subsection.1.90.4}{\376\377\000A\000p\000p\000l\000i\000c\000a\000t\000i\000o\000n\000\040\000o\000f\000\040\000C\0004\000.\0005}{section.1.90}% 154
\BOOKMARK [2][-]{subsection.1.90.5}{\376\377\000L\000e\000a\000r\000n\000i\000n\000g\000\040\000o\000f\000\040\000A\000p\000p\000e\000n\000d\000i\000c\000i\000t\000i\000s\000\040\000D\000i\000a\000g\000n\000o\000s\000i\000s}{section.1.90}% 155
\BOOKMARK [2][-]{subsection.1.90.6}{\376\377\000C\000o\000n\000t\000i\000n\000u\000o\000u\000s\000\040\000A\000t\000t\000r\000i\000b\000u\000t\000e\000s}{section.1.90}% 156
\BOOKMARK [2][-]{subsection.1.90.7}{\376\377\000P\000r\000u\000n\000i\000n\000g\000-\000C\000u\000t\000t\000i\000n\000g\000\040\000t\000h\000e\000\040\000T\000r\000e\000e}{section.1.90}% 157
\BOOKMARK [2][-]{subsection.1.90.8}{\376\377\000M\000i\000s\000s\000i\000n\000g\000\040\000V\000a\000l\000u\000e\000s}{section.1.90}% 158
\BOOKMARK [1][-]{section.1.91}{\376\377\000S\000u\000m\000m\000a\000r\000y}{chapter.1}% 159
\BOOKMARK [1][-]{section.1.92}{\376\377\000C\000r\000o\000s\000s\000-\000V\000a\000l\000i\000d\000a\000t\000i\000o\000n\000\040\000a\000n\000d\000\040\000O\000v\000e\000r\000f\000i\000t\000t\000i\000n\000g}{chapter.1}% 160
\BOOKMARK [2][-]{subsection.1.92.1}{\376\377\000L\000e\000a\000r\000n\000i\000n\000g\000\040\000o\000f\000\040\000B\000a\000y\000e\000s\000i\000a\000n\000\040\000N\000e\000t\000w\000o\000r\000k\000s}{section.1.92}% 161
\BOOKMARK [2][-]{subsection.1.92.2}{\376\377\000L\000e\000a\000r\000n\000i\000n\000g\000\040\000t\000h\000e\000\040\000N\000e\000t\000w\000o\000r\000k\000\040\000S\000t\000r\000u\000c\000t\000u\000r\000e}{section.1.92}% 162
\BOOKMARK [1][-]{section.1.93}{\376\377\000T\000h\000e\000\040\000N\000a\000i\000v\000e\000\040\000B\000a\000y\000e\000s\000\040\000C\000l\000a\000s\000s\000i\000f\000i\000e\000r}{chapter.1}% 163
\BOOKMARK [2][-]{subsection.1.93.1}{\376\377\000T\000e\000x\000t\000\040\000C\000l\000a\000s\000s\000i\000f\000i\000c\000a\000t\000i\000o\000n\000\040\000w\000i\000t\000h\000\040\000N\000a\000i\000v\000e\000\040\000B\000a\000y\000e\000s}{section.1.93}% 164
\BOOKMARK [1][-]{section.1.94}{\376\377\000O\000n\000e\000-\000C\000l\000a\000s\000s\000\040\000L\000e\000a\000r\000n\000i\000n\000g}{chapter.1}% 165
\BOOKMARK [2][-]{subsection.1.94.1}{\376\377\000N\000e\000a\000r\000e\000s\000t\000\040\000N\000e\000i\000g\000h\000b\000o\000r\000\040\000D\000a\000t\000a\000\040\000D\000e\000s\000c\000r\000i\000p\000t\000i\000o\000n}{section.1.94}% 166
\BOOKMARK [2][-]{subsection.1.94.2}{\376\377\000C\000l\000u\000s\000t\000e\000r\000i\000n\000g}{section.1.94}% 167
\BOOKMARK [2][-]{subsection.1.94.3}{\376\377\000D\000i\000s\000t\000a\000n\000c\000e\000\040\000M\000e\000t\000r\000i\000c\000s}{section.1.94}% 168
\BOOKMARK [2][-]{subsection.1.94.4}{\376\377\000k\000-\000M\000e\000a\000n\000s\000\040\000a\000n\000d\000\040\000t\000h\000e\000\040\000E\000M\000\040\000A\000l\000g\000o\000r\000i\000t\000h\000m}{section.1.94}% 169
\BOOKMARK [2][-]{subsection.1.94.5}{\376\377\000H\000i\000e\000r\000a\000r\000c\000h\000i\000c\000a\000l\000\040\000C\000l\000u\000s\000t\000e\000r\000i\000n\000g}{section.1.94}% 170
\BOOKMARK [1][-]{section.1.95}{\376\377\000H\000i\000e\000r\000a\000r\000c\000h\000i\000c\000a\000l\000C\000l\000u\000s\000t\000e\000r\000i\000n\000g\000\040\000\050\000b\000o\000l\000d\0000\000m\000u\000\040\000m\000u\000m\000u\000\040\000x\000x\000x\000x\000x\000x\000_\0001\000,\000\040\040\046\000,\000\040\000b\000o\000l\000d\0000\000m\000u\000\040\000m\000u\000m\000u\000\040\000x\000x\000x\000x\000x\000x\000_\000n\000,\000\040\000k\000\051}{chapter.1}% 171
\BOOKMARK [2][-]{subsection.1.95.1}{\376\377\000H\000o\000w\000\040\000i\000s\000\040\000t\000h\000e\000\040\000N\000u\000m\000b\000e\000r\000\040\000o\000f\000\040\000C\000l\000u\000s\000t\000e\000r\000s\000\040\000D\000e\000t\000e\000r\000m\000i\000n\000e\000d\000?}{section.1.95}% 172
\BOOKMARK [1][-]{section.1.96}{\376\377\000D\000a\000t\000a\000\040\000M\000i\000n\000i\000n\000g\000\040\000i\000n\000\040\000P\000r\000a\000c\000t\000i\000c\000e}{chapter.1}% 173
\BOOKMARK [2][-]{subsection.1.96.1}{\376\377\000T\000h\000e\000\040\000D\000a\000t\000a\000\040\000M\000i\000n\000i\000n\000g\000\040\000T\000o\000o\000l\000\040\000K\000N\000I\000M\000E}{section.1.96}% 174
\BOOKMARK [1][-]{section.1.97}{\376\377\000S\000u\000m\000m\000a\000r\000y}{chapter.1}% 175
\BOOKMARK [1][-]{section.1.98}{\376\377\000E\000x\000e\000r\000c\000i\000s\000e\000\040\0008\000.\0001}{chapter.1}% 176
\BOOKMARK [2][-]{subsection.1.98.1}{\376\377\000T\000h\000e\000\040\000P\000e\000r\000c\000e\000p\000t\000r\000o\000n}{section.1.98}% 177
\BOOKMARK [1][-]{section.1.99}{\376\377\000E\000x\000e\000r\000c\000i\000s\000e\000\040\0008\000.\0005}{chapter.1}% 178
\BOOKMARK [1][-]{section.1.100}{\376\377\000E\000x\000e\000r\000c\000i\000s\000e\000\040\0008\000.\0006}{chapter.1}% 179
\BOOKMARK [1][-]{section.1.101}{\376\377\203\334\000E\000x\000e\000r\000c\000i\000s\000e\000\040\0008\000.\0008}{chapter.1}% 180
\BOOKMARK [1][-]{section.1.102}{\376\377\000E\000x\000e\000r\000c\000i\000s\000e\000\040\0008\000.\0009}{chapter.1}% 181
\BOOKMARK [2][-]{subsection.1.102.1}{\376\377\000D\000e\000c\000i\000s\000i\000o\000n\000\040\000T\000r\000e\000e\000s}{section.1.102}% 182
\BOOKMARK [1][-]{section.1.103}{\376\377\000E\000x\000e\000r\000c\000i\000s\000e\000\040\0008\000.\0001\0002}{chapter.1}% 183
\BOOKMARK [1][-]{section.1.104}{\376\377\205\254\000E\000x\000e\000r\000c\000i\000s\000e\000\040\0008\000.\0001\0005}{chapter.1}% 184
\BOOKMARK [2][-]{subsection.1.104.1}{\376\377\000L\000e\000a\000r\000n\000i\000n\000g\000\040\000o\000f\000\040\000B\000a\000y\000e\000s\000i\000a\000n\000\040\000N\000e\000t\000w\000o\000r\000k\000s}{section.1.104}% 185
\BOOKMARK [2][-]{subsection.1.104.2}{\376\377\000C\000l\000u\000s\000t\000e\000r\000i\000n\000g}{section.1.104}% 186
\BOOKMARK [2][-]{subsection.1.104.3}{\376\377\000D\000a\000t\000a\000\040\000M\000i\000n\000i\000n\000g}{section.1.104}% 187
\BOOKMARK [1][-]{section.1.105}{}{chapter.1}% 188
\BOOKMARK [2][-]{subsection.1.105.1}{\376\377\000F\000r\000o\000m\000\040\000B\000i\000o\000l\000o\000g\000y\000\040\000t\000o\000\040\000S\000i\000m\000u\000l\000a\000t\000i\000o\000n}{section.1.105}% 189
\BOOKMARK [2][-]{subsection.1.105.2}{\376\377\000T\000h\000e\000\040\000M\000a\000t\000h\000e\000m\000a\000t\000i\000c\000a\000l\000\040\000M\000o\000d\000e\000l}{section.1.105}% 190
\BOOKMARK [2][-]{subsection.1.105.3}{\376\377\000H\000o\000p\000f\000i\000e\000l\000d\000\040\000N\000e\000t\000w\000o\000r\000k\000s}{section.1.105}% 191
\BOOKMARK [2][-]{subsection.1.105.4}{\376\377\000A\000p\000p\000l\000i\000c\000a\000t\000i\000o\000n\000\040\000t\000o\000\040\000a\000\040\000P\000a\000t\000t\000e\000r\000n\000\040\000R\000e\000c\000o\000g\000n\000i\000t\000i\000o\000n\000\040\000E\000x\000a\000m\000p\000l\000e}{section.1.105}% 192
\BOOKMARK [2][-]{subsection.1.105.5}{\376\377\000A\000n\000a\000l\000y\000s\000i\000s}{section.1.105}% 193
\BOOKMARK [1][-]{section.1.106}{\376\377\000S\000u\000m\000m\000a\000r\000y\000\040\000a\000n\000d\000\040\000O\000u\000t\000l\000o\000o\000k}{chapter.1}% 194
\BOOKMARK [1][-]{section.1.107}{\376\377\000N\000e\000u\000r\000a\000l\000\040\000A\000s\000s\000o\000c\000i\000a\000t\000i\000v\000e\000\040\000M\000e\000m\000o\000r\000y}{chapter.1}% 195
\BOOKMARK [2][-]{subsection.1.107.1}{\376\377\000C\000o\000r\000r\000e\000l\000a\000t\000i\000o\000n\000\040\000M\000a\000t\000r\000i\000x\000\040\000M\000e\000m\000o\000r\000y}{section.1.107}% 196
\BOOKMARK [2][-]{subsection.1.107.2}{\376\377\000T\000h\000e\000\040\000B\000i\000n\000a\000r\000y\000\040\000H\000e\000b\000b\000\040\000R\000u\000l\000e}{section.1.107}% 197
\BOOKMARK [2][-]{subsection.1.107.3}{\376\377\000A\000\040\000S\000p\000e\000l\000l\000i\000n\000g\000\040\000C\000o\000r\000r\000e\000c\000t\000i\000o\000n\000\040\000P\000r\000o\000g\000r\000a\000m}{section.1.107}% 198
\BOOKMARK [1][-]{section.1.108}{\376\377\000S\000t\000o\000r\000e\000d\000\040\000w\000o\000r\000d\000s\000:}{chapter.1}% 199
\BOOKMARK [1][-]{section.1.109}{\376\377\000A\000s\000s\000o\000c\000i\000a\000t\000i\000o\000n\000s\000\040\000o\000f\000\040\000t\000h\000e\000\040\000p\000r\000o\000g\000r\000a\000m\000:}{chapter.1}% 200
\BOOKMARK [2][-]{subsection.1.109.1}{\376\377\000L\000i\000n\000e\000a\000r\000\040\000N\000e\000t\000w\000o\000r\000k\000s\000\040\000w\000i\000t\000h\000\040\000M\000i\000n\000i\000m\000a\000l\000\040\000E\000r\000r\000o\000r\000s}{section.1.109}% 201
\BOOKMARK [2][-]{subsection.1.109.2}{\376\377\000L\000e\000a\000s\000t\000\040\000S\000q\000u\000a\000r\000e\000s\000\040\000M\000e\000t\000h\000o\000d}{section.1.109}% 202
\BOOKMARK [2][-]{subsection.1.109.3}{\376\377\000A\000p\000p\000l\000i\000c\000a\000t\000i\000o\000n\000\040\000t\000o\000\040\000t\000h\000e\000\040\000A\000p\000p\000e\000n\000d\000i\000c\000i\000t\000i\000s\000\040\000D\000a\000t\000a}{section.1.109}% 203
\BOOKMARK [2][-]{subsection.1.109.4}{\376\377\000T\000h\000e\000\040\000D\000e\000l\000t\000a\000\040\000R\000u\000l\000e}{section.1.109}% 204
\BOOKMARK [1][-]{section.1.110}{\376\377\000D\000e\000l\000t\000a\000L\000e\000a\000r\000n\000i\000n\000g\000I\000n\000c\000r\000e\000m\000e\000n\000t\000a\000l\000\050\000T\000r\000a\000i\000n\000i\000n\000g\000E\000x\000a\000m\000p\000l\000e\000s\000,\000\040\000\040\000\051}{chapter.1}% 205
\BOOKMARK [2][-]{subsection.1.110.1}{\376\377\000C\000o\000m\000p\000a\000r\000i\000s\000o\000n\000\040\000t\000o\000\040\000t\000h\000e\000\040\000P\000e\000r\000c\000e\000p\000t\000r\000o\000n}{section.1.110}% 206
\BOOKMARK [1][-]{section.1.111}{\376\377\000T\000h\000e\000\040\000B\000a\000c\000k\000p\000r\000o\000p\000a\000g\000a\000t\000i\000o\000n\000\040\000A\000l\000g\000o\000r\000i\000t\000h\000m}{chapter.1}% 207
\BOOKMARK [2][-]{subsection.1.111.1}{\376\377\000N\000E\000T\000t\000a\000l\000k\000:\000\040\000A\000\040\000N\000e\000t\000w\000o\000r\000k\000\040\000L\000e\000a\000r\000n\000s\000\040\000t\000o\000\040\000S\000p\000e\000a\000k}{section.1.111}% 208
\BOOKMARK [2][-]{subsection.1.111.2}{\376\377\000L\000e\000a\000r\000n\000i\000n\000g\000\040\000o\000f\000\040\000H\000e\000u\000r\000i\000s\000t\000i\000c\000s\000\040\000f\000o\000r\000\040\000T\000h\000e\000o\000r\000e\000m\000\040\000P\000r\000o\000v\000e\000r\000s}{section.1.111}% 209
\BOOKMARK [2][-]{subsection.1.111.3}{\376\377\000P\000r\000o\000b\000l\000e\000m\000s\000\040\000a\000n\000d\000\040\000I\000m\000p\000r\000o\000v\000e\000m\000e\000n\000t\000s}{section.1.111}% 210
\BOOKMARK [2][-]{subsection.1.111.4}{\376\377\000S\000u\000p\000p\000o\000r\000t\000\040\000V\000e\000c\000t\000o\000r\000\040\000M\000a\000c\000h\000i\000n\000e\000s}{section.1.111}% 211
\BOOKMARK [1][-]{section.1.112}{\376\377\000D\000e\000e\000p\000\040\000L\000e\000a\000r\000n\000i\000n\000g}{chapter.1}% 212
\BOOKMARK [2][-]{subsection.1.112.1}{\376\377\000N\000a\000t\000u\000r\000e\000\040\000a\000s\000\040\000E\000x\000a\000m\000p\000l\000e}{section.1.112}% 213
\BOOKMARK [2][-]{subsection.1.112.2}{\376\377\000S\000t\000a\000c\000k\000e\000d\000\040\000D\000e\000n\000o\000i\000s\000i\000n\000g\000\040\000A\000u\000t\000o\000e\000n\000c\000o\000d\000e\000r}{section.1.112}% 214
\BOOKMARK [2][-]{subsection.1.112.3}{\376\377\000O\000t\000h\000e\000r\000\040\000M\000e\000t\000h\000o\000d\000s}{section.1.112}% 215
\BOOKMARK [2][-]{subsection.1.112.4}{\376\377\000S\000y\000s\000t\000e\000m\000s\000\040\000a\000n\000d\000\040\000I\000m\000p\000l\000e\000m\000e\000n\000t\000a\000t\000i\000o\000n\000s}{section.1.112}% 216
\BOOKMARK [2][-]{subsection.1.112.5}{\376\377\000A\000p\000p\000l\000i\000c\000a\000t\000i\000o\000n\000s\000\040\000o\000f\000\040\000D\000e\000e\000p\000\040\000L\000e\000a\000r\000n\000i\000n\000g}{section.1.112}% 217
\BOOKMARK [1][-]{section.1.113}{\376\377\000C\000r\000e\000a\000t\000i\000v\000i\000t\000y}{chapter.1}% 218
\BOOKMARK [1][-]{section.1.114}{\376\377\000A\000p\000p\000l\000i\000c\000a\000t\000i\000o\000n\000s\000\040\000o\000f\000\040\000N\000e\000u\000r\000a\000l\000\040\000N\000e\000t\000w\000o\000r\000k\000s}{chapter.1}% 219
\BOOKMARK [1][-]{section.1.115}{\376\377\000S\000u\000m\000m\000a\000r\000y\000\040\000a\000n\000d\000\040\000O\000u\000t\000l\000o\000o\000k}{chapter.1}% 220
\BOOKMARK [2][-]{subsection.1.115.1}{\376\377\000F\000r\000o\000m\000\040\000B\000i\000o\000l\000o\000g\000y\000\040\000t\000o\000\040\000S\000i\000m\000u\000l\000a\000t\000i\000o\000n}{section.1.115}% 221
\BOOKMARK [2][-]{subsection.1.115.2}{\376\377\000H\000o\000p\000f\000i\000e\000l\000d\000\040\000N\000e\000t\000w\000o\000r\000k\000s}{section.1.115}% 222
\BOOKMARK [1][-]{section.1.116}{\376\377\000\043\000>\000\040\000E\000x\000e\000r\000c\000i\000s\000e\000\040\0009\000.\0004}{chapter.1}% 223
\BOOKMARK [2][-]{subsection.1.116.1}{\376\377\000B\000a\000c\000k\000p\000r\000o\000p\000a\000g\000a\000t\000i\000o\000n}{section.1.116}% 224
\BOOKMARK [1][-]{section.1.117}{\376\377\000E\000x\000e\000r\000c\000i\000s\000e\000\040\0009\000.\0007}{chapter.1}% 225
\BOOKMARK [2][-]{subsection.1.117.1}{\376\377\000S\000u\000p\000p\000o\000r\000t\000\040\000V\000e\000c\000t\000o\000r\000\040\000M\000a\000c\000h\000i\000n\000e\000s}{section.1.117}% 226
\BOOKMARK [1][-]{section.1.118}{\376\377\000I\000n\000t\000r\000o\000d\000u\000c\000t\000i\000o\000n}{chapter.1}% 227
