\BOOKMARK [1][-]{section.0.1}{\376\377\000U\000n\000d\000e\000r\000g\000r\000a\000d\000u\000a\000t\000e\000\040\000T\000o\000p\000i\000c\000s\000\040\000i\000n\000\040\000C\000o\000m\000p\000u\000t\000e\000r\000\040\000S\000c\000i\000e\000n\000c\000e}{}% 1
\BOOKMARK [1][-]{section.0.2}{\376\377\000U\000n\000d\000e\000r\000g\000r\000a\000d\000u\000a\000t\000e\000\040\000T\000o\000p\000i\000c\000s\000\040\000i\000n\000\040\000C\000o\000m\000p\000u\000t\000e\000r\000\040\000S\000c\000i\000e\000n\000c\000e}{}% 2
\BOOKMARK [1][-]{section.0.3}{\376\377\000I\000n\000t\000r\000o\000d\000u\000c\000t\000i\000o\000n\000\040\000t\000o\000\040\000C\000y\000b\000e\000r\000s\000e\000c\000u\000r\000i\000t\000y\000\040}{}% 3
\BOOKMARK [0][-]{chapter.1}{\376\377\000P\000r\000e\000f\000a\000c\000e}{}% 4
\BOOKMARK [0][-]{chapter.2}{\376\377\000A\000c\000k\000n\000o\000w\000l\000e\000d\000g\000m\000e\000n\000t\000s}{}% 5
\BOOKMARK [0][-]{chapter.3}{\376\377\000R\000i\000s\000k}{}% 6
\BOOKMARK [1][-]{section.3.1}{\376\377\000W\000h\000a\000t\000\040\000I\000s\000\040\000R\000i\000s\000k\000?}{chapter.3}% 7
\BOOKMARK [1][-]{section.3.2}{\376\377\000T\000h\000r\000e\000a\000t\000s\000\040\000i\000n\000\040\000I\000T\000\040\000S\000y\000s\000t\000e\000m\000s}{chapter.3}% 8
\BOOKMARK [1][-]{section.3.3}{\376\377\000H\000a\000r\000d\000w\000a\000r\000e\000\040\000r\000e\000l\000a\000t\000e\000d\000\040\000t\000h\000r\000e\000a\000t\000s}{chapter.3}% 9
\BOOKMARK [1][-]{section.3.4}{\376\377\000S\000o\000f\000t\000w\000a\000r\000e\000\040\000r\000e\000l\000a\000t\000e\000d\000\040\000t\000h\000r\000e\000a\000t\000s}{chapter.3}% 10
\BOOKMARK [1][-]{section.3.5}{\376\377\000D\000a\000t\000a\000\040\000r\000e\000l\000a\000t\000e\000d\000\040\000t\000h\000r\000e\000a\000t\000s\000:}{chapter.3}% 11
\BOOKMARK [1][-]{section.3.6}{\376\377\000L\000i\000v\000e\000w\000a\000r\000e\000\040\000r\000e\000l\000a\000t\000e\000d\000\040\000t\000h\000r\000e\000a\000t\000s\000:}{chapter.3}% 12
\BOOKMARK [2][-]{subsection.3.6.1}{\376\377\000C\000o\000u\000n\000t\000e\000r\000m\000e\000a\000s\000u\000r\000e\000s}{section.3.6}% 13
\BOOKMARK [1][-]{section.3.7}{\376\377\000R\000i\000s\000k\000\040\000M\000a\000n\000a\000g\000e\000m\000e\000n\000t}{chapter.3}% 14
\BOOKMARK [1][-]{section.3.8}{\376\377\000D\000e\000f\000i\000n\000i\000t\000i\000o\000n\000\040\000\050\000R\000i\000s\000k\000\040\000m\000i\000t\000i\000g\000a\000t\000i\000o\000n\000\040\000s\000t\000a\000t\000e\000g\000i\000e\000s\000\051}{chapter.3}% 15
\BOOKMARK [1][-]{section.3.9}{\376\377\000S\000y\000s\000t\000e\000m\000a\000t\000i\000c\000\040\000S\000e\000c\000u\000r\000i\000t\000y\000\040\000A\000n\000a\000l\000y\000s\000i\000s}{chapter.3}% 16
\BOOKMARK [2][-]{subsection.3.9.1}{\376\377\000I\000S\000O\000/\000I\000E\000C\000\040\0002\0007\0000\0000\0002}{section.3.9}% 17
\BOOKMARK [2][-]{subsection.3.9.2}{\376\377\000O\000C\000T\000A\000V\000E\000\256}{section.3.9}% 18
\BOOKMARK [2][-]{subsection.3.9.3}{\376\377\000O\000C\000T\000A\000V\000E\000\040\000P\000h\000a\000s\000e\000\040\0001}{section.3.9}% 19
\BOOKMARK [2][-]{subsection.3.9.4}{\376\377\000O\000C\000T\000A\000V\000E\000\040\000T\000h\000r\000e\000a\000t\000\040\000P\000r\000o\000f\000i\000l\000e\000s}{section.3.9}% 20
\BOOKMARK [2][-]{subsection.3.9.5}{\376\377\000O\000C\000T\000A\000V\000E\000\040\000T\000h\000r\000e\000a\000t\000\040\000C\000l\000a\000s\000s\000e\000s}{section.3.9}% 21
\BOOKMARK [1][-]{section.3.10}{\376\377\000D\000e\000f\000i\000n\000i\000t\000i\000o\000n\000\040\000\050\000O\000C\000T\000A\000V\000E\000\040\000T\000h\000r\000e\000a\000t\000\040\000C\000l\000a\000s\000s\000e\000s\000:\000\051}{chapter.3}% 22
\BOOKMARK [2][-]{subsection.3.10.1}{\376\377\000T\000h\000r\000e\000a\000t\000\040\000A\000n\000a\000l\000y\000s\000i\000s}{section.3.10}% 23
\BOOKMARK [1][-]{section.3.11}{\376\377\000T\000h\000r\000e\000a\000t\000\040\0001\000:}{chapter.3}% 24
\BOOKMARK [1][-]{section.3.12}{\376\377\000T\000h\000r\000e\000a\000t\000\040\0002\000:}{chapter.3}% 25
\BOOKMARK [1][-]{section.3.13}{\376\377\000T\000h\000r\000e\000a\000t\000\040\0003\000:}{chapter.3}% 26
\BOOKMARK [1][-]{section.3.14}{\376\377\000R\000i\000s\000k\000\040\000M\000a\000n\000a\000g\000e\000m\000e\000n\000t\000\040\000a\000s\000\040\000a\000\040\000P\000D\000C\000A\000\040\000P\000r\000o\000c\000e\000s\000s}{chapter.3}% 27
\BOOKMARK [1][-]{section.3.15}{\376\377\000U\000s\000e\000f\000u\000l\000\040\000c\000o\000n\000c\000e\000p\000t\000s\000\040\000w\000h\000i\000c\000h\000\040\000y\000o\000u\000\040\000s\000h\000o\000u\000l\000d\000\040\000n\000o\000w\000\040\000k\000n\000o\000w\000\040\000a\000b\000o\000u\000t}{chapter.3}% 28
\BOOKMARK [1][-]{section.3.16}{\376\377\000F\000u\000r\000t\000h\000e\000r\000\040\000R\000e\000a\000d\000i\000n\000g}{chapter.3}% 29
\BOOKMARK [2][-]{subsection.3.16.1}{\376\377\000T\000h\000e\000\040\000p\000a\000t\000i\000e\000n\000t\000\040\000r\000e\000c\000o\000r\000d\000\040\000s\000y\000s\000t\000e\000m}{section.3.16}% 30
\BOOKMARK [2][-]{subsection.3.16.2}{\376\377\000I\000n\000t\000e\000r\000n\000a\000l\000\040\000a\000n\000d\000\040\000e\000k\000s\000t\000e\000r\000n\000a\000l\000\040\000a\000t\000t\000a\000c\000k\000e\000r\000s}{section.3.16}% 31
\BOOKMARK [2][-]{subsection.3.16.3}{\376\377\000C\000y\000b\000e\000r\000e\000s\000p\000i\000o\000n\000a\000g\000e}{section.3.16}% 32
\BOOKMARK [2][-]{subsection.3.16.4}{\376\377\000O\000b\000j\000e\000c\000t\000i\000v\000e\000\040\000a\000n\000d\000\040\000s\000u\000b\000j\000e\000c\000t\000i\000v\000e\000\040\000r\000i\000s\000k}{section.3.16}% 33
\BOOKMARK [2][-]{subsection.3.16.5}{\376\377\000R\000i\000s\000k\000\040\000A\000n\000a\000l\000y\000s\000i\000s\000\040\000f\000o\000r\000\040\000a\000\040\000s\000m\000a\000r\000t\000p\000h\000o\000n\000e}{section.3.16}% 34
\BOOKMARK [0][-]{chapter.4}{\376\377\000C\000r\000y\000p\000t\000o\000g\000r\000a\000p\000h\000y}{}% 35
\BOOKMARK [1][-]{section.4.1}{\376\377\000S\000o\000m\000e\000\040\000C\000e\000n\000t\000r\000a\000l\000\040\000C\000o\000n\000c\000e\000p\000t\000s}{chapter.4}% 36
\BOOKMARK [1][-]{section.4.2}{\376\377\000D\000e\000f\000i\000n\000i\000t\000i\000o\000n\000\040\0004\000.\0001\000\040\000\050\000B\000a\000s\000i\000c\000\040\000c\000r\000y\000p\000t\000o\000g\000r\000a\000p\000h\000i\000c\000\040\000o\000p\000e\000r\000a\000t\000i\000o\000n\000s\000\051}{chapter.4}% 37
\BOOKMARK [2][-]{subsection.4.2.1}{\376\377\000C\000r\000y\000p\000t\000o\000s\000y\000s\000t\000e\000m\000s}{section.4.2}% 38
\BOOKMARK [2][-]{subsection.4.2.2}{\376\377\000C\000r\000y\000p\000t\000a\000n\000a\000l\000y\000s\000i\000s}{section.4.2}% 39
\BOOKMARK [1][-]{section.4.3}{\376\377\000D\000e\000f\000i\000n\000i\000t\000i\000o\000n\000\040\000\050\000A\000t\000t\000a\000c\000k\000\040\000c\000l\000a\000s\000s\000e\000s\000\051}{chapter.4}% 40
\BOOKMARK [1][-]{section.4.4}{\376\377\000S\000y\000m\000m\000e\000t\000r\000i\000c\000\040\000E\000n\000c\000r\000y\000p\000t\000i\000o\000n}{chapter.4}% 41
\BOOKMARK [2][-]{subsection.4.4.1}{\376\377\000S\000u\000b\000s\000t\000i\000t\000u\000t\000i\000o\000n\000\040\000C\000i\000p\000h\000e\000r\000s}{section.4.4}% 42
\BOOKMARK [2][-]{subsection.4.4.2}{\376\377\000R\000a\000n\000d\000o\000m\000\040\000P\000e\000r\000m\000u\000t\000a\000t\000i\000o\000n}{section.4.4}% 43
\BOOKMARK [2][-]{subsection.4.4.3}{\376\377\000P\000o\000l\000y\000a\000l\000p\000h\000a\000b\000e\000t\000i\000c\000\040\000C\000i\000p\000h\000e\000r\000s}{section.4.4}% 44
\BOOKMARK [2][-]{subsection.4.4.4}{\376\377\000V\000i\000g\000e\000n\000\350\000r\000e\000\040\000C\000i\000p\000h\000e\000r\000s}{section.4.4}% 45
\BOOKMARK [2][-]{subsection.4.4.5}{\376\377\000T\000r\000a\000n\000s\000p\000o\000s\000i\000t\000i\000o\000n\000\040\000C\000i\000p\000h\000e\000r\000s}{section.4.4}% 46
\BOOKMARK [1][-]{section.4.5}{\376\377\000M\000o\000d\000e\000r\000n\000\040\000I\000d\000e\000a\000s}{chapter.4}% 47
\BOOKMARK [2][-]{subsection.4.5.1}{\376\377\000O\000n\000e\000-\000T\000i\000m\000e\000\040\000P\000a\000d\000s}{section.4.5}% 48
\BOOKMARK [2][-]{subsection.4.5.2}{\376\377\000C\000o\000n\000f\000u\000s\000i\000o\000n\000\040\000a\000n\000d\000\040\000D\000i\000f\000f\000u\000s\000i\000o\000n}{section.4.5}% 49
\BOOKMARK [2][-]{subsection.4.5.3}{\376\377\000D\000E\000S}{section.4.5}% 50
\BOOKMARK [2][-]{subsection.4.5.4}{\376\377\000M\000o\000d\000e\000s\000\040\000o\000f\000\040\000O\000p\000e\000r\000a\000t\000i\000o\000n}{section.4.5}% 51
\BOOKMARK [2][-]{subsection.4.5.5}{\376\377\000A\000E\000S}{section.4.5}% 52
\BOOKMARK [2][-]{subsection.4.5.6}{\376\377\000S\000y\000m\000m\000e\000t\000r\000i\000c\000\040\000S\000t\000r\000e\000a\000m\000\040\000C\000i\000p\000h\000e\000r\000s}{section.4.5}% 53
\BOOKMARK [2][-]{subsection.4.5.7}{\376\377\000S\000h\000i\000f\000t\000\040\000R\000e\000g\000i\000s\000t\000e\000r\000\040\000B\000a\000s\000e\000d\000\040\000B\000i\000t\000\040\000G\000e\000n\000e\000r\000a\000t\000o\000r\000s}{section.4.5}% 54
\BOOKMARK [2][-]{subsection.4.5.8}{\376\377\000A\000n\000\040\000A\000l\000t\000e\000r\000n\000a\000t\000i\000v\000e\000\040\000A\000p\000p\000r\000o\000a\000c\000h\000:\000\040\000R\000C\0004}{section.4.5}% 55
\BOOKMARK [2][-]{subsection.4.5.9}{\376\377\000e\000S\000t\000r\000e\000a\000m\000\040\000S\000t\000r\000e\000a\000m\000\040\000C\000i\000p\000h\000e\000r\000s}{section.4.5}% 56
\BOOKMARK [1][-]{section.4.6}{\376\377\000A\000s\000y\000m\000m\000e\000t\000r\000i\000c\000\040\000C\000r\000y\000p\000t\000o\000s\000y\000s\000t\000e\000m\000s}{chapter.4}% 57
\BOOKMARK [1][-]{section.4.7}{\376\377\000!\000\040\000W\000A\000R\000N\000I\000N\000G\000:\000\040\000M\000a\000t\000h\000e\000m\000a\000t\000i\000c\000s\000\040\000a\000h\000e\000a\000d\000!}{chapter.4}% 58
\BOOKMARK [2][-]{subsection.4.7.1}{\376\377\000T\000r\000a\000p\000d\000o\000o\000r\000\040\000F\000u\000n\000c\000t\000i\000o\000n\000s}{section.4.7}% 59
\BOOKMARK [2][-]{subsection.4.7.2}{\376\377\000M\000o\000d\000u\000l\000a\000r\000\040\000A\000r\000i\000t\000h\000m\000e\000t\000i\000c}{section.4.7}% 60
\BOOKMARK [2][-]{subsection.4.7.3}{\376\377\000T\000h\000e\000\040\000R\000S\000A\000\040\000C\000r\000y\000p\000t\000o\000s\000y\000s\000t\000e\000m}{section.4.7}% 61
\BOOKMARK [1][-]{section.4.8}{\376\377\000R\000S\000A\000'\000s\000\040\000m\000a\000t\000h\000e\000m\000a\000t\000i\000c\000a\000l\000\040\000b\000a\000s\000i\000s\000:}{chapter.4}% 62
\BOOKMARK [1][-]{section.4.9}{\376\377\000E\000v\000a\000l\000u\000a\000t\000i\000n\000g\000\040\000t\000h\000e\000\040\000s\000e\000t\000\040\000o\000f\000\040\000k\000e\000y\000s\000:}{chapter.4}% 63
\BOOKMARK [1][-]{section.4.10}{\376\377\000E\000n\000c\000r\000y\000p\000t\000i\000o\000n\000\040\000a\000n\000d\000\040\000d\000e\000c\000r\000y\000p\000t\000i\000o\000n\000:}{chapter.4}% 64
\BOOKMARK [2][-]{subsection.4.10.1}{\376\377\000C\000a\000l\000c\000u\000l\000a\000t\000i\000o\000n\000\040\000E\000f\000f\000i\000c\000i\000e\000n\000c\000y}{section.4.10}% 65
\BOOKMARK [2][-]{subsection.4.10.2}{\376\377\000T\000h\000e\000\040\000S\000e\000c\000u\000r\000i\000t\000y\000\040\000o\000f\000\040\000R\000S\000A}{section.4.10}% 66
\BOOKMARK [1][-]{section.4.11}{\376\377\000A\000\040\000C\000o\000m\000p\000a\000r\000i\000s\000o\000n\000\040\000o\000f\000\040\000P\000K\000C\000S\000\040\000a\000n\000d\000\040\000S\000K\000C\000S}{chapter.4}% 67
\BOOKMARK [1][-]{section.4.12}{\376\377\000U\000s\000e\000f\000u\000l\000\040\000c\000o\000n\000c\000e\000p\000t\000s\000\040\000w\000h\000i\000c\000h\000\040\000y\000o\000u\000\040\000s\000h\000o\000u\000l\000d\000\040\000n\000o\000w\000\040\000k\000n\000o\000w\000\040\000a\000b\000o\000u\000t}{chapter.4}% 68
\BOOKMARK [1][-]{section.4.13}{\376\377\000F\000u\000r\000t\000h\000e\000r\000\040\000R\000e\000a\000d\000i\000n\000g}{chapter.4}% 69
\BOOKMARK [2][-]{subsection.4.13.1}{\376\377\000C\000r\000y\000p\000t\000a\000n\000a\000l\000y\000s\000i\000s\000\040\0001}{section.4.13}% 70
\BOOKMARK [2][-]{subsection.4.13.2}{\376\377\000C\000r\000y\000p\000t\000a\000n\000a\000l\000y\000s\000i\000s\000\040\0002}{section.4.13}% 71
\BOOKMARK [2][-]{subsection.4.13.3}{\376\377\000A\000E\000S\0001\0002\0008\000\040\000i\000n\000\040\000E\000C\000B\000\040\000m\000o\000d\000e}{section.4.13}% 72
\BOOKMARK [2][-]{subsection.4.13.4}{\376\377\000A\000E\000S\0001\0002\0008\000\040\000i\000n\000\040\000C\000B\000C\000\040\000m\000o\000d\000e}{section.4.13}% 73
\BOOKMARK [2][-]{subsection.4.13.5}{\376\377\000A\000E\000S\000\040\000w\000i\000t\000h\000\040\000t\000w\000o\000\040\000r\000e\000l\000a\000t\000e\000d\000\040\000k\000e\000y\000s}{section.4.13}% 74
\BOOKMARK [2][-]{subsection.4.13.6}{\376\377\000R\000C\0004}{section.4.13}% 75
\BOOKMARK [2][-]{subsection.4.13.7}{\376\377\000T\000h\000e\000\040\000t\000e\000a\000m\000\040\000m\000a\000r\000c\000h\000e\000s\000\040\000i\000n}{section.4.13}% 76
\BOOKMARK [2][-]{subsection.4.13.8}{\376\377\000R\000S\000A\000\040\000d\000e\000c\000r\000y\000p\000t\000i\000o\000n}{section.4.13}% 77
\BOOKMARK [2][-]{subsection.4.13.9}{\376\377\000C\000h\000o\000o\000s\000i\000n\000g\000\040\000a\000n\000\040\000R\000S\000A\000\040\000m\000o\000d\000u\000l\000u\000s}{section.4.13}% 78
\BOOKMARK [0][-]{chapter.5}{\376\377\000A\000p\000p\000l\000i\000e\000d\000\040\000C\000r\000y\000p\000t\000o\000g\000r\000a\000p\000h\000y}{}% 79
\BOOKMARK [1][-]{section.5.1}{\376\377\000I\000n\000t\000e\000g\000r\000i\000t\000y}{chapter.5}% 80
\BOOKMARK [2][-]{subsection.5.1.1}{\376\377\000C\000r\000y\000p\000t\000o\000g\000r\000a\000p\000h\000i\000c\000\040\000H\000a\000s\000h\000\040\000F\000u\000n\000c\000t\000i\000o\000n\000s}{section.5.1}% 81
\BOOKMARK [2][-]{subsection.5.1.2}{\376\377\000M\000A\000C}{section.5.1}% 82
\BOOKMARK [1][-]{section.5.2}{\376\377\000R\000e\000q\000u\000i\000r\000e\000m\000e\000n\000t\000s\000\040\000\050\000P\000r\000o\000p\000e\000r\000t\000i\000e\000s\000\040\000o\000f\000\040\000a\000\040\000M\000A\000C\000\051}{chapter.5}% 83
\BOOKMARK [1][-]{section.5.3}{\376\377\000E\000l\000e\000c\000t\000r\000o\000n\000i\000c\000\040\000S\000i\000g\000n\000a\000t\000u\000r\000e\000s}{chapter.5}% 84
\BOOKMARK [1][-]{section.5.4}{\376\377\000R\000e\000q\000u\000i\000r\000e\000m\000e\000n\000t\000s\000\040\000\050\000P\000r\000o\000p\000e\000r\000t\000i\000e\000s\000\040\000o\000f\000\040\000a\000\040\000e\000l\000e\000c\000t\000r\000o\000n\000i\000c\000\040\000s\000i\000g\000n\000a\000t\000u\000r\000e\000\051}{chapter.5}% 85
\BOOKMARK [2][-]{subsection.5.4.1}{\376\377\000V\000e\000r\000i\000f\000i\000c\000a\000t\000i\000o\000n\000\040\000o\000f\000\040\000E\000l\000e\000c\000t\000r\000o\000n\000i\000c\000\040\000S\000i\000g\000n\000a\000t\000u\000r\000e\000s}{section.5.4}% 86
\BOOKMARK [2][-]{subsection.5.4.2}{\376\377\000E\000l\000e\000c\000t\000r\000o\000n\000i\000c\000\040\000S\000i\000g\000n\000a\000t\000u\000r\000e\000s\000\040\000w\000i\000t\000h\000\040\000a\000\040\000P\000K\000C\000S}{section.5.4}% 87
\BOOKMARK [2][-]{subsection.5.4.3}{\376\377\000D\000i\000g\000i\000t\000a\000l\000\040\000S\000i\000g\000n\000a\000t\000u\000r\000e\000\040\000S\000t\000a\000n\000d\000a\000r\000d\000\040\000\050\000D\000S\000S\000\051}{section.5.4}% 88
\BOOKMARK [1][-]{section.5.5}{\376\377\000F\000o\000r\000m\000a\000t\000i\000o\000n\000\040\000o\000f\000\040\000a\000\040\000s\000i\000g\000n\000a\000t\000u\000r\000e\000:}{chapter.5}% 89
\BOOKMARK [1][-]{section.5.6}{\376\377\000V\000e\000r\000i\000f\000i\000c\000a\000t\000i\000o\000n\000\040\000o\000f\000\040\000a\000\040\000s\000i\000g\000n\000a\000t\000u\000r\000e\000:}{chapter.5}% 90
\BOOKMARK [1][-]{section.5.7}{\376\377\000E\000f\000f\000i\000c\000i\000e\000n\000c\000y\000:}{chapter.5}% 91
\BOOKMARK [1][-]{section.5.8}{\376\377\000S\000e\000c\000u\000r\000i\000t\000y\000\040\000i\000n\000\040\000D\000S\000A\000:}{chapter.5}% 92
\BOOKMARK [2][-]{subsection.5.8.1}{\376\377\000P\000l\000a\000n\000n\000i\000n\000g\000\040\000f\000o\000r\000\040\000t\000h\000e\000\040\000F\000u\000t\000u\000r\000e}{section.5.8}% 93
\BOOKMARK [1][-]{section.5.9}{\376\377\000A\000u\000t\000h\000e\000n\000t\000i\000c\000a\000t\000i\000o\000n}{chapter.5}% 94
\BOOKMARK [2][-]{subsection.5.9.1}{\376\377\000P\000r\000o\000p\000e\000r\000t\000i\000e\000s\000\040\000o\000f\000\040\000a\000n\000\040\000a\000u\000t\000h\000e\000n\000t\000i\000c\000a\000t\000i\000o\000n\000\040\000p\000r\000o\000t\000o\000c\000o\000l}{section.5.9}% 95
\BOOKMARK [2][-]{subsection.5.9.2}{\376\377\000T\000y\000p\000e\000s\000\040\000o\000f\000\040\000E\000v\000i\000d\000e\000n\000c\000e}{section.5.9}% 96
\BOOKMARK [2][-]{subsection.5.9.3}{\376\377\000A\000u\000t\000h\000e\000n\000t\000i\000c\000a\000t\000i\000o\000n\000\040\000w\000i\000t\000h\000\040\000a\000n\000\040\000S\000K\000C\000S}{section.5.9}% 97
\BOOKMARK [2][-]{subsection.5.9.4}{\376\377\000A\000u\000t\000h\000e\000n\000t\000i\000c\000a\000t\000i\000o\000n\000\040\000w\000i\000t\000h\000\040\000a\000\040\000P\000K\000C\000S}{section.5.9}% 98
\BOOKMARK [1][-]{section.5.10}{\376\377\000K\000e\000y\000\040\000D\000i\000s\000t\000r\000i\000b\000u\000t\000i\000o\000n}{chapter.5}% 99
\BOOKMARK [2][-]{subsection.5.10.1}{\376\377\000D\000i\000f\000f\000i\000e\000-\000H\000e\000l\000l\000m\000a\000n\000\040\000K\000e\000y\000\040\000A\000g\000r\000e\000e\000m\000e\000n\000t}{section.5.10}% 100
\BOOKMARK [2][-]{subsection.5.10.2}{\376\377\000M\000o\000r\000e\000\040\000S\000e\000c\000u\000r\000e\000\040\000K\000e\000y\000\040\000A\000g\000r\000e\000e\000m\000e\000n\000t\000s}{section.5.10}% 101
\BOOKMARK [1][-]{section.5.11}{\376\377\000C\000e\000r\000t\000i\000f\000i\000c\000a\000t\000e\000s}{chapter.5}% 102
\BOOKMARK [2][-]{subsection.5.11.1}{\376\377\000H\000o\000w\000\040\000A\000r\000e\000\040\000C\000e\000r\000t\000i\000f\000i\000c\000a\000t\000e\000s\000\040\000I\000s\000s\000u\000e\000d\000\040\000i\000n\000\040\000a\000\040\000P\000K\000I\000?}{section.5.11}% 103
\BOOKMARK [2][-]{subsection.5.11.2}{\376\377\000A\000c\000c\000e\000s\000s\000\040\000t\000o\000\040\000C\000e\000r\000t\000i\000f\000i\000c\000a\000t\000e\000s}{section.5.11}% 104
\BOOKMARK [1][-]{section.5.12}{\376\377\000T\000r\000u\000s\000t\000\040\000M\000o\000d\000e\000l\000s}{chapter.5}% 105
\BOOKMARK [2][-]{subsection.5.12.1}{\376\377\000T\000h\000e\000\040\000H\000i\000e\000r\000a\000r\000c\000h\000i\000c\000a\000l\000\040\000T\000r\000u\000s\000t\000\040\000M\000o\000d\000e\000l}{section.5.12}% 106
\BOOKMARK [2][-]{subsection.5.12.2}{\376\377\000T\000h\000e\000\040\000W\000e\000b\000-\000o\000f\000-\000t\000r\000u\000s\000t\000\040\000M\000o\000d\000e\000l}{section.5.12}% 107
\BOOKMARK [2][-]{subsection.5.12.3}{\376\377\000T\000h\000e\000\040\000R\000e\000p\000u\000t\000a\000t\000i\000o\000n\000-\000b\000a\000s\000e\000d\000\040\000T\000r\000u\000s\000t\000\040\000M\000o\000d\000e\000l}{section.5.12}% 108
\BOOKMARK [1][-]{section.5.13}{\376\377\000E\000s\000t\000a\000b\000l\000i\000s\000h\000i\000n\000g\000\040\000a\000n\000\040\000I\000d\000e\000n\000t\000i\000t\000y}{chapter.5}% 109
\BOOKMARK [1][-]{section.5.14}{\376\377\000U\000s\000e\000f\000u\000l\000\040\000c\000o\000n\000c\000e\000p\000t\000s\000\040\000w\000h\000i\000c\000h\000\040\000y\000o\000u\000\040\000s\000h\000o\000u\000l\000d\000\040\000n\000o\000w\000\040\000k\000n\000o\000w\000\040\000a\000b\000o\000u\000t}{chapter.5}% 110
\BOOKMARK [1][-]{section.5.15}{\376\377\000F\000u\000r\000t\000h\000e\000r\000\040\000R\000e\000a\000d\000i\000n\000g}{chapter.5}% 111
\BOOKMARK [2][-]{subsection.5.15.1}{\376\377\000H\000a\000s\000h\000\040\000f\000u\000n\000c\000t\000i\000o\000n\000s}{section.5.15}% 112
\BOOKMARK [2][-]{subsection.5.15.2}{\376\377\000I\000n\000t\000e\000g\000r\000i\000t\000y\000\040\000w\000i\000t\000h\000\040\000e\000n\000c\000r\000y\000p\000t\000i\000o\000n}{section.5.15}% 113
\BOOKMARK [2][-]{subsection.5.15.3}{\376\377\000D\000o\000u\000b\000l\000e\000\040\000e\000n\000c\000r\000y\000p\000t\000i\000o\000n}{section.5.15}% 114
\BOOKMARK [2][-]{subsection.5.15.4}{\376\377\000N\000e\000e\000d\000h\000a\000m\000\040\000a\000n\000d\000\040\000S\000c\000h\000r\000o\000e\000d\000e\000r\000s\000\040\000o\000r\000i\000g\000i\000n\000a\000l\000\040\000S\000K\000C\000S\000\040\000p\000r\000o\000t\000o\000c\000o\000l}{section.5.15}% 115
\BOOKMARK [2][-]{subsection.5.15.5}{\376\377\000M\000a\000l\000l\000e\000a\000b\000i\000l\000i\000t\000y}{section.5.15}% 116
\BOOKMARK [0][-]{chapter.6}{\376\377\000C\000o\000m\000m\000u\000n\000i\000c\000a\000t\000i\000o\000n\000\040\000N\000e\000t\000w\000o\000r\000k\000s}{}% 117
\BOOKMARK [1][-]{section.6.1}{\376\377\000B\000a\000s\000i\000c\000\040\000N\000e\000t\000w\000o\000r\000k\000\040\000C\000o\000n\000c\000e\000p\000t\000s}{chapter.6}% 118
\BOOKMARK [2][-]{subsection.6.1.1}{\376\377\000L\000a\000y\000e\000r\000e\000d\000\040\000A\000r\000c\000h\000i\000t\000e\000c\000t\000u\000r\000e\000s}{section.6.1}% 119
\BOOKMARK [2][-]{subsection.6.1.2}{\376\377\000S\000e\000r\000v\000i\000c\000e\000s}{section.6.1}% 120
\BOOKMARK [2][-]{subsection.6.1.3}{\376\377\000P\000r\000o\000t\000o\000c\000o\000l\000s}{section.6.1}% 121
\BOOKMARK [1][-]{section.6.2}{\376\377\000C\000o\000m\000m\000u\000n\000i\000c\000a\000t\000i\000o\000n\000\040\000i\000n\000\040\000t\000h\000e\000\040\000I\000n\000t\000e\000r\000n\000e\000t}{chapter.6}% 122
\BOOKMARK [2][-]{subsection.6.2.1}{\376\377\000D\000a\000t\000a\000\040\000T\000r\000a\000n\000s\000f\000e\000r\000\040\000B\000e\000t\000w\000e\000e\000n\000\040\000L\000a\000y\000e\000r\000s}{section.6.2}% 123
\BOOKMARK [2][-]{subsection.6.2.2}{\376\377\000A\000d\000d\000r\000e\000s\000s\000i\000n\000g}{section.6.2}% 124
\BOOKMARK [2][-]{subsection.6.2.3}{\376\377\000I\000n\000t\000e\000r\000n\000e\000t\000\040\000N\000a\000m\000e\000s}{section.6.2}% 125
\BOOKMARK [2][-]{subsection.6.2.4}{\376\377\000I\000P\000\040\000A\000d\000d\000r\000e\000s\000s\000e\000s}{section.6.2}% 126
\BOOKMARK [2][-]{subsection.6.2.5}{\376\377\000T\000C\000P\000\040\000a\000n\000d\000\040\000U\000D\000P\000\040\000P\000o\000r\000t\000s}{section.6.2}% 127
\BOOKMARK [2][-]{subsection.6.2.6}{\376\377\000F\000u\000n\000c\000t\000i\000o\000n\000s\000\040\000i\000n\000\040\000T\000C\000P\000\040\000a\000n\000d\000\040\000I\000P}{section.6.2}% 128
\BOOKMARK [2][-]{subsection.6.2.7}{\376\377\000D\000N\000S}{section.6.2}% 129
\BOOKMARK [2][-]{subsection.6.2.8}{\376\377\000H\000o\000w\000\040\000D\000o\000\040\000t\000h\000e\000\040\000L\000a\000y\000e\000r\000s\000\040\000W\000o\000r\000k\000\040\000T\000o\000g\000e\000t\000h\000e\000r\000?}{section.6.2}% 130
\BOOKMARK [1][-]{section.6.3}{\376\377\000T\000e\000c\000h\000n\000o\000l\000o\000g\000y}{chapter.6}% 131
\BOOKMARK [2][-]{subsection.6.3.1}{\376\377\000S\000h\000a\000r\000e\000d\000\040\000C\000a\000b\000l\000e\000-\000b\000a\000s\000e\000d\000\040\000M\000e\000d\000i\000a}{section.6.3}% 132
\BOOKMARK [2][-]{subsection.6.3.2}{\376\377\000W\000i\000r\000e\000l\000e\000s\000s\000\040\000N\000e\000t\000w\000o\000r\000k\000s}{section.6.3}% 133
\BOOKMARK [2][-]{subsection.6.3.3}{\376\377\000I\000E\000E\000E\000\040\0008\0000\0002\000.\0001\0001\000\040\000M\000o\000d\000e\000s\000\040\000o\000f\000\040\000O\000p\000e\000r\000a\000t\000i\000o\000n}{section.6.3}% 134
\BOOKMARK [2][-]{subsection.6.3.4}{\376\377\000M\000o\000b\000i\000l\000e\000\040\000T\000e\000l\000e\000p\000h\000o\000n\000e\000s\000\040\000o\000n\000\040\000t\000h\000e\000\040\000N\000e\000t}{section.6.3}% 135
\BOOKMARK [1][-]{section.6.4}{\376\377\000U\000s\000e\000f\000u\000l\000\040\000c\000o\000n\000c\000e\000p\000t\000s\000\040\000w\000h\000i\000c\000h\000\040\000y\000o\000u\000\040\000s\000h\000o\000u\000l\000d\000\040\000n\000o\000w\000\040\000k\000n\000o\000w\000\040\000a\000b\000o\000u\000t}{chapter.6}% 136
\BOOKMARK [1][-]{section.6.5}{\376\377\000F\000u\000r\000t\000h\000e\000r\000\040\000R\000e\000a\000d\000i\000n\000g}{chapter.6}% 137
\BOOKMARK [2][-]{subsection.6.5.1}{\376\377\000T\000C\000P\000\040\000p\000o\000r\000t\000s}{section.6.5}% 138
\BOOKMARK [2][-]{subsection.6.5.2}{\376\377\000R\000e\000g\000i\000s\000t\000r\000a\000t\000i\000o\000n\000\040\000d\000a\000t\000a\000b\000a\000s\000e\000s}{section.6.5}% 139
\BOOKMARK [2][-]{subsection.6.5.3}{\376\377\000G\000e\000o\000l\000o\000c\000a\000t\000i\000o\000n}{section.6.5}% 140
\BOOKMARK [2][-]{subsection.6.5.4}{\376\377\000I\000d\000e\000n\000t\000i\000t\000i\000e\000s\000\040\000i\000n\000\040\000t\000h\000e\000\040\000m\000o\000b\000i\000l\000e\000\040\000n\000e\000t\000w\000o\000r\000k}{section.6.5}% 141
\BOOKMARK [0][-]{chapter.7}{\376\377\000N\000e\000t\000w\000o\000r\000k\000\040\000A\000p\000p\000l\000i\000c\000a\000t\000i\000o\000n\000s}{}% 142
\BOOKMARK [1][-]{section.7.1}{\376\377\000M\000a\000i\000l\000\040\000T\000r\000a\000n\000s\000f\000e\000r}{chapter.7}% 143
\BOOKMARK [2][-]{subsection.7.1.1}{\376\377\000M\000a\000i\000l\000\040\000R\000e\000l\000a\000y\000s}{section.7.1}% 144
\BOOKMARK [2][-]{subsection.7.1.2}{\376\377\000T\000h\000e\000\040\000S\000t\000r\000u\000c\000t\000u\000r\000e\000\040\000o\000f\000\040\000a\000\040\000M\000a\000i\000l}{section.7.1}% 145
\BOOKMARK [2][-]{subsection.7.1.3}{\376\377\000M\000I\000M\000E}{section.7.1}% 146
\BOOKMARK [1][-]{section.7.2}{\376\377\000T\000r\000a\000n\000s\000f\000e\000r\000\040\000o\000f\000\040\000W\000e\000b\000\040\000P\000a\000g\000e\000s}{chapter.7}% 147
\BOOKMARK [1][-]{section.7.3}{\376\377\000C\000l\000a\000s\000s\000i\000c\000\040\000D\000a\000n\000i\000s\000h\000\040\000R\000e\000c\000i\000p\000e\000s}{chapter.7}% 148
\BOOKMARK [1][-]{section.7.4}{\376\377\000U\000s\000e\000f\000u\000l\000\040\000c\000o\000n\000c\000e\000p\000t\000s\000\040\000w\000h\000i\000c\000h\000\040\000y\000o\000u\000\040\000s\000h\000o\000u\000l\000d\000\040\000n\000o\000w\000\040\000k\000n\000o\000w\000\040\000a\000b\000o\000u\000t}{chapter.7}% 149
\BOOKMARK [2][-]{subsection.7.4.1}{\376\377\000T\000r\000a\000c\000i\000n\000g\000\040\000e\000-\000m\000a\000i\000l}{section.7.4}% 150
\BOOKMARK [2][-]{subsection.7.4.2}{\376\377\000C\000h\000a\000r\000a\000c\000t\000e\000r\000\040\000e\000n\000c\000o\000d\000i\000n\000g\000\040\000i\000n\000\040\000e\000-\000m\000a\000i\000l}{section.7.4}% 151
\BOOKMARK [2][-]{subsection.7.4.3}{\376\377\000H\000e\000a\000d\000e\000r\000\040\000f\000i\000e\000l\000d\000s\000\040\000i\000n\000\040\000H\000T\000T\000P}{section.7.4}% 152
\BOOKMARK [1][-]{section.7.5}{\376\377\000!\000\040\000W\000a\000t\000c\000h\000\040\000o\000u\000t\000!}{chapter.7}% 153
\BOOKMARK [1][-]{section.7.6}{\376\377\000N\000e\000t\000w\000o\000r\000k\000\040\000S\000e\000c\000u\000r\000i\000t\000y}{chapter.7}% 154
\BOOKMARK [1][-]{section.7.7}{\376\377\000P\000r\000o\000t\000e\000c\000t\000i\000o\000n\000\040\000B\000a\000s\000e\000d\000\040\000o\000n\000\040\000C\000r\000y\000p\000t\000o\000g\000r\000a\000p\000h\000i\000c\000\040\000M\000e\000t\000h\000o\000d\000s}{chapter.7}% 155
\BOOKMARK [2][-]{subsection.7.7.1}{\376\377\000T\000h\000e\000\040\000A\000p\000p\000l\000i\000c\000a\000t\000i\000o\000n\000\040\000L\000a\000y\000e\000r}{section.7.7}% 156
\BOOKMARK [2][-]{subsection.7.7.2}{\376\377\000T\000h\000e\000\040\000T\000r\000a\000n\000s\000p\000o\000r\000t\000\040\000L\000a\000y\000e\000r}{section.7.7}% 157
\BOOKMARK [2][-]{subsection.7.7.3}{\376\377\000T\000h\000e\000\040\000I\000n\000t\000e\000r\000n\000e\000t\000\040\000L\000a\000y\000e\000r}{section.7.7}% 158
\BOOKMARK [2][-]{subsection.7.7.4}{\376\377\000T\000h\000e\000\040\000L\000i\000n\000k\000\040\000L\000a\000y\000e\000r}{section.7.7}% 159
\BOOKMARK [2][-]{subsection.7.7.5}{\376\377\000T\000h\000e\000\040\000P\000h\000y\000s\000i\000c\000a\000l\000\040\000L\000a\000y\000e\000r}{section.7.7}% 160
\BOOKMARK [1][-]{section.7.8}{\376\377\000E\000n\000c\000r\000y\000p\000t\000i\000o\000n\000\040\000i\000n\000\040\000t\000h\000e\000\040\000A\000p\000p\000l\000i\000c\000a\000t\000i\000o\000n\000\040\000L\000a\000y\000e\000r}{chapter.7}% 161
\BOOKMARK [1][-]{section.7.9}{\376\377\000V\000i\000r\000t\000u\000a\000l\000\040\000P\000r\000i\000v\000a\000t\000e\000\040\000N\000e\000t\000w\000o\000r\000k\000s}{chapter.7}% 162
\BOOKMARK [1][-]{section.7.10}{\376\377\000D\000e\000f\000i\000n\000i\000t\000i\000o\000n\000\040\000\050\000V\000i\000r\000t\000u\000a\000l\000\040\000P\000r\000i\000v\000a\000t\000e\000\040\000N\000e\000t\000w\000o\000r\000k\000\051}{chapter.7}% 163
\BOOKMARK [2][-]{subsection.7.10.1}{\376\377\000T\000u\000n\000n\000e\000l\000i\000n\000g}{section.7.10}% 164
\BOOKMARK [1][-]{section.7.11}{\376\377\000D\000e\000f\000i\000n\000i\000t\000i\000o\000n\000\040\000\050\000T\000u\000n\000n\000e\000l\000i\000n\000g\000\051}{chapter.7}% 165
\BOOKMARK [2][-]{subsection.7.11.1}{\376\377\000"\000S\000i\000t\000e\000-\000t\000o\000-\000s\000i\000t\000e\000"\000\040\000T\000u\000n\000n\000e\000l\000i\000n\000g}{section.7.11}% 166
\BOOKMARK [2][-]{subsection.7.11.2}{\376\377\000S\000e\000c\000u\000r\000e\000\040\000S\000i\000t\000e\000-\000t\000o\000-\000s\000i\000t\000e\000\040\000T\000u\000n\000n\000e\000l\000i\000n\000g\000\040\000i\000n\000\040\000a\000\040\000V\000P\000N}{section.7.11}% 167
\BOOKMARK [2][-]{subsection.7.11.3}{\376\377\000S\000e\000c\000u\000r\000e\000\040\000H\000o\000s\000t\000-\000t\000o\000-\000s\000i\000t\000e\000\040\000T\000u\000n\000n\000e\000l\000i\000n\000g\000\040\000i\000n\000\040\000a\000\040\000V\000P\000N}{section.7.11}% 168
\BOOKMARK [2][-]{subsection.7.11.4}{\376\377\000W\000h\000i\000c\000h\000\040\000L\000a\000y\000e\000r\000s\000\040\000A\000r\000e\000\040\000U\000s\000e\000d\000\040\000f\000o\000r\000\040\000V\000P\000N\000s\000?}{section.7.11}% 169
\BOOKMARK [2][-]{subsection.7.11.5}{\376\377\000A\000n\000o\000n\000y\000m\000o\000u\000s\000\040\000C\000o\000m\000m\000u\000n\000i\000c\000a\000t\000i\000o\000n\000\040\000i\000n\000\040\000t\000h\000e\000\040\000I\000n\000t\000e\000r\000n\000e\000t}{section.7.11}% 170
\BOOKMARK [1][-]{section.7.12}{\376\377\000S\000e\000c\000u\000r\000e\000\040\000S\000o\000c\000k\000e\000t\000\040\000L\000a\000y\000e\000r}{chapter.7}% 171
\BOOKMARK [2][-]{subsection.7.12.1}{\376\377\000S\000S\000L\000\040\000P\000r\000o\000t\000o\000c\000o\000l\000\040\000A\000r\000c\000h\000i\000t\000e\000c\000t\000u\000r\000e}{section.7.12}% 172
\BOOKMARK [2][-]{subsection.7.12.2}{\376\377\000S\000S\000L\000/\000T\000L\000S\000\040\000S\000e\000c\000u\000r\000i\000t\000y\000\040\000P\000a\000r\000a\000m\000e\000t\000e\000r\000\040\000S\000e\000t\000s}{section.7.12}% 173
\BOOKMARK [2][-]{subsection.7.12.3}{\376\377\000P\000r\000o\000t\000o\000c\000o\000l\000s\000\040\000S\000e\000c\000u\000r\000e\000d\000\040\000w\000i\000t\000h\000\040\000S\000S\000L\000/\000T\000L\000S}{section.7.12}% 174
\BOOKMARK [1][-]{section.7.13}{\376\377\000R\000i\000s\000k\000s\000\040\000i\000n\000\040\000U\000s\000i\000n\000g\000\040\000C\000e\000r\000t\000i\000f\000i\000c\000a\000t\000e\000s}{chapter.7}% 175
\BOOKMARK [1][-]{section.7.14}{\376\377\000F\000i\000r\000e\000w\000a\000l\000l\000s}{chapter.7}% 176
\BOOKMARK [1][-]{section.7.15}{\376\377\000R\000e\000q\000u\000i\000r\000e\000m\000e\000n\000t\000s\000\040\000\050\000O\000p\000e\000r\000a\000t\000i\000o\000n\000\040\000o\000f\000\040\000a\000\040\000f\000i\000r\000e\000w\000a\000l\000l\000\051}{chapter.7}% 177
\BOOKMARK [2][-]{subsection.7.15.1}{\376\377\000T\000y\000p\000e\000s\000\040\000o\000f\000\040\000F\000i\000r\000e\000w\000a\000l\000l}{section.7.15}% 178
\BOOKMARK [2][-]{subsection.7.15.2}{\376\377\000P\000l\000a\000c\000e\000m\000e\000n\000t\000\040\000o\000f\000\040\000F\000i\000r\000e\000w\000a\000l\000l\000s}{section.7.15}% 179
\BOOKMARK [2][-]{subsection.7.15.3}{\376\377\000R\000e\000s\000i\000d\000u\000a\000l\000\040\000R\000i\000s\000k\000s\000\040\000C\000o\000n\000n\000e\000c\000t\000e\000d\000\040\000w\000i\000t\000h\000\040\000F\000i\000r\000e\000w\000a\000l\000l\000s}{section.7.15}% 180
\BOOKMARK [2][-]{subsection.7.15.4}{\376\377\000P\000e\000r\000s\000o\000n\000a\000l\000\040\000F\000i\000r\000e\000w\000a\000l\000l\000s}{section.7.15}% 181
\BOOKMARK [1][-]{section.7.16}{\376\377\000I\000n\000t\000r\000u\000s\000i\000o\000n\000\040\000D\000e\000t\000e\000c\000t\000i\000o\000n\000\040\000S\000y\000s\000t\000e\000m\000s\000\040\000\050\000I\000D\000S\000\051}{chapter.7}% 182
\BOOKMARK [2][-]{subsection.7.16.1}{\376\377\000P\000r\000i\000n\000c\000i\000p\000l\000e\000s\000\040\000o\000f\000\040\000O\000p\000e\000r\000a\000t\000i\000o\000n}{section.7.16}% 183
\BOOKMARK [2][-]{subsection.7.16.2}{\376\377\000N\000e\000t\000w\000o\000r\000k\000\040\000I\000D\000S\000s\000\040\000\050\000N\000I\000D\000S\000\051}{section.7.16}% 184
\BOOKMARK [2][-]{subsection.7.16.3}{\376\377\000H\000o\000s\000t\000\040\000I\000D\000S\000s\000\040\000\050\000H\000I\000D\000S\000\051}{section.7.16}% 185
\BOOKMARK [2][-]{subsection.7.16.4}{\376\377\000S\000e\000c\000u\000r\000i\000t\000y\000\040\000i\000n\000\040\000W\000i\000r\000e\000l\000e\000s\000s\000\040\000N\000e\000t\000w\000o\000r\000k\000s}{section.7.16}% 186
\BOOKMARK [2][-]{subsection.7.16.5}{\376\377\000O\000r\000i\000g\000i\000n\000a\000l\000\040\000W\000i\000F\000i\000\040\000S\000e\000c\000u\000r\000i\000t\000y\000\040\000\050\000W\000E\000P\000\051}{section.7.16}% 187
\BOOKMARK [1][-]{section.7.17}{\376\377\000O\000p\000e\000n\000\040\000S\000y\000s\000t\000e\000m\000\040\000a\000u\000t\000h\000e\000n\000t\000i\000c\000a\000t\000i\000o\000n\000:}{chapter.7}% 188
\BOOKMARK [1][-]{section.7.18}{\376\377\000S\000h\000a\000r\000e\000d\000\040\000K\000e\000y\000\040\000a\000u\000t\000h\000e\000n\000t\000i\000c\000a\000t\000i\000o\000n\000:}{chapter.7}% 189
\BOOKMARK [2][-]{subsection.7.18.1}{\376\377\000D\000e\000v\000e\000l\000o\000p\000m\000e\000n\000t\000\040\000o\000f\000\040\000S\000e\000c\000u\000r\000i\000t\000y\000\040\000i\000n\000\040\000I\000E\000E\000E\000\040\0008\0000\0002\000.\0001\0001}{section.7.18}% 190
\BOOKMARK [2][-]{subsection.7.18.2}{\376\377\000S\000e\000c\000u\000r\000i\000t\000y\000\040\000i\000n\000\040\000B\000l\000u\000e\000t\000o\000o\000t\000h}{section.7.18}% 191
\BOOKMARK [1][-]{section.7.19}{\376\377\000S\000e\000c\000u\000r\000i\000t\000y\000\040\000i\000n\000\040\000t\000h\000e\000\040\000M\000o\000b\000i\000l\000e\000\040\000T\000e\000l\000e\000p\000h\000o\000n\000e\000\040\000N\000e\000t\000w\000o\000r\000k}{chapter.7}% 192
\BOOKMARK [2][-]{subsection.7.19.1}{\376\377\000S\000e\000c\000u\000r\000i\000t\000y\000\040\000i\000n\000\040\000G\000S\000M}{section.7.19}% 193
\BOOKMARK [2][-]{subsection.7.19.2}{\376\377\000C\000a\000n\000\040\000t\000h\000e\000\040\000A\0005\000\040\000F\000u\000n\000c\000t\000i\000o\000n\000s\000\040\000B\000e\000\040\000B\000r\000o\000k\000e\000n\000\040\000i\000n\000\040\000P\000r\000a\000c\000t\000i\000c\000e\000?}{section.7.19}% 194
\BOOKMARK [2][-]{subsection.7.19.3}{\376\377\000S\000e\000c\000u\000r\000i\000t\000y\000\040\000i\000n\000\040\000U\000M\000T\000S}{section.7.19}% 195
\BOOKMARK [2][-]{subsection.7.19.4}{\376\377\000F\000a\000l\000s\000e\000\040\000B\000T\000S\000s\000\040\000a\000n\000d\000\040\000S\000u\000r\000v\000e\000i\000l\000l\000a\000n\000c\000e}{section.7.19}% 196
\BOOKMARK [2][-]{subsection.7.19.5}{\376\377\000I\000s\000\040\000Y\000o\000u\000r\000\040\000M\000o\000b\000i\000l\000e\000\040\000D\000e\000v\000i\000c\000e\000\040\000S\000e\000c\000u\000r\000e\000?}{section.7.19}% 197
\BOOKMARK [1][-]{section.7.20}{\376\377\000D\000e\000n\000i\000a\000l\000\040\000o\000f\000\040\000S\000e\000r\000v\000i\000c\000e\000\040\000\050\000D\000o\000S\000\051\000\040\000A\000t\000t\000a\000c\000k\000s}{chapter.7}% 198
\BOOKMARK [2][-]{subsection.7.20.1}{\376\377\000D\000o\000S\000\040\000A\000t\000t\000a\000c\000k\000s\000\040\000i\000n\000\040\000t\000h\000e\000\040\000A\000p\000p\000l\000i\000c\000a\000t\000i\000o\000n\000\040\000L\000a\000y\000e\000r}{section.7.20}% 199
\BOOKMARK [2][-]{subsection.7.20.2}{\376\377\000D\000o\000S\000\040\000A\000t\000t\000a\000c\000k\000s\000\040\000i\000n\000\040\000t\000h\000e\000\040\000T\000r\000a\000n\000s\000p\000o\000r\000t\000\040\000L\000a\000y\000e\000r}{section.7.20}% 200
\BOOKMARK [2][-]{subsection.7.20.3}{\376\377\000D\000o\000S\000\040\000A\000t\000t\000a\000c\000k\000s\000\040\000i\000n\000\040\000t\000h\000e\000\040\000I\000n\000t\000e\000r\000n\000e\000t\000\040\000L\000a\000y\000e\000r}{section.7.20}% 201
\BOOKMARK [2][-]{subsection.7.20.4}{\376\377\000D\000o\000S\000\040\000A\000t\000t\000a\000c\000k\000s\000\040\000i\000n\000\040\000t\000h\000e\000\040\000L\000i\000n\000k\000\040\000a\000n\000d\000\040\000P\000h\000y\000s\000i\000c\000a\000l\000\040\000L\000a\000y\000e\000r\000s}{section.7.20}% 202
\BOOKMARK [2][-]{subsection.7.20.5}{\376\377\000D\000i\000s\000t\000r\000i\000b\000u\000t\000e\000d\000\040\000D\000o\000S\000\040\000A\000t\000t\000a\000c\000k\000s}{section.7.20}% 203
\BOOKMARK [2][-]{subsection.7.20.6}{\376\377\000P\000e\000r\000m\000a\000n\000e\000n\000t\000\040\000D\000o\000S\000\040\000A\000t\000t\000a\000c\000k\000s}{section.7.20}% 204
\BOOKMARK [2][-]{subsection.7.20.7}{\376\377\000R\000i\000s\000k\000s\000\040\000a\000n\000d\000\040\000C\000o\000u\000n\000t\000e\000r\000m\000e\000a\000s\000u\000r\000e\000s\000\040\000f\000o\000r\000\040\000D\000O\000S\000\040\000A\000t\000t\000a\000c\000k\000s}{section.7.20}% 205
\BOOKMARK [1][-]{section.7.21}{\376\377\000S\000e\000c\000u\000r\000i\000t\000y\000\040\000i\000n\000\040\000D\000N\000S}{chapter.7}% 206
\BOOKMARK [2][-]{subsection.7.21.1}{\376\377\000C\000o\000u\000n\000t\000e\000r\000m\000e\000a\000s\000u\000r\000e\000s\000\040\000f\000o\000r\000\040\000U\000s\000e\000\040\000i\000n\000\040\000D\000N\000S}{section.7.21}% 207
\BOOKMARK [1][-]{section.7.22}{\376\377\000S\000e\000c\000u\000r\000i\000t\000y\000\040\000i\000n\000\040\000S\000M\000T\000P}{chapter.7}% 208
\BOOKMARK [2][-]{subsection.7.22.1}{\376\377\000S\000P\000F}{section.7.22}% 209
\BOOKMARK [2][-]{subsection.7.22.2}{\376\377\000D\000K\000I\000M}{section.7.22}% 210
\BOOKMARK [1][-]{section.7.23}{\376\377\000S\000e\000c\000u\000r\000i\000t\000y\000\040\000i\000n\000\040\000S\000N\000M\000P}{chapter.7}% 211
\BOOKMARK [2][-]{subsection.7.23.1}{\376\377\000R\000i\000s\000k\000s\000\040\000a\000n\000d\000\040\000C\000o\000u\000n\000t\000e\000r\000m\000e\000a\000s\000u\000r\000e\000s\000\040\000i\000n\000\040\000U\000s\000i\000n\000g\000\040\000S\000N\000M\000P}{section.7.23}% 212
\BOOKMARK [1][-]{section.7.24}{\376\377\000C\000r\000i\000t\000i\000c\000a\000l\000\040\000I\000n\000f\000r\000a\000s\000t\000r\000u\000c\000t\000u\000r\000e\000\040\000P\000r\000o\000t\000e\000c\000t\000i\000o\000n}{chapter.7}% 213
\BOOKMARK [1][-]{section.7.25}{\376\377\000E\000v\000a\000l\000u\000a\000t\000i\000o\000n\000\040\000o\000f\000\040\000N\000e\000t\000w\000o\000r\000k\000\040\000S\000e\000c\000u\000r\000i\000t\000y}{chapter.7}% 214
\BOOKMARK [1][-]{section.7.26}{\376\377\000F\000u\000r\000t\000h\000e\000r\000\040\000R\000e\000a\000d\000i\000n\000g}{chapter.7}% 215
\BOOKMARK [2][-]{subsection.7.26.1}{\376\377\000C\000y\000b\000e\000r\000s\000q\000u\000a\000t\000t\000i\000n\000g}{section.7.26}% 216
\BOOKMARK [2][-]{subsection.7.26.2}{\376\377\000M\000o\000n\000i\000t\000o\000r\000i\000n\000g\000\040\000w\000i\000r\000e\000l\000e\000s\000s\000\040\000p\000e\000r\000s\000o\000n\000a\000l\000\040\000n\000e\000t\000w\000o\000r\000k\000s}{section.7.26}% 217
\BOOKMARK [2][-]{subsection.7.26.3}{\376\377\000U\000s\000i\000n\000g\000\040\000u\000n\000e\000n\000c\000r\000y\000p\000t\000e\000d\000\040\000w\000i\000r\000e\000l\000e\000s\000s\000\040\000n\000e\000t\000w\000o\000r\000k\000s}{section.7.26}% 218
\BOOKMARK [2][-]{subsection.7.26.4}{\376\377\000T\000h\000e\000\040\000f\000a\000l\000s\000e\000\040\000A\000P}{section.7.26}% 219
\BOOKMARK [2][-]{subsection.7.26.5}{\376\377\000B\000l\000a\000c\000k\000l\000i\000s\000t\000i\000n\000g}{section.7.26}% 220
\BOOKMARK [2][-]{subsection.7.26.6}{\376\377\000D\000i\000s\000p\000o\000s\000a\000b\000l\000e\000\040\000a\000l\000i\000a\000s\000\040\000n\000a\000m\000e\000s}{section.7.26}% 221
\BOOKMARK [2][-]{subsection.7.26.7}{\376\377\000S\000e\000r\000v\000e\000r\000\040\000c\000e\000r\000t\000i\000f\000i\000c\000a\000t\000e\000s}{section.7.26}% 222
\BOOKMARK [2][-]{subsection.7.26.8}{\376\377\000S\000p\000a\000m\000\040\000a\000n\000d\000\040\000m\000a\000l\000w\000a\000r\000e\000\040\000f\000i\000l\000t\000e\000r\000i\000n\000g}{section.7.26}% 223
\BOOKMARK [2][-]{subsection.7.26.9}{\376\377\000D\000M\000Z\000\040\000n\000e\000t\000w\000o\000r\000k\000s}{section.7.26}% 224
\BOOKMARK [2][-]{subsection.7.26.10}{\376\377\000C\000y\000b\000e\000r\000s\000e\000c\000u\000r\000i\000t\000y\000\040\000i\000n\000\040\000m\000e\000d\000i\000c\000a\000l\000\040\000e\000q\000u\000i\000p\000m\000e\000n\000t}{section.7.26}% 225
\BOOKMARK [2][-]{subsection.7.26.11}{\376\377\000A\000\040\000c\000o\000m\000p\000a\000n\000y\000'\000s\000\040\000w\000e\000b\000\040\000s\000e\000r\000v\000e\000r\000s}{section.7.26}% 226
\BOOKMARK [0][-]{chapter.8}{\376\377\000S\000e\000c\000u\000r\000i\000t\000y\000\040\000i\000n\000\040\000O\000p\000e\000r\000a\000t\000i\000n\000g\000\040\000S\000y\000s\000t\000e\000m\000s}{}% 227
\BOOKMARK [1][-]{section.8.1}{\376\377\000R\000e\000q\000u\000i\000r\000e\000m\000e\000n\000t\000s\000\040\0009\000.\0001\000\040\000\050\000P\000r\000o\000p\000e\000r\000t\000i\000e\000s\000\040\000o\000f\000\040\000a\000\040\000s\000y\000s\000t\000e\000m\000\040\000f\000o\000r\000\040\000p\000e\000r\000m\000i\000s\000s\000i\000o\000n\000\040\000c\000o\000n\000t\000r\000o\000l\000\051}{chapter.8}% 228
\BOOKMARK [1][-]{section.8.2}{\376\377\000U\000s\000e\000r\000\040\000A\000u\000t\000h\000e\000n\000t\000i\000c\000a\000t\000i\000o\000n}{chapter.8}% 229
\BOOKMARK [2][-]{subsection.8.2.1}{\376\377\000B\000i\000o\000m\000e\000t\000r\000i\000c\000\040\000A\000u\000t\000h\000e\000n\000t\000i\000c\000a\000t\000i\000o\000n}{section.8.2}% 230
\BOOKMARK [2][-]{subsection.8.2.2}{\376\377\000P\000a\000s\000s\000w\000o\000r\000d\000s}{section.8.2}% 231
\BOOKMARK [2][-]{subsection.8.2.3}{\376\377\000P\000a\000s\000s\000w\000o\000r\000d\000\040\000S\000t\000r\000e\000n\000g\000t\000h}{section.8.2}% 232
\BOOKMARK [2][-]{subsection.8.2.4}{\376\377\000P\000r\000o\000t\000e\000c\000t\000i\000o\000n\000\040\000o\000f\000\040\000P\000a\000s\000s\000w\000o\000r\000d\000s}{section.8.2}% 233
\BOOKMARK [2][-]{subsection.8.2.5}{\376\377\000C\000h\000o\000o\000s\000i\000n\000g\000\040\000P\000a\000s\000s\000w\000o\000r\000d\000s}{section.8.2}% 234
\BOOKMARK [2][-]{subsection.8.2.6}{\376\377\000O\000n\000e\000-\000t\000i\000m\000e\000\040\000P\000a\000s\000s\000w\000o\000r\000d\000s}{section.8.2}% 235
\BOOKMARK [2][-]{subsection.8.2.7}{\376\377\000P\000a\000t\000t\000e\000r\000n\000\040\000L\000o\000c\000k\000s}{section.8.2}% 236
\BOOKMARK [2][-]{subsection.8.2.8}{\376\377\000T\000r\000e\000n\000d\000s\000\040\000i\000n\000\040\000U\000s\000e\000r\000\040\000A\000u\000t\000h\000e\000n\000t\000i\000c\000a\000t\000i\000o\000n}{section.8.2}% 237
\BOOKMARK [2][-]{subsection.8.2.9}{\376\377\000A\000u\000t\000h\000e\000n\000t\000i\000c\000a\000t\000i\000o\000n\000\040\000T\000h\000r\000o\000u\000g\000h\000\040\000t\000h\000e\000\040\000N\000e\000t}{section.8.2}% 238
\BOOKMARK [2][-]{subsection.8.2.10}{\376\377\000A\000u\000t\000h\000o\000r\000i\000s\000a\000t\000i\000o\000n\000,\000\040\000P\000r\000o\000t\000e\000c\000t\000i\000o\000n\000\040\000\046\000\040\000R\000i\000g\000h\000t\000s}{section.8.2}% 239
\BOOKMARK [2][-]{subsection.8.2.11}{\376\377\000W\000h\000o\000\040\000D\000e\000c\000i\000d\000e\000s\000?}{section.8.2}% 240
\BOOKMARK [2][-]{subsection.8.2.12}{\376\377\000A\000c\000c\000e\000s\000s\000\040\000C\000o\000n\000t\000r\000o\000l\000\040\000M\000a\000t\000r\000i\000c\000e\000s}{section.8.2}% 241
\BOOKMARK [2][-]{subsection.8.2.13}{\376\377\000A\000c\000c\000e\000s\000s\000\040\000C\000o\000n\000t\000r\000o\000l\000\040\000L\000i\000s\000t\000s}{section.8.2}% 242
\BOOKMARK [2][-]{subsection.8.2.14}{\376\377\000D\000i\000r\000e\000c\000t\000o\000r\000i\000e\000s}{section.8.2}% 243
\BOOKMARK [2][-]{subsection.8.2.15}{\376\377\000C\000a\000p\000a\000b\000i\000l\000i\000t\000i\000e\000s}{section.8.2}% 244
\BOOKMARK [1][-]{section.8.3}{\376\377\000A\000c\000c\000e\000s\000s\000\040\000C\000o\000n\000t\000r\000o\000l\000\040\000i\000n\000\040\000F\000i\000l\000e\000\040\000S\000y\000s\000t\000e\000m\000s}{chapter.8}% 245
\BOOKMARK [2][-]{subsection.8.3.1}{\376\377\000U\000n\000i\000x\000-\000s\000t\000y\000l\000e\000\040\000F\000i\000l\000e\000\040\000P\000r\000o\000t\000e\000c\000t\000i\000o\000n}{section.8.3}% 246
\BOOKMARK [1][-]{section.8.4}{\376\377\000P\000r\000o\000b\000l\000e\000m\000s\000\040\000w\000i\000t\000h\000\040\000U\000n\000i\000x\000-\000s\000t\000y\000l\000e\000\040\000F\000i\000l\000e\000\040\000P\000r\000o\000t\000e\000c\000t\000i\000o\000n}{chapter.8}% 247
\BOOKMARK [2][-]{subsection.8.4.1}{\376\377\000s\000e\000t\000u\000i\000d\000\040\000a\000n\000d\000\040\000s\000e\000t\000g\000i\000d}{section.8.4}% 248
\BOOKMARK [2][-]{subsection.8.4.2}{\376\377\000W\000i\000n\000d\000o\000w\000s\000\040\000N\000T\000\040\000A\000C\000L\000s}{section.8.4}% 249
\BOOKMARK [1][-]{section.8.5}{\376\377\000A\000c\000c\000e\000s\000s\000\040\000C\000o\000n\000t\000r\000o\000l\000\040\000f\000o\000r\000\040\000O\000t\000h\000e\000r\000\040\000S\000y\000s\000t\000e\000m\000\040\000C\000o\000m\000p\000o\000n\000e\000n\000t\000s}{chapter.8}% 250
\BOOKMARK [2][-]{subsection.8.5.1}{\376\377\000A\000c\000c\000e\000s\000s\000\040\000C\000o\000n\000t\000r\000o\000l\000\040\000i\000n\000\040\000t\000h\000e\000\040\000M\000e\000m\000o\000r\000y}{section.8.5}% 251
\BOOKMARK [2][-]{subsection.8.5.2}{\376\377\000A\000c\000c\000e\000s\000s\000\040\000C\000o\000n\000t\000r\000o\000l\000\040\000f\000o\000r\000\040\000H\000a\000r\000d\000w\000a\000r\000e\000\040\000U\000n\000i\000t\000s}{section.8.5}% 252
\BOOKMARK [2][-]{subsection.8.5.3}{\376\377\000A\000c\000c\000e\000s\000s\000\040\000C\000o\000n\000t\000r\000o\000l\000\040\000f\000o\000r\000\040\000t\000h\000e\000\040\000C\000P\000U}{section.8.5}% 253
\BOOKMARK [2][-]{subsection.8.5.4}{\376\377\000A\000c\000c\000e\000s\000s\000\040\000C\000o\000n\000t\000r\000o\000l\000\040\000i\000n\000\040\000A\000n\000d\000r\000o\000i\000d}{section.8.5}% 254
\BOOKMARK [2][-]{subsection.8.5.5}{\376\377\000B\000y\000p\000a\000s\000s\000i\000n\000g\000\040\000A\000c\000c\000e\000s\000s\000\040\000C\000o\000n\000t\000r\000o\000l\000:\000\040\000R\000o\000o\000t\000k\000i\000t\000s}{section.8.5}% 255
\BOOKMARK [2][-]{subsection.8.5.6}{\376\377\000T\000h\000e\000\040\000R\000e\000f\000e\000r\000e\000n\000c\000e\000\040\000M\000o\000n\000i\000t\000o\000r\000\040\000r\000e\000v\000i\000s\000i\000t\000e\000d}{section.8.5}% 256
\BOOKMARK [1][-]{section.8.6}{\376\377\000E\000n\000c\000r\000y\000p\000t\000i\000o\000n\000\040\000i\000n\000\040\000t\000h\000e\000\040\000O\000p\000e\000r\000a\000t\000i\000n\000g\000\040\000S\000y\000s\000t\000e\000m}{chapter.8}% 257
\BOOKMARK [1][-]{section.8.7}{\376\377\000J\000o\000b\000\040\000S\000c\000h\000e\000d\000u\000l\000i\000n\000g}{chapter.8}% 258
\BOOKMARK [1][-]{section.8.8}{\376\377\000U\000p\000d\000a\000t\000i\000n\000g\000\040\000t\000h\000e\000\040\000O\000p\000e\000r\000a\000t\000i\000n\000g\000\040\000S\000y\000s\000t\000e\000m}{chapter.8}% 259
\BOOKMARK [1][-]{section.8.9}{\376\377\000I\000s\000\040\000Y\000o\000u\000r\000\040\000O\000S\000\040\000G\000e\000n\000u\000i\000n\000e\000?}{chapter.8}% 260
\BOOKMARK [1][-]{section.8.10}{\376\377\000W\000h\000a\000t\000\040\000t\000h\000e\000\040\000O\000S\000\040\000C\000a\000n\000n\000o\000t\000\040\000D\000o}{chapter.8}% 261
\BOOKMARK [1][-]{section.8.11}{\376\377\000U\000s\000e\000f\000u\000l\000\040\000c\000o\000n\000c\000e\000p\000t\000s\000\040\000w\000h\000i\000c\000h\000\040\000y\000o\000u\000\040\000s\000h\000o\000u\000l\000d\000\040\000n\000o\000w\000\040\000k\000n\000o\000w\000\040\000a\000b\000o\000u\000t}{chapter.8}% 262
\BOOKMARK [1][-]{section.8.12}{\376\377\000F\000u\000r\000t\000h\000e\000r\000\040\000R\000e\000a\000d\000i\000n\000g}{chapter.8}% 263
\BOOKMARK [2][-]{subsection.8.12.1}{\376\377\000A\000\040\000p\000o\000l\000i\000c\000y\000\040\000f\000o\000r\000\040\000c\000h\000o\000o\000s\000i\000n\000g\000\040\000p\000a\000s\000s\000w\000o\000r\000d\000s}{section.8.12}% 264
\BOOKMARK [2][-]{subsection.8.12.2}{\376\377\000M\000u\000l\000t\000i\000-\000f\000a\000c\000t\000o\000r\000\040\000a\000u\000t\000h\000e\000n\000t\000i\000c\000a\000t\000i\000o\000n}{section.8.12}% 265
\BOOKMARK [2][-]{subsection.8.12.3}{\376\377\000W\000i\000n\000d\000o\000w\000s\000\040\000R\000e\000g\000i\000s\000t\000r\000y\000\040\000a\000n\000d\000\040\000U\000n\000i\000x\000\040\000/\000p\000r\000o\000c}{section.8.12}% 266
\BOOKMARK [2][-]{subsection.8.12.4}{\376\377\000D\000a\000t\000a\000\040\000e\000n\000c\000r\000y\000p\000t\000i\000o\000n\000\040\000i\000n\000\040\000t\000h\000e\000\040\000c\000l\000o\000u\000d}{section.8.12}% 267
\BOOKMARK [2][-]{subsection.8.12.5}{\376\377\000C\000a\000p\000a\000b\000i\000l\000i\000t\000i\000e\000s\000\040\000a\000n\000d\000\040\000p\000r\000o\000t\000e\000c\000t\000i\000o\000n\000\040\000r\000i\000n\000g\000s}{section.8.12}% 268
\BOOKMARK [2][-]{subsection.8.12.6}{\376\377\000T\000h\000r\000e\000a\000t\000s\000\040\000t\000o\000\040\000K\000e\000r\000b\000e\000r\000o\000s}{section.8.12}% 269
\BOOKMARK [2][-]{subsection.8.12.7}{\376\377\000T\000h\000e\000\040\000p\000r\000i\000n\000c\000i\000p\000l\000e\000\040\000o\000f\000\040\000l\000e\000a\000s\000t\000\040\000p\000r\000i\000v\000i\000l\000e\000g\000e}{section.8.12}% 270
\BOOKMARK [2][-]{subsection.8.12.8}{\376\377\000P\000a\000s\000s\000w\000o\000r\000d\000\040\000s\000e\000c\000r\000e\000c\000y}{section.8.12}% 271
\BOOKMARK [0][-]{chapter.9}{\376\377\000S\000o\000f\000t\000w\000a\000r\000e\000\040\000s\000e\000c\000u\000r\000i\000t\000y}{}% 272
\BOOKMARK [1][-]{section.9.1}{\376\377\000C\000l\000a\000s\000s\000e\000s\000\040\000o\000f\000\040\000S\000e\000c\000u\000r\000i\000t\000y\000\040\000F\000a\000i\000l\000u\000r\000e\000\040\000i\000n\000\040\000S\000o\000f\000t\000w\000a\000r\000e}{chapter.9}% 273
\BOOKMARK [2][-]{subsection.9.1.1}{\376\377\000B\000u\000f\000f\000e\000r\000\040\000O\000v\000e\000r\000f\000l\000o\000w}{section.9.1}% 274
\BOOKMARK [2][-]{subsection.9.1.2}{\376\377\000B\000u\000f\000f\000e\000r\000\040\000O\000v\000e\000r\000f\000l\000o\000w\000\040\000V\000u\000l\000n\000e\000r\000a\000b\000i\000l\000i\000t\000i\000e\000s}{section.9.1}% 275
\BOOKMARK [2][-]{subsection.9.1.3}{\376\377\000B\000u\000f\000f\000e\000r\000\040\000O\000v\000e\000r\000r\000e\000a\000d}{section.9.1}% 276
\BOOKMARK [2][-]{subsection.9.1.4}{\376\377\000I\000n\000c\000o\000m\000p\000l\000e\000t\000e\000\040\000M\000e\000d\000i\000a\000t\000i\000o\000n}{section.9.1}% 277
\BOOKMARK [2][-]{subsection.9.1.5}{\376\377\000T\000i\000m\000e\000-\000o\000f\000-\000c\000h\000e\000c\000k\000\040\000t\000o\000\040\000T\000i\000m\000e\000-\000o\000f\000-\000u\000s\000e\000\040\000\050\000T\000O\000C\000T\000T\000O\000U\000\051}{section.9.1}% 278
\BOOKMARK [2][-]{subsection.9.1.6}{\376\377\000D\000e\000t\000e\000c\000t\000i\000o\000n\000\040\000o\000f\000\040\000P\000r\000o\000g\000r\000a\000m\000m\000i\000n\000g\000\040\000E\000r\000r\000o\000r\000s}{section.9.1}% 279
\BOOKMARK [1][-]{section.9.2}{\376\377\000M\000a\000l\000i\000c\000i\000o\000u\000s\000\040\000C\000o\000d\000e}{chapter.9}% 280
\BOOKMARK [2][-]{subsection.9.2.1}{\376\377\000V\000i\000r\000u\000s\000\040\000A\000t\000t\000a\000c\000k\000s}{section.9.2}% 281
\BOOKMARK [2][-]{subsection.9.2.2}{\376\377\000W\000o\000r\000m\000\040\000a\000t\000t\000a\000c\000k\000s}{section.9.2}% 282
\BOOKMARK [2][-]{subsection.9.2.3}{\376\377\000A\000n\000t\000i\000v\000i\000r\000u\000s\000\040\000S\000y\000s\000t\000e\000m\000s}{section.9.2}% 283
\BOOKMARK [2][-]{subsection.9.2.4}{\376\377\000E\000x\000p\000l\000o\000i\000t\000a\000t\000i\000o\000n\000\040\000o\000f\000\040\000U\000n\000p\000u\000b\000l\000i\000s\000h\000e\000d\000\040\000V\000u\000l\000n\000e\000r\000a\000b\000i\000l\000i\000t\000i\000e\000s}{section.9.2}% 284
\BOOKMARK [1][-]{section.9.3}{\376\377\000S\000Q\000L\000\040\000I\000n\000j\000e\000c\000t\000i\000o\000n}{chapter.9}% 285
\BOOKMARK [2][-]{subsection.9.3.1}{\376\377\000C\000o\000u\000n\000t\000e\000r\000m\000e\000a\000s\000u\000r\000e\000s}{section.9.3}% 286
\BOOKMARK [1][-]{section.9.4}{\376\377\000L\000D\000A\000P\000\040\000I\000n\000j\000e\000c\000t\000i\000o\000n}{chapter.9}% 287
\BOOKMARK [2][-]{subsection.9.4.1}{\376\377\000L\000D\000A\000P\000\040\000S\000e\000a\000r\000c\000h\000e\000s}{section.9.4}% 288
\BOOKMARK [1][-]{section.9.5}{\376\377\000H\000T\000T\000P\000-\000b\000a\000s\000e\000d\000\040\000A\000p\000p\000l\000i\000c\000a\000t\000i\000o\000n\000s}{chapter.9}% 289
\BOOKMARK [2][-]{subsection.9.5.1}{\376\377\000H\000T\000T\000P\000\040\000A\000u\000t\000h\000e\000n\000t\000i\000c\000a\000t\000i\000o\000n}{section.9.5}% 290
\BOOKMARK [2][-]{subsection.9.5.2}{\376\377\000H\000T\000T\000P\000\040\000B\000a\000s\000i\000c\000\040\000A\000u\000t\000h\000e\000n\000t\000i\000c\000a\000t\000i\000o\000n}{section.9.5}% 291
\BOOKMARK [1][-]{section.9.6}{\376\377\000A\000\040\000S\000h\000o\000r\000t\000\040\000I\000n\000t\000e\000r\000l\000u\000d\000e\000:\000\040\000B\000a\000s\000e\0006\0004\000\040\000E\000n\000c\000o\000d\000i\000n\000g}{chapter.9}% 292
\BOOKMARK [2][-]{subsection.9.6.1}{\376\377\000H\000T\000T\000P\000\040\000D\000i\000g\000e\000s\000t\000\040\000A\000u\000t\000h\000e\000n\000t\000i\000c\000a\000t\000i\000o\000n}{section.9.6}% 293
\BOOKMARK [2][-]{subsection.9.6.2}{\376\377\000V\000u\000l\000n\000e\000r\000a\000b\000i\000l\000i\000t\000i\000e\000s\000\040\000i\000n\000\040\000H\000T\000T\000P\000\040\000A\000u\000t\000h\000e\000n\000t\000i\000c\000a\000t\000i\000o\000n}{section.9.6}% 294
\BOOKMARK [2][-]{subsection.9.6.3}{\376\377\000H\000T\000T\000P\000\040\000C\000o\000o\000k\000i\000e\000s}{section.9.6}% 295
\BOOKMARK [2][-]{subsection.9.6.4}{\376\377\000S\000e\000s\000s\000i\000o\000n\000I\000D\000s}{section.9.6}% 296
\BOOKMARK [2][-]{subsection.9.6.5}{\376\377\000W\000e\000b\000f\000o\000r\000m\000s}{section.9.6}% 297
\BOOKMARK [2][-]{subsection.9.6.6}{\376\377\000M\000o\000b\000i\000l\000e\000\040\000c\000o\000d\000e}{section.9.6}% 298
\BOOKMARK [2][-]{subsection.9.6.7}{\376\377\000S\000e\000c\000u\000r\000i\000t\000y\000\040\000w\000i\000t\000h\000\040\000J\000a\000v\000a\000\040\000A\000p\000p\000l\000e\000t\000s}{section.9.6}% 299
\BOOKMARK [2][-]{subsection.9.6.8}{\376\377\000S\000e\000c\000u\000r\000i\000t\000y\000\040\000w\000i\000t\000h\000\040\000A\000c\000t\000i\000v\000e\000X}{section.9.6}% 300
\BOOKMARK [2][-]{subsection.9.6.9}{\376\377\000S\000e\000c\000u\000r\000i\000t\000y\000\040\000Z\000o\000n\000e\000s}{section.9.6}% 301
\BOOKMARK [2][-]{subsection.9.6.10}{\376\377\000W\000e\000b\000\040\000S\000e\000r\000v\000e\000r\000\040\000V\000u\000l\000n\000e\000r\000a\000b\000i\000l\000i\000t\000i\000e\000s}{section.9.6}% 302
\BOOKMARK [2][-]{subsection.9.6.11}{\376\377\000X\000S\000S\000:\000\040\000C\000r\000o\000s\000s\000-\000s\000i\000t\000e\000\040\000S\000c\000r\000i\000p\000t\000i\000n\000g}{section.9.6}% 303
\BOOKMARK [2][-]{subsection.9.6.12}{\376\377\000D\000y\000n\000a\000m\000i\000c\000\040\000G\000e\000n\000e\000r\000a\000t\000i\000o\000n\000\040\000o\000f\000\040\000C\000o\000n\000t\000e\000n\000t}{section.9.6}% 304
\BOOKMARK [1][-]{section.9.7}{\376\377\000T\000a\000r\000g\000e\000t\000s\000\040\000f\000o\000r\000\040\000S\000o\000f\000t\000w\000a\000r\000e\000\040\000S\000e\000c\000u\000r\000i\000t\000y}{chapter.9}% 305
\BOOKMARK [1][-]{section.9.8}{\376\377\000U\000s\000e\000f\000u\000l\000\040\000c\000o\000n\000c\000e\000p\000t\000s\000\040\000w\000h\000i\000c\000h\000\040\000y\000o\000u\000\040\000s\000h\000o\000u\000l\000d\000\040\000n\000o\000w\000\040\000k\000n\000o\000w\000\040\000a\000b\000o\000u\000t}{chapter.9}% 306
\BOOKMARK [1][-]{section.9.9}{\376\377\000F\000u\000r\000t\000h\000e\000r\000\040\000R\000e\000a\000d\000i\000n\000g}{chapter.9}% 307
\BOOKMARK [2][-]{subsection.9.9.1}{\376\377\000B\000a\000s\000i\000c\000\040\000a\000u\000t\000h\000e\000n\000t\000i\000c\000a\000t\000i\000o\000n\000\040\000i\000\040\000H\000T\000T\000P}{section.9.9}% 308
\BOOKMARK [2][-]{subsection.9.9.2}{\376\377\000A\000\040\000m\000y\000t\000h\000\040\000a\000b\000o\000u\000t\000\040\000t\000h\000e\000\040\000I\000n\000t\000e\000r\000n\000e\000t\000?\000\040\000\050\0001\000\051}{section.9.9}% 309
\BOOKMARK [2][-]{subsection.9.9.3}{\376\377\000A\000\040\000m\000y\000t\000h\000\040\000a\000b\000o\000u\000t\000\040\000t\000h\000e\000\040\000I\000n\000t\000e\000r\000n\000e\000t\000?\000\040\000\050\0002\000\051}{section.9.9}% 310
\BOOKMARK [2][-]{subsection.9.9.4}{\376\377\000D\000e\000t\000e\000c\000t\000i\000o\000n\000\040\000o\000f\000\040\000r\000o\000o\000t\000k\000i\000t\000s}{section.9.9}% 311
\BOOKMARK [2][-]{subsection.9.9.5}{\376\377\000-\000d\000a\000y\000\040\000a\000t\000t\000a\000c\000k\000s}{section.9.9}% 312
\BOOKMARK [2][-]{subsection.9.9.6}{\376\377\000T\000h\000e\000\040\000B\000l\000o\000t\000t\000o\000X\000\040\000w\000o\000r\000m}{section.9.9}% 313
\BOOKMARK [2][-]{subsection.9.9.7}{\376\377\000T\000O\000C\000T\000T\000O\000U\000\040\000f\000l\000a\000w\000s}{section.9.9}% 314
\BOOKMARK [1][-]{section.9.10}{\376\377\000I\000n\000c\000i\000d\000e\000n\000t\000\040\000H\000a\000n\000d\000l\000i\000n\000g\000\040\000a\000n\000d\000\040\000S\000y\000s\000t\000e\000m\000\040\000A\000v\000a\000i\000l\000a\000b\000i\000l\000i\000t\000y}{chapter.9}% 315
\BOOKMARK [1][-]{section.9.11}{\376\377\000R\000e\000a\000c\000t\000i\000n\000g\000\040\000t\000o\000\040\000S\000e\000c\000u\000r\000i\000t\000y\000\040\000I\000n\000c\000i\000d\000e\000n\000t\000s}{chapter.9}% 316
\BOOKMARK [2][-]{subsection.9.11.1}{\376\377\000I\000n\000c\000i\000d\000e\000n\000t\000\040\000R\000e\000p\000o\000r\000t\000i\000n\000g}{section.9.11}% 317
\BOOKMARK [1][-]{section.9.12}{\376\377\000D\000u\000t\000y\000\040\000t\000o\000\040\000r\000e\000p\000o\000r\000t\000\040\000s\000u\000s\000p\000i\000c\000i\000o\000u\000s\000\040\000e\000v\000e\000n\000t\000s}{chapter.9}% 318
\BOOKMARK [2][-]{subsection.9.12.1}{\376\377\000I\000n\000v\000e\000s\000t\000i\000g\000a\000t\000i\000o\000n\000\040\000o\000f\000\040\000S\000e\000c\000u\000r\000i\000t\000y\000\040\000I\000n\000c\000i\000d\000e\000n\000t\000s}{section.9.12}% 319
\BOOKMARK [2][-]{subsection.9.12.2}{\376\377\000I\000n\000v\000e\000s\000t\000i\000g\000a\000t\000i\000o\000n\000\040\000o\000f\000\040\000S\000m\000a\000r\000t\000p\000h\000o\000n\000e\000s}{section.9.12}% 320
\BOOKMARK [2][-]{subsection.9.12.3}{\376\377\000I\000n\000v\000e\000s\000t\000i\000g\000a\000t\000i\000o\000n\000\040\000o\000f\000\040\000E\000n\000c\000r\000y\000p\000t\000e\000d\000\040\000D\000a\000t\000a}{section.9.12}% 321
\BOOKMARK [1][-]{section.9.13}{\376\377\000B\000u\000s\000i\000n\000e\000s\000s\000\040\000C\000o\000n\000t\000i\000n\000u\000i\000t\000y\000\040\000P\000l\000a\000n\000n\000i\000n\000g}{chapter.9}% 322
\BOOKMARK [1][-]{section.9.14}{\376\377\000R\000e\000q\000u\000i\000r\000e\000m\000e\000n\000t\000s\000\040\000\050\000B\000C\000P\000\040\000t\000a\000r\000g\000e\000t\000\051}{chapter.9}% 323
\BOOKMARK [2][-]{subsection.9.14.1}{\376\377\000T\000h\000e\000\040\000B\000C\000P\000\040\000P\000r\000o\000c\000e\000s\000s}{section.9.14}% 324
\BOOKMARK [2][-]{subsection.9.14.2}{\376\377\000B\000C\000P\000\040\000A\000n\000a\000l\000y\000s\000i\000s}{section.9.14}% 325
\BOOKMARK [2][-]{subsection.9.14.3}{\376\377\000B\000C\000P\000\040\000R\000e\000s\000o\000u\000r\000c\000e\000\040\000R\000e\000q\000u\000i\000r\000e\000m\000e\000n\000t\000s}{section.9.14}% 326
\BOOKMARK [1][-]{section.9.15}{\376\377\000D\000i\000s\000a\000s\000t\000e\000r\000\040\000R\000e\000c\000o\000v\000e\000r\000y\000\040\000P\000l\000a\000n\000n\000i\000n\000g}{chapter.9}% 327
\BOOKMARK [2][-]{subsection.9.15.1}{\376\377\000P\000h\000a\000s\000e\000s\000\040\000o\000f\000\040\000R\000e\000c\000o\000v\000e\000r\000y}{section.9.15}% 328
\BOOKMARK [2][-]{subsection.9.15.2}{\376\377\000D\000R\000P\000\040\000S\000t\000r\000a\000t\000e\000g\000i\000e\000s}{section.9.15}% 329
\BOOKMARK [2][-]{subsection.9.15.3}{\376\377\000D\000R\000P\000\040\000T\000e\000s\000t\000i\000n\000g}{section.9.15}% 330
\BOOKMARK [1][-]{section.9.16}{\376\377\000S\000e\000c\000u\000r\000i\000t\000y\000\040\000A\000w\000a\000r\000e\000n\000e\000s\000s}{chapter.9}% 331
\BOOKMARK [1][-]{section.9.17}{\376\377\000L\000o\000o\000k\000\040\000a\000f\000t\000e\000r\000\040\000y\000o\000u\000r\000\040\000p\000r\000i\000v\000a\000t\000e\000\040\000d\000a\000t\000a\000!\000\040\000D\000a\000t\000a\000\040\000t\000h\000i\000e\000v\000e\000s\000\040\000a\000r\000e\000\040\000a\000f\000t\000e\000r\000\040\000t\000h\000e\000m\000.}{chapter.9}% 332
\BOOKMARK [2][-]{subsection.9.17.1}{\376\377\000T\000h\000e\000\040\000r\000e\000c\000o\000v\000e\000r\000y\000\040\000p\000l\000a\000n}{section.9.17}% 333
\BOOKMARK [2][-]{subsection.9.17.2}{\376\377\000T\000e\000s\000t\000i\000n\000g\000\040\000t\000h\000e\000\040\000r\000e\000c\000o\000v\000e\000r\000y\000\040\000p\000l\000a\000n}{section.9.17}% 334
\BOOKMARK [2][-]{subsection.9.17.3}{\376\377\000B\000a\000c\000k\000u\000p\000\040\000i\000n\000\040\000t\000h\000e\000\040\000c\000l\000o\000u\000d}{section.9.17}% 335
\BOOKMARK [2][-]{subsection.9.17.4}{\376\377\000I\000n\000c\000i\000d\000e\000n\000t\000s\000\040\000a\000n\000d\000\040\000d\000i\000s\000a\000s\000t\000e\000r\000s}{section.9.17}% 336
\BOOKMARK [2][-]{subsection.9.17.5}{\376\377\000M\000e\000m\000o\000r\000y\000\040\000a\000n\000a\000l\000y\000s\000i\000s}{section.9.17}% 337
\BOOKMARK [2][-]{subsection.9.17.6}{\376\377\000T\000h\000e\000\040\000a\000w\000a\000r\000e\000n\000e\000s\000s\000\040\000c\000a\000m\000p\000a\000i\000g\000n}{section.9.17}% 338
\BOOKMARK [2][-]{subsection.9.17.7}{\376\377\000I\000m\000p\000a\000c\000t\000\040\000a\000n\000a\000l\000y\000s\000i\000s}{section.9.17}% 339
\BOOKMARK [0][-]{chapter.10}{\376\377\000L\000a\000w\000\040\000a\000n\000d\000\040\000E\000t\000h\000i\000c\000s}{}% 340
\BOOKMARK [1][-]{section.10.1}{\376\377\000C\000o\000m\000p\000u\000t\000e\000r\000\040\000C\000r\000i\000m\000e}{chapter.10}% 341
\BOOKMARK [2][-]{subsection.10.1.1}{\376\377\000W\000h\000i\000c\000h\000\040\000A\000c\000t\000s\000\040\000M\000u\000s\000t\000\040\000B\000e\000\040\000C\000o\000n\000s\000i\000d\000e\000r\000e\000d\000\040\000I\000l\000l\000e\000g\000a\000l\000?}{section.10.1}% 342
\BOOKMARK [2][-]{subsection.10.1.2}{\376\377\000W\000h\000i\000c\000h\000\040\000P\000o\000w\000e\000r\000s\000\040\000M\000u\000s\000t\000\040\000B\000e\000\040\000A\000v\000a\000i\000l\000a\000b\000l\000e\000?}{section.10.1}% 343
\BOOKMARK [2][-]{subsection.10.1.3}{\376\377\000J\000u\000r\000i\000s\000d\000i\000c\000t\000i\000o\000n}{section.10.1}% 344
\BOOKMARK [2][-]{subsection.10.1.4}{\376\377\000I\000n\000t\000e\000r\000n\000a\000t\000i\000o\000n\000a\000l\000\040\000R\000u\000l\000e\000s\000\040\000i\000n\000\040\000t\000h\000e\000\040\000C\000o\000n\000v\000e\000n\000t\000i\000o\000n}{section.10.1}% 345
\BOOKMARK [2][-]{subsection.10.1.5}{\376\377\000A\000n\000t\000i\000-\000t\000e\000r\000r\000o\000r\000\040\000L\000a\000w\000s}{section.10.1}% 346
\BOOKMARK [1][-]{section.10.2}{\376\377\000P\000r\000o\000t\000e\000c\000t\000i\000o\000n\000\040\000o\000f\000\040\000P\000e\000r\000s\000o\000n\000a\000l\000\040\000D\000a\000t\000a}{chapter.10}% 347
\BOOKMARK [1][-]{section.10.3}{\376\377\000D\000e\000f\000i\000n\000i\000t\000i\000o\000n\000\040\000\050\000G\000D\000P\000R\000\040\000t\000e\000r\000m\000s\000\040\000\050\000S\000o\000u\000r\000c\000e\000:\000\040\000[\0003\0002\000]\000\051\000\051}{chapter.10}% 348
\BOOKMARK [2][-]{subsection.10.3.1}{\376\377\000I\000m\000p\000o\000r\000t\000a\000n\000t\000\040\000C\000o\000n\000c\000e\000p\000t\000s}{section.10.3}% 349
\BOOKMARK [2][-]{subsection.10.3.2}{\376\377\000G\000e\000n\000e\000r\000a\000l\000\040\000R\000u\000l\000e\000s}{section.10.3}% 350
\BOOKMARK [2][-]{subsection.10.3.3}{\376\377\000C\000l\000a\000s\000s\000e\000s\000\040\000o\000f\000\040\000P\000e\000r\000s\000o\000n\000a\000l\000\040\000D\000a\000t\000a}{section.10.3}% 351
\BOOKMARK [1][-]{section.10.4}{\376\377\000D\000e\000f\000i\000n\000i\000t\000i\000o\000n\000\040\000\050\000S\000e\000n\000s\000i\000t\000i\000v\000e\000\040\000p\000e\000r\000s\000o\000n\000a\000l\000\040\000d\000a\000t\000a\000\040\000\050\000S\000o\000u\000r\000c\000e\000:\000\040\000[\0003\0002\000]\000\051\000\051}{chapter.10}% 352
\BOOKMARK [2][-]{subsection.10.4.1}{\376\377\000T\000r\000a\000n\000s\000f\000e\000r\000\040\000o\000f\000\040\000P\000e\000r\000s\000o\000n\000a\000l\000\040\000D\000a\000t\000a\000\040\000t\000o\000\040\000T\000h\000i\000r\000d\000\040\000C\000o\000u\000n\000t\000r\000i\000e\000s}{section.10.4}% 353
\BOOKMARK [2][-]{subsection.10.4.2}{\376\377\000T\000h\000e\000\040\000D\000a\000t\000a\000\040\000S\000u\000b\000j\000e\000c\000t\000'\000s\000\040\000R\000i\000g\000h\000t\000s}{section.10.4}% 354
\BOOKMARK [1][-]{section.10.5}{\376\377\000D\000e\000f\000i\000n\000i\000t\000i\000o\000n\000\040\000\050\000D\000a\000t\000a\000\040\000s\000u\000b\000j\000e\000c\000t\000'\000s\000\040\000r\000i\000g\000h\000t\000s\000\040\000\050\000S\000o\000u\000r\000c\000e\000:\000\040\000[\0003\0002\000]\000\051\000\051}{chapter.10}% 355
\BOOKMARK [2][-]{subsection.10.5.1}{\376\377\000S\000e\000c\000u\000r\000i\000t\000y\000\040\000o\000f\000\040\000P\000r\000o\000c\000e\000s\000s\000i\000n\000g}{section.10.5}% 356
\BOOKMARK [2][-]{subsection.10.5.2}{\376\377\000L\000e\000a\000k\000a\000g\000e\000s}{section.10.5}% 357
\BOOKMARK [2][-]{subsection.10.5.3}{\376\377\000A\000u\000t\000h\000o\000r\000i\000t\000i\000e\000s}{section.10.5}% 358
\BOOKMARK [2][-]{subsection.10.5.4}{\376\377\000C\000o\000d\000e\000s\000\040\000o\000f\000\040\000C\000o\000n\000d\000u\000c\000t\000\040\000a\000n\000d\000\040\000C\000e\000r\000t\000i\000f\000i\000c\000a\000t\000i\000o\000n}{section.10.5}% 359
\BOOKMARK [2][-]{subsection.10.5.5}{\376\377\000L\000e\000g\000a\000l\000\040\000R\000e\000s\000p\000o\000n\000s\000i\000b\000i\000l\000i\000t\000y\000\040\000a\000n\000d\000\040\000P\000e\000n\000a\000l\000t\000i\000e\000s}{section.10.5}% 360
\BOOKMARK [1][-]{section.10.6}{\376\377\000P\000r\000o\000t\000e\000c\000t\000i\000o\000n\000\040\000o\000f\000\040\000H\000e\000a\000l\000t\000h\000c\000a\000r\000e\000\040\000D\000a\000t\000a}{chapter.10}% 361
\BOOKMARK [2][-]{subsection.10.6.1}{\376\377\000W\000h\000o\000\040\000H\000a\000s\000\040\000A\000c\000c\000e\000s\000s\000\040\000t\000o\000\040\000H\000e\000a\000l\000t\000h\000\040\000D\000a\000t\000a\000?}{section.10.6}% 362
\BOOKMARK [1][-]{section.10.7}{\376\377\000E\000t\000h\000i\000c\000s}{chapter.10}% 363
\BOOKMARK [2][-]{subsection.10.7.1}{\376\377\000D\000a\000t\000a\000m\000i\000n\000i\000n\000g}{section.10.7}% 364
\BOOKMARK [2][-]{subsection.10.7.2}{\376\377\000T\000r\000a\000c\000k\000i\000n\000g}{section.10.7}% 365
\BOOKMARK [2][-]{subsection.10.7.3}{\376\377\000P\000r\000o\000t\000e\000c\000t\000i\000o\000n\000\040\000A\000g\000a\000i\000n\000s\000t\000\040\000B\000r\000e\000a\000c\000h\000e\000s\000\040\000o\000f\000\040\000P\000r\000i\000v\000a\000c\000y}{section.10.7}% 366
\BOOKMARK [1][-]{section.10.8}{\376\377\000U\000s\000e\000f\000u\000l\000\040\000c\000o\000n\000c\000e\000p\000t\000s\000\040\000w\000h\000i\000c\000h\000\040\000y\000o\000u\000\040\000s\000h\000o\000u\000l\000d\000\040\000n\000o\000w\000\040\000k\000n\000o\000w\000\040\000a\000b\000o\000u\000t}{chapter.10}% 367
\BOOKMARK [1][-]{section.10.9}{\376\377\000F\000u\000r\000t\000h\000e\000r\000\040\000r\000e\000a\000d\000i\000n\000g}{chapter.10}% 368
\BOOKMARK [2][-]{subsection.10.9.1}{\376\377\000P\000u\000b\000l\000i\000c\000a\000t\000i\000o\000n\000\040\000o\000f\000\040\000p\000i\000c\000t\000u\000r\000e\000s}{section.10.9}% 369
\BOOKMARK [2][-]{subsection.10.9.2}{\376\377\000P\000u\000b\000l\000i\000c\000a\000t\000i\000o\000n\000\040\000o\000f\000\040\000p\000e\000r\000s\000o\000n\000a\000l\000\040\000i\000d\000e\000n\000t\000i\000t\000y\000\040\000n\000u\000m\000b\000e\000r\000s}{section.10.9}% 370
\BOOKMARK [2][-]{subsection.10.9.3}{\376\377\000P\000u\000b\000l\000i\000c\000\040\000w\000e\000b\000\040\000p\000a\000g\000e\000s\000\040\000f\000o\000r\000\040\000a\000\040\000h\000o\000s\000p\000i\000t\000a\000l}{section.10.9}% 371
\BOOKMARK [2][-]{subsection.10.9.4}{\376\377\000A\000\040\000h\000o\000s\000p\000i\000t\000a\000l\000\040\000d\000a\000t\000a\000b\000a\000s\000e\000\040\000s\000y\000s\000t\000e\000m}{section.10.9}% 372
\BOOKMARK [2][-]{subsection.10.9.5}{\376\377\000C\000h\000e\000c\000k\000i\000n\000g\000\040\000a\000\040\000h\000o\000s\000p\000i\000t\000a\000l\000'\000s\000\040\000f\000i\000l\000e\000s}{section.10.9}% 373
\BOOKMARK [2][-]{subsection.10.9.6}{\376\377\000A\000c\000c\000e\000s\000s\000\040\000t\000o\000\040\000t\000h\000e\000\040\000E\000P\000R\000\040\000s\000y\000s\000t\000e\000m}{section.10.9}% 374
\BOOKMARK [2][-]{subsection.10.9.7}{\376\377\000P\000a\000t\000i\000e\000n\000t\000\040\000d\000a\000t\000a\000\040\000i\000n\000\040\000a\000n\000\040\000E\000P\000R}{section.10.9}% 375
\BOOKMARK [2][-]{subsection.10.9.8}{\376\377\000T\000h\000e\000\040\000E\000r\000e\000w\000h\000o\000n\000\040\000G\000o\000s\000p\000e\000l\000\040\000C\000h\000o\000i\000r\000\040\000\050\0001\000\051}{section.10.9}% 376
\BOOKMARK [2][-]{subsection.10.9.9}{\376\377\000T\000h\000e\000\040\000E\000r\000e\000w\000h\000o\000n\000\040\000G\000o\000s\000p\000e\000l\000\040\000C\000h\000o\000i\000r\000\040\000\050\0002\000\051}{section.10.9}% 377
\BOOKMARK [2][-]{subsection.10.9.10}{\376\377\000C\000o\000l\000l\000e\000c\000t\000i\000o\000n\000\040\000o\000f\000\040\000c\000o\000n\000t\000e\000n\000t\000\040\000d\000a\000t\000a\000\040\000f\000r\000o\000m\000\040\000c\000o\000m\000m\000u\000n\000i\000c\000a\000t\000i\000o\000n}{section.10.9}% 378
\BOOKMARK [2][-]{subsection.10.9.11}{\376\377\000F\000a\000l\000s\000e\000\040\000F\000a\000c\000e\000b\000o\000o\000k\000\040\000p\000r\000o\000f\000i\000l\000e\000s}{section.10.9}% 379
\BOOKMARK [2][-]{subsection.10.9.12}{\376\377\000S\000e\000c\000u\000r\000i\000t\000y\000\040\000t\000a\000r\000g\000e\000t\000s\000\040\000f\000o\000r\000\040\000p\000e\000r\000s\000o\000n\000a\000l\000\040\000i\000n\000f\000o\000r\000m\000a\000t\000i\000o\000n}{section.10.9}% 380
\BOOKMARK [1][-]{section.10.10}{\376\377\000E\000p\000i\000l\000o\000g\000u\000e}{chapter.10}% 381
\BOOKMARK [1][-]{section.10.11}{\376\377\000W\000h\000a\000t\000'\000s\000\040\000i\000n\000\040\000t\000h\000e\000\040\000B\000o\000x\000?}{chapter.10}% 382
\BOOKMARK [1][-]{section.10.12}{\376\377\000H\000a\000r\000d\000w\000a\000r\000e}{chapter.10}% 383
\BOOKMARK [1][-]{section.10.13}{\376\377\000D\000i\000s\000k\000s}{chapter.10}% 384
\BOOKMARK [1][-]{section.10.14}{\376\377\000I\000n\000p\000u\000t\000\040\000a\000n\000d\000\040\000O\000u\000t\000p\000u\000t\000\040\000\050\000I\000/\000O\000\051\000\040\000U\000n\000i\000t\000s}{chapter.10}% 385
\BOOKMARK [1][-]{section.10.15}{\376\377\000A\000t\000t\000a\000c\000h\000m\000e\000n\000t\000\040\000o\000f\000\040\000I\000/\000O\000\040\000U\000n\000i\000t\000s}{chapter.10}% 386
\BOOKMARK [1][-]{section.10.16}{\376\377\000C\000o\000m\000m\000u\000n\000i\000c\000a\000t\000i\000o\000n\000\040\000U\000n\000i\000t\000s}{chapter.10}% 387
\BOOKMARK [1][-]{section.10.17}{\376\377\000P\000o\000w\000e\000r\000\040\000S\000u\000p\000p\000l\000i\000e\000s}{chapter.10}% 388
\BOOKMARK [1][-]{section.10.18}{\376\377\000S\000o\000f\000t\000w\000a\000r\000e}{chapter.10}% 389
\BOOKMARK [1][-]{section.10.19}{\376\377\000T\000h\000e\000\040\000O\000p\000e\000r\000a\000t\000i\000n\000g\000\040\000S\000y\000s\000t\000e\000m}{chapter.10}% 390
\BOOKMARK [1][-]{section.10.20}{\376\377\000F\000i\000r\000m\000w\000a\000r\000e}{chapter.10}% 391
\BOOKMARK [1][-]{section.10.21}{\376\377\000U\000t\000i\000l\000i\000t\000y\000\040\000P\000r\000o\000g\000r\000a\000m\000s}{chapter.10}% 392
\BOOKMARK [1][-]{section.10.22}{\376\377\000A\000p\000p\000l\000i\000c\000a\000t\000i\000o\000n\000\040\000P\000r\000o\000g\000r\000a\000m\000s}{chapter.10}% 393
\BOOKMARK [1][-]{section.10.23}{\376\377\000W\000h\000a\000t\000\040\000i\000s\000\040\000i\000n\000\040\000y\000o\000u\000r\000\040\000b\000o\000x\000?}{chapter.10}% 394
\BOOKMARK [0][-]{chapter.11}{\376\377\000A\000p\000p\000e\000n\000d\000i\000x\000\040\000B\000\040\000M\000a\000t\000h\000e\000m\000a\000t\000i\000c\000s}{}% 395
\BOOKMARK [1][-]{section.11.1}{\376\377\000B\000a\000s\000i\000c\000\040\000C\000o\000n\000c\000e\000p\000t\000s}{chapter.11}% 396
\BOOKMARK [1][-]{section.11.2}{\376\377\000F\000e\000r\000m\000a\000t\000'\000s\000\040\000F\000a\000c\000t\000o\000r\000i\000s\000a\000t\000i\000o\000n\000\040\000A\000l\000g\000o\000r\000i\000t\000h\000m}{chapter.11}% 397
\BOOKMARK [1][-]{section.11.3}{\376\377\000A\000l\000g\000o\000r\000i\000t\000h\000m\000\040\000B\000.\0001\000\040\000\050\000F\000e\000r\000m\000a\000t\000'\000s\000\040\000F\000a\000c\000t\000o\000r\000i\000s\000a\000t\000i\000o\000n\000\040\000A\000l\000g\000o\000r\000i\000t\000h\000m\000\051}{chapter.11}% 398
\BOOKMARK [1][-]{section.11.4}{\376\377\000E\000u\000c\000l\000i\000d\000'\000s\000\040\000A\000l\000g\000o\000r\000i\000t\000h\000m}{chapter.11}% 399
\BOOKMARK [1][-]{section.11.5}{\376\377\000A\000l\000g\000o\000r\000i\000t\000h\000m\000\040\000\050\000E\000u\000c\000l\000i\000d\000'\000s\000\040\000A\000l\000g\000o\000r\000i\000t\000h\000m\000\051}{chapter.11}% 400
\BOOKMARK [1][-]{section.11.6}{\376\377\000E\000u\000c\000l\000i\000d\000'\000s\000\040\000E\000x\000t\000e\000n\000d\000e\000d\000\040\000A\000l\000g\000o\000r\000i\000t\000h\000m}{chapter.11}% 401
\BOOKMARK [1][-]{section.11.7}{\376\377\000A\000l\000g\000o\000r\000i\000t\000h\000m\000\040\000\050\000E\000u\000c\000l\000i\000d\000'\000s\000\040\000E\000x\000t\000e\000n\000d\000e\000d\000\040\000A\000l\000g\000o\000r\000i\000t\000h\000m\000\051}{chapter.11}% 402
\BOOKMARK [1][-]{section.11.8}{\376\377\000C\000a\000l\000c\000u\000l\000a\000t\000i\000o\000n\000\040\000o\000f\000\040\000a\000n\000\040\000I\000n\000v\000e\000r\000s\000e\000\040\000m\000o\000d\000u\000l\000o\000\040\000n}{chapter.11}% 403
\BOOKMARK [1][-]{section.11.9}{\376\377\000T\000h\000e\000\040\000C\000h\000i\000n\000e\000s\000e\000\040\000R\000e\000m\000a\000i\000n\000d\000e\000r\000\040\000T\000h\000e\000o\000r\000e\000m}{chapter.11}% 404
\BOOKMARK [1][-]{section.11.10}{\376\377\000T\000h\000e\000o\000r\000e\000m\000\040\000\050\000C\000h\000i\000n\000e\000s\000e\000\040\000R\000e\000m\000a\000i\000n\000d\000e\000r\000\040\000T\000h\000e\000o\000r\000e\000m\000\051}{chapter.11}% 405
\BOOKMARK [1][-]{section.11.11}{\376\377\000W\000h\000y\000\040\000D\000o\000e\000s\000\040\000R\000S\000A\000\040\000W\000o\000r\000k\000?}{chapter.11}% 406
\BOOKMARK [1][-]{section.11.12}{\376\377\000A\000\040\000C\000o\000m\000m\000o\000n\000-\000m\000o\000d\000u\000l\000u\000s\000\040\000A\000t\000t\000a\000c\000k\000\040\000o\000n\000\040\000R\000S\000A}{chapter.11}% 407
\BOOKMARK [1][-]{section.11.13}{\376\377\000T\000h\000e\000\040\000B\000i\000r\000t\000h\000d\000a\000y\000\040\000P\000a\000r\000a\000d\000o\000x}{chapter.11}% 408
\BOOKMARK [0][-]{chapter.12}{\376\377\000A\000p\000p\000e\000n\000d\000i\000x\000\040\000C\000\040\000A\000c\000r\000o\000n\000y\000m\000s}{}% 409
\BOOKMARK [0][-]{chapter.13}{\376\377\000R\000e\000f\000e\000r\000e\000n\000c\000e\000s}{}% 410
\BOOKMARK [1][-]{section.13.1}{\376\377\000S\000y\000m\000b\000o\000l\000s}{chapter.13}% 411
\BOOKMARK [1][-]{section.13.2}{\376\377\000B}{chapter.13}% 412
\BOOKMARK [1][-]{section.13.3}{\376\377\000C}{chapter.13}% 413
\BOOKMARK [1][-]{section.13.4}{\376\377\000D}{chapter.13}% 414
\BOOKMARK [1][-]{section.13.5}{\376\377\000E}{chapter.13}% 415
\BOOKMARK [1][-]{section.13.6}{\376\377\000F}{chapter.13}% 416
\BOOKMARK [1][-]{section.13.7}{\376\377\000G}{chapter.13}% 417
\BOOKMARK [1][-]{section.13.8}{\376\377\000H}{chapter.13}% 418
\BOOKMARK [1][-]{section.13.9}{\376\377\000I}{chapter.13}% 419
\BOOKMARK [1][-]{section.13.10}{\376\377\000J}{chapter.13}% 420
\BOOKMARK [1][-]{section.13.11}{\376\377\000K}{chapter.13}% 421
\BOOKMARK [1][-]{section.13.12}{\376\377\000L}{chapter.13}% 422
\BOOKMARK [1][-]{section.13.13}{\376\377\000M}{chapter.13}% 423
\BOOKMARK [1][-]{section.13.14}{\376\377\000N}{chapter.13}% 424
\BOOKMARK [1][-]{section.13.15}{\376\377\000O}{chapter.13}% 425
\BOOKMARK [1][-]{section.13.16}{\376\377\000P}{chapter.13}% 426
\BOOKMARK [1][-]{section.13.17}{\376\377\000Q}{chapter.13}% 427
\BOOKMARK [1][-]{section.13.18}{\376\377\000R}{chapter.13}% 428
\BOOKMARK [1][-]{section.13.19}{\376\377\000S}{chapter.13}% 429
\BOOKMARK [1][-]{section.13.20}{\376\377\000T}{chapter.13}% 430
\BOOKMARK [1][-]{section.13.21}{\376\377\000U}{chapter.13}% 431
\BOOKMARK [1][-]{section.13.22}{\376\377\000V}{chapter.13}% 432
\BOOKMARK [1][-]{section.13.23}{\376\377\000W}{chapter.13}% 433
