\BOOKMARK [1][-]{section.0.1}{\376\377\000A\000l\000g\000o\000r\000i\000t\000h\000m\000\040\000D\000e\000s\000i\000g\000n}{}% 1
\BOOKMARK [1][-]{section.0.2}{\376\377\000S\000t\000e\000v\000e\000n\000\040\000S\000.\000\040\000S\000k\000i\000e\000n\000a}{}% 2
\BOOKMARK [1][-]{section.0.3}{\376\377\000T\000h\000e\000\040\000A\000l\000g\000o\000r\000i\000t\000h\000m\000\040\000D\000e\000s\000i\000g\000n\000\040\000M\000a\000n\000u\000a\000l\000\040}{}% 3
\BOOKMARK [1][-]{section.0.4}{\376\377\000P\000r\000e\000f\000a\000c\000e}{}% 4
\BOOKMARK [0][-]{chapter.1}{\376\377\000T\000o\000\040\000t\000h\000e\000\040\000R\000e\000a\000d\000e\000r}{}% 5
\BOOKMARK [0][-]{chapter.2}{\376\377\000T\000o\000\040\000t\000h\000e\000\040\000I\000n\000s\000t\000r\000u\000c\000t\000o\000r}{}% 6
\BOOKMARK [0][-]{chapter.3}{\376\377\000A\000c\000k\000n\000o\000w\000l\000e\000d\000g\000m\000e\000n\000t\000s}{}% 7
\BOOKMARK [0][-]{chapter.4}{\376\377\000C\000a\000v\000e\000a\000t}{}% 8
\BOOKMARK [1][-]{section.4.1}{\376\377\000C\000o\000n\000t\000e\000n\000t\000s}{chapter.4}% 9
\BOOKMARK [1][-]{section.4.2}{\376\377\000I\000n\000t\000r\000o\000d\000u\000c\000t\000i\000o\000n\000\040\000t\000o\000\040\000A\000l\000g\000o\000r\000i\000t\000h\000m\000\040\000D\000e\000s\000i\000g\000n}{chapter.4}% 10
\BOOKMARK [1][-]{section.4.3}{\376\377\000P\000r\000o\000b\000l\000e\000m\000:\000\040\000S\000o\000r\000t\000i\000n\000g}{chapter.4}% 11
\BOOKMARK [1][-]{section.4.4}{\376\377\000R\000o\000b\000o\000t\000\040\000T\000o\000u\000r\000\040\000O\000p\000t\000i\000m\000i\000z\000a\000t\000i\000o\000n}{chapter.4}% 12
\BOOKMARK [1][-]{section.4.5}{\376\377\000P\000r\000o\000b\000l\000e\000m\000:\000\040\000R\000o\000b\000o\000t\000\040\000T\000o\000u\000r\000\040\000O\000p\000t\000i\000m\000i\000z\000a\000t\000i\000o\000n}{chapter.4}% 13
\BOOKMARK [1][-]{section.4.6}{\376\377\000C\000l\000o\000s\000e\000s\000t\000P\000a\000i\000r\000\040\000\050\000\040\000P\000\040\000\051}{chapter.4}% 14
\BOOKMARK [1][-]{section.4.7}{\376\377\000S\000e\000l\000e\000c\000t\000i\000n\000g\000\040\000t\000h\000e\000\040\000R\000i\000g\000h\000t\000\040\000J\000o\000b\000s}{chapter.4}% 15
\BOOKMARK [1][-]{section.4.8}{\376\377\000R\000e\000a\000s\000o\000n\000i\000n\000g\000\040\000a\000b\000o\000u\000t\000\040\000C\000o\000r\000r\000e\000c\000t\000n\000e\000s\000s}{chapter.4}% 16
\BOOKMARK [2][-]{subsection.4.8.1}{\376\377\000P\000r\000o\000b\000l\000e\000m\000s\000\040\000a\000n\000d\000\040\000P\000r\000o\000p\000e\000r\000t\000i\000e\000s}{section.4.8}% 17
\BOOKMARK [2][-]{subsection.4.8.2}{\376\377\000E\000x\000p\000r\000e\000s\000s\000i\000n\000g\000\040\000A\000l\000g\000o\000r\000i\000t\000h\000m\000s}{section.4.8}% 18
\BOOKMARK [2][-]{subsection.4.8.3}{\376\377\000D\000e\000m\000o\000n\000s\000t\000r\000a\000t\000i\000n\000g\000\040\000I\000n\000c\000o\000r\000r\000e\000c\000t\000n\000e\000s\000s}{section.4.8}% 19
\BOOKMARK [1][-]{section.4.9}{\376\377\000S\000t\000o\000p\000\040\000a\000n\000d\000\040\000T\000h\000i\000n\000k\000:\000\040\000G\000r\000e\000e\000d\000y\000\040\000M\000o\000v\000i\000e\000\040\000S\000t\000a\000r\000s\000?}{chapter.4}% 20
\BOOKMARK [1][-]{section.4.10}{\376\377\000I\000n\000d\000u\000c\000t\000i\000o\000n\000\040\000a\000n\000d\000\040\000R\000e\000c\000u\000r\000s\000i\000o\000n}{chapter.4}% 21
\BOOKMARK [1][-]{section.4.11}{\376\377\000S\000t\000o\000p\000\040\000a\000n\000d\000\040\000T\000h\000i\000n\000k\000:\000\040\000I\000n\000c\000r\000e\000m\000e\000n\000t\000a\000l\000\040\000C\000o\000r\000r\000e\000c\000t\000n\000e\000s\000s}{chapter.4}% 22
\BOOKMARK [1][-]{section.4.12}{\376\377\000M\000o\000d\000e\000l\000i\000n\000g\000\040\000t\000h\000e\000\040\000P\000r\000o\000b\000l\000e\000m}{chapter.4}% 23
\BOOKMARK [2][-]{subsection.4.12.1}{\376\377\000C\000o\000m\000b\000i\000n\000a\000t\000o\000r\000i\000a\000l\000\040\000O\000b\000j\000e\000c\000t\000s}{section.4.12}% 24
\BOOKMARK [2][-]{subsection.4.12.2}{\376\377\000R\000e\000c\000u\000r\000s\000i\000v\000e\000\040\000O\000b\000j\000e\000c\000t\000s}{section.4.12}% 25
\BOOKMARK [1][-]{section.4.13}{\376\377\000P\000r\000o\000o\000f\000\040\000b\000y\000\040\000C\000o\000n\000t\000r\000a\000d\000i\000c\000t\000i\000o\000n}{chapter.4}% 26
\BOOKMARK [1][-]{section.4.14}{\376\377\000A\000b\000o\000u\000t\000\040\000t\000h\000e\000\040\000W\000a\000r\000\040\000S\000t\000o\000r\000i\000e\000s}{chapter.4}% 27
\BOOKMARK [1][-]{section.4.15}{\376\377\000W\000a\000r\000\040\000S\000t\000o\000r\000y\000:\000\040\000P\000s\000y\000c\000h\000i\000c\000\040\000M\000o\000d\000e\000l\000i\000n\000g}{chapter.4}% 28
\BOOKMARK [1][-]{section.4.16}{\376\377\000E\000s\000t\000i\000m\000a\000t\000i\000o\000n}{chapter.4}% 29
\BOOKMARK [1][-]{section.4.17}{\376\377\000C\000h\000a\000p\000t\000e\000r\000\040\000N\000o\000t\000e\000s}{chapter.4}% 30
\BOOKMARK [1][-]{section.4.18}{\376\377\000F\000i\000n\000d\000i\000n\000g\000\040\000C\000o\000u\000n\000t\000e\000r\000e\000x\000a\000m\000p\000l\000e\000s}{chapter.4}% 31
\BOOKMARK [1][-]{section.4.19}{\376\377\000P\000r\000o\000o\000f\000s\000\040\000o\000f\000\040\000C\000o\000r\000r\000e\000c\000t\000n\000e\000s\000s}{chapter.4}% 32
\BOOKMARK [1][-]{section.4.20}{\376\377\000I\000n\000d\000u\000c\000t\000i\000o\000n}{chapter.4}% 33
\BOOKMARK [1][-]{section.4.21}{\376\377\000I\000m\000p\000l\000e\000m\000e\000n\000t\000a\000t\000i\000o\000n\000\040\000P\000r\000o\000j\000e\000c\000t\000s}{chapter.4}% 34
\BOOKMARK [1][-]{section.4.22}{\376\377\000I\000n\000t\000e\000r\000v\000i\000e\000w\000\040\000P\000r\000o\000b\000l\000e\000m\000s}{chapter.4}% 35
\BOOKMARK [1][-]{section.4.23}{\376\377\000L\000e\000e\000t\000C\000o\000d\000e}{chapter.4}% 36
\BOOKMARK [1][-]{section.4.24}{\376\377\000H\000a\000c\000k\000e\000r\000R\000a\000n\000k}{chapter.4}% 37
\BOOKMARK [1][-]{section.4.25}{\376\377\000P\000r\000o\000g\000r\000a\000m\000m\000i\000n\000g\000\040\000C\000h\000a\000l\000l\000e\000n\000g\000e\000s}{chapter.4}% 38
\BOOKMARK [1][-]{section.4.26}{\376\377\000A\000l\000g\000o\000r\000i\000t\000h\000m\000\040\000A\000n\000a\000l\000y\000s\000i\000s}{chapter.4}% 39
\BOOKMARK [1][-]{section.4.27}{\376\377\000T\000h\000e\000\040\000R\000A\000M\000\040\000M\000o\000d\000e\000l\000\040\000o\000f\000\040\000C\000o\000m\000p\000u\000t\000a\000t\000i\000o\000n}{chapter.4}% 40
\BOOKMARK [2][-]{subsection.4.27.1}{\376\377\000B\000e\000s\000t\000-\000C\000a\000s\000e\000,\000\040\000W\000o\000r\000s\000t\000-\000C\000a\000s\000e\000,\000\040\000a\000n\000d\000\040\000A\000v\000e\000r\000a\000g\000e\000-\000C\000a\000s\000e\000\040\000C\000o\000m\000p\000l\000e\000x\000i\000t\000y}{section.4.27}% 41
\BOOKMARK [1][-]{section.4.28}{\376\377\000T\000h\000e\000\040\000B\000i\000g\000\040\000O\000h\000\040\000N\000o\000t\000a\000t\000i\000o\000n}{chapter.4}% 42
\BOOKMARK [1][-]{section.4.29}{\376\377\000S\000t\000o\000p\000\040\000a\000n\000d\000\040\000T\000h\000i\000n\000k\000:\000\040\000B\000a\000c\000k\000\040\000t\000o\000\040\000t\000h\000e\000\040\000D\000e\000f\000i\000n\000i\000t\000i\000o\000n}{chapter.4}% 43
\BOOKMARK [1][-]{section.4.30}{\376\377\000S\000t\000o\000p\000\040\000a\000n\000d\000\040\000T\000h\000i\000n\000k\000:\000\040\000H\000i\000p\000\040\000t\000o\000\040\000t\000h\000e\000\040\000S\000q\000u\000a\000r\000e\000s\000?}{chapter.4}% 44
\BOOKMARK [1][-]{section.4.31}{\376\377\000G\000r\000o\000w\000t\000h\000\040\000R\000a\000t\000e\000s\000\040\000a\000n\000d\000\040\000D\000o\000m\000i\000n\000a\000n\000c\000e\000\040\000R\000e\000l\000a\000t\000i\000o\000n\000s}{chapter.4}% 45
\BOOKMARK [2][-]{subsection.4.31.1}{\376\377\000D\000o\000m\000i\000n\000a\000n\000c\000e\000\040\000R\000e\000l\000a\000t\000i\000o\000n\000s}{section.4.31}% 46
\BOOKMARK [1][-]{section.4.32}{\376\377\000W\000o\000r\000k\000i\000n\000g\000\040\000w\000i\000t\000h\000\040\000t\000h\000e\000\040\000B\000i\000g\000\040\000O\000h}{chapter.4}% 47
\BOOKMARK [2][-]{subsection.4.32.1}{\376\377\000A\000d\000d\000i\000n\000g\000\040\000F\000u\000n\000c\000t\000i\000o\000n\000s}{section.4.32}% 48
\BOOKMARK [2][-]{subsection.4.32.2}{\376\377\000M\000u\000l\000t\000i\000p\000l\000y\000i\000n\000g\000\040\000F\000u\000n\000c\000t\000i\000o\000n\000s}{section.4.32}% 49
\BOOKMARK [1][-]{section.4.33}{\376\377\000S\000t\000o\000p\000\040\000a\000n\000d\000\040\000T\000h\000i\000n\000k\000:\000\040\000T\000r\000a\000n\000s\000i\000t\000i\000v\000e\000\040\000E\000x\000p\000e\000r\000i\000e\000n\000c\000e}{chapter.4}% 50
\BOOKMARK [2][-]{subsection.4.33.1}{\376\377\000R\000e\000a\000s\000o\000n\000i\000n\000g\000\040\000a\000b\000o\000u\000t\000\040\000E\000f\000f\000i\000c\000i\000e\000n\000c\000y}{section.4.33}% 51
\BOOKMARK [2][-]{subsection.4.33.2}{\376\377\000S\000e\000l\000e\000c\000t\000i\000o\000n\000\040\000S\000o\000r\000t}{section.4.33}% 52
\BOOKMARK [1][-]{section.4.34}{\376\377\000P\000r\000o\000v\000i\000n\000g\000\040\000t\000h\000e\000\040\000T\000h\000e\000t\000a}{chapter.4}% 53
\BOOKMARK [2][-]{subsection.4.34.1}{\376\377\000I\000n\000s\000e\000r\000t\000i\000o\000n\000\040\000S\000o\000r\000t}{section.4.34}% 54
\BOOKMARK [2][-]{subsection.4.34.2}{\376\377\000S\000t\000r\000i\000n\000g\000\040\000P\000a\000t\000t\000e\000r\000n\000\040\000M\000a\000t\000c\000h\000i\000n\000g}{section.4.34}% 55
\BOOKMARK [1][-]{section.4.35}{\376\377\000P\000r\000o\000b\000l\000e\000m\000:\000\040\000S\000u\000b\000s\000t\000r\000i\000n\000g\000\040\000P\000a\000t\000t\000e\000r\000n\000\040\000M\000a\000t\000c\000h\000i\000n\000g}{chapter.4}% 56
\BOOKMARK [1][-]{section.4.36}{\376\377\000M\000a\000t\000r\000i\000x\000\040\000M\000u\000l\000t\000i\000p\000l\000i\000c\000a\000t\000i\000o\000n}{chapter.4}% 57
\BOOKMARK [1][-]{section.4.37}{\376\377\000P\000r\000o\000b\000l\000e\000m\000:\000\040\000M\000a\000t\000r\000i\000x\000\040\000M\000u\000l\000t\000i\000p\000l\000i\000c\000a\000t\000i\000o\000n}{chapter.4}% 58
\BOOKMARK [1][-]{section.4.38}{\376\377\000S\000u\000m\000m\000a\000t\000i\000o\000n\000s}{chapter.4}% 59
\BOOKMARK [1][-]{section.4.39}{\376\377\000S\000t\000o\000p\000\040\000a\000n\000d\000\040\000T\000h\000i\000n\000k\000:\000\040\000F\000a\000c\000t\000o\000r\000i\000a\000l\000\040\000F\000o\000r\000m\000u\000l\000a\000e}{chapter.4}% 60
\BOOKMARK [1][-]{section.4.40}{\376\377\000L\000o\000g\000a\000r\000i\000t\000h\000m\000s\000\040\000a\000n\000d\000\040\000T\000h\000e\000i\000r\000\040\000A\000p\000p\000l\000i\000c\000a\000t\000i\000o\000n\000s}{chapter.4}% 61
\BOOKMARK [2][-]{subsection.4.40.1}{\376\377\000L\000o\000g\000a\000r\000i\000t\000h\000m\000s\000\040\000a\000n\000d\000\040\000B\000i\000n\000a\000r\000y\000\040\000S\000e\000a\000r\000c\000h}{section.4.40}% 62
\BOOKMARK [2][-]{subsection.4.40.2}{\376\377\000L\000o\000g\000a\000r\000i\000t\000h\000m\000s\000\040\000a\000n\000d\000\040\000T\000r\000e\000e\000s}{section.4.40}% 63
\BOOKMARK [2][-]{subsection.4.40.3}{\376\377\000L\000o\000g\000a\000r\000i\000t\000h\000m\000s\000\040\000a\000n\000d\000\040\000B\000i\000t\000s}{section.4.40}% 64
\BOOKMARK [2][-]{subsection.4.40.4}{\376\377\000L\000o\000g\000a\000r\000i\000t\000h\000m\000s\000\040\000a\000n\000d\000\040\000M\000u\000l\000t\000i\000p\000l\000i\000c\000a\000t\000i\000o\000n}{section.4.40}% 65
\BOOKMARK [2][-]{subsection.4.40.5}{\376\377\000F\000a\000s\000t\000\040\000E\000x\000p\000o\000n\000e\000n\000t\000i\000a\000t\000i\000o\000n}{section.4.40}% 66
\BOOKMARK [2][-]{subsection.4.40.6}{\376\377\000L\000o\000g\000a\000r\000i\000t\000h\000m\000s\000\040\000a\000n\000d\000\040\000S\000u\000m\000m\000a\000t\000i\000o\000n\000s}{section.4.40}% 67
\BOOKMARK [2][-]{subsection.4.40.7}{\376\377\000L\000o\000g\000a\000r\000i\000t\000h\000m\000s\000\040\000a\000n\000d\000\040\000C\000r\000i\000m\000i\000n\000a\000l\000\040\000J\000u\000s\000t\000i\000c\000e}{section.4.40}% 68
\BOOKMARK [1][-]{section.4.41}{\376\377\000P\000r\000o\000p\000e\000r\000t\000i\000e\000s\000\040\000o\000f\000\040\000L\000o\000g\000a\000r\000i\000t\000h\000m\000s}{chapter.4}% 69
\BOOKMARK [1][-]{section.4.42}{\376\377\000S\000t\000o\000p\000\040\000a\000n\000d\000\040\000T\000h\000i\000n\000k\000:\000\040\000I\000m\000p\000o\000r\000t\000a\000n\000c\000e\000\040\000o\000f\000\040\000a\000n\000\040\000E\000v\000e\000n\000\040\000S\000p\000l\000i\000t}{chapter.4}% 70
\BOOKMARK [1][-]{section.4.43}{\376\377\000W\000a\000r\000\040\000S\000t\000o\000r\000y\000:\000\040\000M\000y\000s\000t\000e\000r\000y\000\040\000o\000f\000\040\000t\000h\000e\000\040\000P\000y\000r\000a\000m\000i\000d\000s}{chapter.4}% 71
\BOOKMARK [1][-]{section.4.44}{\376\377\000A\000d\000v\000a\000n\000c\000e\000d\000\040\000A\000n\000a\000l\000y\000s\000i\000s\000\040\000\050\000*\000\051}{chapter.4}% 72
\BOOKMARK [2][-]{subsection.4.44.1}{\376\377\000E\000s\000o\000t\000e\000r\000i\000c\000\040\000F\000u\000n\000c\000t\000i\000o\000n\000s}{section.4.44}% 73
\BOOKMARK [2][-]{subsection.4.44.2}{\376\377\000L\000i\000m\000i\000t\000s\000\040\000a\000n\000d\000\040\000D\000o\000m\000i\000n\000a\000n\000c\000e\000\040\000R\000e\000l\000a\000t\000i\000o\000n\000s}{section.4.44}% 74
\BOOKMARK [1][-]{section.4.45}{\376\377\000P\000r\000o\000g\000r\000a\000m\000\040\000A\000n\000a\000l\000y\000s\000i\000s}{chapter.4}% 75
\BOOKMARK [1][-]{section.4.46}{\376\377\000B\000i\000g\000\040\000O\000h}{chapter.4}% 76
\BOOKMARK [1][-]{section.4.47}{\376\377\000L\000o\000g\000a\000r\000i\000t\000h\000m\000s}{chapter.4}% 77
\BOOKMARK [1][-]{section.4.48}{\376\377\000D\000a\000t\000a\000\040\000S\000t\000r\000u\000c\000t\000u\000r\000e\000s}{chapter.4}% 78
\BOOKMARK [1][-]{section.4.49}{\376\377\000C\000o\000n\000t\000i\000g\000u\000o\000u\000s\000\040\000v\000s\000.\000\040\000L\000i\000n\000k\000e\000d\000\040\000D\000a\000t\000a\000\040\000S\000t\000r\000u\000c\000t\000u\000r\000e\000s}{chapter.4}% 79
\BOOKMARK [2][-]{subsection.4.49.1}{\376\377\000A\000r\000r\000a\000y\000s}{section.4.49}% 80
\BOOKMARK [2][-]{subsection.4.49.2}{\376\377\000P\000o\000i\000n\000t\000e\000r\000s\000\040\000a\000n\000d\000\040\000L\000i\000n\000k\000e\000d\000\040\000S\000t\000r\000u\000c\000t\000u\000r\000e\000s}{section.4.49}% 81
\BOOKMARK [1][-]{section.4.50}{\376\377\000S\000e\000a\000r\000c\000h\000i\000n\000g\000\040\000a\000\040\000L\000i\000s\000t}{chapter.4}% 82
\BOOKMARK [1][-]{section.4.51}{\376\377\000I\000n\000s\000e\000r\000t\000i\000o\000n\000\040\000i\000n\000t\000o\000\040\000a\000\040\000L\000i\000s\000t}{chapter.4}% 83
\BOOKMARK [1][-]{section.4.52}{\376\377\000D\000e\000l\000e\000t\000i\000o\000n\000\040\000F\000r\000o\000m\000\040\000a\000\040\000L\000i\000s\000t}{chapter.4}% 84
\BOOKMARK [2][-]{subsection.4.52.1}{\376\377\000C\000o\000m\000p\000a\000r\000i\000s\000o\000n}{section.4.52}% 85
\BOOKMARK [1][-]{section.4.53}{\376\377\000C\000o\000n\000t\000a\000i\000n\000e\000r\000s\000:\000\040\000S\000t\000a\000c\000k\000s\000\040\000a\000n\000d\000\040\000Q\000u\000e\000u\000e\000s}{chapter.4}% 86
\BOOKMARK [1][-]{section.4.54}{\376\377\000D\000i\000c\000t\000i\000o\000n\000a\000r\000i\000e\000s}{chapter.4}% 87
\BOOKMARK [1][-]{section.4.55}{\376\377\000S\000t\000o\000p\000\040\000a\000n\000d\000\040\000T\000h\000i\000n\000k\000:\000\040\000C\000o\000m\000p\000a\000r\000i\000n\000g\000\040\000D\000i\000c\000t\000i\000o\000n\000a\000r\000y\000\040\000I\000m\000p\000l\000e\000m\000e\000n\000t\000a\000t\000i\000o\000n\000s\000\040\000\050\000I\000\051}{chapter.4}% 88
\BOOKMARK [1][-]{section.4.56}{\376\377\000S\000t\000o\000p\000\040\000a\000n\000d\000\040\000T\000h\000i\000n\000k\000:\000\040\000C\000o\000m\000p\000a\000r\000i\000n\000g\000\040\000D\000i\000c\000t\000i\000o\000n\000a\000r\000y\000\040\000I\000m\000p\000l\000e\000m\000e\000n\000t\000a\000t\000i\000o\000n\000s\000\040\000\050\000I\000I\000\051}{chapter.4}% 89
\BOOKMARK [1][-]{section.4.57}{\376\377\000B\000i\000n\000a\000r\000y\000\040\000S\000e\000a\000r\000c\000h\000\040\000T\000r\000e\000e\000s}{chapter.4}% 90
\BOOKMARK [2][-]{subsection.4.57.1}{\376\377\000I\000m\000p\000l\000e\000m\000e\000n\000t\000i\000n\000g\000\040\000B\000i\000n\000a\000r\000y\000\040\000S\000e\000a\000r\000c\000h\000\040\000T\000r\000e\000e\000s}{section.4.57}% 91
\BOOKMARK [1][-]{section.4.58}{\376\377\000S\000e\000a\000r\000c\000h\000i\000n\000g\000\040\000i\000n\000\040\000a\000\040\000T\000r\000e\000e}{chapter.4}% 92
\BOOKMARK [1][-]{section.4.59}{\376\377\000F\000i\000n\000d\000i\000n\000g\000\040\000M\000i\000n\000i\000m\000u\000m\000\040\000a\000n\000d\000\040\000M\000a\000x\000i\000m\000u\000m\000\040\000E\000l\000e\000m\000e\000n\000t\000s\000\040\000i\000n\000\040\000a\000\040\000T\000r\000e\000e}{chapter.4}% 93
\BOOKMARK [1][-]{section.4.60}{\376\377\000T\000r\000a\000v\000e\000r\000s\000a\000l\000\040\000i\000n\000\040\000a\000\040\000T\000r\000e\000e}{chapter.4}% 94
\BOOKMARK [1][-]{section.4.61}{\376\377\000I\000n\000s\000e\000r\000t\000i\000o\000n\000\040\000i\000n\000\040\000a\000\040\000T\000r\000e\000e}{chapter.4}% 95
\BOOKMARK [1][-]{section.4.62}{\376\377\000D\000e\000l\000e\000t\000i\000o\000n\000\040\000f\000r\000o\000m\000\040\000a\000\040\000T\000r\000e\000e}{chapter.4}% 96
\BOOKMARK [2][-]{subsection.4.62.1}{\376\377\000H\000o\000w\000\040\000G\000o\000o\000d\000\040\000a\000r\000e\000\040\000B\000i\000n\000a\000r\000y\000\040\000S\000e\000a\000r\000c\000h\000\040\000T\000r\000e\000e\000s\000?}{section.4.62}% 97
\BOOKMARK [2][-]{subsection.4.62.2}{\376\377\000B\000a\000l\000a\000n\000c\000e\000d\000\040\000S\000e\000a\000r\000c\000h\000\040\000T\000r\000e\000e\000s}{section.4.62}% 98
\BOOKMARK [1][-]{section.4.63}{\376\377\000S\000t\000o\000p\000\040\000a\000n\000d\000\040\000T\000h\000i\000n\000k\000:\000\040\000E\000x\000p\000l\000o\000i\000t\000i\000n\000g\000\040\000B\000a\000l\000a\000n\000c\000e\000d\000\040\000S\000e\000a\000r\000c\000h\000\040\000T\000r\000e\000e\000s}{chapter.4}% 99
\BOOKMARK [1][-]{section.4.64}{\376\377\000P\000r\000i\000o\000r\000i\000t\000y\000\040\000Q\000u\000e\000u\000e\000s}{chapter.4}% 100
\BOOKMARK [1][-]{section.4.65}{\376\377\000S\000t\000o\000p\000\040\000a\000n\000d\000\040\000T\000h\000i\000n\000k\000:\000\040\000B\000a\000s\000i\000c\000\040\000P\000r\000i\000o\000r\000i\000t\000y\000\040\000Q\000u\000e\000u\000e\000\040\000I\000m\000p\000l\000e\000m\000e\000n\000t\000a\000t\000i\000o\000n\000s}{chapter.4}% 101
\BOOKMARK [1][-]{section.4.66}{\376\377\000W\000a\000r\000\040\000S\000t\000o\000r\000y\000:\000\040\000S\000t\000r\000i\000p\000p\000i\000n\000g\000\040\000T\000r\000i\000a\000n\000g\000u\000l\000a\000t\000i\000o\000n\000s}{chapter.4}% 102
\BOOKMARK [1][-]{section.4.67}{\376\377\000H\000a\000s\000h\000i\000n\000g}{chapter.4}% 103
\BOOKMARK [2][-]{subsection.4.67.1}{\376\377\000C\000o\000l\000l\000i\000s\000i\000o\000n\000\040\000R\000e\000s\000o\000l\000u\000t\000i\000o\000n}{section.4.67}% 104
\BOOKMARK [2][-]{subsection.4.67.2}{\376\377\000D\000u\000p\000l\000i\000c\000a\000t\000e\000\040\000D\000e\000t\000e\000c\000t\000i\000o\000n\000\040\000v\000i\000a\000\040\000H\000a\000s\000h\000i\000n\000g}{section.4.67}% 105
\BOOKMARK [2][-]{subsection.4.67.3}{\376\377\000O\000t\000h\000e\000r\000\040\000H\000a\000s\000h\000i\000n\000g\000\040\000T\000r\000i\000c\000k\000s}{section.4.67}% 106
\BOOKMARK [2][-]{subsection.4.67.4}{\376\377\000C\000a\000n\000o\000n\000i\000c\000a\000l\000i\000z\000a\000t\000i\000o\000n}{section.4.67}% 107
\BOOKMARK [2][-]{subsection.4.67.5}{\376\377\000C\000o\000m\000p\000a\000c\000t\000i\000o\000n}{section.4.67}% 108
\BOOKMARK [1][-]{section.4.68}{\376\377\000S\000p\000e\000c\000i\000a\000l\000i\000z\000e\000d\000\040\000D\000a\000t\000a\000\040\000S\000t\000r\000u\000c\000t\000u\000r\000e\000s}{chapter.4}% 109
\BOOKMARK [1][-]{section.4.69}{\376\377\000W\000a\000r\000\040\000S\000t\000o\000r\000y\000:\000\040\000S\000t\000r\000i\000n\000g\000\040\000'\000e\000m\000\040\000U\000p}{chapter.4}% 110
\BOOKMARK [1][-]{section.4.70}{\376\377\000S\000t\000a\000c\000k\000s\000,\000\040\000Q\000u\000e\000u\000e\000s\000,\000\040\000a\000n\000d\000\040\000L\000i\000s\000t\000s}{chapter.4}% 111
\BOOKMARK [1][-]{section.4.71}{\376\377\000E\000l\000e\000m\000e\000n\000t\000a\000r\000y\000\040\000D\000a\000t\000a\000\040\000S\000t\000r\000u\000c\000t\000u\000r\000e\000s}{chapter.4}% 112
\BOOKMARK [1][-]{section.4.72}{\376\377\000T\000r\000e\000e\000s\000\040\000a\000n\000d\000\040\000O\000t\000h\000e\000r\000\040\000D\000i\000c\000t\000i\000o\000n\000a\000r\000y\000\040\000S\000t\000r\000u\000c\000t\000u\000r\000e\000s}{chapter.4}% 113
\BOOKMARK [1][-]{section.4.73}{\376\377\000A\000p\000p\000l\000i\000c\000a\000t\000i\000o\000n\000s\000\040\000o\000f\000\040\000T\000r\000e\000e\000\040\000S\000t\000r\000u\000c\000t\000u\000r\000e\000s}{chapter.4}% 114
\BOOKMARK [1][-]{section.4.74}{\376\377\000S\000o\000r\000t\000i\000n\000g}{chapter.4}% 115
\BOOKMARK [1][-]{section.4.75}{\376\377\000A\000p\000p\000l\000i\000c\000a\000t\000i\000o\000n\000s\000\040\000o\000f\000\040\000S\000o\000r\000t\000i\000n\000g}{chapter.4}% 116
\BOOKMARK [1][-]{section.4.76}{\376\377\000S\000t\000o\000p\000\040\000a\000n\000d\000\040\000T\000h\000i\000n\000k\000:\000\040\000F\000i\000n\000d\000i\000n\000g\000\040\000t\000h\000e\000\040\000I\000n\000t\000e\000r\000s\000e\000c\000t\000i\000o\000n}{chapter.4}% 117
\BOOKMARK [1][-]{section.4.77}{\376\377\000S\000t\000o\000p\000\040\000a\000n\000d\000\040\000T\000h\000i\000n\000k\000:\000\040\000M\000a\000k\000i\000n\000g\000\040\000a\000\040\000H\000a\000s\000h\000\040\000o\000f\000\040\000t\000h\000e\000\040\000P\000r\000o\000b\000l\000e\000m\000?}{chapter.4}% 118
\BOOKMARK [1][-]{section.4.78}{\376\377\000P\000r\000a\000g\000m\000a\000t\000i\000c\000s\000\040\000o\000f\000\040\000S\000o\000r\000t\000i\000n\000g}{chapter.4}% 119
\BOOKMARK [1][-]{section.4.79}{\376\377\000H\000e\000a\000p\000s\000o\000r\000t\000:\000\040\000F\000a\000s\000t\000\040\000S\000o\000r\000t\000i\000n\000g\000\040\000v\000i\000a\000\040\000D\000a\000t\000a\000\040\000S\000t\000r\000u\000c\000t\000u\000r\000e\000s}{chapter.4}% 120
\BOOKMARK [2][-]{subsection.4.79.1}{\376\377\000H\000e\000a\000p\000s}{section.4.79}% 121
\BOOKMARK [1][-]{section.4.80}{\376\377\000S\000t\000o\000p\000\040\000a\000n\000d\000\040\000T\000h\000i\000n\000k\000:\000\040\000W\000h\000o\000'\000s\000\040\000W\000h\000e\000r\000e\000\040\000i\000n\000\040\000t\000h\000e\000\040\000H\000e\000a\000p\000?}{chapter.4}% 122
\BOOKMARK [2][-]{subsection.4.80.1}{\376\377\000C\000o\000n\000s\000t\000r\000u\000c\000t\000i\000n\000g\000\040\000H\000e\000a\000p\000s}{section.4.80}% 123
\BOOKMARK [2][-]{subsection.4.80.2}{\376\377\000E\000x\000t\000r\000a\000c\000t\000i\000n\000g\000\040\000t\000h\000e\000\040\000M\000i\000n\000i\000m\000u\000m}{section.4.80}% 124
\BOOKMARK [2][-]{subsection.4.80.3}{\376\377\000F\000a\000s\000t\000e\000r\000\040\000H\000e\000a\000p\000\040\000C\000o\000n\000s\000t\000r\000u\000c\000t\000i\000o\000n\000\040\000\050\000*\000\051}{section.4.80}% 125
\BOOKMARK [1][-]{section.4.81}{\376\377\000S\000t\000o\000p\000\040\000a\000n\000d\000\040\000T\000h\000i\000n\000k\000:\000\040\000W\000h\000e\000r\000e\000\040\000i\000n\000\040\000t\000h\000e\000\040\000H\000e\000a\000p\000?}{chapter.4}% 126
\BOOKMARK [2][-]{subsection.4.81.1}{\376\377\000S\000o\000r\000t\000i\000n\000g\000\040\000b\000y\000\040\000I\000n\000c\000r\000e\000m\000e\000n\000t\000a\000l\000\040\000I\000n\000s\000e\000r\000t\000i\000o\000n}{section.4.81}% 127
\BOOKMARK [1][-]{section.4.82}{\376\377\000W\000a\000r\000\040\000S\000t\000o\000r\000y\000:\000\040\000G\000i\000v\000e\000\040\000m\000e\000\040\000a\000\040\000T\000i\000c\000k\000e\000t\000\040\000o\000n\000\040\000a\000n\000\040\000A\000i\000r\000p\000l\000a\000n\000e}{chapter.4}% 128
\BOOKMARK [1][-]{section.4.83}{\376\377\000M\000e\000r\000g\000e\000s\000o\000r\000t\000:\000\040\000S\000o\000r\000t\000i\000n\000g\000\040\000b\000y\000\040\000D\000i\000v\000i\000d\000e\000\040\000a\000n\000d\000\040\000C\000o\000n\000q\000u\000e\000r}{chapter.4}% 129
\BOOKMARK [1][-]{section.4.84}{\376\377\000I\000m\000p\000l\000e\000m\000e\000n\000t\000a\000t\000i\000o\000n}{chapter.4}% 130
\BOOKMARK [1][-]{section.4.85}{\376\377\000Q\000u\000i\000c\000k\000s\000o\000r\000t\000:\000\040\000S\000o\000r\000t\000i\000n\000g\000\040\000b\000y\000\040\000R\000a\000n\000d\000o\000m\000i\000z\000a\000t\000i\000o\000n}{chapter.4}% 131
\BOOKMARK [2][-]{subsection.4.85.1}{\376\377\000I\000n\000t\000u\000i\000t\000i\000o\000n\000:\000\040\000T\000h\000e\000\040\000E\000x\000p\000e\000c\000t\000e\000d\000\040\000C\000a\000s\000e\000\040\000f\000o\000r\000\040\000Q\000u\000i\000c\000k\000s\000o\000r\000t}{section.4.85}% 132
\BOOKMARK [2][-]{subsection.4.85.2}{\376\377\000R\000a\000n\000d\000o\000m\000i\000z\000e\000d\000\040\000A\000l\000g\000o\000r\000i\000t\000h\000m\000s}{section.4.85}% 133
\BOOKMARK [1][-]{section.4.86}{\376\377\000S\000t\000o\000p\000\040\000a\000n\000d\000\040\000T\000h\000i\000n\000k\000:\000\040\000N\000u\000t\000s\000\040\000a\000n\000d\000\040\000B\000o\000l\000t\000s}{chapter.4}% 134
\BOOKMARK [2][-]{subsection.4.86.1}{\376\377\000I\000s\000\040\000Q\000u\000i\000c\000k\000s\000o\000r\000t\000\040\000R\000e\000a\000l\000l\000y\000\040\000Q\000u\000i\000c\000k\000?}{section.4.86}% 135
\BOOKMARK [1][-]{section.4.87}{\376\377\000D\000i\000s\000t\000r\000i\000b\000u\000t\000i\000o\000n\000\040\000S\000o\000r\000t\000:\000\040\000S\000o\000r\000t\000i\000n\000g\000\040\000v\000i\000a\000\040\000B\000u\000c\000k\000e\000t\000i\000n\000g}{chapter.4}% 136
\BOOKMARK [2][-]{subsection.4.87.1}{\376\377\000L\000o\000w\000e\000r\000\040\000B\000o\000u\000n\000d\000s\000\040\000f\000o\000r\000\040\000S\000o\000r\000t\000i\000n\000g}{section.4.87}% 137
\BOOKMARK [1][-]{section.4.88}{\376\377\000W\000a\000r\000\040\000S\000t\000o\000r\000y\000:\000\040\000S\000k\000i\000e\000n\000a\000\040\000f\000o\000r\000\040\000t\000h\000e\000\040\000D\000e\000f\000e\000n\000s\000e}{chapter.4}% 138
\BOOKMARK [1][-]{section.4.89}{\376\377\000A\000p\000p\000l\000i\000c\000a\000t\000i\000o\000n\000s\000\040\000o\000f\000\040\000S\000o\000r\000t\000i\000n\000g\000:\000\040\000N\000u\000m\000b\000e\000r\000s}{chapter.4}% 139
\BOOKMARK [1][-]{section.4.90}{\376\377\000A\000p\000p\000l\000i\000c\000a\000t\000i\000o\000n\000s\000\040\000o\000f\000\040\000S\000o\000r\000t\000i\000n\000g\000:\000\040\000I\000n\000t\000e\000r\000v\000a\000l\000s\000\040\000a\000n\000d\000\040\000S\000e\000t\000s}{chapter.4}% 140
\BOOKMARK [1][-]{section.4.91}{\376\377\000Q\000u\000i\000c\000k\000s\000o\000r\000t}{chapter.4}% 141
\BOOKMARK [1][-]{section.4.92}{\376\377\000M\000e\000r\000g\000e\000s\000o\000r\000t}{chapter.4}% 142
\BOOKMARK [1][-]{section.4.93}{\376\377\000O\000t\000h\000e\000r\000\040\000S\000o\000r\000t\000i\000n\000g\000\040\000A\000l\000g\000o\000r\000i\000t\000h\000m\000s}{chapter.4}% 143
\BOOKMARK [1][-]{section.4.94}{\376\377\000L\000o\000w\000e\000r\000\040\000B\000o\000u\000n\000d\000s}{chapter.4}% 144
\BOOKMARK [1][-]{section.4.95}{\376\377\000S\000e\000a\000r\000c\000h\000i\000n\000g}{chapter.4}% 145
\BOOKMARK [1][-]{section.4.96}{\376\377\000I\000m\000p\000l\000e\000m\000e\000n\000t\000a\000t\000i\000o\000n\000\040\000C\000h\000a\000l\000l\000e\000n\000g\000e\000s}{chapter.4}% 146
\BOOKMARK [1][-]{section.4.97}{\376\377\000D\000i\000v\000i\000d\000e\000\040\000a\000n\000d\000\040\000C\000o\000n\000q\000u\000e\000r}{chapter.4}% 147
\BOOKMARK [1][-]{section.4.98}{\376\377\000B\000i\000n\000a\000r\000y\000\040\000S\000e\000a\000r\000c\000h\000\040\000a\000n\000d\000\040\000R\000e\000l\000a\000t\000e\000d\000\040\000A\000l\000g\000o\000r\000i\000t\000h\000m\000s}{chapter.4}% 148
\BOOKMARK [2][-]{subsection.4.98.1}{\376\377\000C\000o\000u\000n\000t\000i\000n\000g\000\040\000O\000c\000c\000u\000r\000r\000e\000n\000c\000e\000s}{section.4.98}% 149
\BOOKMARK [2][-]{subsection.4.98.2}{\376\377\000O\000n\000e\000-\000S\000i\000d\000e\000d\000\040\000B\000i\000n\000a\000r\000y\000\040\000S\000e\000a\000r\000c\000h}{section.4.98}% 150
\BOOKMARK [2][-]{subsection.4.98.3}{\376\377\000S\000q\000u\000a\000r\000e\000\040\000a\000n\000d\000\040\000O\000t\000h\000e\000r\000\040\000R\000o\000o\000t\000s}{section.4.98}% 151
\BOOKMARK [1][-]{section.4.99}{\376\377\000W\000a\000r\000\040\000S\000t\000o\000r\000y\000:\000\040\000F\000i\000n\000d\000i\000n\000g\000\040\000t\000h\000e\000\040\000B\000u\000g\000\040\000i\000n\000\040\000t\000h\000e\000\040\000B\000u\000g}{chapter.4}% 152
\BOOKMARK [1][-]{section.4.100}{\376\377\000R\000e\000c\000u\000r\000r\000e\000n\000c\000e\000\040\000R\000e\000l\000a\000t\000i\000o\000n\000s}{chapter.4}% 153
\BOOKMARK [2][-]{subsection.4.100.1}{\376\377\000D\000i\000v\000i\000d\000e\000-\000a\000n\000d\000-\000C\000o\000n\000q\000u\000e\000r\000\040\000R\000e\000c\000u\000r\000r\000e\000n\000c\000e\000s}{section.4.100}% 154
\BOOKMARK [1][-]{section.4.101}{\376\377\000S\000o\000l\000v\000i\000n\000g\000\040\000D\000i\000v\000i\000d\000e\000-\000a\000n\000d\000-\000C\000o\000n\000q\000u\000e\000r\000\040\000R\000e\000c\000u\000r\000r\000e\000n\000c\000e\000s}{chapter.4}% 155
\BOOKMARK [1][-]{section.4.102}{\376\377\000F\000a\000s\000t\000\040\000M\000u\000l\000t\000i\000p\000l\000i\000c\000a\000t\000i\000o\000n}{chapter.4}% 156
\BOOKMARK [1][-]{section.4.103}{\376\377\000L\000a\000r\000g\000e\000s\000t\000\040\000S\000u\000b\000r\000a\000n\000g\000e\000\040\000a\000n\000d\000\040\000C\000l\000o\000s\000e\000s\000t\000\040\000P\000a\000i\000r}{chapter.4}% 157
\BOOKMARK [1][-]{section.4.104}{\376\377\000P\000a\000r\000a\000l\000l\000e\000l\000\040\000A\000l\000g\000o\000r\000i\000t\000h\000m\000s}{chapter.4}% 158
\BOOKMARK [2][-]{subsection.4.104.1}{\376\377\000D\000a\000t\000a\000\040\000P\000a\000r\000a\000l\000l\000e\000l\000i\000s\000m}{section.4.104}% 159
\BOOKMARK [2][-]{subsection.4.104.2}{\376\377\000P\000i\000t\000f\000a\000l\000l\000s\000\040\000o\000f\000\040\000P\000a\000r\000a\000l\000l\000e\000l\000i\000s\000m}{section.4.104}% 160
\BOOKMARK [1][-]{section.4.105}{\376\377\000W\000a\000r\000\040\000S\000t\000o\000r\000y\000:\000\040\000G\000o\000i\000n\000g\000\040\000N\000o\000w\000h\000e\000r\000e\000\040\000F\000a\000s\000t}{chapter.4}% 161
\BOOKMARK [1][-]{section.4.106}{\376\377\000C\000o\000n\000v\000o\000l\000u\000t\000i\000o\000n\000\040\000\050\000*\000\051}{chapter.4}% 162
\BOOKMARK [2][-]{subsection.4.106.1}{\376\377\000A\000p\000p\000l\000i\000c\000a\000t\000i\000o\000n\000s\000\040\000o\000f\000\040\000C\000o\000n\000v\000o\000l\000u\000t\000i\000o\000n}{section.4.106}% 163
\BOOKMARK [2][-]{subsection.4.106.2}{\376\377\000F\000a\000s\000t\000\040\000P\000o\000l\000y\000n\000o\000m\000i\000a\000l\000\040\000M\000u\000l\000t\000i\000p\000l\000i\000c\000a\000t\000i\000o\000n\000\040\000\050\000*\000*\000\051}{section.4.106}% 164
\BOOKMARK [1][-]{section.4.107}{\376\377\000B\000i\000n\000a\000r\000y\000\040\000S\000e\000a\000r\000c\000h}{chapter.4}% 165
\BOOKMARK [1][-]{section.4.108}{\376\377\000D\000i\000v\000i\000d\000e\000\040\000a\000n\000d\000\040\000C\000o\000n\000q\000u\000e\000r\000\040\000A\000l\000g\000o\000r\000i\000t\000h\000m\000s}{chapter.4}% 166
\BOOKMARK [1][-]{section.4.109}{\376\377\000H\000a\000s\000h\000i\000n\000g\000\040\000a\000n\000d\000\040\000R\000a\000n\000d\000o\000m\000i\000z\000e\000d\000\040\000A\000l\000g\000o\000r\000i\000t\000h\000m\000s}{chapter.4}% 167
\BOOKMARK [1][-]{section.4.110}{\376\377\000S\000t\000o\000p\000\040\000a\000n\000d\000\040\000T\000h\000i\000n\000k\000:\000\040\000Q\000u\000i\000c\000k\000s\000o\000r\000t\000\040\000C\000i\000t\000y}{chapter.4}% 168
\BOOKMARK [1][-]{section.4.111}{\376\377\000P\000r\000o\000b\000a\000b\000i\000l\000i\000t\000y\000\040\000R\000e\000v\000i\000e\000w}{chapter.4}% 169
\BOOKMARK [2][-]{subsection.4.111.1}{\376\377\000P\000r\000o\000b\000a\000b\000i\000l\000i\000t\000y}{section.4.111}% 170
\BOOKMARK [2][-]{subsection.4.111.2}{\376\377\000C\000o\000m\000p\000o\000u\000n\000d\000\040\000E\000v\000e\000n\000t\000s\000\040\000a\000n\000d\000\040\000I\000n\000d\000e\000p\000e\000n\000d\000e\000n\000c\000e}{section.4.111}% 171
\BOOKMARK [2][-]{subsection.4.111.3}{\376\377\000C\000o\000n\000d\000i\000t\000i\000o\000n\000a\000l\000\040\000P\000r\000o\000b\000a\000b\000i\000l\000i\000t\000y}{section.4.111}% 172
\BOOKMARK [2][-]{subsection.4.111.4}{\376\377\000P\000r\000o\000b\000a\000b\000i\000l\000i\000t\000y\000\040\000D\000i\000s\000t\000r\000i\000b\000u\000t\000i\000o\000n\000s}{section.4.111}% 173
\BOOKMARK [2][-]{subsection.4.111.5}{\376\377\000M\000e\000a\000n\000\040\000a\000n\000d\000\040\000V\000a\000r\000i\000a\000n\000c\000e}{section.4.111}% 174
\BOOKMARK [2][-]{subsection.4.111.6}{\376\377\000T\000o\000s\000s\000i\000n\000g\000\040\000C\000o\000i\000n\000s}{section.4.111}% 175
\BOOKMARK [1][-]{section.4.112}{\376\377\000S\000t\000o\000p\000\040\000a\000n\000d\000\040\000T\000h\000i\000n\000k\000:\000\040\000R\000a\000n\000d\000o\000m\000\040\000W\000a\000l\000k\000s\000\040\000o\000n\000\040\000a\000\040\000P\000a\000t\000h}{chapter.4}% 176
\BOOKMARK [1][-]{section.4.113}{\376\377\000U\000n\000d\000e\000r\000s\000t\000a\000n\000d\000i\000n\000g\000\040\000B\000a\000l\000l\000s\000\040\000a\000n\000d\000\040\000B\000i\000n\000s}{chapter.4}% 177
\BOOKMARK [2][-]{subsection.4.113.1}{\376\377\000T\000h\000e\000\040\000C\000o\000u\000p\000o\000n\000\040\000C\000o\000l\000l\000e\000c\000t\000o\000r\000'\000s\000\040\000P\000r\000o\000b\000l\000e\000m}{section.4.113}% 178
\BOOKMARK [1][-]{section.4.114}{\376\377\000S\000t\000o\000p\000\040\000a\000n\000d\000\040\000T\000h\000i\000n\000k\000:\000\040\000C\000o\000v\000e\000r\000i\000n\000g\000\040\000T\000i\000m\000e\000\040\000f\000o\000r\000\040\000K\000n}{chapter.4}% 179
\BOOKMARK [1][-]{section.4.115}{\376\377\000W\000h\000y\000\040\000i\000s\000\040\000H\000a\000s\000h\000i\000n\000g\000\040\000a\000\040\000R\000a\000n\000d\000o\000m\000i\000z\000e\000d\000\040\000A\000l\000g\000o\000r\000i\000t\000h\000m\000?}{chapter.4}% 180
\BOOKMARK [1][-]{section.4.116}{\376\377\000B\000l\000o\000o\000m\000\040\000F\000i\000l\000t\000e\000r\000s}{chapter.4}% 181
\BOOKMARK [1][-]{section.4.117}{\376\377\000T\000h\000e\000\040\000B\000i\000r\000t\000h\000d\000a\000y\000\040\000P\000a\000r\000a\000d\000o\000x\000\040\000a\000n\000d\000\040\000P\000e\000r\000f\000e\000c\000t\000\040\000H\000a\000s\000h\000i\000n\000g}{chapter.4}% 182
\BOOKMARK [1][-]{section.4.118}{\376\377\000M\000i\000n\000w\000i\000s\000e\000\040\000H\000a\000s\000h\000i\000n\000g}{chapter.4}% 183
\BOOKMARK [1][-]{section.4.119}{\376\377\000S\000t\000o\000p\000\040\000a\000n\000d\000\040\000T\000h\000i\000n\000k\000:\000\040\000E\000s\000t\000i\000m\000a\000t\000i\000n\000g\000\040\000P\000o\000p\000u\000l\000a\000t\000i\000o\000n\000\040\000S\000i\000z\000e}{chapter.4}% 184
\BOOKMARK [1][-]{section.4.120}{\376\377\000E\000f\000f\000i\000c\000i\000e\000n\000t\000\040\000S\000t\000r\000i\000n\000g\000\040\000M\000a\000t\000c\000h\000i\000n\000g}{chapter.4}% 185
\BOOKMARK [1][-]{section.4.121}{\376\377\000P\000r\000i\000m\000a\000l\000i\000t\000y\000\040\000T\000e\000s\000t\000i\000n\000g}{chapter.4}% 186
\BOOKMARK [1][-]{section.4.122}{\376\377\000W\000a\000r\000\040\000S\000t\000o\000r\000y\000:\000\040\000G\000i\000v\000i\000n\000g\000\040\000K\000n\000u\000t\000h\000\040\000t\000h\000e\000\040\000M\000i\000d\000d\000l\000e\000\040\000I\000n\000i\000t\000i\000a\000l}{chapter.4}% 187
\BOOKMARK [1][-]{section.4.123}{\376\377\000W\000h\000e\000r\000e\000\040\000d\000o\000\040\000R\000a\000n\000d\000o\000m\000\040\000N\000u\000m\000b\000e\000r\000s\000\040\000C\000o\000m\000e\000\040\000F\000r\000o\000m\000?}{chapter.4}% 188
\BOOKMARK [1][-]{section.4.124}{\376\377\000G\000r\000a\000p\000h\000\040\000T\000r\000a\000v\000e\000r\000s\000a\000l}{chapter.4}% 189
\BOOKMARK [1][-]{section.4.125}{\376\377\000F\000l\000a\000v\000o\000r\000s\000\040\000o\000f\000\040\000G\000r\000a\000p\000h\000s}{chapter.4}% 190
\BOOKMARK [2][-]{subsection.4.125.1}{\376\377\000T\000h\000e\000\040\000F\000r\000i\000e\000n\000d\000s\000h\000i\000p\000\040\000G\000r\000a\000p\000h}{section.4.125}% 191
\BOOKMARK [1][-]{section.4.126}{\376\377\000D\000a\000t\000a\000\040\000S\000t\000r\000u\000c\000t\000u\000r\000e\000s\000\040\000f\000o\000r\000\040\000G\000r\000a\000p\000h\000s}{chapter.4}% 192
\BOOKMARK [1][-]{section.4.127}{\376\377\000W\000a\000r\000\040\000S\000t\000o\000r\000y\000:\000\040\000I\000\040\000w\000a\000s\000\040\000a\000\040\000V\000i\000c\000t\000i\000m\000\040\000o\000f\000\040\000M\000o\000o\000r\000e\000'\000s\000\040\000L\000a\000w}{chapter.4}% 193
\BOOKMARK [1][-]{section.4.128}{\376\377\000W\000a\000r\000\040\000S\000t\000o\000r\000y\000:\000\040\000G\000e\000t\000t\000i\000n\000g\000\040\000t\000h\000e\000\040\000G\000r\000a\000p\000h}{chapter.4}% 194
\BOOKMARK [1][-]{section.4.129}{\376\377\000T\000r\000a\000v\000e\000r\000s\000i\000n\000g\000\040\000a\000\040\000G\000r\000a\000p\000h}{chapter.4}% 195
\BOOKMARK [1][-]{section.4.130}{\376\377\000B\000r\000e\000a\000d\000t\000h\000-\000F\000i\000r\000s\000t\000\040\000S\000e\000a\000r\000c\000h}{chapter.4}% 196
\BOOKMARK [2][-]{subsection.4.130.1}{\376\377\000E\000x\000p\000l\000o\000i\000t\000i\000n\000g\000\040\000T\000r\000a\000v\000e\000r\000s\000a\000l}{section.4.130}% 197
\BOOKMARK [2][-]{subsection.4.130.2}{\376\377\000F\000i\000n\000d\000i\000n\000g\000\040\000P\000a\000t\000h\000s}{section.4.130}% 198
\BOOKMARK [1][-]{section.4.131}{\376\377\000A\000p\000p\000l\000i\000c\000a\000t\000i\000o\000n\000s\000\040\000o\000f\000\040\000B\000r\000e\000a\000d\000t\000h\000-\000F\000i\000r\000s\000t\000\040\000S\000e\000a\000r\000c\000h}{chapter.4}% 199
\BOOKMARK [1][-]{section.4.132}{\376\377\000C\000o\000n\000n\000e\000c\000t\000e\000d\000\040\000C\000o\000m\000p\000o\000n\000e\000n\000t\000s}{chapter.4}% 200
\BOOKMARK [2][-]{subsection.4.132.1}{\376\377\000T\000w\000o\000-\000C\000o\000l\000o\000r\000i\000n\000g\000\040\000G\000r\000a\000p\000h\000s}{section.4.132}% 201
\BOOKMARK [1][-]{section.4.133}{\376\377\000D\000e\000p\000t\000h\000-\000F\000i\000r\000s\000t\000\040\000S\000e\000a\000r\000c\000h}{chapter.4}% 202
\BOOKMARK [1][-]{section.4.134}{\376\377\000A\000p\000p\000l\000i\000c\000a\000t\000i\000o\000n\000s\000\040\000o\000f\000\040\000D\000e\000p\000t\000h\000-\000F\000i\000r\000s\000t\000\040\000S\000e\000a\000r\000c\000h}{chapter.4}% 203
\BOOKMARK [2][-]{subsection.4.134.1}{\376\377\000F\000i\000n\000d\000i\000n\000g\000\040\000C\000y\000c\000l\000e\000s}{section.4.134}% 204
\BOOKMARK [2][-]{subsection.4.134.2}{\376\377\000A\000r\000t\000i\000c\000u\000l\000a\000t\000i\000o\000n\000\040\000V\000e\000r\000t\000i\000c\000e\000s}{section.4.134}% 205
\BOOKMARK [1][-]{section.4.135}{\376\377\000D\000e\000p\000t\000h\000-\000F\000i\000r\000s\000t\000\040\000S\000e\000a\000r\000c\000h\000\040\000o\000n\000\040\000D\000i\000r\000e\000c\000t\000e\000d\000\040\000G\000r\000a\000p\000h\000s}{chapter.4}% 206
\BOOKMARK [1][-]{section.4.136}{\376\377\000T\000o\000p\000o\000l\000o\000g\000i\000c\000a\000l\000\040\000S\000o\000r\000t\000i\000n\000g}{chapter.4}% 207
