\BOOKMARK [1][-]{section.1}{\376\377\000D\000a\000t\000a\000\040\000S\000c\000i\000e\000n\000c\000e\000\040\000D\000e\000s\000i\000g\000n}{}% 1
\BOOKMARK [1][-]{section.2}{\376\377\000S\000t\000e\000v\000e\000n\000\040\000S\000.\000\040\000S\000l\000a\000i\000e\000n\000a}{}% 2
\BOOKMARK [1][-]{section.3}{\376\377\000T\000h\000e\000\040\000D\000a\000t\000a\000\040\000S\000c\000i\000e\000n\000c\000e\000\040\000D\000e\000s\000i\000g\000n\000\040\000M\000a\000n\000u\000a\000l}{}% 3
\BOOKMARK [1][-]{section.4}{\376\377\000P\000r\000e\000f\000a\000c\000e}{}% 4
\BOOKMARK [1][-]{section.5}{\376\377\000T\000o\000\040\000t\000h\000e\000\040\000R\000e\000a\000d\000e\000r}{}% 5
\BOOKMARK [1][-]{section.6}{\376\377\000T\000o\000\040\000t\000h\000e\000\040\000I\000n\000s\000t\000r\000u\000c\000t\000o\000r}{}% 6
\BOOKMARK [1][-]{section.7}{\376\377\000D\000e\000d\000i\000c\000a\000t\000i\000o\000n}{}% 7
\BOOKMARK [1][-]{section.8}{\376\377\000A\000c\000k\000n\000o\000w\000l\000e\000d\000g\000m\000e\000n\000t\000s}{}% 8
\BOOKMARK [1][-]{section.9}{\376\377\000C\000a\000v\000e\000a\000t}{}% 9
\BOOKMARK [1][-]{section.10}{\376\377\000W\000h\000a\000t\000\040\000i\000s\000\040\000D\000a\000t\000a\000\040\000S\000c\000i\000e\000n\000c\000e\000?}{}% 10
\BOOKMARK [2][-]{subsection.10.1}{\376\377\000C\000o\000m\000p\000u\000t\000e\000r\000\040\000S\000c\000i\000e\000n\000c\000e\000,\000\040\000D\000a\000t\000a\000\040\000S\000c\000i\000e\000n\000c\000e\000,\000\040\000a\000n\000d\000\040\000R\000e\000a\000l\000\040\000S\000c\000i\000e\000n\000c\000e}{section.10}% 11
\BOOKMARK [2][-]{subsection.10.2}{\376\377\000A\000s\000k\000i\000n\000g\000\040\000I\000n\000t\000e\000r\000e\000s\000t\000i\000n\000g\000\040\000Q\000u\000e\000s\000t\000i\000o\000n\000s\000\040\000f\000r\000o\000m\000\040\000D\000a\000t\000a}{section.10}% 12
\BOOKMARK [2][-]{subsection.10.3}{\376\377\000T\000h\000e\000\040\000B\000a\000s\000e\000b\000a\000l\000l\000\040\000E\000n\000c\000y\000c\000l\000o\000p\000e\000d\000i\000a}{section.10}% 13
\BOOKMARK [2][-]{subsection.10.4}{\376\377\000T\000h\000e\000\040\000I\000n\000t\000e\000r\000n\000e\000t\000\040\000M\000o\000v\000i\000e\000\040\000D\000a\000t\000a\000b\000a\000s\000e\000\040\000\050\000I\000M\000D\000b\000\051}{section.10}% 14
\BOOKMARK [2][-]{subsection.10.5}{\376\377\000G\000o\000o\000g\000l\000e\000\040\000N\000g\000r\000a\000m\000s}{section.10}% 15
\BOOKMARK [2][-]{subsection.10.6}{\376\377\000N\000e\000w\000\040\000Y\000o\000r\000k\000\040\000T\000a\000x\000i\000\040\000R\000e\000c\000o\000r\000d\000s}{section.10}% 16
\BOOKMARK [2][-]{subsection.10.7}{\376\377\000P\000r\000o\000p\000e\000r\000t\000i\000e\000s\000\040\000o\000f\000\040\000D\000a\000t\000a}{section.10}% 17
\BOOKMARK [2][-]{subsection.10.8}{\376\377\000S\000t\000r\000u\000c\000t\000u\000r\000e\000d\000\040\000v\000s\000.\000\040\000U\000n\000s\000t\000r\000u\000c\000t\000u\000r\000e\000d\000\040\000D\000a\000t\000a}{section.10}% 18
\BOOKMARK [2][-]{subsection.10.9}{\376\377\000Q\000u\000a\000n\000t\000i\000t\000a\000t\000i\000v\000e\000\040\000v\000s\000.\000\040\000C\000a\000t\000e\000g\000o\000r\000i\000c\000a\000l\000\040\000D\000a\000t\000a}{section.10}% 19
\BOOKMARK [2][-]{subsection.10.10}{\376\377\000B\000i\000g\000\040\000D\000a\000t\000a\000\040\000v\000s\000.\000\040\000L\000i\000t\000t\000l\000e\000\040\000D\000a\000t\000a}{section.10}% 20
\BOOKMARK [2][-]{subsection.10.11}{\376\377\000C\000l\000a\000s\000s\000i\000f\000i\000c\000a\000t\000i\000o\000n\000\040\000a\000n\000d\000\040\000R\000e\000g\000r\000e\000s\000s\000i\000o\000n}{section.10}% 21
\BOOKMARK [2][-]{subsection.10.12}{\376\377\000D\000a\000t\000a\000\040\000S\000c\000i\000e\000n\000c\000e\000\040\000T\000e\000l\000e\000v\000i\000s\000i\000o\000n\000:\000\040\000T\000h\000e\000\040\000Q\000u\000a\000n\000t\000\040\000S\000h\000o\000p}{section.10}% 22
\BOOKMARK [2][-]{subsection.10.13}{\376\377\000K\000a\000g\000g\000l\000e\000\040\000C\000h\000a\000l\000l\000e\000n\000g\000e\000s}{section.10}% 23
\BOOKMARK [2][-]{subsection.10.14}{\376\377\000A\000b\000o\000u\000t\000\040\000t\000h\000e\000\040\000W\000a\000r\000\040\000S\000t\000o\000r\000i\000e\000s}{section.10}% 24
\BOOKMARK [2][-]{subsection.10.15}{\376\377\000W\000a\000r\000\040\000S\000t\000o\000r\000y\000:\000\040\000A\000n\000s\000w\000e\000r\000i\000n\000g\000\040\000t\000h\000e\000\040\000R\000i\000g\000h\000t\000\040\000Q\000u\000e\000s\000t\000i\000o\000n}{section.10}% 25
\BOOKMARK [2][-]{subsection.10.16}{\376\377\000C\000h\000a\000p\000t\000e\000r\000\040\000N\000o\000t\000e\000s}{section.10}% 26
\BOOKMARK [1][-]{section.11}{\376\377\000I\000d\000e\000n\000t\000i\000f\000y\000i\000n\000g\000\040\000D\000a\000t\000a\000\040\000S\000e\000t\000s}{}% 27
\BOOKMARK [1][-]{section.12}{\376\377\000A\000s\000k\000i\000n\000g\000\040\000Q\000u\000e\000s\000t\000i\000o\000n\000s}{}% 28
\BOOKMARK [1][-]{section.13}{\376\377\000I\000m\000p\000l\000e\000m\000e\000n\000t\000a\000t\000i\000o\000n\000\040\000P\000r\000o\000j\000e\000c\000t\000s}{}% 29
\BOOKMARK [1][-]{section.14}{\376\377\000I\000n\000t\000e\000r\000v\000i\000e\000w\000\040\000Q\000u\000e\000s\000t\000i\000o\000n\000s}{}% 30
\BOOKMARK [1][-]{section.15}{\376\377\000K\000a\000g\000g\000l\000e\000\040\000C\000h\000a\000l\000l\000e\000n\000g\000e\000s}{}% 31
\BOOKMARK [1][-]{section.16}{\376\377\000M\000a\000t\000h\000e\000m\000a\000t\000i\000c\000a\000l\000\040\000P\000r\000e\000l\000i\000m\000i\000n\000a\000r\000i\000e\000s}{}% 32
\BOOKMARK [2][-]{subsection.16.1}{\376\377\000P\000r\000o\000b\000a\000b\000i\000l\000i\000t\000y}{section.16}% 33
\BOOKMARK [2][-]{subsection.16.2}{\376\377\000P\000r\000o\000b\000a\000b\000i\000l\000i\000t\000y\000\040\000v\000s\000.\000\040\000S\000t\000a\000t\000i\000s\000t\000i\000c\000s}{section.16}% 34
\BOOKMARK [2][-]{subsection.16.3}{\376\377\000C\000o\000m\000p\000o\000u\000n\000d\000\040\000E\000v\000e\000n\000t\000s\000\040\000a\000n\000d\000\040\000I\000n\000d\000e\000p\000e\000n\000d\000e\000n\000c\000e}{section.16}% 35
\BOOKMARK [2][-]{subsection.16.4}{\376\377\000C\000o\000n\000d\000i\000t\000i\000o\000n\000a\000l\000\040\000P\000r\000o\000b\000a\000b\000i\000l\000i\000t\000y}{section.16}% 36
\BOOKMARK [2][-]{subsection.16.5}{\376\377\000P\000r\000o\000b\000a\000b\000i\000l\000i\000t\000y\000\040\000D\000i\000s\000t\000r\000i\000b\000u\000t\000i\000o\000n\000s}{section.16}% 37
\BOOKMARK [2][-]{subsection.16.6}{\376\377\000D\000e\000s\000c\000r\000i\000p\000t\000i\000v\000e\000\040\000S\000t\000a\000t\000i\000s\000t\000i\000c\000s}{section.16}% 38
\BOOKMARK [2][-]{subsection.16.7}{\376\377\000C\000e\000n\000t\000r\000a\000l\000i\000t\000y\000\040\000M\000e\000a\000s\000u\000r\000e\000s}{section.16}% 39
\BOOKMARK [2][-]{subsection.16.8}{\376\377\000V\000a\000r\000i\000a\000b\000i\000l\000i\000t\000y\000\040\000M\000e\000a\000s\000u\000r\000e\000s}{section.16}% 40
\BOOKMARK [2][-]{subsection.16.9}{\376\377\000I\000n\000t\000e\000r\000p\000r\000e\000t\000i\000n\000g\000\040\000V\000a\000r\000i\000a\000n\000c\000e}{section.16}% 41
\BOOKMARK [2][-]{subsection.16.10}{\376\377\000C\000h\000a\000r\000a\000c\000t\000e\000r\000i\000z\000i\000n\000g\000\040\000D\000i\000s\000t\000r\000i\000b\000u\000t\000i\000o\000n\000s}{section.16}% 42
\BOOKMARK [2][-]{subsection.16.11}{\376\377\000C\000o\000r\000r\000e\000l\000a\000t\000i\000o\000n\000\040\000A\000n\000a\000l\000y\000s\000i\000s}{section.16}% 43
\BOOKMARK [2][-]{subsection.16.12}{\376\377\000C\000o\000r\000r\000e\000l\000a\000t\000i\000o\000n\000\040\000C\000o\000e\000f\000f\000i\000c\000i\000e\000n\000t\000s\000:\000\040\000P\000e\000a\000r\000s\000o\000n\000\040\000a\000n\000d\000\040\000S\000p\000e\000a\000r\000m\000a\000n\000\040\000R\000a\000n\000k}{section.16}% 44
\BOOKMARK [1][-]{section.17}{\376\377\000T\000h\000e\000\040\000P\000e\000a\000r\000s\000o\000n\000\040\000C\000o\000r\000r\000e\000l\000a\000t\000i\000o\000n\000\040\000C\000o\000e\000f\000f\000i\000c\000i\000e\000n\000t}{}% 45
\BOOKMARK [1][-]{section.18}{\376\377\000T\000h\000e\000\040\000S\000p\000e\000a\000r\000m\000a\000n\000\040\000R\000a\000n\000k\000\040\000C\000o\000r\000r\000e\000l\000a\000t\000i\000o\000n\000\040\000C\000o\000e\000f\000f\000i\000c\000i\000e\000n\000t}{}% 46
\BOOKMARK [2][-]{subsection.18.1}{\376\377\000T\000h\000e\000\040\000P\000o\000w\000e\000r\000\040\000a\000n\000d\000\040\000S\000i\000g\000n\000i\000f\000i\000c\000a\000n\000c\000e\000\040\000o\000f\000\040\000C\000o\000r\000r\000e\000l\000a\000t\000i\000o\000n}{section.18}% 47
\BOOKMARK [2][-]{subsection.18.2}{\376\377\000C\000o\000r\000r\000e\000l\000a\000t\000i\000o\000n\000\040\000D\000o\000e\000s\000\040\000N\000o\000t\000\040\000I\000m\000p\000l\000y\000\040\000C\000a\000u\000s\000a\000t\000i\000o\000n\000!}{section.18}% 48
\BOOKMARK [2][-]{subsection.18.3}{\376\377\000D\000e\000t\000e\000c\000t\000i\000n\000g\000\040\000P\000e\000r\000i\000o\000d\000i\000c\000i\000t\000i\000e\000s\000\040\000b\000y\000\040\000A\000u\000t\000o\000c\000o\000r\000r\000e\000l\000a\000t\000i\000o\000n}{section.18}% 49
\BOOKMARK [2][-]{subsection.18.4}{\376\377\000L\000o\000g\000a\000r\000i\000t\000h\000m\000s}{section.18}% 50
\BOOKMARK [2][-]{subsection.18.5}{\376\377\000L\000o\000g\000a\000r\000i\000t\000h\000m\000s\000\040\000a\000n\000d\000\040\000M\000u\000l\000t\000i\000p\000l\000y\000i\000n\000g\000\040\000P\000r\000o\000b\000a\000b\000i\000l\000i\000t\000i\000e\000s}{section.18}% 51
\BOOKMARK [2][-]{subsection.18.6}{\376\377\000L\000o\000g\000a\000r\000i\000t\000h\000m\000s\000\040\000a\000n\000d\000\040\000R\000a\000t\000i\000o\000s}{section.18}% 52
\BOOKMARK [2][-]{subsection.18.7}{\376\377\000L\000o\000g\000a\000r\000i\000t\000h\000m\000s\000\040\000a\000n\000d\000\040\000N\000o\000r\000m\000a\000l\000i\000z\000i\000n\000g\000\040\000S\000k\000e\000w\000e\000d\000\040\000D\000i\000s\000t\000r\000i\000b\000u\000t\000i\000o\000n\000s}{section.18}% 53
\BOOKMARK [2][-]{subsection.18.8}{\376\377\000W\000a\000r\000\040\000S\000t\000o\000r\000y\000:\000\040\000F\000i\000t\000t\000i\000n\000g\000\040\000D\000e\000s\000i\000g\000n\000e\000r\000\040\000G\000e\000n\000e\000s}{section.18}% 54
\BOOKMARK [2][-]{subsection.18.9}{\376\377\000C\000h\000a\000p\000t\000e\000r\000\040\000N\000o\000t\000e\000s}{section.18}% 55
\BOOKMARK [2][-]{subsection.18.10}{\376\377\000P\000r\000o\000b\000a\000b\000i\000l\000i\000t\000y}{section.18}% 56
\BOOKMARK [1][-]{section.19}{\376\377\000S\000t\000a\000t\000i\000s\000t\000i\000c\000s}{}% 57
\BOOKMARK [2][-]{subsection.19.1}{\376\377\000C\000o\000r\000r\000e\000l\000a\000t\000i\000o\000n\000\040\000A\000n\000a\000l\000y\000s\000i\000s}{section.19}% 58
\BOOKMARK [2][-]{subsection.19.2}{\376\377\000L\000o\000g\000a\000r\000i\000t\000h\000m\000s}{section.19}% 59
\BOOKMARK [1][-]{section.20}{\376\377\000I\000m\000p\000l\000e\000m\000e\000n\000t\000a\000t\000i\000o\000n\000\040\000P\000r\000o\000j\000e\000c\000t\000s}{}% 60
\BOOKMARK [1][-]{section.21}{\376\377\000I\000n\000t\000e\000r\000v\000i\000e\000w\000\040\000Q\000u\000e\000s\000t\000i\000o\000n\000s}{}% 61
\BOOKMARK [1][-]{section.22}{\376\377\000K\000a\000g\000g\000l\000e\000\040\000C\000h\000a\000l\000l\000e\000n\000g\000e\000s}{}% 62
\BOOKMARK [1][-]{section.23}{\376\377\000D\000a\000t\000a\000\040\000M\000u\000n\000g\000i\000n\000g}{}% 63
\BOOKMARK [2][-]{subsection.23.1}{\376\377\000L\000a\000n\000g\000u\000a\000g\000e\000s\000\040\000f\000o\000r\000\040\000D\000a\000t\000a\000\040\000S\000c\000i\000e\000n\000c\000e}{section.23}% 64
\BOOKMARK [2][-]{subsection.23.2}{\376\377\000T\000h\000e\000\040\000I\000m\000p\000o\000r\000t\000a\000n\000c\000e\000\040\000o\000f\000\040\000N\000o\000t\000e\000b\000o\000o\000k\000\040\000E\000n\000v\000i\000r\000o\000n\000m\000e\000n\000t\000s}{section.23}% 65
\BOOKMARK [2][-]{subsection.23.3}{\376\377\000S\000t\000a\000n\000d\000a\000r\000d\000\040\000D\000a\000t\000a\000\040\000F\000o\000r\000m\000a\000t\000s}{section.23}% 66
\BOOKMARK [2][-]{subsection.23.4}{\376\377\000C\000o\000l\000l\000e\000c\000t\000i\000n\000g\000\040\000D\000a\000t\000a}{section.23}% 67
\BOOKMARK [2][-]{subsection.23.5}{\376\377\000H\000u\000n\000t\000i\000n\000g}{section.23}% 68
\BOOKMARK [1][-]{section.24}{\376\377\000C\000o\000m\000p\000a\000n\000i\000e\000s\000\040\000a\000n\000d\000\040\000P\000r\000o\000p\000r\000i\000e\000t\000a\000r\000y\000\040\000D\000a\000t\000a\000\040\000S\000o\000u\000r\000c\000e\000s}{}% 69
\BOOKMARK [1][-]{section.25}{\376\377\000G\000o\000v\000e\000r\000n\000m\000e\000n\000t\000\040\000D\000a\000t\000a\000\040\000S\000o\000u\000r\000c\000e\000s}{}% 70
\BOOKMARK [1][-]{section.26}{\376\377\000A\000c\000a\000d\000e\000m\000i\000c\000\040\000D\000a\000t\000a\000\040\000S\000e\000t\000s}{}% 71
\BOOKMARK [1][-]{section.27}{\376\377\000S\000w\000e\000a\000t\000\040\000E\000q\000u\000i\000t\000y}{}% 72
\BOOKMARK [2][-]{subsection.27.1}{\376\377\000S\000c\000r\000a\000p\000i\000n\000g}{section.27}% 73
\BOOKMARK [2][-]{subsection.27.2}{\376\377\000L\000o\000g\000g\000i\000n\000g}{section.27}% 74
\BOOKMARK [2][-]{subsection.27.3}{\376\377\000C\000l\000e\000a\000n\000i\000n\000g\000\040\000D\000a\000t\000a}{section.27}% 75
\BOOKMARK [2][-]{subsection.27.4}{\376\377\000E\000r\000r\000o\000r\000s\000\040\000v\000s\000.\000\040\000A\000r\000t\000i\000f\000a\000c\000t\000s}{section.27}% 76
\BOOKMARK [2][-]{subsection.27.5}{\376\377\000D\000a\000t\000a\000\040\000C\000o\000m\000p\000a\000t\000i\000b\000i\000l\000i\000t\000y}{section.27}% 77
\BOOKMARK [1][-]{section.28}{\376\377\000U\000n\000i\000t\000\040\000C\000o\000n\000v\000e\000r\000s\000i\000o\000n\000s}{}% 78
\BOOKMARK [1][-]{section.29}{\376\377\000N\000u\000m\000e\000r\000i\000c\000a\000l\000\040\000R\000e\000p\000r\000e\000s\000e\000n\000t\000a\000t\000i\000o\000n\000\040\000C\000o\000n\000v\000e\000r\000s\000i\000o\000n\000s}{}% 79
\BOOKMARK [1][-]{section.30}{\376\377\000N\000a\000m\000e\000\040\000U\000n\000i\000f\000i\000c\000a\000t\000i\000o\000n}{}% 80
\BOOKMARK [1][-]{section.31}{\376\377\000T\000i\000m\000e\000/\000D\000a\000t\000e\000\040\000U\000n\000i\000f\000i\000c\000a\000t\000i\000o\000n}{}% 81
\BOOKMARK [1][-]{section.32}{\376\377\000F\000i\000n\000a\000n\000c\000i\000a\000l\000\040\000U\000n\000i\000f\000i\000c\000a\000t\000i\000o\000n}{}% 82
\BOOKMARK [2][-]{subsection.32.1}{\376\377\000D\000e\000a\000l\000i\000n\000g\000\040\000w\000i\000t\000h\000\040\000M\000i\000s\000s\000i\000n\000g\000\040\000V\000a\000l\000u\000e\000s}{section.32}% 83
\BOOKMARK [2][-]{subsection.32.2}{\376\377\000O\000u\000t\000l\000i\000e\000r\000\040\000D\000e\000t\000e\000c\000t\000i\000o\000n}{section.32}% 84
\BOOKMARK [2][-]{subsection.32.3}{\376\377\000W\000a\000r\000\040\000S\000t\000o\000r\000y\000:\000\040\000B\000e\000a\000t\000i\000n\000g\000\040\000t\000h\000e\000\040\000M\000a\000r\000k\000e\000t}{section.32}% 85
\BOOKMARK [2][-]{subsection.32.4}{\376\377\000C\000r\000o\000w\000d\000s\000o\000u\000r\000c\000i\000n\000g}{section.32}% 86
\BOOKMARK [2][-]{subsection.32.5}{\376\377\000T\000h\000e\000\040\000P\000e\000n\000n\000y\000\040\000D\000e\000m\000o}{section.32}% 87
\BOOKMARK [2][-]{subsection.32.6}{\376\377\000W\000h\000e\000n\000\040\000i\000s\000\040\000t\000h\000e\000\040\000C\000r\000o\000w\000d\000\040\000W\000i\000s\000e\000?}{section.32}% 88
\BOOKMARK [2][-]{subsection.32.7}{\376\377\000M\000e\000c\000h\000a\000n\000i\000s\000m\000s\000\040\000f\000o\000r\000\040\000A\000g\000g\000r\000e\000g\000a\000t\000i\000o\000n}{section.32}% 89
\BOOKMARK [2][-]{subsection.32.8}{\376\377\000C\000r\000o\000w\000d\000s\000o\000u\000r\000c\000i\000n\000g\000\040\000S\000e\000r\000v\000i\000c\000e\000s}{section.32}% 90
\BOOKMARK [2][-]{subsection.32.9}{\376\377\000G\000a\000m\000i\000f\000i\000c\000a\000t\000i\000o\000n}{section.32}% 91
\BOOKMARK [2][-]{subsection.32.10}{\376\377\000C\000h\000a\000p\000t\000e\000r\000\040\000N\000o\000t\000e\000s}{section.32}% 92
\BOOKMARK [1][-]{section.33}{\376\377\000D\000a\000t\000a\000\040\000M\000u\000n\000g\000i\000n\000g}{}% 93
\BOOKMARK [1][-]{section.34}{\376\377\000D\000a\000t\000a\000\040\000S\000o\000u\000r\000c\000e\000s}{}% 94
\BOOKMARK [1][-]{section.35}{\376\377\000I\000m\000p\000l\000e\000m\000e\000n\000t\000a\000t\000i\000o\000n\000\040\000P\000r\000o\000j\000e\000c\000t\000s}{}% 95
\BOOKMARK [2][-]{subsection.35.1}{\376\377\000C\000r\000o\000w\000d\000s\000o\000u\000r\000c\000i\000n\000g}{section.35}% 96
\BOOKMARK [1][-]{section.36}{\376\377\000I\000n\000t\000e\000r\000v\000i\000e\000w\000\040\000Q\000u\000e\000s\000t\000i\000o\000n\000s}{}% 97
\BOOKMARK [1][-]{section.37}{\376\377\000K\000a\000g\000g\000l\000e\000\040\000C\000h\000a\000l\000l\000e\000n\000g\000e\000s}{}% 98
\BOOKMARK [1][-]{section.38}{\376\377\000S\000c\000o\000r\000e\000s\000\040\000a\000n\000d\000\040\000R\000a\000n\000k\000i\000n\000g\000s}{}% 99
\BOOKMARK [2][-]{subsection.38.1}{\376\377\000T\000h\000e\000\040\000B\000o\000d\000y\000\040\000M\000a\000s\000s\000\040\000I\000n\000d\000e\000x\000\040\000\050\000B\000M\000I\000\051}{section.38}% 100
\BOOKMARK [2][-]{subsection.38.2}{\376\377\000D\000e\000v\000e\000l\000o\000p\000i\000n\000g\000\040\000S\000c\000o\000r\000i\000n\000g\000\040\000S\000y\000s\000t\000e\000m\000s}{section.38}% 101
\BOOKMARK [2][-]{subsection.38.3}{\376\377\000G\000o\000l\000d\000\040\000S\000t\000a\000n\000d\000a\000r\000d\000s\000\040\000a\000n\000d\000\040\000P\000r\000o\000x\000i\000e\000s}{section.38}% 102
\BOOKMARK [2][-]{subsection.38.4}{\376\377\000S\000c\000o\000r\000e\000s\000\040\000v\000s\000.\000\040\000R\000a\000n\000k\000i\000n\000g\000s}{section.38}% 103
\BOOKMARK [2][-]{subsection.38.5}{\376\377\000R\000e\000c\000o\000g\000n\000i\000z\000i\000n\000g\000\040\000G\000o\000o\000d\000\040\000S\000c\000o\000r\000i\000n\000g\000\040\000F\000u\000n\000c\000t\000i\000o\000n\000s}{section.38}% 104
\BOOKMARK [2][-]{subsection.38.6}{\376\377\000Z\000-\000s\000c\000o\000r\000e\000s\000\040\000a\000n\000d\000\040\000N\000o\000r\000m\000a\000l\000i\000z\000a\000t\000i\000o\000n}{section.38}% 105
\BOOKMARK [2][-]{subsection.38.7}{\376\377\000A\000d\000v\000a\000n\000c\000e\000d\000\040\000R\000a\000n\000k\000i\000n\000g\000\040\000T\000e\000c\000h\000n\000i\000q\000u\000e\000s}{section.38}% 106
\BOOKMARK [2][-]{subsection.38.8}{\376\377\000E\000l\000o\000\040\000R\000a\000n\000k\000i\000n\000g\000s}{section.38}% 107
\BOOKMARK [1][-]{section.39}{\376\377\000T\000h\000e\000\040\000L\000o\000g\000i\000t\000\040\000F\000u\000n\000c\000t\000i\000o\000n}{}% 108
\BOOKMARK [2][-]{subsection.39.1}{\376\377\000M\000e\000r\000g\000i\000n\000g\000\040\000R\000a\000n\000k\000i\000n\000g\000s}{section.39}% 109
\BOOKMARK [2][-]{subsection.39.2}{\376\377\000D\000i\000g\000r\000a\000p\000h\000-\000b\000a\000s\000e\000d\000\040\000R\000a\000n\000k\000i\000n\000g\000s}{section.39}% 110
\BOOKMARK [2][-]{subsection.39.3}{\376\377\000P\000a\000g\000e\000R\000a\000n\000k}{section.39}% 111
\BOOKMARK [2][-]{subsection.39.4}{\376\377\000W\000a\000r\000\040\000S\000t\000o\000r\000y\000:\000\040\000C\000l\000y\000d\000e\000'\000s\000\040\000R\000e\000v\000e\000n\000g\000e}{section.39}% 112
\BOOKMARK [1][-]{section.40}{\376\377\000E\000v\000e\000n\000\040\000c\000r\000u\000d\000e\000\040\000m\000a\000t\000h\000e\000m\000a\000t\000i\000c\000a\000l\000\040\000m\000o\000d\000e\000l\000s\000\040\000c\000a\000n\000\040\000h\000a\000v\000e\000\040\000r\000e\000a\000l\000\040\000p\000r\000e\000d\000i\000c\000t\000i\000v\000e\000\040\000p\000o\000w\000e\000r\000.}{}% 113
\BOOKMARK [1][-]{section.41}{\376\377\004\074\011\276\011\360\000u\000a\000n\000t\000\040\000u\000s\000e\000s\000\040\000c\000o\000m\000p\000u\000t\000e\000r\000s\000\040\000t\000o\000\040\000p\000r\000e\000d\000i\000c\000t\000\040\000f\000o\000o\000t\000b\000a\000l\000l\000\040\000w\000i\000n\000n\000e\000r\000s}{}% 114
\BOOKMARK [1][-]{section.42}{\376\377\000P\000r\000e\000d\000i\000c\000t\000i\000o\000n\000s\000\040\000p\000u\000b\000l\000i\000s\000h\000e\000d}{}% 115
\BOOKMARK [2][-]{subsection.42.1}{\376\377\000A\000r\000r\000o\000w\000'\000s\000\040\000I\000m\000p\000o\000s\000s\000i\000b\000i\000l\000i\000t\000y\000\040\000T\000h\000e\000o\000r\000e\000m}{section.42}% 116
\BOOKMARK [2][-]{subsection.42.2}{\376\377\000W\000a\000r\000\040\000S\000t\000o\000r\000y\000:\000\040\000W\000h\000o\000'\000s\000\040\000B\000i\000g\000g\000e\000r\000?}{section.42}% 117
\BOOKMARK [2][-]{subsection.42.3}{\376\377\000C\000h\000a\000p\000t\000e\000r\000\040\000N\000o\000t\000e\000s}{section.42}% 118
\BOOKMARK [1][-]{section.43}{\376\377\000S\000c\000o\000r\000e\000s\000\040\000a\000n\000d\000\040\000R\000a\000n\000k\000i\000n\000g\000s}{}% 119
\BOOKMARK [1][-]{section.44}{\376\377\000I\000m\000p\000l\000e\000m\000e\000n\000t\000a\000t\000i\000o\000n\000\040\000P\000r\000o\000j\000e\000c\000t\000s}{}% 120
\BOOKMARK [1][-]{section.45}{\376\377\000I\000n\000t\000e\000r\000v\000i\000e\000w\000\040\000Q\000u\000e\000s\000t\000i\000o\000n\000s}{}% 121
\BOOKMARK [1][-]{section.46}{\376\377\000K\000a\000g\000g\000l\000e\000\040\000C\000h\000a\000l\000l\000e\000n\000g\000e\000s}{}% 122
\BOOKMARK [1][-]{section.47}{\376\377\000S\000t\000a\000t\000i\000s\000t\000i\000c\000a\000l\000\040\000A\000n\000a\000l\000y\000s\000i\000s}{}% 123
\BOOKMARK [2][-]{subsection.47.1}{\376\377\000S\000t\000a\000t\000i\000s\000t\000i\000c\000a\000l\000\040\000D\000i\000s\000t\000r\000i\000b\000u\000t\000i\000o\000n\000s}{section.47}% 124
\BOOKMARK [2][-]{subsection.47.2}{\376\377\000T\000h\000e\000\040\000B\000i\000n\000o\000m\000i\000a\000l\000\040\000D\000i\000s\000t\000r\000i\000b\000u\000t\000i\000o\000n}{section.47}% 125
\BOOKMARK [2][-]{subsection.47.3}{\376\377\000T\000h\000e\000\040\000N\000o\000r\000m\000a\000l\000\040\000D\000i\000s\000t\000r\000i\000b\000u\000t\000i\000o\000n}{section.47}% 126
\BOOKMARK [1][-]{section.48}{\376\377\000W\000h\000a\000t\000'\000s\000\040\000N\000o\000r\000m\000a\000l\000?}{}% 127
\BOOKMARK [2][-]{subsection.48.1}{\376\377\000I\000m\000p\000l\000i\000c\000a\000t\000i\000o\000n\000s\000\040\000o\000f\000\040\000t\000h\000e\000\040\000N\000o\000r\000m\000a\000l\000\040\000D\000i\000s\000t\000r\000i\000b\000u\000t\000i\000o\000n}{section.48}% 128
\BOOKMARK [2][-]{subsection.48.2}{\376\377\000P\000o\000i\000s\000s\000o\000n\000\040\000D\000i\000s\000t\000r\000i\000b\000u\000t\000i\000o\000n}{section.48}% 129
\BOOKMARK [2][-]{subsection.48.3}{\376\377\000P\000o\000w\000e\000r\000\040\000L\000a\000w\000\040\000D\000i\000s\000t\000r\000i\000b\000u\000t\000i\000o\000n\000s}{section.48}% 130
\BOOKMARK [2][-]{subsection.48.4}{\376\377\000S\000a\000m\000p\000l\000i\000n\000g\000\040\000f\000r\000o\000m\000\040\000D\000i\000s\000t\000r\000i\000b\000u\000t\000i\000o\000n\000s}{section.48}% 131
\BOOKMARK [2][-]{subsection.48.5}{\376\377\000R\000a\000n\000d\000o\000m\000\040\000S\000a\000m\000p\000l\000i\000n\000g\000\040\000b\000e\000y\000o\000n\000d\000\040\000O\000n\000e\000\040\000D\000i\000m\000e\000n\000s\000i\000o\000n}{section.48}% 132
\BOOKMARK [2][-]{subsection.48.6}{\376\377\000S\000t\000a\000t\000i\000s\000t\000i\000c\000a\000l\000\040\000S\000i\000g\000n\000i\000f\000i\000c\000a\000n\000c\000e}{section.48}% 133
\BOOKMARK [2][-]{subsection.48.7}{\376\377\000T\000h\000e\000\040\000S\000i\000g\000n\000i\000f\000i\000c\000a\000n\000c\000e\000\040\000o\000f\000\040\000S\000i\000g\000n\000i\000f\000i\000c\000a\000n\000c\000e}{section.48}% 134
\BOOKMARK [2][-]{subsection.48.8}{\376\377\000T\000h\000e\000\040\000T\000-\000t\000e\000s\000t\000:\000\040\000C\000o\000m\000p\000a\000r\000i\000n\000g\000\040\000P\000o\000p\000u\000l\000a\000t\000i\000o\000n\000\040\000M\000e\000a\000n\000s}{section.48}% 135
\BOOKMARK [1][-]{section.49}{\376\377\000W\000h\000y\000\040\000D\000o\000e\000s\000\040\000T\000h\000i\000s\000\040\000W\000o\000r\000k\000?}{}% 136
\BOOKMARK [2][-]{subsection.49.1}{\376\377\000T\000h\000e\000\040\000K\000o\000l\000m\000o\000g\000o\000r\000o\000v\000-\000S\000m\000i\000r\000n\000o\000v\000\040\000T\000e\000s\000t}{section.49}% 137
\BOOKMARK [1][-]{section.50}{\376\377\000N\000o\000r\000m\000a\000l\000i\000t\000y\000\040\000T\000e\000s\000t\000i\000n\000g}{}% 138
\BOOKMARK [2][-]{subsection.50.1}{\376\377\000T\000h\000e\000\040\000B\000o\000n\000f\000e\000r\000r\000o\000n\000i\000\040\000C\000o\000r\000r\000e\000c\000t\000i\000o\000n}{section.50}% 139
\BOOKMARK [2][-]{subsection.50.2}{\376\377\000F\000a\000l\000s\000e\000\040\000D\000i\000s\000c\000o\000v\000e\000r\000y\000\040\000R\000a\000t\000e}{section.50}% 140
\BOOKMARK [2][-]{subsection.50.3}{\376\377\000W\000a\000r\000\040\000S\000t\000o\000r\000y\000:\000\040\000D\000i\000s\000c\000o\000v\000e\000r\000i\000n\000g\000\040\000t\000h\000e\000\040\000F\000o\000u\000n\000t\000a\000i\000n\000\040\000o\000f\000\040\000Y\000o\000u\000t\000h\000?}{section.50}% 141
\BOOKMARK [2][-]{subsection.50.4}{\376\377\000P\000e\000r\000m\000u\000t\000a\000t\000i\000o\000n\000\040\000T\000e\000s\000t\000s\000\040\000a\000n\000d\000\040\000P\000-\000v\000a\000l\000u\000e\000s}{section.50}% 142
\BOOKMARK [2][-]{subsection.50.5}{\376\377\000G\000e\000n\000e\000r\000a\000t\000i\000n\000g\000\040\000R\000a\000n\000d\000o\000m\000\040\000P\000e\000r\000m\000u\000t\000a\000t\000i\000o\000n\000s}{section.50}% 143
\BOOKMARK [2][-]{subsection.50.6}{\376\377\000D\000i\000M\000a\000g\000g\000i\000o\000'\000s\000\040\000H\000i\000t\000t\000i\000n\000g\000\040\000S\000t\000r\000e\000a\000k}{section.50}% 144
\BOOKMARK [2][-]{subsection.50.7}{\376\377\000B\000a\000y\000e\000s\000i\000a\000n\000\040\000R\000e\000a\000s\000o\000n\000i\000n\000g}{section.50}% 145
\BOOKMARK [2][-]{subsection.50.8}{\376\377\000C\000h\000a\000p\000t\000e\000r\000\040\000N\000o\000t\000e\000s}{section.50}% 146
\BOOKMARK [2][-]{subsection.50.9}{\376\377\000E\000x\000e\000r\000c\000i\000s\000e\000s}{section.50}% 147
\BOOKMARK [1][-]{section.51}{\376\377\000S\000i\000g\000n\000i\000f\000i\000c\000a\000n\000c\000e\000\040\000T\000e\000s\000t\000i\000n\000g}{}% 148
\BOOKMARK [1][-]{section.52}{\376\377\000P\000e\000r\000m\000u\000t\000a\000t\000i\000o\000n\000\040\000T\000e\000s\000t\000s\000\040\000a\000n\000d\000\040\000P\000\040\000-\000v\000a\000l\000u\000e\000s}{}% 149
\BOOKMARK [1][-]{section.53}{\376\377\000I\000m\000p\000l\000e\000m\000e\000n\000t\000a\000t\000i\000o\000n\000\040\000P\000r\000o\000j\000e\000c\000t\000s}{}% 150
\BOOKMARK [1][-]{section.54}{\376\377\000I\000n\000t\000e\000r\000v\000i\000e\000w\000\040\000Q\000u\000e\000s\000t\000i\000o\000n\000s}{}% 151
\BOOKMARK [1][-]{section.55}{\376\377\000K\000a\000g\000g\000l\000e\000\040\000C\000h\000a\000l\000l\000e\000n\000g\000e\000s}{}% 152
\BOOKMARK [1][-]{section.56}{\376\377\000V\000i\000s\000u\000a\000l\000i\000z\000i\000n\000g\000\040\000D\000a\000t\000a}{}% 153
\BOOKMARK [2][-]{subsection.56.1}{\376\377\000E\000x\000p\000l\000o\000r\000a\000t\000o\000r\000y\000\040\000D\000a\000t\000a\000\040\000A\000n\000a\000l\000y\000s\000i\000s}{section.56}% 154
\BOOKMARK [2][-]{subsection.56.2}{\376\377\000C\000o\000n\000f\000r\000o\000n\000t\000i\000n\000g\000\040\000a\000\040\000N\000e\000w\000\040\000D\000a\000t\000a\000\040\000S\000e\000t}{section.56}% 155
\BOOKMARK [2][-]{subsection.56.3}{\376\377\000S\000u\000m\000m\000a\000r\000y\000\040\000S\000t\000a\000t\000i\000s\000t\000i\000c\000s\000\040\000a\000n\000d\000\040\000A\000n\000s\000c\000o\000m\000b\000e\000'\000s\000\040\000Q\000u\000a\000r\000t\000e\000t}{section.56}% 156
\BOOKMARK [2][-]{subsection.56.4}{\376\377\000V\000i\000s\000u\000a\000l\000i\000z\000a\000t\000i\000o\000n\000\040\000T\000o\000o\000l\000s}{section.56}% 157
\BOOKMARK [2][-]{subsection.56.5}{\376\377\000D\000e\000v\000e\000l\000o\000p\000i\000n\000g\000\040\000a\000\040\000V\000i\000s\000u\000a\000l\000i\000z\000a\000t\000i\000o\000n\000\040\000A\000e\000s\000t\000h\000e\000t\000i\000c}{section.56}% 158
\BOOKMARK [2][-]{subsection.56.6}{\376\377\000M\000a\000x\000i\000m\000i\000z\000i\000n\000g\000\040\000D\000a\000t\000a\000-\000I\000n\000k\000\040\000R\000a\000t\000i\000o}{section.56}% 159
\BOOKMARK [2][-]{subsection.56.7}{\376\377\000M\000i\000n\000i\000m\000i\000z\000i\000n\000g\000\040\000t\000h\000e\000\040\000L\000i\000e\000\040\000F\000a\000c\000t\000o\000r}{section.56}% 160
\BOOKMARK [2][-]{subsection.56.8}{\376\377\000M\000i\000n\000i\000m\000i\000z\000i\000n\000g\000\040\000C\000h\000a\000r\000t\000j\000u\000n\000k}{section.56}% 161
\BOOKMARK [2][-]{subsection.56.9}{\376\377\000P\000r\000o\000p\000e\000r\000\040\000S\000c\000a\000l\000i\000n\000g\000\040\000a\000n\000d\000\040\000L\000a\000b\000e\000l\000i\000n\000g}{section.56}% 162
\BOOKMARK [2][-]{subsection.56.10}{\376\377\000E\000f\000f\000e\000c\000t\000i\000v\000e\000\040\000U\000s\000e\000\040\000o\000f\000\040\000C\000o\000l\000o\000r\000\040\000a\000n\000d\000\040\000S\000h\000a\000d\000i\000n\000g}{section.56}% 163
\BOOKMARK [2][-]{subsection.56.11}{\376\377\000T\000h\000e\000\040\000P\000o\000w\000e\000r\000\040\000o\000f\000\040\000R\000e\000p\000e\000t\000i\000t\000i\000o\000n}{section.56}% 164
\BOOKMARK [2][-]{subsection.56.12}{\376\377\000C\000h\000a\000r\000t\000\040\000T\000y\000p\000e\000s}{section.56}% 165
\BOOKMARK [2][-]{subsection.56.13}{\376\377\000T\000a\000b\000u\000l\000a\000r\000\040\000D\000a\000t\000a}{section.56}% 166
\BOOKMARK [2][-]{subsection.56.14}{\376\377\000D\000o\000t\000\040\000a\000n\000d\000\040\000L\000i\000n\000e\000\040\000P\000l\000o\000t\000s}{section.56}% 167
\BOOKMARK [2][-]{subsection.56.15}{\376\377\000S\000c\000a\000t\000t\000e\000r\000\040\000P\000l\000o\000t\000s}{section.56}% 168
\BOOKMARK [2][-]{subsection.56.16}{\376\377\000B\000a\000r\000\040\000P\000l\000o\000t\000s\000\040\000a\000n\000d\000\040\000P\000i\000e\000\040\000C\000h\000a\000r\000t\000s}{section.56}% 169
\BOOKMARK [1][-]{section.57}{\376\377\000B\000a\000d\000\040\000P\000i\000e\000\040\000C\000h\000a\000r\000t\000s}{}% 170
\BOOKMARK [2][-]{subsection.57.1}{\376\377\000H\000i\000s\000t\000o\000g\000r\000a\000m\000s}{section.57}% 171
\BOOKMARK [2][-]{subsection.57.2}{\376\377\000D\000a\000t\000a\000\040\000M\000a\000p\000s}{section.57}% 172
\BOOKMARK [2][-]{subsection.57.3}{\376\377\000G\000r\000e\000a\000t\000\040\000V\000i\000s\000u\000a\000l\000i\000z\000a\000t\000i\000o\000n\000s}{section.57}% 173
\BOOKMARK [2][-]{subsection.57.4}{\376\377\000M\000a\000r\000e\000y\000'\000s\000\040\000T\000r\000a\000i\000n\000\040\000S\000c\000h\000e\000d\000u\000l\000e}{section.57}% 174
\BOOKMARK [2][-]{subsection.57.5}{\376\377\000S\000n\000o\000w\000'\000s\000\040\000C\000h\000o\000l\000e\000r\000a\000\040\000M\000a\000p}{section.57}% 175
\BOOKMARK [2][-]{subsection.57.6}{\376\377\000N\000e\000w\000\040\000Y\000o\000r\000k\000'\000s\000\040\000W\000e\000a\000t\000h\000e\000r\000\040\000Y\000e\000a\000r}{section.57}% 176
\BOOKMARK [2][-]{subsection.57.7}{\376\377\000R\000e\000a\000d\000i\000n\000g\000\040\000G\000r\000a\000p\000h\000s}{section.57}% 177
\BOOKMARK [2][-]{subsection.57.8}{\376\377\000T\000h\000e\000\040\000O\000b\000s\000c\000u\000r\000e\000d\000\040\000D\000i\000s\000t\000r\000i\000b\000u\000t\000i\000o\000n}{section.57}% 178
\BOOKMARK [2][-]{subsection.57.9}{\376\377\000O\000v\000e\000r\000i\000n\000t\000e\000r\000p\000r\000e\000t\000i\000n\000g\000\040\000V\000a\000r\000i\000a\000n\000c\000e}{section.57}% 179
\BOOKMARK [2][-]{subsection.57.10}{\376\377\000I\000n\000t\000e\000r\000a\000c\000t\000i\000v\000e\000\040\000V\000i\000s\000u\000a\000l\000i\000z\000a\000t\000i\000o\000n}{section.57}% 180
\BOOKMARK [2][-]{subsection.57.11}{\376\377\000W\000a\000r\000\040\000S\000t\000o\000r\000y\000:\000\040\000T\000e\000x\000t\000M\000a\000p\000p\000i\000n\000g\000\040\000t\000h\000e\000\040\000W\000o\000r\000l\000d}{section.57}% 181
\BOOKMARK [2][-]{subsection.57.12}{\376\377\000C\000h\000a\000p\000t\000e\000r\000\040\000N\000o\000t\000e\000s}{section.57}% 182
\BOOKMARK [2][-]{subsection.57.13}{\376\377\000E\000x\000p\000l\000o\000r\000a\000t\000o\000r\000y\000\040\000D\000a\000t\000a\000\040\000A\000n\000a\000l\000y\000s\000i\000s}{section.57}% 183
\BOOKMARK [1][-]{section.58}{\376\377\000I\000n\000t\000e\000r\000p\000r\000e\000t\000i\000n\000g\000\040\000V\000i\000s\000u\000a\000l\000i\000z\000a\000t\000i\000o\000n\000s}{}% 184
\BOOKMARK [1][-]{section.59}{\376\377\000C\000r\000e\000a\000t\000i\000n\000g\000\040\000V\000i\000s\000u\000a\000l\000i\000z\000a\000t\000i\000o\000n\000s}{}% 185
\BOOKMARK [1][-]{section.60}{\376\377\000I\000m\000p\000l\000e\000m\000e\000n\000t\000a\000t\000i\000o\000n\000\040\000P\000r\000o\000j\000e\000c\000t\000s}{}% 186
\BOOKMARK [1][-]{section.61}{\376\377\000I\000n\000t\000e\000r\000v\000i\000e\000w\000\040\000Q\000u\000e\000s\000t\000i\000o\000n\000s}{}% 187
\BOOKMARK [1][-]{section.62}{\376\377\000K\000a\000g\000g\000l\000e\000\040\000C\000h\000a\000l\000l\000e\000n\000g\000e\000s}{}% 188
\BOOKMARK [1][-]{section.63}{\376\377\000M\000a\000t\000h\000e\000m\000a\000t\000i\000c\000a\000l\000\040\000M\000o\000d\000e\000l\000s}{}% 189
\BOOKMARK [2][-]{subsection.63.1}{\376\377\000P\000h\000i\000l\000o\000s\000o\000p\000h\000i\000e\000s\000\040\000o\000f\000\040\000M\000o\000d\000e\000l\000i\000n\000g}{section.63}% 190
\BOOKMARK [2][-]{subsection.63.2}{\376\377\000O\000c\000c\000a\000m\000'\000s\000\040\000R\000a\000z\000o\000r}{section.63}% 191
\BOOKMARK [2][-]{subsection.63.3}{\376\377\000B\000i\000a\000s\000-\000V\000a\000r\000i\000a\000n\000c\000e\000\040\000T\000r\000a\000d\000e\000-\000O\000f\000f\000s}{section.63}% 192
\BOOKMARK [2][-]{subsection.63.4}{\376\377\000W\000h\000a\000t\000\040\000W\000o\000u\000l\000d\000\040\000N\000a\000t\000e\000\040\000S\000i\000l\000v\000e\000r\000\040\000D\000o\000?}{section.63}% 193
\BOOKMARK [2][-]{subsection.63.5}{\376\377\000A\000\040\000T\000a\000x\000o\000n\000o\000m\000y\000\040\000o\000f\000\040\000M\000o\000d\000e\000l\000s}{section.63}% 194
\BOOKMARK [2][-]{subsection.63.6}{\376\377\000L\000i\000n\000e\000a\000r\000\040\000v\000s\000.\000\040\000N\000o\000n\000-\000L\000i\000n\000e\000a\000r\000\040\000M\000o\000d\000e\000l\000s}{section.63}% 195
\BOOKMARK [2][-]{subsection.63.7}{\376\377\000B\000l\000a\000c\000k\000b\000o\000x\000\040\000v\000s\000.\000\040\000D\000e\000s\000c\000r\000i\000p\000t\000i\000v\000e\000\040\000M\000o\000d\000e\000l\000s}{section.63}% 196
\BOOKMARK [2][-]{subsection.63.8}{\376\377\000F\000i\000r\000s\000t\000-\000P\000r\000i\000n\000c\000i\000p\000l\000e\000\040\000v\000s\000.\000\040\000D\000a\000t\000a\000-\000D\000r\000i\000v\000e\000n\000\040\000M\000o\000d\000e\000l\000s}{section.63}% 197
\BOOKMARK [2][-]{subsection.63.9}{\376\377\000S\000t\000o\000c\000h\000a\000s\000t\000i\000c\000\040\000v\000s\000.\000\040\000D\000e\000t\000e\000r\000m\000i\000n\000i\000s\000t\000i\000c\000\040\000M\000o\000d\000e\000l\000s}{section.63}% 198
\BOOKMARK [2][-]{subsection.63.10}{\376\377\000F\000l\000a\000t\000\040\000v\000s\000.\000\040\000H\000i\000e\000r\000a\000r\000c\000h\000i\000c\000a\000l\000\040\000M\000o\000d\000e\000l\000s}{section.63}% 199
\BOOKMARK [2][-]{subsection.63.11}{\376\377\000B\000a\000s\000e\000l\000i\000n\000e\000\040\000M\000o\000d\000e\000l\000s}{section.63}% 200
\BOOKMARK [2][-]{subsection.63.12}{\376\377\000B\000a\000s\000e\000l\000i\000n\000e\000\040\000M\000o\000d\000e\000l\000s\000\040\000f\000o\000r\000\040\000C\000l\000a\000s\000s\000i\000f\000i\000c\000a\000t\000i\000o\000n}{section.63}% 201
\BOOKMARK [2][-]{subsection.63.13}{\376\377\000B\000a\000s\000e\000l\000i\000n\000e\000\040\000M\000o\000d\000e\000l\000s\000\040\000f\000o\000r\000\040\000V\000a\000l\000u\000e\000\040\000P\000r\000e\000d\000i\000c\000t\000i\000o\000n}{section.63}% 202
\BOOKMARK [2][-]{subsection.63.14}{\376\377\000E\000v\000a\000l\000u\000a\000t\000i\000n\000g\000\040\000M\000o\000d\000e\000l\000s}{section.63}% 203
\BOOKMARK [2][-]{subsection.63.15}{\376\377\000E\000v\000a\000l\000u\000a\000t\000i\000n\000g\000\040\000C\000l\000a\000s\000s\000i\000f\000i\000e\000r\000s}{section.63}% 204
\BOOKMARK [1][-]{section.64}{\376\377\000A\000c\000c\000u\000r\000a\000c\000y\000,\000\040\000P\000r\000e\000c\000i\000s\000i\000o\000n\000,\000\040\000R\000e\000c\000a\000l\000l\000,\000\040\000a\000n\000d\000\040\000F\000-\000S\000c\000o\000r\000e}{}% 205
\BOOKMARK [2][-]{subsection.64.1}{\376\377\000R\000e\000c\000e\000i\000v\000e\000r\000-\000O\000p\000e\000r\000a\000t\000o\000r\000\040\000C\000h\000a\000r\000a\000c\000t\000e\000r\000i\000s\000t\000i\000c\000\040\000\050\000R\000O\000C\000\051\000\040\000C\000u\000r\000v\000e\000s}{section.64}% 206
\BOOKMARK [2][-]{subsection.64.2}{\376\377\000E\000v\000a\000l\000u\000a\000t\000i\000n\000g\000\040\000M\000u\000l\000t\000i\000c\000l\000a\000s\000s\000\040\000S\000y\000s\000t\000e\000m\000s}{section.64}% 207
\BOOKMARK [2][-]{subsection.64.3}{\376\377\000E\000v\000a\000l\000u\000a\000t\000i\000n\000g\000\040\000V\000a\000l\000u\000e\000\040\000P\000r\000e\000d\000i\000c\000t\000i\000o\000n\000\040\000M\000o\000d\000e\000l\000s}{section.64}% 208
\BOOKMARK [1][-]{section.65}{\376\377\000E\000r\000r\000o\000r\000\040\000S\000t\000a\000t\000i\000s\000t\000i\000c\000s}{}% 209
\BOOKMARK [2][-]{subsection.65.1}{\376\377\000E\000v\000a\000l\000u\000a\000t\000i\000o\000n\000\040\000E\000n\000v\000i\000r\000o\000n\000m\000e\000n\000t\000s}{section.65}% 210
\BOOKMARK [2][-]{subsection.65.2}{\376\377\000D\000a\000t\000a\000\040\000H\000y\000g\000i\000e\000n\000e\000\040\000f\000o\000r\000\040\000E\000v\000a\000l\000u\000a\000t\000i\000o\000n}{section.65}% 211
\BOOKMARK [2][-]{subsection.65.3}{\376\377\000A\000m\000p\000l\000i\000f\000y\000i\000n\000g\000\040\000S\000m\000a\000l\000l\000\040\000E\000v\000a\000l\000u\000a\000t\000i\000o\000n\000\040\000S\000e\000t\000s}{section.65}% 212
\BOOKMARK [2][-]{subsection.65.4}{\376\377\000W\000a\000r\000\040\000S\000t\000o\000r\000y\000:\000\040\0001\0000\0000\000\045\000\040\000A\000c\000c\000u\000r\000a\000c\000y}{section.65}% 213
\BOOKMARK [2][-]{subsection.65.5}{\376\377\000S\000i\000m\000u\000l\000a\000t\000i\000o\000n\000\040\000M\000o\000d\000e\000l\000s}{section.65}% 214
\BOOKMARK [2][-]{subsection.65.6}{\376\377\000W\000a\000r\000\040\000S\000t\000o\000r\000y\000:\000\040\000C\000a\000l\000c\000u\000l\000a\000t\000e\000d\000\040\000B\000e\000t\000s}{section.65}% 215
\BOOKMARK [2][-]{subsection.65.7}{\376\377\000C\000h\000a\000p\000t\000e\000r\000\040\000N\000o\000t\000e\000s}{section.65}% 216
\BOOKMARK [1][-]{section.66}{\376\377\000P\000r\000o\000p\000e\000r\000t\000i\000e\000s\000\040\000o\000f\000\040\000M\000o\000d\000e\000l\000s}{}% 217
\BOOKMARK [2][-]{subsection.66.1}{\376\377\000E\000v\000a\000l\000u\000a\000t\000i\000o\000n\000\040\000E\000n\000v\000i\000r\000o\000n\000m\000e\000n\000t\000s}{section.66}% 218
\BOOKMARK [1][-]{section.67}{\376\377\000I\000m\000p\000l\000e\000m\000e\000n\000t\000a\000t\000i\000o\000n\000\040\000P\000r\000o\000j\000e\000c\000t\000s}{}% 219
\BOOKMARK [1][-]{section.68}{\376\377\000I\000n\000t\000e\000r\000v\000i\000e\000w\000\040\000Q\000u\000e\000s\000t\000i\000o\000n\000s}{}% 220
\BOOKMARK [1][-]{section.69}{\376\377\000K\000a\000g\000g\000l\000e\000\040\000C\000h\000a\000l\000l\000e\000n\000g\000e\000s}{}% 221
\BOOKMARK [1][-]{section.70}{\376\377\000L\000i\000n\000e\000a\000r\000\040\000A\000l\000g\000e\000b\000r\000a}{}% 222
\BOOKMARK [2][-]{subsection.70.1}{\376\377\000T\000h\000e\000\040\000P\000o\000w\000e\000r\000\040\000o\000f\000\040\000L\000i\000n\000e\000a\000r\000\040\000A\000l\000g\000e\000b\000r\000a}{section.70}% 223
\BOOKMARK [2][-]{subsection.70.2}{\376\377\000I\000n\000t\000e\000r\000p\000r\000e\000t\000i\000n\000g\000\040\000L\000i\000n\000e\000a\000r\000\040\000A\000l\000g\000e\000b\000r\000a\000i\000c\000\040\000F\000o\000r\000m\000u\000l\000a\000e}{section.70}% 224
\BOOKMARK [2][-]{subsection.70.3}{\376\377\000G\000e\000o\000m\000e\000t\000r\000y\000\040\000a\000n\000d\000\040\000V\000e\000c\000t\000o\000r\000s}{section.70}% 225
\BOOKMARK [2][-]{subsection.70.4}{\376\377\000V\000i\000s\000u\000a\000l\000i\000z\000i\000n\000g\000\040\000M\000a\000t\000r\000i\000x\000\040\000O\000p\000e\000r\000a\000t\000i\000o\000n\000s}{section.70}% 226
\BOOKMARK [2][-]{subsection.70.5}{\376\377\000M\000a\000t\000r\000i\000x\000\040\000A\000d\000d\000i\000t\000i\000o\000n}{section.70}% 227
\BOOKMARK [2][-]{subsection.70.6}{\376\377\000M\000a\000t\000r\000i\000x\000\040\000M\000u\000l\000t\000i\000p\000l\000i\000c\000a\000t\000i\000o\000n}{section.70}% 228
\BOOKMARK [2][-]{subsection.70.7}{\376\377\000A\000p\000p\000l\000i\000c\000a\000t\000i\000o\000n\000s\000\040\000o\000f\000\040\000M\000a\000t\000r\000i\000x\000\040\000M\000u\000l\000t\000i\000p\000l\000i\000c\000a\000t\000i\000o\000n}{section.70}% 229
\BOOKMARK [1][-]{section.71}{\376\377\000C\000o\000v\000a\000r\000i\000a\000n\000c\000e\000\040\000M\000a\000t\000r\000i\000c\000e\000s}{}% 230
\BOOKMARK [1][-]{section.72}{\376\377\000M\000a\000t\000r\000i\000x\000\040\000M\000u\000l\000t\000i\000p\000l\000i\000c\000a\000t\000i\000o\000n\000\040\000a\000n\000d\000\040\000P\000a\000t\000h\000s}{}% 231
\BOOKMARK [1][-]{section.73}{\376\377\000M\000a\000t\000r\000i\000x\000\040\000M\000u\000l\000t\000i\000p\000l\000i\000c\000a\000t\000i\000o\000n\000\040\000a\000n\000d\000\040\000P\000e\000r\000m\000u\000t\000a\000t\000i\000o\000n\000s}{}% 232
\BOOKMARK [1][-]{section.74}{\376\377\000R\000o\000t\000a\000t\000i\000n\000g\000\040\000P\000o\000i\000n\000t\000s\000\040\000i\000n\000\040\000S\000p\000a\000c\000e}{}% 233
\BOOKMARK [2][-]{subsection.74.1}{\376\377\000I\000d\000e\000n\000t\000i\000t\000y\000\040\000M\000a\000t\000r\000i\000c\000e\000s\000\040\000a\000n\000d\000\040\000I\000n\000v\000e\000r\000s\000i\000o\000n}{section.74}% 234
\BOOKMARK [2][-]{subsection.74.2}{\376\377\000M\000a\000t\000r\000i\000x\000\040\000I\000n\000v\000e\000r\000s\000i\000o\000n\000\040\000a\000n\000d\000\040\000L\000i\000n\000e\000a\000r\000\040\000S\000y\000s\000t\000e\000m\000s}{section.74}% 235
\BOOKMARK [2][-]{subsection.74.3}{\376\377\000M\000a\000t\000r\000i\000x\000\040\000R\000a\000n\000k}{section.74}% 236
\BOOKMARK [2][-]{subsection.74.4}{\376\377\000F\000a\000c\000t\000o\000r\000i\000n\000g\000\040\000M\000a\000t\000r\000i\000c\000e\000s}{section.74}% 237
\BOOKMARK [2][-]{subsection.74.5}{\376\377\000W\000h\000y\000\040\000F\000a\000c\000t\000o\000r\000\040\000F\000e\000a\000t\000u\000r\000e\000\040\000M\000a\000t\000r\000i\000c\000e\000s\000?}{section.74}% 238
\BOOKMARK [2][-]{subsection.74.6}{\376\377\000L\000U\000\040\000D\000e\000c\000o\000m\000p\000o\000s\000i\000t\000i\000o\000n\000\040\000a\000n\000d\000\040\000D\000e\000t\000e\000r\000m\000i\000n\000a\000n\000t\000s}{section.74}% 239
\BOOKMARK [2][-]{subsection.74.7}{\376\377\000E\000i\000g\000e\000n\000v\000a\000l\000u\000e\000s\000\040\000a\000n\000d\000\040\000E\000i\000g\000e\000n\000v\000e\000c\000t\000o\000r\000s}{section.74}% 240
\BOOKMARK [2][-]{subsection.74.8}{\376\377\000P\000r\000o\000p\000e\000r\000t\000i\000e\000s\000\040\000o\000f\000\040\000E\000i\000g\000e\000n\000v\000a\000l\000u\000e\000s}{section.74}% 241
\BOOKMARK [2][-]{subsection.74.9}{\376\377\000C\000o\000m\000p\000u\000t\000i\000n\000g\000\040\000E\000i\000g\000e\000n\000v\000a\000l\000u\000e\000s}{section.74}% 242
\BOOKMARK [2][-]{subsection.74.10}{\376\377\000E\000i\000g\000e\000n\000v\000a\000l\000u\000e\000\040\000D\000e\000c\000o\000m\000p\000o\000s\000i\000t\000i\000o\000n}{section.74}% 243
\BOOKMARK [2][-]{subsection.74.11}{\376\377\000S\000i\000n\000g\000u\000l\000a\000r\000\040\000V\000a\000l\000u\000e\000\040\000D\000e\000c\000o\000m\000p\000o\000s\000i\000t\000i\000o\000n}{section.74}% 244
\BOOKMARK [2][-]{subsection.74.12}{\376\377\000P\000r\000i\000n\000c\000i\000p\000a\000l\000\040\000C\000o\000m\000p\000o\000n\000e\000n\000t\000s\000\040\000A\000n\000a\000l\000y\000s\000i\000s}{section.74}% 245
\BOOKMARK [2][-]{subsection.74.13}{\376\377\000W\000a\000r\000\040\000S\000t\000o\000r\000y\000:\000\040\000T\000h\000e\000\040\000H\000u\000m\000a\000n\000\040\000F\000a\000c\000t\000o\000r\000s}{section.74}% 246
\BOOKMARK [2][-]{subsection.74.14}{\376\377\000C\000h\000a\000p\000t\000e\000r\000\040\000N\000o\000t\000e\000s}{section.74}% 247
\BOOKMARK [1][-]{section.75}{\376\377\000B\000a\000s\000i\000c\000\040\000L\000i\000n\000e\000a\000r\000\040\000A\000l\000g\000e\000b\000r\000a}{}% 248
\BOOKMARK [2][-]{subsection.75.1}{\376\377\000E\000i\000g\000e\000n\000v\000a\000l\000u\000e\000s\000\040\000a\000n\000d\000\040\000E\000i\000g\000e\000n\000v\000e\000c\000t\000o\000r\000s}{section.75}% 249
\BOOKMARK [1][-]{section.76}{\376\377\000I\000m\000p\000l\000e\000m\000e\000n\000t\000a\000t\000i\000o\000n\000\040\000P\000r\000o\000j\000e\000c\000t\000s}{}% 250
\BOOKMARK [1][-]{section.77}{\376\377\000I\000n\000t\000e\000r\000v\000i\000e\000w\000\040\000Q\000u\000e\000s\000t\000i\000o\000n\000s}{}% 251
\BOOKMARK [1][-]{section.78}{\376\377\000K\000a\000g\000g\000l\000e\000\040\000C\000h\000a\000l\000l\000e\000n\000g\000e\000s}{}% 252
\BOOKMARK [1][-]{section.79}{\376\377\000L\000i\000n\000e\000a\000r\000\040\000a\000n\000d\000\040\000L\000o\000g\000i\000s\000t\000i\000c\000\040\000R\000e\000g\000r\000e\000s\000s\000i\000o\000n}{}% 253
\BOOKMARK [2][-]{subsection.79.1}{\376\377\000L\000i\000n\000e\000a\000r\000\040\000R\000e\000g\000r\000e\000s\000s\000i\000o\000n}{section.79}% 254
\BOOKMARK [2][-]{subsection.79.2}{\376\377\000L\000i\000n\000e\000a\000r\000\040\000R\000e\000g\000r\000e\000s\000s\000i\000o\000n\000\040\000a\000n\000d\000\040\000D\000u\000a\000l\000i\000t\000y}{section.79}% 255
\BOOKMARK [2][-]{subsection.79.3}{\376\377\000E\000r\000r\000o\000r\000\040\000i\000n\000\040\000L\000i\000n\000e\000a\000r\000\040\000R\000e\000g\000r\000e\000s\000s\000i\000o\000n}{section.79}% 256
\BOOKMARK [2][-]{subsection.79.4}{\376\377\000F\000i\000n\000d\000i\000n\000g\000\040\000t\000h\000e\000\040\000O\000p\000t\000i\000m\000a\000l\000\040\000F\000i\000t}{section.79}% 257
\BOOKMARK [2][-]{subsection.79.5}{\376\377\000B\000e\000t\000t\000e\000r\000\040\000R\000e\000g\000r\000e\000s\000s\000i\000o\000n\000\040\000M\000o\000d\000e\000l\000s}{section.79}% 258
\BOOKMARK [2][-]{subsection.79.6}{\376\377\000R\000e\000m\000o\000v\000i\000n\000g\000\040\000O\000u\000t\000l\000i\000e\000r\000s}{section.79}% 259
\BOOKMARK [2][-]{subsection.79.7}{\376\377\000F\000i\000t\000t\000i\000n\000g\000\040\000N\000o\000n\000-\000L\000i\000n\000e\000a\000r\000\040\000F\000u\000n\000c\000t\000i\000o\000n\000s}{section.79}% 260
\BOOKMARK [2][-]{subsection.79.8}{\376\377\000F\000e\000a\000t\000u\000r\000e\000\040\000a\000n\000d\000\040\000T\000a\000r\000g\000e\000t\000\040\000S\000c\000a\000l\000i\000n\000g}{section.79}% 261
\BOOKMARK [1][-]{section.80}{\376\377\000F\000e\000a\000t\000u\000r\000e\000\040\000S\000c\000a\000l\000i\000n\000g\000:\000\040\000Z\000-\000S\000c\000o\000r\000e\000s}{}% 262
\BOOKMARK [1][-]{section.81}{\376\377\000S\000u\000b\000l\000i\000n\000e\000a\000r\000\040\000F\000e\000a\000t\000u\000r\000e\000\040\000S\000c\000a\000l\000i\000n\000g}{}% 263
\BOOKMARK [1][-]{section.82}{\376\377\000S\000u\000b\000l\000i\000n\000e\000a\000r\000\040\000T\000a\000r\000g\000e\000t\000\040\000S\000c\000a\000l\000i\000n\000g}{}% 264
\BOOKMARK [2][-]{subsection.82.1}{\376\377\000D\000e\000a\000l\000i\000n\000g\000\040\000w\000i\000t\000h\000\040\000H\000i\000g\000h\000l\000y\000-\000C\000o\000r\000r\000e\000l\000a\000t\000e\000d\000\040\000F\000e\000a\000t\000u\000r\000e\000s}{section.82}% 265
\BOOKMARK [2][-]{subsection.82.2}{\376\377\000W\000a\000r\000\040\000S\000t\000o\000r\000y\000:\000\040\000T\000a\000x\000i\000\040\000D\000e\000r\000i\000v\000e\000r}{section.82}% 266
\BOOKMARK [2][-]{subsection.82.3}{\376\377\000R\000e\000g\000r\000e\000s\000s\000i\000o\000n\000\040\000a\000s\000\040\000P\000a\000r\000a\000m\000e\000t\000e\000r\000\040\000F\000i\000t\000t\000i\000n\000g}{section.82}% 267
\BOOKMARK [2][-]{subsection.82.4}{\376\377\000C\000o\000n\000v\000e\000x\000\040\000P\000a\000r\000a\000m\000e\000t\000e\000r\000\040\000S\000p\000a\000c\000e\000s}{section.82}% 268
\BOOKMARK [2][-]{subsection.82.5}{\376\377\000G\000r\000a\000d\000i\000e\000n\000t\000\040\000D\000e\000s\000c\000e\000n\000t\000\040\000S\000e\000a\000r\000c\000h}{section.82}% 269
\BOOKMARK [1][-]{section.83}{\376\377\000G\000r\000a\000d\000i\000e\000n\000t\000\040\000d\000e\000s\000c\000e\000n\000t\000\040\000s\000e\000a\000r\000c\000h\000\040\000i\000n\000\040\000t\000w\000o\000\040\000d\000i\000m\000e\000n\000s\000i\000o\000n\000s}{}% 270
\BOOKMARK [2][-]{subsection.83.1}{\376\377\000W\000h\000a\000t\000\040\000i\000s\000\040\000t\000h\000e\000\040\000R\000i\000g\000h\000t\000\040\000L\000e\000a\000r\000n\000i\000n\000g\000\040\000R\000a\000t\000e\000?}{section.83}% 271
\BOOKMARK [2][-]{subsection.83.2}{\376\377\000S\000t\000o\000c\000h\000a\000s\000t\000i\000c\000\040\000G\000r\000a\000d\000i\000e\000n\000t\000\040\000D\000e\000s\000c\000e\000n\000t}{section.83}% 272
\BOOKMARK [2][-]{subsection.83.3}{\376\377\000S\000i\000m\000p\000l\000i\000f\000y\000i\000n\000g\000\040\000M\000o\000d\000e\000l\000s\000\040\000t\000h\000r\000o\000u\000g\000h\000\040\000R\000e\000g\000u\000l\000a\000r\000i\000z\000a\000t\000i\000o\000n}{section.83}% 273
\BOOKMARK [2][-]{subsection.83.4}{\376\377\000R\000i\000d\000g\000e\000\040\000R\000e\000g\000r\000e\000s\000s\000i\000o\000n}{section.83}% 274
\BOOKMARK [2][-]{subsection.83.5}{\376\377\000L\000A\000S\000S\000O\000\040\000R\000e\000g\000r\000e\000s\000s\000i\000o\000n}{section.83}% 275
\BOOKMARK [2][-]{subsection.83.6}{\376\377\000T\000r\000a\000d\000e\000-\000O\000f\000f\000s\000\040\000b\000e\000t\000w\000e\000e\000n\000\040\000F\000i\000t\000\040\000a\000n\000d\000\040\000C\000o\000m\000p\000l\000e\000x\000i\000t\000y}{section.83}% 276
\BOOKMARK [2][-]{subsection.83.7}{\376\377\000C\000l\000a\000s\000s\000i\000f\000i\000c\000a\000t\000i\000o\000n\000\040\000a\000n\000d\000\040\000L\000o\000g\000i\000s\000t\000i\000c\000\040\000R\000e\000g\000r\000e\000s\000s\000i\000o\000n}{section.83}% 277
\BOOKMARK [2][-]{subsection.83.8}{\376\377\000R\000e\000g\000r\000e\000s\000s\000i\000o\000n\000\040\000f\000o\000r\000\040\000C\000l\000a\000s\000s\000i\000f\000i\000c\000a\000t\000i\000o\000n}{section.83}% 278
\BOOKMARK [2][-]{subsection.83.9}{\376\377\000D\000e\000c\000i\000s\000i\000o\000n\000\040\000B\000o\000u\000n\000d\000a\000r\000i\000e\000s}{section.83}% 279
\BOOKMARK [2][-]{subsection.83.10}{\376\377\000L\000o\000g\000i\000s\000t\000i\000c\000\040\000R\000e\000g\000r\000e\000s\000s\000i\000o\000n}{section.83}% 280
\BOOKMARK [2][-]{subsection.83.11}{\376\377\000I\000s\000s\000u\000e\000s\000\040\000i\000n\000\040\000L\000o\000g\000i\000s\000t\000i\000c\000\040\000C\000l\000a\000s\000s\000i\000f\000i\000c\000a\000t\000i\000o\000n}{section.83}% 281
\BOOKMARK [2][-]{subsection.83.12}{\376\377\000B\000a\000l\000a\000n\000c\000e\000d\000\040\000T\000r\000a\000i\000n\000i\000n\000g\000\040\000C\000l\000a\000s\000s\000e\000s}{section.83}% 282
\BOOKMARK [2][-]{subsection.83.13}{\376\377\000M\000u\000l\000t\000i\000-\000C\000l\000a\000s\000s\000\040\000C\000l\000a\000s\000s\000i\000f\000i\000c\000a\000t\000i\000o\000n}{section.83}% 283
\BOOKMARK [2][-]{subsection.83.14}{\376\377\000H\000i\000e\000r\000a\000r\000c\000h\000i\000c\000a\000l\000\040\000C\000l\000a\000s\000s\000i\000f\000i\000c\000a\000t\000i\000o\000n}{section.83}% 284
\BOOKMARK [2][-]{subsection.83.15}{\376\377\000P\000a\000r\000t\000i\000t\000i\000o\000n\000\040\000F\000u\000n\000c\000t\000i\000o\000n\000s\000\040\000a\000n\000d\000\040\000M\000u\000l\000t\000i\000n\000o\000m\000i\000a\000l\000\040\000R\000e\000g\000r\000e\000s\000s\000i\000o\000n}{section.83}% 285
\BOOKMARK [2][-]{subsection.83.16}{\376\377\000C\000h\000a\000p\000t\000e\000r\000\040\000N\000o\000t\000e\000s}{section.83}% 286
\BOOKMARK [2][-]{subsection.83.17}{\376\377\000L\000i\000n\000e\000a\000r\000\040\000R\000e\000g\000r\000e\000s\000s\000i\000o\000n}{section.83}% 287
\BOOKMARK [1][-]{section.84}{\376\377\000E\000x\000p\000e\000r\000i\000m\000e\000n\000t\000s\000\040\000w\000i\000t\000h\000\040\000L\000i\000n\000e\000a\000r\000\040\000R\000e\000g\000r\000e\000s\000s\000i\000o\000n}{}% 288
\BOOKMARK [1][-]{section.85}{\376\377\000I\000m\000p\000l\000e\000m\000e\000n\000t\000a\000t\000i\000o\000n\000\040\000P\000r\000o\000j\000e\000c\000t\000s}{}% 289
\BOOKMARK [1][-]{section.86}{\376\377\000I\000n\000t\000e\000r\000v\000i\000e\000w\000\040\000Q\000u\000e\000s\000t\000i\000o\000n\000s}{}% 290
\BOOKMARK [1][-]{section.87}{\376\377\000K\000a\000g\000g\000l\000e\000\040\000C\000h\000a\000l\000l\000e\000n\000g\000e\000s}{}% 291
\BOOKMARK [1][-]{section.88}{\376\377\000D\000i\000s\000t\000a\000n\000c\000e\000\040\000a\000n\000d\000\040\000N\000e\000t\000w\000o\000r\000k\000\040\000M\000e\000t\000h\000o\000d\000s}{}% 292
\BOOKMARK [2][-]{subsection.88.1}{\376\377\000M\000e\000a\000s\000u\000r\000i\000n\000g\000\040\000D\000i\000s\000t\000a\000n\000c\000e\000s}{section.88}% 293
\BOOKMARK [2][-]{subsection.88.2}{\376\377\000D\000i\000s\000t\000a\000n\000c\000e\000\040\000M\000e\000t\000r\000i\000c\000s}{section.88}% 294
\BOOKMARK [2][-]{subsection.88.3}{\376\377\000T\000h\000e\000\040\000L\000_\000k\000\040\000D\000i\000s\000t\000a\000n\000c\000e\000\040\000M\000e\000t\000r\000i\000c}{section.88}% 295
\BOOKMARK [2][-]{subsection.88.4}{\376\377\000W\000o\000r\000k\000i\000n\000g\000\040\000i\000n\000\040\000H\000i\000g\000h\000e\000r\000\040\000D\000i\000m\000e\000n\000s\000i\000o\000n\000s}{section.88}% 296
\BOOKMARK [2][-]{subsection.88.5}{\376\377\000D\000i\000m\000e\000n\000s\000i\000o\000n\000a\000l\000\040\000E\000g\000a\000l\000i\000t\000a\000r\000i\000a\000n\000i\000s\000m}{section.88}% 297
\BOOKMARK [2][-]{subsection.88.6}{\376\377\000P\000o\000i\000n\000t\000s\000\040\000v\000s\000.\000\040\000V\000e\000c\000t\000o\000r\000s}{section.88}% 298
\BOOKMARK [2][-]{subsection.88.7}{\376\377\000D\000i\000s\000t\000a\000n\000c\000e\000s\000\040\000b\000e\000t\000w\000e\000e\000n\000\040\000P\000r\000o\000b\000a\000b\000i\000l\000i\000t\000y\000\040\000D\000i\000s\000t\000r\000i\000b\000u\000t\000i\000o\000n\000s}{section.88}% 299
\BOOKMARK [2][-]{subsection.88.8}{\376\377\000N\000e\000a\000r\000e\000s\000t\000\040\000N\000e\000i\000g\000h\000b\000o\000r\000\040\000C\000l\000a\000s\000s\000i\000f\000i\000c\000a\000t\000i\000o\000n}{section.88}% 300
\BOOKMARK [2][-]{subsection.88.9}{\376\377\000S\000e\000e\000k\000i\000n\000g\000\040\000G\000o\000o\000d\000\040\000A\000n\000a\000l\000o\000g\000i\000e\000s}{section.88}% 301
\BOOKMARK [2][-]{subsection.88.10}{\376\377\000k\000-\000N\000e\000a\000r\000e\000s\000t\000\040\000N\000e\000i\000g\000h\000b\000o\000r\000s}{section.88}% 302
\BOOKMARK [2][-]{subsection.88.11}{\376\377\000F\000i\000n\000d\000i\000n\000g\000\040\000N\000e\000a\000r\000e\000s\000t\000\040\000N\000e\000i\000g\000h\000b\000o\000r\000s}{section.88}% 303
\BOOKMARK [2][-]{subsection.88.12}{\376\377\000L\000o\000c\000a\000l\000i\000t\000y\000\040\000S\000e\000n\000s\000i\000t\000i\000v\000e\000\040\000H\000a\000s\000h\000i\000n\000g}{section.88}% 304
\BOOKMARK [2][-]{subsection.88.13}{\376\377\000G\000r\000a\000p\000h\000s\000,\000\040\000N\000e\000t\000w\000o\000r\000k\000s\000,\000\040\000a\000n\000d\000\040\000D\000i\000s\000t\000a\000n\000c\000e\000s}{section.88}% 305
\BOOKMARK [2][-]{subsection.88.14}{\376\377\000W\000e\000i\000g\000h\000t\000e\000d\000\040\000G\000r\000a\000p\000h\000s\000\040\000a\000n\000d\000\040\000I\000n\000d\000u\000c\000e\000d\000\040\000N\000e\000t\000w\000o\000r\000k\000s}{section.88}% 306
\BOOKMARK [2][-]{subsection.88.15}{\376\377\000T\000a\000l\000k\000i\000n\000g\000\040\000A\000b\000o\000u\000t\000\040\000G\000r\000a\000p\000h\000s}{section.88}% 307
\BOOKMARK [2][-]{subsection.88.16}{\376\377\000G\000r\000a\000p\000h\000\040\000T\000h\000e\000o\000r\000y}{section.88}% 308
\BOOKMARK [2][-]{subsection.88.17}{\376\377\000P\000a\000g\000e\000R\000a\000n\000k}{section.88}% 309
\BOOKMARK [2][-]{subsection.88.18}{\376\377\000C\000l\000u\000s\000t\000e\000r\000i\000n\000g}{section.88}% 310
\BOOKMARK [2][-]{subsection.88.19}{\376\377\000k\000-\000m\000e\000a\000n\000s\000\040\000C\000l\000u\000s\000t\000e\000r\000i\000n\000g}{section.88}% 311
\BOOKMARK [1][-]{section.89}{\376\377\000K\000-\000m\000e\000a\000n\000s\000\040\000c\000l\000u\000s\000t\000e\000r\000i\000n\000g}{}% 312
\BOOKMARK [1][-]{section.90}{\376\377\000C\000e\000n\000t\000e\000r\000s\000\040\000o\000r\000\040\000C\000e\000n\000t\000r\000o\000i\000d\000s\000?}{}% 313
\BOOKMARK [1][-]{section.91}{\376\377\000H\000o\000w\000\040\000M\000a\000n\000y\000\040\000C\000l\000u\000s\000t\000e\000r\000s\000?}{}% 314
\BOOKMARK [1][-]{section.92}{\376\377\000E\000x\000p\000e\000c\000t\000a\000t\000i\000o\000n\000\040\000M\000a\000x\000i\000m\000i\000z\000a\000t\000i\000o\000n}{}% 315
\BOOKMARK [2][-]{subsection.92.1}{\376\377\000A\000g\000g\000l\000o\000m\000e\000r\000a\000t\000i\000v\000e\000\040\000C\000l\000u\000s\000t\000e\000r\000i\000n\000g}{section.92}% 316
\BOOKMARK [1][-]{section.93}{\376\377\000U\000s\000i\000n\000g\000\040\000A\000g\000g\000l\000o\000m\000e\000r\000a\000t\000i\000v\000e\000\040\000T\000r\000e\000e\000s}{}% 317
\BOOKMARK [1][-]{section.94}{\376\377\000B\000u\000i\000l\000d\000i\000n\000g\000\040\000A\000g\000g\000l\000o\000m\000e\000r\000a\000t\000i\000v\000e\000\040\000C\000l\000u\000s\000t\000e\000r\000\040\000T\000r\000e\000e\000s}{}% 318
\BOOKMARK [2][-]{subsection.94.1}{\376\377\000C\000o\000m\000p\000a\000r\000i\000n\000g\000\040\000C\000l\000u\000s\000t\000e\000r\000i\000n\000g\000s}{section.94}% 319
\BOOKMARK [2][-]{subsection.94.2}{\376\377\000S\000i\000m\000i\000l\000a\000r\000i\000t\000y\000\040\000G\000r\000a\000p\000h\000s\000\040\000a\000n\000d\000\040\000C\000u\000t\000-\000B\000a\000s\000e\000d\000\040\000C\000l\000u\000s\000t\000e\000r\000i\000n\000g}{section.94}% 320
\BOOKMARK [1][-]{section.95}{\376\377\000C\000u\000t\000s\000\040\000i\000n\000\040\000G\000r\000a\000p\000h\000s}{}% 321
\BOOKMARK [2][-]{subsection.95.1}{\376\377\000W\000a\000r\000\040\000S\000t\000o\000r\000y\000:\000\040\000C\000l\000u\000s\000t\000e\000r\000\040\000B\000o\000m\000b\000i\000n\000g}{section.95}% 322
\BOOKMARK [2][-]{subsection.95.2}{\376\377\000C\000h\000a\000p\000t\000e\000r\000\040\000N\000o\000t\000e\000s}{section.95}% 323
\BOOKMARK [1][-]{section.96}{\376\377\000D\000i\000s\000t\000a\000n\000c\000e\000\040\000M\000e\000t\000r\000i\000c\000s}{}% 324
\BOOKMARK [1][-]{section.97}{\376\377\000N\000e\000a\000r\000e\000s\000t\000\040\000N\000e\000i\000g\000h\000b\000o\000r\000\040\000C\000l\000a\000s\000s\000i\000f\000i\000c\000a\000t\000i\000o\000n}{}% 325
\BOOKMARK [1][-]{section.98}{\376\377\000N\000e\000t\000w\000o\000r\000k\000s}{}% 326
\BOOKMARK [2][-]{subsection.98.1}{\376\377\000C\000l\000u\000s\000t\000e\000r\000i\000n\000g}{section.98}% 327
\BOOKMARK [1][-]{section.99}{\376\377\000I\000m\000p\000l\000e\000m\000e\000n\000t\000a\000t\000i\000o\000n\000\040\000P\000r\000o\000j\000e\000c\000t\000s}{}% 328
\BOOKMARK [1][-]{section.100}{\376\377\000I\000n\000t\000e\000r\000v\000i\000e\000w\000\040\000Q\000u\000e\000s\000t\000i\000o\000n\000s}{}% 329
\BOOKMARK [1][-]{section.101}{\376\377\000K\000a\000g\000g\000l\000e\000\040\000C\000h\000a\000l\000l\000e\000n\000g\000e\000s}{}% 330
\BOOKMARK [1][-]{section.102}{\376\377\000M\000a\000c\000h\000i\000n\000e\000\040\000L\000e\000a\000r\000n\000i\000n\000g}{}% 331
\BOOKMARK [2][-]{subsection.102.1}{\376\377\000N\000a\000i\000v\000e\000\040\000B\000a\000y\000e\000s}{section.102}% 332
\BOOKMARK [2][-]{subsection.102.2}{\376\377\000F\000o\000r\000m\000u\000l\000a\000t\000i\000o\000n}{section.102}% 333
\BOOKMARK [2][-]{subsection.102.3}{\376\377\000D\000e\000a\000l\000i\000n\000g\000\040\000w\000i\000t\000h\000\040\000Z\000e\000r\000o\000\040\000C\000o\000u\000n\000t\000s\000\040\000\050\000D\000i\000s\000c\000o\000u\000n\000t\000i\000n\000g\000\051}{section.102}% 334
\BOOKMARK [2][-]{subsection.102.4}{\376\377\000D\000e\000c\000i\000s\000i\000o\000n\000\040\000T\000r\000e\000e\000\040\000C\000l\000a\000s\000s\000i\000f\000i\000e\000r\000s}{section.102}% 335
\BOOKMARK [2][-]{subsection.102.5}{\376\377\000C\000o\000n\000s\000t\000r\000u\000c\000t\000i\000n\000g\000\040\000D\000e\000c\000i\000s\000i\000o\000n\000\040\000T\000r\000e\000e\000s}{section.102}% 336
\BOOKMARK [2][-]{subsection.102.6}{\376\377\000R\000e\000a\000l\000i\000z\000i\000n\000g\000\040\000E\000x\000c\000l\000u\000s\000i\000v\000e\000\040\000O\000r}{section.102}% 337
\BOOKMARK [2][-]{subsection.102.7}{\376\377\000E\000n\000s\000e\000m\000b\000l\000e\000s\000\040\000o\000f\000\040\000D\000e\000c\000i\000s\000i\000o\000n\000\040\000T\000r\000e\000e\000s}{section.102}% 338
\BOOKMARK [2][-]{subsection.102.8}{\376\377\000B\000o\000o\000s\000t\000i\000n\000g\000\040\000a\000n\000d\000\040\000E\000n\000s\000e\000m\000b\000l\000e\000\040\000L\000e\000a\000r\000n\000i\000n\000g}{section.102}% 339
\BOOKMARK [2][-]{subsection.102.9}{\376\377\000V\000o\000t\000i\000n\000g\000\040\000w\000i\000t\000h\000\040\000C\000l\000a\000s\000s\000i\000f\000i\000e\000r\000s}{section.102}% 340
\BOOKMARK [2][-]{subsection.102.10}{\376\377\000B\000o\000o\000s\000t\000i\000n\000g\000\040\000A\000l\000g\000o\000r\000i\000t\000h\000m\000s}{section.102}% 341
\BOOKMARK [1][-]{section.103}{\376\377\000A\000d\000a\000B\000o\000o\000s\000t}{}% 342
\BOOKMARK [2][-]{subsection.103.1}{\376\377\000S\000u\000p\000p\000o\000r\000t\000\040\000V\000e\000c\000t\000o\000r\000\040\000M\000a\000c\000h\000i\000n\000e\000s}{section.103}% 343
\BOOKMARK [2][-]{subsection.103.2}{\376\377\000L\000i\000n\000e\000a\000r\000\040\000S\000V\000M\000s}{section.103}% 344
\BOOKMARK [2][-]{subsection.103.3}{\376\377\000N\000o\000n\000-\000l\000i\000n\000e\000a\000r\000\040\000S\000V\000M\000s}{section.103}% 345
\BOOKMARK [2][-]{subsection.103.4}{\376\377\000K\000e\000r\000n\000e\000l\000s}{section.103}% 346
\BOOKMARK [2][-]{subsection.103.5}{\376\377\000D\000e\000g\000r\000e\000e\000s\000\040\000o\000f\000\040\000S\000u\000p\000e\000r\000v\000i\000s\000i\000o\000n}{section.103}% 347
\BOOKMARK [2][-]{subsection.103.6}{\376\377\000S\000u\000p\000e\000r\000v\000i\000s\000e\000d\000\040\000L\000e\000a\000r\000n\000i\000n\000g}{section.103}% 348
\BOOKMARK [2][-]{subsection.103.7}{\376\377\000U\000n\000s\000u\000p\000e\000r\000v\000i\000s\000e\000d\000\040\000L\000e\000a\000r\000n\000i\000n\000g}{section.103}% 349
\BOOKMARK [1][-]{section.104}{\376\377\000T\000o\000p\000i\000c\000\040\000M\000o\000d\000e\000l\000i\000n\000g}{}% 350
\BOOKMARK [2][-]{subsection.104.1}{\376\377\000S\000e\000m\000i\000-\000s\000u\000p\000e\000r\000v\000i\000s\000e\000d\000\040\000L\000e\000a\000r\000n\000i\000n\000g}{section.104}% 351
\BOOKMARK [2][-]{subsection.104.2}{\376\377\000F\000e\000a\000t\000u\000r\000e\000\040\000E\000n\000g\000i\000n\000e\000e\000r\000i\000n\000g}{section.104}% 352
\BOOKMARK [2][-]{subsection.104.3}{\376\377\000D\000e\000e\000p\000\040\000L\000e\000a\000r\000n\000i\000n\000g}{section.104}% 353
\BOOKMARK [2][-]{subsection.104.4}{\376\377\000N\000e\000t\000w\000o\000r\000k\000s\000\040\000a\000n\000d\000\040\000D\000e\000p\000t\000h}{section.104}% 354
\BOOKMARK [1][-]{section.105}{\376\377\000N\000e\000t\000w\000o\000r\000k\000\040\000D\000e\000p\000t\000h}{}% 355
\BOOKMARK [1][-]{section.106}{\376\377\000N\000o\000n\000-\000l\000i\000n\000e\000a\000r\000i\000t\000y}{}% 356
\BOOKMARK [2][-]{subsection.106.1}{\376\377\000B\000a\000c\000k\000p\000r\000o\000p\000a\000g\000a\000t\000i\000o\000n}{section.106}% 357
\BOOKMARK [2][-]{subsection.106.2}{\376\377\000W\000o\000r\000d\000\040\000a\000n\000d\000\040\000G\000r\000a\000p\000h\000\040\000E\000m\000b\000e\000d\000d\000i\000n\000g\000s}{section.106}% 358
\BOOKMARK [1][-]{section.107}{\376\377\000G\000r\000a\000p\000h\000\040\000E\000m\000b\000e\000d\000d\000i\000n\000g\000s}{}% 359
\BOOKMARK [2][-]{subsection.107.1}{\376\377\000W\000a\000r\000\040\000S\000t\000o\000r\000y\000:\000\040\000T\000h\000e\000\040\000N\000a\000m\000e\000\040\000G\000a\000m\000e}{section.107}% 360
\BOOKMARK [2][-]{subsection.107.2}{\376\377\000C\000h\000a\000p\000t\000e\000r\000\040\000N\000o\000t\000e\000s}{section.107}% 361
\BOOKMARK [1][-]{section.108}{\376\377\000C\000l\000a\000s\000s\000i\000f\000i\000c\000a\000t\000i\000o\000n}{}% 362
\BOOKMARK [1][-]{section.109}{\376\377\000D\000e\000c\000i\000s\000i\000o\000n\000\040\000T\000r\000e\000e\000s}{}% 363
\BOOKMARK [2][-]{subsection.109.1}{\376\377\000S\000u\000p\000p\000o\000r\000t\000\040\000V\000e\000c\000t\000o\000r\000\040\000M\000a\000c\000h\000i\000n\000e\000s}{section.109}% 364
\BOOKMARK [1][-]{section.110}{\376\377\000N\000e\000u\000r\000a\000l\000\040\000N\000e\000t\000w\000o\000r\000k\000s}{}% 365
\BOOKMARK [1][-]{section.111}{\376\377\000I\000m\000p\000l\000e\000m\000e\000n\000t\000a\000t\000i\000o\000n\000\040\000P\000r\000o\000j\000e\000c\000t\000s}{}% 366
\BOOKMARK [1][-]{section.112}{\376\377\000I\000n\000t\000e\000r\000v\000i\000e\000w\000\040\000Q\000u\000e\000s\000t\000i\000o\000n\000s}{}% 367
\BOOKMARK [1][-]{section.113}{\376\377\000K\000a\000g\000g\000l\000e\000\040\000C\000h\000a\000l\000l\000e\000n\000g\000e\000s}{}% 368
\BOOKMARK [1][-]{section.114}{\376\377\000B\000i\000g\000\040\000D\000a\000t\000a\000:\000\040\000A\000c\000h\000i\000e\000v\000i\000n\000g\000\040\000S\000c\000a\000l\000e}{}% 369
\BOOKMARK [2][-]{subsection.114.1}{\376\377\000W\000h\000a\000t\000\040\000i\000s\000\040\000B\000i\000g\000\040\000D\000a\000t\000a\000?}{section.114}% 370
\BOOKMARK [2][-]{subsection.114.2}{\376\377\000B\000i\000g\000\040\000D\000a\000t\000a\000\040\000a\000s\000\040\000B\000a\000d\000\040\000D\000a\000t\000a}{section.114}% 371
\BOOKMARK [2][-]{subsection.114.3}{\376\377\000T\000h\000e\000\040\000T\000h\000r\000e\000e\000\040\000V\000s}{section.114}% 372
\BOOKMARK [2][-]{subsection.114.4}{\376\377\000W\000a\000r\000\040\000S\000t\000o\000r\000y\000:\000\040\000I\000n\000f\000r\000a\000s\000t\000r\000u\000c\000t\000u\000r\000e\000\040\000M\000a\000t\000t\000e\000r\000s}{section.114}% 373
\BOOKMARK [2][-]{subsection.114.5}{\376\377\000A\000l\000g\000o\000r\000i\000t\000h\000m\000i\000c\000s\000\040\000f\000o\000r\000\040\000B\000i\000g\000\040\000D\000a\000t\000a}{section.114}% 374
\BOOKMARK [2][-]{subsection.114.6}{\376\377\000B\000i\000g\000\040\000O\000h\000\040\000A\000n\000a\000l\000y\000s\000i\000s}{section.114}% 375
\BOOKMARK [2][-]{subsection.114.7}{\376\377\000H\000a\000s\000h\000i\000n\000g}{section.114}% 376
\BOOKMARK [2][-]{subsection.114.8}{\376\377\000E\000x\000p\000l\000o\000i\000t\000i\000n\000g\000\040\000t\000h\000e\000\040\000S\000t\000o\000r\000a\000g\000e\000\040\000H\000i\000e\000r\000a\000r\000c\000h\000y}{section.114}% 377
\BOOKMARK [2][-]{subsection.114.9}{\376\377\000S\000t\000r\000e\000a\000m\000i\000n\000g\000\040\000a\000n\000d\000\040\000S\000i\000n\000g\000l\000e\000-\000P\000a\000s\000s\000\040\000A\000l\000g\000o\000r\000i\000t\000h\000m\000s}{section.114}% 378
\BOOKMARK [2][-]{subsection.114.10}{\376\377\000F\000i\000l\000t\000e\000r\000i\000n\000g\000\040\000a\000n\000d\000\040\000S\000a\000m\000p\000l\000i\000n\000g}{section.114}% 379
\BOOKMARK [2][-]{subsection.114.11}{\376\377\000D\000e\000t\000e\000r\000m\000i\000n\000i\000s\000t\000i\000c\000\040\000S\000a\000m\000p\000l\000i\000n\000g\000\040\000A\000l\000g\000o\000r\000i\000t\000h\000m\000s}{section.114}% 380
\BOOKMARK [2][-]{subsection.114.12}{\376\377\000R\000a\000n\000d\000o\000m\000i\000z\000e\000d\000\040\000a\000n\000d\000\040\000S\000t\000r\000e\000a\000m\000\040\000S\000a\000m\000p\000l\000i\000n\000g}{section.114}% 381
\BOOKMARK [2][-]{subsection.114.13}{\376\377\000P\000a\000r\000a\000l\000l\000e\000l\000i\000s\000m}{section.114}% 382
\BOOKMARK [2][-]{subsection.114.14}{\376\377\000O\000n\000e\000,\000\040\000T\000w\000o\000,\000\040\000M\000a\000n\000y}{section.114}% 383
\BOOKMARK [2][-]{subsection.114.15}{\376\377\000D\000a\000t\000a\000\040\000P\000a\000r\000a\000l\000l\000e\000l\000i\000s\000m}{section.114}% 384
\BOOKMARK [2][-]{subsection.114.16}{\376\377\000G\000r\000i\000d\000\040\000S\000e\000a\000r\000c\000h}{section.114}% 385
\BOOKMARK [2][-]{subsection.114.17}{\376\377\000C\000l\000o\000u\000d\000\040\000C\000o\000m\000p\000u\000t\000i\000n\000g\000\040\000S\000e\000r\000v\000i\000c\000e\000s}{section.114}% 386
\BOOKMARK [2][-]{subsection.114.18}{\376\377\000M\000a\000p\000R\000e\000d\000u\000c\000e}{section.114}% 387
\BOOKMARK [2][-]{subsection.114.19}{\376\377\000M\000a\000p\000-\000R\000e\000d\000u\000c\000e\000\040\000P\000r\000o\000g\000r\000a\000m\000m\000i\000n\000g}{section.114}% 388
\BOOKMARK [2][-]{subsection.114.20}{\376\377\000M\000a\000p\000R\000e\000d\000u\000c\000e\000\040\000u\000n\000d\000e\000r\000\040\000t\000h\000e\000\040\000H\000o\000o\000d}{section.114}% 389
\BOOKMARK [1][-]{section.115}{\376\377\000D\000i\000s\000t\000r\000i\000b\000u\000t\000e\000d\000\040\000F\000i\000l\000e\000\040\000S\000y\000s\000t\000e\000m\000s}{}% 390
\BOOKMARK [1][-]{section.116}{\376\377\000M\000a\000p\000R\000e\000d\000u\000c\000e\000\040\000R\000u\000n\000t\000i\000m\000e\000\040\000S\000y\000s\000t\000e\000m}{}% 391
\BOOKMARK [1][-]{section.117}{\376\377\000L\000a\000y\000e\000r\000s\000\040\000u\000p\000o\000n\000\040\000L\000a\000y\000e\000r\000s}{}% 392
\BOOKMARK [2][-]{subsection.117.1}{\376\377\000S\000o\000c\000i\000e\000t\000a\000l\000\040\000a\000n\000d\000\040\000E\000t\000h\000i\000c\000a\000l\000\040\000I\000m\000p\000l\000i\000c\000a\000t\000i\000o\000n\000s}{section.117}% 393
\BOOKMARK [2][-]{subsection.117.2}{\376\377\000C\000h\000a\000p\000t\000e\000r\000\040\000N\000o\000t\000e\000s}{section.117}% 394
\BOOKMARK [1][-]{section.118}{\376\377\000P\000a\000r\000a\000l\000l\000e\000l\000\040\000a\000n\000d\000\040\000D\000i\000s\000t\000r\000i\000b\000u\000t\000e\000d\000\040\000P\000r\000o\000c\000e\000s\000s\000i\000n\000g}{}% 395
\BOOKMARK [1][-]{section.119}{\376\377\000E\000t\000h\000i\000c\000s}{}% 396
\BOOKMARK [1][-]{section.120}{\376\377\000I\000m\000p\000l\000e\000m\000e\000n\000t\000a\000t\000i\000o\000n\000\040\000P\000r\000o\000j\000e\000c\000t\000s}{}% 397
\BOOKMARK [1][-]{section.121}{\376\377\000I\000n\000t\000e\000r\000v\000i\000e\000w\000\040\000Q\000u\000e\000s\000t\000i\000o\000n\000s}{}% 398
\BOOKMARK [1][-]{section.122}{\376\377\000K\000a\000g\000g\000l\000e\000\040\000C\000h\000a\000l\000l\000e\000n\000g\000e\000s}{}% 399
\BOOKMARK [1][-]{section.123}{\376\377\000C\000o\000d\000a}{}% 400
\BOOKMARK [2][-]{subsection.123.1}{\376\377\000G\000e\000t\000\040\000a\000\040\000J\000o\000b\000!}{section.123}% 401
\BOOKMARK [2][-]{subsection.123.2}{\376\377\000G\000o\000\040\000t\000o\000\040\000G\000r\000a\000d\000u\000a\000t\000e\000\040\000S\000c\000h\000o\000o\000l\000!}{section.123}% 402
\BOOKMARK [2][-]{subsection.123.3}{\376\377\000P\000r\000o\000f\000e\000s\000s\000i\000o\000n\000a\000l\000\040\000C\000o\000n\000s\000u\000l\000t\000i\000n\000g\000\040\000S\000e\000r\000v\000i\000c\000e\000s}{section.123}% 403
\BOOKMARK [1][-]{section.124}{\376\377\000B\000i\000b\000l\000i\000o\000g\000r\000a\000p\000h\000y}{}% 404
\BOOKMARK [1][-]{section.125}{\376\377\000I\000n\000d\000e\000x}{}% 405
