\BOOKMARK [1][-]{section.1}{\376\377\000A\000l\000g\000o\000r\000i\000t\000h\000m\000\040\000D\000e\000s\000i\000g\000n}{}% 1
\BOOKMARK [1][-]{section.2}{\376\377\000S\000t\000e\000v\000e\000n\000\040\000S\000.\000\040\000S\000k\000i\000e\000n\000a}{}% 2
\BOOKMARK [1][-]{section.3}{\376\377\000T\000h\000e\000\040\000A\000l\000g\000o\000r\000i\000t\000h\000m\000\040\000D\000e\000s\000i\000g\000n\000\040\000M\000a\000n\000u\000a\000l\000\040}{}% 3
\BOOKMARK [1][-]{section.4}{\376\377\000P\000r\000e\000f\000a\000c\000e}{}% 4
\BOOKMARK [2][-]{subsection.4.1}{\376\377\000T\000o\000\040\000t\000h\000e\000\040\000R\000e\000a\000d\000e\000r}{section.4}% 5
\BOOKMARK [2][-]{subsection.4.2}{\376\377\000T\000o\000\040\000t\000h\000e\000\040\000I\000n\000s\000t\000r\000u\000c\000t\000o\000r}{section.4}% 6
\BOOKMARK [2][-]{subsection.4.3}{\376\377\000A\000c\000k\000n\000o\000w\000l\000e\000d\000g\000m\000e\000n\000t\000s}{section.4}% 7
\BOOKMARK [2][-]{subsection.4.4}{\376\377\000C\000a\000v\000e\000a\000t}{section.4}% 8
\BOOKMARK [1][-]{section.5}{\376\377\000I\000n\000t\000r\000o\000d\000u\000c\000t\000i\000o\000n\000\040\000t\000o\000\040\000A\000l\000g\000o\000r\000i\000t\000h\000m\000\040\000D\000e\000s\000i\000g\000n}{}% 9
\BOOKMARK [1][-]{section.6}{\376\377\000P\000r\000o\000b\000l\000e\000m\000:\000\040\000S\000o\000r\000t\000i\000n\000g}{}% 10
\BOOKMARK [2][-]{subsection.6.1}{\376\377\000R\000o\000b\000o\000t\000\040\000T\000o\000u\000r\000\040\000O\000p\000t\000i\000m\000i\000z\000a\000t\000i\000o\000n}{section.6}% 11
\BOOKMARK [1][-]{section.7}{\376\377\000P\000r\000o\000b\000l\000e\000m\000:\000\040\000R\000o\000b\000o\000t\000\040\000T\000o\000u\000r\000\040\000O\000p\000t\000i\000m\000i\000z\000a\000t\000i\000o\000n}{}% 12
\BOOKMARK [1][-]{section.8}{\376\377\000C\000l\000o\000s\000e\000s\000t\000P\000a\000i\000r\000\040\000\050\000\040\000P\000\040\000\051}{}% 13
\BOOKMARK [2][-]{subsection.8.1}{\376\377\000S\000e\000l\000e\000c\000t\000i\000n\000g\000\040\000t\000h\000e\000\040\000R\000i\000g\000h\000t\000\040\000J\000o\000b\000s}{section.8}% 14
\BOOKMARK [2][-]{subsection.8.2}{\376\377\000R\000e\000a\000s\000o\000n\000i\000n\000g\000\040\000a\000b\000o\000u\000t\000\040\000C\000o\000r\000r\000e\000c\000t\000n\000e\000s\000s}{section.8}% 15
\BOOKMARK [2][-]{subsection.8.3}{\376\377\000P\000r\000o\000b\000l\000e\000m\000s\000\040\000a\000n\000d\000\040\000P\000r\000o\000p\000e\000r\000t\000i\000e\000s}{section.8}% 16
\BOOKMARK [2][-]{subsection.8.4}{\376\377\000E\000x\000p\000r\000e\000s\000s\000i\000n\000g\000\040\000A\000l\000g\000o\000r\000i\000t\000h\000m\000s}{section.8}% 17
\BOOKMARK [2][-]{subsection.8.5}{\376\377\000D\000e\000m\000o\000n\000s\000t\000r\000a\000t\000i\000n\000g\000\040\000I\000n\000c\000o\000r\000r\000e\000c\000t\000n\000e\000s\000s}{section.8}% 18
\BOOKMARK [1][-]{section.9}{\376\377\000S\000t\000o\000p\000\040\000a\000n\000d\000\040\000T\000h\000i\000n\000k\000:\000\040\000G\000r\000e\000e\000d\000y\000\040\000M\000o\000v\000i\000e\000\040\000S\000t\000a\000r\000s\000?}{}% 19
\BOOKMARK [2][-]{subsection.9.1}{\376\377\000I\000n\000d\000u\000c\000t\000i\000o\000n\000\040\000a\000n\000d\000\040\000R\000e\000c\000u\000r\000s\000i\000o\000n}{section.9}% 20
\BOOKMARK [1][-]{section.10}{\376\377\000S\000t\000o\000p\000\040\000a\000n\000d\000\040\000T\000h\000i\000n\000k\000:\000\040\000I\000n\000c\000r\000e\000m\000e\000n\000t\000a\000l\000\040\000C\000o\000r\000r\000e\000c\000t\000n\000e\000s\000s}{}% 21
\BOOKMARK [2][-]{subsection.10.1}{\376\377\000M\000o\000d\000e\000l\000i\000n\000g\000\040\000t\000h\000e\000\040\000P\000r\000o\000b\000l\000e\000m}{section.10}% 22
\BOOKMARK [2][-]{subsection.10.2}{\376\377\000C\000o\000m\000b\000i\000n\000a\000t\000o\000r\000i\000a\000l\000\040\000O\000b\000j\000e\000c\000t\000s}{section.10}% 23
\BOOKMARK [2][-]{subsection.10.3}{\376\377\000R\000e\000c\000u\000r\000s\000i\000v\000e\000\040\000O\000b\000j\000e\000c\000t\000s}{section.10}% 24
\BOOKMARK [2][-]{subsection.10.4}{\376\377\000P\000r\000o\000o\000f\000\040\000b\000y\000\040\000C\000o\000n\000t\000r\000a\000d\000i\000c\000t\000i\000o\000n}{section.10}% 25
\BOOKMARK [2][-]{subsection.10.5}{\376\377\000A\000b\000o\000u\000t\000\040\000t\000h\000e\000\040\000W\000a\000r\000\040\000S\000t\000o\000r\000i\000e\000s}{section.10}% 26
\BOOKMARK [2][-]{subsection.10.6}{\376\377\000W\000a\000r\000\040\000S\000t\000o\000r\000y\000:\000\040\000P\000s\000y\000c\000h\000i\000c\000\040\000M\000o\000d\000e\000l\000i\000n\000g}{section.10}% 27
\BOOKMARK [2][-]{subsection.10.7}{\376\377\000E\000s\000t\000i\000m\000a\000t\000i\000o\000n}{section.10}% 28
\BOOKMARK [1][-]{section.11}{\376\377\000C\000h\000a\000p\000t\000e\000r\000\040\000N\000o\000t\000e\000s}{}% 29
\BOOKMARK [1][-]{section.12}{\376\377\000F\000i\000n\000d\000i\000n\000g\000\040\000C\000o\000u\000n\000t\000e\000r\000e\000x\000a\000m\000p\000l\000e\000s}{}% 30
\BOOKMARK [1][-]{section.13}{\376\377\000P\000r\000o\000o\000f\000s\000\040\000o\000f\000\040\000C\000o\000r\000r\000e\000c\000t\000n\000e\000s\000s}{}% 31
\BOOKMARK [1][-]{section.14}{\376\377\000I\000n\000d\000u\000c\000t\000i\000o\000n}{}% 32
\BOOKMARK [1][-]{section.15}{\376\377\000E\000s\000t\000i\000m\000a\000t\000i\000o\000n}{}% 33
\BOOKMARK [1][-]{section.16}{\376\377\000I\000m\000p\000l\000e\000m\000e\000n\000t\000a\000t\000i\000o\000n\000\040\000P\000r\000o\000j\000e\000c\000t\000s}{}% 34
\BOOKMARK [1][-]{section.17}{\376\377\000I\000n\000t\000e\000r\000v\000i\000e\000w\000\040\000P\000r\000o\000b\000l\000e\000m\000s}{}% 35
\BOOKMARK [1][-]{section.18}{\376\377\000L\000e\000e\000t\000C\000o\000d\000e}{}% 36
\BOOKMARK [1][-]{section.19}{\376\377\000H\000a\000c\000k\000e\000r\000R\000a\000n\000k}{}% 37
\BOOKMARK [1][-]{section.20}{\376\377\000P\000r\000o\000g\000r\000a\000m\000m\000i\000n\000g\000\040\000C\000h\000a\000l\000l\000e\000n\000g\000e\000s}{}% 38
\BOOKMARK [1][-]{section.21}{\376\377\000A\000l\000g\000o\000r\000i\000t\000h\000m\000\040\000A\000n\000a\000l\000y\000s\000i\000s}{}% 39
\BOOKMARK [2][-]{subsection.21.1}{\376\377\000T\000h\000e\000\040\000R\000A\000M\000\040\000M\000o\000d\000e\000l\000\040\000o\000f\000\040\000C\000o\000m\000p\000u\000t\000a\000t\000i\000o\000n}{section.21}% 40
\BOOKMARK [2][-]{subsection.21.2}{\376\377\000B\000e\000s\000t\000-\000C\000a\000s\000e\000,\000\040\000W\000o\000r\000s\000t\000-\000C\000a\000s\000e\000,\000\040\000a\000n\000d\000\040\000A\000v\000e\000r\000a\000g\000e\000-\000C\000a\000s\000e\000\040\000C\000o\000m\000p\000l\000e\000x\000i\000t\000y}{section.21}% 41
\BOOKMARK [2][-]{subsection.21.3}{\376\377\000T\000h\000e\000\040\000B\000i\000g\000\040\000O\000h\000\040\000N\000o\000t\000a\000t\000i\000o\000n}{section.21}% 42
\BOOKMARK [1][-]{section.22}{\376\377\000S\000t\000o\000p\000\040\000a\000n\000d\000\040\000T\000h\000i\000n\000k\000:\000\040\000B\000a\000c\000k\000\040\000t\000o\000\040\000t\000h\000e\000\040\000D\000e\000f\000i\000n\000i\000t\000i\000o\000n}{}% 43
\BOOKMARK [1][-]{section.23}{\376\377\000S\000t\000o\000p\000\040\000a\000n\000d\000\040\000T\000h\000i\000n\000k\000:\000\040\000H\000i\000p\000\040\000t\000o\000\040\000t\000h\000e\000\040\000S\000q\000u\000a\000r\000e\000s\000?}{}% 44
\BOOKMARK [2][-]{subsection.23.1}{\376\377\000G\000r\000o\000w\000t\000h\000\040\000R\000a\000t\000e\000s\000\040\000a\000n\000d\000\040\000D\000o\000m\000i\000n\000a\000n\000c\000e\000\040\000R\000e\000l\000a\000t\000i\000o\000n\000s}{section.23}% 45
\BOOKMARK [2][-]{subsection.23.2}{\376\377\000D\000o\000m\000i\000n\000a\000n\000c\000e\000\040\000R\000e\000l\000a\000t\000i\000o\000n\000s}{section.23}% 46
\BOOKMARK [2][-]{subsection.23.3}{\376\377\000W\000o\000r\000k\000i\000n\000g\000\040\000w\000i\000t\000h\000\040\000t\000h\000e\000\040\000B\000i\000g\000\040\000O\000h}{section.23}% 47
\BOOKMARK [2][-]{subsection.23.4}{\376\377\000A\000d\000d\000i\000n\000g\000\040\000F\000u\000n\000c\000t\000i\000o\000n\000s}{section.23}% 48
\BOOKMARK [2][-]{subsection.23.5}{\376\377\000M\000u\000l\000t\000i\000p\000l\000y\000i\000n\000g\000\040\000F\000u\000n\000c\000t\000i\000o\000n\000s}{section.23}% 49
\BOOKMARK [1][-]{section.24}{\376\377\000S\000t\000o\000p\000\040\000a\000n\000d\000\040\000T\000h\000i\000n\000k\000:\000\040\000T\000r\000a\000n\000s\000i\000t\000i\000v\000e\000\040\000E\000x\000p\000e\000r\000i\000e\000n\000c\000e}{}% 50
\BOOKMARK [2][-]{subsection.24.1}{\376\377\000R\000e\000a\000s\000o\000n\000i\000n\000g\000\040\000a\000b\000o\000u\000t\000\040\000E\000f\000f\000i\000c\000i\000e\000n\000c\000y}{section.24}% 51
\BOOKMARK [2][-]{subsection.24.2}{\376\377\000S\000e\000l\000e\000c\000t\000i\000o\000n\000\040\000S\000o\000r\000t}{section.24}% 52
\BOOKMARK [1][-]{section.25}{\376\377\000P\000r\000o\000v\000i\000n\000g\000\040\000t\000h\000e\000\040\000T\000h\000e\000t\000a}{}% 53
\BOOKMARK [2][-]{subsection.25.1}{\376\377\000I\000n\000s\000e\000r\000t\000i\000o\000n\000\040\000S\000o\000r\000t}{section.25}% 54
\BOOKMARK [1][-]{section.26}{\376\377\000P\000r\000o\000v\000i\000n\000g\000\040\000t\000h\000e\000\040\000T\000h\000e\000t\000a}{}% 55
\BOOKMARK [2][-]{subsection.26.1}{\376\377\000S\000t\000r\000i\000n\000g\000\040\000P\000a\000t\000t\000e\000r\000n\000\040\000M\000a\000t\000c\000h\000i\000n\000g}{section.26}% 56
\BOOKMARK [1][-]{section.27}{\376\377\000P\000r\000o\000b\000l\000e\000m\000:\000\040\000S\000u\000b\000s\000t\000r\000i\000n\000g\000\040\000P\000a\000t\000t\000e\000r\000n\000\040\000M\000a\000t\000c\000h\000i\000n\000g}{}% 57
\BOOKMARK [1][-]{section.28}{\376\377\000P\000r\000o\000v\000i\000n\000g\000\040\000t\000h\000e\000\040\000T\000h\000e\000t\000a}{}% 58
\BOOKMARK [2][-]{subsection.28.1}{\376\377\000M\000a\000t\000r\000i\000x\000\040\000M\000u\000l\000t\000i\000p\000l\000i\000c\000a\000t\000i\000o\000n}{section.28}% 59
\BOOKMARK [1][-]{section.29}{\376\377\000P\000r\000o\000b\000l\000e\000m\000:\000\040\000M\000a\000t\000r\000i\000x\000\040\000M\000u\000l\000t\000i\000p\000l\000i\000c\000a\000t\000i\000o\000n}{}% 60
\BOOKMARK [2][-]{subsection.29.1}{\376\377\000S\000u\000m\000m\000a\000t\000i\000o\000n\000s}{section.29}% 61
\BOOKMARK [1][-]{section.30}{\376\377\000S\000t\000o\000p\000\040\000a\000n\000d\000\040\000T\000h\000i\000n\000k\000:\000\040\000F\000a\000c\000t\000o\000r\000i\000a\000l\000\040\000F\000o\000r\000m\000u\000l\000a\000e}{}% 62
\BOOKMARK [2][-]{subsection.30.1}{\376\377\000L\000o\000g\000a\000r\000i\000t\000h\000m\000s\000\040\000a\000n\000d\000\040\000T\000h\000e\000i\000r\000\040\000A\000p\000p\000l\000i\000c\000a\000t\000i\000o\000n\000s}{section.30}% 63
\BOOKMARK [2][-]{subsection.30.2}{\376\377\000L\000o\000g\000a\000r\000i\000t\000h\000m\000s\000\040\000a\000n\000d\000\040\000B\000i\000n\000a\000r\000y\000\040\000S\000e\000a\000r\000c\000h}{section.30}% 64
\BOOKMARK [2][-]{subsection.30.3}{\376\377\000L\000o\000g\000a\000r\000i\000t\000h\000m\000s\000\040\000a\000n\000d\000\040\000T\000r\000e\000e\000s}{section.30}% 65
\BOOKMARK [2][-]{subsection.30.4}{\376\377\000L\000o\000g\000a\000r\000i\000t\000h\000m\000s\000\040\000a\000n\000d\000\040\000B\000i\000t\000s}{section.30}% 66
\BOOKMARK [2][-]{subsection.30.5}{\376\377\000L\000o\000g\000a\000r\000i\000t\000h\000m\000s\000\040\000a\000n\000d\000\040\000M\000u\000l\000t\000i\000p\000l\000i\000c\000a\000t\000i\000o\000n}{section.30}% 67
\BOOKMARK [2][-]{subsection.30.6}{\376\377\000F\000a\000s\000t\000\040\000E\000x\000p\000o\000n\000e\000n\000t\000i\000a\000t\000i\000o\000n}{section.30}% 68
\BOOKMARK [2][-]{subsection.30.7}{\376\377\000L\000o\000g\000a\000r\000i\000t\000h\000m\000s\000\040\000a\000n\000d\000\040\000S\000u\000m\000m\000a\000t\000i\000o\000n\000s}{section.30}% 69
\BOOKMARK [2][-]{subsection.30.8}{\376\377\000L\000o\000g\000a\000r\000i\000t\000h\000m\000s\000\040\000a\000n\000d\000\040\000C\000r\000i\000m\000i\000n\000a\000l\000\040\000J\000u\000s\000t\000i\000c\000e}{section.30}% 70
\BOOKMARK [2][-]{subsection.30.9}{\376\377\000P\000r\000o\000p\000e\000r\000t\000i\000e\000s\000\040\000o\000f\000\040\000L\000o\000g\000a\000r\000i\000t\000h\000m\000s}{section.30}% 71
\BOOKMARK [1][-]{section.31}{\376\377\000S\000t\000o\000p\000\040\000a\000n\000d\000\040\000T\000h\000i\000n\000k\000:\000\040\000I\000m\000p\000o\000r\000t\000a\000n\000c\000e\000\040\000o\000f\000\040\000a\000n\000\040\000E\000v\000e\000n\000\040\000S\000p\000l\000i\000t}{}% 72
\BOOKMARK [2][-]{subsection.31.1}{\376\377\000W\000a\000r\000\040\000S\000t\000o\000r\000y\000:\000\040\000M\000y\000s\000t\000e\000r\000y\000\040\000o\000f\000\040\000t\000h\000e\000\040\000P\000y\000r\000a\000m\000i\000d\000s}{section.31}% 73
\BOOKMARK [2][-]{subsection.31.2}{\376\377\000A\000d\000v\000a\000n\000c\000e\000d\000\040\000A\000n\000a\000l\000y\000s\000i\000s\000\040\000\050\000*\000\051}{section.31}% 74
\BOOKMARK [2][-]{subsection.31.3}{\376\377\000E\000s\000o\000t\000e\000r\000i\000c\000\040\000F\000u\000n\000c\000t\000i\000o\000n\000s}{section.31}% 75
\BOOKMARK [2][-]{subsection.31.4}{\376\377\000L\000i\000m\000i\000t\000s\000\040\000a\000n\000d\000\040\000D\000o\000m\000i\000n\000a\000n\000c\000e\000\040\000R\000e\000l\000a\000t\000i\000o\000n\000s}{section.31}% 76
\BOOKMARK [1][-]{section.32}{\376\377\000C\000h\000a\000p\000t\000e\000r\000\040\000N\000o\000t\000e\000s}{}% 77
\BOOKMARK [1][-]{section.33}{\376\377\000P\000r\000o\000g\000r\000a\000m\000\040\000A\000n\000a\000l\000y\000s\000i\000s}{}% 78
\BOOKMARK [1][-]{section.34}{\376\377\000B\000i\000g\000\040\000O\000h}{}% 79
\BOOKMARK [1][-]{section.35}{\376\377\000S\000u\000m\000m\000a\000t\000i\000o\000n\000s}{}% 80
\BOOKMARK [1][-]{section.36}{\376\377\000L\000o\000g\000a\000r\000i\000t\000h\000m\000s}{}% 81
\BOOKMARK [1][-]{section.37}{\376\377\000I\000n\000t\000e\000r\000v\000i\000e\000w\000\040\000P\000r\000o\000b\000l\000e\000m\000s}{}% 82
\BOOKMARK [1][-]{section.38}{\376\377\000L\000e\000e\000t\000C\000o\000d\000e}{}% 83
\BOOKMARK [1][-]{section.39}{\376\377\000H\000a\000c\000k\000e\000r\000R\000a\000n\000k}{}% 84
\BOOKMARK [1][-]{section.40}{\376\377\000P\000r\000o\000g\000r\000a\000m\000m\000i\000n\000g\000\040\000C\000h\000a\000l\000l\000e\000n\000g\000e\000s}{}% 85
\BOOKMARK [1][-]{section.41}{\376\377\000D\000a\000t\000a\000\040\000S\000t\000r\000u\000c\000t\000u\000r\000e\000s}{}% 86
\BOOKMARK [2][-]{subsection.41.1}{\376\377\000C\000o\000n\000t\000i\000g\000u\000o\000u\000s\000\040\000v\000s\000.\000\040\000L\000i\000n\000k\000e\000d\000\040\000D\000a\000t\000a\000\040\000S\000t\000r\000u\000c\000t\000u\000r\000e\000s}{section.41}% 87
\BOOKMARK [2][-]{subsection.41.2}{\376\377\000A\000r\000r\000a\000y\000s}{section.41}% 88
\BOOKMARK [2][-]{subsection.41.3}{\376\377\000P\000o\000i\000n\000t\000e\000r\000s\000\040\000a\000n\000d\000\040\000L\000i\000n\000k\000e\000d\000\040\000S\000t\000r\000u\000c\000t\000u\000r\000e\000s}{section.41}% 89
\BOOKMARK [1][-]{section.42}{\376\377\000S\000e\000a\000r\000c\000h\000i\000n\000g\000\040\000a\000\040\000L\000i\000s\000t}{}% 90
\BOOKMARK [1][-]{section.43}{\376\377\000I\000n\000s\000e\000r\000t\000i\000o\000n\000\040\000i\000n\000t\000o\000\040\000a\000\040\000L\000i\000s\000t}{}% 91
\BOOKMARK [1][-]{section.44}{\376\377\000D\000e\000l\000e\000t\000i\000o\000n\000\040\000F\000r\000o\000m\000\040\000a\000\040\000L\000i\000s\000t}{}% 92
\BOOKMARK [2][-]{subsection.44.1}{\376\377\000C\000o\000m\000p\000a\000r\000i\000s\000o\000n}{section.44}% 93
\BOOKMARK [2][-]{subsection.44.2}{\376\377\000C\000o\000n\000t\000a\000i\000n\000e\000r\000s\000:\000\040\000S\000t\000a\000c\000k\000s\000\040\000a\000n\000d\000\040\000Q\000u\000e\000u\000e\000s}{section.44}% 94
\BOOKMARK [2][-]{subsection.44.3}{\376\377\000D\000i\000c\000t\000i\000o\000n\000a\000r\000i\000e\000s}{section.44}% 95
\BOOKMARK [1][-]{section.45}{\376\377\000S\000t\000o\000p\000\040\000a\000n\000d\000\040\000T\000h\000i\000n\000k\000:\000\040\000C\000o\000m\000p\000a\000r\000i\000n\000g\000\040\000D\000i\000c\000t\000i\000o\000n\000a\000r\000y\000\040\000I\000m\000p\000l\000e\000m\000e\000n\000t\000a\000t\000i\000o\000n\000s\000\040\000\050\000I\000\051}{}% 96
\BOOKMARK [1][-]{section.46}{\376\377\000S\000t\000o\000p\000\040\000a\000n\000d\000\040\000T\000h\000i\000n\000k\000:\000\040\000C\000o\000m\000p\000a\000r\000i\000n\000g\000\040\000D\000i\000c\000t\000i\000o\000n\000a\000r\000y\000\040\000I\000m\000p\000l\000e\000m\000e\000n\000t\000a\000t\000i\000o\000n\000s\000\040\000\050\000I\000I\000\051}{}% 97
\BOOKMARK [2][-]{subsection.46.1}{\376\377\000B\000i\000n\000a\000r\000y\000\040\000S\000e\000a\000r\000c\000h\000\040\000T\000r\000e\000e\000s}{section.46}% 98
\BOOKMARK [2][-]{subsection.46.2}{\376\377\000I\000m\000p\000l\000e\000m\000e\000n\000t\000i\000n\000g\000\040\000B\000i\000n\000a\000r\000y\000\040\000S\000e\000a\000r\000c\000h\000\040\000T\000r\000e\000e\000s}{section.46}% 99
\BOOKMARK [1][-]{section.47}{\376\377\000S\000e\000a\000r\000c\000h\000i\000n\000g\000\040\000i\000n\000\040\000a\000\040\000T\000r\000e\000e}{}% 100
\BOOKMARK [1][-]{section.48}{\376\377\000F\000i\000n\000d\000i\000n\000g\000\040\000M\000i\000n\000i\000m\000u\000m\000\040\000a\000n\000d\000\040\000M\000a\000x\000i\000m\000u\000m\000\040\000E\000l\000e\000m\000e\000n\000t\000s\000\040\000i\000n\000\040\000a\000\040\000T\000r\000e\000e}{}% 101
\BOOKMARK [1][-]{section.49}{\376\377\000T\000r\000a\000v\000e\000r\000s\000a\000l\000\040\000i\000n\000\040\000a\000\040\000T\000r\000e\000e}{}% 102
\BOOKMARK [1][-]{section.50}{\376\377\000I\000n\000s\000e\000r\000t\000i\000o\000n\000\040\000i\000n\000\040\000a\000\040\000T\000r\000e\000e}{}% 103
\BOOKMARK [1][-]{section.51}{\376\377\000D\000e\000l\000e\000t\000i\000o\000n\000\040\000f\000r\000o\000m\000\040\000a\000\040\000T\000r\000e\000e}{}% 104
\BOOKMARK [2][-]{subsection.51.1}{\376\377\000H\000o\000w\000\040\000G\000o\000o\000d\000\040\000a\000r\000e\000\040\000B\000i\000n\000a\000r\000y\000\040\000S\000e\000a\000r\000c\000h\000\040\000T\000r\000e\000e\000s\000?}{section.51}% 105
\BOOKMARK [2][-]{subsection.51.2}{\376\377\000B\000a\000l\000a\000n\000c\000e\000d\000\040\000S\000e\000a\000r\000c\000h\000\040\000T\000r\000e\000e\000s}{section.51}% 106
\BOOKMARK [1][-]{section.52}{\376\377\000S\000t\000o\000p\000\040\000a\000n\000d\000\040\000T\000h\000i\000n\000k\000:\000\040\000E\000x\000p\000l\000o\000i\000t\000i\000n\000g\000\040\000B\000a\000l\000a\000n\000c\000e\000d\000\040\000S\000e\000a\000r\000c\000h\000\040\000T\000r\000e\000e\000s}{}% 107
\BOOKMARK [2][-]{subsection.52.1}{\376\377\000P\000r\000i\000o\000r\000i\000t\000y\000\040\000Q\000u\000e\000u\000e\000s}{section.52}% 108
\BOOKMARK [1][-]{section.53}{\376\377\000S\000t\000o\000p\000\040\000a\000n\000d\000\040\000T\000h\000i\000n\000k\000:\000\040\000B\000a\000s\000i\000c\000\040\000P\000r\000i\000o\000r\000i\000t\000y\000\040\000Q\000u\000e\000u\000e\000\040\000I\000m\000p\000l\000e\000m\000e\000n\000t\000a\000t\000i\000o\000n\000s}{}% 109
\BOOKMARK [2][-]{subsection.53.1}{\376\377\000W\000a\000r\000\040\000S\000t\000o\000r\000y\000:\000\040\000S\000t\000r\000i\000p\000p\000i\000n\000g\000\040\000T\000r\000i\000a\000n\000g\000u\000l\000a\000t\000i\000o\000n\000s}{section.53}% 110
\BOOKMARK [2][-]{subsection.53.2}{\376\377\000H\000a\000s\000h\000i\000n\000g}{section.53}% 111
\BOOKMARK [2][-]{subsection.53.3}{\376\377\000C\000o\000l\000l\000i\000s\000i\000o\000n\000\040\000R\000e\000s\000o\000l\000u\000t\000i\000o\000n}{section.53}% 112
\BOOKMARK [2][-]{subsection.53.4}{\376\377\000D\000u\000p\000l\000i\000c\000a\000t\000e\000\040\000D\000e\000t\000e\000c\000t\000i\000o\000n\000\040\000v\000i\000a\000\040\000H\000a\000s\000h\000i\000n\000g}{section.53}% 113
\BOOKMARK [2][-]{subsection.53.5}{\376\377\000O\000t\000h\000e\000r\000\040\000H\000a\000s\000h\000i\000n\000g\000\040\000T\000r\000i\000c\000k\000s}{section.53}% 114
\BOOKMARK [2][-]{subsection.53.6}{\376\377\000C\000a\000n\000o\000n\000i\000c\000a\000l\000i\000z\000a\000t\000i\000o\000n}{section.53}% 115
\BOOKMARK [2][-]{subsection.53.7}{\376\377\000C\000o\000m\000p\000a\000c\000t\000i\000o\000n}{section.53}% 116
\BOOKMARK [2][-]{subsection.53.8}{\376\377\000S\000p\000e\000c\000i\000a\000l\000i\000z\000e\000d\000\040\000D\000a\000t\000a\000\040\000S\000t\000r\000u\000c\000t\000u\000r\000e\000s}{section.53}% 117
\BOOKMARK [2][-]{subsection.53.9}{\376\377\000W\000a\000r\000\040\000S\000t\000o\000r\000y\000:\000\040\000S\000t\000r\000i\000n\000g\000\040\000'\000e\000m\000\040\000U\000p}{section.53}% 118
\BOOKMARK [1][-]{section.54}{\376\377\000C\000h\000a\000p\000t\000e\000r\000\040\000N\000o\000t\000e\000s}{}% 119
\BOOKMARK [1][-]{section.55}{\376\377\000S\000t\000a\000c\000k\000s\000,\000\040\000Q\000u\000e\000u\000e\000s\000,\000\040\000a\000n\000d\000\040\000L\000i\000s\000t\000s}{}% 120
\BOOKMARK [1][-]{section.56}{\376\377\000E\000l\000e\000m\000e\000n\000t\000a\000r\000y\000\040\000D\000a\000t\000a\000\040\000S\000t\000r\000u\000c\000t\000u\000r\000e\000s}{}% 121
\BOOKMARK [1][-]{section.57}{\376\377\000T\000r\000e\000e\000s\000\040\000a\000n\000d\000\040\000O\000t\000h\000e\000r\000\040\000D\000i\000c\000t\000i\000o\000n\000a\000r\000y\000\040\000S\000t\000r\000u\000c\000t\000u\000r\000e\000s}{}% 122
\BOOKMARK [1][-]{section.58}{\376\377\000A\000p\000p\000l\000i\000c\000a\000t\000i\000o\000n\000s\000\040\000o\000f\000\040\000T\000r\000e\000e\000\040\000S\000t\000r\000u\000c\000t\000u\000r\000e\000s}{}% 123
\BOOKMARK [1][-]{section.59}{\376\377\000I\000m\000p\000l\000e\000m\000e\000n\000t\000a\000t\000i\000o\000n\000\040\000P\000r\000o\000j\000e\000c\000t\000s}{}% 124
\BOOKMARK [1][-]{section.60}{\376\377\000I\000n\000t\000e\000r\000v\000i\000e\000w\000\040\000P\000r\000o\000b\000l\000e\000m\000s}{}% 125
\BOOKMARK [1][-]{section.61}{\376\377\000L\000e\000e\000t\000C\000o\000d\000e}{}% 126
\BOOKMARK [1][-]{section.62}{\376\377\000H\000a\000c\000k\000e\000r\000R\000a\000n\000k}{}% 127
\BOOKMARK [1][-]{section.63}{\376\377\000P\000r\000o\000g\000r\000a\000m\000m\000i\000n\000g\000\040\000C\000h\000a\000l\000l\000e\000n\000g\000e\000s}{}% 128
\BOOKMARK [1][-]{section.64}{\376\377\000S\000o\000r\000t\000i\000n\000g}{}% 129
\BOOKMARK [2][-]{subsection.64.1}{\376\377\000A\000p\000p\000l\000i\000c\000a\000t\000i\000o\000n\000s\000\040\000o\000f\000\040\000S\000o\000r\000t\000i\000n\000g}{section.64}% 130
\BOOKMARK [1][-]{section.65}{\376\377\000S\000t\000o\000p\000\040\000a\000n\000d\000\040\000T\000h\000i\000n\000k\000:\000\040\000F\000i\000n\000d\000i\000n\000g\000\040\000t\000h\000e\000\040\000I\000n\000t\000e\000r\000s\000e\000c\000t\000i\000o\000n}{}% 131
\BOOKMARK [1][-]{section.66}{\376\377\000S\000t\000o\000p\000\040\000a\000n\000d\000\040\000T\000h\000i\000n\000k\000:\000\040\000M\000a\000k\000i\000n\000g\000\040\000a\000\040\000H\000a\000s\000h\000\040\000o\000f\000\040\000t\000h\000e\000\040\000P\000r\000o\000b\000l\000e\000m\000?}{}% 132
\BOOKMARK [2][-]{subsection.66.1}{\376\377\000P\000r\000a\000g\000m\000a\000t\000i\000c\000s\000\040\000o\000f\000\040\000S\000o\000r\000t\000i\000n\000g}{section.66}% 133
\BOOKMARK [2][-]{subsection.66.2}{\376\377\000H\000e\000a\000p\000s\000o\000r\000t\000:\000\040\000F\000a\000s\000t\000\040\000S\000o\000r\000t\000i\000n\000g\000\040\000v\000i\000a\000\040\000D\000a\000t\000a\000\040\000S\000t\000r\000u\000c\000t\000u\000r\000e\000s}{section.66}% 134
\BOOKMARK [2][-]{subsection.66.3}{\376\377\000H\000e\000a\000p\000s}{section.66}% 135
\BOOKMARK [1][-]{section.67}{\376\377\000S\000t\000o\000p\000\040\000a\000n\000d\000\040\000T\000h\000i\000n\000k\000:\000\040\000W\000h\000o\000'\000s\000\040\000W\000h\000e\000r\000e\000\040\000i\000n\000\040\000t\000h\000e\000\040\000H\000e\000a\000p\000?}{}% 136
\BOOKMARK [2][-]{subsection.67.1}{\376\377\000C\000o\000n\000s\000t\000r\000u\000c\000t\000i\000n\000g\000\040\000H\000e\000a\000p\000s}{section.67}% 137
\BOOKMARK [2][-]{subsection.67.2}{\376\377\000E\000x\000t\000r\000a\000c\000t\000i\000n\000g\000\040\000t\000h\000e\000\040\000M\000i\000n\000i\000m\000u\000m}{section.67}% 138
\BOOKMARK [2][-]{subsection.67.3}{\376\377\000F\000a\000s\000t\000e\000r\000\040\000H\000e\000a\000p\000\040\000C\000o\000n\000s\000t\000r\000u\000c\000t\000i\000o\000n\000\040\000\050\000*\000\051}{section.67}% 139
\BOOKMARK [1][-]{section.68}{\376\377\000S\000t\000o\000p\000\040\000a\000n\000d\000\040\000T\000h\000i\000n\000k\000:\000\040\000W\000h\000e\000r\000e\000\040\000i\000n\000\040\000t\000h\000e\000\040\000H\000e\000a\000p\000?}{}% 140
\BOOKMARK [2][-]{subsection.68.1}{\376\377\000S\000o\000r\000t\000i\000n\000g\000\040\000b\000y\000\040\000I\000n\000c\000r\000e\000m\000e\000n\000t\000a\000l\000\040\000I\000n\000s\000e\000r\000t\000i\000o\000n}{section.68}% 141
\BOOKMARK [2][-]{subsection.68.2}{\376\377\000W\000a\000r\000\040\000S\000t\000o\000r\000y\000:\000\040\000G\000i\000v\000e\000\040\000m\000e\000\040\000a\000\040\000T\000i\000c\000k\000e\000t\000\040\000o\000n\000\040\000a\000n\000\040\000A\000i\000r\000p\000l\000a\000n\000e}{section.68}% 142
\BOOKMARK [2][-]{subsection.68.3}{\376\377\000M\000e\000r\000g\000e\000s\000o\000r\000t\000:\000\040\000S\000o\000r\000t\000i\000n\000g\000\040\000b\000y\000\040\000D\000i\000v\000i\000d\000e\000\040\000a\000n\000d\000\040\000C\000o\000n\000q\000u\000e\000r}{section.68}% 143
\BOOKMARK [1][-]{section.69}{\376\377\000I\000m\000p\000l\000e\000m\000e\000n\000t\000a\000t\000i\000o\000n}{}% 144
\BOOKMARK [2][-]{subsection.69.1}{\376\377\000Q\000u\000i\000c\000k\000s\000o\000r\000t\000:\000\040\000S\000o\000r\000t\000i\000n\000g\000\040\000b\000y\000\040\000R\000a\000n\000d\000o\000m\000i\000z\000a\000t\000i\000o\000n}{section.69}% 145
\BOOKMARK [2][-]{subsection.69.2}{\376\377\000I\000n\000t\000u\000i\000t\000i\000o\000n\000:\000\040\000T\000h\000e\000\040\000E\000x\000p\000e\000c\000t\000e\000d\000\040\000C\000a\000s\000e\000\040\000f\000o\000r\000\040\000Q\000u\000i\000c\000k\000s\000o\000r\000t}{section.69}% 146
\BOOKMARK [2][-]{subsection.69.3}{\376\377\000R\000a\000n\000d\000o\000m\000i\000z\000e\000d\000\040\000A\000l\000g\000o\000r\000i\000t\000h\000m\000s}{section.69}% 147
\BOOKMARK [1][-]{section.70}{\376\377\000S\000t\000o\000p\000\040\000a\000n\000d\000\040\000T\000h\000i\000n\000k\000:\000\040\000N\000u\000t\000s\000\040\000a\000n\000d\000\040\000B\000o\000l\000t\000s}{}% 148
\BOOKMARK [2][-]{subsection.70.1}{\376\377\000I\000s\000\040\000Q\000u\000i\000c\000k\000s\000o\000r\000t\000\040\000R\000e\000a\000l\000l\000y\000\040\000Q\000u\000i\000c\000k\000?}{section.70}% 149
\BOOKMARK [2][-]{subsection.70.2}{\376\377\000D\000i\000s\000t\000r\000i\000b\000u\000t\000i\000o\000n\000\040\000S\000o\000r\000t\000:\000\040\000S\000o\000r\000t\000i\000n\000g\000\040\000v\000i\000a\000\040\000B\000u\000c\000k\000e\000t\000i\000n\000g}{section.70}% 150
\BOOKMARK [2][-]{subsection.70.3}{\376\377\000L\000o\000w\000e\000r\000\040\000B\000o\000u\000n\000d\000s\000\040\000f\000o\000r\000\040\000S\000o\000r\000t\000i\000n\000g}{section.70}% 151
\BOOKMARK [2][-]{subsection.70.4}{\376\377\000W\000a\000r\000\040\000S\000t\000o\000r\000y\000:\000\040\000S\000k\000i\000e\000n\000a\000\040\000f\000o\000r\000\040\000t\000h\000e\000\040\000D\000e\000f\000e\000n\000s\000e}{section.70}% 152
\BOOKMARK [1][-]{section.71}{\376\377\000C\000h\000a\000p\000t\000e\000r\000\040\000N\000o\000t\000e\000s}{}% 153
\BOOKMARK [1][-]{section.72}{\376\377\000A\000p\000p\000l\000i\000c\000a\000t\000i\000o\000n\000s\000\040\000o\000f\000\040\000S\000o\000r\000t\000i\000n\000g\000:\000\040\000N\000u\000m\000b\000e\000r\000s}{}% 154
\BOOKMARK [1][-]{section.73}{\376\377\000A\000p\000p\000l\000i\000c\000a\000t\000i\000o\000n\000s\000\040\000o\000f\000\040\000S\000o\000r\000t\000i\000n\000g\000:\000\040\000I\000n\000t\000e\000r\000v\000a\000l\000s\000\040\000a\000n\000d\000\040\000S\000e\000t\000s}{}% 155
\BOOKMARK [1][-]{section.74}{\376\377\000H\000e\000a\000p\000s}{}% 156
\BOOKMARK [1][-]{section.75}{\376\377\000Q\000u\000i\000c\000k\000s\000o\000r\000t}{}% 157
\BOOKMARK [1][-]{section.76}{\376\377\000M\000e\000r\000g\000e\000s\000o\000r\000t}{}% 158
\BOOKMARK [1][-]{section.77}{\376\377\000O\000t\000h\000e\000r\000\040\000S\000o\000r\000t\000i\000n\000g\000\040\000A\000l\000g\000o\000r\000i\000t\000h\000m\000s}{}% 159
\BOOKMARK [1][-]{section.78}{\376\377\000L\000o\000w\000e\000r\000\040\000B\000o\000u\000n\000d\000s}{}% 160
\BOOKMARK [1][-]{section.79}{\376\377\000S\000e\000a\000r\000c\000h\000i\000n\000g}{}% 161
\BOOKMARK [1][-]{section.80}{\376\377\000I\000m\000p\000l\000e\000m\000e\000n\000t\000a\000t\000i\000o\000n\000\040\000C\000h\000a\000l\000l\000e\000n\000g\000e\000s}{}% 162
\BOOKMARK [1][-]{section.81}{\376\377\000I\000n\000t\000e\000r\000v\000i\000e\000w\000\040\000P\000r\000o\000b\000l\000e\000m\000s}{}% 163
\BOOKMARK [1][-]{section.82}{\376\377\000L\000e\000e\000t\000C\000o\000d\000e}{}% 164
\BOOKMARK [1][-]{section.83}{\376\377\000H\000a\000c\000k\000e\000r\000R\000a\000n\000k}{}% 165
\BOOKMARK [1][-]{section.84}{\376\377\000P\000r\000o\000g\000r\000a\000m\000m\000i\000n\000g\000\040\000C\000h\000a\000l\000l\000e\000n\000g\000e\000s}{}% 166
\BOOKMARK [1][-]{section.85}{\376\377\000D\000i\000v\000i\000d\000e\000\040\000a\000n\000d\000\040\000C\000o\000n\000q\000u\000e\000r}{}% 167
\BOOKMARK [2][-]{subsection.85.1}{\376\377\000B\000i\000n\000a\000r\000y\000\040\000S\000e\000a\000r\000c\000h\000\040\000a\000n\000d\000\040\000R\000e\000l\000a\000t\000e\000d\000\040\000A\000l\000g\000o\000r\000i\000t\000h\000m\000s}{section.85}% 168
\BOOKMARK [2][-]{subsection.85.2}{\376\377\000C\000o\000u\000n\000t\000i\000n\000g\000\040\000O\000c\000c\000u\000r\000r\000e\000n\000c\000e\000s}{section.85}% 169
\BOOKMARK [2][-]{subsection.85.3}{\376\377\000O\000n\000e\000-\000S\000i\000d\000e\000d\000\040\000B\000i\000n\000a\000r\000y\000\040\000S\000e\000a\000r\000c\000h}{section.85}% 170
\BOOKMARK [2][-]{subsection.85.4}{\376\377\000S\000q\000u\000a\000r\000e\000\040\000a\000n\000d\000\040\000O\000t\000h\000e\000r\000\040\000R\000o\000o\000t\000s}{section.85}% 171
\BOOKMARK [2][-]{subsection.85.5}{\376\377\000W\000a\000r\000\040\000S\000t\000o\000r\000y\000:\000\040\000F\000i\000n\000d\000i\000n\000g\000\040\000t\000h\000e\000\040\000B\000u\000g\000\040\000i\000n\000\040\000t\000h\000e\000\040\000B\000u\000g}{section.85}% 172
\BOOKMARK [2][-]{subsection.85.6}{\376\377\000R\000e\000c\000u\000r\000r\000e\000n\000c\000e\000\040\000R\000e\000l\000a\000t\000i\000o\000n\000s}{section.85}% 173
\BOOKMARK [2][-]{subsection.85.7}{\376\377\000D\000i\000v\000i\000d\000e\000-\000a\000n\000d\000-\000C\000o\000n\000q\000u\000e\000r\000\040\000R\000e\000c\000u\000r\000r\000e\000n\000c\000e\000s}{section.85}% 174
\BOOKMARK [2][-]{subsection.85.8}{\376\377\000S\000o\000l\000v\000i\000n\000g\000\040\000D\000i\000v\000i\000d\000e\000-\000a\000n\000d\000-\000C\000o\000n\000q\000u\000e\000r\000\040\000R\000e\000c\000u\000r\000r\000e\000n\000c\000e\000s}{section.85}% 175
\BOOKMARK [2][-]{subsection.85.9}{\376\377\000F\000a\000s\000t\000\040\000M\000u\000l\000t\000i\000p\000l\000i\000c\000a\000t\000i\000o\000n}{section.85}% 176
\BOOKMARK [2][-]{subsection.85.10}{\376\377\000L\000a\000r\000g\000e\000s\000t\000\040\000S\000u\000b\000r\000a\000n\000g\000e\000\040\000a\000n\000d\000\040\000C\000l\000o\000s\000e\000s\000t\000\040\000P\000a\000i\000r}{section.85}% 177
\BOOKMARK [2][-]{subsection.85.11}{\376\377\000P\000a\000r\000a\000l\000l\000e\000l\000\040\000A\000l\000g\000o\000r\000i\000t\000h\000m\000s}{section.85}% 178
\BOOKMARK [2][-]{subsection.85.12}{\376\377\000D\000a\000t\000a\000\040\000P\000a\000r\000a\000l\000l\000e\000l\000i\000s\000m}{section.85}% 179
\BOOKMARK [2][-]{subsection.85.13}{\376\377\000P\000i\000t\000f\000a\000l\000l\000s\000\040\000o\000f\000\040\000P\000a\000r\000a\000l\000l\000e\000l\000i\000s\000m}{section.85}% 180
\BOOKMARK [2][-]{subsection.85.14}{\376\377\000W\000a\000r\000\040\000S\000t\000o\000r\000y\000:\000\040\000G\000o\000i\000n\000g\000\040\000N\000o\000w\000h\000e\000r\000e\000\040\000F\000a\000s\000t}{section.85}% 181
\BOOKMARK [2][-]{subsection.85.15}{\376\377\000C\000o\000n\000v\000o\000l\000u\000t\000i\000o\000n\000\040\000\050\000*\000\051}{section.85}% 182
\BOOKMARK [2][-]{subsection.85.16}{\376\377\000A\000p\000p\000l\000i\000c\000a\000t\000i\000o\000n\000s\000\040\000o\000f\000\040\000C\000o\000n\000v\000o\000l\000u\000t\000i\000o\000n}{section.85}% 183
\BOOKMARK [2][-]{subsection.85.17}{\376\377\000F\000a\000s\000t\000\040\000P\000o\000l\000y\000n\000o\000m\000i\000a\000l\000\040\000M\000u\000l\000t\000i\000p\000l\000i\000c\000a\000t\000i\000o\000n\000\040\000\050\000*\000*\000\051}{section.85}% 184
\BOOKMARK [1][-]{section.86}{\376\377\000C\000h\000a\000p\000t\000e\000r\000\040\000N\000o\000t\000e\000s}{}% 185
\BOOKMARK [1][-]{section.87}{\376\377\000B\000i\000n\000a\000r\000y\000\040\000S\000e\000a\000r\000c\000h}{}% 186
\BOOKMARK [1][-]{section.88}{\376\377\000D\000i\000v\000i\000d\000e\000\040\000a\000n\000d\000\040\000C\000o\000n\000q\000u\000e\000r\000\040\000A\000l\000g\000o\000r\000i\000t\000h\000m\000s}{}% 187
\BOOKMARK [1][-]{section.89}{\376\377\000R\000e\000c\000u\000r\000r\000e\000n\000c\000e\000\040\000R\000e\000l\000a\000t\000i\000o\000n\000s}{}% 188
\BOOKMARK [1][-]{section.90}{\376\377\000L\000e\000e\000t\000C\000o\000d\000e}{}% 189
\BOOKMARK [1][-]{section.91}{\376\377\000H\000a\000c\000k\000e\000r\000R\000a\000n\000k}{}% 190
\BOOKMARK [1][-]{section.92}{\376\377\000P\000r\000o\000g\000r\000a\000m\000m\000i\000n\000g\000\040\000C\000h\000a\000l\000l\000e\000n\000g\000e\000s}{}% 191
\BOOKMARK [1][-]{section.93}{\376\377\000H\000a\000s\000h\000i\000n\000g\000\040\000a\000n\000d\000\040\000R\000a\000n\000d\000o\000m\000i\000z\000e\000d\000\040\000A\000l\000g\000o\000r\000i\000t\000h\000m\000s}{}% 192
\BOOKMARK [1][-]{section.94}{\376\377\000S\000t\000o\000p\000\040\000a\000n\000d\000\040\000T\000h\000i\000n\000k\000:\000\040\000Q\000u\000i\000c\000k\000s\000o\000r\000t\000\040\000C\000i\000t\000y}{}% 193
\BOOKMARK [2][-]{subsection.94.1}{\376\377\000P\000r\000o\000b\000a\000b\000i\000l\000i\000t\000y\000\040\000R\000e\000v\000i\000e\000w}{section.94}% 194
\BOOKMARK [2][-]{subsection.94.2}{\376\377\000P\000r\000o\000b\000a\000b\000i\000l\000i\000t\000y}{section.94}% 195
\BOOKMARK [2][-]{subsection.94.3}{\376\377\000C\000o\000m\000p\000o\000u\000n\000d\000\040\000E\000v\000e\000n\000t\000s\000\040\000a\000n\000d\000\040\000I\000n\000d\000e\000p\000e\000n\000d\000e\000n\000c\000e}{section.94}% 196
\BOOKMARK [2][-]{subsection.94.4}{\376\377\000C\000o\000n\000d\000i\000t\000i\000o\000n\000a\000l\000\040\000P\000r\000o\000b\000a\000b\000i\000l\000i\000t\000y}{section.94}% 197
\BOOKMARK [2][-]{subsection.94.5}{\376\377\000P\000r\000o\000b\000a\000b\000i\000l\000i\000t\000y\000\040\000D\000i\000s\000t\000r\000i\000b\000u\000t\000i\000o\000n\000s}{section.94}% 198
\BOOKMARK [2][-]{subsection.94.6}{\376\377\000M\000e\000a\000n\000\040\000a\000n\000d\000\040\000V\000a\000r\000i\000a\000n\000c\000e}{section.94}% 199
\BOOKMARK [2][-]{subsection.94.7}{\376\377\000T\000o\000s\000s\000i\000n\000g\000\040\000C\000o\000i\000n\000s}{section.94}% 200
\BOOKMARK [1][-]{section.95}{\376\377\000S\000t\000o\000p\000\040\000a\000n\000d\000\040\000T\000h\000i\000n\000k\000:\000\040\000R\000a\000n\000d\000o\000m\000\040\000W\000a\000l\000k\000s\000\040\000o\000n\000\040\000a\000\040\000P\000a\000t\000h}{}% 201
\BOOKMARK [2][-]{subsection.95.1}{\376\377\000U\000n\000d\000e\000r\000s\000t\000a\000n\000d\000i\000n\000g\000\040\000B\000a\000l\000l\000s\000\040\000a\000n\000d\000\040\000B\000i\000n\000s}{section.95}% 202
\BOOKMARK [2][-]{subsection.95.2}{\376\377\000T\000h\000e\000\040\000C\000o\000u\000p\000o\000n\000\040\000C\000o\000l\000l\000e\000c\000t\000o\000r\000'\000s\000\040\000P\000r\000o\000b\000l\000e\000m}{section.95}% 203
\BOOKMARK [1][-]{section.96}{\376\377\000S\000t\000o\000p\000\040\000a\000n\000d\000\040\000T\000h\000i\000n\000k\000:\000\040\000C\000o\000v\000e\000r\000i\000n\000g\000\040\000T\000i\000m\000e\000\040\000f\000o\000r\000\040\000K\000n}{}% 204
\BOOKMARK [2][-]{subsection.96.1}{\376\377\000W\000h\000y\000\040\000i\000s\000\040\000H\000a\000s\000h\000i\000n\000g\000\040\000a\000\040\000R\000a\000n\000d\000o\000m\000i\000z\000e\000d\000\040\000A\000l\000g\000o\000r\000i\000t\000h\000m\000?}{section.96}% 205
\BOOKMARK [2][-]{subsection.96.2}{\376\377\000B\000l\000o\000o\000m\000\040\000F\000i\000l\000t\000e\000r\000s}{section.96}% 206
\BOOKMARK [2][-]{subsection.96.3}{\376\377\000T\000h\000e\000\040\000B\000i\000r\000t\000h\000d\000a\000y\000\040\000P\000a\000r\000a\000d\000o\000x\000\040\000a\000n\000d\000\040\000P\000e\000r\000f\000e\000c\000t\000\040\000H\000a\000s\000h\000i\000n\000g}{section.96}% 207
\BOOKMARK [2][-]{subsection.96.4}{\376\377\000M\000i\000n\000w\000i\000s\000e\000\040\000H\000a\000s\000h\000i\000n\000g}{section.96}% 208
\BOOKMARK [1][-]{section.97}{\376\377\000S\000t\000o\000p\000\040\000a\000n\000d\000\040\000T\000h\000i\000n\000k\000:\000\040\000E\000s\000t\000i\000m\000a\000t\000i\000n\000g\000\040\000P\000o\000p\000u\000l\000a\000t\000i\000o\000n\000\040\000S\000i\000z\000e}{}% 209
\BOOKMARK [2][-]{subsection.97.1}{\376\377\000E\000f\000f\000i\000c\000i\000e\000n\000t\000\040\000S\000t\000r\000i\000n\000g\000\040\000M\000a\000t\000c\000h\000i\000n\000g}{section.97}% 210
\BOOKMARK [2][-]{subsection.97.2}{\376\377\000P\000r\000i\000m\000a\000l\000i\000t\000y\000\040\000T\000e\000s\000t\000i\000n\000g}{section.97}% 211
\BOOKMARK [2][-]{subsection.97.3}{\376\377\000W\000a\000r\000\040\000S\000t\000o\000r\000y\000:\000\040\000G\000i\000v\000i\000n\000g\000\040\000K\000n\000u\000t\000h\000\040\000t\000h\000e\000\040\000M\000i\000d\000d\000l\000e\000\040\000I\000n\000i\000t\000i\000a\000l}{section.97}% 212
\BOOKMARK [2][-]{subsection.97.4}{\376\377\000W\000h\000e\000r\000e\000\040\000d\000o\000\040\000R\000a\000n\000d\000o\000m\000\040\000N\000u\000m\000b\000e\000r\000s\000\040\000C\000o\000m\000e\000\040\000F\000r\000o\000m\000?}{section.97}% 213
\BOOKMARK [1][-]{section.98}{\376\377\000C\000h\000a\000p\000t\000e\000r\000\040\000N\000o\000t\000e\000s}{}% 214
\BOOKMARK [1][-]{section.99}{\376\377\000P\000r\000o\000b\000a\000b\000i\000l\000i\000t\000y}{}% 215
\BOOKMARK [1][-]{section.100}{\376\377\000H\000a\000s\000h\000i\000n\000g}{}% 216
\BOOKMARK [1][-]{section.101}{\376\377\000R\000a\000n\000d\000o\000m\000i\000z\000e\000d\000\040\000A\000l\000g\000o\000r\000i\000t\000h\000m\000s}{}% 217
\BOOKMARK [1][-]{section.102}{\376\377\000L\000e\000e\000t\000C\000o\000d\000e}{}% 218
\BOOKMARK [1][-]{section.103}{\376\377\000H\000a\000c\000k\000e\000r\000R\000a\000n\000k}{}% 219
\BOOKMARK [1][-]{section.104}{\376\377\000P\000r\000o\000g\000r\000a\000m\000m\000i\000n\000g\000\040\000C\000h\000a\000l\000l\000e\000n\000g\000e\000s}{}% 220
\BOOKMARK [1][-]{section.105}{\376\377\000G\000r\000a\000p\000h\000\040\000T\000r\000a\000v\000e\000r\000s\000a\000l}{}% 221
\BOOKMARK [2][-]{subsection.105.1}{\376\377\000F\000l\000a\000v\000o\000r\000s\000\040\000o\000f\000\040\000G\000r\000a\000p\000h\000s}{section.105}% 222
\BOOKMARK [2][-]{subsection.105.2}{\376\377\000T\000h\000e\000\040\000F\000r\000i\000e\000n\000d\000s\000h\000i\000p\000\040\000G\000r\000a\000p\000h}{section.105}% 223
\BOOKMARK [2][-]{subsection.105.3}{\376\377\000D\000a\000t\000a\000\040\000S\000t\000r\000u\000c\000t\000u\000r\000e\000s\000\040\000f\000o\000r\000\040\000G\000r\000a\000p\000h\000s}{section.105}% 224
\BOOKMARK [2][-]{subsection.105.4}{\376\377\000W\000a\000r\000\040\000S\000t\000o\000r\000y\000:\000\040\000I\000\040\000w\000a\000s\000\040\000a\000\040\000V\000i\000c\000t\000i\000m\000\040\000o\000f\000\040\000M\000o\000o\000r\000e\000'\000s\000\040\000L\000a\000w}{section.105}% 225
\BOOKMARK [2][-]{subsection.105.5}{\376\377\000W\000a\000r\000\040\000S\000t\000o\000r\000y\000:\000\040\000G\000e\000t\000t\000i\000n\000g\000\040\000t\000h\000e\000\040\000G\000r\000a\000p\000h}{section.105}% 226
\BOOKMARK [2][-]{subsection.105.6}{\376\377\000T\000r\000a\000v\000e\000r\000s\000i\000n\000g\000\040\000a\000\040\000G\000r\000a\000p\000h}{section.105}% 227
\BOOKMARK [2][-]{subsection.105.7}{\376\377\000B\000r\000e\000a\000d\000t\000h\000-\000F\000i\000r\000s\000t\000\040\000S\000e\000a\000r\000c\000h}{section.105}% 228
\BOOKMARK [1][-]{section.106}{\376\377\000I\000m\000p\000l\000e\000m\000e\000n\000t\000a\000t\000i\000o\000n}{}% 229
\BOOKMARK [2][-]{subsection.106.1}{\376\377\000E\000x\000p\000l\000o\000i\000t\000i\000n\000g\000\040\000T\000r\000a\000v\000e\000r\000s\000a\000l}{section.106}% 230
\BOOKMARK [2][-]{subsection.106.2}{\376\377\000F\000i\000n\000d\000i\000n\000g\000\040\000P\000a\000t\000h\000s}{section.106}% 231
\BOOKMARK [2][-]{subsection.106.3}{\376\377\000A\000p\000p\000l\000i\000c\000a\000t\000i\000o\000n\000s\000\040\000o\000f\000\040\000B\000r\000e\000a\000d\000t\000h\000-\000F\000i\000r\000s\000t\000\040\000S\000e\000a\000r\000c\000h}{section.106}% 232
\BOOKMARK [2][-]{subsection.106.4}{\376\377\000C\000o\000n\000n\000e\000c\000t\000e\000d\000\040\000C\000o\000m\000p\000o\000n\000e\000n\000t\000s}{section.106}% 233
\BOOKMARK [2][-]{subsection.106.5}{\376\377\000T\000w\000o\000-\000C\000o\000l\000o\000r\000i\000n\000g\000\040\000G\000r\000a\000p\000h\000s}{section.106}% 234
\BOOKMARK [2][-]{subsection.106.6}{\376\377\000D\000e\000p\000t\000h\000-\000F\000i\000r\000s\000t\000\040\000S\000e\000a\000r\000c\000h}{section.106}% 235
\BOOKMARK [1][-]{section.107}{\376\377\000I\000m\000p\000l\000e\000m\000e\000n\000t\000a\000t\000i\000o\000n}{}% 236
\BOOKMARK [2][-]{subsection.107.1}{\376\377\000A\000p\000p\000l\000i\000c\000a\000t\000i\000o\000n\000s\000\040\000o\000f\000\040\000D\000e\000p\000t\000h\000-\000F\000i\000r\000s\000t\000\040\000S\000e\000a\000r\000c\000h}{section.107}% 237
\BOOKMARK [2][-]{subsection.107.2}{\376\377\000F\000i\000n\000d\000i\000n\000g\000\040\000C\000y\000c\000l\000e\000s}{section.107}% 238
\BOOKMARK [2][-]{subsection.107.3}{\376\377\000A\000r\000t\000i\000c\000u\000l\000a\000t\000i\000o\000n\000\040\000V\000e\000r\000t\000i\000c\000e\000s}{section.107}% 239
\BOOKMARK [2][-]{subsection.107.4}{\376\377\000D\000e\000p\000t\000h\000-\000F\000i\000r\000s\000t\000\040\000S\000e\000a\000r\000c\000h\000\040\000o\000n\000\040\000D\000i\000r\000e\000c\000t\000e\000d\000\040\000G\000r\000a\000p\000h\000s}{section.107}% 240
\BOOKMARK [2][-]{subsection.107.5}{\376\377\000T\000o\000p\000o\000l\000o\000g\000i\000c\000a\000l\000\040\000S\000o\000r\000t\000i\000n\000g}{section.107}% 241
